Fetching 5-min bars (2025-09-19 → 2025-11-28) [alpaca]...
  [cache] loaded 20 tickers from cache
Fetching daily bars (2024-11-03 → 2025-11-28)...

=========================================================================================================================================================================================
Pre-Session Rankings (9:25) — 2025-11-03 to 2025-11-28  |  20d lookback
(Unconditional hold from OR close — no signal or vol filter)
=========================================================================================================================================================================================
Pre-session top-2 (9:25, 20d EOD win rate) — 2025-11-03  OR: 09:30/3b
  #1 SNOW   +15m 70%W +0.4%  +30m 65%W +0.4%  +1h 60%W +0.2%  +2h 70%W +0.5%  +5h 65%W +0.5%  EOD 75%W +0.7%  EOD range -4.2% → +3.4%
  #2 SNPS   +15m 55%W +0.1%  +30m 50%W -0.0%  +1h 40%W -0.1%  +2h 50%W +0.0%  +5h 55%W +0.2%  EOD 65%W +0.3%  EOD range -9.6% → +2.4%
  Ticker   N          +15m          +30m           +1h           +2h           +5h           EOD           EOD range
  ----------------------------------------------------------------------------------------------------------------------
  SNOW    20    70%W +0.4%    65%W +0.4%    60%W +0.2%    70%W +0.5%    65%W +0.5%    75%W +0.7%       -4.2% → +3.4%
  SNPS    20    55%W +0.1%    50%W -0.0%    40%W -0.1%    50%W +0.0%    55%W +0.2%    65%W +0.3%       -9.6% → +2.4%
  TSLA    20    65%W +0.2%    65%W +0.4%    60%W +0.2%    55%W +0.2%    65%W +0.5%    65%W +0.8%       -6.1% → +7.1%
  AVGO    20    55%W +0.1%    65%W +0.6%    60%W +0.1%    35%W -0.3%    50%W -0.0%    65%W +0.4%       -6.4% → +2.6%
  LLY     20    70%W +0.2%    70%W +0.3%    65%W +0.2%    50%W +0.0%    65%W +0.3%    60%W +0.3%       -2.5% → +2.2%
  QCOM    20    50%W +0.0%    60%W +0.1%    60%W +0.4%    60%W +0.2%    55%W +0.1%    60%W +0.4%      -6.6% → +11.0%
  META    20    80%W +0.2%    70%W +0.4%    75%W +0.2%    45%W -0.1%    40%W -0.2%    55%W +0.1%       -3.5% → +3.5%
  SNDK    20    55%W +0.1%    45%W -0.4%    45%W -0.2%    50%W -0.2%    55%W +0.4%    50%W -0.3%       -9.9% → +9.2%
  APP     20    50%W -0.0%    55%W +0.4%    60%W +0.5%    50%W +0.0%    50%W -0.0%    50%W -0.1%      -12.5% → +3.4%
  SPOT    20    70%W +0.1%    80%W +0.4%    65%W +0.2%    60%W +0.1%    55%W +0.2%    50%W +0.0%       -4.2% → +2.0%
  MU      20    40%W -0.3%    55%W +0.1%    40%W -0.3%    45%W -0.2%    60%W +0.6%    50%W +0.0%       -5.5% → +2.5%
  DDOG    20    50%W +0.0%    60%W +0.1%    60%W +0.2%    45%W -0.1%    50%W +0.1%    50%W -0.0%       -7.7% → +3.4%
  RDDT    20    80%W +0.6%    65%W +0.4%    60%W +0.3%    45%W -0.3%    35%W -0.3%    50%W -0.1%       -6.0% → +5.2%
  MRVL    20    40%W -0.1%    35%W -0.4%    55%W +0.3%    50%W -0.1%    45%W -0.1%    45%W -0.6%       -9.1% → +4.0%
  CRWD    20    45%W -0.1%    55%W +0.1%    35%W -0.3%    40%W -0.4%    40%W -0.2%    45%W -0.3%       -4.1% → +2.5%
  PLTR    20    85%W +0.3%    85%W +0.5%    60%W +0.4%    45%W -0.2%    60%W +0.4%    45%W -0.2%       -5.3% → +4.9%
  ARM     20    65%W +0.6%    70%W +0.5%    65%W +0.7%    65%W +0.3%    60%W +0.4%    40%W -0.2%       -8.5% → +8.2%
  AMD     20    80%W +0.4%    50%W -0.0%    50%W -0.1%    45%W -0.4%    45%W -0.2%    35%W -0.9%       -6.3% → +8.5%
  CHTR    20    55%W +0.1%    65%W +0.2%    45%W -0.0%    50%W -0.1%    35%W -0.4%    30%W -0.5%       -3.6% → +6.1%
Pre-session top-2 (9:25, 20d EOD win rate) — 2025-11-04  OR: 09:30/3b
  #1 SNOW   +15m 65%W +0.3%  +30m 60%W +0.3%  +1h 55%W +0.2%  +2h 65%W +0.2%  +5h 65%W +0.5%  EOD 70%W +0.6%  EOD range -4.2% → +3.4%
  #2 LLY    +15m 70%W +0.2%  +30m 70%W +0.2%  +1h 65%W +0.1%  +2h 50%W +0.0%  +5h 70%W +0.4%  EOD 65%W +0.4%  EOD range -2.5% → +2.2%
  Ticker   N          +15m          +30m           +1h           +2h           +5h           EOD           EOD range
  ----------------------------------------------------------------------------------------------------------------------
  SNOW    20    65%W +0.3%    60%W +0.3%    55%W +0.2%    65%W +0.2%    65%W +0.5%    70%W +0.6%       -4.2% → +3.4%
  LLY     20    70%W +0.2%    70%W +0.2%    65%W +0.1%    50%W +0.0%    70%W +0.4%    65%W +0.4%       -2.5% → +2.2%
  TSLA    20    70%W +0.3%    70%W +0.4%    60%W +0.3%    55%W +0.2%    65%W +0.5%    65%W +0.8%       -6.1% → +7.1%
  AVGO    20    55%W +0.1%    60%W +0.5%    60%W +0.1%    35%W -0.3%    50%W -0.0%    65%W +0.4%       -6.4% → +2.6%
  SNPS    20    50%W +0.0%    45%W -0.1%    35%W -0.1%    45%W -0.0%    50%W -0.1%    60%W +0.2%       -9.6% → +2.4%
  QCOM    20    55%W +0.0%    60%W +0.1%    60%W +0.4%    55%W +0.1%    55%W +0.1%    60%W +0.4%      -6.6% → +11.0%
  SNDK    20    55%W +0.1%    45%W -0.4%    45%W -0.2%    50%W -0.2%    60%W +1.0%    55%W +1.0%       -9.9% → +9.2%
  MU      20    45%W -0.2%    60%W +0.2%    45%W -0.2%    50%W -0.0%    65%W +0.8%    55%W +0.2%       -5.5% → +2.5%
  APP     20    50%W -0.0%    55%W +0.4%    60%W +0.5%    50%W +0.0%    45%W -0.1%    50%W -0.1%       -3.2% → +3.4%
  META    20    80%W +0.2%    70%W +0.4%    70%W +0.1%    40%W -0.2%    35%W -0.3%    50%W +0.0%       -3.5% → +2.4%
  SPOT    20    65%W +0.1%    75%W +0.2%    60%W +0.1%    55%W +0.1%    50%W +0.0%    50%W +0.0%       -4.2% → +2.0%
  CRWD    20    45%W -0.1%    55%W +0.1%    35%W -0.3%    40%W -0.3%    45%W -0.1%    50%W +0.0%       -4.1% → +2.5%
  PLTR    20    80%W +0.3%    85%W +0.5%    60%W +0.4%    45%W -0.2%    65%W +0.5%    50%W +0.1%       -5.3% → +4.9%
  MRVL    20    40%W -0.1%    35%W -0.4%    55%W +0.3%    50%W -0.1%    45%W -0.1%    45%W -0.6%       -9.1% → +4.0%
  DDOG    20    45%W -0.1%    55%W +0.0%    55%W +0.1%    40%W -0.2%    45%W -0.1%    45%W -0.1%       -7.7% → +3.4%
  RDDT    20    75%W +0.6%    60%W +0.2%    55%W +0.1%    40%W -0.5%    30%W -0.7%    45%W -0.8%       -6.0% → +5.2%
  ARM     20    60%W +0.4%    65%W +0.3%    60%W +0.5%    60%W +0.2%    55%W +0.3%    40%W -0.2%       -8.5% → +8.2%
  AMD     20    80%W +0.4%    50%W -0.0%    50%W -0.1%    45%W -0.3%    50%W +0.1%    40%W -0.5%       -6.3% → +8.5%
  CHTR    20    55%W +0.1%    60%W +0.2%    40%W -0.1%    45%W -0.3%    30%W -0.5%    25%W -0.7%       -3.6% → +6.1%
Pre-session top-2 (9:25, 20d EOD win rate) — 2025-11-05  OR: 09:30/3b
  #1 SNOW   +15m 70%W +0.4%  +30m 65%W +0.4%  +1h 55%W +0.2%  +2h 65%W +0.2%  +5h 65%W +0.5%  EOD 70%W +0.6%  EOD range -4.2% → +3.4%
  #2 LLY    +15m 70%W +0.2%  +30m 70%W +0.3%  +1h 70%W +0.2%  +2h 55%W +0.1%  +5h 75%W +0.5%  EOD 70%W +0.6%  EOD range -2.5% → +2.3%
  Ticker   N          +15m          +30m           +1h           +2h           +5h           EOD           EOD range
  ----------------------------------------------------------------------------------------------------------------------
  SNOW    20    70%W +0.4%    65%W +0.4%    55%W +0.2%    65%W +0.2%    65%W +0.5%    70%W +0.6%       -4.2% → +3.4%
  LLY     20    70%W +0.2%    70%W +0.3%    70%W +0.2%    55%W +0.1%    75%W +0.5%    70%W +0.6%       -2.5% → +2.3%
  TSLA    20    70%W +0.3%    75%W +0.5%    65%W +0.3%    60%W +0.3%    65%W +0.5%    65%W +0.8%       -6.1% → +7.1%
  SNPS    20    50%W +0.0%    45%W -0.1%    35%W -0.1%    45%W -0.0%    50%W -0.1%    60%W +0.2%       -9.6% → +2.4%
  QCOM    20    60%W +0.1%    65%W +0.1%    60%W +0.4%    55%W +0.1%    55%W +0.1%    60%W +0.4%      -6.6% → +11.0%
  AVGO    20    60%W +0.2%    60%W +0.5%    60%W +0.2%    35%W -0.3%    50%W -0.0%    60%W +0.3%       -6.4% → +2.6%
  SNDK    20    60%W +0.3%    50%W +0.1%    50%W -0.1%    55%W +0.7%    60%W +1.0%    55%W +1.0%       -9.9% → +9.2%
  MU      20    50%W +0.0%    65%W +0.4%    50%W +0.1%    55%W +0.1%    65%W +0.8%    55%W +0.2%       -5.5% → +2.5%
  PLTR    20    80%W +0.4%    85%W +0.6%    60%W +0.6%    50%W +0.0%    65%W +0.5%    55%W +0.4%       -5.3% → +4.9%
  APP     20    55%W +0.1%    60%W +0.5%    60%W +0.5%    55%W +0.3%    40%W -0.2%    50%W -0.1%       -3.2% → +3.4%
  META    20    85%W +0.3%    75%W +0.4%    70%W +0.2%    40%W -0.2%    35%W -0.3%    50%W -0.0%       -3.5% → +2.4%
  SPOT    20    70%W +0.1%    75%W +0.2%    60%W +0.1%    60%W +0.1%    45%W -0.1%    50%W +0.0%       -4.2% → +2.0%
  CRWD    20    50%W +0.0%    60%W +0.1%    40%W -0.1%    40%W -0.3%    45%W -0.1%    50%W +0.0%       -4.1% → +2.5%
  MRVL    20    45%W -0.0%    40%W -0.3%    60%W +0.4%    55%W +0.3%    45%W -0.1%    45%W -0.6%       -9.1% → +4.0%
  DDOG    20    50%W +0.0%    55%W +0.0%    55%W +0.1%    40%W -0.2%    45%W -0.1%    45%W -0.1%       -7.7% → +3.4%
  RDDT    20    75%W +0.6%    55%W +0.0%    50%W -0.1%    40%W -0.5%    30%W -0.7%    45%W -1.1%       -6.0% → +5.2%
  ARM     20    65%W +0.6%    65%W +0.3%    65%W +0.6%    65%W +0.2%    50%W +0.2%    40%W -0.4%       -8.5% → +8.2%
  AMD     20    85%W +0.5%    55%W +0.4%    55%W +0.3%    50%W -0.1%    50%W +0.1%    40%W -0.5%       -6.3% → +8.5%
  CHTR    20    55%W +0.1%    60%W +0.2%    40%W -0.1%    50%W -0.1%    35%W -0.4%    30%W -0.5%       -3.6% → +6.1%
Pre-session top-2 (9:25, 20d EOD win rate) — 2025-11-06  OR: 09:30/3b
  #1 LLY    +15m 70%W +0.2%  +30m 75%W +0.3%  +1h 70%W +0.2%  +2h 60%W +0.2%  +5h 75%W +0.6%  EOD 75%W +0.6%  EOD range -2.5% → +2.3%
  #2 SNOW   +15m 70%W +0.5%  +30m 65%W +0.3%  +1h 55%W +0.2%  +2h 65%W +0.2%  +5h 65%W +0.5%  EOD 70%W +0.5%  EOD range -4.2% → +2.1%
  Ticker   N          +15m          +30m           +1h           +2h           +5h           EOD           EOD range
  ----------------------------------------------------------------------------------------------------------------------
  LLY     20    70%W +0.2%    75%W +0.3%    70%W +0.2%    60%W +0.2%    75%W +0.6%    75%W +0.6%       -2.5% → +2.3%
  SNOW    20    70%W +0.5%    65%W +0.3%    55%W +0.2%    65%W +0.2%    65%W +0.5%    70%W +0.5%       -4.2% → +2.1%
  TSLA    20    70%W +0.3%    70%W +0.4%    60%W +0.3%    60%W +0.3%    65%W +0.5%    65%W +0.8%       -6.1% → +7.1%
  QCOM    20    60%W +0.1%    65%W +0.1%    60%W +0.2%    55%W +0.1%    55%W +0.1%    60%W +0.4%      -6.6% → +11.0%
  AVGO    20    60%W +0.4%    65%W +0.6%    65%W +0.3%    40%W -0.3%    55%W +0.2%    60%W +0.3%       -6.4% → +2.6%
  SNDK    20    65%W +0.5%    50%W +0.1%    55%W +0.1%    55%W +0.7%    60%W +1.0%    55%W +1.0%       -9.9% → +9.2%
  SNPS    20    50%W +0.0%    40%W -0.3%    35%W -0.3%    45%W -0.1%    45%W -0.2%    55%W +0.1%       -9.6% → +2.4%
  MU      20    50%W +0.0%    65%W +0.4%    50%W +0.1%    55%W +0.1%    65%W +0.8%    55%W +0.2%       -5.5% → +3.0%
  PLTR    20    75%W +0.4%    80%W +0.6%    65%W +0.9%    50%W +0.0%    65%W +0.5%    55%W +0.4%       -5.3% → +4.9%
  APP     20    60%W +0.3%    65%W +0.6%    65%W +0.9%    60%W +0.4%    45%W -0.2%    50%W -0.0%       -3.2% → +4.2%
  META    20    85%W +0.3%    75%W +0.4%    70%W +0.2%    40%W -0.2%    35%W -0.3%    50%W -0.0%       -3.5% → +2.4%
  SPOT    20    75%W +0.2%    75%W +0.2%    60%W +0.1%    60%W +0.1%    45%W -0.1%    50%W +0.0%       -4.2% → +2.0%
  CRWD    20    55%W +0.1%    55%W +0.1%    45%W -0.1%    40%W -0.3%    45%W -0.1%    50%W +0.0%       -4.1% → +2.5%
  MRVL    20    45%W -0.0%    40%W -0.3%    60%W +0.5%    55%W +0.3%    45%W -0.1%    45%W -0.6%       -9.1% → +3.7%
  RDDT    20    75%W +0.6%    60%W +0.2%    55%W +0.1%    40%W -0.5%    30%W -0.7%    45%W -1.1%       -6.0% → +5.2%
  ARM     20    65%W +0.6%    65%W +0.2%    70%W +0.6%    65%W +0.3%    50%W +0.2%    40%W -0.4%       -8.5% → +8.2%
  AMD     20    85%W +0.5%    55%W +0.4%    55%W +0.3%    50%W -0.1%    50%W +0.1%    40%W -0.5%       -6.3% → +6.2%
  DDOG    20    50%W +0.0%    55%W +0.0%    55%W +0.1%    35%W -0.4%    40%W -0.3%    40%W -0.3%       -7.7% → +1.6%
  CHTR    20    55%W +0.1%    60%W +0.2%    40%W -0.2%    50%W -0.1%    40%W -0.3%    35%W -0.5%       -3.6% → +6.1%
Pre-session top-2 (9:25, 20d EOD win rate) — 2025-11-07  OR: 09:30/3b
  #1 LLY    +15m 70%W +0.2%  +30m 75%W +0.3%  +1h 70%W +0.2%  +2h 65%W +0.2%  +5h 75%W +0.8%  EOD 75%W +0.8%  EOD range -2.5% → +2.3%
  #2 SNOW   +15m 65%W +0.4%  +30m 60%W +0.2%  +1h 50%W +0.1%  +2h 60%W +0.1%  +5h 60%W +0.5%  EOD 65%W +0.4%  EOD range -4.2% → +2.1%
  Ticker   N          +15m          +30m           +1h           +2h           +5h           EOD           EOD range
  ----------------------------------------------------------------------------------------------------------------------
  LLY     20    70%W +0.2%    75%W +0.3%    70%W +0.2%    65%W +0.2%    75%W +0.8%    75%W +0.8%       -2.5% → +2.3%
  SNOW    20    65%W +0.4%    60%W +0.2%    50%W +0.1%    60%W +0.1%    60%W +0.5%    65%W +0.4%       -4.2% → +2.1%
  TSLA    20    65%W +0.3%    65%W +0.4%    60%W +0.3%    60%W +0.3%    60%W +0.2%    60%W +0.4%       -6.1% → +7.1%
  MU      20    45%W -0.2%    60%W +0.2%    50%W +0.1%    55%W +0.1%    65%W +0.8%    55%W +0.2%       -5.5% → +3.0%
  QCOM    20    60%W +0.1%    60%W +0.1%    60%W +0.2%    55%W +0.1%    55%W +0.1%    55%W +0.4%      -6.6% → +11.0%
  AVGO    20    55%W +0.2%    60%W +0.5%    60%W +0.2%    35%W -0.3%    55%W +0.1%    55%W +0.2%       -6.4% → +2.6%
  SNDK    20    60%W +0.3%    45%W -0.4%    50%W -0.1%    50%W -0.0%    55%W +0.4%    50%W -0.2%       -9.9% → +9.2%
  APP     20    60%W +0.3%    65%W +0.6%    65%W +0.9%    65%W +0.5%    45%W -0.1%    50%W -0.0%       -3.2% → +4.2%
  SNPS    20    50%W +0.0%    40%W -0.3%    35%W -0.5%    40%W -0.2%    45%W -0.2%    50%W +0.0%       -9.6% → +2.4%
  SPOT    20    70%W +0.2%    75%W +0.2%    65%W +0.1%    60%W +0.1%    45%W -0.1%    50%W +0.0%       -4.2% → +2.0%
  CRWD    20    60%W +0.2%    60%W +0.2%    45%W -0.1%    40%W -0.3%    50%W +0.0%    50%W +0.0%       -4.1% → +2.5%
  PLTR    20    70%W +0.4%    75%W +0.6%    65%W +0.9%    45%W -0.2%    60%W +0.4%    50%W +0.1%       -7.6% → +4.9%
  META    20    85%W +0.3%    70%W +0.4%    65%W +0.1%    35%W -0.2%    30%W -0.3%    45%W -0.2%       -3.5% → +1.2%
  MRVL    20    45%W -0.0%    40%W -0.3%    60%W +0.5%    55%W +0.3%    45%W -0.1%    45%W -0.6%       -9.1% → +3.7%
  AMD     20    80%W +0.4%    55%W +0.4%    55%W +0.3%    50%W -0.1%    50%W +0.1%    40%W -0.5%       -6.3% → +6.2%
  DDOG    20    55%W +0.2%    60%W +0.1%    60%W +0.2%    35%W -0.4%    40%W -0.3%    40%W -0.3%       -7.7% → +2.3%
  RDDT    20    75%W +0.6%    55%W +0.0%    50%W -0.2%    35%W -0.6%    25%W -1.2%    40%W -1.4%       -6.0% → +4.4%
  CHTR    20    55%W +0.1%    60%W +0.2%    40%W -0.2%    50%W -0.1%    40%W -0.3%    35%W -0.5%       -3.6% → +6.1%
  ARM     20    65%W +0.6%    60%W +0.2%    65%W +0.5%    60%W +0.2%    45%W -0.1%    35%W -0.7%       -8.5% → +8.2%
Pre-session top-2 (9:25, 20d EOD win rate) — 2025-11-10  OR: 09:30/3b
  #1 LLY    +15m 70%W +0.2%  +30m 70%W +0.3%  +1h 70%W +0.2%  +2h 70%W +0.2%  +5h 80%W +0.9%  EOD 80%W +0.8%  EOD range -1.1% → +2.3%
  #2 SNOW   +15m 70%W +0.5%  +30m 65%W +0.3%  +1h 55%W +0.2%  +2h 65%W +0.2%  +5h 65%W +0.5%  EOD 70%W +0.5%  EOD range -3.9% → +2.2%
  Ticker   N          +15m          +30m           +1h           +2h           +5h           EOD           EOD range
  ----------------------------------------------------------------------------------------------------------------------
  LLY     20    70%W +0.2%    70%W +0.3%    70%W +0.2%    70%W +0.2%    80%W +0.9%    80%W +0.8%       -1.1% → +2.3%
  SNOW    20    70%W +0.5%    65%W +0.3%    55%W +0.2%    65%W +0.2%    65%W +0.5%    70%W +0.5%       -3.9% → +2.2%
  TSLA    20    70%W +0.4%    70%W +0.6%    65%W +0.3%    60%W +0.3%    65%W +0.5%    65%W +0.4%       -3.8% → +7.1%
  MU      20    50%W +0.0%    65%W +0.4%    50%W +0.1%    55%W +0.1%    65%W +0.8%    60%W +0.5%       -3.4% → +3.0%
  AVGO    20    55%W +0.2%    55%W +0.3%    55%W +0.1%    35%W -0.3%    55%W +0.1%    60%W +0.3%       -2.5% → +2.6%
  SNDK    20    65%W +0.5%    50%W +0.1%    50%W -0.1%    50%W -0.0%    60%W +1.5%    55%W +1.2%       -6.3% → +9.7%
  APP     20    55%W +0.2%    60%W +0.5%    60%W +0.9%    65%W +0.5%    50%W +0.1%    55%W +0.2%       -2.0% → +4.2%
  CRWD    20    65%W +0.2%    65%W +0.3%    45%W -0.1%    45%W -0.2%    55%W +0.4%    55%W +0.2%       -2.8% → +3.0%
  QCOM    20    65%W +0.1%    60%W +0.1%    60%W +0.2%    55%W +0.1%    55%W +0.1%    55%W +0.4%      -3.0% → +11.0%
  PLTR    20    75%W +0.4%    75%W +0.6%    65%W +0.9%    45%W -0.2%    65%W +0.5%    55%W +0.4%       -7.6% → +4.9%
  META    20    85%W +0.3%    65%W +0.4%    60%W +0.1%    35%W -0.2%    35%W -0.2%    50%W -0.0%       -2.4% → +2.2%
  SNPS    20    50%W +0.0%    40%W -0.3%    35%W -0.5%    40%W -0.2%    45%W -0.2%    50%W +0.0%       -4.5% → +2.4%
  SPOT    20    70%W +0.2%    80%W +0.4%    65%W +0.1%    60%W +0.1%    45%W -0.1%    50%W +0.0%       -4.2% → +2.0%
  MRVL    20    50%W +0.1%    40%W -0.3%    60%W +0.5%    55%W +0.3%    45%W -0.1%    50%W -0.1%       -4.5% → +3.7%
  AMD     20    80%W +0.5%    60%W +0.6%    55%W +0.3%    50%W -0.1%    55%W +0.2%    45%W -0.2%       -4.6% → +6.2%
  DDOG    20    55%W +0.2%    60%W +0.1%    60%W +0.2%    35%W -0.4%    45%W -0.1%    45%W -0.1%       -7.7% → +3.4%
  RDDT    20    75%W +0.7%    55%W +0.0%    55%W +0.1%    40%W -0.5%    30%W -0.7%    45%W -1.1%      -5.3% → +10.7%
  CHTR    20    55%W +0.1%    55%W +0.2%    40%W -0.2%    50%W -0.1%    40%W -0.3%    40%W -0.4%       -3.6% → +6.1%
  ARM     20    65%W +0.6%    60%W +0.2%    65%W +0.5%    60%W +0.2%    50%W +0.1%    40%W -0.4%       -2.5% → +8.2%
Pre-session top-2 (9:25, 20d EOD win rate) — 2025-11-11  OR: 09:30/3b
  #1 LLY    +15m 70%W +0.3%  +30m 75%W +0.3%  +1h 75%W +0.2%  +2h 75%W +0.4%  +5h 80%W +0.9%  EOD 85%W +0.8%  EOD range -1.1% → +2.3%
  #2 SNOW   +15m 70%W +0.4%  +30m 65%W +0.2%  +1h 55%W +0.2%  +2h 70%W +0.2%  +5h 65%W +0.5%  EOD 65%W +0.5%  EOD range -3.9% → +2.2%
  Ticker   N          +15m          +30m           +1h           +2h           +5h           EOD           EOD range
  ----------------------------------------------------------------------------------------------------------------------
  LLY     20    70%W +0.3%    75%W +0.3%    75%W +0.2%    75%W +0.4%    80%W +0.9%    85%W +0.8%       -1.1% → +2.3%
  SNOW    20    70%W +0.4%    65%W +0.2%    55%W +0.2%    70%W +0.2%    65%W +0.5%    65%W +0.5%       -3.9% → +2.2%
  TSLA    20    75%W +0.4%    75%W +0.6%    65%W +0.3%    60%W +0.6%    65%W +0.5%    65%W +0.4%       -3.8% → +7.1%
  AVGO    20    50%W +0.0%    50%W +0.0%    55%W +0.1%    30%W -0.3%    55%W +0.1%    60%W +0.3%       -2.5% → +2.6%
  SNDK    20    65%W +0.5%    50%W +0.1%    50%W -0.1%    50%W -0.0%    60%W +1.5%    55%W +1.2%       -6.3% → +9.7%
  MU      20    55%W +0.1%    60%W +0.4%    55%W +0.2%    55%W +0.1%    60%W +0.6%    55%W +0.2%       -3.4% → +3.0%
  CRWD    20    65%W +0.2%    60%W +0.3%    45%W -0.1%    45%W -0.2%    55%W +0.3%    55%W +0.2%       -2.8% → +3.0%
  PLTR    20    75%W +0.4%    80%W +0.7%    70%W +1.0%    45%W -0.1%    65%W +0.7%    55%W +0.8%       -7.6% → +4.9%
  APP     20    55%W +0.2%    60%W +0.5%    60%W +0.9%    65%W +0.5%    45%W -0.1%    50%W -0.0%       -2.7% → +4.2%
  META    20    85%W +0.3%    65%W +0.4%    60%W +0.2%    40%W -0.2%    40%W -0.2%    50%W -0.0%       -2.4% → +2.2%
  SNPS    20    45%W -0.1%    40%W -0.4%    35%W -0.6%    40%W -0.2%    45%W -0.2%    50%W +0.0%       -4.5% → +2.4%
  QCOM    20    60%W +0.1%    55%W +0.0%    55%W +0.1%    50%W -0.1%    50%W -0.1%    50%W -0.0%      -3.0% → +11.0%
  SPOT    20    65%W +0.2%    75%W +0.2%    60%W +0.1%    55%W +0.0%    40%W -0.1%    45%W -0.2%       -4.2% → +2.0%
  MRVL    20    45%W -0.0%    45%W -0.1%    65%W +0.5%    50%W -0.1%    45%W -0.1%    45%W -0.5%       -4.5% → +3.7%
  AMD     20    80%W +0.5%    65%W +0.6%    60%W +0.6%    50%W -0.1%    60%W +0.2%    45%W -0.2%       -4.6% → +6.2%
  DDOG    20    60%W +0.3%    65%W +0.3%    65%W +0.3%    40%W -0.4%    45%W -0.1%    45%W -0.1%       -7.7% → +3.4%
  RDDT    20    75%W +0.7%    55%W +0.0%    60%W +0.3%    45%W -0.5%    30%W -0.7%    45%W -1.1%      -5.3% → +10.7%
  CHTR    20    50%W -0.0%    50%W +0.1%    35%W -0.3%    45%W -0.3%    35%W -0.4%    40%W -0.4%       -4.1% → +6.1%
  ARM     20    60%W +0.6%    55%W +0.2%    60%W +0.4%    55%W +0.1%    45%W -0.1%    35%W -0.7%       -2.5% → +1.8%
Pre-session top-2 (9:25, 20d EOD win rate) — 2025-11-12  OR: 09:30/3b
  #1 LLY    +15m 70%W +0.2%  +30m 80%W +0.3%  +1h 80%W +0.3%  +2h 75%W +0.7%  +5h 80%W +1.2%  EOD 85%W +1.0%  EOD range -1.1% → +2.3%
  #2 SNOW   +15m 70%W +0.4%  +30m 65%W +0.3%  +1h 55%W +0.2%  +2h 70%W +0.2%  +5h 65%W +0.5%  EOD 65%W +0.5%  EOD range -3.9% → +2.2%
  Ticker   N          +15m          +30m           +1h           +2h           +5h           EOD           EOD range
  ----------------------------------------------------------------------------------------------------------------------
  LLY     20    70%W +0.2%    80%W +0.3%    80%W +0.3%    75%W +0.7%    80%W +1.2%    85%W +1.0%       -1.1% → +2.3%
  SNOW    20    70%W +0.4%    65%W +0.3%    55%W +0.2%    70%W +0.2%    65%W +0.5%    65%W +0.5%       -3.9% → +2.2%
  TSLA    20    70%W +0.4%    70%W +0.5%    60%W +0.2%    55%W +0.3%    60%W +0.2%    65%W +0.1%       -3.8% → +7.1%
  CRWD    20    65%W +0.2%    55%W +0.2%    40%W -0.1%    40%W -0.3%    50%W +0.1%    60%W +0.2%       -2.8% → +3.0%
  SNDK    20    65%W +0.7%    55%W +0.7%    50%W -0.1%    50%W -0.0%    60%W +1.5%    55%W +1.2%       -6.3% → +9.7%
  MU      20    50%W -0.1%    55%W +0.2%    50%W +0.1%    50%W -0.0%    55%W +0.4%    55%W +0.2%       -3.4% → +3.0%
  AVGO    20    45%W -0.0%    45%W -0.1%    50%W -0.1%    25%W -0.4%    50%W -0.0%    55%W +0.2%       -2.5% → +2.6%
  META    20    80%W +0.2%    60%W +0.3%    55%W +0.1%    35%W -0.3%    40%W -0.2%    50%W -0.0%       -2.4% → +2.2%
  SNPS    20    45%W -0.1%    35%W -0.5%    30%W -0.6%    35%W -0.3%    45%W -0.2%    50%W +0.0%       -4.5% → +2.4%
  QCOM    20    60%W +0.1%    55%W +0.0%    55%W +0.1%    50%W -0.1%    50%W -0.1%    50%W -0.0%      -3.0% → +11.0%
  PLTR    20    75%W +0.3%    75%W +0.6%    65%W +0.9%    40%W -0.2%    60%W +0.5%    50%W +0.2%       -7.6% → +3.0%
  APP     20    55%W +0.2%    55%W +0.4%    55%W +0.5%    60%W +0.4%    40%W -0.2%    45%W -0.3%       -5.3% → +4.2%
  SPOT    20    65%W +0.2%    75%W +0.2%    60%W +0.1%    55%W +0.0%    40%W -0.1%    45%W -0.2%       -4.2% → +2.4%
  MRVL    20    45%W -0.0%    40%W -0.3%    60%W +0.3%    45%W -0.4%    40%W -0.3%    45%W -0.6%       -4.5% → +3.7%
  AMD     20    75%W +0.4%    65%W +0.6%    55%W +0.3%    45%W -0.3%    55%W +0.2%    45%W -0.3%       -4.6% → +6.2%
  RDDT    20    75%W +0.7%    55%W +0.0%    60%W +0.3%    45%W -0.5%    30%W -0.7%    45%W -1.1%      -5.3% → +10.7%
  ARM     20    55%W +0.4%    50%W +0.0%    55%W +0.2%    55%W +0.1%    40%W -0.1%    40%W -0.4%       -2.5% → +1.8%
  DDOG    20    60%W +0.2%    65%W +0.1%    60%W +0.2%    35%W -0.6%    40%W -0.3%    40%W -0.3%       -7.7% → +3.4%
  CHTR    20    45%W -0.1%    50%W +0.0%    30%W -0.3%    45%W -0.3%    30%W -0.4%    35%W -0.4%       -4.1% → +6.1%
Pre-session top-2 (9:25, 20d EOD win rate) — 2025-11-13  OR: 09:30/3b
  #1 LLY    +15m 70%W +0.2%  +30m 75%W +0.3%  +1h 75%W +0.2%  +2h 70%W +0.4%  +5h 75%W +0.9%  EOD 85%W +0.8%  EOD range -1.1% → +2.3%
  #2 SNOW   +15m 65%W +0.4%  +30m 65%W +0.3%  +1h 50%W +0.1%  +2h 65%W +0.2%  +5h 65%W +0.5%  EOD 65%W +0.5%  EOD range -3.9% → +2.2%
  Ticker   N          +15m          +30m           +1h           +2h           +5h           EOD           EOD range
  ----------------------------------------------------------------------------------------------------------------------
  LLY     20    70%W +0.2%    75%W +0.3%    75%W +0.2%    70%W +0.4%    75%W +0.9%    85%W +0.8%       -1.1% → +2.3%
  SNOW    20    65%W +0.4%    65%W +0.3%    50%W +0.1%    65%W +0.2%    65%W +0.5%    65%W +0.5%       -3.9% → +2.2%
  CRWD    20    60%W +0.2%    50%W +0.1%    35%W -0.2%    35%W -0.3%    50%W +0.1%    60%W +0.2%       -2.8% → +3.0%
  TSLA    20    65%W +0.3%    65%W +0.4%    55%W +0.2%    50%W +0.0%    55%W +0.1%    60%W +0.1%       -3.8% → +7.1%
  SNDK    20    60%W +0.6%    55%W +0.7%    45%W -0.2%    50%W -0.0%    60%W +0.4%    55%W +0.9%       -6.3% → +9.7%
  SNPS    20    45%W -0.0%    35%W -0.4%    35%W -0.5%    40%W -0.2%    50%W +0.0%    55%W +0.2%       -4.5% → +2.4%
  MU      20    50%W -0.1%    60%W +0.4%    55%W +0.2%    50%W -0.0%    55%W +0.2%    55%W +0.2%       -3.4% → +3.0%
  META    20    75%W +0.2%    55%W +0.2%    50%W +0.0%    35%W -0.3%    40%W -0.3%    50%W -0.1%       -2.4% → +2.2%
  SPOT    20    65%W +0.2%    75%W +0.2%    60%W +0.1%    60%W +0.1%    45%W -0.1%    50%W +0.0%       -4.2% → +2.4%
  QCOM    20    60%W +0.1%    55%W +0.0%    55%W +0.1%    55%W +0.1%    50%W -0.1%    50%W -0.0%      -3.0% → +11.0%
  PLTR    20    70%W +0.3%    70%W +0.6%    60%W +0.7%    40%W -0.2%    60%W +0.5%    50%W +0.2%       -7.6% → +3.0%
  AVGO    20    40%W -0.1%    40%W -0.2%    50%W -0.1%    20%W -0.4%    45%W -0.3%    50%W -0.0%       -2.5% → +2.6%
  AMD     20    70%W +0.3%    65%W +0.6%    55%W +0.3%    45%W -0.3%    50%W +0.1%    45%W -0.3%       -4.6% → +3.7%
  APP     20    50%W -0.0%    50%W +0.1%    50%W -0.1%    55%W +0.3%    35%W -0.4%    40%W -0.4%       -5.3% → +4.2%
  MRVL    20    45%W -0.0%    40%W -0.3%    60%W +0.3%    45%W -0.4%    35%W -0.5%    40%W -0.7%       -4.5% → +3.7%
  CHTR    20    45%W -0.1%    50%W +0.0%    35%W -0.2%    50%W -0.1%    35%W -0.3%    40%W -0.4%       -4.1% → +6.1%
  DDOG    20    60%W +0.2%    65%W +0.1%    60%W +0.2%    35%W -0.6%    40%W -0.3%    40%W -0.5%       -7.7% → +3.4%
  RDDT    20    70%W +0.6%    50%W -0.0%    55%W +0.1%    40%W -0.6%    30%W -1.2%    40%W -1.4%      -5.3% → +10.7%
  ARM     20    50%W +0.1%    45%W -0.2%    50%W +0.0%    50%W -0.0%    35%W -0.2%    35%W -0.7%       -2.5% → +1.8%
Pre-session top-2 (9:25, 20d EOD win rate) — 2025-11-14  OR: 09:30/3b
  #1 LLY    +15m 70%W +0.2%  +30m 75%W +0.3%  +1h 75%W +0.3%  +2h 75%W +0.4%  +5h 80%W +0.9%  EOD 85%W +0.8%  EOD range -1.1% → +2.3%
  #2 SNOW   +15m 70%W +0.5%  +30m 70%W +0.5%  +1h 55%W +0.2%  +2h 65%W +0.2%  +5h 65%W +0.5%  EOD 65%W +0.5%  EOD range -2.9% → +2.2%
  Ticker   N          +15m          +30m           +1h           +2h           +5h           EOD           EOD range
  ----------------------------------------------------------------------------------------------------------------------
  LLY     20    70%W +0.2%    75%W +0.3%    75%W +0.3%    75%W +0.4%    80%W +0.9%    85%W +0.8%       -1.1% → +2.3%
  SNOW    20    70%W +0.5%    70%W +0.5%    55%W +0.2%    65%W +0.2%    65%W +0.5%    65%W +0.5%       -2.9% → +2.2%
  CRWD    20    65%W +0.2%    55%W +0.2%    40%W -0.1%    35%W -0.3%    50%W +0.1%    60%W +0.2%       -2.5% → +3.0%
  TSLA    20    60%W +0.3%    60%W +0.4%    50%W -0.1%    50%W -0.0%    55%W +0.1%    60%W +0.1%       -4.0% → +7.1%
  SNDK    20    65%W +0.9%    60%W +1.1%    40%W -0.4%    50%W -0.0%    60%W +0.4%    55%W +0.9%       -6.3% → +9.7%
  META    20    75%W +0.3%    60%W +0.3%    55%W +0.1%    35%W -0.3%    40%W -0.3%    50%W -0.1%       -2.4% → +2.2%
  SNPS    20    40%W -0.0%    35%W -0.4%    30%W -0.5%    40%W -0.2%    45%W -0.2%    50%W +0.0%       -4.5% → +2.4%
  SPOT    20    70%W +0.2%    80%W +0.4%    60%W +0.1%    60%W +0.1%    45%W -0.1%    50%W +0.0%       -4.2% → +2.4%
  MU      20    55%W +0.1%    60%W +0.4%    55%W +0.2%    45%W -0.2%    50%W -0.1%    50%W +0.0%       -3.4% → +3.0%
  QCOM    20    60%W +0.1%    60%W +0.0%    50%W -0.2%    50%W -0.1%    50%W -0.1%    50%W -0.1%      -3.0% → +11.0%
  PLTR    20    70%W +0.2%    70%W +0.5%    55%W +0.4%    40%W -0.2%    60%W +0.5%    50%W +0.2%       -7.6% → +3.0%
  AVGO    20    45%W -0.0%    40%W -0.2%    45%W -0.2%    20%W -0.5%    45%W -0.3%    50%W -0.0%       -2.5% → +2.6%
  MRVL    20    50%W +0.1%    45%W -0.1%    60%W +0.6%    50%W -0.1%    40%W -0.3%    45%W -0.6%       -4.5% → +3.7%
  AMD     20    70%W +0.4%    65%W +0.6%    55%W +0.3%    45%W -0.3%    50%W +0.1%    45%W -0.3%       -4.6% → +3.7%
  DDOG    20    65%W +0.3%    70%W +0.4%    65%W +0.3%    40%W -0.6%    45%W -0.1%    45%W -0.3%       -3.5% → +3.4%
  APP     20    50%W +0.2%    50%W +0.1%    50%W -0.1%    55%W +0.3%    40%W -0.4%    40%W -0.4%       -5.3% → +4.2%
  CHTR    20    45%W -0.1%    50%W +0.0%    35%W -0.2%    50%W -0.1%    35%W -0.3%    40%W -0.4%       -4.1% → +6.1%
  RDDT    20    65%W +0.6%    55%W +0.0%    55%W +0.1%    40%W -0.8%    30%W -0.9%    40%W -1.6%      -5.3% → +10.7%
  ARM     20    50%W +0.1%    45%W -0.0%    45%W -0.1%    45%W -0.2%    35%W -0.2%    35%W -0.7%       -2.5% → +1.8%
Pre-session top-2 (9:25, 20d EOD win rate) — 2025-11-17  OR: 09:30/3b
  #1 LLY    +15m 70%W +0.2%  +30m 75%W +0.3%  +1h 80%W +0.3%  +2h 80%W +0.7%  +5h 80%W +1.0%  EOD 85%W +0.8%  EOD range -1.1% → +2.3%
  #2 SNOW   +15m 70%W +0.6%  +30m 70%W +0.3%  +1h 55%W +0.3%  +2h 65%W +0.5%  +5h 65%W +0.5%  EOD 65%W +0.5%  EOD range -2.9% → +2.4%
  Ticker   N          +15m          +30m           +1h           +2h           +5h           EOD           EOD range
  ----------------------------------------------------------------------------------------------------------------------
  LLY     20    70%W +0.2%    75%W +0.3%    80%W +0.3%    80%W +0.7%    80%W +1.0%    85%W +0.8%       -1.1% → +2.3%
  SNOW    20    70%W +0.6%    70%W +0.3%    55%W +0.3%    65%W +0.5%    65%W +0.5%    65%W +0.5%       -2.9% → +2.4%
  SNDK    20    65%W +0.9%    60%W +1.1%    45%W -0.2%    55%W +0.3%    65%W +1.5%    60%W +1.1%       -6.3% → +9.7%
  CRWD    20    70%W +0.2%    50%W +0.1%    40%W -0.1%    40%W -0.2%    50%W +0.1%    60%W +0.2%       -2.5% → +3.0%
  TSLA    20    60%W +0.3%    60%W +0.3%    50%W -0.1%    50%W -0.0%    55%W +0.1%    60%W +0.1%       -4.0% → +7.1%
  META    20    75%W +0.3%    60%W +0.3%    55%W +0.1%    35%W -0.3%    40%W -0.3%    50%W -0.1%       -2.4% → +2.2%
  SNPS    20    40%W -0.0%    30%W -0.4%    30%W -0.5%    40%W -0.2%    45%W -0.2%    50%W -0.1%       -4.5% → +2.4%
  MU      20    55%W +0.1%    60%W +0.4%    55%W +0.2%    50%W -0.1%    50%W -0.1%    50%W +0.0%       -3.4% → +3.0%
  QCOM    20    55%W +0.1%    55%W +0.0%    55%W +0.1%    55%W +0.2%    55%W +0.0%    50%W +0.1%      -3.0% → +11.0%
  PLTR    20    70%W +0.2%    70%W +0.5%    55%W +0.4%    45%W -0.2%    60%W +0.5%    50%W +0.2%       -7.6% → +3.0%
  AVGO    20    45%W -0.0%    40%W -0.2%    45%W -0.2%    25%W -0.4%    45%W -0.3%    50%W -0.0%       -2.5% → +2.6%
  DDOG    20    65%W +0.2%    65%W +0.1%    65%W +0.3%    40%W -0.6%    45%W -0.1%    50%W -0.1%       -3.5% → +3.4%
  APP     20    50%W +0.2%    50%W +0.1%    50%W -0.1%    60%W +0.3%    45%W -0.1%    45%W -0.3%       -5.3% → +4.2%
  SPOT    20    70%W +0.2%    75%W +0.2%    55%W +0.1%    55%W +0.0%    40%W -0.1%    45%W -0.2%       -4.2% → +2.4%
  MRVL    20    50%W +0.1%    45%W -0.1%    60%W +0.6%    50%W -0.1%    40%W -0.3%    45%W -0.6%       -4.5% → +3.7%
  CHTR    20    45%W -0.2%    45%W -0.2%    35%W -0.2%    45%W -0.3%    35%W -0.3%    45%W -0.2%       -4.1% → +6.1%
  AMD     20    70%W +0.4%    65%W +0.6%    55%W +0.3%    45%W -0.3%    50%W +0.1%    45%W -0.3%       -4.6% → +3.7%
  ARM     20    50%W +0.1%    45%W -0.0%    45%W -0.1%    45%W -0.2%    40%W -0.2%    40%W -0.7%       -2.5% → +1.8%
  RDDT    20    65%W +0.6%    55%W +0.0%    55%W +0.1%    45%W -0.5%    35%W -0.9%    40%W -1.6%      -5.3% → +10.7%
Pre-session top-2 (9:25, 20d EOD win rate) — 2025-11-18  OR: 09:30/3b
  #1 LLY    +15m 70%W +0.2%  +30m 70%W +0.2%  +1h 75%W +0.3%  +2h 85%W +0.8%  +5h 80%W +1.0%  EOD 85%W +0.7%  EOD range -1.1% → +2.3%
  #2 SNDK   +15m 70%W +1.1%  +30m 60%W +1.1%  +1h 50%W -0.0%  +2h 50%W -0.0%  +5h 60%W +1.2%  EOD 60%W +1.1%  EOD range -6.3% → +9.7%
  Ticker   N          +15m          +30m           +1h           +2h           +5h           EOD           EOD range
  ----------------------------------------------------------------------------------------------------------------------
  LLY     20    70%W +0.2%    70%W +0.2%    75%W +0.3%    85%W +0.8%    80%W +1.0%    85%W +0.7%       -1.1% → +2.3%
  SNDK    20    70%W +1.1%    60%W +1.1%    50%W -0.0%    50%W -0.0%    60%W +1.2%    60%W +1.1%       -6.3% → +9.7%
  SNOW    20    70%W +0.6%    70%W +0.3%    55%W +0.3%    65%W +0.5%    60%W +0.5%    60%W +0.4%       -2.9% → +2.4%
  CRWD    20    65%W +0.2%    45%W -0.0%    40%W -0.1%    40%W -0.2%    45%W -0.1%    55%W +0.1%       -2.5% → +3.0%
  TSLA    20    60%W +0.3%    60%W +0.3%    55%W +0.2%    55%W +0.4%    50%W -0.2%    55%W +0.0%       -4.0% → +7.1%
  MU      20    60%W +0.2%    60%W +0.4%    55%W +0.2%    50%W -0.1%    50%W -0.1%    50%W +0.0%       -5.6% → +3.0%
  AVGO    20    50%W +0.0%    45%W -0.1%    50%W -0.1%    30%W -0.3%    45%W -0.3%    50%W -0.0%       -2.5% → +2.6%
  APP     20    55%W +0.5%    50%W +0.1%    45%W -0.4%    60%W +0.3%    40%W -0.4%    45%W -0.5%       -5.3% → +4.2%
  META    20    75%W +0.3%    55%W +0.2%    50%W +0.0%    30%W -0.3%    35%W -0.4%    45%W -0.2%       -2.4% → +2.2%
  SNPS    20    45%W -0.0%    35%W -0.3%    30%W -0.5%    40%W -0.2%    50%W -0.0%    45%W -0.2%       -4.5% → +2.4%
  SPOT    20    65%W +0.2%    70%W +0.1%    55%W +0.1%    55%W +0.0%    35%W -0.1%    45%W -0.2%       -4.2% → +2.4%
  MRVL    20    55%W +0.3%    50%W +0.0%    65%W +0.6%    50%W -0.1%    40%W -0.3%    45%W -0.6%       -4.5% → +3.7%
  QCOM    20    50%W +0.1%    50%W -0.0%    50%W -0.2%    50%W -0.3%    50%W -0.1%    45%W -0.5%      -3.8% → +11.0%
  PLTR    20    70%W +0.2%    65%W +0.4%    50%W +0.0%    45%W -0.2%    55%W +0.4%    45%W -0.1%       -7.6% → +3.0%
  CHTR    20    45%W -0.2%    50%W +0.0%    40%W -0.1%    50%W -0.1%    35%W -0.4%    45%W -0.4%       -4.1% → +6.1%
  DDOG    20    60%W +0.2%    60%W +0.1%    60%W +0.2%    35%W -0.6%    45%W -0.3%    45%W -0.3%       -3.5% → +3.4%
  AMD     20    70%W +0.4%    65%W +0.4%    50%W -0.1%    40%W -0.4%    45%W -0.1%    40%W -0.4%       -4.6% → +3.7%
  RDDT    20    60%W +0.4%    50%W -0.0%    50%W -0.2%    45%W -0.4%    35%W -1.2%    40%W -1.7%      -5.3% → +10.7%
  ARM     20    50%W +0.1%    45%W -0.0%    45%W -0.1%    45%W -0.2%    35%W -0.6%    35%W -1.0%       -2.5% → +1.8%
Pre-session top-2 (9:25, 20d EOD win rate) — 2025-11-19  OR: 09:30/3b
  #1 LLY    +15m 70%W +0.2%  +30m 70%W +0.2%  +1h 75%W +0.3%  +2h 90%W +0.8%  +5h 85%W +1.0%  EOD 90%W +0.7%  EOD range -0.9% → +2.3%
  #2 SNOW   +15m 75%W +0.6%  +30m 65%W +0.3%  +1h 55%W +0.3%  +2h 65%W +0.5%  +5h 60%W +0.5%  EOD 60%W +0.4%  EOD range -2.9% → +2.4%
  Ticker   N          +15m          +30m           +1h           +2h           +5h           EOD           EOD range
  ----------------------------------------------------------------------------------------------------------------------
  LLY     20    70%W +0.2%    70%W +0.2%    75%W +0.3%    90%W +0.8%    85%W +1.0%    90%W +0.7%       -0.9% → +2.3%
  SNOW    20    75%W +0.6%    65%W +0.3%    55%W +0.3%    65%W +0.5%    60%W +0.5%    60%W +0.4%       -2.9% → +2.4%
  TSLA    20    60%W +0.3%    55%W +0.3%    50%W -0.1%    55%W +0.4%    50%W -0.2%    60%W +0.1%       -4.0% → +7.1%
  SNDK    20    65%W +1.1%    55%W +0.7%    50%W -0.2%    45%W -0.6%    60%W +0.8%    55%W +0.4%       -6.3% → +9.7%
  META    20    75%W +0.3%    55%W +0.2%    50%W +0.0%    35%W -0.2%    40%W -0.3%    50%W -0.1%       -2.4% → +2.2%
  CRWD    20    65%W +0.2%    45%W -0.1%    40%W -0.2%    35%W -0.2%    40%W -0.1%    50%W -0.1%       -2.5% → +3.0%
  AVGO    20    50%W +0.0%    45%W -0.1%    50%W -0.1%    35%W -0.3%    50%W -0.0%    50%W -0.0%       -2.5% → +2.6%
  APP     20    50%W +0.2%    45%W -0.4%    40%W -0.6%    60%W +0.3%    45%W -0.1%    45%W -0.5%       -5.3% → +4.2%
  SPOT    20    65%W +0.2%    65%W +0.1%    50%W +0.0%    55%W +0.0%    40%W -0.1%    45%W -0.2%       -4.2% → +2.4%
  MU      20    55%W +0.1%    55%W +0.2%    55%W +0.2%    45%W -0.3%    45%W -0.3%    45%W -0.4%       -5.6% → +3.0%
  QCOM    20    50%W +0.1%    45%W -0.0%    45%W -0.5%    50%W -0.3%    50%W -0.1%    45%W -0.5%      -3.8% → +11.0%
  SNPS    20    40%W -0.0%    30%W -0.5%    25%W -0.6%    35%W -0.3%    45%W -0.1%    40%W -0.2%       -4.5% → +1.9%
  MRVL    20    55%W +0.3%    50%W -0.1%    65%W +0.6%    45%W -0.4%    40%W -0.5%    40%W -0.7%       -4.5% → +3.7%
  PLTR    20    70%W +0.2%    60%W +0.2%    45%W -0.2%    45%W -0.2%    55%W +0.4%    40%W -0.2%       -7.6% → +3.0%
  CHTR    20    45%W -0.2%    45%W -0.2%    35%W -0.2%    45%W -0.3%    30%W -0.5%    40%W -0.6%       -4.1% → +6.1%
  AMD     20    70%W +0.4%    65%W +0.4%    50%W -0.1%    45%W -0.3%    50%W +0.1%    40%W -0.3%       -4.6% → +3.7%
  DDOG    20    60%W +0.1%    60%W +0.0%    55%W +0.1%    35%W -0.6%    45%W -0.3%    40%W -0.3%       -3.5% → +3.4%
  RDDT    20    60%W +0.4%    45%W -0.3%    45%W -0.5%    45%W -0.4%    40%W -1.2%    40%W -1.7%      -5.3% → +10.7%
  ARM     20    50%W +0.1%    40%W -0.2%    45%W -0.3%    45%W -0.2%    35%W -0.6%    35%W -1.0%       -2.5% → +1.8%
Pre-session top-2 (9:25, 20d EOD win rate) — 2025-11-20  OR: 09:30/3b
  #1 LLY    +15m 70%W +0.2%  +30m 70%W +0.2%  +1h 75%W +0.3%  +2h 90%W +0.7%  +5h 85%W +0.9%  EOD 90%W +0.7%  EOD range -0.9% → +2.3%
  #2 TSLA   +15m 65%W +0.4%  +30m 60%W +0.4%  +1h 55%W +0.2%  +2h 60%W +0.7%  +5h 50%W -0.0%  EOD 65%W +0.1%  EOD range -4.0% → +7.1%
  Ticker   N          +15m          +30m           +1h           +2h           +5h           EOD           EOD range
  ----------------------------------------------------------------------------------------------------------------------
  LLY     20    70%W +0.2%    70%W +0.2%    75%W +0.3%    90%W +0.7%    85%W +0.9%    90%W +0.7%       -0.9% → +2.3%
  TSLA    20    65%W +0.4%    60%W +0.4%    55%W +0.2%    60%W +0.7%    50%W -0.0%    65%W +0.1%       -4.0% → +7.1%
  SNDK    20    65%W +1.2%    60%W +1.1%    55%W +0.3%    45%W -0.6%    65%W +1.2%    60%W +0.7%       -6.3% → +9.7%
  SNOW    20    80%W +0.6%    70%W +0.5%    60%W +0.4%    65%W +0.5%    65%W +0.5%    60%W +0.4%       -2.9% → +2.4%
  CRWD    20    65%W +0.2%    45%W -0.1%    45%W -0.1%    40%W -0.1%    45%W -0.1%    55%W +0.2%       -2.5% → +3.0%
  AVGO    20    55%W +0.2%    50%W +0.0%    55%W +0.1%    40%W -0.3%    55%W +0.1%    55%W +0.2%       -2.5% → +2.6%
  META    20    75%W +0.3%    55%W +0.2%    55%W +0.1%    35%W -0.2%    40%W -0.3%    50%W -0.1%       -2.4% → +2.2%
  SNPS    20    40%W -0.0%    30%W -0.5%    30%W -0.6%    40%W -0.3%    45%W -0.1%    45%W -0.2%       -4.5% → +1.9%
  SPOT    20    65%W +0.2%    65%W +0.1%    55%W +0.1%    55%W +0.0%    40%W -0.1%    45%W -0.2%       -4.2% → +2.4%
  MU      20    60%W +0.5%    60%W +0.4%    60%W +0.4%    45%W -0.3%    45%W -0.3%    45%W -0.4%       -5.6% → +3.0%
  MRVL    20    60%W +0.4%    55%W +0.1%    70%W +0.8%    50%W +0.1%    45%W -0.3%    45%W -0.6%       -4.5% → +3.7%
  QCOM    20    55%W +0.2%    45%W -0.0%    45%W -0.5%    45%W -0.4%    50%W -0.1%    45%W -0.5%      -3.8% → +11.0%
  DDOG    20    65%W +0.2%    65%W +0.1%    60%W +0.2%    40%W -0.6%    50%W -0.0%    45%W -0.1%       -3.5% → +3.4%
  APP     20    50%W +0.2%    50%W -0.2%    45%W -0.4%    60%W +0.3%    45%W -0.4%    40%W -0.8%       -5.3% → +4.2%
  PLTR    20    70%W +0.3%    65%W +0.5%    50%W +0.1%    45%W -0.2%    55%W +0.4%    40%W -0.2%       -7.6% → +3.0%
  CHTR    20    45%W -0.2%    45%W -0.2%    30%W -0.4%    40%W -0.6%    30%W -0.5%    40%W -0.6%       -4.1% → +6.1%
  ARM     20    50%W +0.1%    40%W -0.2%    50%W -0.0%    45%W -0.2%    35%W -0.6%    40%W -0.7%       -2.5% → +1.8%
  AMD     20    70%W +0.5%    70%W +0.6%    55%W +0.3%    45%W -0.3%    50%W +0.1%    40%W -0.3%       -4.6% → +3.7%
  RDDT    20    65%W +0.6%    45%W -0.3%    50%W -0.2%    45%W -0.4%    40%W -1.1%    40%W -1.3%      -5.3% → +10.7%
Pre-session top-2 (9:25, 20d EOD win rate) — 2025-11-21  OR: 09:30/3b
  #1 LLY    +15m 70%W +0.2%  +30m 75%W +0.2%  +1h 80%W +0.3%  +2h 85%W +0.7%  +5h 80%W +0.9%  EOD 85%W +0.7%  EOD range -0.9% → +2.3%
  #2 TSLA   +15m 65%W +0.4%  +30m 60%W +0.3%  +1h 55%W +0.2%  +2h 55%W +0.4%  +5h 45%W -0.3%  EOD 60%W +0.1%  EOD range -6.5% → +3.9%
  Ticker   N          +15m          +30m           +1h           +2h           +5h           EOD           EOD range
  ----------------------------------------------------------------------------------------------------------------------
  LLY     20    70%W +0.2%    75%W +0.2%    80%W +0.3%    85%W +0.7%    80%W +0.9%    85%W +0.7%       -0.9% → +2.3%
  TSLA    20    65%W +0.4%    60%W +0.3%    55%W +0.2%    55%W +0.4%    45%W -0.3%    60%W +0.1%       -6.5% → +3.9%
  SNDK    20    60%W +1.1%    55%W +0.7%    50%W -0.2%    40%W -0.9%    60%W +0.6%    55%W +0.4%      -16.1% → +9.7%
  SNOW    20    75%W +0.6%    65%W +0.3%    55%W +0.3%    60%W +0.2%    60%W +0.4%    55%W +0.2%       -6.2% → +2.4%
  META    20    70%W +0.2%    50%W +0.0%    50%W +0.0%    30%W -0.3%    40%W -0.3%    50%W -0.1%       -2.6% → +2.2%
  CRWD    20    60%W +0.2%    40%W -0.2%    40%W -0.2%    35%W -0.2%    40%W -0.1%    50%W -0.1%       -6.6% → +3.0%
  AVGO    20    55%W +0.2%    50%W +0.0%    55%W +0.1%    35%W -0.3%    50%W -0.0%    50%W -0.0%       -5.9% → +2.6%
  SNPS    20    45%W -0.0%    35%W -0.3%    35%W -0.5%    40%W -0.5%    45%W -0.1%    45%W -0.2%       -4.5% → +1.9%
  SPOT    20    65%W +0.2%    65%W +0.1%    55%W +0.1%    55%W +0.0%    40%W -0.1%    45%W -0.2%       -4.5% → +2.4%
  MU      20    60%W +0.5%    55%W +0.3%    60%W +0.4%    40%W -0.6%    40%W -0.6%    40%W -0.8%       -9.2% → +3.0%
  MRVL    20    60%W +0.4%    55%W +0.1%    70%W +0.9%    45%W -0.4%    40%W -0.5%    40%W -0.7%       -7.9% → +3.7%
  QCOM    20    50%W +0.1%    40%W -0.1%    45%W -0.5%    40%W -0.8%    45%W -0.4%    40%W -0.7%      -4.9% → +11.0%
  CHTR    20    40%W -0.3%    45%W -0.1%    35%W -0.4%    45%W -0.5%    30%W -0.5%    40%W -0.6%       -4.1% → +6.1%
  ARM     20    50%W +0.1%    40%W -0.2%    50%W -0.0%    45%W -0.3%    35%W -1.1%    40%W -1.0%       -5.6% → +1.8%
  DDOG    20    60%W +0.2%    60%W +0.0%    55%W +0.2%    40%W -0.6%    50%W -0.0%    40%W -0.3%       -6.9% → +3.4%
  RDDT    20    60%W +0.4%    45%W -0.5%    45%W -0.5%    45%W -0.6%    40%W -1.3%    40%W -1.7%      -6.2% → +10.7%
  APP     20    50%W +0.2%    50%W -0.2%    45%W -0.4%    55%W +0.1%    40%W -0.8%    35%W -1.0%       -5.7% → +4.2%
  PLTR    20    70%W +0.3%    60%W +0.2%    45%W -0.2%    40%W -0.3%    50%W -0.1%    35%W -0.3%       -9.6% → +3.0%
  AMD     20    65%W +0.4%    65%W +0.4%    50%W -0.1%    40%W -0.4%    45%W -0.1%    35%W -0.4%      -10.5% → +3.7%
Pre-session top-2 (9:25, 20d EOD win rate) — 2025-11-24  OR: 09:30/3b
  #1 LLY    +15m 70%W +0.2%  +30m 75%W +0.2%  +1h 80%W +0.3%  +2h 85%W +0.7%  +5h 80%W +0.9%  EOD 85%W +0.8%  EOD range -0.9% → +2.3%
  #2 TSLA   +15m 65%W +0.4%  +30m 60%W +0.3%  +1h 55%W +0.2%  +2h 55%W +0.4%  +5h 50%W -0.0%  EOD 60%W +0.1%  EOD range -6.5% → +3.9%
  Ticker   N          +15m          +30m           +1h           +2h           +5h           EOD           EOD range
  ----------------------------------------------------------------------------------------------------------------------
  LLY     20    70%W +0.2%    75%W +0.2%    80%W +0.3%    85%W +0.7%    80%W +0.9%    85%W +0.8%       -0.9% → +2.3%
  TSLA    20    65%W +0.4%    60%W +0.3%    55%W +0.2%    55%W +0.4%    50%W -0.0%    60%W +0.1%       -6.5% → +3.9%
  SNDK    20    55%W +0.9%    50%W +0.2%    45%W -0.8%    35%W -0.9%    60%W +0.6%    55%W +0.4%      -16.1% → +9.7%
  META    20    70%W +0.2%    45%W -0.0%    45%W -0.3%    30%W -0.3%    40%W -0.3%    50%W -0.1%       -2.6% → +2.2%
  SNOW    20    70%W +0.6%    60%W +0.1%    50%W +0.2%    55%W +0.1%    55%W +0.3%    50%W +0.1%       -6.2% → +2.4%
  CRWD    20    55%W +0.1%    35%W -0.3%    40%W -0.2%    35%W -0.2%    45%W -0.1%    50%W -0.1%       -6.6% → +3.0%
  SNPS    20    40%W -0.2%    30%W -0.5%    30%W -0.5%    40%W -0.5%    45%W -0.1%    45%W -0.2%       -4.5% → +1.9%
  SPOT    20    65%W +0.2%    60%W +0.1%    55%W +0.1%    55%W +0.0%    40%W -0.1%    45%W -0.2%       -4.5% → +2.4%
  QCOM    20    55%W +0.2%    40%W -0.0%    45%W -0.3%    45%W -0.4%    50%W -0.1%    45%W -0.5%      -4.9% → +11.0%
  CHTR    20    40%W -0.3%    45%W -0.1%    35%W -0.4%    45%W -0.5%    35%W -0.4%    45%W -0.3%       -4.1% → +6.1%
  AVGO    20    55%W +0.2%    45%W -0.1%    50%W -0.0%    30%W -0.3%    50%W -0.0%    45%W -0.3%       -5.9% → +2.6%
  ARM     20    55%W +0.2%    40%W -0.3%    45%W -0.3%    40%W -0.5%    40%W -1.1%    45%W -1.0%       -5.6% → +1.8%
  DDOG    20    55%W +0.1%    55%W +0.0%    50%W +0.0%    40%W -0.6%    55%W +0.3%    45%W -0.1%       -6.9% → +3.4%
  MU      20    60%W +0.5%    50%W +0.1%    55%W +0.2%    35%W -0.6%    40%W -0.6%    40%W -0.8%       -9.2% → +3.0%
  MRVL    20    60%W +0.6%    55%W +0.1%    65%W +0.6%    45%W -0.4%    40%W -0.5%    40%W -0.7%       -7.9% → +3.7%
  APP     20    45%W -0.2%    45%W -0.8%    40%W -0.6%    50%W -0.4%    40%W -0.8%    35%W -1.0%       -5.7% → +4.2%
  PLTR    20    65%W +0.3%    55%W +0.2%    45%W -0.3%    40%W -0.4%    55%W +0.4%    35%W -0.3%       -9.6% → +3.0%
  AMD     20    60%W +0.3%    60%W +0.4%    45%W -0.2%    35%W -0.4%    45%W -0.1%    35%W -0.4%      -10.5% → +3.7%
  RDDT    20    55%W +0.3%    40%W -0.5%    40%W -0.7%    40%W -1.1%    35%W -1.3%    35%W -2.0%      -6.2% → +10.7%
Pre-session top-2 (9:25, 20d EOD win rate) — 2025-11-25  OR: 09:30/3b
  #1 LLY    +15m 70%W +0.2%  +30m 80%W +0.2%  +1h 85%W +0.3%  +2h 85%W +0.7%  +5h 80%W +0.9%  EOD 85%W +0.6%  EOD range -0.9% → +2.3%
  #2 SNDK   +15m 60%W +1.2%  +30m 55%W +0.7%  +1h 50%W -0.2%  +2h 40%W -0.6%  +5h 65%W +1.2%  EOD 60%W +0.7%  EOD range -16.1% → +9.7%
  Ticker   N          +15m          +30m           +1h           +2h           +5h           EOD           EOD range
  ----------------------------------------------------------------------------------------------------------------------
  LLY     20    70%W +0.2%    80%W +0.2%    85%W +0.3%    85%W +0.7%    80%W +0.9%    85%W +0.6%       -0.9% → +2.3%
  SNDK    20    60%W +1.2%    55%W +0.7%    50%W -0.2%    40%W -0.6%    65%W +1.2%    60%W +0.7%      -16.1% → +9.7%
  TSLA    20    65%W +0.5%    60%W +0.3%    55%W +0.2%    55%W +0.4%    50%W -0.0%    60%W +0.1%       -6.5% → +3.9%
  META    20    70%W +0.2%    45%W -0.0%    45%W -0.3%    35%W -0.3%    45%W -0.3%    55%W +0.0%       -2.6% → +2.2%
  CRWD    20    60%W +0.2%    40%W -0.2%    45%W -0.1%    40%W -0.1%    50%W +0.2%    55%W +0.2%       -6.6% → +3.0%
  SNOW    20    70%W +0.7%    65%W +0.3%    55%W +0.4%    55%W +0.1%    55%W +0.3%    50%W +0.1%       -6.2% → +2.4%
  SNPS    20    45%W -0.0%    35%W -0.3%    35%W -0.3%    45%W -0.3%    50%W -0.0%    50%W -0.1%       -4.5% → +2.8%
  DDOG    20    60%W +0.2%    60%W +0.0%    55%W +0.2%    45%W -0.3%    60%W +0.5%    50%W -0.1%       -6.9% → +3.4%
  SPOT    20    65%W +0.2%    55%W +0.1%    50%W +0.0%    50%W -0.1%    35%W -0.1%    45%W -0.2%       -4.5% → +2.4%
  MU      20    65%W +0.9%    55%W +0.4%    60%W +0.4%    40%W -0.4%    45%W -0.3%    45%W -0.4%       -9.2% → +3.0%
  QCOM    20    55%W +0.2%    40%W -0.0%    45%W -0.3%    45%W -0.4%    50%W -0.1%    45%W -0.5%       -4.9% → +1.9%
  AVGO    20    60%W +0.2%    50%W +0.0%    55%W +0.2%    35%W -0.3%    55%W +0.0%    45%W -0.3%       -5.9% → +3.9%
  ARM     20    60%W +0.4%    45%W -0.1%    45%W -0.3%    40%W -0.5%    40%W -1.1%    45%W -1.0%       -5.6% → +1.8%
  MRVL    20    65%W +0.8%    60%W +0.2%    65%W +0.6%    45%W -0.4%    40%W -0.5%    40%W -0.7%       -7.9% → +5.3%
  PLTR    20    65%W +0.2%    55%W +0.2%    45%W -0.3%    40%W -0.4%    55%W +0.5%    40%W -0.2%       -9.6% → +3.0%
  CHTR    20    40%W -0.3%    45%W -0.1%    40%W -0.4%    50%W -0.3%    35%W -0.4%    40%W -0.5%       -4.1% → +6.1%
  RDDT    20    55%W +0.3%    45%W -0.5%    45%W -0.5%    45%W -0.6%    40%W -1.2%    40%W -2.0%      -6.2% → +10.7%
  APP     20    50%W +0.2%    50%W -0.2%    45%W -0.4%    55%W +0.1%    40%W -0.8%    35%W -1.0%       -5.7% → +6.3%
  AMD     20    65%W +0.5%    65%W +0.6%    50%W -0.1%    40%W -0.4%    45%W -0.1%    35%W -0.4%      -10.5% → +3.7%
Pre-session top-2 (9:25, 20d EOD win rate) — 2025-11-26  OR: 09:30/3b
  #1 LLY    +15m 70%W +0.2%  +30m 75%W +0.2%  +1h 85%W +0.3%  +2h 90%W +0.7%  +5h 80%W +0.9%  EOD 85%W +0.8%  EOD range -0.9% → +2.3%
  #2 SNDK   +15m 65%W +1.4%  +30m 55%W +0.7%  +1h 50%W +0.1%  +2h 45%W -0.4%  +5h 70%W +1.7%  EOD 60%W +0.8%  EOD range -16.1% → +9.7%
  Ticker   N          +15m          +30m           +1h           +2h           +5h           EOD           EOD range
  ----------------------------------------------------------------------------------------------------------------------
  LLY     20    70%W +0.2%    75%W +0.2%    85%W +0.3%    90%W +0.7%    80%W +0.9%    85%W +0.8%       -0.9% → +2.3%
  SNDK    20    65%W +1.4%    55%W +0.7%    50%W +0.1%    45%W -0.4%    70%W +1.7%    60%W +0.8%      -16.1% → +9.7%
  META    20    75%W +0.3%    50%W +0.2%    50%W +0.0%    40%W -0.2%    50%W -0.1%    60%W +0.1%       -2.6% → +2.2%
  TSLA    20    70%W +0.5%    55%W +0.3%    50%W -0.0%    55%W +0.4%    50%W -0.0%    60%W +0.1%       -6.5% → +3.9%
  CRWD    20    60%W +0.2%    40%W -0.2%    45%W -0.1%    40%W -0.1%    50%W +0.2%    55%W +0.2%       -6.6% → +3.3%
  DDOG    20    65%W +0.3%    65%W +0.1%    55%W +0.4%    50%W -0.3%    60%W +0.6%    55%W +0.1%       -6.9% → +3.4%
  SNOW    20    70%W +0.7%    65%W +0.3%    55%W +0.4%    55%W +0.1%    55%W +0.3%    50%W +0.1%       -6.2% → +4.5%
  SNPS    20    50%W +0.0%    35%W -0.2%    40%W -0.2%    50%W +0.1%    50%W -0.0%    50%W -0.1%       -4.5% → +2.8%
  QCOM    20    60%W +0.2%    40%W -0.0%    50%W -0.1%    50%W -0.0%    55%W +0.0%    50%W -0.0%       -4.9% → +1.9%
  ARM     20    65%W +0.6%    45%W -0.2%    50%W -0.0%    45%W -0.3%    45%W -0.6%    50%W -0.4%       -5.6% → +2.5%
  SPOT    20    60%W +0.2%    50%W -0.0%    45%W -0.1%    45%W -0.3%    35%W -0.1%    45%W -0.2%       -4.5% → +2.4%
  MU      20    70%W +1.0%    55%W +0.4%    65%W +0.7%    40%W -0.4%    45%W -0.3%    45%W -0.4%       -9.2% → +3.3%
  MRVL    20    70%W +0.9%    60%W +0.2%    70%W +0.7%    50%W +0.1%    45%W -0.5%    45%W -0.7%       -7.9% → +5.3%
  PLTR    20    65%W +0.2%    55%W +0.2%    50%W +0.3%    45%W -0.2%    55%W +0.6%    45%W -0.2%       -9.6% → +3.5%
  AVGO    20    65%W +0.4%    50%W -0.0%    60%W +0.4%    40%W -0.3%    55%W +0.0%    45%W -0.3%       -5.9% → +3.9%
  RDDT    20    60%W +0.7%    50%W -0.2%    50%W +0.0%    50%W -0.0%    45%W -1.0%    45%W -1.3%      -6.2% → +10.7%
  APP     20    55%W +0.6%    50%W -0.0%    45%W -0.3%    55%W +0.1%    45%W -0.4%    40%W -0.8%       -5.7% → +6.3%
  AMD     20    65%W +0.5%    60%W +0.4%    55%W +0.1%    45%W -0.3%    50%W +0.1%    40%W -0.3%      -10.5% → +4.1%
  CHTR    20    40%W -0.3%    45%W -0.1%    40%W -0.4%    50%W -0.3%    30%W -0.4%    35%W -0.6%       -4.1% → +6.1%
Pre-session top-2 (9:25, 20d EOD win rate) — 2025-11-28  OR: 09:30/3b
  #1 LLY    +15m 65%W +0.2%  +30m 70%W +0.2%  +1h 80%W +0.3%  +2h 85%W +0.7%  +5h 80%W +0.9%  EOD 85%W +0.8%  EOD range -0.7% → +2.3%
  #2 TSLA   +15m 65%W +0.4%  +30m 50%W +0.1%  +1h 50%W -0.0%  +2h 55%W +0.4%  +5h 55%W +0.3%  EOD 60%W +0.2%  EOD range -6.5% → +3.9%
  Ticker   N          +15m          +30m           +1h           +2h           +5h           EOD           EOD range
  ----------------------------------------------------------------------------------------------------------------------
  LLY     20    65%W +0.2%    70%W +0.2%    80%W +0.3%    85%W +0.7%    80%W +0.9%    85%W +0.8%       -0.7% → +2.3%
  TSLA    20    65%W +0.4%    50%W +0.1%    50%W -0.0%    55%W +0.4%    55%W +0.3%    60%W +0.2%       -6.5% → +3.9%
  SNDK    20    60%W +1.3%    50%W +0.2%    45%W -0.4%    40%W -0.6%    65%W +1.2%    55%W +0.7%      -16.1% → +9.7%
  META    20    70%W +0.3%    55%W +0.3%    50%W +0.0%    40%W -0.2%    55%W +0.0%    55%W +0.0%       -2.6% → +2.2%
  QCOM    20    60%W +0.2%    40%W -0.0%    50%W -0.0%    55%W +0.1%    60%W +0.2%    55%W +0.3%       -4.9% → +1.9%
  DDOG    20    65%W +0.3%    60%W +0.1%    55%W +0.4%    50%W -0.3%    60%W +0.6%    55%W +0.1%       -6.9% → +3.4%
  SNPS    20    50%W +0.0%    40%W -0.1%    45%W -0.1%    55%W +0.4%    50%W -0.0%    50%W -0.1%       -4.5% → +2.8%
  CRWD    20    60%W +0.2%    40%W -0.2%    45%W -0.2%    40%W -0.2%    50%W +0.2%    50%W -0.1%       -6.6% → +3.3%
  ARM     20    60%W +0.6%    45%W -0.2%    50%W -0.2%    45%W -0.3%    45%W -0.5%    50%W -0.4%       -5.6% → +2.5%
  SNOW    20    65%W +0.7%    60%W +0.1%    50%W +0.2%    50%W -0.0%    50%W +0.1%    45%W -0.2%       -6.2% → +4.5%
  MU      20    65%W +0.9%    50%W +0.1%    60%W +0.4%    40%W -0.4%    45%W -0.3%    45%W -0.5%       -9.2% → +3.3%
  MRVL    20    65%W +0.9%    65%W +0.3%    70%W +0.8%    50%W +0.1%    50%W -0.2%    45%W -0.7%       -7.9% → +5.3%
  AVGO    20    65%W +0.5%    50%W -0.0%    60%W +0.4%    40%W -0.3%    55%W +0.1%    45%W -0.3%       -5.9% → +3.9%
  AMD     20    60%W +0.5%    65%W +0.6%    60%W +0.4%    50%W -0.1%    55%W +0.2%    45%W -0.3%      -10.5% → +4.1%
  APP     20    60%W +0.6%    50%W -0.1%    50%W +0.2%    55%W +0.2%    50%W -0.0%    40%W -0.8%       -5.7% → +6.3%
  SPOT    20    60%W +0.2%    50%W -0.0%    45%W -0.1%    40%W -0.3%    35%W -0.1%    40%W -0.6%       -4.5% → +2.4%
  PLTR    20    60%W +0.2%    50%W +0.1%    45%W -0.3%    45%W -0.2%    55%W +0.5%    40%W -0.3%       -9.6% → +3.5%
  RDDT    20    55%W +0.4%    50%W -0.3%    45%W -0.5%    45%W -0.6%    40%W -1.2%    40%W -2.0%      -6.2% → +10.7%
  CHTR    20    35%W -0.3%    45%W -0.1%    40%W -0.4%    50%W +0.0%    30%W -0.4%    35%W -0.4%       -4.1% → +6.1%

=========================================================================================================================================================================================
Pre-Session Top-2 Performance — 2025-11-03 to 2025-11-28  |  Unconditional OR-close entry  |  OR: 09:30/3b
=========================================================================================================================================================================================
Date         Ticker Rank  At       Entry       +15m       +30m       +45m        +1h     +1h30m        +2h        +3h        +4h        +5h        +6h        +7h        EOD
-----------------------------------------------------------------------------------------------------------------------------------------------------------------------------------------
2025-11-03   SNOW   #1    09:40   278.31    -0.12%L    -0.49%L    -1.30%L    -0.78%L    -0.27%L    -0.33%L    -0.11%L    -0.20%L    +0.30%W    -0.22%L    -0.42%L    -0.42%L
2025-11-03   SNPS   #2    09:40   448.62    -1.48%L    -1.94%L    -1.99%L    -1.38%L    -1.66%L    -1.20%L    -0.34%L    -0.62%L    -0.99%L    -0.50%L    -0.70%L    -0.70%L
2025-11-04   SNOW   #1    09:40   273.50    +0.97%W    +0.91%W    +0.08%W    -0.71%L    -1.80%L    -2.47%L    -2.47%L    -2.78%L    -3.51%L    -3.23%L    -2.94%L    -2.94%L
2025-11-04   LLY    #2    09:40   887.28    +0.20%W    +0.34%W    +2.94%W    +1.23%W    +1.93%W    +2.27%W    +1.40%W    +0.53%W    +1.79%W    +2.11%W    +2.28%W    +2.28%W
2025-11-05   SNOW   #1    09:40   264.50    +0.80%W    +0.16%W    +0.46%W    +0.43%W    +0.97%W    +1.37%W    +0.96%W    +1.06%W    +0.47%W    +0.17%W    +0.11%W    +0.11%W
2025-11-05   LLY    #2    09:40   922.26    +0.96%W    +1.07%W    +1.76%W    +2.38%W    +2.35%W    +2.58%W    +3.43%W    +2.77%W    +1.84%W    +1.27%W    +0.39%W    +0.39%W
2025-11-06   LLY    #1    09:40   919.10    +0.91%W    +1.15%W    +1.53%W    +1.84%W    +2.26%W    +2.17%W    +1.83%W    +0.41%W    +1.50%W    +2.02%W    +2.00%W    +2.00%W
2025-11-06   SNOW   #2    09:40   271.73    -1.27%L    -1.08%L    -0.98%L    -2.49%L    -2.48%L    -3.06%L    -2.92%L    -1.94%L    -1.80%L    -2.31%L    -2.57%L    -2.57%L
2025-11-07   LLY    #1    09:40   910.86    +0.32%W    -0.66%L    +0.35%W    +0.22%W    +0.10%W    +0.23%W    -0.39%L    +0.18%W    +0.83%W    +0.97%W    +1.49%W    +1.49%W
2025-11-07   SNOW   #2    09:40   257.09    +1.59%W    +0.82%W    +0.67%W    +0.44%W    +0.15%W    +0.58%W    +1.12%W    +1.83%W    +2.96%W    +2.09%W    +2.24%W    +2.24%W
2025-11-10   LLY    #1    09:40   965.89    +1.06%W    +1.32%W    +0.77%W    +0.31%W    +0.53%W    +0.83%W    +0.38%W    +0.22%W    -0.21%L    +0.19%W    +0.11%W    +0.11%W
2025-11-10   SNOW   #2    09:40   270.42    +0.28%W    +0.01%W    +0.08%W    -0.57%L    -0.67%L    +0.03%W    +0.44%W    -0.36%L    -0.18%L    -0.20%L    -0.71%L    -0.71%L
2025-11-11   LLY    #1    09:40   973.22    +0.26%W    +0.00%W    +0.42%W    +1.21%W    +1.29%W    +1.27%W    +2.42%W    +2.13%W    +1.59%W    +1.78%W    +1.59%W    +1.59%W
2025-11-11   SNOW   #2    09:40   267.77    +0.69%W    +0.78%W    +0.60%W    +0.97%W    +0.47%W    +0.51%W    +1.29%W    +1.70%W    +1.38%W    +1.56%W    +1.30%W    +1.30%W
2025-11-12   LLY    #1    09:40  1013.95    +0.14%W    -0.13%L    -0.63%L    -0.87%L    -0.88%L    -0.87%L    -0.69%L    -0.45%L    -0.46%L    +0.38%W    +0.40%W    +0.40%W
2025-11-12   SNOW   #2    09:40   273.25    -0.68%L    -1.01%L    +0.12%W    -0.02%L    -1.39%L    -1.90%L    -1.70%L    -1.60%L    -1.72%L    -1.15%L    -1.32%L    -1.32%L
2025-11-13   LLY    #1    09:40  1023.60    +0.74%W    +0.54%W    +0.50%W    +0.54%W    +0.46%W    +0.26%W    +0.48%W    +0.00%W    +0.23%W    -0.35%L    -0.04%L    -0.04%L
2025-11-13   SNOW   #2    09:40   260.90    +1.12%W    +1.85%W    +1.34%W    +0.66%W    +0.35%W    -0.49%L    -0.81%L    -1.89%L    -1.33%L    -0.86%L    -1.57%L    -1.57%L
2025-11-14   LLY    #1    09:40  1019.62    +0.52%W    +0.38%W    +0.96%W    +0.33%W    +0.70%W    +1.10%W    +1.09%W    +0.77%W    +1.16%W    +1.02%W    +0.64%W    +0.64%W
2025-11-14   SNOW   #2    09:40   251.13    +1.14%W    +0.10%W    +0.98%W    +2.01%W    +2.12%W    +2.85%W    +2.90%W    +2.21%W    +2.93%W    +2.71%W    +2.41%W    +2.41%W
2025-11-17   LLY    #1    09:40  1018.80    +0.23%W    -0.42%L    +0.05%W    -0.07%L    -0.07%L    +0.74%W    +0.81%W    +0.79%W    +0.46%W    +0.35%W    +0.38%W    +0.38%W
2025-11-17   SNOW   #2    09:40   257.69    -0.47%L    -0.78%L    -1.18%L    -1.08%L    -1.30%L    -0.53%L    -1.09%L    -1.42%L    -2.25%L    -2.14%L    -1.91%L    -1.91%L
2025-11-18   LLY    #1    09:40  1030.04    -0.54%L    -0.25%L    -0.11%L    -0.43%L    -0.08%L    +0.48%W    +0.88%W    +0.55%W    +0.37%W    +0.60%W    +0.03%W    +0.03%W
2025-11-18   SNDK   #2    09:40   246.16    -4.34%L    -3.91%L    -3.22%L    -3.23%L    -2.27%L    -0.88%L    +0.40%W    +1.64%W    +1.46%W    -0.35%L    -0.58%L    -0.58%L
2025-11-19   LLY    #1    09:40  1039.80    +0.69%W    +0.14%W    +0.08%W    +0.75%W    +0.89%W    +0.74%W    +1.21%W    +1.37%W    +0.88%W    +1.10%W    +0.89%W    +0.89%W
2025-11-19   SNOW   #2    09:40   252.95    +0.98%W    +0.79%W    +0.74%W    +0.81%W    +0.13%W    -0.10%L    -0.30%L    -0.22%L    +0.38%W    +0.59%W    +0.00%L    +0.00%L
2025-11-20   LLY    #1    09:40  1049.80    +0.40%W    +0.02%W    -0.13%L    +0.06%W    +0.44%W    -0.46%L    -0.72%L    -0.96%L    -0.12%L    -0.67%L    -0.68%L    -0.68%L
2025-11-20   TSLA   #2    09:40   422.64    +0.73%W    +0.30%W    +1.22%W    +1.13%W    -0.71%L    -1.98%L    -5.25%L    -4.93%L    -5.07%L    -5.62%L    -6.52%L    -6.52%L
2025-11-21   LLY    #1    09:40  1050.35    +0.27%W    +0.01%W    -0.13%L    +0.16%W    +0.02%W    +0.59%W    +1.24%W    +1.31%W    +1.30%W    +1.03%W    +0.97%W    +0.97%W
2025-11-21   TSLA   #2    09:40   398.11    -0.74%L    -0.86%L    -2.49%L    -2.66%L    -2.72%L    -1.05%L    +0.69%W    +0.02%W    +0.09%W    -0.78%L    -1.74%L    -1.74%L
2025-11-24   LLY    #1    09:40  1060.24    -0.69%L    +0.52%W    +0.74%W    +0.29%W    +1.04%W    +0.87%W    +0.37%W    +0.40%W    +0.34%W    +0.16%W    +0.63%W    +0.63%W
2025-11-24   TSLA   #2    09:40   408.16    +0.89%W    +1.87%W    +1.60%W    +2.07%W    +2.75%W    +2.50%W    +2.82%W    +2.72%W    +2.29%W    +2.43%W    +2.29%W    +2.29%W
2025-11-25   LLY    #1    09:40  1091.16    -0.57%L    -0.24%L    +0.06%W    +0.19%W    +0.27%W    +0.30%W    +1.18%W    +0.93%W    +1.01%W    +1.79%W    +1.69%W    +1.69%W
2025-11-25   SNDK   #2    09:40   216.11    +1.62%W    -2.60%L    -0.56%L    -0.14%L    -0.85%L    +0.65%W    +3.05%W    +4.12%W    +2.67%W    +1.63%W    +2.04%W    +2.04%W
2025-11-26   LLY    #1    09:40  1109.78    -0.19%L    -0.41%L    -0.60%L    -0.91%L    -0.37%L    -0.50%L    -0.54%L    -0.63%L    -0.44%L    -0.14%L    -0.44%L    -0.44%L
2025-11-26   SNDK   #2    09:40   222.34    -5.30%L    -4.87%L    -3.53%L    -2.95%L    -2.41%L    -0.90%L    -2.32%L    -2.17%L    -2.35%L    -0.54%L    -3.19%L    -3.19%L
2025-11-28   LLY    #1    09:40  1082.70    -0.57%L    -0.73%L    -0.27%L    -0.53%L    -0.52%L    -0.83%L    -0.78%L    -0.93%L    -0.80%L    -0.72%L    -0.76%L    -0.76%L
2025-11-28   TSLA   #2    09:40   428.68    +0.10%W    -0.24%L    -0.30%L    -0.11%L    +0.69%W    +0.19%W    +0.03%W    +0.33%W    +0.35%W    +0.36%W    +0.34%W    +0.34%W

========================================================================================
Pre-session picks summary — 38 pick(s) across 19 trading day(s)

Top-2 picks (all days)  (38 signal(s))
  Hold      Count   Win Rate   Avg Gain    Avg Win   Avg Loss ProfitFactor   Sum Ret%
  -------------------------------------------------------------------------
  +15m         38      65.8%     +0.02%     +0.70%     -1.30%        1.04x     +0.66%
  +30m         38      55.3%     -0.20%     +0.62%     -1.21%        0.63x     -7.54%
  +45m         38      60.5%     +0.02%     +0.78%     -1.16%        1.04x     +0.63%
  +1h          38      55.3%     -0.02%     +0.86%     -1.11%        0.95x     -0.90%
  +1h30m       38      55.3%     -0.01%     +0.95%     -1.20%        0.97x     -0.52%
  +2h          38      57.9%     +0.15%     +1.05%     -1.10%        1.32x     +5.57%
  +3h          38      60.5%     +0.26%     +1.32%     -1.36%        1.49x    +10.00%
  +4h          38      60.5%     +0.18%     +1.22%     -1.41%        1.33x     +6.87%
  +5h          38      63.2%     +0.19%     +1.19%     -1.52%        1.34x     +7.31%
  +6h          38      57.9%     +0.17%     +1.20%     -1.24%        1.33x     +6.56%
  +7h          38      55.3%     -0.05%     +1.15%     -1.53%        0.93x     -1.86%
  EOD          38      55.3%     -0.05%     +1.15%     -1.53%        0.93x     -1.86%

=========================================================================================================================================================================================
Signal Analysis — 2025-11-03 to 2025-11-28  |  BULL only  |  Vol ≥ 1.0x 20dAvg
Windows: 09:30/3b  |  Collection: 3 bars  |  Tickers: 19
=========================================================================================================================================================================================
Date         Ticker Window   At       Entry  Vol/20d       +15m       +30m       +45m        +1h     +1h30m        +2h        +3h        +4h        +5h        +6h        +7h        EOD
-----------------------------------------------------------------------------------------------------------------------------------------------------------------------------------------
2025-11-03   LLY    09:30/3b 09:40   877.96    1.46x    -0.12%L    +0.16%W    +0.07%W    +0.14%W    +0.77%W    +0.54%W    +1.76%W    +1.54%W    +2.33%W    +2.26%W    +2.15%W    +2.15%W
2025-11-03   TSLA   09:30/3b 09:40   463.71    1.31x    +2.11%W    +1.70%W    +1.14%W    +1.82%W    +1.33%W    +1.01%W    +0.98%W    +1.03%W    +0.58%W    +1.07%W    +1.00%W    +1.00%W
2025-11-03   DDOG   09:30/3b 09:40   164.33    1.58x    -0.47%L    -0.46%L    -1.45%L    -1.97%L    -1.45%L    -0.95%L    -0.71%L    -0.91%L    -0.17%L    -0.77%L    -1.34%L    -1.34%L
2025-11-03   RDDT   09:30/3b 09:40   212.44    1.52x    -1.23%L    -3.76%L    -4.65%L    -4.59%L    -5.52%L    -3.95%L    -4.46%L    -5.15%L    -3.40%L    -3.10%L    -3.51%L    -3.51%L
2025-11-04   SNOW   09:30/3b 09:40   273.50    1.05x    +0.97%W    +0.91%W    +0.08%W    -0.71%L    -1.80%L    -2.47%L    -2.47%L    -2.78%L    -3.51%L    -3.23%L    -2.94%L    -2.94%L
2025-11-05   SNOW   09:30/3b 09:40   264.50    1.34x    +0.80%W    +0.16%W    +0.46%W    +0.43%W    +0.97%W    +1.37%W    +0.96%W    +1.06%W    +0.47%W    +0.17%W    +0.11%W    +0.11%W
2025-11-05   SPOT   09:30/3b 09:40   642.71    2.60x    +0.24%W    -0.21%L    -0.42%L    -0.16%L    -0.12%L    -0.42%L    -1.15%L    -2.13%L    -3.03%L    -3.45%L    -3.53%L    -3.53%L
2025-11-05   MU     09:30/3b 09:40   230.48    1.71x    +1.35%W    +0.61%W    +1.96%W    +2.20%W    +2.06%W    +2.20%W    +2.55%W    +2.83%W    +3.57%W    +3.87%W    +3.00%W    +3.00%W
2025-11-05   LLY    09:30/3b 09:45   932.30    3.27x    -0.50%L    +0.03%W    +0.94%W    +1.51%W    +1.04%W    +1.79%W    +2.18%W    +1.44%W    +0.46%W    -0.17%L    -0.69%L    -0.69%L
2025-11-05   QCOM   09:30/3b 09:40   175.81    1.16x    +0.69%W    +0.13%W    +0.09%W    +0.13%W    +0.27%W    +0.80%W    +1.97%W    +2.85%W    +3.28%W    +3.21%W    +1.86%W    +1.86%W
2025-11-06   SNDK   09:30/3b 09:40   221.30    1.33x    -2.96%L    -4.83%L    -4.55%L    -6.43%L    -5.17%L    -5.19%L    -5.46%L    -4.32%L    -3.80%L    -4.29%L    -6.34%L    -6.34%L
2025-11-06   SNOW   09:30/3b 09:40   271.73    2.10x    -1.27%L    -1.08%L    -0.98%L    -2.49%L    -2.48%L    -3.06%L    -2.92%L    -1.94%L    -1.80%L    -2.31%L    -2.57%L    -2.57%L
2025-11-06   SPOT   09:30/3b 09:40   616.54    1.27x    -0.15%L    +0.17%W    +0.56%W    +0.14%W    +1.40%W    +0.99%W    +1.83%W    +0.54%W    +0.87%W    +0.34%W    +0.24%W    +0.24%W
2025-11-06   MU     09:30/3b 09:40   245.95    2.50x    -1.77%L    -3.39%L    -2.49%L    -3.93%L    -2.91%L    -3.98%L    -3.19%L    -2.20%L    -1.81%L    -2.83%L    -3.08%L    -3.08%L
2025-11-06   QCOM   09:30/3b 09:45   176.87    2.34x    +0.23%W    -1.02%L    -1.77%L    -2.78%L    -3.04%L    -3.60%L    -2.32%L    -1.61%L    -2.07%L    -1.84%L    -2.07%L    -2.07%L
2025-11-06   PLTR   09:30/3b 09:40   189.54    1.40x    -2.75%L    -3.82%L    -3.56%L    -4.99%L    -5.09%L    -6.41%L    -6.64%L    -5.97%L    -6.17%L    -7.31%L    -7.63%L    -7.63%L
2025-11-06   TSLA   09:30/3b 09:40   463.97    1.22x    -0.95%L    -2.63%L    -2.68%L    -3.76%L    -4.23%L    -5.28%L    -4.47%L    -3.35%L    -2.81%L    -3.65%L    -3.85%L    -3.85%L
2025-11-06   ARM    09:30/3b 09:45   162.87    1.97x    -1.76%L    -1.69%L    -3.96%L    -3.78%L    -3.60%L    -4.58%L    -2.86%L    -1.68%L    -2.52%L    -2.64%L    -2.84%L    -2.84%L
2025-11-07   SNDK   09:30/3b 09:40   218.22    3.56x    +4.62%W    +2.93%W    -1.70%L    -3.60%L    -5.30%L    -4.08%L    -1.98%L    +2.25%W    +4.39%W    +8.51%W    +9.68%W    +9.68%W
2025-11-07   SNPS   09:30/3b 09:40   399.51    1.27x    -0.33%L    -0.85%L    -1.38%L    -1.68%L    -2.20%L    -2.26%L    -2.88%L    -2.37%L    -1.01%L    -1.40%L    -1.54%L    -1.54%L
2025-11-07   MU     09:30/3b 09:40   234.82    2.15x    +3.06%W    +1.01%W    +0.24%W    -1.81%L    -3.48%L    -2.01%L    -2.33%L    -0.44%L    -0.30%L    +0.70%W    +1.31%W    +1.31%W
2025-11-10   SPOT   09:30/3b 09:40   625.81    1.00x    -0.52%L    -0.26%L    -0.36%L    -0.82%L    -1.44%L    -0.85%L    -0.87%L    -0.81%L    -0.92%L    -0.89%L    -0.46%L    -0.46%L
2025-11-11   SPOT   09:30/3b 09:40   625.06    1.30x    +0.46%W    +0.64%W    +0.20%W    +0.42%W    +0.57%W    +0.46%W    +0.90%W    +1.55%W    +1.73%W    +2.43%W    +2.38%W    +2.38%W
2025-11-11   LLY    09:30/3b 09:45   978.99    1.23x    -0.25%L    -0.74%L    +0.36%W    +0.49%W    +0.72%W    +0.73%W    +1.85%W    +1.24%W    +1.05%W    +1.11%W    +0.99%W    +0.99%W
2025-11-12   SNDK   09:30/3b 09:40   278.49    1.61x    -3.36%L    +1.48%W    -0.16%L    -1.01%L    -2.05%L    +0.38%W    -0.10%L    +0.05%W    +0.17%W    +1.04%W    +1.61%W    +1.61%W
2025-11-12   APP    09:30/3b 09:40   594.55    1.04x    -0.23%L    -1.21%L    -1.10%L    -1.59%L    -2.64%L    -2.10%L    -1.34%L    -1.30%L    -0.67%L    -1.61%L    -1.66%L    -1.66%L
2025-11-12   SNPS   09:30/3b 09:40   397.92    1.21x    -0.02%L    -0.14%L    +0.01%W    +0.17%W    +0.60%W    +0.59%W    +1.23%W    +0.33%W    +0.71%W    +0.76%W    +0.28%W    +0.28%W
2025-11-12   LLY    09:30/3b 09:40  1013.95    2.61x    +0.14%W    -0.13%L    -0.63%L    -0.87%L    -0.88%L    -0.87%L    -0.69%L    -0.45%L    -0.46%L    +0.38%W    +0.40%W    +0.40%W
2025-11-13   SNPS   09:30/3b 09:40   397.73    1.03x    -0.01%L    +0.76%W    +0.28%W    -0.15%L    +0.69%W    +0.77%W    +0.36%W    -0.90%L    -0.54%L    -0.30%L    -0.94%L    -0.94%L
2025-11-13   SPOT   09:30/3b 09:50   661.40    1.15x    +0.79%W    -0.26%L    -1.47%L    -1.72%L    -1.52%L    -1.20%L    -2.30%L    -3.49%L    -2.72%L    -2.59%L    -2.36%L    -2.36%L
2025-11-13   MU     09:30/3b 09:45   243.90    1.55x    -0.10%L    +0.86%W    -0.81%L    -2.52%L    -3.55%L    -2.86%L    -3.78%L    -5.25%L    -4.21%L    -2.89%L    -2.82%L    -2.82%L
2025-11-13   LLY    09:30/3b 09:40  1023.60    1.03x    +0.74%W    +0.54%W    +0.50%W    +0.54%W    +0.46%W    +0.26%W    +0.48%W    +0.00%W    +0.23%W    -0.35%L    -0.04%L    -0.04%L
2025-11-13   QCOM   09:30/3b 09:45   177.77    1.11x    -0.38%L    -0.39%L    -0.74%L    -0.75%L    -1.52%L    -1.71%L    -1.63%L    -2.15%L    -2.09%L    -1.76%L    -1.82%L    -1.82%L
2025-11-14   SNDK   09:30/3b 09:40   252.62    2.84x    +3.05%W    +1.65%W    +1.75%W    +3.40%W    +4.09%W    +6.11%W    +4.67%W    +2.62%W    +4.60%W    +1.66%W    +0.65%W    +0.65%W
2025-11-14   SPOT   09:30/3b 09:40   648.32    1.28x    +0.32%W    -0.66%L    -0.62%L    -0.11%L    -0.84%L    -0.82%L    -0.99%L    -1.75%L    -1.36%L    -2.09%L    -1.93%L    -1.93%L
2025-11-14   MU     09:30/3b 09:40   244.09    2.10x    +1.92%W    +0.47%W    +1.52%W    +2.35%W    +3.12%W    +3.78%W    +4.04%W    +2.13%W    +2.29%W    +1.39%W    +1.13%W    +1.13%W
2025-11-14   LLY    09:30/3b 09:40  1019.62    1.49x    +0.52%W    +0.38%W    +0.96%W    +0.33%W    +0.70%W    +1.10%W    +1.09%W    +0.77%W    +1.16%W    +1.02%W    +0.64%W    +0.64%W
2025-11-14   QCOM   09:30/3b 09:45   173.05    1.02x    -0.22%L    +0.11%W    +0.66%W    +1.25%W    +1.05%W    +1.15%W    +1.08%W    +0.73%W    +0.98%W    +0.29%W    +0.57%W    +0.57%W
2025-11-17   SNDK   09:30/3b 09:40   275.69    1.50x    +2.20%W    -0.19%L    +0.55%W    +0.26%W    -1.84%L    -0.94%L    -1.14%L    -1.67%L    -4.70%L    -5.35%L    -3.66%L    -3.66%L
2025-11-17   SNOW   09:30/3b 09:45   259.94    2.14x    -1.74%L    -2.25%L    -2.44%L    -2.10%L    -1.98%L    -1.41%L    -1.89%L    -2.14%L    -3.10%L    -2.84%L    -2.75%L    -2.75%L
2025-11-17   MU     09:30/3b 09:40   256.44    1.77x    +0.69%W    -0.89%L    -1.37%L    -0.93%L    -2.65%L    -2.23%L    -3.58%L    -4.51%L    -5.47%L    -6.09%L    -5.63%L    -5.63%L
2025-11-17   TSLA   09:30/3b 09:40   408.95    1.02x    +1.87%W    +1.12%W    +1.66%W    +1.76%W    +1.43%W    +2.80%W    +1.89%W    +0.80%W    -0.58%L    -0.68%L    -0.01%L    -0.01%L
2025-11-17   AVGO   09:30/3b 09:40   346.67    1.17x    +1.07%W    +0.18%W    +0.19%W    +0.36%W    -0.60%L    +0.11%W    -0.26%L    -0.40%L    -1.39%L    -1.92%L    -1.15%L    -1.15%L
2025-11-18   LLY    09:30/3b 09:40  1030.04    1.16x    -0.54%L    -0.25%L    -0.11%L    -0.43%L    -0.08%L    +0.48%W    +0.88%W    +0.55%W    +0.37%W    +0.60%W    +0.03%W    +0.03%W
2025-11-19   SNPS   09:30/3b 09:50   389.39    1.23x    +0.55%W    +2.21%W    +2.34%W    +1.54%W    +1.00%W    +1.21%W    -0.37%L    -0.64%L    -0.64%L    -0.59%L    -0.80%L    -0.80%L
2025-11-19   AVGO   09:30/3b 09:40   345.40    1.19x    +3.06%W    +2.90%W    +3.59%W    +3.33%W    +1.39%W    +1.61%W    +0.74%W    +0.92%W    +1.54%W    +2.77%W    +2.61%W    +2.61%W
2025-11-21   LLY    09:30/3b 09:50  1056.97    1.01x    -0.80%L    -0.66%L    -0.55%L    -0.32%L    -0.49%L    +0.09%W    +0.43%W    +0.77%W    +0.53%W    +0.18%W    +0.33%W    +0.33%W
2025-11-21   CHTR   09:30/3b 09:45   198.64    1.44x    +0.86%W    +0.21%W    +0.92%W    +0.40%W    -0.19%L    +0.56%W    +1.77%W    +1.63%W    +1.61%W    +1.78%W    +2.20%W    +2.20%W
2025-11-21   ARM    09:30/3b 09:50   131.51    1.28x    -1.53%L    -2.19%L    -4.29%L    -2.47%L    -1.97%L    -1.29%L    -0.87%L    +0.29%W    +0.40%W    +0.14%W    +0.02%W    +0.02%W
2025-11-24   SNDK   09:30/3b 09:40   219.00    1.11x    +2.28%W    +1.33%W    +2.35%W    +3.27%W    +3.42%W    +3.54%W    +3.69%W    +2.77%W    +2.80%W    +2.94%W    +3.64%W    +3.64%W
2025-11-24   MRVL   09:30/3b 09:45    79.98    1.08x    +1.12%W    +0.73%W    +1.19%W    +1.44%W    +1.88%W    +2.29%W    +3.38%W    +3.41%W    +3.91%W    +4.39%W    +4.73%W    +4.73%W
2025-11-24   TSLA   09:30/3b 09:40   408.16    1.28x    +0.89%W    +1.87%W    +1.60%W    +2.07%W    +2.75%W    +2.50%W    +2.82%W    +2.72%W    +2.29%W    +2.43%W    +2.29%W    +2.29%W
2025-11-24   AVGO   09:30/3b 09:40   363.59    2.85x    +0.03%W    +0.10%W    +1.03%W    +1.65%W    +2.77%W    +2.74%W    +2.85%W    +3.10%W    +3.56%W    +4.41%W    +3.88%W    +3.88%W
2025-11-24   AMD    09:30/3b 09:40   209.91    1.33x    +0.85%W    +0.93%W    +0.87%W    +0.83%W    +1.54%W    +1.99%W    +2.61%W    +2.57%W    +2.57%W    +2.96%W    +2.39%W    +2.39%W
2025-11-25   SNOW   09:30/3b 09:50   241.15    1.09x    +0.79%W    +0.89%W    +1.66%W    +1.68%W    +1.84%W    +2.21%W    +2.59%W    +2.87%W    +3.01%W    +3.96%W    +3.81%W    +3.81%W
2025-11-26   AVGO   09:30/3b 09:45   389.85    1.35x    +0.30%W    -0.26%L    +0.13%W    +0.48%W    +0.90%W    +1.05%W    +1.89%W    +1.67%W    +2.11%W    +2.09%W    +1.90%W    +1.90%W
2025-11-28   MRVL   09:30/3b 09:40    87.47    1.26x    +0.47%W    +0.21%W    +0.43%W    +1.06%W    +1.92%W    +1.55%W    +1.33%W    +2.53%W    +2.00%W    +1.75%W    +1.84%W    +1.84%W

========================================================================================
Summary — 57 qualifying signal(s) across 19 trading day(s)

Window 09:30/3b  (57 signal(s))
  Hold      Count   Win Rate   Avg Gain    Avg Win   Avg Loss ProfitFactor   Sum Ret%
  -------------------------------------------------------------------------
  +15m         57      56.1%     +0.26%     +1.22%     -0.96%        1.63x    +15.09%
  +30m         57      54.4%     -0.12%     +0.88%     -1.32%        0.80x     -6.80%
  +45m         57      56.1%     -0.24%     +0.95%     -1.77%        0.68x    -13.95%
  +1h          57      50.9%     -0.40%     +1.22%     -2.09%        0.61x    -23.02%
  +1h30m       57      47.4%     -0.53%     +1.51%     -2.35%        0.58x    -29.96%
  +2h          57      56.1%     -0.28%     +1.52%     -2.58%        0.76x    -15.77%
  +3h          57      50.9%     -0.15%     +1.89%     -2.27%        0.86x     -8.83%
  +4h          57      54.4%     -0.19%     +1.60%     -2.32%        0.82x    -10.74%
  +5h          57      52.6%     -0.10%     +1.85%     -2.27%        0.91x     -5.68%
  +6h          57      52.6%     -0.11%     +2.02%     -2.48%        0.91x     -6.33%
  +7h          57      52.6%     -0.18%     +1.92%     -2.52%        0.85x    -10.27%
  EOD          57      52.6%     -0.18%     +1.92%     -2.52%        0.85x    -10.27%
