Fetching 5-min bars (2025-03-17 → 2025-05-30) [alpaca]...
  [cache] loaded 20 tickers from cache
Fetching daily bars (2024-05-01 → 2025-05-30)...

=========================================================================================================================================================================================
Pre-Session Rankings (9:25) — 2025-05-01 to 2025-05-30  |  20d lookback
(Unconditional hold from OR close — no signal or vol filter)
=========================================================================================================================================================================================
Pre-session top-2 (9:25, 20d EOD win rate) — 2025-05-01  OR: 09:30/3b
  #1 SPOT   +15m 55%W +0.3%  +30m 40%W -0.1%  +1h 55%W +0.1%  +2h 50%W +0.0%  +5h 60%W +0.9%  EOD 60%W +0.4%  EOD range -4.8% → +9.2%
  #2 LLY    +15m 45%W -0.0%  +30m 65%W +0.2%  +1h 60%W +0.5%  +2h 45%W -0.3%  +5h 60%W +0.4%  EOD 60%W +0.3%  EOD range -3.7% → +7.2%
  Ticker   N          +15m          +30m           +1h           +2h           +5h           EOD           EOD range
  ----------------------------------------------------------------------------------------------------------------------
  SPOT    20    55%W +0.3%    40%W -0.1%    55%W +0.1%    50%W +0.0%    60%W +0.9%    60%W +0.4%       -4.8% → +9.2%
  LLY     20    45%W -0.0%    65%W +0.2%    60%W +0.5%    45%W -0.3%    60%W +0.4%    60%W +0.3%       -3.7% → +7.2%
  APP     20    45%W -0.1%    45%W -0.3%    55%W +0.2%    45%W -0.4%    55%W +1.4%    55%W +1.1%      -8.0% → +15.8%
  MRVL    20    40%W -0.2%    50%W -0.0%    50%W +0.0%    35%W -0.6%    40%W -0.8%    55%W +0.2%      -9.2% → +19.8%
  CRWD    20    60%W +0.1%    60%W +0.5%    60%W +0.6%    50%W +0.0%    55%W +0.9%    55%W +0.9%      -5.1% → +13.9%
  QCOM    20    50%W -0.0%    60%W +0.2%    60%W +0.2%    35%W -0.5%    45%W -0.3%    55%W +0.0%      -6.5% → +14.0%
  RDDT    20    45%W -0.4%    45%W -0.4%    50%W -0.2%    30%W -0.7%    50%W +0.1%    55%W +0.5%      -8.6% → +23.0%
  SNPS    20    35%W -0.1%    35%W -0.3%    55%W +0.2%    40%W -0.2%    55%W +0.2%    50%W +0.1%      -3.6% → +12.2%
  PLTR    20    60%W +0.4%    50%W +0.1%    60%W +0.3%    50%W -0.2%    70%W +0.7%    50%W +0.3%      -8.2% → +15.8%
  CHTR    20    55%W +0.1%    45%W -0.1%    55%W +0.1%    50%W -0.1%    50%W +0.0%    50%W -0.2%      -6.8% → +10.2%
  TSLA    20    55%W +0.1%    70%W +0.4%    60%W +0.6%    55%W +0.3%    45%W -0.3%    50%W +0.1%      -9.3% → +18.9%
  AVGO    20    50%W +0.1%    55%W +0.2%    50%W -0.0%    40%W -0.2%    55%W +0.3%    50%W +0.2%      -6.2% → +15.1%
  SNOW    20    30%W -0.2%    40%W -0.2%    50%W +0.0%    45%W -0.5%    50%W -0.1%    45%W -0.2%      -3.7% → +13.8%
  ARM     20    45%W -0.2%    50%W +0.1%    45%W -0.1%    45%W -0.4%    55%W +0.3%    45%W -0.1%      -9.8% → +21.0%
  DDOG    20    45%W -0.0%    55%W +0.1%    60%W +0.3%    45%W -0.1%    45%W -0.1%    45%W -0.1%      -4.6% → +11.9%
  SNDK    20    45%W -0.1%    50%W +0.0%    45%W -0.5%    30%W -1.4%    35%W -1.5%    40%W -1.9%     -13.6% → +13.7%
  META    20    50%W +0.0%    55%W +0.1%    45%W -0.1%    35%W -0.3%    45%W -0.5%    40%W -0.6%      -5.9% → +14.5%
  MU      20    35%W -0.4%    40%W -0.3%    45%W -0.6%    35%W -1.5%    45%W -0.3%    40%W -0.6%      -9.2% → +19.1%
  AMD     20    65%W +0.2%    65%W +0.3%    55%W +0.2%    40%W -0.8%    40%W -0.2%    40%W -0.3%     -10.5% → +20.9%
Pre-session top-2 (9:25, 20d EOD win rate) — 2025-05-02  OR: 09:30/3b
  #1 SPOT   +15m 55%W +0.3%  +30m 40%W -0.0%  +1h 60%W +0.2%  +2h 50%W +0.1%  +5h 65%W +0.9%  EOD 60%W +0.4%  EOD range -4.8% → +9.2%
  #2 APP    +15m 40%W -0.2%  +30m 50%W -0.0%  +1h 60%W +0.6%  +2h 45%W -0.4%  +5h 55%W +0.8%  EOD 55%W +0.2%  EOD range -8.0% → +15.8%
  Ticker   N          +15m          +30m           +1h           +2h           +5h           EOD           EOD range
  ----------------------------------------------------------------------------------------------------------------------
  SPOT    20    55%W +0.3%    40%W -0.0%    60%W +0.2%    50%W +0.1%    65%W +0.9%    60%W +0.4%       -4.8% → +9.2%
  APP     20    40%W -0.2%    50%W -0.0%    60%W +0.6%    45%W -0.4%    55%W +0.8%    55%W +0.2%      -8.0% → +15.8%
  LLY     20    45%W -0.0%    65%W +0.1%    60%W +0.5%    40%W -0.5%    55%W +0.1%    55%W +0.1%       -4.6% → +7.2%
  MRVL    20    40%W -0.2%    50%W -0.0%    50%W +0.0%    35%W -0.6%    40%W -0.8%    55%W +0.2%      -9.2% → +19.8%
  CRWD    20    60%W +0.1%    55%W +0.5%    60%W +0.9%    50%W +0.0%    55%W +0.9%    55%W +0.5%      -5.1% → +13.9%
  RDDT    20    45%W -0.4%    50%W -0.2%    55%W +0.0%    35%W -0.7%    50%W +0.1%    55%W +0.5%      -8.6% → +23.0%
  QCOM    20    50%W -0.0%    55%W +0.2%    60%W +0.2%    30%W -0.5%    40%W -0.5%    50%W -0.1%      -6.5% → +14.0%
  SNPS    20    35%W -0.1%    35%W -0.2%    55%W +0.2%    40%W -0.2%    55%W +0.2%    45%W -0.4%      -3.6% → +12.2%
  PLTR    20    55%W +0.3%    50%W +0.1%    60%W +0.3%    45%W -0.5%    65%W +0.4%    45%W -0.3%      -8.2% → +15.8%
  CHTR    20    55%W +0.1%    45%W -0.1%    50%W -0.1%    45%W -0.2%    45%W -0.4%    45%W -0.6%      -6.8% → +10.2%
  TSLA    20    50%W -0.0%    65%W +0.3%    60%W +0.6%    55%W +0.3%    40%W -0.4%    45%W -0.4%      -9.3% → +18.9%
  AVGO    20    50%W +0.1%    55%W +0.2%    50%W -0.0%    40%W -0.2%    55%W +0.3%    45%W -0.1%      -6.2% → +15.1%
  DDOG    20    45%W -0.0%    55%W +0.1%    60%W +0.2%    45%W -0.1%    45%W -0.1%    45%W -0.1%      -4.6% → +11.9%
  SNDK    20    45%W -0.1%    50%W +0.0%    45%W -0.5%    30%W -2.0%    35%W -2.0%    40%W -2.4%     -13.6% → +13.7%
  META    20    50%W +0.0%    55%W +0.1%    50%W +0.0%    40%W -0.3%    50%W -0.1%    40%W -0.7%      -5.9% → +14.5%
  SNOW    20    35%W -0.2%    40%W -0.3%    50%W +0.0%    45%W -0.5%    50%W -0.1%    40%W -0.2%      -3.7% → +13.8%
  ARM     20    45%W -0.2%    45%W -0.1%    45%W -0.1%    45%W -0.4%    55%W +0.3%    40%W -0.5%      -9.8% → +21.0%
  MU      20    35%W -0.5%    40%W -0.3%    45%W -0.6%    35%W -1.5%    45%W -0.3%    35%W -0.9%      -9.2% → +19.1%
  AMD     20    65%W +0.2%    60%W +0.3%    55%W +0.2%    40%W -0.8%    40%W -0.3%    35%W -0.5%     -10.5% → +20.9%
Pre-session top-2 (9:25, 20d EOD win rate) — 2025-05-05  OR: 09:30/3b
  #1 APP    +15m 40%W -0.3%  +30m 55%W +0.1%  +1h 65%W +1.0%  +2h 50%W +0.1%  +5h 60%W +1.4%  EOD 60%W +1.1%  EOD range -8.0% → +15.8%
  #2 SPOT   +15m 50%W +0.0%  +30m 40%W -0.0%  +1h 65%W +0.4%  +2h 50%W +0.1%  +5h 65%W +1.1%  EOD 60%W +0.7%  EOD range -4.8% → +9.2%
  Ticker   N          +15m          +30m           +1h           +2h           +5h           EOD           EOD range
  ----------------------------------------------------------------------------------------------------------------------
  APP     20    40%W -0.3%    55%W +0.1%    65%W +1.0%    50%W +0.1%    60%W +1.4%    60%W +1.1%      -8.0% → +15.8%
  SPOT    20    50%W +0.0%    40%W -0.0%    65%W +0.4%    50%W +0.1%    65%W +1.1%    60%W +0.7%       -4.8% → +9.2%
  CRWD    20    60%W +0.1%    60%W +0.5%    60%W +0.9%    55%W +0.2%    60%W +0.9%    60%W +0.5%      -5.1% → +13.9%
  LLY     20    45%W -0.0%    65%W +0.1%    60%W +0.5%    40%W -0.5%    55%W +0.1%    55%W +0.1%       -4.6% → +7.2%
  MRVL    20    35%W -0.2%    45%W -0.1%    50%W +0.0%    35%W -0.7%    45%W -0.4%    55%W +0.2%      -9.2% → +19.8%
  QCOM    20    55%W +0.0%    60%W +0.2%    65%W +0.2%    35%W -0.5%    45%W -0.3%    55%W +0.0%      -6.5% → +14.0%
  RDDT    20    45%W -0.4%    55%W +0.1%    60%W +0.2%    35%W -0.7%    45%W -0.1%    55%W +0.5%      -8.6% → +23.0%
  PLTR    20    55%W +0.3%    55%W +0.3%    65%W +0.6%    45%W -0.5%    65%W +0.7%    50%W +0.3%      -8.2% → +15.8%
  CHTR    20    55%W +0.1%    50%W -0.0%    50%W +0.0%    45%W -0.1%    50%W +0.1%    50%W -0.2%      -6.8% → +10.2%
  TSLA    20    50%W -0.2%    65%W +0.3%    60%W +0.6%    60%W +0.4%    45%W -0.3%    50%W +0.1%      -9.3% → +18.9%
  AVGO    20    50%W -0.0%    60%W +0.4%    55%W +0.1%    45%W -0.1%    60%W +0.5%    50%W +0.2%      -6.2% → +15.1%
  SNDK    20    40%W -0.2%    50%W +0.0%    50%W -0.1%    30%W -1.4%    40%W -1.4%    45%W -1.9%     -13.6% → +13.7%
  META    20    50%W +0.0%    55%W +0.1%    50%W +0.1%    40%W -0.3%    50%W -0.1%    45%W -0.5%      -5.9% → +14.5%
  SNPS    20    35%W -0.1%    40%W -0.1%    60%W +0.2%    45%W -0.1%    60%W +0.4%    45%W -0.4%      -3.6% → +12.2%
  ARM     20    45%W -0.2%    45%W -0.1%    50%W +0.1%    50%W -0.1%    60%W +0.6%    45%W -0.1%      -9.8% → +21.0%
  DDOG    20    45%W -0.0%    60%W +0.2%    60%W +0.2%    45%W -0.1%    45%W -0.1%    45%W -0.1%      -4.6% → +11.9%
  SNOW    20    35%W -0.2%    45%W -0.2%    50%W +0.0%    45%W -0.3%    55%W +0.2%    40%W -0.1%      -3.5% → +13.8%
  MU      20    35%W -0.5%    40%W -0.2%    45%W -0.4%    40%W -1.2%    50%W +0.0%    40%W -0.6%      -9.2% → +19.1%
  AMD     20    60%W +0.2%    60%W +0.3%    55%W +0.2%    40%W -0.4%    40%W -0.2%    35%W -0.5%     -10.5% → +20.9%
Pre-session top-2 (9:25, 20d EOD win rate) — 2025-05-06  OR: 09:30/3b
  #1 APP    +15m 40%W -0.3%  +30m 60%W +0.3%  +1h 70%W +1.2%  +2h 55%W +0.5%  +5h 65%W +2.2%  EOD 65%W +1.7%  EOD range -8.0% → +15.8%
  #2 SPOT   +15m 50%W +0.0%  +30m 45%W -0.0%  +1h 70%W +0.5%  +2h 55%W +0.2%  +5h 70%W +1.3%  EOD 65%W +0.7%  EOD range -4.8% → +9.2%
  Ticker   N          +15m          +30m           +1h           +2h           +5h           EOD           EOD range
  ----------------------------------------------------------------------------------------------------------------------
  APP     20    40%W -0.3%    60%W +0.3%    70%W +1.2%    55%W +0.5%    65%W +2.2%    65%W +1.7%      -8.0% → +15.8%
  SPOT    20    50%W +0.0%    45%W -0.0%    70%W +0.5%    55%W +0.2%    70%W +1.3%    65%W +0.7%       -4.8% → +9.2%
  CRWD    20    60%W +0.1%    65%W +0.6%    65%W +0.9%    55%W +0.2%    65%W +1.2%    65%W +0.5%      -5.1% → +13.9%
  MRVL    20    40%W -0.2%    50%W +0.0%    55%W +0.2%    40%W -0.5%    50%W -0.0%    60%W +0.3%      -9.2% → +19.8%
  QCOM    20    55%W +0.0%    60%W +0.2%    70%W +0.2%    40%W -0.4%    50%W +0.3%    60%W +0.1%      -6.5% → +14.0%
  RDDT    20    40%W -0.4%    55%W +0.1%    65%W +0.3%    40%W -0.5%    50%W +0.1%    60%W +0.6%      -8.6% → +23.0%
  LLY     20    40%W -0.0%    70%W +0.1%    65%W +0.5%    40%W -0.6%    60%W +0.2%    55%W +0.1%       -4.6% → +7.2%
  PLTR    20    55%W +0.3%    60%W +0.4%    70%W +0.6%    50%W -0.1%    70%W +1.2%    55%W +1.1%      -8.2% → +15.8%
  CHTR    20    60%W +0.2%    55%W +0.1%    55%W +0.2%    50%W +0.1%    55%W +0.6%    55%W +0.1%      -6.4% → +10.2%
  SNDK    20    40%W -0.2%    55%W +0.3%    55%W +0.3%    35%W -1.2%    45%W -0.5%    50%W -0.5%      -9.9% → +13.7%
  META    20    50%W +0.0%    55%W +0.1%    55%W +0.2%    40%W -0.3%    55%W +0.4%    50%W -0.2%      -5.9% → +14.5%
  SNPS    20    35%W -0.1%    45%W -0.0%    65%W +0.3%    50%W +0.2%    65%W +0.7%    50%W +0.1%      -3.6% → +12.2%
  TSLA    20    45%W -0.4%    65%W +0.3%    60%W +0.6%    60%W +0.4%    50%W +0.3%    50%W +0.1%      -9.3% → +18.9%
  ARM     20    40%W -0.3%    45%W -0.1%    50%W +0.1%    45%W -0.4%    65%W +0.9%    50%W +0.0%      -9.8% → +21.0%
  DDOG    20    45%W -0.0%    65%W +0.3%    65%W +0.3%    45%W -0.1%    50%W +0.1%    50%W +0.0%      -4.6% → +11.9%
  MU      20    30%W -0.5%    40%W -0.2%    45%W -0.3%    40%W -0.7%    55%W +0.2%    45%W -0.3%      -9.2% → +19.1%
  AVGO    20    45%W -0.1%    60%W +0.4%    60%W +0.1%    45%W -0.1%    60%W +0.4%    45%W -0.1%      -6.2% → +15.1%
  SNOW    20    35%W -0.2%    50%W -0.0%    55%W +0.2%    45%W -0.3%    60%W +0.2%    40%W -0.1%      -3.5% → +13.8%
  AMD     20    60%W +0.2%    65%W +0.5%    60%W +0.2%    40%W -0.3%    45%W -0.2%    40%W -0.2%     -10.5% → +20.9%
Pre-session top-2 (9:25, 20d EOD win rate) — 2025-05-07  OR: 09:30/3b
  #1 APP    +15m 35%W -0.4%  +30m 55%W +0.1%  +1h 70%W +1.1%  +2h 55%W +0.5%  +5h 65%W +1.7%  EOD 65%W +1.7%  EOD range -8.0% → +15.8%
  #2 CRWD   +15m 55%W +0.1%  +30m 60%W +0.5%  +1h 65%W +0.9%  +2h 55%W +0.2%  +5h 65%W +1.2%  EOD 65%W +0.5%  EOD range -5.1% → +13.9%
  Ticker   N          +15m          +30m           +1h           +2h           +5h           EOD           EOD range
  ----------------------------------------------------------------------------------------------------------------------
  APP     20    35%W -0.4%    55%W +0.1%    70%W +1.1%    55%W +0.5%    65%W +1.7%    65%W +1.7%      -8.0% → +15.8%
  CRWD    20    55%W +0.1%    60%W +0.5%    65%W +0.9%    55%W +0.2%    65%W +1.2%    65%W +0.5%      -5.1% → +13.9%
  SPOT    20    45%W -0.1%    40%W -0.0%    65%W +0.4%    50%W +0.1%    65%W +1.1%    60%W +0.4%       -4.8% → +9.2%
  MRVL    20    35%W -0.3%    50%W +0.0%    55%W +0.2%    40%W -0.5%    50%W -0.0%    60%W +0.3%      -9.2% → +19.8%
  QCOM    20    50%W -0.0%    60%W +0.2%    70%W +0.2%    40%W -0.4%    50%W +0.3%    60%W +0.1%      -6.5% → +14.0%
  PLTR    20    50%W +0.1%    55%W +0.3%    65%W +0.6%    45%W -0.4%    65%W +0.7%    55%W +0.5%      -8.2% → +15.7%
  CHTR    20    60%W +0.2%    55%W +0.1%    55%W +0.2%    50%W +0.1%    55%W +0.6%    55%W +0.1%      -6.4% → +10.2%
  RDDT    20    35%W -0.5%    50%W -0.2%    60%W +0.2%    35%W -0.9%    45%W -0.1%    55%W +0.5%      -8.6% → +23.0%
  SNPS    20    30%W -0.1%    45%W -0.0%    65%W +0.3%    50%W +0.2%    65%W +0.7%    50%W +0.1%      -3.6% → +12.2%
  LLY     20    35%W -0.0%    65%W +0.1%    60%W +0.4%    35%W -0.8%    55%W +0.1%    50%W -0.1%       -4.6% → +7.2%
  ARM     20    35%W -0.4%    40%W -0.2%    50%W -0.0%    45%W -0.4%    65%W +0.9%    50%W +0.0%      -9.8% → +21.0%
  DDOG    20    40%W -0.1%    65%W +0.3%    65%W +0.3%    45%W -0.1%    50%W +0.1%    50%W +0.0%      -4.6% → +11.9%
  SNDK    20    35%W -0.2%    55%W +0.2%    55%W +0.3%    35%W -1.2%    45%W -0.5%    45%W -0.9%      -9.9% → +13.7%
  META    20    45%W -0.2%    50%W -0.1%    50%W +0.1%    35%W -0.5%    50%W -0.1%    45%W -0.6%      -5.9% → +14.5%
  MU      20    25%W -0.5%    35%W -0.3%    45%W -0.3%    40%W -0.7%    55%W +0.2%    45%W -0.3%      -9.2% → +19.1%
  TSLA    20    40%W -0.6%    60%W +0.2%    55%W +0.5%    55%W +0.3%    45%W -0.3%    45%W -0.2%      -9.3% → +18.9%
  AVGO    20    40%W -0.1%    60%W +0.2%    60%W +0.1%    45%W -0.1%    60%W +0.4%    45%W -0.1%      -6.2% → +15.1%
  SNOW    20    30%W -0.2%    50%W -0.1%    55%W +0.2%    45%W -0.3%    60%W +0.2%    40%W -0.1%      -3.5% → +13.8%
  AMD     20    55%W +0.1%    65%W +0.4%    60%W +0.2%    40%W -0.3%    45%W -0.2%    40%W -0.2%     -10.5% → +20.9%
Pre-session top-2 (9:25, 20d EOD win rate) — 2025-05-08  OR: 09:30/3b
  #1 APP    +15m 35%W -0.4%  +30m 55%W +0.1%  +1h 75%W +1.1%  +2h 55%W +0.5%  +5h 65%W +1.7%  EOD 70%W +1.7%  EOD range -6.5% → +15.8%
  #2 SPOT   +15m 45%W -0.1%  +30m 40%W -0.0%  +1h 65%W +0.4%  +2h 55%W +0.2%  +5h 70%W +1.3%  EOD 65%W +0.7%  EOD range -4.2% → +9.2%
  Ticker   N          +15m          +30m           +1h           +2h           +5h           EOD           EOD range
  ----------------------------------------------------------------------------------------------------------------------
  APP     20    35%W -0.4%    55%W +0.1%    75%W +1.1%    55%W +0.5%    65%W +1.7%    70%W +1.7%      -6.5% → +15.8%
  SPOT    20    45%W -0.1%    40%W -0.0%    65%W +0.4%    55%W +0.2%    70%W +1.3%    65%W +0.7%       -4.2% → +9.2%
  MRVL    20    35%W -0.3%    50%W +0.0%    50%W +0.0%    40%W -0.5%    55%W +0.1%    65%W +0.5%      -6.4% → +19.8%
  CRWD    20    55%W +0.1%    60%W +0.4%    60%W +0.9%    55%W +0.1%    65%W +1.2%    65%W +0.5%      -3.9% → +13.9%
  QCOM    20    50%W -0.0%    60%W +0.2%    70%W +0.2%    45%W -0.2%    55%W +0.8%    65%W +0.3%      -2.4% → +14.0%
  SNPS    20    30%W -0.1%    40%W -0.1%    65%W +0.2%    50%W +0.1%    70%W +0.8%    55%W +0.5%      -3.6% → +12.2%
  LLY     20    35%W -0.0%    65%W +0.1%    65%W +0.4%    35%W -0.6%    55%W +0.1%    55%W +0.0%       -4.6% → +7.2%
  PLTR    20    50%W +0.1%    55%W +0.2%    60%W +0.3%    45%W -0.5%    65%W +0.7%    55%W +0.5%      -4.2% → +15.7%
  CHTR    20    60%W +0.2%    60%W +0.1%    60%W +0.2%    50%W +0.1%    55%W +0.6%    55%W +0.1%      -3.8% → +10.2%
  ARM     20    30%W -0.4%    35%W -0.2%    50%W -0.0%    45%W -0.4%    65%W +0.9%    55%W +0.2%      -4.0% → +21.0%
  RDDT    20    40%W -0.4%    55%W +0.1%    65%W +0.3%    35%W -0.9%    45%W -0.1%    55%W +0.5%      -4.8% → +23.0%
  SNDK    20    35%W -0.2%    55%W +0.2%    55%W +0.3%    35%W -1.1%    50%W -0.2%    50%W +0.3%      -9.9% → +13.7%
  META    20    40%W -0.2%    50%W -0.1%    55%W +0.2%    40%W -0.3%    55%W +0.4%    50%W -0.2%      -3.2% → +14.5%
  MU      20    20%W -0.5%    35%W -0.3%    50%W -0.1%    45%W -0.6%    60%W +0.2%    50%W +0.0%      -2.7% → +19.1%
  AVGO    20    40%W -0.1%    60%W +0.2%    65%W +0.2%    50%W -0.0%    65%W +0.5%    50%W +0.2%      -2.0% → +15.1%
  DDOG    20    40%W -0.1%    65%W +0.3%    60%W +0.2%    40%W -0.3%    50%W +0.1%    50%W +0.0%      -2.4% → +11.9%
  SNOW    20    30%W -0.2%    50%W -0.1%    50%W +0.0%    40%W -0.4%    65%W +0.3%    45%W -0.1%      -2.6% → +13.8%
  TSLA    20    35%W -0.6%    55%W +0.1%    50%W +0.3%    50%W -0.1%    45%W -0.3%    45%W -0.2%      -2.9% → +18.9%
  AMD     20    50%W -0.2%    60%W +0.2%    55%W +0.2%    40%W -0.3%    45%W -0.2%    40%W -0.2%      -2.5% → +20.9%
Pre-session top-2 (9:25, 20d EOD win rate) — 2025-05-09  OR: 09:30/3b
  #1 APP    +15m 30%W -0.4%  +30m 60%W +0.2%  +1h 75%W +1.1%  +2h 55%W +0.5%  +5h 60%W +1.3%  EOD 65%W +1.5%  EOD range -6.5% → +4.7%
  #2 MRVL   +15m 35%W -0.3%  +30m 55%W +0.2%  +1h 55%W +0.2%  +2h 45%W -0.3%  +5h 55%W +0.1%  EOD 65%W +0.4%  EOD range -6.4% → +3.8%
  Ticker   N          +15m          +30m           +1h           +2h           +5h           EOD           EOD range
  ----------------------------------------------------------------------------------------------------------------------
  APP     20    30%W -0.4%    60%W +0.2%    75%W +1.1%    55%W +0.5%    60%W +1.3%    65%W +1.5%       -6.5% → +4.7%
  MRVL    20    35%W -0.3%    55%W +0.2%    55%W +0.2%    45%W -0.3%    55%W +0.1%    65%W +0.4%       -6.4% → +3.8%
  CRWD    20    55%W +0.1%    60%W +0.4%    60%W +0.6%    55%W +0.2%    65%W +0.9%    65%W +0.3%       -3.9% → +3.7%
  QCOM    20    55%W +0.0%    60%W +0.2%    70%W +0.2%    50%W -0.0%    55%W +0.8%    65%W +0.3%       -2.4% → +4.2%
  SPOT    20    40%W -0.3%    40%W -0.0%    65%W +0.4%    60%W +0.2%    70%W +1.1%    60%W +0.4%       -4.2% → +5.2%
  SNPS    20    35%W -0.1%    40%W -0.1%    65%W +0.2%    55%W +0.3%    70%W +0.8%    55%W +0.3%       -3.6% → +2.2%
  LLY     20    35%W -0.1%    60%W +0.1%    65%W +0.4%    35%W -0.3%    55%W +0.1%    55%W +0.0%       -4.6% → +3.5%
  PLTR    20    50%W +0.1%    60%W +0.3%    60%W +0.3%    50%W -0.0%    65%W +0.7%    55%W +0.5%       -4.2% → +5.6%
  RDDT    20    35%W -0.4%    60%W +0.2%    65%W +0.3%    40%W -0.5%    45%W -0.1%    55%W +0.5%       -4.8% → +5.0%
  SNDK    20    40%W -0.2%    60%W +0.3%    55%W +0.5%    35%W -1.1%    50%W -0.2%    50%W +0.3%       -9.9% → +9.3%
  MU      20    20%W -0.5%    35%W -0.2%    55%W +0.1%    50%W -0.2%    60%W +0.2%    50%W +0.0%       -2.7% → +4.1%
  CHTR    20    60%W +0.1%    55%W +0.1%    55%W +0.1%    50%W +0.1%    55%W +0.4%    50%W -0.1%       -3.8% → +3.4%
  AVGO    20    40%W -0.1%    60%W +0.2%    65%W +0.2%    55%W +0.1%    65%W +0.5%    50%W +0.2%       -2.0% → +4.4%
  ARM     20    25%W -0.4%    30%W -0.2%    50%W -0.0%    45%W -0.4%    65%W +0.9%    50%W +0.0%       -4.0% → +5.5%
  DDOG    20    40%W -0.1%    65%W +0.3%    60%W +0.2%    45%W -0.1%    50%W +0.1%    50%W +0.0%       -2.4% → +3.7%
  META    20    35%W -0.3%    45%W -0.3%    50%W +0.2%    45%W -0.1%    55%W +0.3%    45%W -0.6%       -3.2% → +2.9%
  SNOW    20    35%W -0.2%    55%W +0.1%    55%W +0.2%    45%W -0.3%    65%W +0.3%    45%W -0.1%       -2.6% → +4.2%
  TSLA    20    30%W -0.6%    50%W -0.3%    45%W -0.1%    55%W +0.3%    45%W -0.3%    40%W -0.2%       -2.9% → +8.1%
  AMD     20    45%W -0.4%    55%W +0.0%    50%W +0.1%    35%W -0.4%    40%W -0.2%    35%W -0.5%       -3.2% → +5.5%
Pre-session top-2 (9:25, 20d EOD win rate) — 2025-05-12  OR: 09:30/3b
  #1 APP    +15m 25%W -0.4%  +30m 60%W +0.2%  +1h 70%W +1.0%  +2h 50%W +0.2%  +5h 55%W +0.8%  EOD 65%W +1.5%  EOD range -6.5% → +4.7%
  #2 MRVL   +15m 40%W -0.2%  +30m 60%W +0.3%  +1h 55%W +0.2%  +2h 45%W -0.3%  +5h 55%W +0.1%  EOD 65%W +0.4%  EOD range -3.2% → +3.8%
  Ticker   N          +15m          +30m           +1h           +2h           +5h           EOD           EOD range
  ----------------------------------------------------------------------------------------------------------------------
  APP     20    25%W -0.4%    60%W +0.2%    70%W +1.0%    50%W +0.2%    55%W +0.8%    65%W +1.5%       -6.5% → +4.7%
  MRVL    20    40%W -0.2%    60%W +0.3%    55%W +0.2%    45%W -0.3%    55%W +0.1%    65%W +0.4%       -3.2% → +3.8%
  QCOM    20    55%W +0.0%    60%W +0.2%    70%W +0.2%    50%W -0.0%    55%W +0.8%    65%W +0.3%       -1.8% → +4.2%
  CRWD    20    60%W +0.1%    60%W +0.4%    55%W +0.5%    55%W +0.2%    60%W +0.9%    60%W +0.1%       -3.9% → +3.7%
  SNDK    20    45%W -0.2%    65%W +0.6%    60%W +0.5%    35%W -0.8%    55%W +0.2%    55%W +0.4%       -5.0% → +9.3%
  SNPS    20    35%W -0.1%    40%W -0.1%    60%W +0.2%    55%W +0.3%    65%W +0.7%    55%W +0.3%       -3.6% → +2.2%
  SPOT    20    35%W -0.3%    35%W -0.1%    60%W +0.2%    55%W +0.2%    65%W +1.0%    55%W +0.4%       -4.2% → +5.2%
  MU      20    20%W -0.5%    35%W -0.2%    50%W -0.1%    50%W -0.2%    60%W +0.2%    55%W +0.2%       -2.7% → +4.1%
  LLY     20    35%W -0.1%    65%W +0.1%    60%W +0.4%    35%W -0.2%    50%W -0.0%    55%W +0.0%       -4.6% → +3.5%
  PLTR    20    55%W +0.2%    65%W +0.4%    55%W +0.1%    50%W +0.1%    60%W +0.5%    55%W +0.5%       -4.2% → +5.6%
  RDDT    20    35%W -0.5%    60%W +0.2%    60%W +0.2%    40%W -0.5%    40%W -0.3%    55%W +0.5%       -4.8% → +5.0%
  CHTR    20    65%W +0.1%    60%W +0.1%    55%W +0.1%    50%W +0.1%    55%W +0.4%    50%W -0.1%       -3.8% → +3.4%
  AVGO    20    40%W -0.1%    60%W +0.2%    65%W +0.2%    55%W +0.1%    65%W +0.5%    50%W +0.2%       -1.6% → +4.4%
  ARM     20    25%W -0.4%    30%W -0.2%    45%W -0.1%    45%W -0.4%    60%W +0.7%    50%W +0.0%       -4.0% → +5.5%
  DDOG    20    45%W -0.0%    65%W +0.3%    55%W +0.1%    45%W -0.1%    50%W +0.1%    50%W +0.0%       -2.4% → +3.7%
  META    20    35%W -0.3%    45%W -0.3%    50%W +0.2%    45%W -0.1%    55%W +0.3%    45%W -0.6%       -3.0% → +2.9%
  SNOW    20    40%W -0.2%    60%W +0.1%    50%W +0.0%    45%W -0.3%    65%W +0.3%    45%W -0.1%       -2.6% → +4.2%
  TSLA    20    35%W -0.5%    55%W +0.1%    50%W +0.3%    60%W +0.4%    45%W -0.3%    45%W -0.2%       -2.9% → +8.1%
  AMD     20    50%W -0.2%    60%W +0.2%    55%W +0.2%    40%W -0.3%    45%W -0.2%    40%W -0.2%       -3.2% → +5.5%
Pre-session top-2 (9:25, 20d EOD win rate) — 2025-05-13  OR: 09:30/3b
  #1 APP    +15m 25%W -0.4%  +30m 60%W +0.2%  +1h 75%W +1.0%  +2h 55%W +0.7%  +5h 60%W +0.8%  EOD 65%W +1.5%  EOD range -6.5% → +4.7%
  #2 MRVL   +15m 35%W -0.3%  +30m 60%W +0.3%  +1h 55%W +0.3%  +2h 50%W +0.1%  +5h 55%W +0.1%  EOD 65%W +0.4%  EOD range -3.2% → +3.8%
  Ticker   N          +15m          +30m           +1h           +2h           +5h           EOD           EOD range
  ----------------------------------------------------------------------------------------------------------------------
  APP     20    25%W -0.4%    60%W +0.2%    75%W +1.0%    55%W +0.7%    60%W +0.8%    65%W +1.5%       -6.5% → +4.7%
  MRVL    20    35%W -0.3%    60%W +0.3%    55%W +0.3%    50%W +0.1%    55%W +0.1%    65%W +0.4%       -3.2% → +3.8%
  QCOM    20    55%W +0.0%    60%W +0.2%    70%W +0.2%    50%W -0.0%    55%W +0.8%    65%W +0.3%       -1.8% → +2.8%
  SPOT    20    35%W -0.3%    35%W -0.2%    65%W +0.4%    60%W +0.2%    70%W +1.1%    60%W +0.7%       -4.2% → +5.2%
  CRWD    20    60%W +0.1%    65%W +0.4%    60%W +0.5%    60%W +0.3%    60%W +0.9%    60%W +0.1%       -3.9% → +3.7%
  SNDK    20    50%W -0.1%    65%W +0.6%    65%W +0.5%    40%W -0.4%    55%W +0.6%    55%W +0.4%       -5.0% → +9.3%
  SNPS    20    35%W -0.1%    45%W -0.0%    60%W +0.2%    60%W +0.3%    65%W +0.5%    55%W +0.3%       -3.6% → +2.2%
  LLY     20    30%W -0.2%    60%W +0.1%    60%W +0.2%    35%W -0.2%    50%W -0.0%    55%W +0.0%       -4.6% → +3.5%
  PLTR    20    55%W +0.2%    65%W +0.4%    55%W +0.1%    50%W +0.1%    60%W +0.5%    55%W +0.5%       -4.2% → +5.6%
  DDOG    20    50%W +0.0%    70%W +0.4%    60%W +0.2%    50%W +0.1%    55%W +0.3%    55%W +0.2%       -2.4% → +3.7%
  MU      20    20%W -0.5%    40%W -0.1%    55%W +0.1%    55%W +0.1%    60%W +0.2%    50%W -0.1%       -2.7% → +4.1%
  CHTR    20    60%W +0.1%    60%W +0.1%    55%W +0.1%    50%W +0.1%    55%W +0.4%    50%W -0.1%       -3.8% → +3.4%
  TSLA    20    40%W -0.4%    60%W +0.2%    55%W +0.5%    65%W +0.5%    50%W +0.3%    50%W -0.1%       -2.9% → +8.1%
  AVGO    20    40%W -0.1%    60%W +0.2%    60%W +0.1%    50%W -0.0%    65%W +0.5%    50%W +0.2%       -1.6% → +4.4%
  ARM     20    25%W -0.4%    35%W -0.2%    45%W -0.0%    45%W -0.4%    60%W +0.7%    50%W +0.0%       -4.0% → +5.5%
  RDDT    20    35%W -0.5%    65%W +0.3%    65%W +0.3%    45%W -0.2%    40%W -0.3%    50%W +0.1%       -4.8% → +5.0%
  META    20    35%W -0.1%    50%W +0.1%    55%W +0.3%    50%W +0.1%    60%W +0.5%    45%W -0.6%       -3.0% → +2.9%
  SNOW    20    40%W -0.2%    65%W +0.1%    55%W +0.2%    45%W -0.1%    65%W +0.3%    45%W -0.1%       -2.6% → +4.2%
  AMD     20    45%W -0.3%    55%W +0.2%    55%W +0.2%    40%W -0.3%    40%W -0.2%    40%W -0.5%       -3.2% → +5.5%
Pre-session top-2 (9:25, 20d EOD win rate) — 2025-05-14  OR: 09:30/3b
  #1 APP    +15m 30%W -0.4%  +30m 65%W +0.4%  +1h 80%W +1.1%  +2h 60%W +0.8%  +5h 65%W +1.3%  EOD 70%W +1.7%  EOD range -5.7% → +4.7%
  #2 MRVL   +15m 40%W -0.2%  +30m 65%W +0.4%  +1h 60%W +0.4%  +2h 55%W +0.6%  +5h 60%W +0.1%  EOD 65%W +0.4%  EOD range -3.1% → +3.8%
  Ticker   N          +15m          +30m           +1h           +2h           +5h           EOD           EOD range
  ----------------------------------------------------------------------------------------------------------------------
  APP     20    30%W -0.4%    65%W +0.4%    80%W +1.1%    60%W +0.8%    65%W +1.3%    70%W +1.7%       -5.7% → +4.7%
  MRVL    20    40%W -0.2%    65%W +0.4%    60%W +0.4%    55%W +0.6%    60%W +0.1%    65%W +0.4%       -3.1% → +3.8%
  CRWD    20    60%W +0.1%    65%W +0.4%    60%W +0.6%    65%W +0.5%    65%W +0.9%    65%W +0.3%       -3.9% → +3.7%
  QCOM    20    55%W +0.0%    55%W +0.1%    65%W +0.2%    55%W +0.0%    55%W +0.8%    65%W +0.3%       -1.8% → +2.8%
  SNDK    20    50%W -0.1%    70%W +0.8%    65%W +0.6%    45%W -0.4%    60%W +1.2%    60%W +0.9%       -5.0% → +9.3%
  SNPS    20    35%W -0.1%    45%W -0.0%    60%W +0.2%    65%W +0.4%    70%W +0.7%    60%W +0.5%       -3.6% → +2.2%
  PLTR    20    50%W +0.1%    60%W +0.3%    55%W +0.1%    55%W +0.4%    60%W +1.2%    60%W +1.1%       -4.2% → +5.6%
  DDOG    20    50%W +0.0%    70%W +0.4%    60%W +0.2%    55%W +0.3%    60%W +0.4%    60%W +0.5%       -2.4% → +3.7%
  SPOT    20    35%W -0.3%    35%W -0.2%    65%W +0.4%    60%W +0.2%    65%W +1.0%    55%W +0.4%       -4.2% → +5.2%
  MU      20    20%W -0.4%    40%W -0.1%    55%W +0.1%    60%W +0.2%    65%W +0.2%    55%W +0.2%       -2.7% → +4.1%
  TSLA    20    40%W -0.4%    60%W +0.2%    55%W +0.6%    70%W +0.5%    55%W +0.9%    55%W +0.2%       -2.9% → +8.1%
  AVGO    20    40%W -0.1%    60%W +0.2%    60%W +0.1%    55%W +0.1%    65%W +0.8%    55%W +0.5%       -1.6% → +4.4%
  ARM     20    25%W -0.4%    35%W -0.2%    40%W -0.1%    50%W -0.1%    65%W +0.9%    55%W +0.2%       -4.0% → +5.5%
  RDDT    20    30%W -0.5%    65%W +0.3%    60%W +0.2%    50%W +0.0%    40%W -0.3%    55%W +0.2%       -4.8% → +5.0%
  META    20    35%W -0.1%    50%W +0.1%    55%W +0.3%    55%W +0.2%    65%W +0.8%    50%W +0.3%       -3.0% → +2.9%
  LLY     20    30%W -0.2%    60%W +0.1%    55%W +0.1%    30%W -0.2%    45%W -0.1%    50%W -0.1%       -4.6% → +3.5%
  CHTR    20    55%W +0.1%    60%W +0.1%    55%W +0.1%    55%W +0.2%    55%W +0.5%    50%W -0.1%       -3.8% → +3.4%
  SNOW    20    45%W -0.2%    65%W +0.1%    55%W +0.2%    50%W +0.1%    65%W +0.3%    45%W -0.1%       -2.6% → +4.2%
  AMD     20    50%W -0.1%    55%W +0.2%    55%W +0.2%    45%W -0.1%    40%W -0.2%    45%W -0.2%       -3.2% → +5.5%
Pre-session top-2 (9:25, 20d EOD win rate) — 2025-05-15  OR: 09:30/3b
  #1 APP    +15m 25%W -0.4%  +30m 65%W +0.4%  +1h 80%W +1.0%  +2h 60%W +0.7%  +5h 65%W +1.2%  EOD 70%W +1.5%  EOD range -5.7% → +3.7%
  #2 QCOM   +15m 55%W +0.0%  +30m 60%W +0.2%  +1h 70%W +0.3%  +2h 60%W +0.1%  +5h 60%W +0.8%  EOD 70%W +0.3%  EOD range -1.8% → +2.8%
  Ticker   N          +15m          +30m           +1h           +2h           +5h           EOD           EOD range
  ----------------------------------------------------------------------------------------------------------------------
  APP     20    25%W -0.4%    65%W +0.4%    80%W +1.0%    60%W +0.7%    65%W +1.2%    70%W +1.5%       -5.7% → +3.7%
  QCOM    20    55%W +0.0%    60%W +0.2%    70%W +0.3%    60%W +0.1%    60%W +0.8%    70%W +0.3%       -1.8% → +2.8%
  SNPS    20    30%W -0.1%    50%W -0.0%    65%W +0.2%    65%W +0.4%    70%W +0.7%    65%W +0.5%       -3.6% → +2.2%
  SNDK    20    50%W -0.1%    70%W +0.8%    65%W +0.6%    45%W -0.4%    60%W +1.2%    60%W +0.9%       -5.0% → +9.3%
  MRVL    20    35%W -0.3%    60%W +0.3%    55%W +0.3%    50%W +0.1%    60%W +0.1%    60%W +0.3%       -3.1% → +3.8%
  CRWD    20    55%W +0.1%    60%W +0.4%    55%W +0.5%    60%W +0.3%    60%W +0.9%    60%W +0.1%       -3.9% → +3.7%
  AVGO    20    35%W -0.1%    55%W +0.0%    60%W +0.2%    55%W +0.2%    70%W +0.8%    60%W +0.5%       -1.6% → +4.4%
  DDOG    20    45%W -0.0%    70%W +0.4%    60%W +0.2%    55%W +0.3%    65%W +0.6%    60%W +0.8%       -2.4% → +3.7%
  RDDT    20    30%W -0.5%    65%W +0.3%    60%W +0.2%    55%W +0.3%    45%W -0.1%    60%W +0.5%       -4.8% → +8.3%
  SPOT    20    35%W -0.3%    35%W -0.2%    65%W +0.4%    60%W +0.2%    65%W +1.0%    55%W +0.4%       -4.2% → +5.2%
  MU      20    20%W -0.5%    40%W -0.1%    55%W +0.1%    60%W +0.2%    65%W +0.2%    55%W +0.2%       -2.7% → +4.1%
  PLTR    20    45%W -0.1%    60%W +0.2%    50%W -0.1%    50%W +0.1%    55%W +0.5%    55%W +0.5%       -4.2% → +5.6%
  CHTR    20    55%W +0.1%    60%W +0.1%    55%W +0.1%    55%W +0.1%    60%W +0.5%    55%W +0.1%       -3.8% → +3.4%
  TSLA    20    40%W -0.4%    60%W +0.2%    55%W +0.5%    70%W +0.5%    60%W +1.0%    55%W +0.5%       -2.9% → +8.1%
  ARM     20    25%W -0.4%    35%W -0.2%    40%W -0.1%    50%W -0.1%    65%W +0.9%    55%W +0.2%       -4.0% → +5.5%
  META    20    35%W -0.1%    50%W +0.1%    55%W +0.3%    55%W +0.2%    70%W +0.8%    50%W +0.4%       -2.2% → +2.9%
  LLY     20    35%W -0.2%    55%W +0.0%    50%W -0.1%    25%W -0.3%    40%W -0.1%    45%W -0.3%       -5.1% → +3.5%
  AMD     20    45%W -0.3%    50%W -0.0%    50%W +0.1%    40%W -0.3%    40%W -0.2%    45%W -0.2%       -3.2% → +5.5%
  SNOW    20    45%W -0.2%    60%W +0.1%    55%W +0.2%    45%W -0.0%    60%W +0.3%    40%W -0.1%       -2.6% → +4.2%
Pre-session top-2 (9:25, 20d EOD win rate) — 2025-05-16  OR: 09:30/3b
  #1 QCOM   +15m 55%W +0.0%  +30m 60%W +0.2%  +1h 70%W +0.2%  +2h 60%W +0.4%  +5h 65%W +0.8%  EOD 75%W +0.5%  EOD range -1.8% → +2.8%
  #2 APP    +15m 25%W -0.4%  +30m 60%W +0.2%  +1h 75%W +1.0%  +2h 55%W +0.4%  +5h 65%W +1.2%  EOD 70%W +1.5%  EOD range -5.7% → +3.7%
  Ticker   N          +15m          +30m           +1h           +2h           +5h           EOD           EOD range
  ----------------------------------------------------------------------------------------------------------------------
  QCOM    20    55%W +0.0%    60%W +0.2%    70%W +0.2%    60%W +0.4%    65%W +0.8%    75%W +0.5%       -1.8% → +2.8%
  APP     20    25%W -0.4%    60%W +0.2%    75%W +1.0%    55%W +0.4%    65%W +1.2%    70%W +1.5%       -5.7% → +3.7%
  SNPS    20    35%W -0.1%    55%W +0.0%    65%W +0.3%    65%W +0.4%    75%W +0.7%    70%W +0.5%       -3.6% → +2.2%
  CRWD    20    55%W +0.1%    60%W +0.4%    55%W +0.5%    65%W +0.4%    65%W +0.9%    65%W +0.3%       -1.7% → +3.7%
  SNDK    20    50%W -0.1%    70%W +0.8%    60%W +0.5%    40%W -0.4%    60%W +1.2%    60%W +0.9%       -5.0% → +9.3%
  SPOT    20    40%W -0.3%    35%W -0.2%    60%W +0.3%    60%W +0.3%    70%W +1.0%    60%W +0.7%       -4.2% → +5.2%
  MU      20    20%W -0.4%    40%W -0.1%    50%W -0.0%    60%W +0.2%    70%W +0.7%    60%W +0.6%       -2.7% → +4.1%
  MRVL    20    35%W -0.3%    60%W +0.3%    55%W +0.3%    50%W +0.1%    65%W +0.6%    60%W +0.3%       -3.1% → +3.8%
  CHTR    20    50%W +0.0%    60%W +0.1%    60%W +0.3%    60%W +0.2%    65%W +0.7%    60%W +0.3%       -3.8% → +3.4%
  TSLA    20    40%W -0.5%    55%W +0.2%    50%W +0.2%    70%W +0.5%    65%W +1.1%    60%W +0.9%       -1.9% → +8.1%
  AVGO    20    40%W -0.1%    55%W +0.0%    60%W +0.1%    55%W +0.2%    75%W +1.0%    60%W +0.6%       -1.6% → +4.4%
  ARM     20    25%W -0.4%    35%W -0.2%    40%W -0.2%    50%W -0.0%    70%W +1.1%    60%W +0.3%       -4.0% → +5.5%
  DDOG    20    40%W -0.1%    65%W +0.4%    55%W +0.1%    55%W +0.2%    65%W +0.6%    60%W +0.8%       -2.4% → +3.7%
  PLTR    20    45%W -0.1%    60%W +0.2%    50%W -0.1%    50%W +0.1%    55%W +0.5%    55%W +0.5%       -4.2% → +5.6%
  RDDT    20    30%W -0.5%    65%W +0.3%    55%W +0.1%    55%W +0.3%    45%W -0.1%    55%W +0.2%       -4.8% → +8.3%
  META    20    35%W -0.1%    50%W +0.1%    55%W +0.3%    55%W +0.2%    70%W +0.8%    50%W +0.4%       -2.2% → +2.9%
  LLY     20    40%W -0.1%    60%W +0.1%    50%W -0.1%    30%W -0.2%    45%W -0.1%    50%W -0.1%       -5.1% → +3.5%
  SNOW    20    45%W -0.2%    60%W +0.1%    60%W +0.2%    50%W +0.1%    65%W +0.5%    45%W -0.1%       -2.6% → +4.2%
  AMD     20    45%W -0.3%    50%W -0.0%    50%W +0.1%    40%W -0.3%    40%W -0.2%    45%W -0.2%       -3.2% → +5.5%
Pre-session top-2 (9:25, 20d EOD win rate) — 2025-05-19  OR: 09:30/3b
  #1 SNPS   +15m 40%W -0.1%  +30m 55%W +0.0%  +1h 65%W +0.3%  +2h 70%W +0.4%  +5h 75%W +0.8%  EOD 75%W +0.5%  EOD range -3.6% → +2.2%
  #2 QCOM   +15m 55%W +0.0%  +30m 60%W +0.2%  +1h 65%W +0.2%  +2h 60%W +0.4%  +5h 65%W +0.8%  EOD 75%W +0.5%  EOD range -1.8% → +2.8%
  Ticker   N          +15m          +30m           +1h           +2h           +5h           EOD           EOD range
  ----------------------------------------------------------------------------------------------------------------------
  SNPS    20    40%W -0.1%    55%W +0.0%    65%W +0.3%    70%W +0.4%    75%W +0.8%    75%W +0.5%       -3.6% → +2.2%
  QCOM    20    55%W +0.0%    60%W +0.2%    65%W +0.2%    60%W +0.4%    65%W +0.8%    75%W +0.5%       -1.8% → +2.8%
  CRWD    20    55%W +0.1%    65%W +0.4%    60%W +0.5%    70%W +0.5%    70%W +0.9%    70%W +0.5%       -1.7% → +3.7%
  APP     20    20%W -0.4%    60%W +0.2%    70%W +0.9%    55%W +0.4%    60%W +0.8%    65%W +1.3%       -5.7% → +3.7%
  MU      20    25%W -0.4%    45%W -0.0%    55%W +0.1%    65%W +0.2%    75%W +1.3%    65%W +1.2%       -2.7% → +4.1%
  TSLA    20    40%W -0.5%    50%W -0.0%    50%W +0.2%    75%W +0.5%    65%W +1.1%    65%W +0.9%       -1.9% → +8.1%
  DDOG    20    45%W -0.0%    70%W +0.4%    60%W +0.1%    60%W +0.3%    65%W +0.7%    65%W +0.8%       -2.4% → +3.7%
  SNDK    20    55%W +0.1%    75%W +0.8%    60%W +0.5%    40%W -0.4%    65%W +1.2%    60%W +0.9%       -5.0% → +9.3%
  SPOT    20    35%W -0.3%    35%W -0.2%    60%W +0.3%    65%W +0.4%    70%W +1.0%    60%W +0.6%       -4.2% → +5.2%
  MRVL    20    35%W -0.3%    60%W +0.3%    55%W +0.3%    55%W +0.4%    70%W +0.6%    60%W +0.3%       -3.1% → +3.8%
  AVGO    20    35%W -0.1%    55%W +0.0%    60%W +0.1%    60%W +0.3%    75%W +1.0%    60%W +0.6%       -1.5% → +4.4%
  ARM     20    30%W -0.4%    40%W -0.1%    40%W -0.1%    55%W +0.3%    70%W +1.1%    60%W +0.3%       -4.0% → +5.5%
  META    20    35%W -0.1%    55%W +0.2%    50%W +0.2%    55%W +0.2%    70%W +0.7%    55%W +0.7%       -2.2% → +2.9%
  LLY     20    45%W -0.0%    60%W +0.1%    55%W +0.1%    35%W -0.1%    45%W -0.1%    55%W +0.1%       -5.1% → +3.5%
  PLTR    20    40%W -0.2%    60%W +0.2%    50%W -0.1%    50%W +0.1%    50%W +0.4%    55%W +0.5%       -4.2% → +5.6%
  CHTR    20    45%W -0.0%    60%W +0.1%    60%W +0.3%    55%W +0.1%    60%W +0.5%    55%W +0.3%       -3.8% → +3.4%
  AMD     20    45%W -0.3%    55%W +0.2%    50%W +0.1%    45%W -0.1%    45%W -0.2%    50%W -0.0%       -3.2% → +5.5%
  RDDT    20    30%W -0.5%    65%W +0.3%    55%W +0.1%    55%W +0.3%    40%W -0.3%    50%W -0.0%       -4.8% → +8.3%
  SNOW    20    50%W -0.1%    60%W +0.1%    60%W +0.2%    50%W +0.1%    65%W +0.5%    45%W -0.1%       -2.6% → +4.2%
Pre-session top-2 (9:25, 20d EOD win rate) — 2025-05-20  OR: 09:30/3b
  #1 SNPS   +15m 45%W -0.0%  +30m 60%W +0.1%  +1h 70%W +0.5%  +2h 75%W +0.5%  +5h 80%W +0.8%  EOD 80%W +0.7%  EOD range -3.6% → +2.2%
  #2 CRWD   +15m 60%W +0.2%  +30m 70%W +0.5%  +1h 65%W +0.6%  +2h 75%W +0.7%  +5h 75%W +0.9%  EOD 75%W +0.7%  EOD range -1.7% → +3.7%
  Ticker   N          +15m          +30m           +1h           +2h           +5h           EOD           EOD range
  ----------------------------------------------------------------------------------------------------------------------
  SNPS    20    45%W -0.0%    60%W +0.1%    70%W +0.5%    75%W +0.5%    80%W +0.8%    80%W +0.7%       -3.6% → +2.2%
  CRWD    20    60%W +0.2%    70%W +0.5%    65%W +0.6%    75%W +0.7%    75%W +0.9%    75%W +0.7%       -1.7% → +3.7%
  QCOM    20    55%W +0.0%    65%W +0.3%    70%W +0.3%    65%W +0.7%    70%W +0.9%    75%W +0.5%       -1.8% → +2.8%
  APP     20    20%W -0.4%    65%W +0.2%    70%W +0.9%    60%W +0.4%    65%W +0.8%    70%W +1.3%       -5.7% → +3.7%
  MU      20    30%W -0.3%    50%W +0.0%    60%W +0.2%    70%W +0.4%    80%W +1.5%    70%W +1.4%       -2.7% → +4.1%
  TSLA    20    45%W -0.4%    55%W +0.3%    55%W +0.5%    80%W +0.5%    70%W +1.1%    70%W +1.0%       -1.9% → +8.1%
  DDOG    20    50%W +0.0%    75%W +0.4%    65%W +0.2%    65%W +0.4%    70%W +0.7%    70%W +0.8%       -2.4% → +3.7%
  SPOT    20    40%W -0.3%    40%W -0.2%    65%W +0.5%    70%W +0.5%    75%W +1.0%    65%W +0.8%       -2.4% → +5.2%
  MRVL    20    40%W -0.2%    65%W +0.4%    60%W +0.4%    60%W +0.4%    75%W +0.8%    65%W +0.5%       -3.1% → +3.8%
  AVGO    20    40%W -0.1%    60%W +0.2%    65%W +0.2%    65%W +0.5%    80%W +1.0%    65%W +0.9%       -1.5% → +4.4%
  ARM     20    35%W -0.4%    45%W -0.1%    45%W -0.0%    60%W +0.3%    70%W +1.1%    65%W +0.3%       -4.0% → +5.5%
  META    20    40%W -0.1%    60%W +0.3%    55%W +0.4%    60%W +0.3%    75%W +0.9%    60%W +0.8%       -2.2% → +2.9%
  LLY     20    45%W -0.0%    60%W +0.1%    55%W +0.1%    35%W -0.1%    45%W -0.1%    60%W +0.2%       -5.1% → +3.5%
  PLTR    20    45%W -0.1%    65%W +0.3%    55%W +0.1%    55%W +0.4%    55%W +1.0%    60%W +1.1%       -2.6% → +5.6%
  SNDK    20    55%W +0.0%    75%W +0.6%    60%W +0.5%    40%W -0.4%    70%W +1.2%    55%W +0.4%       -5.0% → +9.3%
  CHTR    20    45%W -0.0%    60%W +0.1%    60%W +0.3%    55%W +0.1%    60%W +0.5%    55%W +0.3%       -2.3% → +3.4%
  SNOW    20    55%W +0.1%    65%W +0.1%    65%W +0.3%    55%W +0.3%    70%W +0.6%    50%W +0.1%       -2.2% → +4.2%
  AMD     20    45%W -0.3%    50%W +0.2%    45%W -0.1%    45%W -0.1%    45%W -0.2%    45%W -0.2%       -3.2% → +5.5%
  RDDT    20    30%W -0.5%    65%W +0.3%    55%W +0.1%    55%W +0.3%    40%W -0.3%    45%W -0.3%       -4.8% → +8.3%
Pre-session top-2 (9:25, 20d EOD win rate) — 2025-05-21  OR: 09:30/3b
  #1 SNPS   +15m 50%W -0.0%  +30m 55%W +0.1%  +1h 70%W +0.5%  +2h 75%W +0.5%  +5h 80%W +0.8%  EOD 80%W +0.7%  EOD range -3.6% → +2.2%
  #2 CRWD   +15m 55%W +0.1%  +30m 65%W +0.4%  +1h 60%W +0.5%  +2h 70%W +0.5%  +5h 70%W +0.9%  EOD 75%W +0.5%  EOD range -1.7% → +3.7%
  Ticker   N          +15m          +30m           +1h           +2h           +5h           EOD           EOD range
  ----------------------------------------------------------------------------------------------------------------------
  SNPS    20    50%W -0.0%    55%W +0.1%    70%W +0.5%    75%W +0.5%    80%W +0.8%    80%W +0.7%       -3.6% → +2.2%
  CRWD    20    55%W +0.1%    65%W +0.4%    60%W +0.5%    70%W +0.5%    70%W +0.9%    75%W +0.5%       -1.7% → +3.7%
  QCOM    20    55%W +0.0%    70%W +0.3%    75%W +0.3%    70%W +0.7%    75%W +0.9%    75%W +0.8%       -1.8% → +2.8%
  MU      20    35%W -0.2%    50%W +0.0%    60%W +0.2%    70%W +0.4%    75%W +1.3%    70%W +1.2%       -2.7% → +4.1%
  MRVL    20    40%W -0.2%    65%W +0.4%    65%W +0.4%    65%W +0.4%    75%W +0.8%    70%W +0.7%       -3.1% → +3.8%
  DDOG    20    50%W +0.0%    75%W +0.4%    70%W +0.2%    65%W +0.4%    70%W +0.7%    70%W +0.8%       -2.4% → +3.7%
  APP     20    15%W -0.5%    60%W +0.1%    65%W +0.5%    55%W +0.1%    65%W +0.6%    65%W +1.1%       -5.7% → +3.7%
  TSLA    20    40%W -0.5%    50%W -0.0%    50%W +0.2%    75%W +0.4%    65%W +1.1%    65%W +0.9%       -1.9% → +8.1%
  AVGO    20    35%W -0.1%    55%W +0.0%    65%W +0.2%    70%W +0.5%    75%W +1.0%    65%W +0.9%       -1.5% → +4.4%
  SNDK    20    55%W +0.1%    75%W +0.7%    60%W +0.5%    45%W -0.4%    75%W +1.5%    60%W +0.9%       -5.0% → +9.3%
  SPOT    20    40%W -0.3%    40%W -0.2%    65%W +0.5%    65%W +0.4%    70%W +1.0%    60%W +0.6%       -2.4% → +5.2%
  ARM     20    35%W -0.4%    45%W -0.1%    45%W -0.0%    65%W +0.3%    65%W +1.1%    60%W +0.3%       -4.0% → +5.5%
  META    20    35%W -0.1%    55%W +0.2%    60%W +0.4%    55%W +0.2%    70%W +0.5%    55%W +0.6%       -2.2% → +2.9%
  LLY     20    40%W -0.0%    55%W +0.0%    55%W +0.1%    35%W -0.1%    45%W -0.1%    55%W +0.1%       -5.1% → +3.5%
  PLTR    20    40%W -0.2%    60%W +0.2%    55%W +0.0%    50%W +0.1%    50%W +0.4%    55%W +0.5%       -2.6% → +5.6%
  CHTR    20    50%W +0.0%    65%W +0.1%    60%W +0.5%    55%W +0.1%    60%W +0.5%    55%W +0.3%       -2.3% → +3.4%
  SNOW    20    55%W +0.1%    65%W +0.1%    65%W +0.3%    55%W +0.1%    70%W +0.4%    50%W +0.0%       -2.2% → +4.2%
  AMD     20    45%W -0.1%    55%W +0.2%    50%W +0.1%    50%W +0.1%    45%W -0.2%    50%W -0.2%       -3.2% → +5.5%
  RDDT    20    25%W -0.6%    60%W +0.2%    50%W -0.1%    50%W -0.3%    35%W -0.4%    40%W -0.6%       -4.8% → +8.3%
Pre-session top-2 (9:25, 20d EOD win rate) — 2025-05-22  OR: 09:30/3b
  #1 SNPS   +15m 55%W +0.0%  +30m 60%W +0.1%  +1h 70%W +0.5%  +2h 80%W +0.5%  +5h 80%W +0.8%  EOD 80%W +0.7%  EOD range -2.0% → +2.2%
  #2 CRWD   +15m 55%W +0.1%  +30m 65%W +0.4%  +1h 55%W +0.3%  +2h 75%W +0.7%  +5h 75%W +0.9%  EOD 75%W +0.5%  EOD range -1.7% → +3.7%
  Ticker   N          +15m          +30m           +1h           +2h           +5h           EOD           EOD range
  ----------------------------------------------------------------------------------------------------------------------
  SNPS    20    55%W +0.0%    60%W +0.1%    70%W +0.5%    80%W +0.5%    80%W +0.8%    80%W +0.7%       -2.0% → +2.2%
  CRWD    20    55%W +0.1%    65%W +0.4%    55%W +0.3%    75%W +0.7%    75%W +0.9%    75%W +0.5%       -1.7% → +3.7%
  QCOM    20    50%W -0.0%    70%W +0.3%    75%W +0.3%    75%W +0.7%    75%W +0.9%    75%W +0.8%       -1.8% → +2.8%
  MU      20    35%W -0.2%    50%W +0.0%    60%W +0.2%    75%W +0.4%    75%W +1.3%    70%W +1.2%       -2.7% → +4.1%
  MRVL    20    45%W -0.1%    70%W +0.4%    65%W +0.4%    70%W +0.6%    75%W +0.8%    70%W +0.7%       -1.8% → +3.8%
  DDOG    20    50%W +0.0%    75%W +0.4%    70%W +0.2%    70%W +0.4%    70%W +0.7%    70%W +0.8%       -2.4% → +3.7%
  APP     20    20%W -0.5%    60%W +0.1%    70%W +0.8%    60%W +0.3%    65%W +0.6%    65%W +1.1%       -5.7% → +3.7%
  AVGO    20    35%W -0.1%    55%W +0.0%    60%W +0.2%    75%W +0.6%    75%W +1.0%    65%W +0.9%       -1.2% → +4.4%
  SNDK    20    50%W -0.1%    70%W +0.3%    60%W +0.5%    50%W -0.0%    75%W +1.5%    60%W +0.9%       -4.1% → +9.3%
  SPOT    20    45%W -0.3%    45%W -0.1%    60%W +0.3%    65%W +0.4%    70%W +1.0%    60%W +0.6%       -2.5% → +5.2%
  TSLA    20    40%W -0.4%    45%W -0.2%    45%W -0.1%    70%W +0.4%    60%W +1.0%    60%W +0.7%       -3.1% → +8.1%
  ARM     20    40%W -0.4%    50%W +0.1%    50%W +0.0%    70%W +0.6%    70%W +1.1%    60%W +0.3%       -1.7% → +5.5%
  META    20    35%W -0.1%    55%W +0.2%    60%W +0.4%    60%W +0.3%    70%W +0.5%    55%W +0.6%       -1.7% → +2.9%
  LLY     20    40%W -0.0%    50%W -0.0%    50%W -0.1%    35%W -0.1%    45%W -0.1%    55%W +0.1%       -5.1% → +3.5%
  PLTR    20    40%W -0.2%    55%W +0.1%    50%W -0.1%    50%W +0.1%    45%W -0.2%    55%W +0.5%       -4.4% → +5.6%
  CHTR    20    45%W -0.0%    65%W +0.1%    55%W +0.2%    60%W +0.2%    60%W +0.5%    55%W +0.3%       -2.3% → +3.4%
  SNOW    20    60%W +0.1%    70%W +0.2%    70%W +0.3%    60%W +0.3%    70%W +0.4%    50%W +0.0%       -1.6% → +4.2%
  AMD     20    45%W -0.1%    50%W -0.0%    45%W -0.1%    55%W +0.3%    45%W -0.2%    50%W -0.2%       -3.2% → +5.5%
  RDDT    20    25%W -0.6%    60%W +0.2%    50%W -0.1%    50%W -0.3%    35%W -0.4%    40%W -0.6%       -6.0% → +8.3%
Pre-session top-2 (9:25, 20d EOD win rate) — 2025-05-23  OR: 09:30/3b
  #1 SNPS   +15m 55%W +0.0%  +30m 60%W +0.1%  +1h 70%W +0.5%  +2h 80%W +0.5%  +5h 80%W +0.8%  EOD 80%W +0.7%  EOD range -2.0% → +2.2%
  #2 CRWD   +15m 55%W +0.1%  +30m 65%W +0.4%  +1h 55%W +0.3%  +2h 75%W +0.7%  +5h 75%W +0.9%  EOD 75%W +0.5%  EOD range -1.7% → +2.6%
  Ticker   N          +15m          +30m           +1h           +2h           +5h           EOD           EOD range
  ----------------------------------------------------------------------------------------------------------------------
  SNPS    20    55%W +0.0%    60%W +0.1%    70%W +0.5%    80%W +0.5%    80%W +0.8%    80%W +0.7%       -2.0% → +2.2%
  CRWD    20    55%W +0.1%    65%W +0.4%    55%W +0.3%    75%W +0.7%    75%W +0.9%    75%W +0.5%       -1.7% → +2.6%
  MU      20    35%W -0.2%    50%W +0.0%    60%W +0.2%    75%W +0.4%    75%W +1.3%    70%W +0.7%       -2.7% → +3.6%
  MRVL    20    45%W -0.1%    70%W +0.4%    65%W +0.4%    70%W +0.6%    75%W +0.8%    70%W +0.7%       -1.8% → +3.8%
  QCOM    20    50%W -0.0%    70%W +0.3%    70%W +0.3%    70%W +0.7%    70%W +0.8%    70%W +0.5%       -1.8% → +2.4%
  AVGO    20    35%W -0.1%    55%W +0.0%    60%W +0.2%    75%W +0.6%    75%W +1.0%    65%W +0.8%       -1.2% → +4.0%
  DDOG    20    50%W +0.0%    75%W +0.4%    65%W +0.1%    65%W +0.3%    65%W +0.7%    65%W +0.6%       -2.4% → +3.7%
  APP     20    20%W -0.5%    60%W +0.1%    70%W +0.8%    60%W +0.3%    65%W +0.5%    60%W +0.7%       -5.7% → +3.7%
  TSLA    20    40%W -0.4%    45%W -0.2%    45%W -0.1%    70%W +0.4%    60%W +1.0%    60%W +0.7%       -3.1% → +8.1%
  SNDK    20    50%W -0.1%    70%W +0.3%    60%W +0.5%    50%W -0.0%    75%W +1.2%    55%W +0.4%       -4.1% → +9.3%
  META    20    35%W -0.1%    55%W +0.2%    60%W +0.4%    60%W +0.3%    70%W +0.4%    55%W +0.4%       -1.7% → +2.9%
  SPOT    20    50%W -0.1%    50%W -0.0%    60%W +0.5%    65%W +0.4%    70%W +1.0%    55%W +0.5%       -2.5% → +5.2%
  PLTR    20    40%W -0.2%    55%W +0.1%    50%W -0.1%    50%W +0.1%    45%W -0.2%    55%W +0.3%       -4.4% → +5.6%
  ARM     20    40%W -0.4%    50%W +0.1%    50%W +0.0%    70%W +0.3%    70%W +1.0%    55%W +0.2%       -1.7% → +5.5%
  SNOW    20    60%W +0.1%    65%W +0.1%    65%W +0.2%    60%W +0.3%    70%W +0.4%    50%W +0.0%       -1.6% → +3.8%
  LLY     20    40%W -0.0%    45%W -0.1%    45%W -0.2%    30%W -0.1%    45%W -0.1%    50%W -0.1%       -5.1% → +3.5%
  CHTR    20    45%W -0.1%    60%W +0.1%    50%W -0.0%    55%W +0.1%    55%W +0.3%    50%W -0.1%       -2.3% → +3.4%
  AMD     20    45%W -0.1%    50%W -0.0%    45%W -0.1%    55%W +0.3%    45%W -0.2%    45%W -0.4%       -3.2% → +5.5%
  RDDT    20    25%W -0.6%    60%W +0.3%    50%W -0.1%    50%W -0.3%    35%W -0.4%    40%W -0.6%       -6.0% → +8.3%
Pre-session top-2 (9:25, 20d EOD win rate) — 2025-05-27  OR: 09:30/3b
  #1 SNPS   +15m 50%W -0.0%  +30m 60%W +0.1%  +1h 70%W +0.5%  +2h 80%W +0.4%  +5h 80%W +0.8%  EOD 80%W +0.5%  EOD range -2.0% → +2.2%
  #2 CRWD   +15m 60%W +0.1%  +30m 65%W +0.4%  +1h 60%W +0.5%  +2h 80%W +1.0%  +5h 75%W +1.0%  EOD 75%W +0.5%  EOD range -1.7% → +2.9%
  Ticker   N          +15m          +30m           +1h           +2h           +5h           EOD           EOD range
  ----------------------------------------------------------------------------------------------------------------------
  SNPS    20    50%W -0.0%    60%W +0.1%    70%W +0.5%    80%W +0.4%    80%W +0.8%    80%W +0.5%       -2.0% → +2.2%
  CRWD    20    60%W +0.1%    65%W +0.4%    60%W +0.5%    80%W +1.0%    75%W +1.0%    75%W +0.5%       -1.7% → +2.9%
  MU      20    30%W -0.3%    45%W -0.0%    55%W +0.1%    75%W +0.5%    75%W +1.3%    70%W +0.7%       -2.7% → +3.6%
  QCOM    20    55%W +0.1%    70%W +0.3%    70%W +0.3%    75%W +0.7%    70%W +0.8%    70%W +0.5%       -1.8% → +2.4%
  MRVL    20    45%W -0.1%    70%W +0.3%    60%W +0.4%    70%W +0.6%    75%W +0.5%    65%W +0.5%       -1.8% → +3.8%
  APP     20    20%W -0.4%    60%W +0.1%    70%W +0.8%    60%W +0.3%    65%W +0.5%    60%W +0.7%       -5.7% → +3.7%
  TSLA    20    40%W -0.3%    40%W -0.3%    40%W -0.1%    70%W +0.4%    60%W +1.0%    60%W +0.5%       -3.1% → +5.1%
  AVGO    20    40%W -0.1%    55%W +0.0%    65%W +0.2%    80%W +0.6%    75%W +0.9%    60%W +0.6%       -1.2% → +4.0%
  DDOG    20    45%W -0.1%    75%W +0.3%    65%W +0.2%    65%W +0.3%    65%W +0.6%    60%W +0.5%       -2.4% → +3.7%
  SNDK    20    55%W +0.1%    65%W +0.3%    60%W +0.5%    55%W +0.2%    75%W +0.9%    55%W +0.4%       -4.1% → +9.3%
  SNOW    20    65%W +0.1%    70%W +0.2%    70%W +0.3%    65%W +0.4%    70%W +0.6%    55%W +0.2%       -1.6% → +3.8%
  SPOT    20    50%W -0.1%    45%W -0.0%    60%W +0.6%    70%W +0.5%    70%W +1.0%    55%W +0.5%       -2.5% → +5.2%
  PLTR    20    40%W -0.2%    55%W +0.1%    50%W -0.1%    50%W +0.1%    45%W -0.2%    55%W +0.3%       -4.4% → +5.6%
  ARM     20    40%W -0.4%    50%W +0.1%    50%W +0.0%    70%W +0.3%    70%W +1.0%    55%W +0.2%       -1.7% → +5.5%
  META    20    35%W -0.1%    55%W +0.0%    55%W +0.2%    60%W +0.3%    70%W +0.3%    50%W +0.1%       -1.7% → +2.9%
  CHTR    20    45%W -0.1%    60%W +0.1%    55%W +0.2%    55%W +0.1%    55%W +0.3%    50%W -0.1%       -2.3% → +3.4%
  LLY     20    35%W -0.0%    45%W -0.1%    45%W -0.2%    25%W -0.1%    45%W -0.1%    45%W -0.1%       -5.1% → +2.9%
  AMD     20    40%W -0.2%    50%W -0.0%    45%W -0.1%    55%W +0.3%    45%W -0.2%    45%W -0.4%       -3.2% → +5.5%
  RDDT    20    20%W -0.6%    60%W +0.3%    55%W +0.1%    55%W +0.3%    35%W -0.4%    40%W -0.6%       -6.0% → +8.3%
Pre-session top-2 (9:25, 20d EOD win rate) — 2025-05-28  OR: 09:30/3b
  #1 SNPS   +15m 55%W +0.0%  +30m 65%W +0.2%  +1h 75%W +0.5%  +2h 85%W +0.5%  +5h 85%W +0.8%  EOD 85%W +0.7%  EOD range -2.0% → +2.2%
  #2 CRWD   +15m 65%W +0.2%  +30m 70%W +0.5%  +1h 65%W +0.6%  +2h 85%W +1.1%  +5h 80%W +1.3%  EOD 80%W +0.6%  EOD range -1.7% → +2.9%
  Ticker   N          +15m          +30m           +1h           +2h           +5h           EOD           EOD range
  ----------------------------------------------------------------------------------------------------------------------
  SNPS    20    55%W +0.0%    65%W +0.2%    75%W +0.5%    85%W +0.5%    85%W +0.8%    85%W +0.7%       -2.0% → +2.2%
  CRWD    20    65%W +0.2%    70%W +0.5%    65%W +0.6%    85%W +1.1%    80%W +1.3%    80%W +0.6%       -1.7% → +2.9%
  MU      20    35%W -0.2%    50%W +0.0%    60%W +0.2%    80%W +0.6%    80%W +1.4%    75%W +1.2%       -2.7% → +3.6%
  QCOM    20    60%W +0.1%    75%W +0.4%    75%W +0.4%    80%W +0.7%    75%W +0.8%    75%W +0.6%       -1.8% → +2.4%
  MRVL    20    50%W +0.1%    75%W +0.4%    60%W +0.4%    75%W +0.7%    80%W +0.8%    65%W +0.7%       -1.8% → +3.8%
  TSLA    20    45%W -0.3%    45%W -0.2%    45%W -0.1%    75%W +0.4%    65%W +1.1%    65%W +0.7%       -3.1% → +5.1%
  AVGO    20    45%W -0.1%    60%W +0.2%    70%W +0.2%    85%W +0.6%    80%W +1.0%    65%W +0.8%       -1.2% → +4.0%
  DDOG    20    50%W +0.0%    80%W +0.4%    70%W +0.2%    70%W +0.4%    70%W +0.7%    65%W +0.6%       -2.4% → +3.7%
  APP     20    25%W -0.3%    60%W +0.1%    70%W +0.8%    65%W +0.6%    65%W +0.5%    60%W +0.7%       -5.7% → +6.3%
  SNOW    20    70%W +0.1%    70%W +0.2%    70%W +0.3%    65%W +0.4%    75%W +0.6%    60%W +0.3%       -1.6% → +3.8%
  ARM     20    40%W -0.4%    50%W +0.1%    50%W +0.0%    75%W +0.4%    75%W +1.1%    60%W +0.3%       -1.7% → +5.5%
  SNDK    20    55%W +0.1%    65%W +0.3%    60%W +0.5%    55%W +0.2%    75%W +0.9%    55%W +0.4%       -4.1% → +9.3%
  META    20    40%W -0.1%    60%W +0.2%    60%W +0.4%    65%W +0.3%    75%W +0.4%    55%W +0.4%       -1.7% → +2.9%
  SPOT    20    55%W +0.1%    50%W +0.0%    65%W +0.6%    70%W +0.5%    70%W +1.0%    55%W +0.5%       -2.5% → +5.2%
  CHTR    20    50%W +0.0%    65%W +0.1%    55%W +0.1%    60%W +0.2%    55%W +0.3%    55%W +0.2%       -2.3% → +3.4%
  PLTR    20    45%W -0.1%    60%W +0.2%    55%W +0.0%    50%W +0.1%    45%W -0.2%    50%W +0.0%       -4.4% → +5.6%
  AMD     20    45%W -0.1%    55%W +0.2%    50%W -0.0%    60%W +0.3%    50%W -0.0%    50%W -0.2%       -3.2% → +5.5%
  LLY     20    40%W -0.0%    45%W -0.1%    45%W -0.2%    30%W -0.1%    50%W -0.0%    45%W -0.1%       -5.1% → +2.9%
  RDDT    20    25%W -0.5%    65%W +0.3%    60%W +0.2%    60%W +0.7%    40%W -0.4%    45%W -0.6%       -6.0% → +8.3%
Pre-session top-2 (9:25, 20d EOD win rate) — 2025-05-29  OR: 09:30/3b
  #1 SNPS   +15m 55%W +0.0%  +30m 60%W +0.1%  +1h 70%W +0.5%  +2h 80%W +0.4%  +5h 80%W +0.8%  EOD 80%W +0.5%  EOD range -10.1% → +1.8%
  #2 MU     +15m 35%W -0.3%  +30m 50%W +0.0%  +1h 60%W +0.2%  +2h 80%W +0.6%  +5h 80%W +1.4%  EOD 75%W +1.2%  EOD range -2.7% → +3.6%
  Ticker   N          +15m          +30m           +1h           +2h           +5h           EOD           EOD range
  ----------------------------------------------------------------------------------------------------------------------
  SNPS    20    55%W +0.0%    60%W +0.1%    70%W +0.5%    80%W +0.4%    80%W +0.8%    80%W +0.5%      -10.1% → +1.8%
  MU      20    35%W -0.3%    50%W +0.0%    60%W +0.2%    80%W +0.6%    80%W +1.4%    75%W +1.2%       -2.7% → +3.6%
  CRWD    20    60%W +0.1%    65%W +0.4%    60%W +0.5%    80%W +1.1%    80%W +1.0%    75%W +0.5%       -1.7% → +2.9%
  QCOM    20    55%W +0.1%    70%W +0.3%    70%W +0.4%    80%W +0.7%    70%W +0.6%    70%W +0.6%       -1.8% → +2.4%
  AVGO    20    45%W -0.1%    55%W +0.2%    70%W +0.2%    80%W +0.6%    80%W +1.0%    70%W +0.9%       -1.2% → +4.0%
  ARM     20    40%W -0.4%    50%W +0.1%    50%W +0.0%    75%W +0.4%    75%W +1.2%    65%W +0.3%       -1.7% → +5.5%
  APP     20    25%W -0.4%    55%W +0.1%    65%W +0.8%    65%W +0.6%    70%W +0.6%    60%W +1.1%       -5.7% → +6.3%
  MRVL    20    50%W +0.1%    75%W +0.5%    55%W +0.4%    70%W +0.7%    75%W +0.5%    60%W +0.7%       -1.8% → +3.8%
  TSLA    20    45%W -0.3%    45%W -0.2%    50%W +0.1%    75%W +0.5%    65%W +1.0%    60%W +0.5%       -3.1% → +5.1%
  DDOG    20    50%W +0.0%    75%W +0.4%    65%W +0.2%    70%W +0.4%    65%W +0.7%    60%W +0.6%       -2.4% → +3.7%
  SNDK    20    55%W +0.1%    65%W +0.4%    60%W +0.5%    55%W +0.2%    75%W +0.9%    55%W +0.4%       -4.1% → +9.3%
  SNOW    20    70%W +0.1%    65%W +0.1%    65%W +0.3%    60%W +0.4%    70%W +0.4%    55%W +0.2%       -1.6% → +3.8%
  SPOT    20    55%W +0.1%    50%W +0.0%    70%W +0.6%    70%W +0.5%    70%W +1.0%    55%W +0.5%       -2.5% → +5.2%
  META    20    35%W -0.1%    55%W +0.0%    55%W +0.2%    60%W +0.3%    70%W +0.3%    50%W +0.1%       -1.7% → +2.9%
  CHTR    20    45%W -0.1%    60%W +0.1%    50%W -0.0%    55%W +0.1%    50%W +0.1%    50%W -0.1%       -2.3% → +3.4%
  PLTR    20    45%W -0.2%    60%W +0.4%    55%W +0.0%    50%W +0.1%    45%W -0.2%    45%W -0.0%       -4.4% → +5.6%
  AMD     20    40%W -0.1%    50%W -0.0%    45%W -0.0%    55%W +0.3%    45%W -0.2%    45%W -0.4%       -3.2% → +5.5%
  LLY     20    40%W -0.1%    40%W -0.2%    40%W -0.2%    25%W -0.2%    45%W -0.1%    40%W -0.3%       -5.1% → +2.9%
  RDDT    20    25%W -0.6%    60%W +0.3%    55%W +0.1%    55%W +0.3%    35%W -0.4%    40%W -0.6%       -6.0% → +8.3%
Pre-session top-2 (9:25, 20d EOD win rate) — 2025-05-30  OR: 09:30/3b
  #1 SNPS   +15m 55%W +0.0%  +30m 60%W +0.1%  +1h 70%W +0.5%  +2h 80%W +0.4%  +5h 75%W +0.8%  EOD 75%W +0.5%  EOD range -10.1% → +1.8%
  #2 MU     +15m 35%W -0.3%  +30m 45%W -0.1%  +1h 55%W +0.1%  +2h 75%W +0.5%  +5h 75%W +1.3%  EOD 70%W +0.7%  EOD range -2.7% → +2.5%
  Ticker   N          +15m          +30m           +1h           +2h           +5h           EOD           EOD range
  ----------------------------------------------------------------------------------------------------------------------
  SNPS    20    55%W +0.0%    60%W +0.1%    70%W +0.5%    80%W +0.4%    75%W +0.8%    75%W +0.5%      -10.1% → +1.8%
  MU      20    35%W -0.3%    45%W -0.1%    55%W +0.1%    75%W +0.5%    75%W +1.3%    70%W +0.7%       -2.7% → +2.5%
  CRWD    20    65%W +0.2%    60%W +0.3%    55%W +0.3%    80%W +0.8%    80%W +0.8%    70%W +0.4%       -1.7% → +2.9%
  AVGO    20    50%W -0.0%    50%W -0.0%    65%W +0.2%    80%W +0.6%    80%W +1.0%    70%W +0.9%       -1.2% → +3.0%
  QCOM    20    55%W +0.1%    65%W +0.3%    65%W +0.3%    75%W +0.7%    65%W +0.5%    65%W +0.4%       -1.8% → +2.1%
  ARM     20    45%W -0.2%    45%W -0.1%    45%W -0.0%    70%W +0.3%    70%W +1.1%    60%W +0.2%       -4.4% → +3.0%
  DDOG    20    55%W +0.1%    70%W +0.3%    65%W +0.1%    70%W +0.4%    65%W +0.6%    60%W +0.5%       -2.4% → +3.7%
  APP     20    30%W -0.4%    55%W +0.1%    60%W +0.5%    65%W +0.4%    65%W +0.5%    55%W +0.5%       -5.7% → +6.3%
  MRVL    20    55%W +0.2%    70%W +0.3%    50%W +0.1%    65%W +0.5%    70%W +0.2%    55%W +0.5%       -1.8% → +2.6%
  TSLA    20    50%W -0.1%    40%W -0.3%    50%W -0.0%    70%W +0.4%    60%W +0.9%    55%W +0.3%       -3.1% → +5.1%
  SNDK    20    50%W -0.1%    60%W +0.1%    55%W +0.3%    50%W -0.2%    70%W +0.6%    50%W +0.1%       -4.1% → +9.3%
  SNOW    20    75%W +0.1%    60%W +0.1%    60%W +0.2%    55%W +0.2%    65%W +0.3%    50%W +0.0%       -1.6% → +3.8%
  SPOT    20    60%W +0.1%    50%W +0.0%    70%W +0.6%    70%W +0.4%    65%W +0.8%    50%W +0.1%       -2.5% → +3.6%
  META    20    35%W -0.1%    50%W -0.0%    50%W -0.0%    55%W +0.2%    65%W +0.3%    45%W -0.1%       -1.7% → +2.5%
  PLTR    20    50%W +0.1%    60%W +0.3%    55%W +0.0%    50%W +0.1%    45%W -0.2%    45%W -0.0%       -4.4% → +3.6%
  CHTR    20    40%W -0.2%    60%W +0.1%    45%W -0.1%    50%W -0.0%    45%W -0.2%    45%W -0.4%       -2.3% → +2.7%
  AMD     20    35%W -0.1%    45%W -0.0%    40%W -0.1%    50%W +0.1%    40%W -0.3%    40%W -0.5%       -3.2% → +2.7%
  RDDT    20    30%W -0.5%    60%W +0.3%    55%W +0.3%    55%W +0.3%    35%W -0.4%    40%W -0.6%       -6.0% → +8.3%
  LLY     20    45%W -0.0%    45%W -0.2%    35%W -0.2%    20%W -0.2%    40%W -0.3%    35%W -0.3%       -5.1% → +2.9%

=========================================================================================================================================================================================
Pre-Session Top-2 Performance — 2025-05-01 to 2025-05-30  |  Unconditional OR-close entry  |  OR: 09:30/3b
=========================================================================================================================================================================================
Date         Ticker Rank  At       Entry       +15m       +30m       +45m        +1h     +1h30m        +2h        +3h        +4h        +5h        +6h        +7h        EOD
-----------------------------------------------------------------------------------------------------------------------------------------------------------------------------------------
2025-05-01   SPOT   #1    09:40   601.82    -0.57%L    -0.03%L    -0.34%L    +0.49%W    +0.68%W    -0.07%L    -0.02%L    -0.40%L    +0.65%W    +0.71%W    -0.02%L    -0.02%L
2025-05-01   LLY    #2    09:40   832.46    -0.32%L    +0.04%W    +1.16%W    +1.23%W    -1.33%L    -2.86%L    -3.34%L    -2.66%L    -2.27%L    -3.60%L    -4.61%L    -4.61%L
2025-05-02   SPOT   #1    09:40   637.00    -0.21%L    -0.63%L    +0.03%W    +0.57%W    +1.25%W    +2.40%W    +1.96%W    +1.38%W    +1.88%W    +1.56%W    +0.94%W    +0.94%W
2025-05-02   APP    #2    09:40   296.66    -0.49%L    +0.02%W    +1.33%W    +1.13%W    +1.21%W    +1.42%W    +3.46%W    +3.42%W    +3.34%W    +3.11%W    +3.68%W    +3.68%W
2025-05-05   APP    #1    09:40   296.80    +2.38%W    +1.10%W    +1.33%W    +1.36%W    +2.37%W    +2.05%W    +2.54%W    +2.20%W    +3.29%W    +2.45%W    +1.71%W    +1.71%W
2025-05-05   SPOT   #2    09:40   635.19    +0.26%W    +0.77%W    +0.47%W    +0.72%W    +0.53%W    +0.65%W    +1.40%W    +0.86%W    +1.32%W    +1.07%W    +0.31%W    +0.31%W
2025-05-06   APP    #1    09:40   298.86    -1.42%L    -0.60%L    +0.11%W    +1.01%W    +1.34%W    +0.89%W    +1.09%W    +0.55%W    +1.62%W    +2.37%W    +1.92%W    +1.92%W
2025-05-06   SPOT   #2    09:40   639.00    -1.17%L    -0.76%L    -0.75%L    -0.43%L    -0.21%L    -0.43%L    -1.25%L    -1.32%L    -0.52%L    -0.44%L    -1.08%L    -1.08%L
2025-05-07   APP    #1    09:40   300.06    -0.52%L    -0.28%L    +0.08%W    +0.22%W    -1.57%L    -0.87%L    -1.06%L    +0.22%W    -0.42%L    +1.07%W    +1.33%W    +1.33%W
2025-05-07   CRWD   #2    09:40   425.79    +0.51%W    +0.27%W    +0.05%W    -0.26%L    -0.36%L    +0.07%W    +0.00%W    -0.57%L    -1.00%L    -0.27%L    -0.71%L    -0.71%L
2025-05-08   APP    #1    09:40   351.71    -0.24%L    +0.28%W    -1.62%L    -2.30%L    -1.99%L    -1.48%L    -2.85%L    -1.62%L    -1.53%L    -4.02%L    -3.50%L    -3.50%L
2025-05-08   SPOT   #2    09:40   655.93    -0.84%L    -1.10%L    -1.09%L    -1.16%L    -1.06%L    +0.19%W    -0.17%L    +0.63%W    +0.97%W    +0.46%W    -0.05%L    -0.05%L
2025-05-09   APP    #1    09:40   348.52    -0.91%L    -1.83%L    -3.02%L    -3.85%L    -4.85%L    -5.19%L    -4.83%L    -4.35%L    -5.12%L    -5.12%L    -5.69%L    -5.69%L
2025-05-09   MRVL   #2    09:40    59.99    +0.78%W    +0.68%W    -0.84%L    -1.12%L    +0.43%W    -0.59%L    -0.72%L    -0.58%L    -0.67%L    -0.68%L    -0.60%L    -0.60%L
2025-05-12   APP    #1    09:40   349.64    -0.83%L    -0.62%L    -0.91%L    +0.69%W    +1.63%W    +0.71%W    -0.02%L    +0.23%W    +0.41%W    -1.27%L    -0.52%L    -0.52%L
2025-05-12   MRVL   #2    09:40    63.67    -0.33%L    +0.41%W    +0.38%W    +0.53%W    +0.39%W    +1.13%W    +1.66%W    +1.49%W    +1.41%W    +0.42%W    +1.29%W    +1.29%W
2025-05-13   APP    #1    09:40   361.91    +0.84%W    +1.12%W    +1.34%W    +1.18%W    +3.07%W    +4.72%W    +4.34%W    +3.92%W    +3.28%W    +2.18%W    +2.20%W    +2.20%W
2025-05-13   MRVL   #2    09:40    65.66    +0.59%W    +0.96%W    +1.36%W    +0.62%W    +1.04%W    +1.61%W    +1.33%W    +0.39%W    +0.16%W    -0.49%L    -0.32%L    -0.32%L
2025-05-14   APP    #1    09:40   371.93    -0.29%L    +0.56%W    -0.16%L    +0.34%W    +0.03%W    +0.19%W    +0.67%W    +1.38%W    +1.33%W    +1.20%W    +1.28%W    +1.28%W
2025-05-14   MRVL   #2    09:40    66.14    -1.32%L    -0.53%L    -0.68%L    -0.45%L    -0.46%L    -0.59%L    -0.39%L    -0.88%L    -1.01%L    -1.04%L    -0.36%L    -0.36%L
2025-05-15   APP    #1    09:40   374.00    -1.91%L    -1.76%L    -2.04%L    -2.90%L    -2.60%L    -2.53%L    -1.98%L    -1.48%L    -1.62%L    -1.60%L    -1.96%L    -1.96%L
2025-05-15   QCOM   #2    09:40   151.48    -0.46%L    -0.16%L    -0.11%L    +0.08%W    +0.39%W    +0.74%W    +0.84%W    +0.90%W    +0.41%W    +0.29%W    +0.75%W    +0.75%W
2025-05-16   QCOM   #1    09:40   152.11    +0.44%W    +0.55%W    +0.13%W    -0.24%L    +0.07%W    +0.14%W    +0.10%W    +0.20%W    +0.36%W    +0.28%W    +0.23%W    +0.23%W
2025-05-16   APP    #2    09:40   370.92    -0.64%L    -1.61%L    -1.39%L    -3.03%L    -1.94%L    -2.30%L    -2.73%L    -2.40%L    -2.70%L    -2.34%L    -2.23%L    -2.23%L
2025-05-19   SNPS   #1    09:40   511.30    +0.19%W    +0.46%W    +0.19%W    +0.49%W    +0.34%W    +0.46%W    +0.64%W    +1.09%W    +0.96%W    +0.52%W    +0.94%W    +0.94%W
2025-05-19   QCOM   #2    09:40   151.29    -0.17%L    +0.24%W    +0.31%W    +0.74%W    +0.60%W    +0.67%W    +0.75%W    +1.65%W    +1.48%W    +1.26%W    +1.55%W    +1.55%W
2025-05-20   SNPS   #1    09:40   509.54    +0.00%W    -0.05%L    +0.35%W    +0.72%W    +0.65%W    +0.48%W    +0.89%W    +1.15%W    +0.81%W    +0.94%W    +1.21%W    +1.21%W
2025-05-20   CRWD   #2    09:40   440.57    -0.47%L    -0.84%L    -0.54%L    -0.26%L    -0.52%L    -0.62%L    -0.26%L    -0.35%L    -0.26%L    -0.07%L    +0.42%W    +0.42%W
2025-05-21   SNPS   #1    09:40   511.68    +0.08%W    +0.21%W    -0.05%L    -0.21%L    -0.12%L    +0.27%W    +0.30%W    -0.78%L    -1.00%L    -1.51%L    -2.00%L    -2.00%L
2025-05-21   CRWD   #2    09:40   436.93    +0.08%W    +0.26%W    +0.38%W    -0.26%L    +0.41%W    +1.05%W    +2.66%W    +0.54%W    +0.72%W    -0.24%L    -0.50%L    -0.50%L
2025-05-22   SNPS   #1    09:40   499.03    +0.64%W    +0.74%W    +0.73%W    +0.76%W    +0.95%W    +0.84%W    +0.85%W    +0.88%W    +1.10%W    +1.28%W    +0.89%W    +0.89%W
2025-05-22   CRWD   #2    09:40   441.16    +1.32%W    +0.71%W    +0.83%W    +0.81%W    +0.96%W    +1.15%W    +0.70%W    +1.21%W    +1.17%W    +1.26%W    +0.66%W    +0.66%W
2025-05-23   SNPS   #1    09:40   496.52    -0.14%L    +0.45%W    +0.12%W    +0.49%W    -0.14%L    +0.42%W    +0.47%W    +0.85%W    +0.82%W    +0.68%W    +0.51%W    +0.51%W
2025-05-23   CRWD   #2    09:40   442.37    +0.21%W    +0.91%W    +1.89%W    +2.60%W    +1.94%W    +2.42%W    +2.46%W    +3.48%W    +3.52%W    +3.61%W    +2.93%W    +2.93%W
2025-05-27   SNPS   #1    09:40   505.61    +0.19%W    +0.54%W    +0.86%W    +0.66%W    +0.61%W    +0.83%W    +1.15%W    +1.77%W    +1.17%W    +1.16%W    +1.30%W    +1.30%W
2025-05-27   CRWD   #2    09:40   464.31    +1.46%W    +1.44%W    +1.79%W    +1.47%W    +1.66%W    +1.56%W    +1.36%W    +1.89%W    +1.42%W    +1.50%W    +1.67%W    +1.67%W
2025-05-28   SNPS   #1    09:40   513.37    -1.05%L    -1.24%L    -1.36%L    -1.31%L    -1.50%L    -2.04%L    -2.05%L    -2.73%L    -2.15%L   -11.39%L   -10.07%L   -10.07%L
2025-05-28   CRWD   #2    09:40   469.93    -0.62%L    -0.68%L    -0.66%L    -0.53%L    -0.72%L    -0.45%L    -0.33%L    -0.25%L    +0.44%W    +0.17%W    -0.20%L    -0.20%L
2025-05-29   SNPS   #1    09:40   473.12    -0.62%L    -1.16%L    -1.77%L    -1.63%L    -1.87%L    -0.88%L    -2.39%L    -3.92%L    -4.22%L    -3.93%L    -3.88%L    -3.88%L
2025-05-29   MU     #2    09:40    97.53    -0.30%L    -1.05%L    -0.64%L    -1.00%L    -0.64%L    -0.59%L    -0.28%L    -0.25%L    -0.97%L    -1.25%L    -0.74%L    -0.74%L
2025-05-30   SNPS   #1    09:40   448.11    +0.42%W    +1.09%W    +1.44%W    +1.45%W    +1.04%W    +1.01%W    +1.41%W    +1.77%W    +2.67%W    +3.25%W    +3.58%W    +3.58%W
2025-05-30   MU     #2    09:40    94.07    -0.71%L    +0.44%W    +0.67%W    +0.73%W    +0.52%W    +0.23%W    -1.34%L    -0.22%L    +0.37%W    +1.16%W    +0.40%W    +0.40%W

========================================================================================
Pre-session picks summary — 42 pick(s) across 21 trading day(s)

Top-2 picks (all days)  (42 signal(s))
  Hold      Count   Win Rate   Avg Gain    Avg Win   Avg Loss ProfitFactor   Sum Ret%
  -------------------------------------------------------------------------
  +15m         42      40.5%     -0.15%     +0.61%     -0.66%        0.63x     -6.16%
  +30m         42      57.1%     -0.02%     +0.59%     -0.83%        0.96x     -0.66%
  +45m         42      57.1%     -0.02%     +0.72%     -1.00%        0.96x     -0.67%
  +1h          42      59.5%     +0.00%     +0.84%     -1.23%        1.01x     +0.13%
  +1h30m       42      59.5%     +0.05%     +0.96%     -1.29%        1.10x     +2.24%
  +2h          42      64.3%     +0.16%     +1.05%     -1.43%        1.32x     +6.81%
  +3h          42      57.1%     +0.17%     +1.38%     -1.45%        1.27x     +6.98%
  +4h          42      59.5%     +0.22%     +1.36%     -1.46%        1.37x     +9.25%
  +5h          42      64.3%     +0.28%     +1.37%     -1.70%        1.46x    +11.60%
  +6h          42      59.5%     -0.13%     +1.36%     -2.31%        0.86x     -5.31%
  +7h          42      54.8%     -0.17%     +1.38%     -2.05%        0.81x     -7.32%
  EOD          42      54.8%     -0.17%     +1.38%     -2.05%        0.81x     -7.32%

=========================================================================================================================================================================================
Signal Analysis — 2025-05-01 to 2025-05-30  |  BULL only  |  Vol ≥ 1.0x 20dAvg
Windows: 09:30/3b  |  Collection: 3 bars  |  Tickers: 19
=========================================================================================================================================================================================
Date         Ticker Window   At       Entry  Vol/20d       +15m       +30m       +45m        +1h     +1h30m        +2h        +3h        +4h        +5h        +6h        +7h        EOD
-----------------------------------------------------------------------------------------------------------------------------------------------------------------------------------------
2025-05-02   SNDK   09:30/3b 09:45    34.39    1.02x    -0.79%L    +2.24%W    +0.23%W    +0.38%W    -0.03%L    -1.83%L    +0.08%W    +0.26%W    +0.09%W    +0.79%W    +0.03%W    +0.03%W
2025-05-02   SPOT   09:30/3b 09:50   640.05    3.21x    -1.44%L    -0.12%L    +0.07%W    +0.74%W    +1.12%W    +1.15%W    +1.39%W    +0.81%W    +1.73%W    +0.65%W    +0.46%W    +0.46%W
2025-05-02   PLTR   09:30/3b 09:50   121.10    1.10x    +0.80%W    +1.30%W    +1.67%W    +0.83%W    +0.91%W    +1.07%W    +1.97%W    +1.93%W    +2.38%W    +2.52%W    +2.63%W    +2.63%W
2025-05-02   DDOG   09:30/3b 09:40   107.62    2.09x    -0.07%L    +0.32%W    -0.28%L    -0.85%L    -1.38%L    -1.74%L    -1.17%L    -1.66%L    -1.95%L    -2.31%L    -2.38%L    -2.38%L
2025-05-02   RDDT   09:30/3b 09:40   116.99    6.45x    +1.12%W    +2.85%W    +5.53%W    +6.30%W    +5.19%W    +3.51%W    +2.78%W    -0.56%L    -0.66%L    -2.21%L    -2.84%L    -2.84%L
2025-05-05   CHTR   09:30/3b 09:45   386.81    1.01x    +0.97%W    +1.35%W    +0.99%W    +1.47%W    +1.56%W    +1.85%W    +2.90%W    +3.15%W    +2.63%W    +2.01%W    +1.92%W    +1.92%W
2025-05-05   AMD    09:30/3b 09:40   100.60    1.43x    +0.20%W    +0.42%W    +0.24%W    +0.16%W    +0.29%W    -0.08%L    +0.27%W    +1.07%W    +1.23%W    +0.52%W    +0.02%W    +0.02%W
2025-05-05   DDOG   09:30/3b 09:40   105.03    1.07x    +0.80%W    +0.61%W    +1.24%W    +1.24%W    +1.16%W    +0.88%W    +1.31%W    +1.26%W    +1.32%W    +1.12%W    +0.72%W    +0.72%W
2025-05-05   RDDT   09:30/3b 09:40   115.16    1.48x    -1.57%L    -1.12%L    -1.01%L    +1.60%W    +1.35%W    +0.93%W    +4.63%W    +2.78%W    +3.37%W    +3.58%W    +0.99%W    +0.99%W
2025-05-07   PLTR   09:30/3b 09:40   111.05    1.33x    +0.57%W    +0.22%W    -0.24%L    -0.94%L    -0.82%L    -1.48%L    -1.81%L    -2.09%L    -1.89%L    -1.05%L    -0.51%L    -0.51%L
2025-05-07   DDOG   09:30/3b 09:40   107.16    1.53x    +0.35%W    +0.44%W    +0.32%W    -1.27%L    -1.13%L    -0.69%L    -1.46%L    -2.12%L    -1.78%L    -0.89%L    -1.05%L    -1.05%L
2025-05-09   APP    09:30/3b 09:40   348.52    1.06x    -0.91%L    -1.83%L    -3.02%L    -3.85%L    -4.85%L    -5.19%L    -4.83%L    -4.35%L    -5.12%L    -5.12%L    -5.69%L    -5.69%L
2025-05-09   TSLA   09:30/3b 09:50   299.83    1.67x    +2.13%W    +0.91%W    -0.08%L    -0.19%L    +0.10%W    -0.38%L    -0.64%L    +0.14%W    -0.90%L    -0.23%L    -0.58%L    -0.58%L
2025-05-09   ARM    09:30/3b 09:40   117.69    1.69x    -0.93%L    -0.99%L    -1.81%L    -1.02%L    -0.74%L    -0.92%L    -1.04%L    -1.30%L    -1.55%L    -1.70%L    -1.67%L    -1.67%L
2025-05-12   LLY    09:30/3b 09:40   735.01    2.69x    -0.89%L    -0.68%L    -0.23%L    +0.15%W    +2.96%W    +2.04%W    +3.30%W    +3.41%W    +2.88%W    +2.76%W    +2.87%W    +2.87%W
2025-05-12   CRWD   09:30/3b 09:40   419.74    1.69x    +0.91%W    +1.05%W    -0.09%L    +0.47%W    +0.87%W    +0.35%W    +0.76%W    +1.57%W    +2.07%W    +1.66%W    +2.31%W    +2.31%W
2025-05-13   APP    09:30/3b 09:40   361.91    1.64x    +0.84%W    +1.12%W    +1.34%W    +1.18%W    +3.07%W    +4.72%W    +4.34%W    +3.92%W    +3.28%W    +2.18%W    +2.20%W    +2.20%W
2025-05-13   SNOW   09:30/3b 09:40   182.05    2.15x    +0.07%W    +0.66%W    +0.69%W    +0.39%W    +0.26%W    +0.90%W    +1.14%W    +0.30%W    -0.07%L    -0.16%L    -0.57%L    -0.57%L
2025-05-13   MU     09:30/3b 09:40    94.64    2.03x    -0.15%L    +0.42%W    +0.60%W    +0.39%W    +1.15%W    +2.11%W    +2.17%W    +2.28%W    +2.60%W    +2.43%W    +2.41%W    +2.41%W
2025-05-13   CRWD   09:30/3b 09:45   434.90    1.01x    +0.77%W    +1.35%W    +1.18%W    +1.27%W    +1.92%W    +1.24%W    +2.97%W    +1.98%W    +1.53%W    +1.45%W    +1.19%W    +1.19%W
2025-05-15   SPOT   09:30/3b 09:40   633.49    1.28x    +0.09%W    -0.75%L    -0.97%L    -0.33%L    -0.02%L    +0.89%W    +0.71%W    +1.89%W    +0.96%W    +1.14%W    +1.22%W    +1.22%W
2025-05-15   CHTR   09:30/3b 09:45   416.79    1.33x    -0.24%L    +0.23%W    +0.23%W    +0.60%W    +1.17%W    +1.38%W    +1.17%W    +1.37%W    +1.01%W    +0.62%W    +0.65%W    +0.65%W
2025-05-16   LLY    09:30/3b 09:45   751.59    1.41x    -0.00%L    -0.06%L    -0.12%L    -0.22%L    -0.41%L    -0.15%L    -0.01%L    +0.56%W    +0.68%W    +0.74%W    +0.83%W    +0.83%W
2025-05-16   CHTR   09:30/3b 09:40   434.52    6.74x    -0.90%L    -0.81%L    -1.93%L    -1.92%L    -1.99%L    -3.09%L    -2.42%L    -1.77%L    -1.89%L    -1.90%L    -1.72%L    -1.72%L
2025-05-19   SNOW   09:30/3b 09:40   181.33    1.07x    +0.53%W    +0.62%W    +0.26%W    +0.28%W    +0.26%W    +0.35%W    +0.17%W    +0.74%W    +0.42%W    +0.18%W    +0.35%W    +0.35%W
2025-05-19   CHTR   09:30/3b 09:45   429.58    1.25x    -0.38%L    -0.47%L    -0.59%L    -0.29%L    -0.70%L    -1.25%L    -1.96%L    -1.76%L    -2.79%L    -2.84%L    -2.54%L    -2.54%L
2025-05-19   AVGO   09:30/3b 09:45   228.13    1.14x    +0.58%W    +0.56%W    +0.33%W    +0.14%W    +0.24%W    +0.27%W    +0.59%W    +1.06%W    +0.57%W    +0.77%W    +1.09%W    +1.09%W
2025-05-21   APP    09:30/3b 09:40   369.20    1.03x    +0.26%W    -0.64%L    +0.03%W    +0.93%W    +0.78%W    +0.45%W    +1.09%W    -0.62%L    -0.28%L    -1.73%L    -2.93%L    -2.93%L
2025-05-21   META   09:30/3b 09:40   640.35    1.03x    -0.10%L    -0.09%L    +0.09%W    -0.06%L    +0.86%W    +0.45%W    +0.32%W    -0.67%L    -0.42%L    -0.70%L    -0.83%L    -0.83%L
2025-05-22   SNDK   09:30/3b 09:50    38.73    1.07x    +1.29%W    +0.27%W    -0.01%L    -0.06%L    +0.58%W    +0.00%L    -0.15%L    -0.90%L    -0.49%L    -1.86%L    -2.27%L    -2.27%L
2025-05-22   MRVL   09:30/3b 09:40    60.65    1.15x    +1.83%W    +1.53%W    +0.97%W    +1.01%W    +1.63%W    +2.09%W    +2.32%W    +3.63%W    +2.87%W    +2.22%W    +1.98%W    +1.98%W
2025-05-22   CRWD   09:30/3b 09:40   441.16    1.41x    +1.32%W    +0.71%W    +0.83%W    +0.81%W    +0.96%W    +1.15%W    +0.70%W    +1.21%W    +1.17%W    +1.26%W    +0.66%W    +0.66%W
2025-05-22   DDOG   09:30/3b 09:40   116.08    1.80x    +0.59%W    +0.07%W    -0.03%L    -0.29%L    +0.03%W    -0.25%L    -0.55%L    -0.38%L    -0.25%L    -0.16%L    -0.37%L    -0.37%L
2025-05-27   SNDK   09:30/3b 09:40    38.37    1.02x    -1.29%L    -1.39%L    -1.11%L    -0.99%L    -0.83%L    -0.55%L    -0.72%L    -0.29%L    -0.23%L    -0.38%L    -0.50%L    -0.50%L
2025-05-27   CRWD   09:30/3b 09:50   469.31    1.74x    +0.22%W    +0.50%W    +0.58%W    +0.85%W    +0.70%W    +0.64%W    +0.47%W    +0.85%W    +0.54%W    +0.72%W    +0.59%W    +0.59%W
2025-05-27   RDDT   09:30/3b 09:50   102.00    1.41x    +0.55%W    -0.27%L    +0.57%W    +0.87%W    +1.34%W    +1.57%W    +2.24%W    +2.44%W    +1.89%W    +2.65%W    +2.62%W    +2.62%W
2025-05-28   SNPS   09:30/3b 09:40   513.37    1.16x    -1.05%L    -1.24%L    -1.36%L    -1.31%L    -1.50%L    -2.04%L    -2.05%L    -2.73%L    -2.15%L   -11.39%L   -10.07%L   -10.07%L
2025-05-28   MRVL   09:30/3b 09:40    65.34    1.52x    -0.08%L    +0.61%W    +0.05%W    -0.64%L    -0.69%L    -0.41%L    -0.11%L    -0.28%L    -0.17%L    -0.45%L    -1.13%L    -1.13%L

========================================================================================
Summary — 38 qualifying signal(s) across 21 trading day(s)

Window 09:30/3b  (38 signal(s))
  Hold      Count   Win Rate   Avg Gain    Avg Win   Avg Loss ProfitFactor   Sum Ret%
  -------------------------------------------------------------------------
  +15m         38      57.9%     +0.16%     +0.76%     -0.67%        1.56x     +6.02%
  +30m         38      63.2%     +0.26%     +0.85%     -0.75%        1.95x     +9.89%
  +45m         38      57.9%     +0.14%     +0.82%     -0.81%        1.40x     +5.15%
  +1h          38      57.9%     +0.21%     +1.00%     -0.89%        1.55x     +7.80%
  +1h30m       38      65.8%     +0.40%     +1.22%     -1.16%        2.02x    +15.38%
  +2h          38      57.9%     +0.26%     +1.36%     -1.25%        1.50x     +9.96%
  +3h          38      63.2%     +0.55%     +1.66%     -1.35%        2.10x    +20.88%
  +4h          38      60.5%     +0.45%     +1.68%     -1.43%        1.80x    +17.13%
  +5h          38      55.3%     +0.33%     +1.68%     -1.33%        1.56x    +12.63%
  +6h          38      55.3%     -0.08%     +1.52%     -2.06%        0.91x     -3.12%
  +7h          38      55.3%     -0.26%     +1.32%     -2.21%        0.74x     -9.91%
  EOD          38      55.3%     -0.26%     +1.32%     -2.21%        0.74x     -9.91%
