Fetching 5-min bars (2020-06-19 → 2020-08-31) [alpaca]...
  [cache] delta-fetching 6 tickers from alpaca (2020-08-01 → 2020-08-31)
  [cache] fetching 3 tickers from alpaca (cache miss)
  [cache] loaded 11 tickers from cache
Fetching daily bars (2019-08-04 → 2020-08-31)...

=========================================================================================================================================================================================
Pre-Session Rankings (9:25) — 2020-08-03 to 2020-08-31  |  20d lookback
(Unconditional hold from OR close — no signal or vol filter)
=========================================================================================================================================================================================
Pre-session top-2 (9:25, 20d EOD win rate) — 2020-08-03  OR: 09:30/3b
  #1 QCOM   +15m 50%W +0.0%  +30m 45%W -0.0%  +1h 50%W -0.0%  +2h 55%W +0.1%  +5h 50%W +0.0%  EOD 75%W +0.3%  EOD range -2.6% → +4.5%
  #2 META   +15m 50%W +0.0%  +30m 40%W -0.2%  +1h 40%W -0.0%  +2h 60%W +0.2%  +5h 55%W +0.3%  EOD 65%W +0.5%  EOD range -4.1% → +3.2%
  Ticker   N          +15m          +30m           +1h           +2h           +5h           EOD           EOD range
  ----------------------------------------------------------------------------------------------------------------------
  QCOM    20    50%W +0.0%    45%W -0.0%    50%W -0.0%    55%W +0.1%    50%W +0.0%    75%W +0.3%       -2.6% → +4.5%
  META    20    50%W +0.0%    40%W -0.2%    40%W -0.0%    60%W +0.2%    55%W +0.3%    65%W +0.5%       -4.1% → +3.2%
  AMD     20    35%W -0.4%    35%W -0.6%    35%W -0.4%    50%W -0.1%    60%W +0.3%    65%W +0.6%       -7.6% → +7.1%
  MRVL    20    50%W -0.0%    55%W +0.1%    55%W +0.2%    50%W +0.1%    60%W +0.2%    60%W +0.6%       -6.5% → +3.4%
  CHTR    20    55%W +0.1%    65%W +0.1%    60%W +0.1%    70%W +0.3%    65%W +0.3%    60%W +0.3%       -1.2% → +1.7%
  MU      20    45%W -0.1%    45%W -0.1%    50%W +0.0%    50%W +0.0%    50%W +0.0%    55%W +0.6%       -4.4% → +3.1%
  LLY     20    45%W -0.0%    55%W +0.0%    60%W +0.2%    55%W +0.0%    45%W -0.0%    55%W +0.0%       -2.2% → +1.1%
  SNPS    20    50%W -0.0%    60%W +0.1%    65%W +0.4%    60%W +0.5%    55%W +0.1%    50%W +0.2%       -2.5% → +2.9%
  CRWD    20    55%W +0.1%    35%W -0.3%    40%W -0.1%    40%W -0.1%    60%W +0.6%    50%W +0.1%      -10.1% → +5.7%
  AVGO    20    35%W -0.1%    55%W +0.0%    50%W -0.0%    55%W +0.1%    50%W +0.0%    50%W +0.0%       -3.6% → +2.0%
  DDOG    20    45%W -0.0%    45%W +0.0%    55%W +0.5%    50%W +0.1%    50%W -0.1%    50%W -0.0%      -11.2% → +5.2%
  SPOT    20    45%W -0.2%    45%W -0.1%    40%W -0.5%    40%W -0.4%    40%W -0.2%    50%W -0.2%       -7.9% → +7.2%
  TSLA    20    45%W -0.3%    40%W -0.3%    40%W -0.3%    40%W -0.3%    50%W +0.0%    40%W -0.3%     -14.7% → +11.0%
Pre-session top-2 (9:25, 20d EOD win rate) — 2020-08-04  OR: 09:30/3b
  #1 QCOM   +15m 50%W +0.0%  +30m 45%W -0.0%  +1h 55%W +0.0%  +2h 55%W +0.1%  +5h 50%W +0.0%  EOD 70%W +0.3%  EOD range -2.6% → +4.5%
  #2 META   +15m 50%W +0.0%  +30m 40%W -0.2%  +1h 35%W -0.1%  +2h 60%W +0.2%  +5h 55%W +0.3%  EOD 65%W +0.4%  EOD range -4.1% → +3.2%
  Ticker   N          +15m          +30m           +1h           +2h           +5h           EOD           EOD range
  ----------------------------------------------------------------------------------------------------------------------
  QCOM    20    50%W +0.0%    45%W -0.0%    55%W +0.0%    55%W +0.1%    50%W +0.0%    70%W +0.3%       -2.6% → +4.5%
  META    20    50%W +0.0%    40%W -0.2%    35%W -0.1%    60%W +0.2%    55%W +0.3%    65%W +0.4%       -4.1% → +3.2%
  MU      20    40%W -0.2%    45%W -0.1%    55%W +0.2%    55%W +0.1%    55%W +0.3%    60%W +0.6%       -4.4% → +3.1%
  MRVL    20    50%W -0.0%    50%W -0.0%    55%W +0.2%    50%W +0.1%    60%W +0.3%    60%W +0.4%       -6.5% → +3.4%
  CHTR    20    60%W +0.2%    65%W +0.2%    60%W +0.1%    70%W +0.2%    65%W +0.3%    60%W +0.3%       -1.2% → +1.7%
  AMD     20    35%W -0.4%    35%W -0.6%    35%W -0.4%    45%W -0.4%    55%W +0.2%    60%W +0.4%       -7.6% → +7.1%
  SNPS    20    55%W +0.1%    60%W +0.1%    65%W +0.4%    60%W +0.5%    60%W +0.1%    55%W +0.6%       -2.5% → +2.9%
  CRWD    20    55%W +0.1%    35%W -0.3%    40%W -0.1%    35%W -0.1%    65%W +0.6%    55%W +0.3%      -10.1% → +5.7%
  AVGO    20    35%W -0.1%    55%W +0.0%    50%W +0.0%    55%W +0.1%    55%W +0.1%    55%W +0.1%       -3.6% → +2.0%
  DDOG    20    45%W -0.2%    40%W -0.0%    55%W +0.2%    45%W -0.4%    50%W -0.1%    50%W -0.0%      -11.2% → +5.2%
  SPOT    20    45%W -0.2%    45%W -0.1%    40%W -0.4%    40%W -0.2%    45%W -0.1%    50%W -0.1%       -7.9% → +7.2%
  LLY     20    45%W -0.0%    50%W -0.0%    55%W +0.2%    55%W +0.0%    40%W -0.1%    50%W -0.0%       -2.2% → +0.9%
  TSLA    20    40%W -0.5%    35%W -0.3%    40%W -0.3%    40%W -0.3%    50%W +0.0%    40%W -0.3%     -14.7% → +11.0%
Pre-session top-2 (9:25, 20d EOD win rate) — 2020-08-05  OR: 09:30/3b
  #1 QCOM   +15m 45%W -0.0%  +30m 45%W -0.1%  +1h 55%W +0.0%  +2h 55%W +0.1%  +5h 50%W +0.0%  EOD 75%W +0.3%  EOD range -2.6% → +4.5%
  #2 META   +15m 50%W +0.0%  +30m 40%W -0.2%  +1h 35%W -0.1%  +2h 55%W +0.1%  +5h 55%W +0.3%  EOD 65%W +0.4%  EOD range -4.1% → +3.2%
  Ticker   N          +15m          +30m           +1h           +2h           +5h           EOD           EOD range
  ----------------------------------------------------------------------------------------------------------------------
  QCOM    20    45%W -0.0%    45%W -0.1%    55%W +0.0%    55%W +0.1%    50%W +0.0%    75%W +0.3%       -2.6% → +4.5%
  META    20    50%W +0.0%    40%W -0.2%    35%W -0.1%    55%W +0.1%    55%W +0.3%    65%W +0.4%       -4.1% → +3.2%
  MU      20    35%W -0.2%    45%W -0.1%    60%W +0.2%    60%W +0.1%    55%W +0.3%    65%W +0.6%       -4.4% → +3.1%
  MRVL    20    55%W +0.0%    45%W -0.0%    50%W +0.0%    50%W +0.0%    60%W +0.3%    65%W +0.6%       -6.5% → +3.4%
  AMD     20    40%W -0.2%    40%W -0.5%    40%W -0.2%    50%W -0.1%    60%W +0.4%    65%W +0.7%       -7.6% → +7.1%
  SNPS    20    60%W +0.1%    60%W +0.1%    60%W +0.3%    55%W +0.4%    60%W +0.1%    60%W +0.6%       -2.5% → +2.9%
  CRWD    20    55%W +0.1%    40%W -0.2%    45%W -0.1%    40%W -0.1%    60%W +0.6%    60%W +0.5%      -10.1% → +5.7%
  CHTR    20    60%W +0.2%    65%W +0.2%    60%W +0.1%    70%W +0.2%    65%W +0.3%    60%W +0.3%       -1.2% → +1.7%
  AVGO    20    40%W -0.1%    55%W +0.0%    50%W +0.0%    55%W +0.2%    60%W +0.2%    60%W +0.2%       -3.6% → +2.3%
  DDOG    20    50%W -0.0%    45%W -0.0%    55%W +0.2%    40%W -0.6%    50%W -0.1%    55%W +0.1%      -11.2% → +5.2%
  LLY     20    45%W -0.0%    50%W -0.0%    55%W +0.2%    55%W +0.0%    40%W -0.1%    50%W -0.0%       -2.2% → +0.9%
  SPOT    20    45%W -0.2%    40%W -0.1%    35%W -0.5%    35%W -0.4%    40%W -0.2%    45%W -0.4%       -7.9% → +7.2%
  TSLA    20    40%W -0.4%    35%W -0.3%    40%W -0.3%    35%W -0.3%    50%W +0.0%    40%W -0.3%     -14.7% → +11.0%
Pre-session top-2 (9:25, 20d EOD win rate) — 2020-08-06  OR: 09:30/3b
  #1 QCOM   +15m 50%W +0.0%  +30m 50%W -0.0%  +1h 60%W +0.1%  +2h 60%W +0.1%  +5h 55%W +0.1%  EOD 75%W +0.3%  EOD range -2.6% → +4.5%
  #2 MU     +15m 40%W -0.2%  +30m 45%W -0.1%  +1h 60%W +0.2%  +2h 60%W +0.1%  +5h 60%W +0.3%  EOD 65%W +0.5%  EOD range -4.4% → +3.1%
  Ticker   N          +15m          +30m           +1h           +2h           +5h           EOD           EOD range
  ----------------------------------------------------------------------------------------------------------------------
  QCOM    20    50%W +0.0%    50%W -0.0%    60%W +0.1%    60%W +0.1%    55%W +0.1%    75%W +0.3%       -2.6% → +4.5%
  MU      20    40%W -0.2%    45%W -0.1%    60%W +0.2%    60%W +0.1%    60%W +0.3%    65%W +0.5%       -4.4% → +3.1%
  MRVL    20    55%W +0.0%    45%W -0.0%    50%W +0.0%    50%W +0.0%    60%W +0.3%    65%W +0.6%       -6.5% → +3.2%
  AMD     20    45%W -0.2%    45%W -0.5%    45%W -0.2%    55%W +0.6%    65%W +0.7%    65%W +0.7%       -7.6% → +7.1%
  META    20    50%W +0.0%    40%W -0.2%    40%W -0.0%    60%W +0.2%    55%W +0.3%    60%W +0.2%       -4.1% → +3.2%
  CRWD    20    55%W +0.1%    40%W -0.2%    45%W -0.1%    40%W -0.1%    60%W +0.6%    60%W +0.4%      -10.1% → +3.7%
  AVGO    20    40%W -0.1%    55%W +0.0%    50%W +0.0%    50%W +0.1%    60%W +0.3%    60%W +0.2%       -3.6% → +2.3%
  SNPS    20    60%W +0.1%    60%W +0.1%    60%W +0.3%    55%W +0.2%    60%W +0.2%    55%W +0.4%       -2.5% → +2.9%
  CHTR    20    55%W +0.1%    70%W +0.2%    60%W +0.1%    65%W +0.2%    65%W +0.3%    55%W +0.2%       -1.2% → +1.7%
  DDOG    20    50%W -0.0%    45%W -0.0%    50%W -0.0%    40%W -0.6%    50%W -0.1%    55%W +0.1%      -11.2% → +3.0%
  TSLA    20    35%W -0.4%    35%W -0.3%    40%W -0.3%    35%W -0.3%    55%W +0.3%    45%W -0.2%     -14.7% → +11.0%
  SPOT    20    45%W -0.2%    40%W -0.1%    30%W -0.5%    30%W -0.4%    40%W -0.2%    45%W -0.4%       -7.9% → +7.2%
  LLY     20    40%W -0.0%    45%W -0.0%    50%W -0.0%    50%W -0.1%    40%W -0.2%    45%W -0.1%       -2.2% → +0.9%
Pre-session top-2 (9:25, 20d EOD win rate) — 2020-08-07  OR: 09:30/3b
  #1 QCOM   +15m 50%W -0.0%  +30m 50%W -0.0%  +1h 60%W +0.1%  +2h 60%W +0.1%  +5h 60%W +0.1%  EOD 70%W +0.3%  EOD range -2.6% → +4.5%
  #2 AMD    +15m 45%W -0.2%  +30m 45%W -0.5%  +1h 45%W -0.2%  +2h 55%W +0.6%  +5h 65%W +0.7%  EOD 65%W +0.7%  EOD range -7.6% → +7.1%
  Ticker   N          +15m          +30m           +1h           +2h           +5h           EOD           EOD range
  ----------------------------------------------------------------------------------------------------------------------
  QCOM    20    50%W -0.0%    50%W -0.0%    60%W +0.1%    60%W +0.1%    60%W +0.1%    70%W +0.3%       -2.6% → +4.5%
  AMD     20    45%W -0.2%    45%W -0.5%    45%W -0.2%    55%W +0.6%    65%W +0.7%    65%W +0.7%       -7.6% → +7.1%
  META    20    50%W +0.0%    40%W -0.2%    45%W -0.0%    65%W +0.2%    60%W +0.4%    60%W +0.3%       -4.1% → +6.2%
  MU      20    35%W -0.2%    40%W -0.2%    60%W +0.2%    60%W +0.1%    55%W +0.2%    60%W +0.5%       -4.4% → +3.1%
  MRVL    20    50%W -0.0%    45%W -0.0%    50%W +0.0%    50%W +0.0%    55%W +0.1%    60%W +0.4%       -6.5% → +3.2%
  CHTR    20    60%W +0.1%    75%W +0.2%    65%W +0.2%    65%W +0.2%    60%W +0.3%    60%W +0.3%       -1.2% → +1.7%
  AVGO    20    40%W -0.1%    55%W +0.0%    50%W +0.0%    50%W +0.1%    60%W +0.3%    60%W +0.2%       -3.6% → +2.3%
  SNPS    20    60%W +0.1%    60%W +0.1%    60%W +0.3%    55%W +0.2%    60%W +0.3%    55%W +0.4%       -2.5% → +2.9%
  CRWD    20    50%W -0.0%    35%W -0.3%    45%W -0.1%    40%W -0.1%    55%W +0.5%    55%W +0.2%      -10.1% → +3.7%
  DDOG    20    45%W -0.2%    45%W -0.1%    50%W -0.0%    40%W -0.6%    50%W -0.1%    55%W +0.1%      -11.2% → +3.0%
  TSLA    20    30%W -0.4%    35%W -0.3%    40%W -0.3%    40%W -0.3%    55%W +0.3%    45%W -0.2%     -14.7% → +11.0%
  SPOT    20    40%W -0.3%    40%W -0.1%    30%W -0.5%    30%W -0.4%    40%W -0.2%    45%W -0.4%       -7.9% → +7.2%
  LLY     20    40%W -0.0%    45%W -0.0%    50%W -0.0%    50%W -0.1%    40%W -0.2%    45%W -0.1%       -2.2% → +0.9%
Pre-session top-2 (9:25, 20d EOD win rate) — 2020-08-10  OR: 09:30/3b
  #1 AMD    +15m 45%W -0.1%  +30m 45%W -0.5%  +1h 45%W -0.2%  +2h 55%W +0.6%  +5h 65%W +0.7%  EOD 65%W +0.7%  EOD range -7.6% → +7.1%
  #2 QCOM   +15m 55%W +0.1%  +30m 50%W -0.0%  +1h 60%W +0.1%  +2h 55%W +0.1%  +5h 60%W +0.1%  EOD 65%W +0.3%  EOD range -2.6% → +4.5%
  Ticker   N          +15m          +30m           +1h           +2h           +5h           EOD           EOD range
  ----------------------------------------------------------------------------------------------------------------------
  AMD     20    45%W -0.1%    45%W -0.5%    45%W -0.2%    55%W +0.6%    65%W +0.7%    65%W +0.7%       -7.6% → +7.1%
  QCOM    20    55%W +0.1%    50%W -0.0%    60%W +0.1%    55%W +0.1%    60%W +0.1%    65%W +0.3%       -2.6% → +4.5%
  META    20    55%W +0.1%    45%W -0.1%    50%W -0.0%    65%W +0.3%    60%W +0.3%    60%W +0.3%       -4.1% → +6.2%
  SNPS    20    60%W +0.1%    60%W +0.1%    60%W +0.3%    55%W +0.2%    60%W +0.3%    55%W +0.4%       -2.5% → +2.9%
  MU      20    35%W -0.2%    40%W -0.2%    55%W +0.2%    55%W +0.1%    50%W +0.0%    55%W +0.5%       -4.4% → +3.1%
  MRVL    20    50%W -0.0%    45%W -0.0%    45%W -0.1%    45%W -0.3%    55%W +0.1%    55%W +0.3%       -6.5% → +3.2%
  CRWD    20    50%W -0.0%    35%W -0.3%    45%W -0.4%    40%W -0.1%    55%W +0.5%    55%W +0.2%      -10.1% → +3.7%
  CHTR    20    65%W +0.2%    75%W +0.2%    65%W +0.2%    65%W +0.2%    55%W +0.2%    55%W +0.2%       -1.2% → +1.7%
  AVGO    20    40%W -0.0%    55%W +0.0%    45%W -0.1%    50%W +0.1%    60%W +0.3%    55%W +0.2%       -3.6% → +2.3%
  DDOG    20    50%W +0.1%    45%W -0.1%    50%W -0.0%    40%W -0.6%    50%W -0.1%    55%W +0.1%      -11.2% → +3.0%
  LLY     20    45%W -0.0%    45%W -0.0%    50%W -0.0%    50%W -0.1%    40%W -0.2%    50%W -0.0%       -2.2% → +0.9%
  TSLA    20    35%W -0.2%    30%W -0.3%    35%W -0.3%    35%W -0.3%    50%W +0.0%    40%W -0.3%      -14.7% → +8.7%
  SPOT    20    40%W -0.3%    40%W -0.1%    30%W -0.4%    35%W -0.2%    40%W -0.2%    40%W -0.7%       -7.9% → +7.2%
Pre-session top-2 (9:25, 20d EOD win rate) — 2020-08-11  OR: 09:30/3b
  #1 AMD    +15m 45%W -0.1%  +30m 45%W -0.5%  +1h 45%W -0.2%  +2h 55%W +0.6%  +5h 65%W +0.7%  EOD 65%W +0.7%  EOD range -2.8% → +7.1%
  #2 QCOM   +15m 55%W +0.1%  +30m 45%W -0.1%  +1h 60%W +0.1%  +2h 50%W -0.0%  +5h 60%W +0.1%  EOD 65%W +0.3%  EOD range -2.6% → +4.5%
  Ticker   N          +15m          +30m           +1h           +2h           +5h           EOD           EOD range
  ----------------------------------------------------------------------------------------------------------------------
  AMD     20    45%W -0.1%    45%W -0.5%    45%W -0.2%    55%W +0.6%    65%W +0.7%    65%W +0.7%       -2.8% → +7.1%
  QCOM    20    55%W +0.1%    45%W -0.1%    60%W +0.1%    50%W -0.0%    60%W +0.1%    65%W +0.3%       -2.6% → +4.5%
  META    20    55%W +0.1%    45%W -0.1%    50%W -0.0%    60%W +0.3%    60%W +0.3%    60%W +0.3%       -3.8% → +6.2%
  MU      20    40%W -0.2%    45%W -0.1%    60%W +0.2%    60%W +0.1%    55%W +0.2%    60%W +0.5%       -2.0% → +3.1%
  AVGO    20    45%W -0.0%    60%W +0.1%    45%W -0.0%    50%W +0.1%    65%W +0.4%    60%W +0.3%       -1.0% → +2.3%
  SNPS    20    60%W +0.1%    60%W +0.1%    55%W +0.2%    55%W +0.1%    60%W +0.3%    55%W +0.4%       -2.0% → +2.9%
  MRVL    20    50%W -0.0%    45%W -0.0%    45%W -0.1%    45%W -0.3%    55%W +0.1%    55%W +0.3%       -2.0% → +3.2%
  CRWD    20    50%W -0.0%    35%W -0.3%    45%W -0.4%    40%W -0.1%    55%W +0.5%    55%W +0.2%       -4.1% → +3.7%
  CHTR    20    65%W +0.2%    80%W +0.2%    60%W +0.1%    60%W +0.1%    55%W +0.1%    55%W +0.2%       -1.2% → +1.7%
  DDOG    20    50%W +0.1%    45%W -0.1%    50%W -0.0%    40%W -0.6%    50%W -0.1%    55%W +0.1%       -7.4% → +3.0%
  LLY     20    45%W -0.0%    45%W -0.0%    50%W -0.0%    50%W -0.1%    45%W -0.1%    55%W +0.0%       -2.2% → +0.9%
  TSLA    20    35%W -0.2%    30%W -0.3%    30%W -0.4%    35%W -0.6%    50%W +0.0%    40%W -0.3%       -6.4% → +8.7%
  SPOT    20    40%W -0.3%    40%W -0.1%    30%W -0.4%    35%W -0.2%    40%W -0.2%    40%W -0.7%       -6.1% → +7.2%
Pre-session top-2 (9:25, 20d EOD win rate) — 2020-08-12  OR: 09:30/3b
  #1 QCOM   +15m 55%W +0.1%  +30m 45%W -0.1%  +1h 60%W +0.1%  +2h 50%W -0.0%  +5h 60%W +0.1%  EOD 65%W +0.3%  EOD range -2.6% → +4.5%
  #2 CRWD   +15m 55%W +0.1%  +30m 40%W -0.2%  +1h 50%W +0.1%  +2h 45%W -0.1%  +5h 60%W +0.6%  EOD 60%W +0.4%  EOD range -4.1% → +4.1%
  Ticker   N          +15m          +30m           +1h           +2h           +5h           EOD           EOD range
  ----------------------------------------------------------------------------------------------------------------------
  QCOM    20    55%W +0.1%    45%W -0.1%    60%W +0.1%    50%W -0.0%    60%W +0.1%    65%W +0.3%       -2.6% → +4.5%
  CRWD    20    55%W +0.1%    40%W -0.2%    50%W +0.1%    45%W -0.1%    60%W +0.6%    60%W +0.4%       -4.1% → +4.1%
  AMD     20    45%W -0.1%    45%W -0.5%    50%W -0.1%    55%W +0.6%    60%W +0.7%    60%W +0.4%       -3.8% → +7.1%
  META    20    55%W +0.1%    45%W -0.1%    55%W +0.0%    65%W +0.4%    60%W +0.3%    55%W +0.2%       -3.8% → +6.2%
  MU      20    40%W -0.2%    45%W -0.1%    60%W +0.2%    55%W +0.1%    50%W +0.0%    55%W +0.5%       -3.3% → +3.1%
  AVGO    20    45%W -0.0%    60%W +0.1%    45%W -0.0%    45%W -0.1%    65%W +0.4%    55%W +0.2%       -1.8% → +2.3%
  DDOG    20    50%W +0.1%    45%W -0.1%    50%W -0.0%    45%W -0.4%    55%W +0.3%    55%W +0.1%       -7.4% → +3.0%
  SNPS    20    60%W +0.1%    60%W +0.1%    55%W +0.2%    55%W +0.1%    55%W +0.2%    50%W +0.1%       -2.0% → +2.9%
  MRVL    20    50%W -0.0%    45%W -0.0%    45%W -0.1%    40%W -0.4%    50%W -0.1%    50%W +0.1%       -2.0% → +3.2%
  CHTR    20    60%W +0.2%    80%W +0.2%    55%W +0.1%    55%W +0.0%    50%W +0.0%    50%W +0.0%       -1.5% → +1.7%
  LLY     20    45%W -0.0%    45%W -0.0%    50%W -0.0%    45%W -0.3%    40%W -0.2%    50%W -0.0%       -2.2% → +0.8%
  TSLA    20    40%W -0.1%    35%W -0.2%    35%W -0.3%    40%W -0.3%    50%W +0.1%    40%W -0.3%       -6.4% → +8.7%
  SPOT    20    45%W -0.2%    45%W -0.1%    35%W -0.4%    35%W -0.2%    40%W -0.2%    40%W -0.7%       -6.1% → +7.2%
Pre-session top-2 (9:25, 20d EOD win rate) — 2020-08-13  OR: 09:30/3b
  #1 CRWD   +15m 60%W +0.1%  +30m 45%W -0.1%  +1h 55%W +0.3%  +2h 50%W +0.1%  +5h 65%W +0.6%  EOD 65%W +0.5%  EOD range -4.1% → +4.1%
  #2 QCOM   +15m 60%W +0.1%  +30m 50%W -0.0%  +1h 60%W +0.1%  +2h 55%W +0.0%  +5h 60%W +0.4%  EOD 65%W +0.3%  EOD range -2.6% → +5.4%
  Ticker   N          +15m          +30m           +1h           +2h           +5h           EOD           EOD range
  ----------------------------------------------------------------------------------------------------------------------
  CRWD    20    60%W +0.1%    45%W -0.1%    55%W +0.3%    50%W +0.1%    65%W +0.6%    65%W +0.5%       -4.1% → +4.1%
  QCOM    20    60%W +0.1%    50%W -0.0%    60%W +0.1%    55%W +0.0%    60%W +0.4%    65%W +0.3%       -2.6% → +5.4%
  AVGO    20    50%W +0.0%    65%W +0.1%    45%W -0.0%    50%W +0.1%    70%W +0.4%    60%W +0.3%       -1.8% → +2.3%
  AMD     20    50%W +0.1%    50%W -0.2%    55%W +0.3%    60%W +1.1%    60%W +0.7%    60%W +0.4%       -3.8% → +7.1%
  META    20    60%W +0.2%    50%W -0.0%    60%W +0.1%    70%W +0.4%    60%W +0.3%    55%W +0.2%       -3.8% → +6.2%
  SNPS    20    65%W +0.2%    60%W +0.1%    55%W +0.2%    60%W +0.2%    60%W +0.5%    55%W +0.4%       -2.0% → +2.9%
  MU      20    45%W -0.1%    50%W +0.0%    60%W +0.2%    60%W +0.1%    50%W +0.0%    55%W +0.5%       -3.3% → +3.1%
  DDOG    20    55%W +0.4%    50%W +0.2%    55%W +0.2%    50%W +0.1%    60%W +0.3%    55%W +0.2%       -7.4% → +3.0%
  LLY     20    50%W +0.0%    45%W -0.0%    55%W +0.1%    50%W -0.1%    45%W -0.1%    55%W +0.0%       -2.2% → +1.1%
  MRVL    20    55%W +0.0%    45%W -0.0%    45%W -0.1%    45%W -0.3%    50%W -0.1%    50%W +0.1%       -2.0% → +3.2%
  CHTR    20    60%W +0.2%    80%W +0.2%    55%W +0.1%    55%W +0.0%    50%W +0.0%    45%W -0.1%       -1.5% → +1.7%
  TSLA    20    45%W -0.1%    40%W -0.2%    40%W -0.2%    45%W -0.2%    55%W +0.3%    40%W -0.3%       -6.4% → +8.7%
  SPOT    20    50%W +0.0%    45%W -0.1%    35%W -0.4%    35%W -0.2%    40%W -0.2%    40%W -0.7%       -6.1% → +7.2%
Pre-session top-2 (9:25, 20d EOD win rate) — 2020-08-14  OR: 09:30/3b
  #1 CRWD   +15m 65%W +0.1%  +30m 45%W -0.1%  +1h 60%W +0.4%  +2h 55%W +0.4%  +5h 65%W +0.5%  EOD 70%W +0.7%  EOD range -4.1% → +4.1%
  #2 DDOG   +15m 60%W +0.7%  +30m 55%W +0.4%  +1h 60%W +0.5%  +2h 55%W +0.6%  +5h 65%W +0.3%  EOD 60%W +0.3%  EOD range -7.4% → +6.1%
  Ticker   N          +15m          +30m           +1h           +2h           +5h           EOD           EOD range
  ----------------------------------------------------------------------------------------------------------------------
  CRWD    20    65%W +0.1%    45%W -0.1%    60%W +0.4%    55%W +0.4%    65%W +0.5%    70%W +0.7%       -4.1% → +4.1%
  DDOG    20    60%W +0.7%    55%W +0.4%    60%W +0.5%    55%W +0.6%    65%W +0.3%    60%W +0.3%       -7.4% → +6.1%
  QCOM    20    55%W +0.1%    50%W -0.1%    55%W +0.0%    50%W -0.0%    55%W +0.0%    60%W +0.3%       -2.6% → +5.4%
  SNPS    20    60%W +0.1%    65%W +0.1%    55%W +0.3%    65%W +0.4%    60%W +0.3%    55%W +0.2%       -2.0% → +2.9%
  AVGO    20    55%W +0.1%    65%W +0.1%    40%W -0.0%    50%W +0.1%    65%W +0.4%    55%W +0.3%       -1.8% → +2.3%
  AMD     20    50%W +0.1%    50%W -0.2%    55%W +0.3%    60%W +1.1%    55%W +0.4%    55%W +0.3%       -3.8% → +7.1%
  META    20    60%W +0.2%    50%W -0.0%    55%W +0.1%    70%W +0.4%    55%W +0.2%    50%W +0.0%       -3.8% → +6.2%
  MU      20    45%W -0.1%    50%W +0.0%    55%W +0.1%    55%W +0.1%    45%W -0.2%    50%W +0.1%       -3.3% → +3.1%
  LLY     20    50%W +0.0%    45%W -0.0%    50%W -0.2%    50%W -0.1%    45%W -0.1%    50%W -0.1%       -2.2% → +1.1%
  MRVL    20    55%W +0.0%    45%W -0.0%    40%W -0.2%    45%W -0.3%    45%W -0.4%    45%W -0.2%       -2.0% → +3.2%
  CHTR    20    65%W +0.2%    80%W +0.2%    55%W +0.1%    60%W +0.1%    45%W -0.1%    45%W -0.1%       -1.5% → +1.7%
  TSLA    20    45%W -0.0%    45%W -0.1%    45%W -0.1%    50%W -0.1%    55%W +0.3%    45%W -0.2%       -6.4% → +8.7%
  SPOT    20    45%W -0.1%    45%W -0.2%    30%W -0.4%    30%W -0.4%    35%W -0.5%    40%W -0.7%       -6.1% → +7.2%
Pre-session top-2 (9:25, 20d EOD win rate) — 2020-08-17  OR: 09:30/3b
  #1 CRWD   +15m 65%W +0.1%  +30m 45%W -0.1%  +1h 60%W +0.4%  +2h 50%W +0.1%  +5h 60%W +0.3%  EOD 65%W +0.5%  EOD range -4.1% → +4.1%
  #2 DDOG   +15m 55%W +0.6%  +30m 50%W +0.2%  +1h 55%W +0.2%  +2h 50%W +0.1%  +5h 60%W +0.3%  EOD 55%W +0.2%  EOD range -7.4% → +6.1%
  Ticker   N          +15m          +30m           +1h           +2h           +5h           EOD           EOD range
  ----------------------------------------------------------------------------------------------------------------------
  CRWD    20    65%W +0.1%    45%W -0.1%    60%W +0.4%    50%W +0.1%    60%W +0.3%    65%W +0.5%       -4.1% → +4.1%
  DDOG    20    55%W +0.6%    50%W +0.2%    55%W +0.2%    50%W +0.1%    60%W +0.3%    55%W +0.2%       -7.4% → +6.1%
  QCOM    20    50%W +0.0%    45%W -0.2%    55%W +0.0%    45%W -0.1%    50%W -0.1%    55%W +0.2%       -2.6% → +5.4%
  SNPS    20    55%W +0.1%    60%W +0.0%    50%W +0.0%    60%W +0.2%    55%W +0.1%    50%W +0.1%       -2.0% → +2.9%
  MU      20    45%W -0.1%    50%W +0.0%    55%W +0.1%    55%W +0.1%    45%W -0.2%    50%W +0.1%       -3.3% → +3.1%
  TSLA    20    45%W -0.0%    40%W -0.2%    50%W +0.0%    50%W -0.0%    50%W +0.1%    50%W +0.0%       -6.4% → +8.7%
  AVGO    20    55%W +0.1%    60%W +0.1%    40%W -0.0%    45%W -0.1%    60%W +0.4%    50%W +0.1%       -1.8% → +2.3%
  AMD     20    45%W -0.1%    45%W -0.5%    55%W +0.3%    55%W +1.1%    50%W +0.1%    50%W -0.1%       -3.8% → +7.1%
  META    20    55%W +0.1%    45%W -0.1%    55%W +0.1%    65%W +0.4%    50%W +0.1%    45%W -0.2%       -3.8% → +6.2%
  MRVL    20    55%W +0.0%    40%W -0.1%    40%W -0.2%    45%W -0.3%    45%W -0.4%    45%W -0.2%       -3.3% → +3.2%
  CHTR    20    65%W +0.2%    80%W +0.2%    60%W +0.1%    60%W +0.1%    40%W -0.2%    45%W -0.1%       -1.5% → +1.7%
  LLY     20    55%W +0.0%    50%W -0.0%    50%W -0.2%    45%W -0.2%    40%W -0.2%    45%W -0.2%       -2.2% → +1.1%
  SPOT    20    40%W -0.2%    45%W -0.2%    30%W -0.4%    30%W -0.7%    35%W -0.8%    40%W -0.9%       -6.1% → +7.2%
Pre-session top-2 (9:25, 20d EOD win rate) — 2020-08-18  OR: 09:30/3b
  #1 CRWD   +15m 65%W +0.1%  +30m 45%W -0.1%  +1h 55%W +0.3%  +2h 50%W +0.1%  +5h 60%W +0.3%  EOD 65%W +0.5%  EOD range -4.1% → +4.1%
  #2 DDOG   +15m 55%W +0.3%  +30m 45%W -0.1%  +1h 50%W -0.0%  +2h 50%W -0.1%  +5h 60%W +0.3%  EOD 55%W +0.2%  EOD range -7.4% → +6.1%
  Ticker   N          +15m          +30m           +1h           +2h           +5h           EOD           EOD range
  ----------------------------------------------------------------------------------------------------------------------
  CRWD    20    65%W +0.1%    45%W -0.1%    55%W +0.3%    50%W +0.1%    60%W +0.3%    65%W +0.5%       -4.1% → +4.1%
  DDOG    20    55%W +0.3%    45%W -0.1%    50%W -0.0%    50%W -0.1%    60%W +0.3%    55%W +0.2%       -7.4% → +6.1%
  SNPS    20    55%W +0.1%    60%W +0.0%    50%W -0.1%    60%W +0.2%    55%W +0.1%    50%W +0.1%       -2.0% → +1.3%
  MU      20    40%W -0.2%    45%W -0.1%    55%W +0.1%    55%W +0.1%    45%W -0.2%    50%W -0.1%       -3.3% → +2.6%
  TSLA    20    50%W +0.1%    45%W -0.1%    55%W +0.2%    55%W +0.2%    50%W +0.1%    50%W +0.0%       -6.4% → +8.0%
  QCOM    20    45%W -0.1%    40%W -0.3%    50%W -0.0%    40%W -0.1%    45%W -0.2%    50%W +0.0%       -2.6% → +5.4%
  MRVL    20    50%W -0.0%    40%W -0.1%    35%W -0.2%    40%W -0.3%    45%W -0.4%    45%W -0.2%       -3.3% → +3.2%
  CHTR    20    65%W +0.2%    75%W +0.2%    60%W +0.1%    55%W +0.1%    45%W -0.1%    45%W -0.1%       -1.5% → +1.7%
  AVGO    20    50%W +0.0%    60%W +0.1%    35%W -0.1%    40%W -0.2%    60%W +0.3%    45%W -0.1%       -1.8% → +2.3%
  AMD     20    40%W -0.2%    40%W -0.5%    50%W -0.2%    50%W +0.2%    45%W -0.1%    45%W -0.5%       -3.8% → +7.1%
  LLY     20    55%W +0.0%    50%W -0.0%    50%W -0.2%    45%W -0.2%    40%W -0.2%    45%W -0.2%       -2.2% → +1.1%
  META    20    50%W +0.0%    40%W -0.2%    50%W +0.0%    60%W +0.3%    45%W -0.1%    40%W -0.3%       -3.8% → +6.2%
  SPOT    20    40%W -0.2%    40%W -0.5%    25%W -0.5%    30%W -0.7%    35%W -0.8%    40%W -0.9%       -6.1% → +3.0%
Pre-session top-2 (9:25, 20d EOD win rate) — 2020-08-19  OR: 09:30/3b
  #1 CRWD   +15m 60%W +0.1%  +30m 40%W -0.2%  +1h 55%W +0.3%  +2h 45%W -0.1%  +5h 60%W +0.3%  EOD 60%W +0.4%  EOD range -4.1% → +4.1%
  #2 TSLA   +15m 50%W +0.1%  +30m 45%W -0.2%  +1h 60%W +0.3%  +2h 60%W +0.5%  +5h 55%W +0.5%  EOD 55%W +0.1%  EOD range -6.4% → +8.0%
  Ticker   N          +15m          +30m           +1h           +2h           +5h           EOD           EOD range
  ----------------------------------------------------------------------------------------------------------------------
  CRWD    20    60%W +0.1%    40%W -0.2%    55%W +0.3%    45%W -0.1%    60%W +0.3%    60%W +0.4%       -4.1% → +4.1%
  TSLA    20    50%W +0.1%    45%W -0.2%    60%W +0.3%    60%W +0.5%    55%W +0.5%    55%W +0.1%       -6.4% → +8.0%
  DDOG    20    55%W +0.3%    40%W -0.1%    45%W -0.1%    50%W -0.1%    55%W +0.2%    55%W +0.2%       -7.4% → +6.1%
  SNPS    20    50%W +0.0%    55%W +0.0%    45%W -0.1%    60%W +0.2%    50%W -0.0%    50%W +0.1%       -2.0% → +1.3%
  MU      20    35%W -0.2%    45%W -0.1%    55%W +0.1%    55%W +0.1%    45%W -0.2%    50%W -0.1%       -3.3% → +2.6%
  CHTR    20    65%W +0.2%    75%W +0.2%    60%W +0.2%    55%W +0.1%    50%W +0.0%    50%W -0.0%       -1.5% → +1.7%
  QCOM    20    45%W -0.1%    40%W -0.3%    50%W -0.0%    40%W -0.1%    45%W -0.2%    50%W +0.0%       -2.6% → +5.4%
  META    20    45%W -0.0%    40%W -0.2%    50%W +0.0%    60%W +0.3%    45%W -0.0%    45%W -0.2%       -3.8% → +6.2%
  MRVL    20    45%W -0.0%    40%W -0.1%    35%W -0.2%    40%W -0.3%    45%W -0.4%    45%W -0.2%       -3.3% → +3.2%
  AVGO    20    45%W -0.0%    60%W +0.1%    35%W -0.1%    40%W -0.2%    60%W +0.3%    45%W -0.1%       -1.8% → +2.3%
  AMD     20    35%W -0.4%    40%W -0.4%    50%W -0.2%    50%W +0.4%    45%W -0.2%    45%W -0.4%       -3.8% → +7.1%
  LLY     20    50%W +0.0%    45%W -0.0%    45%W -0.3%    45%W -0.2%    40%W -0.2%    45%W -0.2%       -2.2% → +1.1%
  SPOT    20    35%W -0.3%    35%W -0.6%    25%W -0.5%    30%W -0.7%    35%W -0.8%    40%W -0.8%       -6.1% → +3.0%
Pre-session top-2 (9:25, 20d EOD win rate) — 2020-08-20  OR: 09:30/3b
  #1 CRWD   +15m 55%W +0.0%  +30m 40%W -0.3%  +1h 55%W +0.3%  +2h 50%W +0.1%  +5h 65%W +0.3%  EOD 65%W +0.4%  EOD range -4.1% → +4.1%
  #2 TSLA   +15m 50%W +0.1%  +30m 45%W -0.2%  +1h 65%W +0.6%  +2h 65%W +0.7%  +5h 60%W +0.6%  EOD 60%W +0.2%  EOD range -6.4% → +8.0%
  Ticker   N          +15m          +30m           +1h           +2h           +5h           EOD           EOD range
  ----------------------------------------------------------------------------------------------------------------------
  CRWD    20    55%W +0.0%    40%W -0.3%    55%W +0.3%    50%W +0.1%    65%W +0.3%    65%W +0.4%       -4.1% → +4.1%
  TSLA    20    50%W +0.1%    45%W -0.2%    65%W +0.6%    65%W +0.7%    60%W +0.6%    60%W +0.2%       -6.4% → +8.0%
  CHTR    20    70%W +0.2%    80%W +0.2%    65%W +0.3%    60%W +0.2%    55%W +0.2%    55%W +0.1%       -1.5% → +1.7%
  DDOG    20    50%W +0.0%    35%W -0.1%    50%W -0.1%    55%W +0.1%    60%W +0.3%    55%W +0.2%       -7.4% → +6.1%
  SNPS    20    45%W -0.1%    50%W -0.1%    45%W -0.1%    65%W +0.3%    50%W -0.0%    50%W +0.1%       -2.0% → +1.3%
  META    20    40%W -0.0%    35%W -0.2%    50%W +0.0%    60%W +0.4%    50%W +0.1%    45%W -0.2%       -3.8% → +6.2%
  MU      20    30%W -0.2%    40%W -0.1%    50%W -0.0%    50%W +0.1%    40%W -0.2%    45%W -0.2%       -3.3% → +2.6%
  MRVL    20    40%W -0.0%    35%W -0.2%    35%W -0.2%    45%W -0.2%    45%W -0.4%    45%W -0.2%       -3.3% → +3.2%
  AVGO    20    40%W -0.0%    55%W +0.0%    40%W -0.0%    45%W -0.1%    60%W +0.3%    45%W -0.1%       -1.8% → +2.3%
  SPOT    20    35%W -0.3%    35%W -0.6%    25%W -0.4%    30%W -0.5%    35%W -0.4%    45%W -0.5%       -6.1% → +3.0%
  QCOM    20    40%W -0.2%    35%W -0.4%    50%W -0.1%    40%W -0.1%    45%W -0.3%    45%W -0.2%       -2.6% → +5.4%
  AMD     20    30%W -0.5%    35%W -0.6%    45%W -0.5%    45%W -0.3%    40%W -0.3%    40%W -0.4%       -3.8% → +6.5%
  LLY     20    50%W +0.0%    45%W -0.0%    45%W -0.2%    50%W -0.0%    40%W -0.2%    40%W -0.2%       -2.2% → +1.1%
Pre-session top-2 (9:25, 20d EOD win rate) — 2020-08-21  OR: 09:30/3b
  #1 CRWD   +15m 55%W +0.0%  +30m 45%W -0.3%  +1h 55%W +0.4%  +2h 55%W +0.4%  +5h 70%W +0.5%  EOD 70%W +0.5%  EOD range -4.1% → +4.1%
  #2 TSLA   +15m 55%W +0.3%  +30m 50%W +0.1%  +1h 70%W +0.6%  +2h 70%W +0.8%  +5h 65%W +0.8%  EOD 65%W +0.5%  EOD range -4.1% → +8.0%
  Ticker   N          +15m          +30m           +1h           +2h           +5h           EOD           EOD range
  ----------------------------------------------------------------------------------------------------------------------
  CRWD    20    55%W +0.0%    45%W -0.3%    55%W +0.4%    55%W +0.4%    70%W +0.5%    70%W +0.5%       -4.1% → +4.1%
  TSLA    20    55%W +0.3%    50%W +0.1%    70%W +0.6%    70%W +0.8%    65%W +0.8%    65%W +0.5%       -4.1% → +8.0%
  CHTR    20    70%W +0.2%    80%W +0.2%    65%W +0.3%    60%W +0.2%    55%W +0.2%    60%W +0.1%       -1.5% → +1.7%
  DDOG    20    50%W +0.0%    35%W -0.1%    50%W -0.1%    60%W +0.2%    65%W +0.3%    60%W +0.3%       -7.4% → +6.1%
  SNPS    20    45%W -0.1%    45%W -0.3%    45%W -0.1%    65%W +0.3%    55%W +0.2%    55%W +0.2%       -1.5% → +5.0%
  META    20    45%W -0.0%    40%W -0.1%    55%W +0.1%    65%W +0.5%    55%W +0.2%    50%W -0.0%       -3.8% → +6.2%
  AVGO    20    40%W -0.0%    55%W +0.0%    40%W -0.0%    45%W -0.1%    65%W +0.4%    50%W +0.1%       -1.8% → +2.3%
  SPOT    20    30%W -0.3%    40%W -0.3%    30%W -0.4%    35%W -0.2%    40%W -0.1%    50%W -0.1%       -3.8% → +3.0%
  QCOM    20    40%W -0.2%    35%W -0.4%    45%W -0.2%    45%W -0.1%    45%W -0.1%    50%W +0.0%       -1.9% → +5.4%
  MRVL    20    40%W -0.0%    35%W -0.2%    30%W -0.3%    40%W -0.4%    45%W -0.2%    45%W -0.2%       -3.3% → +3.2%
  AMD     20    30%W -0.5%    35%W -0.6%    45%W -0.5%    45%W -0.3%    45%W -0.2%    45%W -0.3%       -3.8% → +6.5%
  MU      20    30%W -0.2%    35%W -0.1%    45%W -0.2%    45%W -0.1%    35%W -0.3%    40%W -0.2%       -3.3% → +2.6%
  LLY     20    55%W +0.0%    45%W -0.0%    45%W -0.2%    50%W -0.0%    40%W -0.2%    40%W -0.2%       -1.6% → +1.1%
Pre-session top-2 (9:25, 20d EOD win rate) — 2020-08-24  OR: 09:30/3b
  #1 CRWD   +15m 50%W -0.0%  +30m 45%W -0.3%  +1h 50%W +0.1%  +2h 50%W +0.1%  +5h 65%W +0.3%  EOD 65%W +0.4%  EOD range -4.1% → +4.1%
  #2 SNPS   +15m 45%W -0.1%  +30m 45%W -0.3%  +1h 50%W +0.0%  +2h 65%W +0.2%  +5h 60%W +0.4%  EOD 60%W +0.4%  EOD range -1.5% → +5.0%
  Ticker   N          +15m          +30m           +1h           +2h           +5h           EOD           EOD range
  ----------------------------------------------------------------------------------------------------------------------
  CRWD    20    50%W -0.0%    45%W -0.3%    50%W +0.1%    50%W +0.1%    65%W +0.3%    65%W +0.4%       -4.1% → +4.1%
  SNPS    20    45%W -0.1%    45%W -0.3%    50%W +0.0%    65%W +0.2%    60%W +0.4%    60%W +0.4%       -1.5% → +5.0%
  CHTR    20    65%W +0.1%    75%W +0.1%    65%W +0.3%    55%W +0.1%    55%W +0.2%    60%W +0.1%       -1.5% → +1.7%
  TSLA    20    50%W +0.1%    45%W -0.2%    65%W +0.3%    65%W +0.7%    65%W +0.7%    60%W +0.2%       -4.1% → +8.0%
  DDOG    20    45%W -0.3%    30%W -0.2%    50%W -0.1%    60%W +0.1%    65%W +0.3%    60%W +0.2%       -7.4% → +6.1%
  AVGO    20    45%W -0.0%    55%W +0.0%    40%W -0.0%    45%W -0.1%    65%W +0.4%    55%W +0.4%       -1.8% → +2.3%
  SPOT    20    30%W -0.3%    40%W -0.3%    30%W -0.4%    35%W -0.2%    40%W -0.1%    50%W -0.1%       -3.8% → +2.5%
  QCOM    20    40%W -0.2%    35%W -0.4%    45%W -0.2%    45%W -0.1%    45%W -0.1%    50%W +0.0%       -1.9% → +5.4%
  META    20    45%W -0.0%    40%W -0.2%    55%W +0.1%    60%W +0.4%    50%W +0.1%    45%W -0.2%       -3.8% → +6.2%
  MRVL    20    40%W -0.0%    35%W -0.2%    30%W -0.3%    40%W -0.4%    45%W -0.2%    45%W -0.2%       -3.3% → +3.2%
  AMD     20    35%W -0.4%    35%W -0.5%    45%W -0.5%    45%W -0.3%    45%W -0.2%    45%W -0.3%       -3.8% → +6.5%
  MU      20    30%W -0.2%    35%W -0.2%    40%W -0.3%    40%W -0.2%    35%W -0.3%    40%W -0.3%       -3.3% → +2.6%
  LLY     20    50%W +0.0%    40%W -0.1%    45%W -0.2%    50%W -0.0%    40%W -0.3%    40%W -0.3%       -1.6% → +1.1%
Pre-session top-2 (9:25, 20d EOD win rate) — 2020-08-25  OR: 09:30/3b
  #1 CRWD   +15m 45%W -0.3%  +30m 40%W -0.4%  +1h 45%W -0.2%  +2h 50%W +0.1%  +5h 60%W +0.3%  EOD 60%W +0.2%  EOD range -4.1% → +4.1%
  #2 SNPS   +15m 40%W -0.1%  +30m 40%W -0.3%  +1h 45%W -0.1%  +2h 65%W +0.2%  +5h 55%W +0.2%  EOD 55%W +0.2%  EOD range -1.5% → +5.0%
  Ticker   N          +15m          +30m           +1h           +2h           +5h           EOD           EOD range
  ----------------------------------------------------------------------------------------------------------------------
  CRWD    20    45%W -0.3%    40%W -0.4%    45%W -0.2%    50%W +0.1%    60%W +0.3%    60%W +0.2%       -4.1% → +4.1%
  SNPS    20    40%W -0.1%    40%W -0.3%    45%W -0.1%    65%W +0.2%    55%W +0.2%    55%W +0.2%       -1.5% → +5.0%
  CHTR    20    60%W +0.1%    70%W +0.1%    65%W +0.3%    55%W +0.1%    50%W +0.0%    55%W +0.0%       -1.5% → +1.7%
  TSLA    20    45%W -0.0%    40%W -0.2%    60%W +0.3%    65%W +0.7%    60%W +0.6%    55%W +0.1%       -4.1% → +8.0%
  AVGO    20    45%W -0.0%    55%W +0.0%    45%W -0.0%    45%W -0.0%    65%W +0.4%    55%W +0.2%       -1.8% → +2.3%
  DDOG    20    40%W -0.5%    25%W -0.3%    45%W -0.1%    60%W +0.1%    60%W +0.2%    55%W +0.1%       -7.4% → +6.1%
  MRVL    20    35%W -0.0%    35%W -0.2%    35%W -0.3%    45%W -0.2%    45%W -0.2%    50%W +0.1%       -3.3% → +3.2%
  QCOM    20    35%W -0.3%    30%W -0.4%    40%W -0.2%    40%W -0.2%    45%W -0.1%    50%W +0.0%       -1.9% → +5.4%
  META    20    45%W -0.0%    40%W -0.2%    55%W +0.1%    60%W +0.4%    50%W +0.1%    45%W -0.2%       -3.8% → +6.2%
  AMD     20    35%W -0.4%    35%W -0.5%    45%W -0.5%    45%W -0.3%    45%W -0.2%    45%W -0.3%       -3.8% → +6.5%
  SPOT    20    25%W -0.4%    35%W -0.6%    25%W -0.4%    35%W -0.2%    40%W -0.4%    45%W -0.5%       -3.8% → +2.5%
  MU      20    25%W -0.2%    35%W -0.2%    40%W -0.3%    45%W -0.2%    35%W -0.3%    40%W -0.3%       -3.3% → +2.6%
  LLY     20    50%W -0.0%    35%W -0.1%    40%W -0.2%    45%W -0.2%    35%W -0.3%    40%W -0.3%       -1.6% → +1.1%
Pre-session top-2 (9:25, 20d EOD win rate) — 2020-08-26  OR: 09:30/3b
  #1 CRWD   +15m 45%W -0.3%  +30m 45%W -0.4%  +1h 45%W -0.2%  +2h 50%W +0.1%  +5h 60%W +0.3%  EOD 65%W +0.4%  EOD range -4.1% → +4.1%
  #2 SNPS   +15m 40%W -0.1%  +30m 40%W -0.3%  +1h 45%W -0.1%  +2h 60%W +0.2%  +5h 55%W +0.2%  EOD 60%W +0.4%  EOD range -1.5% → +5.0%
  Ticker   N          +15m          +30m           +1h           +2h           +5h           EOD           EOD range
  ----------------------------------------------------------------------------------------------------------------------
  CRWD    20    45%W -0.3%    45%W -0.4%    45%W -0.2%    50%W +0.1%    60%W +0.3%    65%W +0.4%       -4.1% → +4.1%
  SNPS    20    40%W -0.1%    40%W -0.3%    45%W -0.1%    60%W +0.2%    55%W +0.2%    60%W +0.4%       -1.5% → +5.0%
  TSLA    20    45%W -0.0%    40%W -0.2%    55%W +0.3%    60%W +0.5%    60%W +0.6%    60%W +0.2%       -4.1% → +8.0%
  AVGO    20    50%W +0.0%    55%W +0.0%    45%W -0.0%    40%W -0.1%    65%W +0.4%    60%W +0.4%       -1.8% → +2.3%
  MRVL    20    35%W -0.0%    30%W -0.2%    35%W -0.3%    45%W -0.2%    45%W -0.2%    55%W +0.3%       -3.3% → +3.2%
  DDOG    20    40%W -0.5%    25%W -0.4%    40%W -0.1%    55%W +0.1%    55%W +0.1%    55%W +0.1%       -7.4% → +6.1%
  META    20    50%W +0.0%    45%W -0.2%    55%W +0.1%    60%W +0.4%    50%W +0.1%    50%W -0.0%       -3.8% → +6.2%
  CHTR    20    60%W +0.1%    65%W +0.1%    60%W +0.3%    50%W +0.0%    45%W -0.1%    50%W -0.0%       -1.5% → +1.7%
  SPOT    20    25%W -0.4%    30%W -0.7%    20%W -0.4%    35%W -0.2%    45%W -0.4%    50%W -0.1%       -3.8% → +2.5%
  QCOM    20    35%W -0.3%    30%W -0.4%    35%W -0.3%    35%W -0.3%    40%W -0.3%    50%W -0.0%       -1.9% → +5.4%
  AMD     20    30%W -0.5%    35%W -0.5%    45%W -0.5%    45%W -0.3%    45%W -0.2%    45%W -0.3%       -3.8% → +6.5%
  MU      20    30%W -0.2%    35%W -0.2%    40%W -0.4%    40%W -0.3%    35%W -0.4%    40%W -0.2%       -3.3% → +2.6%
  LLY     20    45%W -0.0%    35%W -0.1%    35%W -0.3%    40%W -0.3%    30%W -0.4%    35%W -0.4%       -1.6% → +1.1%
Pre-session top-2 (9:25, 20d EOD win rate) — 2020-08-27  OR: 09:30/3b
  #1 CRWD   +15m 45%W -0.3%  +30m 45%W -0.4%  +1h 45%W -0.2%  +2h 50%W +0.1%  +5h 55%W +0.2%  EOD 65%W +0.4%  EOD range -4.1% → +4.1%
  #2 AVGO   +15m 55%W +0.1%  +30m 55%W +0.0%  +1h 45%W -0.0%  +2h 45%W -0.0%  +5h 65%W +0.4%  EOD 65%W +0.5%  EOD range -1.8% → +2.3%
  Ticker   N          +15m          +30m           +1h           +2h           +5h           EOD           EOD range
  ----------------------------------------------------------------------------------------------------------------------
  CRWD    20    45%W -0.3%    45%W -0.4%    45%W -0.2%    50%W +0.1%    55%W +0.2%    65%W +0.4%       -4.1% → +4.1%
  AVGO    20    55%W +0.1%    55%W +0.0%    45%W -0.0%    45%W -0.0%    65%W +0.4%    65%W +0.5%       -1.8% → +2.3%
  SNPS    20    45%W -0.1%    35%W -0.3%    45%W -0.1%    60%W +0.2%    55%W +0.2%    60%W +0.5%       -1.5% → +5.0%
  TSLA    20    45%W -0.0%    40%W -0.2%    55%W +0.3%    60%W +0.5%    60%W +0.6%    60%W +0.2%       -4.1% → +8.0%
  MRVL    20    35%W -0.0%    30%W -0.2%    35%W -0.3%    50%W -0.0%    45%W -0.2%    55%W +0.4%       -3.3% → +3.2%
  SPOT    20    30%W -0.4%    35%W -0.6%    25%W -0.4%    40%W -0.1%    50%W +0.1%    55%W +0.1%       -3.8% → +2.8%
  META    20    45%W -0.0%    45%W -0.2%    55%W +0.1%    60%W +0.5%    50%W +0.1%    50%W -0.0%       -3.8% → +6.2%
  CHTR    20    65%W +0.1%    70%W +0.1%    65%W +0.3%    55%W +0.1%    45%W -0.1%    50%W -0.0%       -1.5% → +1.7%
  DDOG    20    45%W -0.4%    30%W -0.4%    40%W -0.1%    55%W +0.1%    50%W -0.1%    50%W -0.0%       -7.4% → +6.1%
  QCOM    20    40%W -0.2%    35%W -0.4%    35%W -0.3%    35%W -0.3%    40%W -0.3%    50%W -0.0%       -1.9% → +5.4%
  MU      20    35%W -0.2%    40%W -0.1%    40%W -0.3%    40%W -0.3%    35%W -0.4%    40%W -0.3%       -3.3% → +2.6%
  AMD     20    30%W -0.5%    35%W -0.5%    40%W -0.6%    40%W -0.5%    40%W -0.3%    40%W -0.4%       -3.8% → +6.5%
  LLY     20    45%W -0.1%    35%W -0.1%    30%W -0.4%    35%W -0.4%    30%W -0.4%    40%W -0.4%       -1.6% → +1.1%
Pre-session top-2 (9:25, 20d EOD win rate) — 2020-08-28  OR: 09:30/3b
  #1 CRWD   +15m 45%W -0.3%  +30m 45%W -0.4%  +1h 50%W +0.1%  +2h 55%W +0.4%  +5h 55%W +0.2%  EOD 65%W +0.5%  EOD range -4.1% → +4.1%
  #2 TSLA   +15m 50%W +0.0%  +30m 40%W -0.2%  +1h 60%W +0.3%  +2h 60%W +0.7%  +5h 60%W +0.7%  EOD 65%W +0.4%  EOD range -4.1% → +8.0%
  Ticker   N          +15m          +30m           +1h           +2h           +5h           EOD           EOD range
  ----------------------------------------------------------------------------------------------------------------------
  CRWD    20    45%W -0.3%    45%W -0.4%    50%W +0.1%    55%W +0.4%    55%W +0.2%    65%W +0.5%       -4.1% → +4.1%
  TSLA    20    50%W +0.0%    40%W -0.2%    60%W +0.3%    60%W +0.7%    60%W +0.7%    65%W +0.4%       -4.1% → +8.0%
  AVGO    20    60%W +0.1%    55%W +0.0%    50%W +0.0%    45%W -0.0%    65%W +0.4%    65%W +0.4%       -1.8% → +2.3%
  SNPS    20    45%W -0.1%    35%W -0.3%    45%W -0.1%    60%W +0.2%    55%W +0.1%    55%W +0.2%       -1.5% → +5.0%
  MRVL    20    30%W -0.1%    30%W -0.3%    40%W -0.3%    50%W -0.0%    45%W -0.2%    55%W +0.4%       -3.3% → +2.1%
  CHTR    20    65%W +0.1%    70%W +0.1%    65%W +0.3%    60%W +0.1%    45%W -0.1%    50%W -0.0%       -1.5% → +1.7%
  SPOT    20    30%W -0.4%    30%W -0.7%    25%W -0.4%    40%W -0.1%    45%W -0.4%    50%W -0.1%       -3.8% → +2.8%
  META    20    40%W -0.0%    45%W -0.2%    55%W +0.1%    55%W +0.4%    45%W -0.0%    45%W -0.2%       -3.8% → +6.2%
  DDOG    20    45%W -0.4%    30%W -0.5%    40%W -0.2%    55%W +0.1%    45%W -0.5%    45%W -0.2%       -7.4% → +6.1%
  QCOM    20    40%W -0.1%    35%W -0.4%    35%W -0.3%    35%W -0.3%    40%W -0.3%    45%W -0.1%       -1.9% → +5.4%
  MU      20    40%W -0.2%    45%W -0.1%    40%W -0.3%    40%W -0.3%    35%W -0.4%    40%W -0.3%       -3.3% → +1.8%
  LLY     20    50%W -0.0%    40%W -0.1%    35%W -0.3%    40%W -0.3%    30%W -0.3%    40%W -0.4%       -1.1% → +1.1%
  AMD     20    30%W -0.5%    30%W -0.6%    35%W -0.6%    35%W -0.5%    35%W -0.6%    35%W -0.5%       -3.8% → +6.5%
Pre-session top-2 (9:25, 20d EOD win rate) — 2020-08-31  OR: 09:30/3b
  #1 TSLA   +15m 55%W +0.1%  +30m 40%W -0.2%  +1h 60%W +0.3%  +2h 60%W +0.7%  +5h 60%W +0.7%  EOD 65%W +0.4%  EOD range -3.5% → +8.0%
  #2 AVGO   +15m 65%W +0.1%  +30m 60%W +0.0%  +1h 50%W +0.0%  +2h 45%W -0.0%  +5h 70%W +0.4%  EOD 65%W +0.5%  EOD range -1.8% → +2.3%
  Ticker   N          +15m          +30m           +1h           +2h           +5h           EOD           EOD range
  ----------------------------------------------------------------------------------------------------------------------
  TSLA    20    55%W +0.1%    40%W -0.2%    60%W +0.3%    60%W +0.7%    60%W +0.7%    65%W +0.4%       -3.5% → +8.0%
  AVGO    20    65%W +0.1%    60%W +0.0%    50%W +0.0%    45%W -0.0%    70%W +0.4%    65%W +0.5%       -1.8% → +2.3%
  CRWD    20    50%W -0.0%    50%W -0.1%    50%W +0.1%    55%W +0.4%    55%W +0.2%    60%W +0.4%       -4.1% → +4.1%
  SNPS    20    45%W -0.1%    40%W -0.2%    50%W +0.0%    65%W +0.2%    60%W +0.1%    55%W +0.2%       -1.5% → +5.0%
  MRVL    20    35%W -0.1%    35%W -0.2%    45%W -0.2%    50%W -0.0%    50%W +0.1%    55%W +0.4%       -3.3% → +5.3%
  SPOT    20    35%W -0.2%    35%W -0.6%    30%W -0.3%    45%W -0.1%    50%W +0.1%    55%W +0.1%       -3.8% → +2.8%
  CHTR    20    65%W +0.1%    65%W +0.1%    60%W +0.3%    55%W +0.1%    45%W -0.1%    50%W -0.0%       -1.5% → +1.7%
  QCOM    20    45%W -0.1%    40%W -0.3%    40%W -0.2%    40%W -0.3%    45%W -0.1%    50%W -0.0%       -1.9% → +5.4%
  MU      20    45%W -0.1%    50%W -0.0%    45%W -0.1%    45%W -0.2%    40%W -0.3%    45%W -0.2%       -3.3% → +2.1%
  META    20    35%W -0.1%    45%W -0.3%    55%W +0.1%    50%W +0.1%    40%W -0.2%    40%W -0.3%       -3.8% → +6.2%
  AMD     20    35%W -0.5%    35%W -0.5%    40%W -0.5%    40%W -0.5%    40%W -0.3%    40%W -0.4%       -3.8% → +6.5%
  DDOG    20    45%W -0.4%    35%W -0.3%    45%W -0.1%    60%W +0.1%    50%W -0.1%    40%W -0.3%       -7.4% → +6.1%
  LLY     20    50%W -0.0%    35%W -0.1%    35%W -0.3%    40%W -0.3%    30%W -0.3%    40%W -0.4%       -1.2% → +1.1%

=========================================================================================================================================================================================
Pre-Session Top-2 Performance — 2020-08-03 to 2020-08-31  |  Unconditional OR-close entry  |  OR: 09:30/3b
=========================================================================================================================================================================================
Date         Ticker Rank  At       Entry       +15m       +30m       +45m        +1h     +1h30m        +2h        +3h        +4h        +5h        +6h        +7h        EOD
-----------------------------------------------------------------------------------------------------------------------------------------------------------------------------------------
2020-08-03   QCOM   #1    09:40   110.61    +0.89%W    +1.85%W    +0.85%W    +0.81%W    +0.89%W    -0.11%L    -0.39%L    -1.15%L    -0.73%L    -1.23%L    -0.92%L    -0.92%L
2020-08-03   META   #2    09:40   251.48    +0.53%W    +0.27%W    +0.07%W    -0.44%L    +0.45%W    +1.07%W    +1.23%W    +0.51%W    +0.73%W    +0.63%W    +0.14%W    +0.14%W
2020-08-04   QCOM   #1    09:40   110.20    -0.08%L    -0.14%L    -1.34%L    -0.14%L    -0.15%L    -0.31%L    +0.02%W    +0.04%W    -0.25%L    -0.01%L    +0.65%W    +0.65%W
2020-08-04   META   #2    09:40   251.09    -0.04%L    +0.53%W    +0.29%W    +0.06%W    -0.27%L    -0.40%L    -0.70%L    -0.40%L    -1.28%L    -0.74%L    -0.50%L    -0.50%L
2020-08-05   QCOM   #1    09:40   111.18    +0.71%W    +1.03%W    +0.45%W    +0.25%W    -0.22%L    +0.06%W    -0.34%L    +0.15%W    +0.06%W    -0.15%L    +0.18%W    +0.18%W
2020-08-05   META   #2    09:40   249.42    +0.73%W    +0.94%W    +0.80%W    +0.65%W    +0.61%W    +0.49%W    +0.19%W    +0.49%W    +0.32%W    -0.32%L    -0.12%L    -0.12%L
2020-08-06   QCOM   #1    09:40   111.30    -0.29%L    -0.26%L    -0.12%L    -0.90%L    -1.04%L    -0.92%L    -0.29%L    -0.31%L    +0.02%W    -0.40%L    -0.21%L    -0.21%L
2020-08-06   MU     #2    09:40    49.70    -0.78%L    -0.99%L    -1.34%L    -1.25%L    -1.64%L    -1.81%L    -2.30%L    -1.79%L    -1.29%L    -2.02%L    -2.01%L    -2.01%L
2020-08-07   QCOM   #1    09:40   110.34    +0.23%W    -0.42%L    -0.56%L    -0.76%L    -1.14%L    -1.26%L    -1.81%L    -3.48%L    -3.08%L    -2.10%L    -1.90%L    -1.90%L
2020-08-07   AMD    #2    09:40    86.74    -0.06%L    -0.97%L    -0.91%L    -1.05%L    -0.89%L    -0.92%L    -1.63%L    -3.58%L    -3.48%L    -2.09%L    -2.19%L    -2.19%L
2020-08-10   AMD    #1    09:40    83.82    -0.85%L    -1.76%L    -1.89%L    -3.39%L    -3.34%L    -3.07%L    -2.43%L    -1.79%L    -1.52%L    -2.05%L    -1.88%L    -1.88%L
2020-08-10   QCOM   #2    09:40   108.28    +0.17%W    -0.63%L    -0.62%L    -1.07%L    -1.89%L    -2.18%L    -1.44%L    -1.67%L    -1.99%L    -2.18%L    -1.75%L    -1.75%L
2020-08-11   AMD    #1    09:40    79.95    -0.64%L    -1.18%L    -0.19%L    +0.03%W    +0.67%W    -0.59%L    -0.44%L    -1.01%L    -1.34%L    -4.09%L    -3.84%L    -3.84%L
2020-08-11   QCOM   #2    09:40   106.89    -0.24%L    -0.58%L    -0.29%L    +0.03%W    +0.33%W    +0.00%W    +4.21%W    +3.43%W    +3.52%W    +2.08%W    +1.81%W    +1.81%W
2020-08-12   QCOM   #1    09:40   109.83    +1.53%W    +1.69%W    +2.83%W    +2.80%W    +3.00%W    +2.68%W    +4.19%W    +4.27%W    +5.71%W    +5.51%W    +5.42%W    +5.42%W
2020-08-12   CRWD   #2    09:40    97.51    +1.80%W    +1.04%W    +0.97%W    +0.37%W    +1.98%W    +2.41%W    +1.33%W    +0.58%W    +0.35%W    +0.82%W    +0.88%W    +0.88%W
2020-08-13   CRWD   #1    09:40    99.77    +0.02%W    -0.65%L    -0.12%L    +0.74%W    +1.65%W    +0.74%W    +2.03%W    +0.72%W    +0.31%W    +0.95%W    +1.13%W    +1.13%W
2020-08-13   QCOM   #2    09:40   115.27    -0.34%L    -0.91%L    -0.72%L    -0.56%L    -0.56%L    -0.52%L    -0.65%L    -1.18%L    -1.90%L    -1.35%L    -1.57%L    -1.57%L
2020-08-14   CRWD   #1    09:40   103.70    -0.45%L    -1.31%L    -2.53%L    -1.58%L    -1.16%L    -1.74%L    -1.56%L    -2.16%L    -2.10%L    -2.29%L    -2.40%L    -2.40%L
2020-08-14   DDOG   #2    09:40    83.58    -1.79%L    -2.17%L    -3.61%L    -2.87%L    -2.77%L    -3.50%L    -3.24%L    -3.76%L    -3.73%L    -3.24%L    -2.93%L    -2.93%L
2020-08-17   CRWD   #1    09:40   103.11    +1.29%W    +0.33%W    +0.30%W    -0.36%L    +0.37%W    +0.77%W    +0.99%W    +1.14%W    +1.64%W    +2.02%W    +2.18%W    +2.18%W
2020-08-17   DDOG   #2    09:40    82.92    +0.37%W    -0.12%L    +0.21%W    -0.76%L    -0.49%L    +0.15%W    +0.23%W    +0.48%W    +0.69%W    +0.97%W    +0.65%W    +0.65%W
2020-08-18   CRWD   #1    09:40   107.12    -0.63%L    -0.29%L    -0.87%L    -0.81%L    -0.39%L    -0.21%L    +0.00%L    -0.21%L    +0.01%W    -0.09%L    -0.01%L    -0.01%L
2020-08-18   DDOG   #2    09:40    83.17    -0.63%L    -0.12%L    -1.34%L    -0.86%L    -0.17%L    +0.12%W    +0.00%W    -0.25%L    -0.34%L    -0.06%L    +0.35%W    +0.35%W
2020-08-19   CRWD   #1    09:40   107.99    -1.59%L    -1.17%L    -0.10%L    -0.69%L    -0.61%L    +0.56%W    +1.07%W    +1.27%W    +0.80%W    +0.51%W    +0.13%W    +0.13%W
2020-08-19   TSLA   #2    09:40  1852.95    +1.32%W    +2.88%W    +2.38%W    +1.72%W    +1.46%W    +2.31%W    +2.51%W    +2.62%W    +1.97%W    +1.61%W    +1.41%W    +1.41%W
2020-08-20   CRWD   #1    09:40   109.53    +0.66%W    +0.93%W    +1.28%W    +0.85%W    +1.60%W    +2.07%W    +2.15%W    +2.20%W    +2.39%W    +2.65%W    +2.68%W    +2.68%W
2020-08-20   TSLA   #2    09:40  1884.14    +0.29%W    +0.30%W    +0.47%W    +0.30%W    +4.71%W    +5.70%W    +5.74%W    +5.58%W    +6.50%W    +6.65%W    +6.22%W    +6.22%W
2020-08-21   CRWD   #1    09:40   112.79    -0.74%L    -0.87%L    -0.33%L    -0.11%L    -0.71%L    -1.26%L    -0.14%L    -1.54%L    -1.22%L    -0.74%L    -0.69%L    -0.69%L
2020-08-21   TSLA   #2    09:40  2073.45    -0.77%L    -1.21%L    -0.49%L    -0.87%L    -0.63%L    -1.01%L    +0.47%W    +0.57%W    +0.78%W    -1.53%L    -1.13%L    -1.13%L
2020-08-24   CRWD   #1    09:40   112.73    -0.65%L    -0.84%L    -0.71%L    -1.45%L    -3.30%L    -2.92%L    -1.71%L    -1.52%L    -1.48%L    -1.33%L    -1.32%L    -1.32%L
2020-08-24   SNPS   #2    09:40   215.91    -0.75%L    -0.71%L    -0.82%L    -1.48%L    -1.68%L    -1.76%L    -1.89%L    -1.61%L    -1.55%L    -1.23%L    -1.01%L    -1.01%L
2020-08-25   CRWD   #1    09:40   112.30    +1.17%W    +0.87%W    +0.77%W    +0.66%W    +1.36%W    +1.10%W    +1.25%W    +1.52%W    +1.00%W    +1.15%W    +1.07%W    +1.07%W
2020-08-25   SNPS   #2    09:40   213.96    -0.09%L    -0.06%L    -0.31%L    +0.26%W    +0.43%W    -0.03%L    +0.50%W    +0.72%W    +0.73%W    +0.86%W    +0.99%W    +0.99%W
2020-08-26   CRWD   #1    09:40   116.43    +2.35%W    +1.12%W    +0.95%W    +2.29%W    +2.30%W    +2.40%W    +0.25%W    +0.56%W    -0.84%L    +0.06%W    +0.53%W    +0.53%W
2020-08-26   SNPS   #2    09:40   217.24    +0.12%W    -0.01%L    +0.56%W    +0.92%W    +0.93%W    +1.26%W    +1.28%W    +1.51%W    +0.75%W    +1.09%W    +1.20%W    +1.20%W
2020-08-27   CRWD   #1    09:40   116.39    -1.36%L    -0.78%L    +0.38%W    +0.50%W    +0.38%W    +1.54%W    +0.16%W    +0.77%W    +1.32%W    +1.07%W    +0.74%W    +0.74%W
2020-08-27   AVGO   #2    09:40   338.79    +0.00%W    -0.32%L    +0.37%W    +0.32%W    +0.42%W    +0.60%W    -0.38%L    -0.25%L    +0.49%W    +0.33%W    +0.11%W    +0.11%W
2020-08-28   CRWD   #1    09:40   119.34    +1.28%W    +0.16%W    +0.47%W    -0.18%L    -0.93%L    -1.16%L    -1.18%L    -0.52%L    -0.91%L    -0.61%L    -0.55%L    -0.55%L
2020-08-28   TSLA   #2    09:40  2293.33    +0.55%W    -0.86%L    +0.03%W    -0.90%L    -0.77%L    -0.72%L    -2.19%L    -3.56%L    -2.97%L    -3.16%L    -3.48%L    -3.48%L
2020-08-31   TSLA   #1    09:40   452.20    +0.74%W    +1.24%W    +3.36%W    +3.41%W    +7.61%W    +6.15%W    +4.20%W    +7.61%W    +7.67%W    +9.88%W   +10.24%W   +10.24%W
2020-08-31   AVGO   #2    09:40   345.54    +0.04%W    -0.05%L    +0.10%W    +0.37%W    -0.04%L    -0.04%L    +0.47%W    +0.58%W    +0.74%W    +0.70%W    +0.46%W    +0.46%W

========================================================================================
Pre-session picks summary — 42 pick(s) across 21 trading day(s)

Top-2 picks (all days)  (42 signal(s))
  Hold      Count   Win Rate   Avg Gain    Avg Win   Avg Loss ProfitFactor   Sum Ret%
  -------------------------------------------------------------------------
  +15m         42      52.4%     +0.10%     +0.76%     -0.64%        1.31x     +4.02%
  +30m         42      35.7%     -0.10%     +1.01%     -0.72%        0.78x     -4.20%
  +45m         42      50.0%     -0.03%     +0.85%     -0.92%        0.93x     -1.33%
  +1h          42      47.6%     -0.12%     +0.87%     -1.02%        0.77x     -5.12%
  +1h30m       42      45.2%     +0.15%     +1.64%     -1.08%        1.26x     +6.32%
  +2h          42      47.6%     +0.14%     +1.61%     -1.20%        1.22x     +5.76%
  +3h          42      52.4%     +0.23%     +1.57%     -1.24%        1.40x     +9.77%
  +4h          42      52.4%     +0.13%     +1.70%     -1.59%        1.18x     +5.60%
  +5h          42      54.8%     +0.15%     +1.67%     -1.69%        1.20x     +6.47%
  +6h          42      45.2%     +0.16%     +2.08%     -1.44%        1.20x     +6.51%
  +7h          42      52.4%     +0.21%     +1.78%     -1.52%        1.29x     +8.74%
  EOD          42      52.4%     +0.21%     +1.78%     -1.52%        1.29x     +8.74%

=========================================================================================================================================================================================
Signal Analysis — 2020-08-03 to 2020-08-31  |  BULL only  |  Vol ≥ 1.0x 20dAvg
Windows: 09:30/3b  |  Collection: 3 bars  |  Tickers: 19
=========================================================================================================================================================================================
Date         Ticker Window   At       Entry  Vol/20d       +15m       +30m       +45m        +1h     +1h30m        +2h        +3h        +4h        +5h        +6h        +7h        EOD
-----------------------------------------------------------------------------------------------------------------------------------------------------------------------------------------
2020-08-04   MU     09:30/3b 09:40    51.06    1.90x    -0.14%L    +0.64%W    +0.21%W    +0.31%W    +0.37%W    +0.15%W    -0.31%L    -0.16%L    -0.34%L    +0.22%W    +0.52%W    +0.52%W
2020-08-04   AMD    09:30/3b 09:45    82.12    2.80x    -0.22%L    +0.57%W    +0.59%W    +0.42%W    +0.61%W    +2.08%W    +3.91%W    +2.97%W    +1.92%W    +2.97%W    +3.57%W    +3.57%W
2020-08-04   QCOM   09:30/3b 09:40   110.20    1.04x    -0.08%L    -0.14%L    -1.34%L    -0.14%L    -0.15%L    -0.31%L    +0.02%W    +0.04%W    -0.25%L    -0.01%L    +0.65%W    +0.65%W
2020-08-05   CHTR   09:30/3b 09:40   601.25    1.11x    -0.11%L    +0.07%W    -0.04%L    -0.20%L    -0.48%L    -0.41%L    -0.08%L    -0.38%L    -0.53%L    -0.42%L    -0.48%L    -0.48%L
2020-08-05   AVGO   09:30/3b 09:50   329.67    1.29x    -0.32%L    +0.16%W    -0.46%L    -0.59%L    -0.69%L    -0.56%L    -1.02%L    -0.34%L    -0.29%L    -0.12%L    +0.02%W    +0.02%W
2020-08-06   CHTR   09:30/3b 09:45   600.08    1.04x    +0.08%W    +0.33%W    +0.50%W    +0.41%W    +0.16%W    -0.12%L    -0.27%L    -0.54%L    -0.05%L    +0.13%W    +0.34%W    +0.34%W
2020-08-07   META   09:30/3b 09:40   266.08    2.71x    +1.94%W    +2.67%W    +3.17%W    +3.98%W    +3.46%W    +2.13%W    +3.17%W    +2.69%W    +0.23%W    +0.79%W    +0.91%W    +0.91%W
2020-08-10   META   09:30/3b 09:40   273.52    2.62x    -1.97%L    -2.24%L    -2.88%L    -3.16%L    -4.34%L    -3.91%L    -3.50%L    -4.11%L    -4.03%L    -4.14%L    -3.85%L    -3.85%L
2020-08-11   MU     09:30/3b 09:45    49.53    1.45x    -0.77%L    -1.04%L    -1.09%L    -1.00%L    -1.48%L    -1.73%L    -1.38%L    -1.64%L    -1.93%L    -3.18%L    -3.57%L    -3.57%L
2020-08-11   CRWD   09:30/3b 09:45    95.98    2.38x    -1.76%L    -0.84%L    -1.29%L    -1.76%L    +0.13%W    -0.21%L    +4.19%W    +4.49%W    +3.67%W    +2.26%W    +2.26%W    +2.26%W
2020-08-11   AVGO   09:30/3b 09:40   330.00    1.24x    -0.55%L    -0.55%L    -0.54%L    -0.44%L    -0.49%L    -0.48%L    -0.06%L    +0.67%W    +0.37%W    -1.62%L    -1.81%L    -1.81%L
2020-08-11   DDOG   09:30/3b 09:40    76.73    1.29x    -0.40%L    -1.73%L    -1.77%L    -1.75%L    +0.07%W    +0.89%W    +2.29%W    +0.58%W    +0.31%W    -0.56%L    -1.38%L    -1.38%L
2020-08-12   SNPS   09:30/3b 09:45   193.63    1.66x    +0.26%W    +0.01%W    +0.26%W    +0.20%W    +0.35%W    +0.46%W    +0.51%W    +0.27%W    +0.31%W    +0.41%W    +0.32%W    +0.32%W
2020-08-12   CHTR   09:30/3b 09:40   599.95    1.06x    +0.98%W    +0.75%W    +0.94%W    +1.08%W    +0.60%W    +0.85%W    +0.93%W    +0.38%W    +0.19%W    -0.38%L    -0.20%L    -0.20%L
2020-08-12   DDOG   09:30/3b 09:45    78.15    1.11x    -0.43%L    -0.37%L    -0.71%L    -1.42%L    -0.13%L    -0.19%L    -1.12%L    -2.17%L    -2.02%L    -2.27%L    -1.92%L    -1.92%L
2020-08-12   SPOT   09:30/3b 09:40   263.22    1.10x    +0.13%W    -1.19%L    -1.90%L    -1.85%L    -1.16%L    -1.40%L    -1.87%L    -2.70%L    -2.74%L    -4.05%L    -3.77%L    -3.77%L
2020-08-12   QCOM   09:30/3b 09:50   110.97    1.72x    +0.33%W    +1.70%W    +2.11%W    +2.12%W    +1.73%W    +1.75%W    +3.06%W    +3.27%W    +4.42%W    +4.35%W    +4.33%W    +4.33%W
2020-08-13   META   09:30/3b 09:40   265.05    1.58x    -0.28%L    -0.84%L    -0.47%L    -0.48%L    -0.36%L    -1.03%L    -0.75%L    -1.49%L    -1.82%L    -1.47%L    -1.41%L    -1.41%L
2020-08-13   SNPS   09:30/3b 09:40   195.97    1.34x    -0.50%L    +0.04%W    +0.56%W    +0.54%W    +0.82%W    +0.48%W    +1.18%W    +0.34%W    +0.17%W    +0.34%W    +0.19%W    +0.19%W
2020-08-13   QCOM   09:30/3b 09:40   115.27    1.41x    -0.34%L    -0.91%L    -0.72%L    -0.56%L    -0.56%L    -0.52%L    -0.65%L    -1.18%L    -1.90%L    -1.35%L    -1.57%L    -1.57%L
2020-08-14   MRVL   09:30/3b 09:40    34.72    1.61x    -0.97%L    -1.65%L    -2.61%L    -2.56%L    -2.51%L    -2.93%L    -2.70%L    -3.25%L    -3.38%L    -3.20%L    -3.30%L    -3.30%L
2020-08-14   AMD    09:30/3b 09:40    83.14    1.02x    -0.60%L    -0.70%L    -1.37%L    -1.25%L    -1.65%L    -1.89%L    -2.04%L    -2.36%L    -2.15%L    -2.37%L    -2.25%L    -2.25%L
2020-08-17   MRVL   09:30/3b 09:40    33.65    1.45x    -0.03%L    +0.48%W    +0.27%W    -0.59%L    +0.03%W    -0.10%L    -0.16%L    +0.49%W    +0.70%W    +0.39%W    +0.36%W    +0.36%W
2020-08-17   AVGO   09:30/3b 09:40   330.76    1.09x    -0.19%L    +0.00%W    -0.13%L    -0.15%L    +0.05%W    -0.26%L    +0.02%W    +0.13%W    +0.10%W    -0.06%L    -0.12%L    -0.12%L
2020-08-18   CHTR   09:30/3b 09:50   609.63    1.15x    -0.35%L    -0.32%L    -0.04%L    +0.10%W    -0.03%L    +0.01%W    +0.27%W    +0.47%W    +0.22%W    -0.01%L    +0.12%W    +0.12%W
2020-08-18   DDOG   09:30/3b 09:40    83.17    1.28x    -0.63%L    -0.12%L    -1.34%L    -0.86%L    -0.17%L    +0.12%W    +0.00%W    -0.25%L    -0.34%L    -0.06%L    +0.35%W    +0.35%W
2020-08-19   MU     09:30/3b 09:40    44.52    1.04x    -0.46%L    -0.55%L    -0.34%L    -0.37%L    -0.66%L    -0.63%L    -0.74%L    -0.22%L    -1.01%L    -1.08%L    -1.07%L    -1.07%L
2020-08-20   DDOG   09:30/3b 09:40    83.82    1.21x    +1.52%W    +0.72%W    +1.43%W    +0.75%W    +0.81%W    +1.16%W    +2.03%W    +2.48%W    +2.31%W    +2.98%W    +2.40%W    +2.40%W
2020-08-24   MU     09:30/3b 09:40    43.42    1.09x    -0.31%L    +0.76%W    +0.77%W    +0.56%W    +0.42%W    +0.36%W    +0.10%W    +0.36%W    +0.12%W    +0.34%W    +0.78%W    +0.78%W
2020-08-24   CHTR   09:30/3b 09:45   615.85    1.15x    -0.27%L    +0.04%W    -0.01%L    -0.24%L    +0.01%W    -0.11%L    +0.07%W    -0.29%L    -0.53%L    -0.55%L    -0.55%L    -0.55%L
2020-08-25   META   09:30/3b 09:45   274.40    1.24x    -0.30%L    +0.31%W    +0.19%W    -0.09%L    +1.87%W    +1.29%W    +1.42%W    +2.55%W    +3.12%W    +2.44%W    +2.34%W    +2.34%W
2020-08-25   CRWD   09:30/3b 09:45   112.86    1.18x    +0.17%W    +0.34%W    +0.51%W    +0.21%W    +0.88%W    +0.21%W    +0.56%W    +1.01%W    +0.59%W    +0.55%W    +0.57%W    +0.57%W
2020-08-25   TSLA   09:30/3b 09:40  2019.34    1.45x    -0.91%L    -1.11%L    -1.33%L    -1.01%L    -1.14%L    -1.51%L    -0.92%L    -1.09%L    -1.00%L    -0.07%L    +0.24%W    +0.24%W
2020-08-25   LLY    09:30/3b 09:45   150.69    1.34x    +0.11%W    +0.24%W    -0.50%L    -0.56%L    -0.15%L    -0.36%L    -0.30%L    -0.49%L    -0.54%L    -0.40%L    -0.67%L    -0.67%L
2020-08-26   CRWD   09:30/3b 09:50   117.80    2.40x    +0.29%W    +0.31%W    +0.92%W    +1.17%W    +1.35%W    +0.27%W    -0.70%L    -0.38%L    -1.85%L    -0.59%L    -0.65%L    -0.65%L
2020-08-26   CHTR   09:30/3b 09:40   608.65    1.90x    +0.14%W    +0.45%W    +0.55%W    +0.39%W    +0.53%W    +1.17%W    +1.17%W    +1.19%W    +0.95%W    +1.04%W    +1.01%W    +1.01%W
2020-08-26   AVGO   09:30/3b 09:40   335.61    1.76x    +0.27%W    +0.52%W    +0.90%W    +1.11%W    +0.54%W    +1.06%W    +1.51%W    +1.50%W    +1.32%W    +1.21%W    +1.22%W    +1.22%W
2020-08-27   META   09:30/3b 09:40   299.02    1.89x    -0.83%L    -0.73%L    +0.31%W    -0.47%L    -0.38%L    -0.09%L    -1.36%L    -1.82%L    -1.24%L    -1.42%L    -1.96%L    -1.96%L
2020-08-27   AVGO   09:30/3b 09:50   340.37    1.29x    -0.94%L    -0.33%L    -0.13%L    -0.01%L    -0.13%L    +0.07%W    -1.06%L    -0.84%L    -0.21%L    -0.26%L    -0.36%L    -0.36%L
2020-08-28   SNPS   09:30/3b 09:40   218.72    2.53x    +0.23%W    +0.24%W    +0.53%W    +0.43%W    +0.17%W    +0.14%W    +0.18%W    +0.09%W    +0.08%W    +0.39%W    +0.29%W    +0.29%W
2020-08-28   CRWD   09:30/3b 09:50   119.88    1.08x    +0.13%W    -0.13%L    -0.54%L    -1.50%L    -1.41%L    -1.18%L    -1.52%L    -1.04%L    -1.32%L    -1.02%L    -1.00%L    -1.00%L
2020-08-28   AVGO   09:30/3b 09:40   339.69    1.04x    +0.28%W    +0.11%W    +0.27%W    -0.05%L    +0.10%W    +0.14%W    +0.31%W    +0.51%W    +0.91%W    +1.11%W    +1.51%W    +1.51%W
2020-08-28   DDOG   09:30/3b 09:40    83.52    1.77x    +1.92%W    +1.62%W    +3.17%W    +2.93%W    +1.75%W    +1.56%W    +1.79%W    +0.44%W    +0.32%W    -0.35%L    -0.69%L    -0.69%L
2020-08-31   SNPS   09:30/3b 09:45   220.05    2.45x    +0.28%W    -0.02%L    +0.50%W    +0.40%W    +0.52%W    +0.56%W    +0.48%W    +0.72%W    +0.58%W    +0.70%W    +0.67%W    +0.67%W
2020-08-31   CHTR   09:30/3b 09:40   617.29    1.00x    +0.38%W    +0.43%W    +0.23%W    +0.23%W    -0.14%L    -0.22%L    -0.18%L    +0.15%W    +0.02%W    +0.06%W    -0.40%L    -0.40%L
2020-08-31   LLY    09:30/3b 09:40   148.18    1.54x    -0.16%L    -0.59%L    -0.72%L    +0.21%W    +0.15%W    +0.21%W    +0.09%W    +0.08%W    +0.03%W    +0.08%W    +0.11%W    +0.11%W

========================================================================================
Summary — 46 qualifying signal(s) across 21 trading day(s)

Window 09:30/3b  (46 signal(s))
  Hold      Count   Win Rate   Avg Gain    Avg Win   Avg Loss ProfitFactor   Sum Ret%
  -------------------------------------------------------------------------
  +15m         46      39.1%     -0.12%     +0.52%     -0.53%        0.64x     -5.41%
  +30m         46      54.3%     -0.06%     +0.54%     -0.77%        0.84x     -2.60%
  +45m         46      47.8%     -0.07%     +0.86%     -0.93%        0.85x     -3.40%
  +1h          46      43.5%     -0.12%     +0.88%     -0.89%        0.76x     -5.51%
  +1h30m       46      54.3%     -0.02%     +0.70%     -0.87%        0.96x     -0.74%
  +2h          46      50.0%     -0.07%     +0.75%     -0.88%        0.85x     -3.00%
  +3h          46      52.2%     +0.14%     +1.22%     -1.03%        1.29x     +6.53%
  +4h          46      54.3%     +0.02%     +1.12%     -1.27%        1.04x     +1.15%
  +5h          46      52.2%     -0.14%     +0.96%     -1.34%        0.78x     -6.50%
  +6h          46      43.5%     -0.18%     +1.14%     -1.19%        0.73x     -8.26%
  +7h          46      52.2%     -0.17%     +1.04%     -1.50%        0.76x     -7.91%
  EOD          46      52.2%     -0.17%     +1.04%     -1.50%        0.76x     -7.91%
