Fetching 5-min bars (2024-06-17 → 2024-08-30) [alpaca]...
  [cache] loaded 19 tickers from cache
Fetching daily bars (2023-08-02 → 2024-08-30)...

=========================================================================================================================================================================================
Pre-Session Rankings (9:25) — 2024-08-01 to 2024-08-30  |  20d lookback
(Unconditional hold from OR close — no signal or vol filter)
=========================================================================================================================================================================================
Pre-session top-2 (9:25, 20d EOD win rate) — 2024-08-01  OR: 09:30/3b
  #1 CHTR   +15m 55%W +0.1%  +30m 65%W +0.4%  +1h 70%W +0.5%  +2h 70%W +0.8%  +5h 74%W +0.8%  EOD 75%W +0.9%  EOD range -3.2% → +3.9%
  #2 TSLA   +15m 60%W +0.5%  +30m 55%W +0.7%  +1h 60%W +0.7%  +2h 45%W -0.2%  +5h 70%W +0.8%  EOD 55%W +0.4%  EOD range -9.4% → +3.3%
  Ticker   N          +15m          +30m           +1h           +2h           +5h           EOD           EOD range
  ----------------------------------------------------------------------------------------------------------------------
  CHTR    20    55%W +0.1%    65%W +0.4%    70%W +0.5%    70%W +0.8%    74%W +0.8%    75%W +0.9%       -3.2% → +3.9%
  TSLA    20    60%W +0.5%    55%W +0.7%    60%W +0.7%    45%W -0.2%    70%W +0.8%    55%W +0.4%       -9.4% → +3.3%
  APP     20    50%W +0.1%    50%W +0.0%    40%W -0.3%    35%W -0.5%    45%W -0.2%    50%W -0.0%       -4.5% → +2.7%
  QCOM    20    40%W -0.1%    45%W -0.4%    40%W -0.2%    40%W -0.6%    45%W -0.4%    50%W -0.1%       -6.2% → +3.8%
  MRVL    20    35%W -0.2%    35%W -0.3%    30%W -0.4%    45%W -0.4%    45%W -0.7%    45%W -0.5%       -5.3% → +2.5%
  PLTR    20    55%W +0.0%    55%W +0.1%    55%W +0.1%    60%W +0.6%    55%W +0.2%    45%W -0.1%       -4.7% → +3.0%
  AVGO    20    50%W +0.0%    25%W -0.2%    25%W -0.4%    35%W -1.0%    40%W -0.3%    45%W -0.1%       -4.4% → +5.0%
  RDDT    20    55%W +0.2%    45%W -0.3%    60%W +0.1%    45%W -0.9%    45%W -0.7%    45%W -0.8%       -7.1% → +3.2%
  SNOW    20    50%W +0.0%    45%W -0.2%    45%W -0.2%    40%W -0.4%    30%W -0.5%    40%W -0.3%       -4.3% → +1.9%
  ARM     20    50%W -0.0%    55%W +0.0%    50%W -0.0%    40%W -0.3%    35%W -1.1%    40%W -1.1%       -6.8% → +4.9%
  DDOG    20    65%W +0.2%    50%W -0.0%    50%W -0.1%    30%W -0.2%    40%W -0.4%    40%W -0.4%       -3.8% → +2.3%
  META    20    60%W +0.1%    40%W -0.1%    45%W -0.1%    45%W -0.1%    50%W -0.1%    35%W -0.5%       -4.0% → +3.6%
  SNPS    20    45%W -0.0%    40%W -0.1%    35%W -0.3%    30%W -0.8%    35%W -0.6%    35%W -0.7%       -4.4% → +2.0%
  LLY     20    55%W +0.0%    35%W -0.1%    45%W -0.1%    35%W -0.8%    45%W -0.6%    35%W -0.5%       -5.5% → +1.7%
  SPOT    20    45%W -0.1%    40%W -0.2%    45%W -0.1%    55%W +0.1%    35%W -0.4%    30%W -0.4%       -2.9% → +4.0%
  MU      20    40%W -0.1%    35%W -0.2%    40%W -0.5%    40%W -0.6%    35%W -1.1%    30%W -1.4%       -5.1% → +3.0%
  CRWD    20    60%W +0.1%    45%W -0.4%    45%W -0.6%    45%W -0.9%    30%W -1.0%    30%W -1.1%       -4.7% → +1.7%
  AMD     20    30%W -0.2%    25%W -0.6%    30%W -0.7%    25%W -1.1%    30%W -1.1%    25%W -0.9%       -4.7% → +2.9%
Pre-session top-2 (9:25, 20d EOD win rate) — 2024-08-02  OR: 09:30/3b
  #1 CHTR   +15m 55%W +0.1%  +30m 65%W +0.3%  +1h 65%W +0.5%  +2h 65%W +0.8%  +5h 70%W +0.8%  EOD 70%W +0.9%  EOD range -3.2% → +3.9%
  #2 TSLA   +15m 65%W +0.5%  +30m 55%W +0.4%  +1h 55%W +0.5%  +2h 40%W -0.2%  +5h 65%W +0.7%  EOD 50%W +0.0%  EOD range -9.4% → +3.2%
  Ticker   N          +15m          +30m           +1h           +2h           +5h           EOD           EOD range
  ----------------------------------------------------------------------------------------------------------------------
  CHTR    20    55%W +0.1%    65%W +0.3%    65%W +0.5%    65%W +0.8%    70%W +0.8%    70%W +0.9%       -3.2% → +3.9%
  TSLA    20    65%W +0.5%    55%W +0.4%    55%W +0.5%    40%W -0.2%    65%W +0.7%    50%W +0.0%       -9.4% → +3.2%
  APP     20    50%W +0.1%    50%W +0.0%    35%W -0.3%    30%W -0.8%    40%W -0.4%    45%W -0.1%       -7.0% → +2.2%
  QCOM    20    40%W -0.1%    40%W -0.5%    40%W -0.4%    35%W -0.7%    40%W -0.9%    45%W -0.7%       -6.2% → +3.8%
  PLTR    20    60%W +0.1%    55%W +0.1%    50%W -0.1%    55%W +0.6%    55%W +0.2%    45%W -0.1%       -4.7% → +3.0%
  LLY     20    55%W +0.0%    35%W -0.1%    45%W -0.1%    35%W -0.6%    45%W -0.4%    40%W -0.5%       -5.5% → +1.7%
  MRVL    20    35%W -0.1%    30%W -0.6%    25%W -0.7%    40%W -1.0%    40%W -1.0%    40%W -0.6%       -5.6% → +2.5%
  AVGO    20    45%W -0.1%    20%W -0.3%    20%W -0.5%    30%W -1.1%    35%W -0.7%    40%W -0.4%       -7.1% → +5.0%
  DDOG    20    65%W +0.2%    45%W -0.1%    45%W -0.3%    30%W -0.4%    40%W -0.4%    40%W -0.4%       -3.8% → +2.3%
  RDDT    20    55%W +0.2%    45%W -0.3%    55%W +0.0%    45%W -1.2%    40%W -1.4%    40%W -1.0%       -7.1% → +2.7%
  SNOW    20    50%W +0.0%    40%W -0.4%    40%W -0.4%    35%W -0.8%    25%W -0.6%    35%W -0.4%       -4.3% → +1.9%
  SNPS    20    50%W +0.0%    40%W -0.2%    30%W -0.3%    30%W -0.9%    35%W -0.7%    35%W -0.9%       -4.4% → +2.0%
  ARM     20    45%W -0.2%    50%W -0.2%    45%W -0.4%    35%W -1.0%    30%W -1.7%    35%W -1.7%       -7.9% → +4.9%
  META    20    60%W +0.2%    45%W -0.0%    45%W -0.1%    40%W -0.2%    45%W -0.3%    30%W -0.5%       -4.1% → +3.6%
  SPOT    20    45%W -0.1%    40%W -0.2%    45%W -0.1%    50%W -0.0%    30%W -0.6%    25%W -0.6%       -5.5% → +4.0%
  MU      20    40%W -0.1%    30%W -0.4%    35%W -0.5%    35%W -0.8%    30%W -1.4%    25%W -1.5%       -5.4% → +2.0%
  CRWD    20    60%W +0.1%    40%W -0.4%    40%W -0.6%    40%W -1.0%    25%W -1.3%    25%W -1.3%       -4.7% → +1.7%
  AMD     20    30%W -0.3%    20%W -0.7%    30%W -0.9%    25%W -1.2%    25%W -1.3%    25%W -1.3%       -8.4% → +2.9%
Pre-session top-2 (9:25, 20d EOD win rate) — 2024-08-05  OR: 09:30/3b
  #1 CHTR   +15m 55%W +0.1%  +30m 65%W +0.2%  +1h 60%W +0.3%  +2h 60%W +0.7%  +5h 70%W +0.8%  EOD 70%W +0.9%  EOD range -3.2% → +3.9%
  #2 APP    +15m 45%W -0.0%  +30m 45%W -0.2%  +1h 35%W -0.3%  +2h 30%W -0.8%  +5h 40%W -0.4%  EOD 45%W -0.1%  EOD range -7.0% → +2.2%
  Ticker   N          +15m          +30m           +1h           +2h           +5h           EOD           EOD range
  ----------------------------------------------------------------------------------------------------------------------
  CHTR    20    55%W +0.1%    65%W +0.2%    60%W +0.3%    60%W +0.7%    70%W +0.8%    70%W +0.9%       -3.2% → +3.9%
  APP     20    45%W -0.0%    45%W -0.2%    35%W -0.3%    30%W -0.8%    40%W -0.4%    45%W -0.1%       -7.0% → +2.2%
  PLTR    20    60%W +0.1%    50%W +0.0%    45%W -0.3%    55%W +0.6%    50%W -0.1%    45%W -0.1%       -4.7% → +3.0%
  TSLA    20    60%W +0.3%    50%W -0.2%    50%W -0.2%    35%W -0.3%    60%W +0.5%    45%W -0.4%       -9.4% → +3.0%
  AVGO    20    40%W -0.2%    20%W -0.3%    20%W -0.5%    35%W -1.0%    40%W -0.3%    45%W -0.1%       -7.1% → +5.0%
  SNOW    20    45%W -0.1%    35%W -0.5%    35%W -0.7%    35%W -0.8%    30%W -0.6%    40%W -0.4%       -4.3% → +1.9%
  MRVL    20    35%W -0.1%    30%W -0.6%    25%W -1.0%    45%W -1.0%    40%W -1.1%    40%W -0.8%       -5.6% → +2.5%
  QCOM    20    40%W -0.1%    35%W -0.6%    35%W -0.6%    35%W -0.7%    35%W -1.2%    40%W -1.2%       -6.2% → +3.8%
  RDDT    20    50%W +0.0%    40%W -0.6%    50%W -0.1%    45%W -1.2%    40%W -1.4%    40%W -1.0%       -7.1% → +3.3%
  LLY     20    50%W -0.0%    30%W -0.2%    40%W -0.3%    30%W -0.8%    40%W -0.6%    35%W -0.5%       -5.5% → +1.3%
  DDOG    20    60%W +0.2%    40%W -0.1%    40%W -0.5%    30%W -0.4%    40%W -0.4%    35%W -0.4%       -3.8% → +2.3%
  SNPS    20    45%W -0.0%    35%W -0.3%    25%W -0.4%    25%W -1.0%    30%W -0.8%    30%W -0.9%       -4.4% → +2.0%
  ARM     20    40%W -0.4%    45%W -1.1%    40%W -1.1%    30%W -1.0%    25%W -2.1%    30%W -1.7%       -7.9% → +3.3%
  META    20    55%W +0.1%    40%W -0.1%    40%W -0.2%    35%W -0.2%    40%W -0.4%    25%W -0.6%       -4.1% → +1.4%
  SPOT    20    40%W -0.3%    40%W -0.3%    40%W -0.2%    45%W -0.2%    35%W -0.6%    25%W -0.6%       -5.5% → +4.0%
  MU      20    40%W -0.1%    30%W -0.4%    35%W -0.6%    35%W -0.8%    30%W -1.7%    25%W -1.6%       -5.4% → +2.0%
  CRWD    20    55%W +0.1%    35%W -0.7%    35%W -1.0%    35%W -1.0%    20%W -1.3%    25%W -1.3%       -4.7% → +1.7%
  AMD     20    25%W -0.3%    15%W -0.7%    25%W -1.0%    20%W -1.2%    20%W -1.6%    20%W -1.6%       -8.4% → +2.3%
Pre-session top-2 (9:25, 20d EOD win rate) — 2024-08-06  OR: 09:30/3b
  #1 CHTR   +15m 60%W +0.2%  +30m 70%W +0.3%  +1h 65%W +0.3%  +2h 65%W +0.8%  +5h 75%W +0.9%  EOD 70%W +0.9%  EOD range -3.2% → +3.9%
  #2 APP    +15m 45%W -0.0%  +30m 45%W -0.2%  +1h 35%W -0.3%  +2h 30%W -0.8%  +5h 40%W -0.4%  EOD 45%W -0.1%  EOD range -7.0% → +4.2%
  Ticker   N          +15m          +30m           +1h           +2h           +5h           EOD           EOD range
  ----------------------------------------------------------------------------------------------------------------------
  CHTR    20    60%W +0.2%    70%W +0.3%    65%W +0.3%    65%W +0.8%    75%W +0.9%    70%W +0.9%       -3.2% → +3.9%
  APP     20    45%W -0.0%    45%W -0.2%    35%W -0.3%    30%W -0.8%    40%W -0.4%    45%W -0.1%       -7.0% → +4.2%
  QCOM    20    45%W -0.1%    40%W -0.5%    40%W -0.3%    40%W -0.6%    40%W -0.9%    45%W -1.0%       -6.2% → +3.8%
  PLTR    20    65%W +0.2%    50%W +0.0%    45%W -0.3%    55%W +0.6%    50%W -0.1%    45%W -0.1%       -4.7% → +7.0%
  TSLA    20    60%W +0.3%    50%W -0.2%    50%W -0.2%    35%W -0.3%    60%W +0.5%    45%W -0.4%       -9.4% → +3.0%
  AVGO    20    40%W -0.2%    25%W -0.3%    25%W -0.5%    35%W -1.0%    40%W -0.3%    45%W -0.1%       -7.1% → +5.0%
  SNOW    20    45%W -0.1%    35%W -0.5%    40%W -0.7%    40%W -0.8%    30%W -0.6%    40%W -0.4%       -4.3% → +1.9%
  MRVL    20    35%W -0.1%    30%W -0.6%    30%W -1.0%    45%W -1.0%    40%W -1.1%    40%W -0.8%       -5.6% → +3.7%
  RDDT    20    50%W +0.0%    40%W -0.6%    50%W -0.1%    45%W -1.2%    40%W -1.4%    40%W -1.0%       -7.1% → +4.1%
  SNPS    20    45%W -0.0%    35%W -0.3%    30%W -0.3%    30%W -0.9%    35%W -0.7%    35%W -0.8%       -4.4% → +2.1%
  LLY     20    50%W -0.0%    30%W -0.2%    35%W -0.5%    30%W -0.8%    40%W -0.6%    35%W -0.5%       -5.5% → +1.3%
  DDOG    20    60%W +0.2%    40%W -0.1%    40%W -0.5%    30%W -0.4%    40%W -0.4%    35%W -0.4%       -3.8% → +3.5%
  META    20    55%W +0.1%    45%W -0.0%    45%W -0.1%    40%W -0.2%    45%W -0.3%    30%W -0.5%       -4.1% → +1.8%
  MU      20    40%W -0.1%    35%W -0.3%    40%W -0.5%    35%W -0.8%    35%W -1.7%    30%W -1.6%       -5.4% → +3.8%
  ARM     20    40%W -0.4%    45%W -1.1%    45%W -1.1%    35%W -1.0%    30%W -2.1%    30%W -1.7%       -7.9% → +6.7%
  SPOT    20    40%W -0.3%    40%W -0.3%    40%W -0.2%    45%W -0.2%    40%W -0.4%    25%W -0.6%       -5.5% → +4.6%
  CRWD    20    55%W +0.1%    35%W -0.7%    35%W -1.0%    35%W -1.0%    20%W -1.3%    25%W -1.3%       -4.7% → +5.0%
  AMD     20    30%W -0.3%    20%W -0.7%    30%W -1.0%    25%W -1.2%    20%W -1.6%    20%W -1.6%       -8.4% → +4.9%
Pre-session top-2 (9:25, 20d EOD win rate) — 2024-08-07  OR: 09:30/3b
  #1 CHTR   +15m 55%W +0.1%  +30m 65%W +0.2%  +1h 65%W +0.2%  +2h 60%W +0.7%  +5h 70%W +0.8%  EOD 65%W +0.5%  EOD range -3.2% → +3.9%
  #2 APP    +15m 45%W -0.0%  +30m 50%W +0.0%  +1h 40%W -0.3%  +2h 35%W -0.8%  +5h 45%W -0.4%  EOD 50%W -0.0%  EOD range -7.0% → +4.2%
  Ticker   N          +15m          +30m           +1h           +2h           +5h           EOD           EOD range
  ----------------------------------------------------------------------------------------------------------------------
  CHTR    20    55%W +0.1%    65%W +0.2%    65%W +0.2%    60%W +0.7%    70%W +0.8%    65%W +0.5%       -3.2% → +3.9%
  APP     20    45%W -0.0%    50%W +0.0%    40%W -0.3%    35%W -0.8%    45%W -0.4%    50%W -0.0%       -7.0% → +4.2%
  PLTR    20    70%W +0.3%    50%W +0.0%    50%W -0.1%    60%W +0.9%    55%W +0.2%    50%W +0.0%       -4.7% → +7.0%
  AVGO    20    45%W -0.1%    30%W -0.3%    30%W -0.4%    40%W -0.6%    45%W -0.2%    50%W +0.0%       -7.1% → +5.0%
  SNOW    20    50%W +0.0%    40%W -0.4%    45%W -0.4%    45%W -0.4%    35%W -0.3%    45%W -0.2%       -4.3% → +1.9%
  MRVL    20    40%W -0.1%    30%W -0.3%    35%W -0.7%    50%W -0.2%    45%W -1.0%    45%W -0.6%       -5.6% → +3.7%
  QCOM    20    45%W -0.1%    40%W -0.5%    40%W -0.3%    40%W -0.6%    40%W -0.9%    45%W -1.0%       -6.2% → +3.8%
  TSLA    20    60%W +0.3%    50%W -0.2%    50%W -0.2%    35%W -0.3%    60%W +0.5%    45%W -0.4%       -9.4% → +3.5%
  SNPS    20    50%W +0.0%    40%W -0.2%    35%W -0.3%    35%W -0.8%    40%W -0.7%    40%W -0.7%       -4.4% → +2.1%
  DDOG    20    65%W +0.2%    45%W -0.1%    45%W -0.3%    35%W -0.1%    45%W -0.2%    40%W -0.3%       -3.8% → +3.5%
  RDDT    20    55%W +0.2%    45%W -0.3%    55%W +0.0%    50%W -0.3%    40%W -1.1%    40%W -1.0%       -5.9% → +4.1%
  META    20    55%W +0.1%    50%W +0.0%    50%W +0.0%    45%W -0.2%    50%W -0.1%    35%W -0.5%       -4.1% → +2.6%
  MU      20    45%W -0.1%    40%W -0.3%    45%W -0.4%    40%W -0.6%    40%W -1.2%    35%W -1.5%       -5.4% → +3.8%
  LLY     20    55%W +0.1%    35%W -0.2%    40%W -0.5%    35%W -0.8%    40%W -0.6%    35%W -0.5%       -5.5% → +1.3%
  ARM     20    40%W -0.4%    45%W -1.1%    45%W -1.1%    40%W -0.2%    35%W -1.7%    35%W -1.3%       -7.9% → +6.7%
  SPOT    20    40%W -0.3%    45%W -0.3%    40%W -0.2%    45%W -0.2%    40%W -0.4%    30%W -0.6%       -5.5% → +4.6%
  CRWD    20    55%W +0.2%    35%W -0.7%    40%W -0.6%    40%W -1.0%    25%W -1.3%    30%W -1.3%       -4.7% → +5.0%
  AMD     20    35%W -0.3%    25%W -0.7%    35%W -1.0%    30%W -1.2%    25%W -1.6%    20%W -1.6%       -8.4% → +4.9%
Pre-session top-2 (9:25, 20d EOD win rate) — 2024-08-08  OR: 09:30/3b
  #1 CHTR   +15m 55%W +0.3%  +30m 60%W +0.2%  +1h 60%W +0.2%  +2h 60%W +0.5%  +5h 65%W +0.8%  EOD 60%W +0.3%  EOD range -3.2% → +3.9%
  #2 APP    +15m 45%W -0.0%  +30m 45%W -0.0%  +1h 40%W -0.3%  +2h 35%W -0.8%  +5h 40%W -0.5%  EOD 45%W -0.1%  EOD range -7.0% → +4.2%
  Ticker   N          +15m          +30m           +1h           +2h           +5h           EOD           EOD range
  ----------------------------------------------------------------------------------------------------------------------
  CHTR    20    55%W +0.3%    60%W +0.2%    60%W +0.2%    60%W +0.5%    65%W +0.8%    60%W +0.3%       -3.2% → +3.9%
  APP     20    45%W -0.0%    45%W -0.0%    40%W -0.3%    35%W -0.8%    40%W -0.5%    45%W -0.1%       -7.0% → +4.2%
  PLTR    20    70%W +0.3%    55%W +0.1%    55%W +0.1%    60%W +0.9%    50%W -0.1%    45%W -0.1%       -4.7% → +7.0%
  TSLA    20    60%W +0.3%    50%W -0.0%    50%W -0.1%    35%W -0.3%    55%W +0.3%    45%W -1.1%       -9.4% → +3.5%
  AVGO    20    45%W -0.1%    30%W -0.3%    30%W -0.5%    40%W -1.0%    40%W -0.3%    45%W -0.1%       -7.8% → +5.0%
  RDDT    20    60%W +0.4%    50%W -0.0%    60%W +0.1%    55%W +0.5%    45%W -0.4%    45%W -0.8%       -5.9% → +4.1%
  SNOW    20    55%W +0.1%    45%W -0.2%    50%W -0.1%    50%W +0.0%    35%W -0.5%    40%W -0.4%       -4.3% → +1.9%
  MRVL    20    35%W -0.1%    25%W -0.6%    30%W -1.0%    45%W -1.0%    40%W -1.1%    40%W -0.8%       -8.5% → +3.7%
  QCOM    20    40%W -0.1%    35%W -0.6%    35%W -0.6%    35%W -0.7%    35%W -1.2%    40%W -1.6%       -6.2% → +3.8%
  DDOG    20    65%W +0.2%    50%W -0.0%    45%W -0.2%    35%W -0.1%    45%W -0.3%    40%W -0.3%       -3.8% → +3.5%
  SNPS    20    50%W +0.0%    35%W -0.3%    30%W -0.3%    30%W -0.9%    35%W -0.8%    35%W -1.0%       -4.4% → +2.1%
  META    20    50%W -0.0%    45%W -0.1%    45%W -0.1%    40%W -0.4%    45%W -0.3%    30%W -0.5%       -4.1% → +2.6%
  SPOT    20    45%W -0.3%    50%W -0.1%    45%W -0.1%    50%W -0.0%    40%W -0.6%    30%W -0.6%       -5.5% → +4.6%
  MU      20    45%W -0.1%    40%W -0.3%    40%W -0.5%    35%W -0.8%    35%W -1.7%    30%W -1.6%       -5.6% → +3.8%
  LLY     20    60%W +0.1%    35%W -0.2%    35%W -0.5%    30%W -0.8%    35%W -0.6%    30%W -0.7%       -5.5% → +1.3%
  CRWD    20    55%W +0.2%    35%W -0.4%    40%W -0.6%    40%W -1.0%    25%W -1.3%    30%W -1.3%       -4.8% → +5.0%
  ARM     20    35%W -0.6%    40%W -1.8%    40%W -2.0%    35%W -1.0%    30%W -2.2%    30%W -1.7%      -10.2% → +6.7%
  AMD     20    30%W -0.3%    20%W -0.7%    30%W -1.0%    25%W -1.2%    20%W -1.8%    15%W -1.6%       -8.4% → +4.9%
Pre-session top-2 (9:25, 20d EOD win rate) — 2024-08-09  OR: 09:30/3b
  #1 CHTR   +15m 50%W -0.0%  +30m 55%W +0.1%  +1h 55%W +0.1%  +2h 60%W +0.3%  +5h 65%W +0.5%  EOD 60%W +0.3%  EOD range -3.2% → +3.9%
  #2 APP    +15m 45%W -0.0%  +30m 50%W +0.1%  +1h 45%W -0.2%  +2h 40%W -0.5%  +5h 45%W -0.4%  EOD 50%W -0.0%  EOD range -7.0% → +12.6%
  Ticker   N          +15m          +30m           +1h           +2h           +5h           EOD           EOD range
  ----------------------------------------------------------------------------------------------------------------------
  CHTR    20    50%W -0.0%    55%W +0.1%    55%W +0.1%    60%W +0.3%    65%W +0.5%    60%W +0.3%       -3.2% → +3.9%
  APP     20    45%W -0.0%    50%W +0.1%    45%W -0.2%    40%W -0.5%    45%W -0.4%    50%W -0.0%      -7.0% → +12.6%
  PLTR    20    70%W +0.3%    60%W +0.2%    60%W +0.7%    65%W +1.0%    55%W +0.2%    50%W +0.0%       -4.7% → +8.1%
  TSLA    20    60%W +0.3%    50%W -0.0%    50%W +0.1%    40%W -0.2%    60%W +0.5%    50%W -0.1%       -5.2% → +3.5%
  AVGO    20    50%W +0.0%    35%W -0.3%    35%W -0.4%    45%W -0.6%    45%W -0.2%    50%W +0.0%       -7.8% → +5.0%
  RDDT    20    60%W +0.4%    55%W +0.3%    60%W +0.2%    60%W +0.9%    50%W +0.1%    50%W -0.2%       -5.9% → +4.1%
  SNOW    20    55%W +0.1%    45%W -0.2%    50%W -0.1%    55%W +0.4%    40%W -0.3%    45%W -0.2%       -4.3% → +2.9%
  MRVL    20    40%W -0.1%    30%W -0.3%    35%W -0.7%    50%W -0.2%    45%W -1.0%    45%W -0.6%       -8.5% → +6.3%
  QCOM    20    45%W -0.1%    40%W -0.5%    40%W -0.3%    40%W -0.6%    40%W -0.9%    45%W -1.0%       -6.2% → +3.8%
  DDOG    20    60%W +0.2%    50%W -0.0%    45%W -0.2%    40%W -0.1%    50%W +0.0%    45%W -0.2%       -3.8% → +3.5%
  SNPS    20    55%W +0.0%    40%W -0.2%    35%W -0.3%    35%W -0.8%    40%W -0.7%    40%W -0.7%       -4.4% → +3.8%
  META    20    55%W +0.2%    50%W +0.0%    50%W +0.0%    45%W -0.2%    50%W -0.1%    35%W -0.5%       -4.1% → +2.7%
  SPOT    20    50%W -0.1%    55%W +0.1%    50%W +0.0%    55%W +0.1%    45%W -0.4%    35%W -0.4%       -5.5% → +4.6%
  MU      20    50%W +0.0%    45%W -0.1%    45%W -0.4%    40%W -0.6%    40%W -1.2%    35%W -1.5%       -5.6% → +3.8%
  CRWD    20    55%W +0.3%    40%W -0.2%    45%W -0.4%    45%W -0.5%    30%W -0.9%    35%W -0.9%       -4.8% → +5.0%
  ARM     20    40%W -0.4%    45%W -1.1%    45%W -1.1%    40%W -0.2%    35%W -1.7%    35%W -1.3%      -10.2% → +8.8%
  LLY     20    55%W +0.1%    30%W -0.2%    35%W -0.7%    30%W -0.8%    35%W -0.6%    30%W -0.8%       -5.5% → +1.3%
  AMD     20    35%W -0.3%    25%W -0.7%    35%W -0.7%    30%W -1.2%    25%W -1.6%    20%W -1.6%       -8.4% → +5.2%
Pre-session top-2 (9:25, 20d EOD win rate) — 2024-08-12  OR: 09:30/3b
  #1 CHTR   +15m 55%W +0.1%  +30m 55%W +0.1%  +1h 60%W +0.2%  +2h 60%W +0.3%  +5h 65%W +0.5%  EOD 60%W +0.3%  EOD range -3.2% → +3.9%
  #2 APP    +15m 40%W -0.1%  +30m 50%W +0.1%  +1h 40%W -0.2%  +2h 40%W -0.5%  +5h 45%W -0.4%  EOD 50%W -0.0%  EOD range -7.0% → +12.6%
  Ticker   N          +15m          +30m           +1h           +2h           +5h           EOD           EOD range
  ----------------------------------------------------------------------------------------------------------------------
  CHTR    20    55%W +0.1%    55%W +0.1%    60%W +0.2%    60%W +0.3%    65%W +0.5%    60%W +0.3%       -3.2% → +3.9%
  APP     20    40%W -0.1%    50%W +0.1%    40%W -0.2%    40%W -0.5%    45%W -0.4%    50%W -0.0%      -7.0% → +12.6%
  PLTR    20    65%W +0.2%    60%W +0.2%    55%W +0.1%    65%W +1.1%    55%W +0.2%    50%W +0.0%       -4.7% → +8.1%
  TSLA    20    55%W +0.1%    45%W -0.2%    45%W -0.6%    35%W -0.3%    60%W +0.5%    50%W -0.1%       -5.2% → +3.5%
  AVGO    20    45%W -0.1%    35%W -0.3%    35%W -0.4%    45%W -0.6%    45%W -0.2%    50%W +0.0%       -7.8% → +5.0%
  RDDT    20    55%W +0.2%    55%W +0.3%    60%W +0.2%    55%W +0.5%    45%W -0.4%    50%W -0.2%       -5.9% → +4.1%
  SNOW    20    60%W +0.2%    45%W -0.2%    50%W -0.1%    55%W +0.4%    45%W -0.1%    45%W -0.2%       -4.3% → +2.9%
  MRVL    20    35%W -0.1%    30%W -0.3%    30%W -0.7%    45%W -0.7%    45%W -1.0%    45%W -0.6%       -8.5% → +6.3%
  QCOM    20    40%W -0.2%    40%W -0.5%    35%W -0.5%    35%W -0.6%    40%W -0.9%    45%W -1.0%       -6.2% → +3.8%
  DDOG    20    60%W +0.2%    50%W -0.0%    40%W -0.2%    35%W -0.1%    45%W -0.2%    45%W -0.2%       -3.8% → +3.5%
  SNPS    20    50%W +0.0%    40%W -0.2%    30%W -0.3%    35%W -0.8%    40%W -0.7%    40%W -0.7%       -4.4% → +3.8%
  META    20    55%W +0.2%    50%W +0.0%    50%W +0.0%    45%W -0.2%    50%W -0.1%    35%W -0.5%       -4.1% → +2.7%
  SPOT    20    50%W -0.1%    55%W +0.1%    50%W +0.0%    55%W +0.1%    45%W -0.4%    35%W -0.4%       -5.5% → +4.6%
  MU      20    45%W -0.1%    40%W -0.3%    40%W -0.5%    40%W -0.6%    35%W -1.2%    30%W -1.5%       -5.6% → +3.8%
  CRWD    20    55%W +0.1%    40%W -0.2%    45%W -0.4%    45%W -0.5%    25%W -0.9%    30%W -0.9%       -4.8% → +5.0%
  ARM     20    35%W -0.6%    45%W -1.1%    40%W -1.1%    35%W -0.2%    30%W -1.7%    30%W -1.3%      -10.2% → +8.8%
  LLY     20    55%W +0.1%    25%W -0.2%    35%W -0.7%    30%W -0.8%    30%W -0.6%    25%W -0.8%       -5.5% → +1.3%
  AMD     20    30%W -0.3%    20%W -0.7%    30%W -1.0%    25%W -1.2%    25%W -1.6%    15%W -1.6%       -8.4% → +5.2%
Pre-session top-2 (9:25, 20d EOD win rate) — 2024-08-13  OR: 09:30/3b
  #1 CHTR   +15m 50%W +0.0%  +30m 55%W +0.1%  +1h 60%W +0.2%  +2h 55%W +0.2%  +5h 60%W +0.2%  EOD 55%W +0.1%  EOD range -3.2% → +3.5%
  #2 TSLA   +15m 50%W -0.0%  +30m 40%W -0.2%  +1h 40%W -0.6%  +2h 30%W -0.4%  +5h 60%W +0.7%  EOD 55%W +0.3%  EOD range -5.2% → +3.5%
  Ticker   N          +15m          +30m           +1h           +2h           +5h           EOD           EOD range
  ----------------------------------------------------------------------------------------------------------------------
  CHTR    20    50%W +0.0%    55%W +0.1%    60%W +0.2%    55%W +0.2%    60%W +0.2%    55%W +0.1%       -3.2% → +3.5%
  TSLA    20    50%W -0.0%    40%W -0.2%    40%W -0.6%    30%W -0.4%    60%W +0.7%    55%W +0.3%       -5.2% → +3.5%
  RDDT    20    55%W +0.2%    55%W +0.3%    60%W +0.2%    55%W +0.5%    45%W -0.4%    55%W +0.2%       -5.9% → +4.1%
  AVGO    20    45%W -0.1%    40%W -0.3%    35%W -0.4%    45%W -0.6%    50%W -0.1%    50%W +0.0%       -7.8% → +5.0%
  APP     20    35%W -0.1%    50%W +0.1%    40%W -0.2%    35%W -0.5%    40%W -0.5%    45%W -0.1%      -7.0% → +12.6%
  SNOW    20    55%W +0.2%    45%W -0.3%    50%W -0.1%    50%W +0.0%    45%W -0.5%    45%W -0.4%       -4.3% → +2.9%
  MRVL    20    30%W -0.1%    30%W -0.3%    30%W -0.7%    45%W -0.7%    45%W -1.0%    45%W -0.6%       -8.5% → +6.3%
  QCOM    20    40%W -0.2%    40%W -0.5%    35%W -0.5%    35%W -0.6%    40%W -0.9%    45%W -1.0%       -6.2% → +3.8%
  PLTR    20    60%W +0.1%    55%W +0.1%    50%W -0.0%    60%W +1.0%    50%W -0.1%    45%W -0.1%       -5.3% → +8.1%
  DDOG    20    55%W +0.1%    45%W -0.1%    40%W -0.2%    35%W -0.1%    45%W -0.2%    45%W -0.2%       -3.8% → +3.5%
  META    20    50%W -0.0%    50%W +0.0%    50%W +0.0%    40%W -0.2%    50%W -0.0%    40%W -0.5%       -4.1% → +2.7%
  SNPS    20    45%W -0.0%    40%W -0.2%    30%W -0.3%    35%W -0.8%    40%W -0.7%    40%W -0.7%       -4.4% → +3.8%
  SPOT    20    50%W -0.1%    55%W +0.1%    50%W +0.0%    55%W +0.1%    45%W -0.4%    40%W -0.4%       -5.5% → +4.6%
  MU      20    45%W -0.1%    40%W -0.3%    40%W -0.5%    45%W -0.5%    40%W -0.7%    35%W -1.4%       -5.6% → +3.8%
  CRWD    20    50%W -0.1%    40%W -0.2%    45%W -0.4%    45%W -0.5%    25%W -0.9%    30%W -0.9%       -4.8% → +5.0%
  ARM     20    35%W -0.6%    45%W -1.1%    40%W -1.1%    30%W -0.2%    30%W -1.5%    30%W -1.0%      -10.2% → +8.8%
  LLY     20    55%W +0.1%    30%W -0.2%    35%W -0.7%    30%W -0.8%    30%W -0.6%    25%W -0.8%       -5.5% → +1.3%
  AMD     20    35%W -0.3%    25%W -0.7%    30%W -1.0%    25%W -1.2%    30%W -1.6%    20%W -1.6%       -8.4% → +5.2%
Pre-session top-2 (9:25, 20d EOD win rate) — 2024-08-14  OR: 09:30/3b
  #1 TSLA   +15m 55%W +0.1%  +30m 45%W -0.1%  +1h 45%W -0.3%  +2h 35%W -0.4%  +5h 60%W +0.7%  EOD 55%W +0.3%  EOD range -5.2% → +3.5%
  #2 AVGO   +15m 50%W +0.0%  +30m 45%W -0.1%  +1h 40%W -0.3%  +2h 50%W +0.2%  +5h 55%W +0.0%  EOD 55%W +0.3%  EOD range -7.8% → +5.0%
  Ticker   N          +15m          +30m           +1h           +2h           +5h           EOD           EOD range
  ----------------------------------------------------------------------------------------------------------------------
  TSLA    20    55%W +0.1%    45%W -0.1%    45%W -0.3%    35%W -0.4%    60%W +0.7%    55%W +0.3%       -5.2% → +3.5%
  AVGO    20    50%W +0.0%    45%W -0.1%    40%W -0.3%    50%W +0.2%    55%W +0.0%    55%W +0.3%       -7.8% → +5.0%
  RDDT    20    60%W +0.2%    60%W +0.6%    65%W +0.4%    60%W +0.9%    50%W -0.3%    55%W +0.2%       -5.9% → +4.1%
  APP     20    35%W -0.1%    55%W +0.3%    45%W -0.1%    40%W -0.5%    45%W -0.4%    50%W -0.0%      -7.0% → +12.6%
  SNOW    20    55%W +0.2%    50%W -0.0%    55%W +0.1%    55%W +0.4%    50%W +0.1%    50%W -0.0%       -4.3% → +2.9%
  QCOM    20    45%W -0.1%    45%W -0.4%    40%W -0.3%    40%W -0.6%    45%W -0.4%    50%W -0.6%       -6.2% → +3.8%
  CHTR    20    50%W +0.0%    55%W +0.1%    55%W +0.1%    55%W +0.2%    60%W +0.2%    50%W -0.0%       -3.2% → +3.5%
  META    20    50%W -0.0%    50%W +0.0%    50%W +0.0%    40%W -0.1%    55%W +0.2%    45%W -0.4%       -4.1% → +2.7%
  SNPS    20    50%W +0.0%    45%W -0.1%    35%W -0.3%    40%W -0.6%    45%W -0.5%    45%W -0.4%       -4.4% → +3.8%
  MRVL    20    35%W -0.1%    35%W -0.2%    35%W -0.4%    45%W -0.7%    45%W -1.0%    45%W -0.6%       -8.5% → +6.3%
  PLTR    20    60%W +0.2%    60%W +0.2%    55%W +0.1%    60%W +0.9%    45%W -0.2%    45%W -0.1%       -5.3% → +8.1%
  DDOG    20    50%W -0.0%    45%W -0.1%    40%W -0.2%    40%W -0.1%    50%W -0.1%    45%W -0.2%       -3.8% → +3.5%
  SPOT    20    55%W +0.1%    60%W +0.2%    55%W +0.2%    55%W +0.1%    45%W -0.3%    40%W -0.4%       -5.5% → +4.6%
  MU      20    50%W +0.0%    45%W -0.1%    45%W -0.4%    50%W -0.2%    45%W -0.4%    40%W -1.2%       -5.6% → +3.8%
  CRWD    20    55%W +0.1%    45%W -0.1%    50%W -0.1%    50%W +0.0%    30%W -0.7%    35%W -0.6%       -4.8% → +5.0%
  ARM     20    40%W -0.4%    50%W -0.2%    45%W -0.7%    35%W -0.1%    35%W -1.5%    35%W -1.0%      -10.2% → +8.8%
  LLY     20    60%W +0.2%    35%W -0.2%    35%W -0.7%    35%W -0.8%    35%W -0.4%    30%W -0.6%       -5.5% → +1.3%
  AMD     20    40%W -0.3%    30%W -0.6%    35%W -0.9%    30%W -1.1%    35%W -1.6%    25%W -1.6%       -8.4% → +5.2%
Pre-session top-2 (9:25, 20d EOD win rate) — 2024-08-15  OR: 09:30/3b
  #1 AVGO   +15m 55%W +0.0%  +30m 45%W -0.0%  +1h 45%W -0.3%  +2h 55%W +0.7%  +5h 60%W +0.3%  EOD 60%W +0.7%  EOD range -7.8% → +5.0%
  #2 RDDT   +15m 60%W +0.2%  +30m 65%W +0.6%  +1h 70%W +0.4%  +2h 65%W +0.9%  +5h 55%W +0.2%  EOD 60%W +0.7%  EOD range -5.9% → +4.1%
  Ticker   N          +15m          +30m           +1h           +2h           +5h           EOD           EOD range
  ----------------------------------------------------------------------------------------------------------------------
  AVGO    20    55%W +0.0%    45%W -0.0%    45%W -0.3%    55%W +0.7%    60%W +0.3%    60%W +0.7%       -7.8% → +5.0%
  RDDT    20    60%W +0.2%    65%W +0.6%    70%W +0.4%    65%W +0.9%    55%W +0.2%    60%W +0.7%       -5.9% → +4.1%
  APP     20    35%W -0.1%    60%W +0.6%    50%W +0.1%    45%W -0.3%    50%W -0.1%    55%W +0.0%      -7.0% → +12.6%
  SNOW    20    50%W +0.1%    45%W -0.3%    50%W -0.1%    60%W +0.6%    55%W +0.3%    55%W +0.3%       -4.3% → +2.9%
  TSLA    20    50%W -0.0%    45%W -0.1%    45%W -0.3%    35%W -0.4%    60%W +0.7%    55%W +0.3%       -5.2% → +3.5%
  SNPS    20    50%W +0.0%    45%W -0.1%    40%W -0.2%    45%W -0.5%    50%W -0.1%    50%W -0.1%       -4.4% → +3.8%
  MRVL    20    40%W -0.1%    35%W -0.2%    35%W -0.4%    50%W -0.2%    45%W -0.6%    50%W -0.2%       -8.5% → +6.3%
  QCOM    20    45%W -0.1%    45%W -0.4%    40%W -0.5%    40%W -0.6%    45%W -0.4%    50%W -0.3%       -6.2% → +3.8%
  PLTR    20    60%W +0.2%    60%W +0.3%    55%W +0.1%    65%W +1.0%    50%W -0.1%    50%W +0.0%       -5.3% → +8.1%
  DDOG    20    50%W -0.0%    45%W -0.1%    35%W -0.2%    45%W -0.1%    50%W -0.1%    50%W -0.1%       -3.8% → +3.5%
  META    20    45%W -0.0%    50%W +0.0%    50%W +0.0%    45%W -0.0%    55%W +0.2%    45%W -0.4%       -4.1% → +2.7%
  MU      20    50%W -0.0%    45%W -0.3%    40%W -0.6%    55%W +0.0%    50%W -0.1%    45%W -0.7%       -5.6% → +3.8%
  CHTR    20    45%W -0.1%    50%W -0.0%    50%W -0.0%    50%W +0.1%    55%W +0.2%    45%W -0.3%       -3.2% → +3.5%
  SPOT    20    50%W -0.1%    60%W +0.2%    55%W +0.2%    55%W +0.1%    45%W -0.3%    40%W -0.5%       -5.5% → +4.6%
  CRWD    20    55%W +0.2%    50%W +0.1%    55%W +0.3%    55%W +0.3%    35%W -0.7%    40%W -0.5%       -4.8% → +5.0%
  LLY     20    65%W +0.3%    40%W -0.1%    40%W -0.5%    40%W -0.6%    40%W -0.2%    35%W -0.5%       -5.5% → +2.3%
  ARM     20    40%W -0.4%    55%W +0.1%    50%W -0.3%    40%W -0.1%    35%W -1.0%    35%W -0.9%      -10.2% → +8.8%
  AMD     20    40%W -0.3%    30%W -0.6%    35%W -0.6%    35%W -1.0%    40%W -1.3%    30%W -1.3%       -8.4% → +5.2%
Pre-session top-2 (9:25, 20d EOD win rate) — 2024-08-16  OR: 09:30/3b
  #1 SNOW   +15m 50%W +0.1%  +30m 45%W -0.3%  +1h 55%W +0.1%  +2h 65%W +0.6%  +5h 60%W +0.5%  EOD 60%W +0.6%  EOD range -4.3% → +2.9%
  #2 AVGO   +15m 55%W +0.0%  +30m 45%W -0.0%  +1h 50%W +0.1%  +2h 60%W +0.9%  +5h 65%W +0.8%  EOD 60%W +0.7%  EOD range -7.8% → +5.0%
  Ticker   N          +15m          +30m           +1h           +2h           +5h           EOD           EOD range
  ----------------------------------------------------------------------------------------------------------------------
  SNOW    20    50%W +0.1%    45%W -0.3%    55%W +0.1%    65%W +0.6%    60%W +0.5%    60%W +0.6%       -4.3% → +2.9%
  AVGO    20    55%W +0.0%    45%W -0.0%    50%W +0.1%    60%W +0.9%    65%W +0.8%    60%W +0.7%       -7.8% → +5.0%
  APP     20    30%W -0.2%    55%W +0.3%    55%W +0.4%    50%W -0.1%    50%W -0.0%    55%W +0.0%      -7.0% → +12.6%
  SNPS    20    55%W +0.0%    50%W +0.1%    45%W -0.1%    50%W -0.1%    55%W +0.3%    55%W +0.0%       -4.4% → +3.8%
  TSLA    20    50%W -0.0%    45%W -0.1%    45%W -0.3%    35%W -0.4%    60%W +0.7%    55%W +0.4%       -5.2% → +3.5%
  RDDT    20    65%W +0.3%    70%W +0.6%    70%W +0.4%    70%W +0.9%    55%W +0.2%    55%W +0.7%       -5.9% → +4.1%
  MU      20    50%W -0.0%    45%W -0.3%    45%W -0.4%    60%W +0.1%    55%W +0.1%    50%W -0.1%       -5.6% → +3.8%
  MRVL    20    40%W -0.1%    35%W -0.2%    40%W -0.3%    55%W +0.3%    50%W -0.1%    50%W -0.2%       -8.5% → +6.3%
  QCOM    20    45%W -0.1%    45%W -0.4%    45%W -0.3%    45%W -0.4%    50%W -0.3%    50%W -0.3%       -6.2% → +3.8%
  PLTR    20    60%W +0.2%    60%W +0.3%    55%W +0.1%    65%W +0.9%    50%W -0.1%    50%W +0.0%       -5.3% → +8.1%
  DDOG    20    55%W +0.1%    50%W -0.0%    40%W -0.2%    50%W +0.1%    50%W +0.1%    50%W -0.1%       -3.8% → +3.5%
  META    20    45%W -0.0%    50%W +0.0%    55%W +0.1%    50%W -0.0%    55%W +0.2%    45%W -0.4%       -4.1% → +2.7%
  CRWD    20    60%W +0.3%    55%W +0.4%    60%W +0.6%    55%W +0.3%    40%W -0.6%    45%W -0.3%       -4.8% → +5.0%
  CHTR    20    45%W -0.1%    45%W -0.1%    50%W -0.0%    45%W -0.1%    55%W +0.2%    45%W -0.3%       -2.4% → +3.5%
  SPOT    20    50%W -0.1%    55%W +0.1%    60%W +0.2%    55%W +0.1%    45%W -0.3%    40%W -0.5%       -5.5% → +4.6%
  LLY     20    65%W +0.3%    45%W -0.1%    45%W -0.4%    45%W -0.3%    45%W -0.1%    40%W -0.3%       -3.5% → +2.3%
  ARM     20    40%W -0.4%    55%W +0.1%    55%W +0.3%    45%W -0.1%    40%W -0.8%    40%W -0.8%      -10.2% → +8.8%
  AMD     20    45%W -0.3%    35%W -0.5%    40%W -0.5%    40%W -0.9%    45%W -0.9%    35%W -0.9%       -8.4% → +5.2%
Pre-session top-2 (9:25, 20d EOD win rate) — 2024-08-19  OR: 09:30/3b
  #1 SNOW   +15m 55%W +0.1%  +30m 50%W -0.0%  +1h 60%W +0.2%  +2h 70%W +0.8%  +5h 65%W +0.7%  EOD 65%W +0.6%  EOD range -4.3% → +2.9%
  #2 AVGO   +15m 55%W +0.0%  +30m 50%W +0.2%  +1h 55%W +0.5%  +2h 65%W +1.0%  +5h 70%W +1.0%  EOD 65%W +1.0%  EOD range -7.8% → +5.0%
  Ticker   N          +15m          +30m           +1h           +2h           +5h           EOD           EOD range
  ----------------------------------------------------------------------------------------------------------------------
  SNOW    20    55%W +0.1%    50%W -0.0%    60%W +0.2%    70%W +0.8%    65%W +0.7%    65%W +0.6%       -4.3% → +2.9%
  AVGO    20    55%W +0.0%    50%W +0.2%    55%W +0.5%    65%W +1.0%    70%W +1.0%    65%W +1.0%       -7.8% → +5.0%
  SNPS    20    55%W +0.0%    55%W +0.1%    50%W +0.2%    55%W +0.3%    60%W +0.6%    60%W +0.1%       -4.4% → +3.8%
  RDDT    20    70%W +0.3%    70%W +0.6%    65%W +0.4%    70%W +0.7%    55%W +0.2%    60%W +1.0%       -5.9% → +4.1%
  APP     20    30%W -0.2%    55%W +0.1%    60%W +0.4%    50%W -0.1%    50%W +0.1%    55%W +0.0%      -7.0% → +12.6%
  MU      20    55%W +0.2%    50%W +0.2%    50%W -0.1%    65%W +0.2%    60%W +0.3%    55%W +0.3%       -5.6% → +3.8%
  MRVL    20    40%W -0.1%    40%W -0.1%    45%W -0.1%    60%W +0.4%    50%W -0.0%    55%W +0.1%       -8.5% → +6.3%
  QCOM    20    45%W -0.1%    50%W -0.1%    50%W -0.1%    45%W -0.1%    55%W +0.0%    55%W +0.2%       -6.2% → +3.8%
  PLTR    20    60%W +0.2%    60%W +0.3%    55%W +0.1%    65%W +0.9%    55%W +0.1%    55%W +0.2%       -5.3% → +8.1%
  TSLA    20    50%W +0.0%    50%W -0.0%    50%W +0.0%    35%W -0.4%    60%W +0.7%    55%W +0.4%       -5.2% → +3.5%
  CRWD    20    60%W +0.2%    55%W +0.2%    55%W +0.3%    50%W +0.0%    45%W -0.3%    50%W +0.0%       -4.8% → +5.0%
  DDOG    20    55%W +0.1%    55%W +0.0%    45%W -0.1%    55%W +0.3%    50%W +0.1%    50%W -0.1%       -3.8% → +3.5%
  META    20    45%W -0.0%    50%W -0.0%    50%W +0.0%    50%W -0.0%    55%W +0.2%    45%W -0.4%       -4.1% → +2.7%
  SPOT    20    55%W +0.1%    60%W +0.2%    65%W +0.3%    55%W +0.1%    50%W +0.0%    45%W -0.4%       -5.5% → +4.6%
  CHTR    20    45%W -0.1%    45%W -0.1%    50%W -0.0%    45%W -0.1%    55%W +0.2%    45%W -0.3%       -2.4% → +3.5%
  LLY     20    60%W +0.3%    50%W +0.1%    45%W -0.3%    45%W -0.3%    45%W -0.1%    40%W -0.3%       -3.5% → +2.3%
  AMD     20    45%W -0.3%    40%W -0.4%    45%W -0.3%    45%W -0.6%    50%W -0.3%    40%W -0.5%       -8.4% → +5.2%
  ARM     20    45%W -0.2%    60%W +0.1%    55%W +0.3%    45%W -0.1%    40%W -0.8%    35%W -0.8%      -10.2% → +8.8%
Pre-session top-2 (9:25, 20d EOD win rate) — 2024-08-20  OR: 09:30/3b
  #1 AVGO   +15m 50%W +0.0%  +30m 50%W +0.2%  +1h 60%W +0.5%  +2h 70%W +1.0%  +5h 75%W +1.2%  EOD 70%W +1.2%  EOD range -7.8% → +5.0%
  #2 SNOW   +15m 60%W +0.2%  +30m 55%W +0.1%  +1h 60%W +0.2%  +2h 70%W +1.2%  +5h 65%W +0.7%  EOD 65%W +0.7%  EOD range -4.3% → +2.9%
  Ticker   N          +15m          +30m           +1h           +2h           +5h           EOD           EOD range
  ----------------------------------------------------------------------------------------------------------------------
  AVGO    20    50%W +0.0%    50%W +0.2%    60%W +0.5%    70%W +1.0%    75%W +1.2%    70%W +1.2%       -7.8% → +5.0%
  SNOW    20    60%W +0.2%    55%W +0.1%    60%W +0.2%    70%W +1.2%    65%W +0.7%    65%W +0.7%       -4.3% → +2.9%
  SNPS    20    55%W +0.0%    50%W +0.0%    45%W -0.0%    55%W +0.3%    60%W +0.6%    60%W +0.1%       -4.4% → +3.8%
  PLTR    20    65%W +0.2%    65%W +0.5%    60%W +0.2%    65%W +0.9%    60%W +0.3%    60%W +0.4%       -5.3% → +8.1%
  APP     20    30%W -0.3%    55%W +0.1%    55%W +0.3%    55%W +0.0%    50%W +0.4%    55%W +0.1%      -7.0% → +12.6%
  MU      20    55%W +0.2%    50%W -0.0%    45%W -0.4%    65%W +0.2%    60%W +0.6%    55%W +0.4%       -5.6% → +3.8%
  MRVL    20    40%W -0.1%    40%W -0.1%    40%W -0.3%    60%W +0.4%    50%W -0.0%    55%W +0.1%       -8.5% → +6.3%
  CRWD    20    65%W +0.3%    60%W +0.4%    60%W +0.6%    55%W +0.2%    50%W +0.1%    55%W +0.3%       -4.8% → +5.0%
  QCOM    20    45%W -0.2%    45%W -0.3%    45%W -0.2%    45%W -0.1%    55%W +0.0%    55%W +0.2%       -6.2% → +3.8%
  TSLA    20    50%W +0.0%    55%W +0.4%    55%W +0.4%    40%W -0.3%    60%W +0.9%    55%W +0.4%       -5.2% → +3.5%
  RDDT    20    70%W +0.3%    65%W +0.6%    60%W +0.2%    65%W +0.6%    50%W +0.0%    55%W +0.5%       -5.9% → +4.1%
  SPOT    20    55%W +0.1%    60%W +0.2%    65%W +0.3%    60%W +0.2%    55%W +0.4%    50%W +0.2%       -5.5% → +4.6%
  DDOG    20    50%W -0.0%    55%W +0.0%    45%W -0.1%    55%W +0.3%    50%W +0.1%    50%W -0.1%       -3.8% → +3.5%
  META    20    40%W -0.1%    50%W -0.0%    45%W -0.1%    50%W -0.0%    55%W +0.2%    45%W -0.2%       -4.1% → +2.7%
  LLY     20    65%W +0.3%    55%W +0.2%    50%W -0.1%    50%W -0.1%    45%W -0.1%    45%W -0.1%       -3.5% → +2.3%
  CHTR    20    50%W +0.0%    50%W -0.0%    50%W -0.0%    50%W +0.1%    50%W +0.0%    40%W -0.3%       -2.4% → +3.5%
  ARM     20    45%W -0.4%    55%W +0.1%    55%W +0.5%    50%W +0.1%    45%W -0.4%    40%W -0.6%      -10.2% → +8.8%
  AMD     20    40%W -0.3%    35%W -0.5%    45%W -0.3%    50%W +0.0%    50%W -0.2%    40%W -0.5%       -8.4% → +5.2%
Pre-session top-2 (9:25, 20d EOD win rate) — 2024-08-21  OR: 09:30/3b
  #1 AVGO   +15m 50%W +0.0%  +30m 45%W -0.0%  +1h 55%W +0.2%  +2h 65%W +0.8%  +5h 70%W +1.1%  EOD 65%W +1.2%  EOD range -7.8% → +5.0%
  #2 SNOW   +15m 60%W +0.2%  +30m 50%W -0.0%  +1h 55%W +0.2%  +2h 65%W +0.8%  +5h 60%W +0.5%  EOD 60%W +0.6%  EOD range -4.3% → +2.9%
  Ticker   N          +15m          +30m           +1h           +2h           +5h           EOD           EOD range
  ----------------------------------------------------------------------------------------------------------------------
  AVGO    20    50%W +0.0%    45%W -0.0%    55%W +0.2%    65%W +0.8%    70%W +1.1%    65%W +1.2%       -7.8% → +5.0%
  SNOW    20    60%W +0.2%    50%W -0.0%    55%W +0.2%    65%W +0.8%    60%W +0.5%    60%W +0.6%       -4.3% → +2.9%
  PLTR    20    65%W +0.2%    60%W +0.5%    55%W +0.1%    60%W +0.8%    55%W +0.1%    60%W +0.4%       -5.3% → +8.1%
  RDDT    20    65%W +0.3%    60%W +0.5%    55%W +0.0%    60%W +0.5%    50%W +0.0%    60%W +1.0%       -5.9% → +4.1%
  SNPS    20    60%W +0.1%    50%W +0.0%    45%W -0.1%    50%W -0.0%    55%W +0.6%    55%W +0.1%       -4.4% → +3.8%
  MU      20    60%W +0.4%    50%W -0.0%    45%W -0.4%    65%W +0.2%    65%W +0.6%    55%W +0.4%       -5.6% → +3.8%
  MRVL    20    40%W -0.1%    40%W -0.1%    40%W -0.4%    55%W +0.4%    50%W -0.0%    55%W +0.1%       -8.5% → +6.3%
  QCOM    20    50%W -0.0%    45%W -0.2%    45%W -0.2%    45%W -0.1%    55%W +0.0%    55%W +0.2%       -6.2% → +3.8%
  TSLA    20    50%W +0.0%    55%W +0.4%    55%W +0.4%    40%W -0.3%    60%W +0.9%    55%W +0.4%       -5.2% → +3.5%
  APP     20    35%W -0.3%    50%W +0.0%    50%W +0.1%    50%W -0.1%    45%W -0.2%    50%W -0.0%      -7.0% → +12.6%
  SPOT    20    55%W +0.1%    60%W +0.2%    65%W +0.3%    60%W +0.2%    55%W +0.4%    50%W +0.2%       -5.5% → +4.6%
  CRWD    20    60%W +0.2%    55%W +0.2%    55%W +0.3%    50%W -0.0%    45%W -0.3%    50%W +0.0%       -4.8% → +5.0%
  META    20    45%W -0.0%    50%W -0.0%    45%W -0.2%    45%W -0.0%    50%W -0.1%    45%W -0.3%       -4.1% → +2.7%
  DDOG    20    45%W -0.1%    50%W -0.0%    40%W -0.2%    50%W +0.1%    45%W -0.2%    45%W -0.3%       -3.8% → +3.5%
  LLY     20    65%W +0.3%    50%W +0.1%    45%W -0.3%    45%W -0.3%    40%W -0.2%    40%W -0.3%       -3.5% → +2.3%
  AMD     20    40%W -0.3%    40%W -0.5%    45%W -0.2%    50%W -0.0%    55%W +0.2%    40%W -0.3%       -8.4% → +5.2%
  CHTR    20    50%W +0.0%    50%W -0.0%    50%W -0.0%    45%W -0.2%    45%W -0.2%    35%W -0.5%       -2.4% → +1.7%
  ARM     20    45%W -0.4%    50%W -0.1%    50%W +0.2%    45%W -0.1%    40%W -0.8%    35%W -0.8%      -10.2% → +8.8%
Pre-session top-2 (9:25, 20d EOD win rate) — 2024-08-22  OR: 09:30/3b
  #1 AVGO   +15m 45%W -0.1%  +30m 50%W +0.1%  +1h 60%W +0.5%  +2h 70%W +0.8%  +5h 75%W +1.1%  EOD 70%W +1.2%  EOD range -7.8% → +5.0%
  #2 SNOW   +15m 65%W +0.2%  +30m 55%W +0.2%  +1h 60%W +0.4%  +2h 70%W +0.8%  +5h 65%W +0.7%  EOD 65%W +0.7%  EOD range -3.9% → +2.9%
  Ticker   N          +15m          +30m           +1h           +2h           +5h           EOD           EOD range
  ----------------------------------------------------------------------------------------------------------------------
  AVGO    20    45%W -0.1%    50%W +0.1%    60%W +0.5%    70%W +0.8%    75%W +1.1%    70%W +1.2%       -7.8% → +5.0%
  SNOW    20    65%W +0.2%    55%W +0.2%    60%W +0.4%    70%W +0.8%    65%W +0.7%    65%W +0.7%       -3.9% → +2.9%
  PLTR    20    70%W +0.3%    65%W +0.5%    60%W +0.4%    60%W +0.8%    60%W +0.2%    65%W +0.7%       -5.3% → +8.1%
  RDDT    20    65%W +0.3%    60%W +0.5%    60%W +0.2%    60%W +0.5%    55%W +0.2%    65%W +1.2%       -5.9% → +4.1%
  SNPS    20    55%W +0.0%    50%W -0.1%    50%W +0.2%    55%W +0.2%    60%W +0.8%    60%W +0.5%       -4.4% → +3.8%
  MU      20    55%W +0.2%    45%W -0.5%    45%W -0.4%    60%W +0.2%    70%W +0.6%    60%W +0.6%       -5.6% → +3.8%
  MRVL    20    40%W -0.1%    45%W -0.1%    40%W -0.4%    60%W +0.6%    55%W +0.4%    60%W +0.2%       -8.5% → +6.3%
  QCOM    20    45%W -0.1%    45%W -0.2%    50%W -0.1%    45%W -0.1%    55%W +0.0%    60%W +0.2%       -6.2% → +3.8%
  TSLA    20    55%W +0.1%    55%W +0.4%    60%W +0.4%    40%W -0.4%    65%W +0.9%    60%W +0.4%       -5.2% → +3.5%
  APP     20    40%W -0.2%    50%W +0.0%    50%W +0.1%    55%W +0.0%    50%W +0.4%    55%W +0.1%      -7.0% → +12.6%
  CRWD    20    65%W +0.3%    55%W +0.2%    60%W +0.6%    50%W -0.0%    50%W +0.1%    55%W +0.3%       -4.8% → +5.0%
  META    20    45%W -0.0%    50%W -0.0%    50%W +0.0%    50%W -0.0%    55%W +0.2%    50%W +0.1%       -4.1% → +2.7%
  SPOT    20    60%W +0.1%    60%W +0.2%    65%W +0.3%    60%W +0.2%    55%W +0.4%    50%W +0.2%       -5.5% → +4.6%
  DDOG    20    50%W -0.0%    50%W -0.0%    45%W -0.1%    55%W +0.3%    50%W +0.1%    50%W +0.1%       -2.9% → +3.5%
  LLY     20    70%W +0.3%    50%W +0.1%    45%W -0.1%    50%W -0.1%    45%W -0.1%    45%W -0.1%       -3.5% → +2.3%
  AMD     20    45%W -0.3%    40%W -0.4%    50%W +0.1%    55%W +0.2%    60%W +0.3%    45%W -0.2%       -8.4% → +5.2%
  ARM     20    45%W -0.3%    50%W -0.1%    50%W +0.2%    45%W -0.1%    40%W -0.4%    40%W -0.6%      -10.2% → +8.8%
  CHTR    20    50%W +0.0%    50%W -0.0%    50%W -0.0%    45%W -0.2%    45%W -0.2%    35%W -0.5%       -2.4% → +1.7%
Pre-session top-2 (9:25, 20d EOD win rate) — 2024-08-23  OR: 09:30/3b
  #1 AVGO   +15m 45%W -0.1%  +30m 50%W +0.1%  +1h 60%W +0.5%  +2h 65%W +0.8%  +5h 70%W +0.8%  EOD 70%W +1.2%  EOD range -7.8% → +5.0%
  #2 RDDT   +15m 70%W +0.3%  +30m 65%W +0.6%  +1h 60%W +0.2%  +2h 55%W +0.4%  +5h 55%W +0.2%  EOD 65%W +1.0%  EOD range -5.9% → +4.1%
  Ticker   N          +15m          +30m           +1h           +2h           +5h           EOD           EOD range
  ----------------------------------------------------------------------------------------------------------------------
  AVGO    20    45%W -0.1%    50%W +0.1%    60%W +0.5%    65%W +0.8%    70%W +0.8%    70%W +1.2%       -7.8% → +5.0%
  RDDT    20    70%W +0.3%    65%W +0.6%    60%W +0.2%    55%W +0.4%    55%W +0.2%    65%W +1.0%       -5.9% → +4.1%
  SNOW    20    65%W +0.2%    55%W +0.2%    55%W +0.2%    65%W +0.6%    60%W +0.5%    60%W +0.6%       -4.8% → +2.9%
  SNPS    20    55%W +0.0%    50%W -0.1%    50%W +0.2%    55%W +0.2%    60%W +0.8%    60%W +0.5%       -4.7% → +3.8%
  MU      20    55%W +0.2%    45%W -0.5%    45%W -0.4%    55%W +0.1%    65%W +0.6%    60%W +0.6%       -5.6% → +3.8%
  MRVL    20    40%W -0.1%    45%W -0.1%    45%W -0.4%    55%W +0.4%    50%W -0.0%    60%W +0.2%       -8.5% → +6.3%
  QCOM    20    45%W -0.1%    45%W -0.2%    45%W -0.2%    45%W -0.1%    55%W +0.0%    60%W +0.2%       -6.2% → +3.8%
  PLTR    20    70%W +0.3%    65%W +0.5%    55%W +0.1%    55%W +0.3%    55%W +0.1%    60%W +0.4%       -5.3% → +8.1%
  TSLA    20    60%W +0.2%    55%W +0.4%    55%W +0.1%    35%W -0.4%    60%W +0.5%    60%W +0.4%       -5.3% → +3.5%
  APP     20    40%W -0.2%    50%W +0.0%    50%W +0.1%    50%W -0.1%    45%W -0.2%    55%W +0.1%      -7.0% → +12.6%
  CRWD    20    65%W +0.3%    55%W +0.2%    60%W +0.6%    50%W -0.0%    50%W +0.1%    55%W +0.3%       -4.8% → +5.0%
  META    20    50%W +0.1%    55%W +0.1%    50%W +0.0%    45%W -0.0%    50%W -0.1%    50%W +0.1%       -4.1% → +2.7%
  SPOT    20    65%W +0.2%    65%W +0.3%    60%W +0.2%    60%W +0.2%    50%W +0.3%    50%W +0.2%       -5.5% → +4.6%
  LLY     20    75%W +0.4%    55%W +0.2%    50%W -0.0%    50%W -0.1%    45%W -0.1%    45%W -0.1%       -3.5% → +2.3%
  AMD     20    45%W -0.2%    40%W -0.4%    45%W -0.2%    55%W +0.2%    60%W +0.3%    45%W -0.2%       -8.4% → +5.2%
  DDOG    20    55%W +0.0%    55%W +0.0%    50%W +0.0%    55%W +0.3%    45%W -0.2%    45%W -0.3%       -2.9% → +3.5%
  ARM     20    45%W -0.3%    50%W -0.1%    45%W -0.0%    40%W -0.1%    35%W -0.8%    40%W -0.7%      -10.2% → +8.8%
  CHTR    20    45%W -0.1%    45%W -0.1%    50%W -0.0%    45%W -0.2%    45%W -0.4%    35%W -0.5%       -2.4% → +1.7%
Pre-session top-2 (9:25, 20d EOD win rate) — 2024-08-26  OR: 09:30/3b
  #1 AVGO   +15m 50%W -0.1%  +30m 55%W +0.3%  +1h 65%W +0.7%  +2h 70%W +0.8%  +5h 70%W +0.9%  EOD 70%W +1.2%  EOD range -7.8% → +5.0%
  #2 RDDT   +15m 70%W +0.3%  +30m 70%W +0.6%  +1h 65%W +0.4%  +2h 60%W +0.5%  +5h 60%W +0.3%  EOD 70%W +1.3%  EOD range -5.9% → +4.3%
  Ticker   N          +15m          +30m           +1h           +2h           +5h           EOD           EOD range
  ----------------------------------------------------------------------------------------------------------------------
  AVGO    20    50%W -0.1%    55%W +0.3%    65%W +0.7%    70%W +0.8%    70%W +0.9%    70%W +1.2%       -7.8% → +5.0%
  RDDT    20    70%W +0.3%    70%W +0.6%    65%W +0.4%    60%W +0.5%    60%W +0.3%    70%W +1.3%       -5.9% → +4.3%
  SNOW    20    65%W +0.2%    60%W +0.4%    60%W +0.6%    70%W +0.8%    65%W +0.7%    65%W +0.7%       -4.8% → +2.9%
  MRVL    20    45%W -0.0%    50%W +0.0%    50%W +0.0%    60%W +0.6%    55%W +0.4%    65%W +0.4%       -8.5% → +6.3%
  SNPS    20    60%W +0.1%    55%W +0.1%    50%W +0.2%    55%W +0.2%    60%W +0.8%    60%W +0.5%       -4.7% → +3.8%
  MU      20    55%W +0.2%    50%W -0.0%    50%W -0.3%    55%W +0.2%    60%W +0.6%    60%W +0.6%       -5.6% → +3.8%
  CRWD    20    70%W +0.3%    60%W +0.4%    65%W +0.6%    50%W +0.1%    55%W +0.2%    60%W +0.4%       -4.8% → +5.0%
  QCOM    20    45%W -0.1%    50%W +0.0%    50%W -0.1%    45%W -0.1%    55%W +0.3%    60%W +0.2%       -6.2% → +3.8%
  TSLA    20    60%W +0.1%    60%W +0.8%    60%W +0.4%    40%W -0.4%    60%W +0.9%    60%W +0.6%       -5.3% → +3.5%
  APP     20    45%W -0.2%    55%W +0.1%    55%W +0.2%    50%W -0.1%    50%W +0.2%    55%W +0.2%      -7.0% → +12.6%
  PLTR    20    70%W +0.3%    65%W +0.5%    55%W +0.1%    55%W +0.3%    50%W -0.0%    55%W +0.4%       -5.3% → +8.1%
  SPOT    20    60%W +0.1%    65%W +0.3%    60%W +0.2%    55%W +0.2%    50%W +0.3%    50%W +0.2%       -5.5% → +4.6%
  AMD     20    50%W -0.0%    45%W -0.3%    50%W +0.2%    60%W +0.3%    60%W +0.3%    50%W +0.2%       -8.4% → +5.2%
  DDOG    20    55%W +0.1%    60%W +0.1%    55%W +0.2%    60%W +0.3%    50%W +0.1%    50%W +0.1%       -2.9% → +3.5%
  META    20    55%W +0.2%    55%W +0.1%    50%W +0.0%    40%W -0.1%    45%W -0.3%    45%W -0.3%       -4.1% → +2.7%
  LLY     20    75%W +0.3%    50%W +0.1%    45%W -0.1%    45%W -0.2%    40%W -0.2%    45%W -0.3%       -3.5% → +2.3%
  ARM     20    45%W -0.2%    55%W +0.1%    50%W +0.3%    45%W -0.1%    40%W -0.4%    45%W -0.3%      -10.2% → +8.8%
  CHTR    20    45%W -0.1%    45%W -0.1%    50%W -0.0%    45%W -0.2%    45%W -0.4%    35%W -0.5%       -2.4% → +2.0%
Pre-session top-2 (9:25, 20d EOD win rate) — 2024-08-27  OR: 09:30/3b
  #1 AVGO   +15m 50%W -0.1%  +30m 55%W +0.3%  +1h 65%W +0.7%  +2h 70%W +0.8%  +5h 70%W +0.9%  EOD 70%W +1.2%  EOD range -7.8% → +5.0%
  #2 RDDT   +15m 70%W +0.4%  +30m 70%W +1.0%  +1h 60%W +0.3%  +2h 60%W +0.5%  +5h 65%W +0.5%  EOD 70%W +1.3%  EOD range -5.9% → +4.3%
  Ticker   N          +15m          +30m           +1h           +2h           +5h           EOD           EOD range
  ----------------------------------------------------------------------------------------------------------------------
  AVGO    20    50%W -0.1%    55%W +0.3%    65%W +0.7%    70%W +0.8%    70%W +0.9%    70%W +1.2%       -7.8% → +5.0%
  RDDT    20    70%W +0.4%    70%W +1.0%    60%W +0.3%    60%W +0.5%    65%W +0.5%    70%W +1.3%       -5.9% → +4.3%
  SNOW    20    65%W +0.2%    65%W +0.6%    65%W +1.0%    75%W +1.2%    65%W +1.0%    65%W +0.8%       -4.8% → +2.9%
  MRVL    20    45%W -0.0%    50%W +0.0%    50%W +0.0%    60%W +0.6%    55%W +0.4%    65%W +0.4%       -8.5% → +6.3%
  SNPS    20    55%W +0.1%    55%W +0.1%    50%W +0.2%    55%W +0.2%    60%W +0.8%    60%W +0.5%       -4.7% → +3.8%
  MU      20    55%W +0.2%    50%W -0.0%    50%W -0.3%    55%W +0.2%    60%W +0.6%    60%W +0.6%       -5.6% → +3.8%
  CRWD    20    65%W +0.2%    60%W +0.4%    60%W +0.3%    45%W -0.1%    55%W +0.2%    60%W +0.4%       -4.8% → +5.0%
  QCOM    20    45%W -0.2%    50%W +0.0%    50%W -0.1%    45%W -0.1%    55%W +0.3%    60%W +0.2%       -6.2% → +3.8%
  APP     20    45%W -0.2%    55%W +0.1%    50%W +0.0%    50%W -0.1%    50%W +0.2%    55%W +0.2%      -7.0% → +12.6%
  PLTR    20    65%W +0.3%    65%W +0.5%    55%W +0.1%    55%W +0.3%    50%W -0.0%    55%W +0.4%       -5.3% → +8.1%
  TSLA    20    55%W +0.1%    55%W +0.4%    55%W +0.1%    40%W -0.5%    55%W +0.4%    55%W +0.3%       -5.3% → +3.5%
  SPOT    20    55%W +0.1%    60%W +0.3%    60%W +0.2%    55%W +0.2%    50%W +0.3%    50%W +0.2%       -5.5% → +4.6%
  LLY     20    70%W +0.3%    55%W +0.2%    50%W -0.0%    50%W -0.1%    45%W -0.1%    50%W -0.0%       -3.5% → +2.3%
  AMD     20    50%W -0.0%    45%W -0.3%    50%W +0.2%    60%W +0.3%    60%W +0.3%    50%W +0.2%       -8.4% → +5.2%
  DDOG    20    50%W -0.0%    55%W +0.1%    55%W +0.2%    60%W +0.3%    55%W +0.2%    50%W +0.1%       -2.9% → +3.5%
  META    20    55%W +0.1%    55%W +0.1%    45%W -0.2%    40%W -0.1%    45%W -0.2%    45%W -0.1%       -4.1% → +2.7%
  ARM     20    45%W -0.1%    55%W +0.1%    50%W +0.3%    45%W -0.1%    40%W -0.4%    45%W -0.3%      -10.2% → +8.8%
  CHTR    20    45%W -0.1%    45%W -0.1%    50%W -0.0%    45%W -0.2%    45%W -0.4%    35%W -0.5%       -2.4% → +2.0%
Pre-session top-2 (9:25, 20d EOD win rate) — 2024-08-28  OR: 09:30/3b
  #1 AVGO   +15m 55%W +0.1%  +30m 60%W +0.6%  +1h 70%W +0.8%  +2h 75%W +1.0%  +5h 75%W +1.1%  EOD 75%W +1.4%  EOD range -7.8% → +5.0%
  #2 RDDT   +15m 75%W +0.6%  +30m 75%W +1.2%  +1h 65%W +0.6%  +2h 65%W +0.6%  +5h 70%W +0.7%  EOD 75%W +1.4%  EOD range -5.9% → +4.3%
  Ticker   N          +15m          +30m           +1h           +2h           +5h           EOD           EOD range
  ----------------------------------------------------------------------------------------------------------------------
  AVGO    20    55%W +0.1%    60%W +0.6%    70%W +0.8%    75%W +1.0%    75%W +1.1%    75%W +1.4%       -7.8% → +5.0%
  RDDT    20    75%W +0.6%    75%W +1.2%    65%W +0.6%    65%W +0.6%    70%W +0.7%    75%W +1.4%       -5.9% → +4.3%
  MRVL    20    50%W +0.0%    55%W +0.2%    55%W +0.5%    65%W +0.7%    60%W +0.8%    70%W +1.1%       -8.5% → +6.3%
  SNOW    20    65%W +0.2%    70%W +0.6%    70%W +1.0%    80%W +1.2%    65%W +1.0%    65%W +0.8%       -4.8% → +2.9%
  SNPS    20    60%W +0.1%    60%W +0.3%    55%W +0.4%    60%W +0.4%    65%W +0.8%    65%W +0.6%       -4.7% → +3.8%
  MU      20    60%W +0.4%    55%W +0.6%    55%W +0.2%    60%W +0.3%    65%W +0.8%    65%W +0.8%       -5.6% → +3.8%
  CRWD    20    70%W +0.2%    65%W +0.4%    65%W +0.6%    50%W +0.1%    60%W +0.3%    65%W +0.5%       -4.8% → +5.0%
  QCOM    20    50%W +0.0%    55%W +0.3%    55%W +0.1%    50%W +0.2%    60%W +0.9%    65%W +0.6%       -5.9% → +3.8%
  APP     20    50%W +0.1%    60%W +0.2%    55%W +0.2%    55%W +0.0%    55%W +0.8%    60%W +0.5%      -7.0% → +12.6%
  PLTR    20    70%W +0.3%    70%W +0.6%    60%W +0.4%    60%W +0.8%    55%W +0.2%    60%W +0.7%       -5.3% → +8.1%
  TSLA    20    55%W +0.1%    50%W -0.0%    50%W +0.0%    40%W -0.5%    55%W +0.4%    55%W +0.3%       -5.3% → +3.5%
  AMD     20    55%W +0.1%    50%W +0.2%    55%W +0.5%    60%W +0.3%    60%W +0.3%    55%W +0.4%       -8.4% → +5.2%
  META    20    60%W +0.2%    60%W +0.2%    50%W +0.0%    45%W -0.0%    50%W +0.0%    50%W +0.1%       -4.1% → +2.7%
  SPOT    20    55%W +0.1%    60%W +0.2%    60%W +0.2%    55%W +0.2%    50%W +0.3%    50%W +0.2%       -5.5% → +4.6%
  LLY     20    75%W +0.3%    60%W +0.3%    55%W +0.0%    50%W -0.1%    45%W -0.1%    50%W -0.0%       -1.1% → +2.3%
  ARM     20    50%W +0.0%    60%W +0.5%    55%W +0.7%    50%W +0.1%    45%W -0.1%    50%W +0.3%      -10.2% → +8.8%
  DDOG    20    55%W +0.0%    60%W +0.1%    60%W +0.3%    60%W +0.3%    55%W +0.2%    50%W +0.1%       -2.9% → +3.5%
  CHTR    20    45%W -0.1%    45%W -0.1%    50%W -0.0%    45%W -0.2%    45%W -0.4%    35%W -0.5%       -2.4% → +2.0%
Pre-session top-2 (9:25, 20d EOD win rate) — 2024-08-29  OR: 09:30/3b
  #1 AVGO   +15m 50%W -0.1%  +30m 55%W +0.3%  +1h 65%W +0.7%  +2h 70%W +0.8%  +5h 70%W +0.9%  EOD 70%W +1.2%  EOD range -7.8% → +4.8%
  #2 RDDT   +15m 75%W +0.5%  +30m 70%W +1.0%  +1h 60%W +0.6%  +2h 60%W +0.6%  +5h 65%W +0.7%  EOD 70%W +1.3%  EOD range -5.9% → +4.3%
  Ticker   N          +15m          +30m           +1h           +2h           +5h           EOD           EOD range
  ----------------------------------------------------------------------------------------------------------------------
  AVGO    20    50%W -0.1%    55%W +0.3%    65%W +0.7%    70%W +0.8%    70%W +0.9%    70%W +1.2%       -7.8% → +4.8%
  RDDT    20    75%W +0.5%    70%W +1.0%    60%W +0.6%    60%W +0.6%    65%W +0.7%    70%W +1.3%       -5.9% → +4.3%
  SNOW    20    65%W +0.2%    65%W +0.6%    65%W +1.0%    75%W +0.8%    65%W +1.0%    65%W +0.8%       -4.8% → +2.9%
  MRVL    20    45%W -0.0%    55%W +0.2%    55%W +0.5%    60%W +0.6%    55%W +0.4%    65%W +0.4%       -8.5% → +6.3%
  CRWD    20    70%W +0.2%    60%W +0.4%    60%W +0.3%    45%W -0.1%    60%W +0.3%    65%W +0.5%       -4.8% → +5.0%
  APP     20    45%W -0.2%    65%W +0.3%    55%W +0.2%    60%W +0.1%    60%W +1.1%    60%W +0.5%      -7.0% → +12.6%
  SNPS    20    55%W +0.1%    55%W +0.1%    50%W +0.2%    55%W +0.2%    60%W +0.6%    60%W +0.3%       -4.7% → +3.8%
  MU      20    60%W +0.4%    50%W -0.0%    50%W -0.2%    55%W +0.2%    60%W +0.5%    60%W +0.8%       -5.6% → +3.8%
  QCOM    20    45%W -0.2%    50%W +0.0%    50%W -0.1%    45%W -0.1%    55%W +0.3%    60%W +0.2%       -5.9% → +3.4%
  PLTR    20    65%W +0.3%    70%W +0.5%    55%W +0.4%    55%W +0.3%    50%W -0.0%    60%W +0.7%       -5.3% → +8.1%
  AMD     20    55%W +0.1%    50%W +0.2%    55%W +0.5%    60%W +0.3%    60%W +0.3%    55%W +0.4%       -8.4% → +5.2%
  META    20    55%W +0.1%    60%W +0.1%    50%W +0.0%    40%W -0.1%    45%W -0.2%    50%W -0.0%       -4.1% → +2.7%
  LLY     20    75%W +0.3%    60%W +0.3%    55%W +0.0%    45%W -0.2%    40%W -0.2%    50%W -0.0%       -1.1% → +2.3%
  TSLA    20    55%W +0.1%    45%W -0.1%    45%W -0.1%    35%W -0.5%    50%W +0.1%    50%W +0.1%       -5.3% → +3.5%
  DDOG    20    50%W -0.0%    60%W +0.1%    60%W +0.3%    60%W +0.3%    55%W +0.2%    50%W +0.1%       -2.9% → +3.5%
  SPOT    20    50%W +0.0%    55%W +0.1%    55%W +0.1%    50%W +0.0%    45%W -0.1%    45%W -0.4%       -5.5% → +4.6%
  ARM     20    45%W -0.1%    55%W +0.4%    50%W +0.4%    45%W -0.1%    40%W -0.4%    45%W -0.3%      -10.2% → +8.8%
  CHTR    20    45%W -0.1%    45%W -0.1%    45%W -0.1%    40%W -0.3%    40%W -0.6%    30%W -0.6%       -2.4% → +2.0%
Pre-session top-2 (9:25, 20d EOD win rate) — 2024-08-30  OR: 09:30/3b
  #1 RDDT   +15m 75%W +0.5%  +30m 70%W +1.2%  +1h 65%W +0.9%  +2h 65%W +0.7%  +5h 70%W +0.9%  EOD 75%W +1.8%  EOD range -2.2% → +4.3%
  #2 SNOW   +15m 70%W +0.2%  +30m 70%W +0.6%  +1h 70%W +1.0%  +2h 80%W +1.2%  +5h 70%W +1.0%  EOD 70%W +0.8%  EOD range -4.8% → +2.9%
  Ticker   N          +15m          +30m           +1h           +2h           +5h           EOD           EOD range
  ----------------------------------------------------------------------------------------------------------------------
  RDDT    20    75%W +0.5%    70%W +1.2%    65%W +0.9%    65%W +0.7%    70%W +0.9%    75%W +1.8%       -2.2% → +4.3%
  SNOW    20    70%W +0.2%    70%W +0.6%    70%W +1.0%    80%W +1.2%    70%W +1.0%    70%W +0.8%       -4.8% → +2.9%
  AVGO    20    55%W +0.1%    60%W +0.6%    70%W +0.8%    75%W +0.9%    70%W +0.9%    70%W +1.2%       -7.8% → +4.8%
  APP     20    45%W -0.2%    65%W +0.4%    60%W +0.3%    60%W +0.1%    60%W +1.1%    65%W +0.5%      -5.6% → +12.6%
  MRVL    20    50%W +0.0%    60%W +0.2%    60%W +0.6%    65%W +0.8%    55%W +0.4%    65%W +0.4%       -8.5% → +6.3%
  CRWD    20    70%W +0.2%    60%W +0.4%    60%W +0.3%    45%W -0.1%    60%W +0.3%    65%W +0.5%       -4.8% → +5.0%
  SNPS    20    55%W +0.1%    60%W +0.3%    55%W +0.4%    60%W +0.4%    60%W +0.6%    60%W +0.3%       -4.7% → +3.8%
  MU      20    60%W +0.5%    55%W +0.4%    55%W +0.4%    60%W +0.3%    60%W +0.5%    60%W +0.8%       -5.6% → +3.8%
  QCOM    20    50%W -0.1%    50%W +0.0%    50%W -0.1%    45%W -0.1%    55%W +0.3%    60%W +0.2%       -4.6% → +3.4%
  PLTR    20    65%W +0.3%    70%W +0.6%    60%W +0.8%    60%W +0.8%    50%W -0.0%    60%W +0.7%       -5.3% → +8.1%
  AMD     20    60%W +0.3%    55%W +0.3%    60%W +0.5%    65%W +0.3%    60%W +0.3%    55%W +0.4%       -4.9% → +5.2%
  DDOG    20    55%W +0.0%    65%W +0.2%    65%W +0.4%    65%W +0.4%    55%W +0.2%    55%W +0.3%       -2.5% → +3.5%
  META    20    55%W +0.1%    60%W +0.1%    55%W +0.2%    45%W -0.0%    45%W -0.2%    50%W -0.0%       -3.9% → +2.7%
  TSLA    20    55%W +0.1%    40%W -0.1%    45%W -0.1%    35%W -0.5%    50%W +0.1%    50%W +0.1%       -5.3% → +3.5%
  ARM     20    50%W +0.1%    60%W +0.8%    55%W +0.9%    50%W +0.1%    45%W -0.1%    50%W +0.3%      -10.2% → +8.8%
  SPOT    20    55%W +0.1%    60%W +0.2%    60%W +0.1%    55%W +0.2%    45%W -0.1%    45%W -0.3%       -2.3% → +4.6%
  LLY     20    75%W +0.3%    60%W +0.3%    55%W +0.0%    45%W -0.2%    40%W -0.3%    45%W -0.3%       -1.1% → +2.3%
  CHTR    20    50%W +0.0%    45%W -0.1%    50%W -0.0%    45%W -0.2%    40%W -0.6%    30%W -0.6%       -2.4% → +2.0%

=========================================================================================================================================================================================
Pre-Session Top-2 Performance — 2024-08-01 to 2024-08-30  |  Unconditional OR-close entry  |  OR: 09:30/3b
=========================================================================================================================================================================================
Date         Ticker Rank  At       Entry       +15m       +30m       +45m        +1h     +1h30m        +2h        +3h        +4h        +5h        +6h        +7h        EOD
-----------------------------------------------------------------------------------------------------------------------------------------------------------------------------------------
2024-08-01   CHTR   #1    09:40   378.92    -0.35%L    +0.03%W    -0.48%L    -0.50%L    -1.05%L    -0.59%L    -0.68%L    -0.81%L    -0.61%L    -0.52%L    -0.51%L    -0.51%L
2024-08-01   TSLA   #2    09:40   228.57    +0.16%W    +0.05%W    -0.79%L    -0.81%L    -1.77%L    -2.54%L    -3.11%L    -4.55%L    -5.34%L    -5.67%L    -5.17%L    -5.17%L
2024-08-02   CHTR   #1    09:40   373.06    +0.47%W    +0.19%W    -0.30%L    -0.28%L    -0.79%L    -0.11%L    +0.48%W    -0.04%L    +0.23%W    +0.11%W    +0.05%W    +0.05%W
2024-08-02   TSLA   #2    09:40   214.07    -0.07%L    -1.46%L    -0.39%L    -1.42%L    -2.78%L    -1.12%L    -1.99%L    -3.47%L    -2.93%L    -3.62%L    -2.99%L    -2.99%L
2024-08-05   CHTR   #1    09:40   365.75    +0.43%W    +0.54%W    -0.37%L    +0.26%W    +1.14%W    +0.94%W    +1.58%W    +1.40%W    +0.96%W    -0.48%L    -0.62%L    -0.62%L
2024-08-05   APP    #2    09:40    64.44    +2.64%W    +3.48%W    +2.63%W    +3.66%W    +4.88%W    +5.21%W    +4.70%W    +5.71%W    +4.28%W    +3.82%W    +4.19%W    +4.19%W
2024-08-06   CHTR   #1    09:40   364.37    -0.21%L    -0.06%L    -0.41%L    +0.04%W    -0.25%L    -0.72%L    -0.59%L    -0.67%L    -0.63%L    -1.88%L    -2.08%L    -2.08%L
2024-08-06   APP    #2    09:40    67.74    +1.04%W    +1.71%W    +2.03%W    +2.46%W    +2.19%W    +2.56%W    +3.08%W    +2.30%W    +3.79%W    +3.20%W    +1.86%W    +1.86%W
2024-08-07   CHTR   #1    09:40   362.62    +0.97%W    -0.04%L    -0.45%L    -0.10%L    +0.06%W    +0.31%W    +0.17%W    -0.26%L    -1.03%L    -1.55%L    -2.44%L    -2.44%L
2024-08-07   APP    #2    09:40    71.17    -0.32%L    -0.02%L    -0.79%L    -0.37%L    -0.27%L    -1.00%L    -0.86%L    -2.15%L    -4.37%L    -4.61%L    -5.61%L    -5.61%L
2024-08-08   CHTR   #1    09:40   360.84    -0.77%L    -1.00%L    -0.91%L    -1.34%L    -0.67%L    +0.24%W    +0.04%W    +0.25%W    +0.17%W    +0.35%W    +0.86%W    +0.86%W
2024-08-08   APP    #2    09:40    68.17    -0.80%L    +2.44%W    +3.34%W    +2.65%W    +3.89%W    +5.26%W    +7.18%W   +10.82%W   +12.00%W   +12.30%W   +12.57%W   +12.57%W
2024-08-09   CHTR   #1    09:40   361.00    +0.09%W    -0.17%L    +0.35%W    +0.37%W    +0.32%W    +0.42%W    +0.68%W    +1.54%W    +0.89%W    +1.12%W    +0.96%W    +0.96%W
2024-08-09   APP    #2    09:40    74.08    -0.30%L    +1.96%W    +0.69%W    -0.05%L    +0.53%W    +0.03%W    +1.35%W    +1.78%W    +2.85%W    +4.72%W    +4.43%W    +4.43%W
2024-08-12   CHTR   #1    09:40   356.85    -0.07%L    +0.64%W    +0.40%W    +0.65%W    +0.20%W    -0.31%L    -1.03%L    -1.41%L    -1.29%L    -1.45%L    -1.69%L    -1.69%L
2024-08-12   APP    #2    09:40    76.22    -0.42%L    +0.94%W    +0.22%W    +0.32%W    -0.56%L    -0.33%L    -0.34%L    -0.69%L    -0.68%L    -1.44%L    -1.82%L    -1.82%L
2024-08-13   CHTR   #1    09:40   357.35    -0.62%L    -0.36%L    -0.31%L    -0.46%L    -0.29%L    -0.42%L    -0.01%L    -0.03%L    +0.15%W    +0.10%W    -0.14%L    -0.14%L
2024-08-13   TSLA   #2    09:40   201.53    +0.93%W    +1.59%W    +1.77%W    +1.50%W    +1.76%W    +1.80%W    +2.30%W    +2.73%W    +2.69%W    +3.13%W    +3.17%W    +3.17%W
2024-08-14   TSLA   #1    09:40   203.15    -0.19%L    -0.58%L    -0.70%L    -1.21%L    -0.54%L    -0.48%L    -2.13%L    -1.28%L    -1.27%L    -1.39%L    -0.89%L    -0.89%L
2024-08-14   AVGO   #2    09:40   155.45    +0.03%W    -0.08%L    +0.46%W    +0.73%W    +1.80%W    +2.38%W    +0.87%W    +1.29%W    +1.24%W    +1.17%W    +1.38%W    +1.38%W
2024-08-15   AVGO   #1    09:40   161.60    +0.83%W    +0.73%W    +0.95%W    +1.66%W    +1.93%W    +2.40%W    +2.40%W    +2.69%W    +2.82%W    +2.87%W    +2.90%W    +2.90%W
2024-08-15   RDDT   #2    09:40    56.00    +1.22%W    +0.09%W    -0.17%L    -0.10%L    -0.02%L    +0.64%W    -0.25%L    -1.32%L    -0.91%L    -0.59%L    -0.73%L    -0.73%L
2024-08-16   SNOW   #1    09:40   126.08    +0.10%W    +0.69%W    +0.69%W    +0.31%W    +0.27%W    +1.08%W    +1.01%W    +1.39%W    +1.63%W    +1.90%W    +1.57%W    +1.57%W
2024-08-16   AVGO   #2    09:40   163.34    +0.22%W    +0.92%W    +1.17%W    +0.68%W    +0.56%W    +0.94%W    +1.49%W    +1.43%W    +0.95%W    +1.07%W    +1.49%W    +1.49%W
2024-08-19   SNOW   #1    09:40   129.46    +0.36%W    +1.14%W    +1.41%W    +1.34%W    +1.75%W    +2.20%W    +2.32%W    +2.21%W    +1.53%W    +1.66%W    +1.53%W    +1.53%W
2024-08-19   AVGO   #2    09:40   162.58    -0.40%L    -0.54%L    -0.28%L    +0.01%W    +0.45%W    +0.33%W    +0.29%W    +0.84%W    +1.89%W    +2.29%W    +3.22%W    +3.22%W
2024-08-20   AVGO   #1    09:40   167.22    +0.48%W    -0.19%L    -0.85%L    -1.72%L    -1.20%L    -1.06%L    -1.36%L    -0.91%L    -0.18%L    -0.72%L    -0.78%L    -0.78%L
2024-08-20   SNOW   #2    09:40   133.00    -0.14%L    -0.18%L    +0.35%W    -0.23%L    -0.35%L    -0.75%L    -0.95%L    -1.08%L    -1.35%L    -1.19%L    -0.81%L    -0.81%L
2024-08-21   AVGO   #1    09:40   164.14    -0.50%L    +0.18%W    +0.11%W    +1.27%W    +0.41%W    +0.34%W    +0.19%W    +0.20%W    +0.72%W    +0.90%W    +0.97%W    +0.97%W
2024-08-21   SNOW   #2    09:40   132.28    +0.28%W    +0.53%W    +0.84%W    +1.05%W    +0.76%W    +0.59%W    +0.94%W    +0.68%W    +1.39%W    +2.32%W    +2.08%W    +2.08%W
2024-08-22   AVGO   #1    09:40   169.78    -0.39%L    -0.75%L    -0.58%L    -0.76%L    -0.84%L    -2.87%L    -0.89%L    -2.94%L    -3.16%L    -4.41%L    -4.24%L    -4.24%L
2024-08-22   SNOW   #2    09:40   121.06    -1.39%L    -2.25%L    -1.88%L    -2.52%L    -2.75%L    -3.69%L    -2.26%L    -2.89%L    -3.49%L    -4.27%L    -4.84%L    -4.84%L
2024-08-23   AVGO   #1    09:40   164.53    +0.43%W    +1.67%W    +2.13%W    +1.77%W    +0.85%W    +0.15%W    -0.26%L    +1.00%W    +0.84%W    +0.40%W    +1.12%W    +1.12%W
2024-08-23   RDDT   #2    09:40    56.80    +1.33%W    +1.28%W    +1.16%W    +1.38%W    +1.61%W    +1.75%W    +3.58%W    +4.04%W    +4.62%W    +3.34%W    +4.27%W    +4.27%W
2024-08-26   AVGO   #1    09:40   164.91    -0.58%L    -1.23%L    -1.53%L    -2.33%L    -2.13%L    -2.23%L    -2.56%L    -3.06%L    -2.94%L    -3.52%L    -3.15%L    -3.15%L
2024-08-26   RDDT   #2    09:40    58.53    +1.32%W    +1.27%W    -0.03%L    -1.01%L    -0.89%L    -0.41%L    +0.34%W    +0.72%W    +1.03%W    +1.03%W    -0.51%L    -0.51%L
2024-08-27   AVGO   #1    09:40   156.81    +1.24%W    +1.52%W    +1.77%W    +1.95%W    +2.46%W    +1.77%W    +1.80%W    +3.02%W    +2.57%W    +2.31%W    +2.91%W    +2.91%W
2024-08-27   RDDT   #2    09:40    56.74    +1.21%W    +1.89%W    +3.89%W    +4.43%W    +4.52%W    +3.96%W    +5.54%W    +5.68%W    +5.69%W    +6.12%W    +3.97%W    +3.97%W
2024-08-28   AVGO   #1    09:40   160.66    -0.44%L    -0.57%L    +0.03%W    -0.84%L    -2.10%L    -1.44%L    -1.29%L    -1.61%L    -2.54%L    -1.20%L    -1.55%L    -1.55%L
2024-08-28   RDDT   #2    09:40    57.27    +0.10%W    -0.05%L    -0.38%L    -0.35%L    -2.90%L    -2.04%L    -1.62%L    -1.50%L    -1.85%L    -0.54%L    -1.99%L    -1.99%L
2024-08-29   AVGO   #1    09:40   159.44    +1.92%W    +1.57%W    +0.59%W    +1.10%W    +0.99%W    +0.87%W    +1.29%W    +0.35%W    -1.84%L    -0.66%L    -1.57%L    -1.57%L
2024-08-29   RDDT   #2    09:40    57.20    +1.35%W    +2.06%W    +1.22%W    +1.94%W    +2.95%W    +3.91%W    +3.29%W    +4.41%W    +4.09%W    +4.21%W    +2.73%W    +2.73%W
2024-08-30   RDDT   #1    09:40    59.12    +0.06%W    -0.11%L    -0.50%L    +0.80%W    +0.21%W    +0.60%W    +0.44%W    +1.38%W    +0.36%W    +1.33%W    +1.55%W    +1.55%W
2024-08-30   SNOW   #2    09:40   114.83    +0.00%W    -0.81%L    -0.86%L    -1.19%L    -1.22%L    -1.11%L    -1.79%L    -1.32%L    -1.48%L    -1.09%L    -0.54%L    -0.54%L

========================================================================================
Pre-session picks summary — 44 pick(s) across 22 trading day(s)

Top-2 picks (all days)  (44 signal(s))
  Hold      Count   Win Rate   Avg Gain    Avg Win   Avg Loss ProfitFactor   Sum Ret%
  -------------------------------------------------------------------------
  +15m         44      59.1%     +0.26%     +0.74%     -0.44%        2.41x    +11.25%
  +30m         44      56.8%     +0.42%     +1.16%     -0.55%        2.78x    +18.65%
  +45m         44      52.3%     +0.35%     +1.23%     -0.62%        2.18x    +15.24%
  +1h          44      54.5%     +0.34%     +1.35%     -0.88%        1.84x    +14.75%
  +1h30m       44      54.5%     +0.30%     +1.52%     -1.17%        1.56x    +13.10%
  +2h          44      56.8%     +0.40%     +1.63%     -1.22%        1.75x    +17.45%
  +3h          44      56.8%     +0.53%     +1.89%     -1.26%        1.97x    +23.37%
  +4h          44      54.5%     +0.59%     +2.41%     -1.60%        1.81x    +25.88%
  +5h          44      56.8%     +0.49%     +2.38%     -1.99%        1.57x    +21.50%
  +6h          44      54.5%     +0.48%     +2.57%     -2.04%        1.51x    +20.99%
  +7h          44      50.0%     +0.34%     +2.72%     -2.03%        1.34x    +15.08%
  EOD          44      50.0%     +0.34%     +2.72%     -2.03%        1.34x    +15.08%

=========================================================================================================================================================================================
Signal Analysis — 2024-08-01 to 2024-08-30  |  BULL only  |  Vol ≥ 1.0x 20dAvg
Windows: 09:30/3b  |  Collection: 3 bars  |  Tickers: 19
=========================================================================================================================================================================================
Date         Ticker Window   At       Entry  Vol/20d       +15m       +30m       +45m        +1h     +1h30m        +2h        +3h        +4h        +5h        +6h        +7h        EOD
-----------------------------------------------------------------------------------------------------------------------------------------------------------------------------------------
2024-08-01   SNPS   09:30/3b 09:50   566.06    1.16x    -0.40%L    -1.14%L    -1.20%L    -1.93%L    -2.47%L    -3.58%L    -4.53%L    -5.05%L    -5.40%L    -4.93%L    -4.49%L    -4.49%L
2024-08-01   SPOT   09:30/3b 09:45   358.34    2.62x    -1.72%L    -2.45%L    -3.41%L    -3.90%L    -4.97%L    -5.47%L    -5.21%L    -6.35%L    -6.24%L    -5.95%L    -6.09%L    -6.09%L
2024-08-01   MU     09:30/3b 09:40   107.25    1.41x    +0.07%W    -0.53%L    -2.13%L    -2.57%L    -3.42%L    -4.18%L    -5.11%L    -6.46%L    -6.61%L    -5.96%L    -5.40%L    -5.40%L
2024-08-01   QCOM   09:30/3b 09:40   174.25    4.24x    -1.25%L    -1.49%L    -2.59%L    -2.53%L    -4.15%L    -5.16%L    -5.45%L    -5.97%L    -6.97%L    -5.85%L    -5.87%L    -5.87%L
2024-08-01   AVGO   09:30/3b 09:40   158.26    1.08x    -0.36%L    -0.51%L    -1.30%L    -1.80%L    -2.83%L    -3.99%L    -4.49%L    -7.08%L    -7.27%L    -7.01%L    -7.06%L    -7.06%L
2024-08-01   DDOG   09:30/3b 09:45   116.10    1.11x    +0.19%W    -0.06%L    -0.16%L    -1.40%L    -1.56%L    -2.21%L    -2.45%L    -3.66%L    -4.09%L    -3.02%L    -2.58%L    -2.58%L
2024-08-02   META   09:30/3b 09:40   495.09    2.23x    -1.38%L    -3.34%L    -2.98%L    -2.85%L    -2.02%L    -0.56%L    -1.00%L    -1.58%L    -1.54%L    -1.80%L    -1.39%L    -1.39%L
2024-08-02   QCOM   09:30/3b 09:40   162.65    2.07x    -0.36%L    -1.70%L    +0.47%W    -0.52%L    -0.09%L    +0.93%W    -1.02%L    -2.78%L    -2.13%L    -2.26%L    -1.99%L    -1.99%L
2024-08-02   AMD    09:30/3b 09:40   136.38    1.45x    -0.46%L    -2.67%L    -1.05%L    -1.55%L    -0.32%L    -0.26%L    -1.53%L    -2.85%L    -2.72%L    -3.08%L    -2.83%L    -2.83%L
2024-08-05   QCOM   09:30/3b 09:50   157.24    2.47x    -0.18%L    +0.17%W    +1.30%W    +1.54%W    +1.69%W    +1.27%W    +0.82%W    +1.09%W    +0.20%W    +0.37%W    +0.79%W    +0.79%W
2024-08-06   SNPS   09:30/3b 09:50   498.22    1.41x    +0.22%W    -0.21%L    -0.37%L    +0.58%W    +0.22%W    +0.42%W    +1.76%W    +2.15%W    +2.47%W    +0.36%W    +0.12%W    +0.12%W
2024-08-06   ARM    09:30/3b 09:50   113.63    1.13x    +3.23%W    -0.23%L    +0.33%W    +1.71%W    +1.14%W    +1.44%W    +1.36%W    +0.97%W    +1.65%W    +0.59%W    -0.27%L    -0.27%L
2024-08-07   PLTR   09:30/3b 09:40    27.55    1.15x    -0.96%L    +0.15%W    +0.71%W    +1.58%W    +2.12%W    +2.29%W    +2.03%W    -0.51%L    -2.65%L    -2.94%L    -4.43%L    -4.43%L
2024-08-07   AMD    09:30/3b 09:40   135.23    1.40x    -0.67%L    -0.46%L    -1.18%L    -0.62%L    -0.19%L    -1.26%L    -1.67%L    -2.45%L    -3.64%L    -3.82%L    -4.85%L    -4.85%L
2024-08-08   SNOW   09:30/3b 09:50   119.00    1.03x    +0.72%W    +0.13%W    +0.45%W    +0.92%W    +1.34%W    +1.28%W    +1.85%W    +2.45%W    +2.26%W    +1.96%W    +2.19%W    +2.19%W
2024-08-08   MU     09:30/3b 09:40    88.94    1.11x    +0.52%W    +1.19%W    +2.22%W    +2.02%W    +1.61%W    +2.29%W    +2.12%W    +3.55%W    +3.46%W    +3.84%W    +3.52%W    +3.52%W
2024-08-08   PLTR   09:30/3b 09:50    27.15    1.46x    +1.68%W    +2.17%W    +2.86%W    +3.46%W    +4.86%W    +5.88%W    +6.56%W    +7.38%W    +7.11%W    +7.86%W    +7.81%W    +7.81%W
2024-08-09   MU     09:30/3b 09:40    93.55    1.39x    -1.92%L    -0.48%L    -0.84%L    -0.88%L    +0.38%W    +0.07%W    -0.59%L    +0.16%W    -0.22%L    -0.25%L    -0.50%L    -0.50%L
2024-08-12   PLTR   09:30/3b 09:40    31.00    1.89x    -3.11%L    -3.26%L    -4.11%L    -4.53%L    -4.14%L    -4.60%L    -4.44%L    -4.05%L    -4.28%L    -5.07%L    -5.28%L    -5.28%L
2024-08-13   LLY    09:30/3b 09:45   911.52    1.45x    +0.04%W    -0.17%L    -0.96%L    -0.80%L    -1.16%L    -0.48%L    -0.28%L    -0.61%L    -0.56%L    -0.51%L    -0.45%L    -0.45%L
2024-08-13   PLTR   09:30/3b 09:40    30.21    1.70x    +1.02%W    +1.08%W    +0.84%W    +1.17%W    +1.42%W    +0.58%W    +0.91%W    -0.46%L    -0.22%L    +0.44%W    +0.51%W    +0.51%W
2024-08-13   TSLA   09:30/3b 09:45   203.96    1.09x    +0.70%W    +0.44%W    +0.16%W    +1.27%W    +0.54%W    +0.53%W    +1.19%W    +1.25%W    +1.53%W    +2.03%W    +1.95%W    +1.95%W
2024-08-14   RDDT   09:30/3b 09:45    54.75    2.77x    +0.10%W    -0.51%L    -1.10%L    -0.64%L    -1.11%L    -0.15%L    -1.28%L    -1.22%L    -0.56%L    -0.62%L    +0.42%W    +0.42%W
2024-08-15   SNOW   09:30/3b 09:40   126.10    1.60x    +1.41%W    +1.28%W    +1.24%W    +1.23%W    +1.49%W    +1.36%W    +1.79%W    +1.53%W    +1.13%W    +0.31%W    +0.82%W    +0.82%W
2024-08-16   MU     09:30/3b 09:40   107.05    1.04x    +0.65%W    +1.50%W    +1.78%W    +0.32%W    +0.04%W    +0.26%W    +0.84%W    +0.85%W    +0.90%W    +0.79%W    +0.91%W    +0.91%W
2024-08-16   PLTR   09:30/3b 09:40    31.78    1.56x    +0.30%W    +0.58%W    +1.27%W    +1.60%W    +0.90%W    +1.02%W    +2.42%W    +1.90%W    +1.43%W    +0.68%W    +0.91%W    +0.91%W
2024-08-16   TSLA   09:30/3b 09:40   216.41    1.24x    +0.66%W    +1.25%W    +0.81%W    +0.07%W    -0.26%L    -0.43%L    -0.06%L    +0.67%W    -0.34%L    +0.02%W    -0.13%L    -0.13%L
2024-08-19   PLTR   09:30/3b 09:40    32.20    1.11x    +0.20%W    +0.93%W    +0.50%W    +0.20%W    -0.40%L    -0.39%L    +0.13%W    +0.31%W    +0.75%W    +0.30%W    +0.85%W    +0.85%W
2024-08-19   TSLA   09:30/3b 09:45   219.27    1.03x    -0.91%L    +0.34%W    +0.76%W    +0.47%W    +0.03%W    +0.71%W    +0.71%W    +0.81%W    +1.58%W    +1.44%W    +1.63%W    +1.63%W
2024-08-19   AMD    09:30/3b 09:40   151.86    1.82x    -0.82%L    -0.63%L    +0.48%W    +0.50%W    +0.90%W    +0.95%W    +0.03%W    +0.74%W    +1.54%W    +1.66%W    +2.27%W    +2.27%W
2024-08-20   APP    09:30/3b 09:40    87.60    1.20x    +0.96%W    -1.23%L    -0.94%L    -1.99%L    -0.79%L    -1.04%L    -1.04%L    -1.26%L    -0.68%L    -0.74%L    -1.20%L    -1.20%L
2024-08-20   SNOW   09:30/3b 09:40   133.00    1.71x    -0.14%L    -0.18%L    +0.35%W    -0.23%L    -0.35%L    -0.75%L    -0.95%L    -1.08%L    -1.35%L    -1.19%L    -0.81%L    -0.81%L
2024-08-20   AMD    09:30/3b 09:50   159.34    1.23x    +1.40%W    +0.44%W    -0.97%L    -1.11%L    -1.13%L    -1.47%L    -2.31%L    -1.95%L    -1.23%L    -1.57%L    -1.85%L    -1.85%L
2024-08-21   SNOW   09:30/3b 09:40   132.28    1.32x    +0.28%W    +0.53%W    +0.84%W    +1.05%W    +0.76%W    +0.59%W    +0.94%W    +0.68%W    +1.39%W    +2.32%W    +2.08%W    +2.08%W
2024-08-21   CRWD   09:30/3b 09:40   271.31    1.30x    +0.47%W    -0.22%L    -0.14%L    +0.62%W    -0.55%L    -0.68%L    -0.10%L    -0.12%L    +0.24%W    +0.23%W    +0.69%W    +0.69%W
2024-08-22   LLY    09:30/3b 09:45   964.71    1.46x    +0.67%W    -0.12%L    -0.36%L    -0.71%L    -0.23%L    -0.84%L    -0.64%L    -1.27%L    -1.22%L    -1.11%L    -0.97%L    -0.97%L
2024-08-22   PLTR   09:30/3b 09:50    32.98    1.17x    -0.73%L    -0.91%L    -1.03%L    -1.39%L    -1.59%L    -2.80%L    -2.36%L    -3.09%L    -2.74%L    -3.18%L    -3.18%L    -3.18%L
2024-08-23   RDDT   09:30/3b 09:50    57.53    1.02x    +0.16%W    -0.61%L    -0.40%L    -0.82%L    +0.21%W    +0.73%W    +2.38%W    +2.82%W    +3.32%W    +2.59%W    +2.94%W    +2.94%W
2024-08-26   SNOW   09:30/3b 09:40   117.15    1.64x    +0.60%W    +1.26%W    +1.93%W    +1.31%W    +1.85%W    +2.04%W    +2.19%W    +0.59%W    +1.18%W    +0.75%W    +0.72%W    +0.72%W
2024-08-26   AMD    09:30/3b 09:40   156.79    1.23x    -1.78%L    -3.01%L    -3.95%L    -4.41%L    -3.70%L    -3.72%L    -3.70%L    -4.32%L    -4.06%L    -4.50%L    -4.33%L    -4.33%L
2024-08-27   LLY    09:30/3b 09:40   960.76    1.10x    +1.05%W    +0.39%W    +0.32%W    +0.07%W    +0.28%W    -0.34%L    -0.83%L    -0.75%L    -0.77%L    -0.90%L    -0.69%L    -0.69%L
2024-08-28   MRVL   09:30/3b 09:40    69.68    1.39x    -0.24%L    -1.11%L    -0.68%L    -1.26%L    -2.51%L    -1.85%L    -2.03%L    -1.89%L    -2.43%L    -1.11%L    -1.85%L    -1.85%L
2024-08-29   APP    09:30/3b 09:40    91.44    2.59x    +1.50%W    +0.42%W    -0.21%L    +0.45%W    -0.21%L    -0.42%L    +1.32%W    +0.66%W    -1.63%L    +0.27%W    +0.20%W    +0.20%W
2024-08-29   MRVL   09:30/3b 09:40    70.71    1.86x    +0.44%W    +0.26%W    +0.79%W    +0.91%W    +0.71%W    +1.05%W    +0.81%W    +0.76%W    -1.24%L    -1.03%L    -1.22%L    -1.22%L
2024-08-29   CRWD   09:30/3b 09:40   279.53    3.38x    +1.72%W    -1.21%L    -0.45%L    -0.40%L    -0.15%L    -1.10%L    -0.59%L    -0.38%L    -1.87%L    -2.26%L    -2.81%L    -2.81%L
2024-08-29   AVGO   09:30/3b 09:45   160.85    1.45x    +0.66%W    -0.29%L    -0.12%L    +0.54%W    -0.19%L    +0.12%W    +0.36%W    -0.62%L    -2.65%L    -1.86%L    -2.44%L    -2.44%L
2024-08-29   ARM    09:30/3b 09:40   127.88    1.03x    +3.34%W    +2.41%W    +2.20%W    +3.39%W    +2.49%W    +3.10%W    +4.25%W    +4.74%W    +2.92%W    +3.85%W    +3.21%W    +3.21%W
2024-08-30   ARM    09:30/3b 09:45   136.58    1.26x    -0.36%L    -0.29%L    -1.21%L    -0.85%L    -2.35%L    -2.64%L    -3.28%L    -2.73%L    -2.56%L    -3.23%L    -2.71%L    -2.71%L

========================================================================================
Summary — 48 qualifying signal(s) across 22 trading day(s)

Window 09:30/3b  (48 signal(s))
  Hold      Count   Win Rate   Avg Gain    Avg Win   Avg Loss ProfitFactor   Sum Ret%
  -------------------------------------------------------------------------
  +15m         48      60.4%     +0.15%     +0.86%     -0.93%        1.41x     +7.21%
  +30m         48      41.7%     -0.25%     +0.85%     -1.04%        0.58x    -12.11%
  +45m         48      45.8%     -0.23%     +1.03%     -1.30%        0.67x    -11.22%
  +1h          48      50.0%     -0.27%     +1.12%     -1.65%        0.68x    -12.75%
  +1h30m       48      43.8%     -0.37%     +1.19%     -1.59%        0.58x    -17.86%
  +2h          48      45.8%     -0.45%     +1.31%     -1.94%        0.57x    -21.44%
  +3h          48      45.8%     -0.42%     +1.67%     -2.19%        0.65x    -20.14%
  +4h          48      43.8%     -0.72%     +1.72%     -2.61%        0.51x    -34.49%
  +5h          48      37.5%     -0.93%     +1.95%     -2.66%        0.44x    -44.83%
  +6h          48      43.8%     -0.90%     +1.56%     -2.81%        0.43x    -43.08%
  +7h          48      41.7%     -0.90%     +1.73%     -2.77%        0.44x    -43.13%
  EOD          48      41.7%     -0.90%     +1.73%     -2.77%        0.44x    -43.13%
