Fetching 5-min bars (2018-09-01 → 2018-10-31) [alpaca]...
  [cache] delta-fetching 5 tickers from alpaca (2018-09-29 → 2018-10-31)
  [cache] loaded 7 tickers from cache
Fetching daily bars (2017-10-01 → 2018-10-31)...

=========================================================================================================================================================================================
Pre-Session Rankings (9:25) — 2018-10-01 to 2018-10-31  |  20d lookback
=========================================================================================================================================================================================
Pre-session top-2 (9:25, 20d EOD win rate) — 2018-10-01  OR: 09:30/3b
  #1 MU     +15m 60%W +0.1%  +30m 35%W -0.2%  +1h 40%W -0.1%  +2h 45%W -0.3%  +5h 50%W +0.3%  EOD 65%W +0.2%  EOD range -4.9% → +2.2%
  #2 AVGO   +15m 55%W +0.0%  +30m 50%W -0.0%  +1h 45%W -0.2%  +2h 50%W +0.1%  +5h 60%W +0.2%  EOD 65%W +0.4%  EOD range -2.6% → +1.8%
  Ticker   N          +15m          +30m           +1h           +2h           +5h           EOD           EOD range
  ----------------------------------------------------------------------------------------------------------------------
  MU      20  60%W +0.1%  35%W -0.2%  40%W -0.1%  45%W -0.3%  50%W +0.3%  65%W +0.2%       -4.9% → +2.2%
  AVGO    20  55%W +0.0%  50%W -0.0%  45%W -0.2%  50%W +0.1%  60%W +0.2%  65%W +0.4%       -2.6% → +1.8%
  META    20  50%W +0.0%  60%W +0.2%  55%W +0.2%  65%W +0.2%  50%W +0.2%  60%W +0.2%       -2.2% → +2.1%
  LLY     20  50%W +0.0%  60%W +0.1%  75%W +0.2%  65%W +0.2%  65%W +0.2%  60%W +0.1%       -0.9% → +2.0%
  MRVL    20  45%W -0.1%  45%W -0.1%  45%W -0.3%  45%W -0.3%  55%W +0.4%  55%W +0.1%       -5.3% → +3.0%
  TSLA    20  70%W +0.2%  55%W +0.2%  40%W -0.4%  45%W -0.2%  45%W -0.6%  50%W -0.0%       -4.7% → +5.2%
  AMD     20  40%W -0.2%  55%W +0.0%  50%W +0.0%  55%W +0.1%  50%W +0.1%  45%W -0.7%       -9.1% → +8.4%
  CHTR    20  55%W +0.0%  60%W +0.1%  40%W -0.0%  60%W +0.1%  65%W +0.2%  40%W -0.1%       -1.5% → +2.3%
  SNPS    20  50%W +0.0%  30%W -0.1%  30%W -0.2%  30%W -0.0%  50%W -0.0%  40%W -0.1%       -1.9% → +0.7%
  QCOM    20  55%W +0.0%  45%W -0.2%  50%W -0.0%  45%W -0.3%  40%W -0.1%  40%W -0.1%       -2.3% → +1.2%
  SPOT    20  50%W +0.0%  50%W +0.0%  40%W -0.1%  45%W -0.0%  35%W -0.4%  30%W -0.3%       -3.8% → +3.7%
Pre-session top-2 (9:25, 20d EOD win rate) — 2018-10-02  OR: 09:30/3b
  #1 MU     +15m 65%W +0.1%  +30m 40%W -0.1%  +1h 45%W -0.1%  +2h 50%W +0.1%  +5h 50%W +0.3%  EOD 65%W +0.2%  EOD range -4.9% → +2.2%
  #2 AVGO   +15m 60%W +0.0%  +30m 50%W -0.0%  +1h 45%W -0.2%  +2h 50%W +0.1%  +5h 60%W +0.2%  EOD 65%W +0.2%  EOD range -2.6% → +1.8%
  Ticker   N          +15m          +30m           +1h           +2h           +5h           EOD           EOD range
  ----------------------------------------------------------------------------------------------------------------------
  MU      20  65%W +0.1%  40%W -0.1%  45%W -0.1%  50%W +0.1%  50%W +0.3%  65%W +0.2%       -4.9% → +2.2%
  AVGO    20  60%W +0.0%  50%W -0.0%  45%W -0.2%  50%W +0.1%  60%W +0.2%  65%W +0.2%       -2.6% → +1.8%
  LLY     20  45%W -0.0%  60%W +0.1%  70%W +0.2%  65%W +0.2%  60%W +0.2%  60%W +0.1%       -0.9% → +2.0%
  META    20  50%W +0.0%  55%W +0.2%  50%W +0.1%  60%W +0.2%  50%W +0.1%  55%W +0.2%       -2.2% → +2.1%
  MRVL    20  45%W -0.1%  45%W -0.1%  45%W -0.3%  45%W -0.3%  55%W +0.4%  55%W +0.1%       -5.3% → +3.0%
  TSLA    20  75%W +0.3%  60%W +0.2%  45%W -0.3%  45%W -0.2%  50%W -0.3%  55%W +0.5%       -4.7% → +5.2%
  AMD     20  45%W -0.1%  60%W +0.1%  55%W +0.2%  60%W +0.3%  50%W +0.1%  45%W -0.7%       -9.1% → +8.4%
  CHTR    20  60%W +0.1%  60%W +0.1%  40%W -0.0%  60%W +0.1%  65%W +0.2%  40%W -0.1%       -1.5% → +2.3%
  SNPS    20  50%W -0.0%  30%W -0.1%  30%W -0.2%  30%W -0.0%  50%W -0.0%  40%W -0.1%       -1.9% → +0.7%
  QCOM    20  55%W +0.0%  45%W -0.2%  55%W +0.1%  50%W -0.1%  40%W -0.1%  40%W -0.2%       -2.3% → +1.2%
  SPOT    20  50%W +0.0%  50%W +0.0%  40%W -0.2%  45%W -0.0%  35%W -0.4%  30%W -0.4%       -3.8% → +3.7%
Pre-session top-2 (9:25, 20d EOD win rate) — 2018-10-03  OR: 09:30/3b
  #1 LLY    +15m 45%W -0.0%  +30m 60%W +0.1%  +1h 65%W +0.1%  +2h 70%W +0.3%  +5h 65%W +0.2%  EOD 65%W +0.1%  EOD range -0.9% → +2.0%
  #2 MU     +15m 65%W +0.1%  +30m 40%W -0.1%  +1h 45%W -0.1%  +2h 50%W +0.1%  +5h 45%W -0.1%  EOD 60%W +0.2%  EOD range -4.9% → +2.2%
  Ticker   N          +15m          +30m           +1h           +2h           +5h           EOD           EOD range
  ----------------------------------------------------------------------------------------------------------------------
  LLY     20  45%W -0.0%  60%W +0.1%  65%W +0.1%  70%W +0.3%  65%W +0.2%  65%W +0.1%       -0.9% → +2.0%
  MU      20  65%W +0.1%  40%W -0.1%  45%W -0.1%  50%W +0.1%  45%W -0.1%  60%W +0.2%       -4.9% → +2.2%
  AVGO    20  60%W +0.0%  50%W -0.0%  45%W -0.2%  50%W +0.1%  55%W +0.2%  60%W +0.2%       -2.6% → +1.8%
  TSLA    20  70%W +0.3%  55%W +0.2%  40%W -0.4%  40%W -0.5%  50%W -0.3%  55%W +0.5%       -4.7% → +5.2%
  META    20  45%W -0.1%  50%W +0.0%  45%W -0.3%  55%W +0.2%  45%W -0.1%  50%W +0.0%       -2.2% → +2.1%
  MRVL    20  40%W -0.1%  45%W -0.1%  40%W -0.3%  40%W -0.3%  50%W +0.1%  50%W -0.1%       -5.3% → +3.0%
  CHTR    20  55%W +0.0%  55%W +0.1%  35%W -0.1%  60%W +0.1%  65%W +0.2%  40%W -0.1%       -1.5% → +2.3%
  AMD     20  40%W -0.2%  55%W +0.0%  55%W +0.2%  55%W +0.1%  45%W -0.1%  40%W -0.9%       -9.1% → +8.4%
  QCOM    20  55%W +0.0%  40%W -0.2%  55%W +0.1%  50%W -0.1%  40%W -0.1%  40%W -0.2%       -2.3% → +1.1%
  SNPS    20  45%W -0.1%  25%W -0.1%  25%W -0.2%  30%W -0.1%  45%W -0.2%  35%W -0.2%       -1.9% → +0.7%
  SPOT    20  50%W +0.0%  55%W +0.1%  45%W -0.1%  45%W -0.0%  35%W -0.3%  30%W -0.4%       -3.8% → +3.7%
Pre-session top-2 (9:25, 20d EOD win rate) — 2018-10-04  OR: 09:30/3b
  #1 MU     +15m 65%W +0.1%  +30m 40%W -0.1%  +1h 45%W -0.1%  +2h 50%W +0.1%  +5h 45%W -0.1%  EOD 60%W +0.2%  EOD range -4.9% → +2.2%
  #2 LLY    +15m 50%W +0.0%  +30m 65%W +0.1%  +1h 60%W +0.0%  +2h 65%W +0.3%  +5h 60%W +0.2%  EOD 60%W +0.1%  EOD range -0.9% → +2.0%
  Ticker   N          +15m          +30m           +1h           +2h           +5h           EOD           EOD range
  ----------------------------------------------------------------------------------------------------------------------
  MU      20  65%W +0.1%  40%W -0.1%  45%W -0.1%  50%W +0.1%  45%W -0.1%  60%W +0.2%       -4.9% → +2.2%
  LLY     20  50%W +0.0%  65%W +0.1%  60%W +0.0%  65%W +0.3%  60%W +0.2%  60%W +0.1%       -0.9% → +2.0%
  AVGO    20  60%W +0.0%  50%W -0.0%  50%W -0.1%  55%W +0.1%  60%W +0.2%  60%W +0.2%       -2.6% → +1.8%
  META    20  50%W +0.0%  55%W +0.1%  50%W +0.0%  60%W +0.2%  50%W +0.1%  55%W +0.2%       -2.1% → +2.1%
  MRVL    20  40%W -0.1%  45%W -0.1%  40%W -0.3%  40%W -0.3%  55%W +0.4%  55%W +0.1%       -5.3% → +3.0%
  TSLA    20  70%W +0.3%  55%W +0.2%  40%W -0.4%  40%W -0.5%  50%W -0.3%  55%W +0.5%       -4.7% → +5.2%
  AMD     20  40%W -0.2%  60%W +0.1%  60%W +0.3%  55%W +0.3%  50%W +0.1%  45%W -0.9%       -9.1% → +8.4%
  CHTR    20  55%W +0.0%  55%W +0.1%  40%W -0.0%  65%W +0.1%  65%W +0.2%  40%W -0.1%       -1.5% → +2.3%
  SNPS    20  45%W -0.0%  30%W -0.1%  30%W -0.2%  35%W -0.0%  50%W -0.0%  40%W -0.1%       -1.9% → +0.7%
  QCOM    20  55%W +0.0%  45%W -0.2%  55%W +0.1%  50%W -0.1%  35%W -0.2%  35%W -0.3%       -2.3% → +1.1%
  SPOT    20  55%W +0.2%  55%W +0.1%  45%W -0.1%  45%W -0.0%  35%W -0.3%  30%W -0.4%       -3.2% → +3.7%
Pre-session top-2 (9:25, 20d EOD win rate) — 2018-10-05  OR: 09:30/3b
  #1 MU     +15m 70%W +0.1%  +30m 40%W -0.1%  +1h 45%W -0.1%  +2h 50%W +0.1%  +5h 45%W -0.1%  EOD 60%W +0.2%  EOD range -2.8% → +2.2%
  #2 AVGO   +15m 65%W +0.1%  +30m 55%W +0.0%  +1h 55%W +0.1%  +2h 55%W +0.1%  +5h 65%W +0.2%  EOD 60%W +0.2%  EOD range -2.1% → +1.8%
  Ticker   N          +15m          +30m           +1h           +2h           +5h           EOD           EOD range
  ----------------------------------------------------------------------------------------------------------------------
  MU      20  70%W +0.1%  40%W -0.1%  45%W -0.1%  50%W +0.1%  45%W -0.1%  60%W +0.2%       -2.8% → +2.2%
  AVGO    20  65%W +0.1%  55%W +0.0%  55%W +0.1%  55%W +0.1%  65%W +0.2%  60%W +0.2%       -2.1% → +1.8%
  META    20  55%W +0.0%  55%W +0.1%  50%W +0.1%  60%W +0.2%  50%W +0.1%  55%W +0.2%       -2.1% → +2.1%
  MRVL    20  45%W -0.1%  45%W -0.1%  40%W -0.3%  40%W -0.3%  55%W +0.4%  55%W +0.1%       -5.3% → +3.0%
  TSLA    20  65%W +0.2%  55%W +0.2%  40%W -0.4%  40%W -0.5%  50%W -0.3%  55%W +0.5%       -4.7% → +5.2%
  LLY     20  45%W -0.0%  65%W +0.1%  60%W +0.0%  65%W +0.3%  55%W +0.2%  55%W +0.1%       -1.0% → +2.0%
  AMD     20  40%W -0.2%  60%W +0.1%  60%W +0.3%  50%W +0.1%  50%W +0.1%  45%W -1.0%       -9.1% → +8.4%
  CHTR    20  55%W +0.1%  55%W +0.1%  40%W -0.1%  65%W +0.1%  65%W +0.2%  40%W -0.1%       -0.9% → +2.3%
  SNPS    20  45%W -0.0%  30%W -0.1%  30%W -0.2%  35%W -0.1%  45%W -0.2%  35%W -0.2%       -1.9% → +0.6%
  QCOM    20  55%W +0.0%  50%W -0.1%  60%W +0.1%  50%W -0.0%  35%W -0.1%  35%W -0.2%       -2.3% → +1.1%
  SPOT    20  55%W +0.1%  50%W -0.1%  50%W -0.0%  45%W -0.0%  35%W -0.3%  30%W -0.4%       -3.2% → +3.7%
Pre-session top-2 (9:25, 20d EOD win rate) — 2018-10-08  OR: 09:30/3b
  #1 MU     +15m 70%W +0.1%  +30m 40%W -0.1%  +1h 45%W -0.1%  +2h 50%W +0.1%  +5h 45%W -0.1%  EOD 60%W +0.2%  EOD range -1.9% → +2.2%
  #2 MRVL   +15m 40%W -0.1%  +30m 45%W -0.1%  +1h 40%W -0.3%  +2h 40%W -0.3%  +5h 55%W +0.4%  EOD 55%W +0.1%  EOD range -3.4% → +3.0%
  Ticker   N          +15m          +30m           +1h           +2h           +5h           EOD           EOD range
  ----------------------------------------------------------------------------------------------------------------------
  MU      20  70%W +0.1%  40%W -0.1%  45%W -0.1%  50%W +0.1%  45%W -0.1%  60%W +0.2%       -1.9% → +2.2%
  MRVL    20  40%W -0.1%  45%W -0.1%  40%W -0.3%  40%W -0.3%  55%W +0.4%  55%W +0.1%       -3.4% → +3.0%
  LLY     20  45%W -0.0%  65%W +0.1%  60%W +0.0%  65%W +0.2%  50%W +0.0%  55%W +0.1%       -1.0% → +1.1%
  AVGO    20  60%W +0.0%  50%W -0.0%  50%W -0.1%  50%W +0.0%  60%W +0.2%  55%W +0.1%       -2.1% → +1.6%
  META    20  50%W +0.0%  50%W -0.0%  45%W -0.1%  55%W +0.2%  50%W +0.1%  50%W +0.1%       -2.1% → +2.1%
  TSLA    20  60%W +0.1%  50%W +0.0%  35%W -0.5%  35%W -0.6%  45%W -0.6%  50%W -0.0%       -4.7% → +5.2%
  AMD     20  35%W -0.3%  55%W +0.0%  55%W +0.2%  45%W -0.1%  50%W -0.1%  45%W -1.0%       -9.1% → +8.4%
  CHTR    20  50%W +0.0%  50%W +0.0%  40%W -0.1%  60%W +0.1%  60%W +0.1%  40%W -0.1%       -2.7% → +2.3%
  SNPS    20  40%W -0.1%  25%W -0.1%  25%W -0.2%  30%W -0.2%  40%W -0.2%  30%W -0.2%       -1.9% → +0.5%
  QCOM    20  50%W -0.0%  45%W -0.1%  55%W +0.1%  45%W -0.2%  35%W -0.1%  30%W -0.3%       -2.3% → +1.1%
  SPOT    20  50%W +0.0%  45%W -0.2%  45%W -0.1%  40%W -0.1%  30%W -0.4%  25%W -0.4%       -3.2% → +3.7%
Pre-session top-2 (9:25, 20d EOD win rate) — 2018-10-09  OR: 09:30/3b
  #1 MU     +15m 75%W +0.1%  +30m 45%W -0.1%  +1h 45%W -0.1%  +2h 45%W -0.3%  +5h 45%W -0.1%  EOD 60%W +0.2%  EOD range -1.9% → +2.2%
  #2 LLY    +15m 50%W +0.0%  +30m 70%W +0.2%  +1h 65%W +0.1%  +2h 70%W +0.3%  +5h 55%W +0.2%  EOD 60%W +0.1%  EOD range -1.0% → +1.1%
  Ticker   N          +15m          +30m           +1h           +2h           +5h           EOD           EOD range
  ----------------------------------------------------------------------------------------------------------------------
  MU      20  75%W +0.1%  45%W -0.1%  45%W -0.1%  45%W -0.3%  45%W -0.1%  60%W +0.2%       -1.9% → +2.2%
  LLY     20  50%W +0.0%  70%W +0.2%  65%W +0.1%  70%W +0.3%  55%W +0.2%  60%W +0.1%       -1.0% → +1.1%
  META    20  50%W +0.0%  50%W -0.0%  45%W -0.1%  50%W -0.1%  50%W +0.1%  50%W +0.1%       -2.1% → +2.1%
  MRVL    20  45%W -0.1%  40%W -0.2%  35%W -0.3%  35%W -0.4%  55%W +0.4%  50%W -0.0%       -3.4% → +3.0%
  AVGO    20  55%W +0.0%  45%W -0.1%  45%W -0.3%  45%W -0.0%  55%W +0.1%  50%W +0.0%       -2.1% → +1.4%
  TSLA    20  55%W +0.1%  45%W -0.0%  30%W -0.5%  30%W -0.7%  40%W -0.7%  45%W -0.8%       -5.6% → +4.3%
  CHTR    20  50%W +0.0%  55%W +0.1%  40%W -0.1%  65%W +0.1%  65%W +0.2%  40%W -0.1%       -2.7% → +2.3%
  AMD     20  35%W -0.3%  55%W +0.0%  50%W -0.1%  40%W -0.3%  45%W -0.7%  40%W -1.0%       -9.1% → +8.4%
  SNPS    20  40%W -0.1%  25%W -0.1%  25%W -0.3%  30%W -0.3%  35%W -0.4%  25%W -0.6%       -1.9% → +0.5%
  SPOT    20  55%W +0.1%  50%W -0.1%  45%W -0.1%  35%W -0.2%  30%W -0.4%  25%W -0.4%       -3.2% → +1.6%
  QCOM    20  55%W +0.0%  50%W -0.1%  50%W -0.0%  40%W -0.3%  30%W -0.2%  25%W -0.4%       -2.3% → +0.9%
Pre-session top-2 (9:25, 20d EOD win rate) — 2018-10-10  OR: 09:30/3b
  #1 LLY    +15m 55%W +0.0%  +30m 70%W +0.2%  +1h 70%W +0.2%  +2h 75%W +0.3%  +5h 60%W +0.2%  EOD 65%W +0.1%  EOD range -1.0% → +1.1%
  #2 MU     +15m 80%W +0.1%  +30m 45%W -0.1%  +1h 50%W -0.0%  +2h 50%W +0.1%  +5h 45%W -0.2%  EOD 55%W +0.1%  EOD range -1.9% → +2.2%
  Ticker   N          +15m          +30m           +1h           +2h           +5h           EOD           EOD range
  ----------------------------------------------------------------------------------------------------------------------
  LLY     20  55%W +0.0%  70%W +0.2%  70%W +0.2%  75%W +0.3%  60%W +0.2%  65%W +0.1%       -1.0% → +1.1%
  MU      20  80%W +0.1%  45%W -0.1%  50%W -0.0%  50%W +0.1%  45%W -0.2%  55%W +0.1%       -1.9% → +2.2%
  MRVL    20  50%W -0.1%  35%W -0.2%  40%W -0.3%  40%W -0.3%  60%W +0.4%  55%W +0.4%       -3.4% → +3.0%
  AVGO    20  60%W +0.0%  50%W -0.0%  50%W -0.1%  50%W +0.0%  60%W +0.2%  55%W +0.1%       -2.1% → +1.4%
  META    20  50%W +0.0%  50%W -0.0%  45%W -0.1%  45%W -0.3%  45%W -0.2%  45%W -0.2%       -2.1% → +2.1%
  TSLA    20  55%W +0.1%  45%W -0.0%  35%W -0.5%  35%W -0.6%  40%W -0.7%  45%W -0.8%       -5.6% → +4.3%
  AMD     20  35%W -0.3%  55%W +0.0%  55%W +0.2%  45%W -0.1%  50%W -0.1%  45%W -1.0%       -9.1% → +8.4%
  CHTR    20  50%W +0.0%  55%W +0.1%  40%W -0.1%  65%W +0.1%  65%W +0.2%  40%W -0.1%       -2.7% → +2.3%
  SNPS    20  35%W -0.1%  25%W -0.1%  25%W -0.3%  30%W -0.4%  30%W -0.5%  25%W -0.9%       -1.9% → +0.5%
  SPOT    20  60%W +0.2%  50%W -0.1%  45%W -0.1%  35%W -0.2%  25%W -0.5%  20%W -0.5%       -3.2% → +1.6%
  QCOM    20  50%W -0.0%  50%W -0.1%  50%W -0.0%  40%W -0.3%  25%W -0.3%  20%W -0.5%       -2.3% → +0.9%
Pre-session top-2 (9:25, 20d EOD win rate) — 2018-10-11  OR: 09:30/3b
  #1 LLY    +15m 55%W +0.0%  +30m 75%W +0.2%  +1h 70%W +0.2%  +2h 70%W +0.3%  +5h 60%W +0.2%  EOD 65%W +0.1%  EOD range -1.5% → +1.1%
  #2 MRVL   +15m 50%W -0.1%  +30m 35%W -0.2%  +1h 40%W -0.3%  +2h 40%W -0.3%  +5h 60%W +0.4%  EOD 55%W +0.4%  EOD range -3.4% → +3.0%
  Ticker   N          +15m          +30m           +1h           +2h           +5h           EOD           EOD range
  ----------------------------------------------------------------------------------------------------------------------
  LLY     20  55%W +0.0%  75%W +0.2%  70%W +0.2%  70%W +0.3%  60%W +0.2%  65%W +0.1%       -1.5% → +1.1%
  MRVL    20  50%W -0.1%  35%W -0.2%  40%W -0.3%  40%W -0.3%  60%W +0.4%  55%W +0.4%       -3.4% → +3.0%
  MU      20  75%W +0.1%  45%W -0.1%  55%W +0.2%  55%W +0.3%  50%W +0.1%  50%W -0.0%       -1.9% → +2.2%
  AVGO    20  60%W +0.0%  50%W -0.0%  50%W -0.1%  50%W +0.0%  55%W +0.1%  50%W +0.0%       -3.9% → +1.4%
  META    20  50%W +0.0%  50%W -0.0%  45%W -0.1%  45%W -0.3%  45%W -0.2%  45%W -0.2%       -3.2% → +2.1%
  TSLA    20  50%W +0.0%  40%W -0.2%  35%W -0.5%  35%W -0.6%  40%W -0.7%  45%W -0.8%       -5.6% → +4.3%
  AMD     20  35%W -0.4%  50%W +0.0%  50%W -0.1%  40%W -0.3%  45%W -0.7%  40%W -1.3%       -9.1% → +5.0%
  CHTR    20  50%W +0.0%  55%W +0.1%  40%W -0.1%  65%W +0.1%  60%W +0.1%  35%W -0.2%       -4.1% → +2.3%
  SNPS    20  35%W -0.1%  25%W -0.1%  25%W -0.3%  30%W -0.4%  30%W -0.6%  25%W -1.0%       -3.9% → +0.5%
  QCOM    20  50%W -0.0%  50%W -0.1%  50%W -0.0%  40%W -0.3%  25%W -0.3%  20%W -0.5%       -3.3% → +0.9%
  SPOT    20  60%W +0.2%  50%W -0.1%  45%W -0.1%  35%W -0.2%  25%W -0.6%  15%W -0.6%       -4.9% → +1.2%
Pre-session top-2 (9:25, 20d EOD win rate) — 2018-10-12  OR: 09:30/3b
  #1 LLY    +15m 55%W +0.0%  +30m 75%W +0.2%  +1h 65%W +0.2%  +2h 70%W +0.3%  +5h 55%W +0.2%  EOD 60%W +0.1%  EOD range -3.3% → +1.1%
  #2 MRVL   +15m 55%W +0.0%  +30m 35%W -0.2%  +1h 40%W -0.3%  +2h 35%W -0.3%  +5h 55%W +0.4%  EOD 55%W +0.5%  EOD range -3.4% → +3.0%
  Ticker   N          +15m          +30m           +1h           +2h           +5h           EOD           EOD range
  ----------------------------------------------------------------------------------------------------------------------
  LLY     20  55%W +0.0%  75%W +0.2%  65%W +0.2%  70%W +0.3%  55%W +0.2%  60%W +0.1%       -3.3% → +1.1%
  MRVL    20  55%W +0.0%  35%W -0.2%  40%W -0.3%  35%W -0.3%  55%W +0.4%  55%W +0.5%       -3.4% → +3.0%
  META    20  50%W +0.0%  50%W -0.0%  45%W -0.1%  50%W -0.0%  45%W -0.2%  50%W +0.1%       -3.2% → +2.1%
  MU      20  75%W +0.1%  40%W -0.1%  55%W +0.2%  55%W +0.3%  45%W -0.5%  45%W -0.1%       -1.9% → +2.2%
  TSLA    20  50%W +0.0%  40%W -0.2%  35%W -0.5%  35%W -0.6%  40%W -0.8%  45%W -0.8%       -5.6% → +4.3%
  AVGO    20  60%W +0.0%  50%W -0.0%  55%W +0.1%  50%W +0.0%  50%W +0.0%  45%W -0.0%       -3.9% → +1.4%
  AMD     20  30%W -0.4%  45%W -0.1%  50%W -0.1%  40%W -0.3%  45%W -0.7%  40%W -1.3%       -5.5% → +5.0%
  CHTR    20  45%W -0.0%  50%W +0.0%  40%W -0.1%  60%W +0.1%  55%W +0.1%  35%W -0.2%       -4.1% → +2.3%
  SNPS    20  40%W -0.1%  25%W -0.1%  25%W -0.4%  25%W -0.4%  25%W -0.8%  20%W -1.0%       -3.9% → +0.5%
  SPOT    20  65%W +0.3%  50%W +0.0%  45%W -0.1%  40%W -0.2%  30%W -0.5%  20%W -0.5%       -4.9% → +1.3%
  QCOM    20  50%W -0.0%  45%W -0.1%  45%W -0.1%  35%W -0.4%  20%W -0.3%  15%W -0.6%       -3.3% → +0.5%
Pre-session top-2 (9:25, 20d EOD win rate) — 2018-10-15  OR: 09:30/3b
  #1 LLY    +15m 60%W +0.1%  +30m 80%W +0.2%  +1h 65%W +0.3%  +2h 70%W +0.4%  +5h 55%W +0.3%  EOD 60%W +0.1%  EOD range -3.3% → +1.4%
  #2 MRVL   +15m 50%W -0.1%  +30m 30%W -0.2%  +1h 35%W -0.3%  +2h 30%W -0.4%  +5h 50%W -0.1%  EOD 50%W +0.1%  EOD range -3.4% → +3.0%
  Ticker   N          +15m          +30m           +1h           +2h           +5h           EOD           EOD range
  ----------------------------------------------------------------------------------------------------------------------
  LLY     20  60%W +0.1%  80%W +0.2%  65%W +0.3%  70%W +0.4%  55%W +0.3%  60%W +0.1%       -3.3% → +1.4%
  MRVL    20  50%W -0.1%  30%W -0.2%  35%W -0.3%  30%W -0.4%  50%W -0.1%  50%W +0.1%       -3.4% → +3.0%
  META    20  50%W +0.0%  45%W -0.1%  40%W -0.3%  45%W -0.3%  40%W -0.4%  45%W -0.2%       -3.2% → +2.1%
  MU      20  70%W +0.1%  35%W -0.1%  50%W -0.0%  50%W +0.1%  40%W -0.5%  40%W -0.3%       -1.9% → +2.2%
  CHTR    20  50%W +0.0%  55%W +0.0%  45%W -0.0%  60%W +0.1%  55%W +0.1%  40%W -0.2%       -4.1% → +2.3%
  TSLA    20  45%W -0.1%  35%W -0.3%  30%W -0.5%  30%W -0.7%  35%W -1.1%  40%W -0.8%       -5.6% → +4.3%
  AMD     20  35%W -0.3%  40%W -0.2%  50%W -0.1%  40%W -0.3%  40%W -1.3%  40%W -1.3%       -5.5% → +5.0%
  AVGO    20  60%W +0.1%  50%W -0.0%  55%W +0.1%  50%W +0.0%  45%W -0.1%  40%W -0.1%       -3.9% → +1.4%
  SNPS    20  40%W -0.1%  25%W -0.1%  20%W -0.4%  25%W -0.4%  30%W -0.8%  25%W -1.0%       -3.9% → +1.3%
  SPOT    20  70%W +0.4%  50%W +0.0%  45%W -0.2%  35%W -0.3%  25%W -0.6%  20%W -0.5%       -4.9% → +1.3%
  QCOM    20  50%W -0.0%  45%W -0.1%  45%W -0.1%  35%W -0.4%  20%W -0.3%  15%W -0.5%       -3.3% → +0.5%
Pre-session top-2 (9:25, 20d EOD win rate) — 2018-10-16  OR: 09:30/3b
  #1 LLY    +15m 65%W +0.1%  +30m 80%W +0.2%  +1h 65%W +0.3%  +2h 70%W +0.4%  +5h 55%W +0.3%  EOD 60%W +0.2%  EOD range -3.3% → +1.4%
  #2 META   +15m 50%W +0.0%  +30m 45%W -0.2%  +1h 40%W -0.1%  +2h 50%W -0.0%  +5h 45%W -0.3%  EOD 50%W -0.0%  EOD range -3.2% → +2.1%
  Ticker   N          +15m          +30m           +1h           +2h           +5h           EOD           EOD range
  ----------------------------------------------------------------------------------------------------------------------
  LLY     20  65%W +0.1%  80%W +0.2%  65%W +0.3%  70%W +0.4%  55%W +0.3%  60%W +0.2%       -3.3% → +1.4%
  META    20  50%W +0.0%  45%W -0.2%  40%W -0.1%  50%W -0.0%  45%W -0.3%  50%W -0.0%       -3.2% → +2.1%
  MRVL    20  50%W -0.1%  30%W -0.2%  35%W -0.3%  35%W -0.3%  55%W +0.4%  50%W +0.1%       -3.4% → +3.0%
  AMD     20  35%W -0.3%  40%W -0.3%  50%W -0.1%  45%W -0.3%  40%W -1.3%  45%W -1.3%       -5.5% → +5.0%
  AVGO    20  55%W +0.0%  45%W -0.1%  55%W +0.1%  55%W +0.1%  50%W +0.0%  45%W -0.0%       -3.9% → +1.4%
  MU      20  70%W +0.1%  35%W -0.2%  45%W -0.1%  50%W +0.2%  40%W -0.5%  40%W -0.3%       -1.9% → +2.2%
  CHTR    20  45%W -0.0%  50%W -0.0%  45%W -0.0%  60%W +0.1%  55%W +0.1%  35%W -0.2%       -4.1% → +2.3%
  TSLA    20  45%W -0.1%  35%W -0.3%  30%W -0.6%  25%W -1.0%  35%W -1.1%  35%W -0.8%       -5.6% → +4.3%
  SNPS    20  40%W -0.1%  25%W -0.1%  20%W -0.4%  30%W -0.3%  35%W -0.6%  25%W -1.0%       -3.9% → +1.3%
  SPOT    20  70%W +0.4%  45%W -0.1%  45%W -0.2%  40%W -0.2%  25%W -0.5%  20%W -0.4%       -4.9% → +1.3%
  QCOM    20  45%W -0.1%  40%W -0.2%  50%W -0.0%  40%W -0.3%  25%W -0.3%  15%W -0.5%       -3.3% → +0.5%
Pre-session top-2 (9:25, 20d EOD win rate) — 2018-10-17  OR: 09:30/3b
  #1 LLY    +15m 65%W +0.1%  +30m 75%W +0.2%  +1h 60%W +0.2%  +2h 65%W +0.3%  +5h 55%W +0.2%  EOD 60%W +0.2%  EOD range -3.3% → +1.4%
  #2 META   +15m 50%W +0.0%  +30m 40%W -0.2%  +1h 45%W -0.1%  +2h 50%W -0.0%  +5h 50%W -0.1%  EOD 55%W +0.1%  EOD range -3.2% → +2.1%
  Ticker   N          +15m          +30m           +1h           +2h           +5h           EOD           EOD range
  ----------------------------------------------------------------------------------------------------------------------
  LLY     20  65%W +0.1%  75%W +0.2%  60%W +0.2%  65%W +0.3%  55%W +0.2%  60%W +0.2%       -3.3% → +1.4%
  META    20  50%W +0.0%  40%W -0.2%  45%W -0.1%  50%W -0.0%  50%W -0.1%  55%W +0.1%       -3.2% → +2.1%
  MRVL    20  50%W -0.1%  30%W -0.3%  35%W -0.3%  35%W -0.4%  55%W +0.4%  50%W +0.1%       -3.4% → +3.0%
  AMD     20  40%W -0.2%  40%W -0.3%  55%W +0.1%  50%W -0.0%  45%W -0.7%  50%W -0.5%       -5.5% → +7.1%
  AVGO    20  60%W +0.1%  45%W -0.1%  50%W +0.0%  55%W +0.1%  50%W +0.0%  45%W -0.0%       -3.9% → +1.6%
  MU      20  65%W +0.1%  30%W -0.2%  40%W -0.1%  45%W -0.2%  40%W -0.5%  40%W -0.3%       -1.9% → +1.2%
  TSLA    20  50%W +0.0%  30%W -0.3%  30%W -0.6%  30%W -0.7%  40%W -0.8%  40%W -0.6%       -5.6% → +4.3%
  CHTR    20  50%W +0.0%  55%W +0.0%  45%W -0.0%  60%W +0.1%  55%W +0.1%  35%W -0.2%       -4.1% → +1.1%
  SNPS    20  40%W -0.1%  25%W -0.1%  25%W -0.4%  35%W -0.3%  40%W -0.6%  30%W -0.9%       -3.9% → +1.9%
  SPOT    20  65%W +0.3%  40%W -0.2%  40%W -0.2%  40%W -0.2%  30%W -0.4%  25%W -0.4%       -4.9% → +3.2%
  QCOM    20  45%W -0.1%  40%W -0.2%  50%W -0.0%  40%W -0.3%  25%W -0.3%  15%W -0.5%       -3.3% → +1.8%
Pre-session top-2 (9:25, 20d EOD win rate) — 2018-10-18  OR: 09:30/3b
  #1 LLY    +15m 65%W +0.1%  +30m 70%W +0.2%  +1h 55%W +0.1%  +2h 65%W +0.3%  +5h 60%W +0.3%  EOD 65%W +0.3%  EOD range -3.3% → +2.1%
  #2 META   +15m 50%W +0.0%  +30m 40%W -0.2%  +1h 45%W -0.1%  +2h 50%W -0.1%  +5h 45%W -0.4%  EOD 55%W +0.1%  EOD range -3.2% → +2.1%
  Ticker   N          +15m          +30m           +1h           +2h           +5h           EOD           EOD range
  ----------------------------------------------------------------------------------------------------------------------
  LLY     20  65%W +0.1%  70%W +0.2%  55%W +0.1%  65%W +0.3%  60%W +0.3%  65%W +0.3%       -3.3% → +2.1%
  META    20  50%W +0.0%  40%W -0.2%  45%W -0.1%  50%W -0.1%  45%W -0.4%  55%W +0.1%       -3.2% → +2.1%
  MRVL    20  45%W -0.2%  30%W -0.3%  35%W -0.3%  35%W -0.4%  60%W +0.4%  55%W +0.5%       -3.4% → +3.0%
  AMD     20  35%W -0.3%  40%W -0.3%  50%W -0.1%  45%W -0.3%  40%W -1.1%  45%W -1.3%       -5.5% → +7.1%
  MU      20  60%W +0.1%  30%W -0.2%  40%W -0.1%  45%W -0.2%  40%W -0.5%  40%W -0.3%       -1.9% → +1.2%
  CHTR    20  50%W +0.0%  60%W +0.0%  45%W -0.0%  65%W +0.2%  60%W +0.2%  40%W -0.2%       -4.1% → +1.1%
  AVGO    20  55%W +0.0%  40%W -0.1%  45%W -0.1%  50%W +0.0%  45%W -0.1%  40%W -0.1%       -3.9% → +1.6%
  TSLA    20  45%W -0.1%  30%W -0.3%  25%W -0.8%  25%W -1.0%  35%W -1.1%  35%W -0.8%       -5.6% → +2.5%
  SNPS    20  35%W -0.1%  25%W -0.1%  25%W -0.4%  35%W -0.3%  40%W -0.5%  35%W -0.9%       -3.9% → +1.9%
  SPOT    20  65%W +0.3%  40%W -0.2%  40%W -0.2%  40%W -0.2%  30%W -0.4%  25%W -0.4%       -4.9% → +3.2%
  QCOM    20  40%W -0.1%  40%W -0.2%  45%W -0.1%  40%W -0.2%  25%W -0.2%  20%W -0.4%       -3.3% → +1.8%
Pre-session top-2 (9:25, 20d EOD win rate) — 2018-10-19  OR: 09:30/3b
  #1 LLY    +15m 70%W +0.1%  +30m 70%W +0.1%  +1h 55%W +0.1%  +2h 65%W +0.3%  +5h 55%W +0.2%  EOD 65%W +0.2%  EOD range -3.3% → +2.1%
  #2 META   +15m 45%W -0.0%  +30m 35%W -0.2%  +1h 40%W -0.3%  +2h 45%W -0.3%  +5h 40%W -0.6%  EOD 50%W -0.4%  EOD range -3.2% → +2.1%
  Ticker   N          +15m          +30m           +1h           +2h           +5h           EOD           EOD range
  ----------------------------------------------------------------------------------------------------------------------
  LLY     20  70%W +0.1%  70%W +0.1%  55%W +0.1%  65%W +0.3%  55%W +0.2%  65%W +0.2%       -3.3% → +2.1%
  META    20  45%W -0.0%  35%W -0.2%  40%W -0.3%  45%W -0.3%  40%W -0.6%  50%W -0.4%       -3.2% → +2.1%
  MRVL    20  40%W -0.2%  25%W -0.3%  30%W -0.3%  35%W -0.5%  55%W +0.4%  50%W +0.1%       -3.4% → +3.0%
  CHTR    20  55%W +0.1%  60%W +0.0%  45%W -0.0%  60%W +0.1%  60%W +0.2%  45%W -0.1%       -4.1% → +1.1%
  AMD     20  30%W -0.4%  40%W -0.4%  50%W -0.1%  45%W -0.3%  40%W -1.6%  45%W -1.4%       -5.5% → +7.1%
  MU      20  55%W +0.1%  30%W -0.2%  40%W -0.1%  45%W -0.2%  40%W -0.5%  40%W -0.3%       -1.8% → +1.2%
  TSLA    20  40%W -0.1%  30%W -0.4%  25%W -0.6%  25%W -1.0%  35%W -1.4%  35%W -0.8%       -5.6% → +2.5%
  AVGO    20  50%W -0.0%  35%W -0.1%  40%W -0.3%  45%W -0.2%  40%W -0.3%  35%W -0.1%       -3.9% → +1.6%
  SNPS    20  30%W -0.1%  20%W -0.1%  20%W -0.4%  30%W -0.4%  35%W -0.6%  30%W -0.9%       -3.9% → +1.9%
  SPOT    20  60%W +0.2%  35%W -0.3%  40%W -0.2%  40%W -0.2%  30%W -0.5%  25%W -0.4%       -4.9% → +3.2%
  QCOM    20  40%W -0.1%  40%W -0.2%  45%W -0.1%  35%W -0.3%  25%W -0.3%  20%W -0.5%       -3.3% → +1.8%
Pre-session top-2 (9:25, 20d EOD win rate) — 2018-10-22  OR: 09:30/3b
  #1 LLY    +15m 70%W +0.1%  +30m 65%W +0.1%  +1h 55%W +0.1%  +2h 60%W +0.2%  +5h 50%W +0.1%  EOD 60%W +0.2%  EOD range -3.3% → +2.1%
  #2 META   +15m 50%W +0.0%  +30m 35%W -0.2%  +1h 40%W -0.3%  +2h 45%W -0.3%  +5h 40%W -0.6%  EOD 50%W -0.4%  EOD range -3.2% → +2.1%
  Ticker   N          +15m          +30m           +1h           +2h           +5h           EOD           EOD range
  ----------------------------------------------------------------------------------------------------------------------
  LLY     20  70%W +0.1%  65%W +0.1%  55%W +0.1%  60%W +0.2%  50%W +0.1%  60%W +0.2%       -3.3% → +2.1%
  META    20  50%W +0.0%  35%W -0.2%  40%W -0.3%  45%W -0.3%  40%W -0.6%  50%W -0.4%       -3.2% → +2.1%
  MRVL    20  40%W -0.2%  20%W -0.3%  30%W -0.3%  30%W -0.5%  50%W -0.1%  45%W -0.4%       -3.4% → +3.0%
  CHTR    20  60%W +0.1%  65%W +0.1%  50%W +0.0%  65%W +0.2%  65%W +0.3%  45%W -0.0%       -4.1% → +1.1%
  AMD     20  30%W -0.4%  35%W -0.4%  45%W -0.4%  40%W -0.4%  40%W -1.7%  45%W -1.6%      -11.4% → +7.1%
  MU      20  50%W +0.0%  30%W -0.3%  40%W -0.1%  40%W -0.3%  40%W -0.5%  35%W -0.5%       -3.3% → +1.2%
  TSLA    20  35%W -0.4%  30%W -0.6%  25%W -0.8%  25%W -1.3%  30%W -1.7%  30%W -1.5%       -5.6% → +2.5%
  SNPS    20  30%W -0.1%  20%W -0.2%  20%W -0.4%  30%W -0.4%  35%W -0.6%  30%W -0.9%       -3.9% → +1.9%
  AVGO    20  55%W +0.0%  35%W -0.1%  45%W -0.1%  50%W -0.2%  40%W -0.3%  30%W -0.2%       -3.9% → +1.6%
  SPOT    20  65%W +0.3%  40%W -0.2%  45%W -0.2%  40%W -0.5%  30%W -0.6%  25%W -0.5%       -4.9% → +3.2%
  QCOM    20  40%W -0.1%  45%W -0.1%  50%W -0.0%  35%W -0.3%  25%W -0.3%  20%W -0.5%       -3.3% → +1.8%
Pre-session top-2 (9:25, 20d EOD win rate) — 2018-10-23  OR: 09:30/3b
  #1 LLY    +15m 70%W +0.1%  +30m 60%W +0.0%  +1h 55%W +0.1%  +2h 60%W +0.2%  +5h 50%W +0.1%  EOD 60%W +0.2%  EOD range -3.3% → +2.1%
  #2 META   +15m 45%W -0.0%  +30m 35%W -0.2%  +1h 40%W -0.3%  +2h 45%W -0.3%  +5h 40%W -0.6%  EOD 45%W -0.6%  EOD range -3.2% → +2.1%
  Ticker   N          +15m          +30m           +1h           +2h           +5h           EOD           EOD range
  ----------------------------------------------------------------------------------------------------------------------
  LLY     20  70%W +0.1%  60%W +0.0%  55%W +0.1%  60%W +0.2%  50%W +0.1%  60%W +0.2%       -3.3% → +2.1%
  META    20  45%W -0.0%  35%W -0.2%  40%W -0.3%  45%W -0.3%  40%W -0.6%  45%W -0.6%       -3.2% → +2.1%
  MRVL    20  35%W -0.2%  20%W -0.3%  30%W -0.3%  30%W -0.5%  50%W -0.1%  45%W -0.4%       -3.4% → +3.0%
  CHTR    20  60%W +0.1%  60%W +0.0%  50%W +0.0%  60%W +0.1%  60%W +0.3%  45%W -0.1%       -4.1% → +1.1%
  AMD     20  25%W -0.5%  30%W -0.6%  45%W -0.4%  40%W -0.4%  40%W -1.7%  45%W -1.6%      -11.4% → +7.1%
  MU      20  45%W -0.1%  25%W -0.5%  40%W -0.1%  40%W -0.3%  40%W -0.5%  35%W -0.5%       -3.3% → +1.3%
  TSLA    20  30%W -0.5%  30%W -0.8%  30%W -0.8%  30%W -1.0%  35%W -1.7%  35%W -1.5%       -5.6% → +2.5%
  SNPS    20  25%W -0.1%  15%W -0.2%  25%W -0.4%  30%W -0.4%  35%W -0.6%  30%W -0.9%       -3.9% → +1.9%
  AVGO    20  50%W -0.0%  35%W -0.2%  50%W +0.0%  50%W -0.1%  40%W -0.2%  30%W -0.3%       -3.9% → +1.6%
  QCOM    20  40%W -0.1%  45%W -0.1%  55%W +0.1%  40%W -0.2%  25%W -0.3%  25%W -0.5%       -3.3% → +1.8%
  SPOT    20  60%W +0.2%  35%W -0.3%  45%W -0.2%  35%W -1.0%  25%W -0.6%  20%W -0.6%       -4.9% → +3.2%
Pre-session top-2 (9:25, 20d EOD win rate) — 2018-10-24  OR: 09:30/3b
  #1 LLY    +15m 70%W +0.1%  +30m 60%W +0.0%  +1h 50%W +0.0%  +2h 60%W +0.2%  +5h 50%W +0.1%  EOD 60%W +0.2%  EOD range -3.3% → +2.1%
  #2 MRVL   +15m 35%W -0.3%  +30m 20%W -0.3%  +1h 25%W -0.3%  +2h 35%W -0.5%  +5h 50%W -0.1%  EOD 50%W -0.2%  EOD range -3.4% → +3.0%
  Ticker   N          +15m          +30m           +1h           +2h           +5h           EOD           EOD range
  ----------------------------------------------------------------------------------------------------------------------
  LLY     20  70%W +0.1%  60%W +0.0%  50%W +0.0%  60%W +0.2%  50%W +0.1%  60%W +0.2%       -3.3% → +2.1%
  MRVL    20  35%W -0.3%  20%W -0.3%  25%W -0.3%  35%W -0.5%  50%W -0.1%  50%W -0.2%       -3.4% → +3.0%
  CHTR    20  55%W +0.1%  55%W +0.0%  55%W +0.1%  55%W +0.1%  65%W +0.3%  50%W +0.3%       -4.1% → +1.1%
  AMD     20  25%W -0.6%  30%W -0.6%  45%W -0.3%  40%W -0.4%  45%W -1.6%  50%W -0.6%      -11.4% → +7.1%
  META    20  40%W -0.0%  30%W -0.2%  35%W -0.5%  40%W -0.4%  40%W -0.6%  45%W -0.6%       -3.2% → +1.9%
  MU      20  40%W -0.2%  25%W -0.7%  40%W -0.2%  40%W -0.3%  40%W -0.5%  35%W -0.5%       -3.3% → +1.3%
  TSLA    20  30%W -0.5%  30%W -0.8%  30%W -0.8%  35%W -1.0%  40%W -1.7%  35%W -1.5%       -5.6% → +7.3%
  SNPS    20  25%W -0.1%  15%W -0.2%  25%W -0.3%  35%W -0.3%  40%W -0.4%  35%W -0.7%       -3.9% → +3.3%
  AVGO    20  45%W -0.0%  35%W -0.2%  55%W +0.1%  55%W +0.2%  45%W -0.1%  35%W -0.3%       -3.9% → +3.0%
  QCOM    20  40%W -0.1%  40%W -0.2%  55%W +0.2%  40%W -0.2%  30%W -0.3%  30%W -0.5%       -3.3% → +2.5%
  SPOT    20  55%W +0.1%  30%W -0.3%  45%W -0.2%  35%W -1.0%  25%W -0.6%  20%W -0.6%       -4.9% → +5.7%
Pre-session top-2 (9:25, 20d EOD win rate) — 2018-10-25  OR: 09:30/3b
  #1 LLY    +15m 65%W +0.0%  +30m 65%W +0.1%  +1h 50%W +0.0%  +2h 55%W +0.0%  +5h 45%W -0.0%  EOD 60%W +0.2%  EOD range -3.9% → +2.1%
  #2 CHTR   +15m 55%W +0.1%  +30m 55%W +0.0%  +1h 55%W +0.1%  +2h 55%W +0.1%  +5h 60%W +0.3%  EOD 50%W +0.3%  EOD range -4.2% → +1.1%
  Ticker   N          +15m          +30m           +1h           +2h           +5h           EOD           EOD range
  ----------------------------------------------------------------------------------------------------------------------
  LLY     20  65%W +0.0%  65%W +0.1%  50%W +0.0%  55%W +0.0%  45%W -0.0%  60%W +0.2%       -3.9% → +2.1%
  CHTR    20  55%W +0.1%  55%W +0.0%  55%W +0.1%  55%W +0.1%  60%W +0.3%  50%W +0.3%       -4.2% → +1.1%
  MRVL    20  30%W -0.5%  20%W -0.3%  25%W -0.3%  35%W -0.5%  45%W -0.6%  45%W -0.6%       -3.4% → +3.0%
  AMD     20  25%W -0.6%  30%W -0.9%  45%W -0.3%  40%W -0.4%  40%W -1.8%  45%W -1.6%      -11.4% → +7.1%
  META    20  40%W -0.1%  25%W -0.2%  30%W -0.5%  35%W -0.5%  35%W -0.7%  40%W -0.9%       -4.6% → +1.9%
  TSLA    20  30%W -0.5%  30%W -0.8%  30%W -0.8%  35%W -1.0%  40%W -1.7%  35%W -1.5%       -5.6% → +7.3%
  SNPS    20  25%W -0.1%  15%W -0.2%  30%W -0.2%  35%W -0.3%  40%W -0.6%  35%W -0.7%       -4.2% → +3.3%
  AVGO    20  45%W -0.0%  35%W -0.2%  55%W +0.1%  55%W +0.2%  45%W -0.1%  35%W -0.3%       -3.9% → +3.0%
  MU      20  35%W -0.2%  25%W -0.8%  40%W -0.3%  40%W -0.3%  35%W -0.7%  30%W -0.6%       -6.9% → +1.3%
  QCOM    20  35%W -0.1%  40%W -0.2%  55%W +0.2%  40%W -0.2%  30%W -0.3%  30%W -0.5%       -5.1% → +2.5%
  SPOT    20  55%W +0.2%  35%W -0.3%  50%W -0.1%  30%W -1.0%  25%W -1.0%  20%W -0.8%       -4.9% → +5.7%
Pre-session top-2 (9:25, 20d EOD win rate) — 2018-10-26  OR: 09:30/3b
  #1 LLY    +15m 65%W +0.0%  +30m 65%W +0.1%  +1h 50%W +0.0%  +2h 55%W +0.0%  +5h 45%W -0.0%  EOD 60%W +0.2%  EOD range -3.9% → +2.5%
  #2 CHTR   +15m 50%W -0.0%  +30m 50%W -0.2%  +1h 50%W +0.0%  +2h 50%W -0.0%  +5h 60%W +0.3%  EOD 45%W -0.1%  EOD range -4.2% → +1.1%
  Ticker   N          +15m          +30m           +1h           +2h           +5h           EOD           EOD range
  ----------------------------------------------------------------------------------------------------------------------
  LLY     20  65%W +0.0%  65%W +0.1%  50%W +0.0%  55%W +0.0%  45%W -0.0%  60%W +0.2%       -3.9% → +2.5%
  CHTR    20  50%W -0.0%  50%W -0.2%  50%W +0.0%  50%W -0.0%  60%W +0.3%  45%W -0.1%       -4.2% → +1.1%
  META    20  40%W -0.1%  25%W -0.2%  30%W -0.5%  35%W -0.5%  35%W -0.7%  40%W -0.9%       -4.6% → +2.1%
  MRVL    20  35%W -0.5%  15%W -0.3%  20%W -0.3%  30%W -0.6%  45%W -0.6%  40%W -0.7%       -3.4% → +3.0%
  AMD     20  30%W -0.6%  25%W -1.0%  40%W -0.4%  35%W -0.7%  35%W -2.0%  40%W -1.9%      -11.4% → +7.1%
  SNPS    20  20%W -0.1%  15%W -0.2%  25%W -0.3%  35%W -0.3%  40%W -0.6%  40%W -0.7%       -4.2% → +3.3%
  AVGO    20  50%W +0.0%  40%W -0.2%  60%W +0.1%  55%W +0.2%  50%W -0.1%  40%W -0.3%       -3.9% → +3.0%
  TSLA    20  30%W -0.5%  25%W -0.9%  25%W -1.1%  35%W -1.3%  40%W -1.7%  35%W -1.3%       -5.6% → +7.3%
  QCOM    20  40%W -0.1%  45%W -0.2%  60%W +0.2%  45%W -0.1%  35%W -0.2%  35%W -0.4%       -5.1% → +2.5%
  MU      20  35%W -0.2%  25%W -0.8%  40%W -0.3%  40%W -0.3%  35%W -0.7%  30%W -0.6%       -6.9% → +3.5%
  SPOT    20  55%W +0.2%  30%W -0.5%  50%W -0.1%  35%W -1.0%  20%W -1.0%  20%W -0.8%       -4.9% → +5.7%
Pre-session top-2 (9:25, 20d EOD win rate) — 2018-10-29  OR: 09:30/3b
  #1 LLY    +15m 60%W +0.0%  +30m 60%W +0.0%  +1h 45%W -0.0%  +2h 50%W -0.0%  +5h 40%W -0.1%  EOD 55%W +0.2%  EOD range -3.9% → +2.5%
  #2 META   +15m 40%W -0.1%  +30m 25%W -0.2%  +1h 30%W -0.5%  +2h 35%W -0.5%  +5h 35%W -0.7%  EOD 40%W -0.9%  EOD range -4.6% → +2.1%
  Ticker   N          +15m          +30m           +1h           +2h           +5h           EOD           EOD range
  ----------------------------------------------------------------------------------------------------------------------
  LLY     20  60%W +0.0%  60%W +0.0%  45%W -0.0%  50%W -0.0%  40%W -0.1%  55%W +0.2%       -3.9% → +2.5%
  META    20  40%W -0.1%  25%W -0.2%  30%W -0.5%  35%W -0.5%  35%W -0.7%  40%W -0.9%       -4.6% → +2.1%
  CHTR    20  45%W -0.1%  45%W -0.4%  45%W -0.1%  45%W -0.1%  60%W +0.3%  40%W -0.2%       -4.2% → +1.1%
  TSLA    20  30%W -0.5%  25%W -0.9%  25%W -1.1%  35%W -1.3%  45%W -0.9%  40%W -0.4%       -5.6% → +7.3%
  AMD     20  30%W -0.7%  20%W -1.1%  35%W -0.6%  35%W -0.7%  35%W -2.0%  40%W -1.9%      -11.4% → +7.1%
  MRVL    20  35%W -0.5%  15%W -0.3%  15%W -0.4%  30%W -0.6%  40%W -0.6%  35%W -0.7%       -3.4% → +2.6%
  SNPS    20  20%W -0.1%  15%W -0.3%  20%W -0.4%  30%W -0.4%  35%W -0.6%  35%W -0.7%       -4.2% → +3.3%
  AVGO    20  45%W -0.1%  40%W -0.2%  55%W +0.1%  50%W -0.1%  45%W -0.2%  35%W -0.4%       -3.9% → +3.0%
  QCOM    20  35%W -0.1%  40%W -0.2%  55%W +0.1%  45%W -0.1%  30%W -0.2%  30%W -0.4%       -5.1% → +2.5%
  MU      20  30%W -0.3%  20%W -0.8%  35%W -0.7%  35%W -0.5%  30%W -0.8%  25%W -0.8%       -6.9% → +3.5%
  SPOT    20  50%W -0.0%  25%W -0.7%  45%W -0.2%  30%W -1.0%  20%W -0.9%  20%W -0.8%       -4.9% → +5.7%
Pre-session top-2 (9:25, 20d EOD win rate) — 2018-10-30  OR: 09:30/3b
  #1 LLY    +15m 65%W +0.0%  +30m 60%W +0.1%  +1h 50%W +0.0%  +2h 50%W -0.0%  +5h 40%W -0.1%  EOD 50%W +0.0%  EOD range -3.9% → +2.5%
  #2 CHTR   +15m 45%W -0.1%  +30m 45%W -0.4%  +1h 50%W -0.1%  +2h 50%W -0.0%  +5h 65%W +0.4%  EOD 45%W -0.1%  EOD range -4.2% → +1.1%
  Ticker   N          +15m          +30m           +1h           +2h           +5h           EOD           EOD range
  ----------------------------------------------------------------------------------------------------------------------
  LLY     20  65%W +0.0%  60%W +0.1%  50%W +0.0%  50%W -0.0%  40%W -0.1%  50%W +0.0%       -3.9% → +2.5%
  CHTR    20  45%W -0.1%  45%W -0.4%  50%W -0.1%  50%W -0.0%  65%W +0.4%  45%W -0.1%       -4.2% → +1.1%
  META    20  45%W -0.0%  30%W -0.2%  30%W -0.3%  35%W -0.4%  35%W -0.7%  40%W -0.9%       -4.6% → +2.1%
  MRVL    20  40%W -0.3%  20%W -0.3%  20%W -0.4%  35%W -0.6%  40%W -0.6%  35%W -0.8%       -3.4% → +2.6%
  TSLA    20  25%W -0.6%  20%W -1.0%  20%W -1.1%  35%W -1.3%  40%W -1.7%  35%W -1.3%       -5.6% → +7.3%
  AMD     20  30%W -0.7%  20%W -1.1%  35%W -0.6%  35%W -0.7%  30%W -2.2%  35%W -2.1%      -11.4% → +7.1%
  SNPS    20  25%W -0.1%  15%W -0.3%  20%W -0.5%  30%W -0.4%  35%W -0.6%  35%W -0.7%       -4.2% → +3.3%
  QCOM    20  40%W -0.1%  45%W -0.2%  50%W -0.0%  40%W -0.1%  30%W -0.3%  30%W -0.5%       -5.1% → +2.5%
  AVGO    20  45%W -0.1%  40%W -0.2%  55%W +0.1%  50%W -0.1%  40%W -0.4%  30%W -0.6%       -3.9% → +3.0%
  MU      20  30%W -0.3%  20%W -0.8%  35%W -0.7%  30%W -0.5%  30%W -1.0%  25%W -1.0%       -6.9% → +3.5%
  SPOT    20  55%W +0.2%  30%W -0.5%  45%W -0.2%  30%W -1.1%  20%W -1.1%  20%W -0.8%       -4.9% → +5.7%
Pre-session top-2 (9:25, 20d EOD win rate) — 2018-10-31  OR: 09:30/3b
  #1 LLY    +15m 65%W +0.1%  +30m 60%W +0.1%  +1h 50%W +0.0%  +2h 50%W -0.0%  +5h 35%W -0.1%  EOD 50%W +0.0%  EOD range -3.9% → +2.5%
  #2 META   +15m 50%W +0.1%  +30m 35%W -0.2%  +1h 35%W -0.2%  +2h 40%W -0.3%  +5h 40%W -0.6%  EOD 45%W -0.6%  EOD range -4.6% → +4.0%
  Ticker   N          +15m          +30m           +1h           +2h           +5h           EOD           EOD range
  ----------------------------------------------------------------------------------------------------------------------
  LLY     20  65%W +0.1%  60%W +0.1%  50%W +0.0%  50%W -0.0%  35%W -0.1%  50%W +0.0%       -3.9% → +2.5%
  META    20  50%W +0.1%  35%W -0.2%  35%W -0.2%  40%W -0.3%  40%W -0.6%  45%W -0.6%       -4.6% → +4.0%
  CHTR    20  50%W -0.0%  50%W -0.2%  55%W +0.1%  50%W -0.0%  65%W +0.6%  45%W -0.1%       -4.2% → +3.4%
  MRVL    20  45%W -0.1%  15%W -0.3%  20%W -0.5%  35%W -0.5%  45%W -0.6%  40%W -0.7%       -3.4% → +2.6%
  AMD     20  35%W -0.6%  25%W -1.1%  30%W -0.8%  40%W -0.7%  35%W -2.0%  40%W -1.9%      -11.4% → +7.1%
  SNPS    20  30%W -0.1%  15%W -0.3%  20%W -0.5%  35%W -0.4%  35%W -0.5%  40%W -0.6%       -4.2% → +3.3%
  TSLA    20  30%W -0.5%  25%W -0.9%  25%W -0.8%  40%W -1.3%  45%W -0.9%  35%W -0.6%       -5.6% → +7.3%
  AVGO    20  45%W -0.1%  40%W -0.2%  55%W +0.1%  50%W -0.1%  45%W -0.2%  35%W -0.4%       -3.9% → +3.0%
  MU      20  30%W -0.3%  15%W -0.8%  30%W -1.0%  25%W -0.6%  30%W -0.8%  30%W -0.8%       -6.9% → +3.5%
  SPOT    20  55%W +0.2%  30%W -0.5%  45%W -0.2%  35%W -1.1%  25%W -1.1%  25%W -0.8%       -4.9% → +7.9%
  QCOM    20  35%W -0.1%  45%W -0.2%  45%W -0.1%  35%W -0.2%  25%W -0.5%  25%W -0.5%       -5.1% → +2.5%

=========================================================================================================================================================================================
Pre-Session Top-2 Performance — 2018-10-01 to 2018-10-31  |  Unconditional OR-close entry  |  OR: 09:30/3b
=========================================================================================================================================================================================
Date         Ticker Rank  At       Entry       +15m       +30m       +45m        +1h     +1h30m        +2h        +3h        +4h        +5h        +6h        +7h        EOD
-----------------------------------------------------------------------------------------------------------------------------------------------------------------------------------------
2018-10-01   MU     #1    09:45    45.36    +1.04%W    +1.08%W    +1.52%W    +1.04%W    +0.83%W    +0.85%W    +0.42%W    -0.11%L    -0.37%L    -0.49%L    -0.51%L    -0.51%L
2018-10-01   AVGO   #2    09:45   249.03    +0.47%W    +0.32%W    +0.49%W    +0.72%W    +0.94%W    +1.09%W    +0.93%W    +0.52%W    +0.53%W    +0.39%W    +0.20%W    +0.20%W
2018-10-02   MU     #1    09:45    46.30    +0.15%W    +0.52%W    +0.41%W    +0.60%W    -0.15%L    +0.56%W    -0.29%L    -0.64%L    -1.12%L    -1.19%L    -1.14%L    -1.14%L
2018-10-02   AVGO   #2    09:45   249.92    +0.27%W    +0.27%W    +0.15%W    +0.46%W    +0.36%W    +0.29%W    -0.11%L    -0.25%L    -0.52%L    -0.61%L    -0.74%L    -0.74%L
2018-10-03   LLY    #1    09:45   109.12    +0.19%W    +0.30%W    +0.14%W    -0.22%L    -0.08%L    -0.37%L    -0.26%L    -0.27%L    -0.55%L    -0.50%L    -0.46%L    -0.46%L
2018-10-03   MU     #2    09:45    45.82    -1.11%L    -0.94%L    -0.74%L    -1.00%L    -2.29%L    -1.99%L    -0.91%L    -0.14%L    -1.09%L    -1.32%L    -1.46%L    -1.46%L
2018-10-04   MU     #1    09:45    44.22    +0.05%W    -0.32%L    -0.68%L    -0.24%L    -0.25%L    -0.70%L    -0.81%L    -1.32%L    -0.53%L    -0.29%L    -0.14%L    -0.14%L
2018-10-04   LLY    #2    09:45   114.09    -0.04%L    -0.64%L    -0.91%L    -1.38%L    -1.68%L    -1.55%L    -2.01%L    -1.93%L    -1.46%L    -0.94%L    -0.97%L    -0.97%L
2018-10-05   MU     #1    09:45    44.36    -1.36%L    -1.17%L    -1.26%L    -1.80%L    -2.56%L    -2.66%L    -2.95%L    -2.41%L    -1.63%L    -1.38%L    -1.74%L    -1.74%L
2018-10-05   AVGO   #2    09:45   249.36    -0.45%L    -0.57%L    -0.59%L    -0.97%L    -1.75%L    -1.95%L    -2.09%L    -2.35%L    -1.71%L    -1.74%L    -2.08%L    -2.08%L
2018-10-08   MU     #1    09:45    43.36    +0.23%W    +0.62%W    +0.62%W    +0.30%W    -0.35%L    -1.05%L    -1.01%L    -0.90%L    -0.55%L    -0.30%L    -0.67%L    -0.67%L
2018-10-08   MRVL   #2    09:45    18.55    +0.05%W    -0.27%L    -0.65%L    -0.59%L    -0.92%L    -1.94%L    -1.94%L    -1.83%L    -0.65%L    -0.70%L    -1.08%L    -1.08%L
2018-10-09   MU     #1    09:45    42.48    +0.08%W    -0.11%L    +0.26%W    +0.40%W    +0.42%W    +0.35%W    -0.38%L    -0.69%L    -0.85%L    -0.42%L    -0.49%L    -0.49%L
2018-10-09   LLY    #2    09:45   114.36    +0.39%W    +0.85%W    +0.86%W    +0.92%W    +0.57%W    +0.63%W    +0.49%W    +0.74%W    +1.26%W    +1.09%W    +0.96%W    +0.96%W
2018-10-10   LLY    #1    09:45   115.06    -0.38%L    +0.08%W    -0.24%L    -0.37%L    -0.40%L    -0.59%L    -0.48%L    -0.42%L    -0.77%L    -0.93%L    -1.49%L    -1.49%L
2018-10-10   MU     #2    09:45    41.65    -0.16%L    -0.36%L    +0.36%W    +0.40%W    +0.17%W    +0.43%W    +0.95%W    +2.30%W    +0.82%W    +0.67%W    -0.07%L    -0.07%L
2018-10-11   LLY    #1    09:45   111.57    -0.47%L    -0.92%L    -1.49%L    -1.38%L    -1.95%L    -1.06%L    -1.00%L    -2.07%L    -3.16%L    -3.18%L    -3.27%L    -3.27%L
2018-10-11   MRVL   #2    09:45    17.64    +0.20%W    -0.37%L    -0.62%L    -0.79%L    -1.11%L    -0.09%L    +0.20%W    +0.14%W    -0.62%L    +0.14%W    +0.43%W    +0.43%W
2018-10-12   LLY    #1    09:45   108.98    +0.82%W    +1.24%W    +1.08%W    +1.29%W    +1.39%W    +0.98%W    +0.20%W    +1.09%W    +0.61%W    +1.50%W    +1.38%W    +1.38%W
2018-10-12   MRVL   #2    09:45    18.24    -0.47%L    -1.01%L    -0.33%L    +0.00%L    -0.14%L    -0.55%L    -1.95%L    -1.45%L    -1.92%L    -1.26%L    -1.21%L    -1.21%L
2018-10-15   LLY    #1    09:45   110.35    +0.06%W    +0.32%W    +0.82%W    +0.72%W    +0.37%W    +0.61%W    +0.31%W    +0.93%W    +1.17%W    +0.72%W    +0.25%W    +0.25%W
2018-10-15   MRVL   #2    09:45    18.24    -0.99%L    -0.82%L    -0.33%L    -0.30%L    +0.00%L    +0.38%W    +0.99%W    +0.99%W    +0.38%W    -0.22%L    -0.60%L    -0.60%L
2018-10-16   LLY    #1    09:45   110.73    +0.38%W    -0.16%L    -0.51%L    -0.36%L    -0.11%L    -0.54%L    -0.51%L    -0.14%L    +0.24%W    +0.42%W    +0.27%W    +0.27%W
2018-10-16   META   #2    09:45   155.79    +0.30%W    -0.30%L    -0.28%L    +0.15%W    +0.68%W    +0.82%W    +1.04%W    +1.27%W    +1.56%W    +2.11%W    +1.91%W    +1.91%W
2018-10-17   LLY    #1    09:45   111.28    +0.04%W    -0.07%L    -0.09%L    -0.02%L    +0.15%W    +0.98%W    +1.30%W    +1.52%W    +1.60%W    +1.91%W    +2.08%W    +2.08%W
2018-10-17   META   #2    09:45   159.43    -0.61%L    -0.19%L    -0.48%L    -0.48%L    -0.19%L    +0.06%W    -0.50%L    -0.19%L    -0.29%L    +0.03%W    +0.04%W    +0.04%W
2018-10-18   LLY    #1    09:45   113.07    +0.05%W    +0.01%W    +0.42%W    +0.54%W    +0.48%W    +0.39%W    +0.34%W    -0.44%L    -0.00%L    +0.26%W    +0.21%W    +0.21%W
2018-10-18   META   #2    09:45   157.56    -0.43%L    -0.59%L    -0.37%L    -0.51%L    -0.72%L    -1.55%L    -1.54%L    -2.27%L    -1.37%L    -1.65%L    -1.62%L    -1.62%L
2018-10-19   LLY    #1    09:45   112.91    +0.03%W    -0.08%L    +0.08%W    +0.09%W    -0.15%L    -0.08%L    -0.45%L    -0.50%L    -0.54%L    -0.60%L    -0.87%L    -0.87%L
2018-10-19   META   #2    09:45   156.70    +0.25%W    -0.17%L    -0.14%L    -0.77%L    -0.87%L    -0.96%L    -1.07%L    -1.08%L    -1.46%L    -1.45%L    -1.76%L    -1.76%L
2018-10-22   LLY    #1    09:45   112.45    -0.27%L    -0.78%L    -0.53%L    -0.35%L    +0.08%W    -0.07%L    -0.32%L    -0.68%L    -0.53%L    -0.36%L    -0.38%L    -0.38%L
2018-10-22   META   #2    09:45   155.37    -0.03%L    +0.03%W    +0.18%W    +0.83%W    +0.96%W    +0.46%W    +0.13%W    -0.17%L    +0.23%W    -0.07%L    -0.36%L    -0.36%L
2018-10-23   LLY    #1    09:45   110.55    -1.15%L    -0.99%L    -1.14%L    -0.74%L    -0.75%L    -1.03%L    -0.77%L    -0.40%L    -0.11%L    -0.10%L    -0.17%L    -0.17%L
2018-10-23   META   #2    09:45   153.19    -1.04%L    -1.21%L    -1.10%L    -1.00%L    -0.69%L    -0.41%L    +0.12%W    -0.34%L    +0.57%W    +0.73%W    +0.79%W    +0.79%W
2018-10-24   LLY    #1    09:45   110.65    -0.12%L    +0.06%W    +0.25%W    +0.06%W    -0.38%L    -0.05%L    -0.94%L    -1.53%L    -1.85%L    -3.56%L    -3.87%L    -3.87%L
2018-10-24   MRVL   #2    09:45    17.05    -0.73%L    +0.15%W    -0.03%L    +0.15%W    -0.44%L    +0.32%W    +0.73%W    -0.15%L    -0.56%L    -2.08%L    -3.02%L    -3.02%L
2018-10-25   LLY    #1    09:45   105.25    +1.66%W    +1.66%W    +2.13%W    +2.13%W    +2.54%W    +3.16%W    +3.14%W    +3.03%W    +3.18%W    +2.49%W    +2.51%W    +2.51%W
2018-10-25   CHTR   #2    09:45   316.10    -0.15%L    -0.82%L    -0.82%L    -1.31%L    -0.49%L    -0.50%L    -0.78%L    -0.58%L    +0.35%W    -0.01%L    -0.36%L    -0.36%L
2018-10-26   LLY    #1    09:45   106.77    -0.63%L    -0.52%L    -0.70%L    -0.87%L    -1.21%L    -1.11%L    -0.30%L    -0.07%L    -0.56%L    -0.04%L    -0.40%L    -0.40%L
2018-10-26   CHTR   #2    09:45   295.96    -2.30%L    -1.97%L    -3.38%L    -1.90%L    -1.89%L    -1.01%L    +1.22%W    +0.36%W    +1.02%W    -0.48%L    -0.32%L    -0.32%L
2018-10-29   LLY    #1    09:45   108.36    +0.65%W    +0.64%W    +0.19%W    +0.10%W    -0.05%L    +0.06%W    -0.31%L    -0.09%L    -0.75%L    -0.98%L    -0.86%L    -0.86%L
2018-10-29   META   #2    09:45   147.10    +0.87%W    +0.77%W    +0.72%W    -0.08%L    -0.62%L    -0.18%L    -1.67%L    -1.85%L    -3.04%L    -4.40%L    -3.40%L    -3.40%L
2018-10-30   LLY    #1    09:45   107.75    +0.23%W    +0.47%W    +0.52%W    -0.11%L    -0.24%L    +0.31%W    +0.33%W    +0.06%W    -0.10%L    +0.29%W    +0.51%W    +0.51%W
2018-10-30   CHTR   #2    09:45   306.10    +2.02%W    +2.26%W    +1.31%W    +1.32%W    +1.73%W    +3.32%W    +2.70%W    +1.78%W    +2.01%W    +3.00%W    +3.39%W    +3.39%W
2018-10-31   LLY    #1    09:45   109.44    +0.26%W    +0.40%W    +0.67%W    +0.79%W    +0.33%W    +0.19%W    +0.01%W    +0.08%W    +0.18%W    -0.83%L    -0.95%L    -0.95%L
2018-10-31   META   #2    09:45   154.67    +0.80%W    +0.54%W    -0.20%L    -0.42%L    -2.33%L    -3.30%L    -2.33%L    -1.14%L    -1.65%L    -1.47%L    -1.82%L    -1.82%L

========================================================================================
Pre-session picks summary — 46 pick(s) across 23 trading day(s)

Top-2 picks (all days)  (46 signal(s))
  Hold      Count   Win Rate   Avg Gain    Avg Win   Avg Loss  Exp Value  Total P&L
  ------------------------------------------------------------------------------------
  +15m         46      56.5%      -0.03%      +0.44%      -0.64%      -0.03%      -1.32%
  +30m         46      45.7%      -0.06%      +0.60%      -0.61%      -0.06%      -2.79%
  +45m         46      45.7%      -0.10%      +0.63%      -0.70%      -0.10%      -4.43%
  +1h          46      43.5%      -0.11%      +0.65%      -0.69%      -0.11%      -4.92%
  +1h30m       46      34.8%      -0.28%      +0.75%      -0.82%      -0.28%     -12.73%
  +2h          46      45.7%      -0.20%      +0.77%      -1.01%      -0.20%      -9.01%
  +3h          46      41.3%      -0.26%      +0.82%      -1.03%      -0.26%     -12.13%
  +4h          46      30.4%      -0.29%      +1.06%      -0.89%      -0.29%     -13.56%
  +5h          46      34.8%      -0.32%      +0.98%      -1.01%      -0.32%     -14.63%
  +6h          46      32.6%      -0.39%      +1.05%      -1.08%      -0.39%     -17.79%
  +7h          46      30.4%      -0.51%      +1.07%      -1.20%      -0.51%     -23.36%
  EOD          46      30.4%      -0.51%      +1.07%      -1.20%      -0.51%     -23.36%

=========================================================================================================================================================================================
Signal Analysis — 2018-10-01 to 2018-10-31  |  BULL only  |  Vol ≥ 1.0x 20dAvg
Windows: 09:30/3b  |  Collection: 3 bars  |  Tickers: 11
=========================================================================================================================================================================================
Date         Ticker Window   At       Entry  Vol/20d       +15m       +30m       +45m        +1h     +1h30m        +2h        +3h        +4h        +5h        +6h        +7h        EOD
-----------------------------------------------------------------------------------------------------------------------------------------------------------------------------------------
2018-10-01   QCOM   09:30/3b 09:40    72.52    1.26x    +0.63%W    +0.40%W    +0.22%W    +0.72%W    +1.19%W    +0.91%W    +0.85%W    +0.76%W    +0.39%W    +0.19%W    +0.12%W    +0.12%W
2018-10-02   MU     09:30/3b 09:40    46.18    1.13x    +0.60%W    +0.65%W    +1.05%W    +0.57%W    +0.24%W    +0.87%W    +0.86%W    -0.52%L    -0.88%L    -0.85%L    -0.89%L    -0.89%L
2018-10-02   MRVL   09:30/3b 09:40    19.39    1.60x    +0.80%W    +0.62%W    +0.72%W    +0.21%W    +0.49%W    +0.36%W    +0.39%W    -0.08%L    -0.05%L    -0.28%L    +0.10%W    +0.10%W
2018-10-05   META   09:30/3b 09:40   160.34    1.27x    -0.42%L    -0.07%L    -0.10%L    -0.39%L    -1.01%L    -1.30%L    -2.38%L    -1.99%L    -1.59%L    -1.58%L    -1.88%L    -1.88%L
2018-10-05   SNPS   09:30/3b 09:40    95.16    1.07x    -1.08%L    -1.01%L    -0.64%L    -0.99%L    -1.45%L    -2.02%L    -2.43%L    -1.90%L    -1.35%L    -1.86%L    -2.06%L    -2.06%L
2018-10-08   CHTR   09:30/3b 09:45   316.83    1.14x    +0.89%W    +0.56%W    +0.79%W    +0.71%W    +0.82%W    +0.37%W    +0.50%W    +0.64%W    +0.80%W    +1.27%W    +1.07%W    +1.07%W
2018-10-08   TSLA   09:30/3b 09:40   264.38    1.35x    +0.59%W    -0.14%L    -0.08%L    -1.13%L    -3.14%L    -4.50%L    -4.53%L    -5.51%L    -4.75%L    -4.94%L    -5.23%L    -5.23%L
2018-10-09   META   09:30/3b 09:40   159.66    1.06x    +0.45%W    -0.02%L    +0.22%W    +0.16%W    -0.25%L    -0.18%L    -0.87%L    -0.80%L    -0.70%L    -0.87%L    -1.10%L    -1.10%L
2018-10-09   SNPS   09:30/3b 09:40    92.00    1.57x    -0.41%L    -0.75%L    -0.71%L    -0.58%L    -1.03%L    -0.86%L    -1.37%L    -1.62%L    -1.40%L    -1.20%L    -1.20%L    -1.20%L
2018-10-09   SPOT   09:30/3b 09:50   163.14    1.22x    +0.70%W    +1.12%W    +0.20%W    -0.29%L    +0.25%W    +0.35%W    -0.03%L    -1.07%L    -0.68%L    -0.73%L    -1.01%L    -1.01%L
2018-10-11   MRVL   09:30/3b 09:45    17.64    2.30x    +0.20%W    -0.37%L    -0.62%L    -0.79%L    -1.11%L    -0.09%L    +0.20%W    +0.14%W    -0.62%L    +0.14%W    +0.43%W    +0.43%W
2018-10-11   SNPS   09:30/3b 09:45    87.74    1.71x    +0.34%W    -0.48%L    -0.07%L    -0.63%L    -0.83%L    -0.22%L    -0.73%L    -0.64%L    -1.72%L    -2.11%L    -2.26%L    -2.26%L
2018-10-11   SPOT   09:30/3b 09:45   150.41    3.45x    +0.59%W    -0.00%L    -0.03%L    -0.24%L    -0.93%L    +0.02%W    +0.26%W    +0.74%W    +0.12%W    +1.05%W    +1.33%W    +1.33%W
2018-10-11   AVGO   09:30/3b 09:45   232.20    1.62x    +0.58%W    +0.68%W    +1.33%W    +0.60%W    +0.30%W    +0.92%W    +0.31%W    +0.16%W    -1.40%L    -1.41%L    -1.42%L    -1.42%L
2018-10-12   CHTR   09:30/3b 09:40   305.92    1.15x    +0.17%W    +0.33%W    +0.24%W    +0.78%W    +1.10%W    +0.69%W    -0.52%L    +0.17%W    +0.14%W    +0.96%W    +0.92%W    +0.92%W
2018-10-15   MRVL   09:30/3b 09:40    18.14    1.29x    +0.08%W    -0.25%L    +0.08%W    +0.03%W    +1.02%W    +1.13%W    +1.16%W    +1.71%W    +1.19%W    +0.44%W    -0.03%L    -0.03%L
2018-10-16   MRVL   09:30/3b 09:40    18.71    1.81x    -0.99%L    -1.50%L    -1.12%L    -1.20%L    -1.12%L    -0.29%L    +0.16%W    +1.63%W    +1.63%W    +1.55%W    +0.83%W    +0.83%W
2018-10-16   TSLA   09:30/3b 09:45   269.68    1.27x    +0.87%W    -0.17%L    -0.69%L    -0.36%L    +0.30%W    +0.42%W    +0.80%W    +1.58%W    +2.55%W    +2.65%W    +2.54%W    +2.54%W
2018-10-17   SNPS   09:30/3b 09:40    89.40    1.12x    -0.06%L    -0.41%L    -0.38%L    -0.96%L    -0.58%L    -0.35%L    -0.53%L    -0.36%L    -0.23%L    -0.08%L    +0.20%W    +0.20%W
2018-10-18   MRVL   09:30/3b 09:40    18.61    1.00x    -0.56%L    -1.56%L    -1.32%L    -1.48%L    -1.75%L    -1.96%L    -1.37%L    -2.71%L    -2.50%L    -2.61%L    -2.82%L    -2.82%L
2018-10-19   META   09:30/3b 09:40   156.53    1.00x    +0.14%W    +0.01%W    -0.18%L    -0.35%L    -0.54%L    -0.86%L    -1.04%L    -1.02%L    -1.62%L    -1.25%L    -1.65%L    -1.65%L
2018-10-19   AVGO   09:30/3b 09:45   229.09    1.02x    +0.61%W    +0.59%W    +0.62%W    +0.67%W    +0.48%W    +0.37%W    -0.50%L    +0.19%W    +0.32%W    +0.34%W    -0.36%L    -0.36%L
2018-10-23   TSLA   09:30/3b 09:50   274.80    1.59x    +1.16%W    -0.22%L    +0.87%W    +0.50%W    +0.69%W    +0.93%W    +3.55%W    +4.95%W    +6.55%W    +6.98%W    +7.08%W    +7.08%W
2018-10-23   SNPS   09:30/3b 09:40    89.89    2.89x    -0.68%L    -1.25%L    -0.76%L    -0.65%L    -0.24%L    +0.46%W    +1.97%W    +1.90%W    +2.62%W    +2.76%W    +2.81%W    +2.81%W
2018-10-24   CHTR   09:30/3b 09:40   320.20    1.00x    -1.16%L    -0.59%L    -1.50%L    -2.00%L    -3.02%L    -2.95%L    -2.84%L    -3.37%L    -3.32%L    -3.89%L    -4.46%L    -4.46%L
2018-10-25   CHTR   09:30/3b 09:40   316.14    2.95x    -0.59%L    -0.33%L    -0.82%L    -1.14%L    -0.73%L    -0.51%L    -0.87%L    -0.76%L    +0.18%W    -0.03%L    -0.38%L    -0.38%L
2018-10-25   AVGO   09:30/3b 09:50   220.99    1.19x    +0.02%W    -0.14%L    +0.05%W    +0.10%W    +0.15%W    +0.47%W    +0.13%W    +0.68%W    +0.60%W    +0.25%W    +0.58%W    +0.58%W
2018-10-26   TSLA   09:30/3b 09:40   314.27    1.45x    +2.53%W    +1.08%W    +1.66%W    +0.80%W    +1.12%W    +2.09%W    +5.96%W    +6.55%W    +3.53%W    +4.09%W    +5.21%W    +5.21%W
2018-10-30   META   09:30/3b 09:50   142.77    1.58x    -0.55%L    +0.18%W    -0.86%L    -1.14%L    -0.41%L    +1.01%W    +0.20%W    -0.50%L    +0.91%W    +2.58%W    +2.42%W    +2.42%W
2018-10-30   MU     09:30/3b 09:40    35.22    1.12x    +0.94%W    +0.41%W    -0.45%L    -1.36%L    -1.53%L    -0.30%L    +0.07%W    +0.14%W    +0.45%W    +1.25%W    +2.27%W    +2.27%W
2018-10-30   MRVL   09:30/3b 09:40    15.89    1.10x    +0.44%W    +0.19%W    -0.06%L    -1.57%L    -1.38%L    -0.72%L    -0.57%L    -0.25%L    +0.13%W    +0.79%W    +1.57%W    +1.57%W
2018-10-30   CHTR   09:30/3b 09:40   306.21    1.07x    +1.54%W    +1.76%W    +1.18%W    +1.15%W    +1.50%W    +3.17%W    +2.27%W    +1.69%W    +1.85%W    +2.97%W    +3.36%W    +3.36%W
2018-10-30   QCOM   09:30/3b 09:40    63.41    1.12x    +0.30%W    -0.25%L    -0.57%L    -1.17%L    -1.03%L    -0.63%L    -1.00%L    -1.26%L    -1.55%L    -0.46%L    -0.33%L    -0.33%L
2018-10-30   AVGO   09:30/3b 09:40   215.63    1.01x    +1.53%W    +0.99%W    +0.53%W    -0.30%L    +0.43%W    +0.73%W    +1.07%W    +0.80%W    +1.27%W    +2.23%W    +2.58%W    +2.58%W

========================================================================================
Summary — 34 qualifying signal(s) across 23 trading day(s)

Window 09:30/3b  (34 signal(s))
  Hold      Count   Win Rate   Avg Gain    Avg Win   Avg Loss  Exp Value  Total P&L
  ------------------------------------------------------------------------------------
  +15m         34      70.6%      +0.30%      +0.70%      -0.65%      +0.30%     +10.20%
  +30m         34      44.1%      +0.00%      +0.64%      -0.50%      +0.00%      +0.06%
  +45m         34      44.1%      -0.03%      +0.65%      -0.58%      -0.03%      -1.18%
  +1h          34      38.2%      -0.34%      +0.54%      -0.89%      -0.34%     -11.72%
  +1h30m       34      44.1%      -0.35%      +0.67%      -1.16%      -0.35%     -12.01%
  +2h          34      52.9%      -0.07%      +0.85%      -1.11%      -0.07%      -2.44%
  +3h          34      52.9%      -0.03%      +1.15%      -1.35%      -0.03%      -0.87%
  +4h          34      50.0%      +0.00%      +1.44%      -1.43%      +0.00%      +0.06%
  +5h          34      52.9%      +0.02%      +1.40%      -1.52%      +0.02%      +0.84%
  +6h          34      52.9%      +0.24%      +1.80%      -1.51%      +0.24%      +8.32%
  +7h          34      52.9%      +0.25%      +1.97%      -1.69%      +0.25%      +8.34%
  EOD          34      52.9%      +0.25%      +1.97%      -1.69%      +0.25%      +8.34%
