Fetching 5-min bars (2018-10-02 → 2018-11-30) [alpaca]...
  [cache] fetching 5 tickers from alpaca (cache miss)
  [cache] loaded 7 tickers from cache
Fetching daily bars (2017-11-01 → 2018-11-30)...

=========================================================================================================================================================================================
Pre-Session Rankings (9:25) — 2018-11-01 to 2018-11-30  |  20d lookback
=========================================================================================================================================================================================
Pre-session top-2 (9:25, 20d EOD win rate) — 2018-11-01  OR: 09:30/3b
  #1 CHTR   +15m 50%W -0.0%  +30m 50%W -0.2%  +1h 55%W +0.1%  +2h 50%W +0.1%  +5h 70%W +0.7%  EOD 50%W +0.1%  EOD range -4.2% → +3.4%
  #2 LLY    +15m 65%W +0.1%  +30m 60%W +0.1%  +1h 55%W +0.1%  +2h 55%W +0.0%  +5h 40%W -0.1%  EOD 50%W +0.0%  EOD range -3.9% → +2.5%
  Ticker   N          +15m          +30m           +1h           +2h           +5h           EOD           EOD range
  ----------------------------------------------------------------------------------------------------------------------
  CHTR    20  50%W -0.0%  50%W -0.2%  55%W +0.1%  50%W +0.1%  70%W +0.7%  50%W +0.1%       -4.2% → +3.4%
  LLY     20  65%W +0.1%  60%W +0.1%  55%W +0.1%  55%W +0.0%  40%W -0.1%  50%W +0.0%       -3.9% → +2.5%
  META    20  50%W +0.1%  35%W -0.2%  30%W -0.3%  35%W -0.5%  35%W -0.8%  40%W -0.9%       -4.6% → +4.0%
  MRVL    20  50%W -0.0%  20%W -0.3%  25%W -0.5%  40%W -0.2%  45%W -0.6%  40%W -0.7%       -3.4% → +2.6%
  TSLA    20  35%W -0.5%  30%W -0.9%  30%W -0.6%  45%W -1.0%  50%W -0.0%  40%W -0.4%       -5.6% → +7.3%
  AMD     20  40%W -0.6%  25%W -1.1%  30%W -0.8%  40%W -0.7%  35%W -2.0%  40%W -1.9%      -11.4% → +7.1%
  SNPS    20  35%W -0.1%  15%W -0.3%  20%W -0.5%  35%W -0.4%  35%W -0.5%  40%W -0.6%       -4.2% → +3.3%
  MU      20  35%W -0.2%  20%W -0.8%  35%W -0.7%  30%W -0.4%  35%W -0.7%  35%W -0.6%       -6.9% → +4.1%
  SPOT    20  55%W +0.3%  35%W -0.3%  50%W -0.1%  40%W -0.8%  30%W -0.5%  30%W -0.6%       -4.9% → +7.9%
  QCOM    20  40%W -0.1%  45%W -0.2%  50%W -0.0%  40%W -0.1%  30%W -0.3%  30%W -0.4%       -5.1% → +2.5%
  AVGO    20  50%W +0.0%  45%W -0.2%  50%W +0.1%  45%W -0.3%  45%W -0.2%  30%W -0.4%       -3.9% → +3.0%
Pre-session top-2 (9:25, 20d EOD win rate) — 2018-11-02  OR: 09:30/3b
  #1 CHTR   +15m 50%W +0.0%  +30m 55%W +0.0%  +1h 60%W +0.1%  +2h 55%W +0.3%  +5h 75%W +0.8%  EOD 55%W +0.4%  EOD range -4.2% → +3.4%
  #2 LLY    +15m 70%W +0.1%  +30m 60%W +0.1%  +1h 60%W +0.1%  +2h 55%W +0.0%  +5h 40%W -0.1%  EOD 50%W +0.0%  EOD range -3.9% → +2.5%
  Ticker   N          +15m          +30m           +1h           +2h           +5h           EOD           EOD range
  ----------------------------------------------------------------------------------------------------------------------
  CHTR    20  50%W +0.0%  55%W +0.0%  60%W +0.1%  55%W +0.3%  75%W +0.8%  55%W +0.4%       -4.2% → +3.4%
  LLY     20  70%W +0.1%  60%W +0.1%  60%W +0.1%  55%W +0.0%  40%W -0.1%  50%W +0.0%       -3.9% → +2.5%
  META    20  45%W -0.0%  35%W -0.2%  35%W -0.3%  40%W -0.3%  40%W -0.6%  45%W -0.7%       -4.6% → +4.0%
  MRVL    20  45%W -0.1%  25%W -0.3%  30%W -0.5%  45%W -0.1%  50%W -0.3%  45%W -0.7%       -3.4% → +6.2%
  TSLA    20  40%W -0.3%  35%W -0.7%  35%W -0.4%  50%W -0.3%  55%W +0.4%  45%W -0.3%       -5.6% → +7.3%
  AMD     20  45%W -0.4%  30%W -1.1%  35%W -0.6%  45%W -0.4%  40%W -1.8%  45%W -1.6%     -11.4% → +11.5%
  SNPS    20  30%W -0.1%  15%W -0.3%  25%W -0.4%  40%W -0.3%  40%W -0.4%  45%W -0.5%       -4.2% → +3.3%
  MU      20  35%W -0.2%  25%W -0.8%  40%W -0.7%  35%W -0.3%  40%W -0.7%  40%W -0.6%       -6.9% → +6.5%
  SPOT    20  50%W +0.2%  35%W -0.5%  50%W -0.1%  45%W -0.7%  35%W -0.5%  35%W -0.5%       -4.9% → +7.9%
  QCOM    20  35%W -0.1%  40%W -0.2%  50%W -0.0%  45%W -0.1%  35%W -0.3%  35%W -0.4%       -5.1% → +2.5%
  AVGO    20  50%W +0.0%  45%W -0.2%  50%W +0.1%  50%W +0.0%  45%W -0.2%  35%W -0.4%       -3.9% → +3.0%
Pre-session top-2 (9:25, 20d EOD win rate) — 2018-11-05  OR: 09:30/3b
  #1 CHTR   +15m 50%W +0.0%  +30m 55%W +0.0%  +1h 60%W +0.1%  +2h 55%W +0.3%  +5h 75%W +0.8%  EOD 55%W +0.4%  EOD range -4.2% → +3.4%
  #2 MRVL   +15m 45%W -0.1%  +30m 25%W -0.3%  +1h 30%W -0.5%  +2h 45%W -0.1%  +5h 55%W +0.1%  EOD 50%W -0.2%  EOD range -3.0% → +6.2%
  Ticker   N          +15m          +30m           +1h           +2h           +5h           EOD           EOD range
  ----------------------------------------------------------------------------------------------------------------------
  CHTR    20  50%W +0.0%  55%W +0.0%  60%W +0.1%  55%W +0.3%  75%W +0.8%  55%W +0.4%       -4.2% → +3.4%
  MRVL    20  45%W -0.1%  25%W -0.3%  30%W -0.5%  45%W -0.1%  55%W +0.1%  50%W -0.2%       -3.0% → +6.2%
  META    20  45%W -0.0%  35%W -0.2%  35%W -0.3%  40%W -0.3%  40%W -0.6%  45%W -0.7%       -4.6% → +4.0%
  TSLA    20  40%W -0.3%  35%W -0.9%  35%W -0.4%  50%W -0.3%  55%W +0.4%  45%W -0.3%       -5.6% → +7.3%
  AMD     20  45%W -0.4%  30%W -1.2%  35%W -0.8%  45%W -0.4%  40%W -1.9%  45%W -1.6%     -11.4% → +11.5%
  SNPS    20  30%W -0.1%  15%W -0.3%  25%W -0.4%  40%W -0.3%  40%W -0.4%  45%W -0.5%       -4.2% → +3.3%
  LLY     20  65%W +0.0%  55%W +0.0%  55%W +0.1%  50%W +0.0%  40%W -0.1%  45%W -0.3%       -3.9% → +2.5%
  MU      20  35%W -0.2%  25%W -0.8%  40%W -0.7%  35%W -0.3%  40%W -0.7%  40%W -0.6%       -6.9% → +6.5%
  SPOT    20  50%W +0.2%  35%W -0.6%  50%W -0.1%  45%W -0.7%  35%W -0.5%  35%W -0.5%       -4.9% → +7.9%
  QCOM    20  35%W -0.1%  40%W -0.2%  50%W -0.0%  45%W -0.1%  35%W -0.3%  35%W -0.4%       -5.1% → +2.5%
  AVGO    20  50%W +0.0%  45%W -0.2%  50%W +0.1%  50%W +0.0%  45%W -0.2%  35%W -0.4%       -3.9% → +3.0%
Pre-session top-2 (9:25, 20d EOD win rate) — 2018-11-06  OR: 09:30/3b
  #1 CHTR   +15m 50%W -0.1%  +30m 55%W +0.0%  +1h 60%W +0.1%  +2h 55%W +0.4%  +5h 75%W +0.9%  EOD 55%W +0.4%  EOD range -4.2% → +3.4%
  #2 MRVL   +15m 40%W -0.1%  +30m 25%W -0.3%  +1h 30%W -0.5%  +2h 45%W -0.1%  +5h 55%W +0.1%  EOD 50%W -0.2%  EOD range -3.0% → +6.2%
  Ticker   N          +15m          +30m           +1h           +2h           +5h           EOD           EOD range
  ----------------------------------------------------------------------------------------------------------------------
  CHTR    20  50%W -0.1%  55%W +0.0%  60%W +0.1%  55%W +0.4%  75%W +0.9%  55%W +0.4%       -4.2% → +3.4%
  MRVL    20  40%W -0.1%  25%W -0.3%  30%W -0.5%  45%W -0.1%  55%W +0.1%  50%W -0.2%       -3.0% → +6.2%
  TSLA    20  40%W -0.6%  35%W -0.9%  35%W -0.4%  55%W +0.3%  60%W +0.6%  50%W +0.1%       -2.9% → +7.3%
  AMD     20  40%W -0.6%  25%W -1.4%  35%W -0.9%  45%W -0.4%  45%W -1.6%  50%W -0.6%     -11.4% → +11.5%
  SNPS    20  30%W -0.1%  15%W -0.3%  25%W -0.4%  40%W -0.3%  45%W -0.2%  50%W -0.2%       -4.2% → +3.3%
  META    20  40%W -0.1%  30%W -0.2%  30%W -0.4%  40%W -0.3%  40%W -0.6%  45%W -0.7%       -4.6% → +4.0%
  MU      20  30%W -0.3%  20%W -0.8%  35%W -0.7%  35%W -0.3%  45%W -0.4%  45%W -0.3%       -6.9% → +6.5%
  LLY     20  65%W +0.0%  55%W +0.0%  55%W +0.1%  50%W +0.0%  40%W -0.1%  45%W -0.3%       -3.9% → +2.5%
  QCOM    20  30%W -0.1%  40%W -0.2%  55%W +0.1%  50%W +0.0%  40%W -0.1%  40%W -0.3%       -5.1% → +2.5%
  AVGO    20  50%W -0.0%  45%W -0.3%  50%W +0.1%  50%W +0.0%  50%W -0.0%  40%W -0.3%       -3.9% → +3.0%
  SPOT    20  45%W -0.1%  35%W -0.6%  50%W -0.1%  50%W -0.3%  35%W -0.5%  35%W -0.5%       -4.9% → +7.9%
Pre-session top-2 (9:25, 20d EOD win rate) — 2018-11-07  OR: 09:30/3b
  #1 CHTR   +15m 45%W -0.1%  +30m 50%W -0.0%  +1h 55%W +0.1%  +2h 50%W +0.1%  +5h 70%W +0.7%  EOD 50%W +0.1%  EOD range -4.2% → +3.4%
  #2 AMD    +15m 45%W -0.4%  +30m 25%W -1.2%  +1h 35%W -0.9%  +2h 45%W -0.4%  +5h 45%W -1.6%  EOD 50%W -0.6%  EOD range -11.4% → +11.5%
  Ticker   N          +15m          +30m           +1h           +2h           +5h           EOD           EOD range
  ----------------------------------------------------------------------------------------------------------------------
  CHTR    20  45%W -0.1%  50%W -0.0%  55%W +0.1%  50%W +0.1%  70%W +0.7%  50%W +0.1%       -4.2% → +3.4%
  AMD     20  45%W -0.4%  25%W -1.2%  35%W -0.9%  45%W -0.4%  45%W -1.6%  50%W -0.6%     -11.4% → +11.5%
  SNPS    20  30%W -0.1%  15%W -0.3%  25%W -0.5%  40%W -0.3%  45%W -0.2%  50%W +0.0%       -4.2% → +3.3%
  META    20  35%W -0.1%  25%W -0.2%  25%W -0.5%  40%W -0.4%  40%W -0.9%  45%W -0.4%       -4.6% → +4.0%
  MU      20  25%W -0.3%  20%W -0.8%  30%W -0.7%  30%W -0.3%  45%W -0.4%  45%W -0.5%       -6.9% → +6.5%
  MRVL    20  35%W -0.3%  25%W -0.4%  25%W -0.6%  40%W -0.2%  50%W -0.1%  45%W -0.7%       -3.0% → +6.2%
  TSLA    20  40%W -0.6%  35%W -0.9%  35%W -0.4%  55%W +0.3%  60%W +0.6%  45%W -0.2%       -2.9% → +7.3%
  SPOT    20  45%W -0.1%  35%W -0.6%  45%W -0.2%  45%W -0.7%  40%W -0.3%  40%W -0.4%       -4.9% → +7.9%
  LLY     20  60%W +0.0%  50%W -0.0%  50%W +0.0%  45%W -0.1%  35%W -0.3%  40%W -0.4%       -3.9% → +2.5%
  QCOM    20  30%W -0.1%  35%W -0.2%  50%W -0.0%  45%W -0.1%  40%W -0.3%  40%W -0.3%       -5.1% → +2.5%
  AVGO    20  45%W -0.2%  40%W -0.5%  45%W -0.0%  50%W -0.1%  50%W -0.0%  40%W -0.3%       -3.9% → +3.0%
Pre-session top-2 (9:25, 20d EOD win rate) — 2018-11-08  OR: 09:30/3b
  #1 CHTR   +15m 50%W -0.1%  +30m 55%W +0.0%  +1h 60%W +0.1%  +2h 55%W +0.4%  +5h 75%W +0.9%  EOD 55%W +0.4%  EOD range -4.2% → +3.4%
  #2 AMD    +15m 50%W -0.1%  +30m 30%W -1.1%  +1h 40%W -0.8%  +2h 50%W -0.0%  +5h 50%W -0.6%  EOD 55%W +0.3%  EOD range -11.4% → +11.5%
  Ticker   N          +15m          +30m           +1h           +2h           +5h           EOD           EOD range
  ----------------------------------------------------------------------------------------------------------------------
  CHTR    20  50%W -0.1%  55%W +0.0%  60%W +0.1%  55%W +0.4%  75%W +0.9%  55%W +0.4%       -4.2% → +3.4%
  AMD     20  50%W -0.1%  30%W -1.1%  40%W -0.8%  50%W -0.0%  50%W -0.6%  55%W +0.3%     -11.4% → +11.5%
  SNPS    20  35%W -0.1%  20%W -0.3%  30%W -0.4%  45%W -0.2%  50%W -0.0%  55%W +0.3%       -4.2% → +3.3%
  MU      20  30%W -0.3%  25%W -0.8%  30%W -0.7%  30%W -0.3%  45%W -0.4%  50%W -0.1%       -6.9% → +6.5%
  MRVL    20  40%W -0.1%  30%W -0.3%  30%W -0.5%  45%W -0.1%  55%W +0.1%  50%W -0.2%       -3.0% → +6.2%
  META    20  35%W -0.1%  30%W -0.2%  30%W -0.4%  40%W -0.4%  40%W -0.9%  45%W -0.4%       -4.6% → +4.0%
  TSLA    20  45%W -0.3%  40%W -0.6%  40%W -0.3%  55%W +0.3%  60%W +0.6%  45%W -0.2%       -2.9% → +7.3%
  LLY     20  60%W +0.0%  50%W -0.0%  55%W +0.1%  50%W +0.0%  40%W -0.1%  45%W -0.3%       -3.9% → +2.5%
  QCOM    20  35%W -0.1%  40%W -0.2%  55%W +0.1%  50%W +0.0%  40%W -0.3%  45%W -0.2%       -5.1% → +2.5%
  AVGO    20  50%W -0.0%  45%W -0.3%  50%W +0.1%  55%W +0.2%  55%W +0.2%  45%W -0.3%       -3.2% → +3.0%
  SPOT    20  45%W -0.1%  35%W -0.6%  45%W -0.2%  45%W -0.7%  40%W -0.2%  40%W -0.2%       -4.5% → +7.9%
Pre-session top-2 (9:25, 20d EOD win rate) — 2018-11-09  OR: 09:30/3b
  #1 SNPS   +15m 35%W -0.1%  +30m 25%W -0.2%  +1h 35%W -0.3%  +2h 50%W -0.1%  +5h 55%W +0.2%  EOD 60%W +0.6%  EOD range -4.2% → +3.3%
  #2 CHTR   +15m 50%W -0.0%  +30m 60%W +0.1%  +1h 60%W +0.1%  +2h 55%W +0.4%  +5h 75%W +0.9%  EOD 55%W +0.4%  EOD range -4.2% → +3.4%
  Ticker   N          +15m          +30m           +1h           +2h           +5h           EOD           EOD range
  ----------------------------------------------------------------------------------------------------------------------
  SNPS    20  35%W -0.1%  25%W -0.2%  35%W -0.3%  50%W -0.1%  55%W +0.2%  60%W +0.6%       -4.2% → +3.3%
  CHTR    20  50%W -0.0%  60%W +0.1%  60%W +0.1%  55%W +0.4%  75%W +0.9%  55%W +0.4%       -4.2% → +3.4%
  AMD     20  55%W +0.1%  30%W -1.1%  40%W -0.8%  50%W -0.0%  50%W -0.6%  55%W +0.3%     -11.4% → +11.5%
  MU      20  35%W -0.3%  25%W -0.8%  30%W -0.4%  30%W -0.4%  45%W -0.4%  50%W -0.1%       -6.9% → +6.5%
  LLY     20  65%W +0.0%  55%W +0.0%  60%W +0.1%  55%W +0.1%  45%W -0.1%  50%W -0.0%       -3.9% → +2.5%
  AVGO    20  50%W -0.0%  45%W -0.3%  50%W +0.1%  55%W +0.2%  60%W +0.3%  50%W -0.0%       -3.2% → +3.0%
  MRVL    20  35%W -0.2%  30%W -0.3%  30%W -0.5%  45%W -0.2%  55%W +0.1%  45%W -0.7%       -3.0% → +6.2%
  TSLA    20  50%W +0.0%  40%W -0.5%  40%W -0.3%  55%W +0.3%  60%W +0.6%  45%W -0.2%       -2.9% → +7.3%
  QCOM    20  30%W -0.1%  40%W -0.2%  60%W +0.2%  50%W +0.0%  40%W -0.3%  45%W -0.2%       -5.1% → +2.5%
  META    20  35%W -0.1%  30%W -0.2%  30%W -0.4%  35%W -0.6%  40%W -1.2%  40%W -0.4%       -4.6% → +4.0%
  SPOT    20  45%W -0.1%  35%W -0.8%  45%W -0.3%  40%W -0.8%  35%W -0.3%  35%W -0.4%       -4.5% → +7.9%
Pre-session top-2 (9:25, 20d EOD win rate) — 2018-11-12  OR: 09:30/3b
  #1 AMD    +15m 55%W +0.0%  +30m 30%W -1.1%  +1h 40%W -0.8%  +2h 50%W +0.0%  +5h 55%W +0.4%  EOD 55%W +0.6%  EOD range -11.4% → +11.5%
  #2 SNPS   +15m 30%W -0.1%  +30m 20%W -0.3%  +1h 35%W -0.3%  +2h 50%W -0.2%  +5h 50%W +0.0%  EOD 55%W +0.3%  EOD range -4.2% → +3.3%
  Ticker   N          +15m          +30m           +1h           +2h           +5h           EOD           EOD range
  ----------------------------------------------------------------------------------------------------------------------
  AMD     20  55%W +0.0%  30%W -1.1%  40%W -0.8%  50%W +0.0%  55%W +0.4%  55%W +0.6%     -11.4% → +11.5%
  SNPS    20  30%W -0.1%  20%W -0.3%  35%W -0.3%  50%W -0.2%  50%W +0.0%  55%W +0.3%       -4.2% → +3.3%
  AVGO    20  50%W -0.1%  45%W -0.3%  55%W +0.2%  60%W +0.5%  65%W +0.5%  55%W +0.3%       -3.2% → +3.0%
  MU      20  35%W -0.3%  25%W -0.8%  30%W -0.6%  30%W -0.4%  45%W -0.2%  50%W +0.3%       -6.9% → +6.5%
  MRVL    20  40%W -0.1%  30%W -0.2%  35%W -0.5%  50%W -0.0%  60%W +0.2%  50%W -0.2%       -3.0% → +6.2%
  CHTR    20  50%W -0.0%  55%W +0.1%  55%W +0.1%  50%W +0.1%  70%W +0.9%  50%W +0.1%       -4.2% → +3.4%
  TSLA    20  55%W +0.3%  45%W -0.2%  45%W -0.2%  60%W +0.4%  65%W +0.6%  50%W +0.2%       -2.9% → +7.3%
  LLY     20  65%W +0.0%  55%W +0.0%  60%W +0.1%  55%W +0.1%  45%W -0.1%  50%W -0.0%       -3.9% → +2.5%
  QCOM    20  30%W -0.1%  40%W -0.2%  60%W +0.2%  50%W +0.0%  40%W -0.3%  45%W -0.2%       -5.1% → +2.5%
  META    20  35%W -0.1%  35%W -0.2%  30%W -0.3%  35%W -0.5%  40%W -1.2%  40%W -0.4%       -4.6% → +4.0%
  SPOT    20  45%W -0.1%  40%W -0.8%  50%W -0.1%  45%W -0.7%  40%W -0.2%  40%W -0.2%       -4.5% → +7.9%
Pre-session top-2 (9:25, 20d EOD win rate) — 2018-11-13  OR: 09:30/3b
  #1 CHTR   +15m 55%W +0.1%  +30m 60%W +0.1%  +1h 55%W +0.1%  +2h 50%W +0.2%  +5h 70%W +1.0%  EOD 55%W +0.4%  EOD range -4.2% → +3.4%
  #2 SNPS   +15m 30%W -0.1%  +30m 20%W -0.2%  +1h 35%W -0.3%  +2h 45%W -0.4%  +5h 45%W -0.2%  EOD 55%W +0.3%  EOD range -4.2% → +3.3%
  Ticker   N          +15m          +30m           +1h           +2h           +5h           EOD           EOD range
  ----------------------------------------------------------------------------------------------------------------------
  CHTR    20  55%W +0.1%  60%W +0.1%  55%W +0.1%  50%W +0.2%  70%W +1.0%  55%W +0.4%       -4.2% → +3.4%
  SNPS    20  30%W -0.1%  20%W -0.2%  35%W -0.3%  45%W -0.4%  45%W -0.2%  55%W +0.3%       -4.2% → +3.3%
  MRVL    20  40%W -0.1%  30%W -0.2%  35%W -0.6%  45%W -0.2%  60%W +0.1%  50%W -0.1%       -3.0% → +6.2%
  TSLA    20  60%W +0.4%  50%W +0.1%  45%W -0.2%  60%W +0.4%  60%W +0.5%  50%W +0.2%       -4.1% → +7.3%
  AMD     20  55%W +0.0%  30%W -1.1%  40%W -0.8%  45%W -0.7%  50%W -0.6%  50%W -0.3%     -11.4% → +11.5%
  AVGO    20  50%W -0.1%  45%W -0.4%  50%W +0.1%  55%W +0.2%  60%W +0.3%  50%W +0.1%       -3.2% → +3.0%
  MU      20  35%W -0.3%  25%W -0.8%  30%W -0.9%  25%W -0.4%  40%W -0.3%  45%W -0.6%       -6.9% → +6.5%
  LLY     20  65%W +0.0%  55%W +0.0%  60%W +0.1%  50%W +0.0%  45%W -0.1%  45%W -0.2%       -3.9% → +2.5%
  QCOM    20  30%W -0.1%  40%W -0.2%  55%W +0.1%  45%W -0.1%  35%W -0.5%  45%W -0.2%       -5.1% → +2.5%
  SPOT    20  45%W -0.1%  40%W -0.8%  50%W -0.1%  40%W -0.8%  40%W -0.2%  40%W -0.2%       -4.5% → +7.9%
  META    20  35%W -0.2%  40%W -0.1%  30%W -0.4%  30%W -0.7%  35%W -1.2%  35%W -0.7%       -4.6% → +4.0%
Pre-session top-2 (9:25, 20d EOD win rate) — 2018-11-14  OR: 09:30/3b
  #1 CHTR   +15m 55%W +0.1%  +30m 60%W +0.1%  +1h 55%W +0.1%  +2h 50%W +0.2%  +5h 70%W +0.9%  EOD 50%W +0.1%  EOD range -4.2% → +3.4%
  #2 AMD    +15m 50%W -0.2%  +30m 30%W -1.1%  +1h 40%W -0.8%  +2h 45%W -0.7%  +5h 50%W -0.6%  EOD 50%W -0.3%  EOD range -11.4% → +11.5%
  Ticker   N          +15m          +30m           +1h           +2h           +5h           EOD           EOD range
  ----------------------------------------------------------------------------------------------------------------------
  CHTR    20  55%W +0.1%  60%W +0.1%  55%W +0.1%  50%W +0.2%  70%W +0.9%  50%W +0.1%       -4.2% → +3.4%
  AMD     20  50%W -0.2%  30%W -1.1%  40%W -0.8%  45%W -0.7%  50%W -0.6%  50%W -0.3%     -11.4% → +11.5%
  SNPS    20  25%W -0.3%  15%W -0.3%  30%W -0.4%  45%W -0.4%  40%W -0.3%  50%W +0.0%       -4.2% → +3.3%
  AVGO    20  50%W -0.1%  45%W -0.4%  55%W +0.2%  55%W +0.2%  55%W +0.2%  50%W +0.0%       -3.2% → +3.0%
  MRVL    20  40%W -0.1%  30%W -0.2%  35%W -0.5%  50%W -0.0%  55%W +0.0%  45%W -0.6%       -3.0% → +6.2%
  TSLA    20  55%W +0.3%  50%W +0.1%  50%W +0.1%  60%W +0.5%  60%W +0.3%  45%W -0.1%       -4.1% → +7.3%
  MU      20  35%W -0.3%  25%W -0.8%  30%W -0.6%  30%W -0.4%  35%W -0.5%  40%W -0.8%       -6.9% → +6.5%
  LLY     20  60%W +0.0%  60%W +0.1%  60%W +0.1%  50%W +0.0%  40%W -0.1%  40%W -0.3%       -3.9% → +2.5%
  QCOM    20  25%W -0.2%  35%W -0.2%  50%W -0.0%  45%W -0.1%  30%W -0.6%  40%W -0.5%       -5.1% → +2.5%
  SPOT    20  45%W -0.3%  40%W -0.5%  50%W -0.1%  40%W -0.8%  35%W -0.5%  35%W -0.5%       -4.5% → +7.9%
  META    20  30%W -0.2%  40%W -0.1%  30%W -0.4%  30%W -0.7%  30%W -1.2%  30%W -0.7%       -4.6% → +4.0%
Pre-session top-2 (9:25, 20d EOD win rate) — 2018-11-15  OR: 09:30/3b
  #1 AMD    +15m 50%W -0.0%  +30m 30%W -1.0%  +1h 45%W -0.5%  +2h 50%W +0.0%  +5h 55%W +0.2%  EOD 55%W +1.1%  EOD range -11.4% → +11.5%
  #2 AVGO   +15m 55%W +0.1%  +30m 45%W -0.4%  +1h 55%W +0.2%  +2h 55%W +0.2%  +5h 55%W +0.2%  EOD 50%W +0.0%  EOD range -3.2% → +3.0%
  Ticker   N          +15m          +30m           +1h           +2h           +5h           EOD           EOD range
  ----------------------------------------------------------------------------------------------------------------------
  AMD     20  50%W -0.0%  30%W -1.0%  45%W -0.5%  50%W +0.0%  55%W +0.2%  55%W +1.1%     -11.4% → +11.5%
  AVGO    20  55%W +0.1%  45%W -0.4%  55%W +0.2%  55%W +0.2%  55%W +0.2%  50%W +0.0%       -3.2% → +3.0%
  CHTR    20  55%W +0.1%  55%W +0.1%  55%W +0.1%  45%W -0.1%  65%W +0.7%  45%W -0.2%       -4.2% → +3.4%
  TSLA    20  55%W +0.3%  50%W +0.1%  50%W +0.1%  60%W +0.5%  60%W +0.3%  45%W -0.1%       -4.1% → +7.3%
  SNPS    20  25%W -0.3%  15%W -0.3%  30%W -0.3%  45%W -0.4%  40%W -0.4%  45%W -0.3%       -4.2% → +3.3%
  MU      20  35%W -0.3%  25%W -0.7%  30%W -0.6%  30%W -0.4%  35%W -0.5%  40%W -0.8%       -6.9% → +6.5%
  MRVL    20  40%W -0.1%  30%W -0.2%  35%W -0.5%  50%W -0.0%  50%W -0.1%  40%W -0.7%       -3.0% → +6.2%
  SPOT    20  45%W -0.3%  40%W -0.5%  50%W -0.1%  40%W -0.8%  35%W -0.5%  35%W -0.5%       -4.5% → +7.9%
  LLY     20  55%W +0.0%  60%W +0.1%  60%W +0.1%  45%W -0.1%  35%W -0.3%  35%W -0.4%       -3.9% → +2.5%
  QCOM    20  25%W -0.2%  35%W -0.2%  50%W -0.0%  45%W -0.2%  30%W -0.6%  35%W -0.7%       -5.1% → +2.5%
  META    20  30%W -0.2%  40%W -0.1%  30%W -0.4%  25%W -0.8%  30%W -1.2%  25%W -0.7%       -4.6% → +4.0%
Pre-session top-2 (9:25, 20d EOD win rate) — 2018-11-16  OR: 09:30/3b
  #1 AMD    +15m 50%W -0.0%  +30m 30%W -0.8%  +1h 45%W -0.5%  +2h 50%W +0.0%  +5h 60%W +0.4%  EOD 60%W +1.3%  EOD range -11.4% → +11.5%
  #2 AVGO   +15m 55%W +0.1%  +30m 45%W -0.4%  +1h 55%W +0.2%  +2h 60%W +0.6%  +5h 60%W +0.3%  EOD 55%W +0.3%  EOD range -2.7% → +3.0%
  Ticker   N          +15m          +30m           +1h           +2h           +5h           EOD           EOD range
  ----------------------------------------------------------------------------------------------------------------------
  AMD     20  50%W -0.0%  30%W -0.8%  45%W -0.5%  50%W +0.0%  60%W +0.4%  60%W +1.3%     -11.4% → +11.5%
  AVGO    20  55%W +0.1%  45%W -0.4%  55%W +0.2%  60%W +0.6%  60%W +0.3%  55%W +0.3%       -2.7% → +3.0%
  TSLA    20  55%W +0.3%  50%W +0.1%  50%W +0.1%  65%W +0.5%  65%W +0.5%  50%W +0.3%       -4.1% → +7.3%
  SNPS    20  30%W -0.3%  20%W -0.3%  35%W -0.3%  50%W -0.2%  45%W -0.3%  50%W +0.2%       -4.2% → +3.3%
  MU      20  40%W -0.2%  30%W -0.7%  35%W -0.3%  35%W -0.3%  40%W -0.3%  45%W -0.3%       -6.9% → +6.5%
  MRVL    20  40%W -0.1%  35%W -0.2%  35%W -0.5%  50%W -0.0%  55%W +0.0%  45%W -0.6%       -3.0% → +6.2%
  CHTR    20  50%W -0.0%  50%W +0.0%  50%W -0.1%  45%W -0.2%  60%W +0.4%  40%W -0.2%       -4.2% → +3.4%
  SPOT    20  45%W -0.2%  45%W -0.2%  55%W +0.1%  40%W -0.7%  40%W -0.2%  40%W -0.2%       -4.5% → +7.9%
  QCOM    20  20%W -0.3%  30%W -0.2%  45%W -0.1%  50%W -0.1%  35%W -0.6%  40%W -0.5%       -5.1% → +2.5%
  LLY     20  50%W +0.0%  55%W +0.1%  55%W +0.1%  45%W -0.1%  40%W -0.3%  35%W -0.4%       -3.9% → +2.7%
  META    20  30%W -0.2%  40%W -0.1%  30%W -0.4%  25%W -0.8%  35%W -1.0%  30%W -0.5%       -4.6% → +4.0%
Pre-session top-2 (9:25, 20d EOD win rate) — 2018-11-19  OR: 09:30/3b
  #1 AMD    +15m 50%W -0.0%  +30m 35%W -0.6%  +1h 50%W -0.0%  +2h 55%W +0.3%  +5h 65%W +0.5%  EOD 65%W +1.5%  EOD range -5.8% → +11.5%
  #2 AVGO   +15m 55%W +0.1%  +30m 45%W -0.4%  +1h 55%W +0.2%  +2h 60%W +0.8%  +5h 60%W +0.6%  EOD 60%W +0.6%  EOD range -2.7% → +3.0%
  Ticker   N          +15m          +30m           +1h           +2h           +5h           EOD           EOD range
  ----------------------------------------------------------------------------------------------------------------------
  AMD     20  50%W -0.0%  35%W -0.6%  50%W -0.0%  55%W +0.3%  65%W +0.5%  65%W +1.5%      -5.8% → +11.5%
  AVGO    20  55%W +0.1%  45%W -0.4%  55%W +0.2%  60%W +0.8%  60%W +0.6%  60%W +0.6%       -2.7% → +3.0%
  TSLA    20  60%W +0.4%  55%W +0.4%  55%W +0.3%  65%W +0.5%  70%W +0.7%  55%W +0.7%       -4.1% → +7.3%
  MU      20  40%W -0.3%  30%W -0.7%  35%W -0.3%  35%W -0.3%  40%W -0.1%  50%W -0.0%       -6.9% → +6.5%
  MRVL    20  40%W -0.1%  35%W -0.2%  40%W -0.5%  55%W +0.1%  60%W +0.1%  50%W -0.2%       -3.0% → +6.2%
  SNPS    20  35%W -0.3%  20%W -0.3%  35%W -0.2%  50%W -0.2%  45%W -0.2%  50%W +0.2%       -4.2% → +3.3%
  CHTR    20  50%W -0.0%  50%W +0.0%  50%W -0.0%  45%W -0.2%  60%W +0.7%  45%W -0.2%       -4.2% → +3.4%
  SPOT    20  45%W -0.2%  45%W -0.2%  55%W +0.1%  45%W -0.5%  40%W -0.2%  40%W -0.2%       -4.5% → +7.9%
  LLY     20  50%W +0.0%  60%W +0.1%  55%W +0.1%  45%W -0.1%  45%W -0.1%  40%W -0.3%       -3.9% → +2.7%
  QCOM    20  25%W -0.3%  30%W -0.2%  45%W -0.1%  50%W -0.0%  40%W -0.5%  40%W -0.3%       -5.1% → +2.5%
  META    20  25%W -0.2%  40%W -0.1%  35%W -0.3%  25%W -0.8%  35%W -0.7%  30%W -0.4%       -4.6% → +4.0%
Pre-session top-2 (9:25, 20d EOD win rate) — 2018-11-20  OR: 09:30/3b
  #1 AMD    +15m 50%W -0.0%  +30m 35%W -0.6%  +1h 45%W -0.6%  +2h 50%W -0.1%  +5h 60%W +0.3%  EOD 60%W +1.5%  EOD range -5.8% → +11.5%
  #2 AVGO   +15m 55%W +0.1%  +30m 45%W -0.4%  +1h 50%W +0.1%  +2h 60%W +0.8%  +5h 60%W +0.6%  EOD 60%W +0.6%  EOD range -3.2% → +3.0%
  Ticker   N          +15m          +30m           +1h           +2h           +5h           EOD           EOD range
  ----------------------------------------------------------------------------------------------------------------------
  AMD     20  50%W -0.0%  35%W -0.6%  45%W -0.6%  50%W -0.1%  60%W +0.3%  60%W +1.5%      -5.8% → +11.5%
  AVGO    20  55%W +0.1%  45%W -0.4%  50%W +0.1%  60%W +0.8%  60%W +0.6%  60%W +0.6%       -3.2% → +3.0%
  TSLA    20  65%W +0.4%  60%W +0.5%  55%W +0.3%  65%W +0.5%  65%W +0.5%  50%W +0.3%       -4.1% → +7.3%
  MU      20  40%W -0.4%  30%W -0.7%  30%W -0.4%  30%W -0.4%  35%W -0.3%  45%W -0.3%       -6.9% → +6.5%
  MRVL    20  40%W -0.2%  35%W -0.3%  35%W -0.6%  50%W -0.0%  55%W +0.0%  45%W -0.6%       -3.5% → +6.2%
  CHTR    20  55%W +0.1%  50%W +0.0%  50%W -0.3%  45%W -0.3%  60%W +0.7%  45%W -0.2%       -4.2% → +3.4%
  SNPS    20  35%W -0.4%  20%W -0.3%  30%W -0.3%  45%W -0.4%  40%W -0.3%  45%W -0.3%       -4.2% → +3.3%
  LLY     20  55%W +0.0%  65%W +0.2%  60%W +0.1%  45%W -0.1%  50%W -0.0%  45%W -0.2%       -3.9% → +2.7%
  SPOT    20  45%W -0.2%  45%W -0.2%  50%W -0.1%  45%W -0.5%  40%W -0.3%  40%W -0.2%       -4.5% → +7.9%
  QCOM    20  30%W -0.3%  30%W -0.2%  45%W -0.1%  50%W -0.0%  35%W -0.7%  35%W -0.6%       -5.1% → +2.5%
  META    20  25%W -0.3%  35%W -0.1%  30%W -0.3%  20%W -1.0%  30%W -1.0%  30%W -0.5%       -4.6% → +4.0%
Pre-session top-2 (9:25, 20d EOD win rate) — 2018-11-21  OR: 09:30/3b
  #1 AMD    +15m 55%W +0.1%  +30m 40%W -0.4%  +1h 50%W -0.2%  +2h 55%W +0.3%  +5h 60%W +0.3%  EOD 60%W +1.7%  EOD range -5.8% → +11.5%
  #2 AVGO   +15m 60%W +0.1%  +30m 50%W -0.2%  +1h 50%W +0.1%  +2h 60%W +0.8%  +5h 60%W +0.5%  EOD 60%W +0.6%  EOD range -3.2% → +2.3%
  Ticker   N          +15m          +30m           +1h           +2h           +5h           EOD           EOD range
  ----------------------------------------------------------------------------------------------------------------------
  AMD     20  55%W +0.1%  40%W -0.4%  50%W -0.2%  55%W +0.3%  60%W +0.3%  60%W +1.7%      -5.8% → +11.5%
  AVGO    20  60%W +0.1%  50%W -0.2%  50%W +0.1%  60%W +0.8%  60%W +0.5%  60%W +0.6%       -3.2% → +2.3%
  TSLA    20  60%W +0.4%  55%W +0.4%  55%W +0.3%  65%W +0.5%  65%W +0.4%  50%W +0.3%       -4.1% → +3.9%
  MU      20  45%W -0.3%  35%W -0.6%  35%W -0.3%  35%W -0.4%  35%W -0.3%  45%W -0.3%       -6.9% → +6.5%
  MRVL    20  45%W -0.1%  40%W -0.2%  40%W -0.6%  50%W -0.0%  55%W +0.0%  45%W -0.6%       -3.5% → +6.2%
  SNPS    20  40%W -0.3%  20%W -0.3%  35%W -0.3%  45%W -0.4%  40%W -0.3%  45%W -0.3%       -4.2% → +2.0%
  LLY     20  55%W +0.0%  70%W +0.2%  60%W +0.1%  45%W -0.1%  50%W -0.0%  45%W -0.3%       -3.9% → +2.7%
  CHTR    20  55%W +0.1%  50%W +0.0%  45%W -0.8%  45%W -0.7%  55%W +0.2%  40%W -0.3%       -4.2% → +3.4%
  SPOT    20  50%W +0.1%  50%W -0.1%  50%W -0.1%  45%W -0.5%  40%W -0.3%  40%W -0.2%       -4.5% → +7.9%
  QCOM    20  35%W -0.2%  30%W -0.2%  45%W -0.1%  50%W -0.0%  35%W -0.7%  35%W -0.6%       -5.1% → +2.1%
  META    20  25%W -0.2%  35%W -0.1%  35%W -0.2%  25%W -1.0%  30%W -1.0%  30%W -0.5%       -4.6% → +4.0%
Pre-session top-2 (9:25, 20d EOD win rate) — 2018-11-23  OR: 09:30/3b
  #1 AVGO   +15m 65%W +0.2%  +30m 55%W +0.1%  +1h 55%W +0.3%  +2h 65%W +0.8%  +5h 65%W +0.8%  EOD 65%W +0.7%  EOD range -3.2% → +2.3%
  #2 AMD    +15m 60%W +0.2%  +30m 40%W -0.4%  +1h 50%W -0.4%  +2h 55%W +0.3%  +5h 60%W +0.3%  EOD 60%W +1.7%  EOD range -5.3% → +11.5%
  Ticker   N          +15m          +30m           +1h           +2h           +5h           EOD           EOD range
  ----------------------------------------------------------------------------------------------------------------------
  AVGO    20  65%W +0.2%  55%W +0.1%  55%W +0.3%  65%W +0.8%  65%W +0.8%  65%W +0.7%       -3.2% → +2.3%
  AMD     20  60%W +0.2%  40%W -0.4%  50%W -0.4%  55%W +0.3%  60%W +0.3%  60%W +1.7%      -5.3% → +11.5%
  MRVL    20  50%W +0.1%  40%W -0.2%  40%W -0.6%  50%W -0.0%  60%W +0.1%  50%W -0.2%       -3.5% → +6.2%
  SNPS    20  45%W -0.3%  25%W -0.3%  35%W -0.3%  50%W -0.2%  45%W -0.2%  50%W +0.2%       -3.5% → +2.0%
  MU      20  50%W -0.0%  40%W -0.5%  35%W -0.3%  40%W -0.3%  35%W -0.3%  45%W -0.3%       -5.2% → +6.5%
  TSLA    20  55%W +0.3%  50%W +0.1%  50%W +0.1%  60%W +0.3%  60%W +0.3%  45%W -0.1%       -4.1% → +3.9%
  LLY     20  55%W +0.0%  65%W +0.2%  55%W +0.1%  45%W -0.1%  50%W -0.0%  45%W -0.3%       -1.5% → +2.7%
  CHTR    20  60%W +0.3%  55%W +0.1%  45%W -0.4%  45%W -0.4%  55%W +0.2%  40%W -0.3%       -3.5% → +3.4%
  SPOT    20  45%W -0.2%  50%W -0.1%  50%W -0.1%  45%W -0.1%  40%W -0.1%  40%W -0.2%       -4.5% → +7.9%
  QCOM    20  40%W -0.1%  35%W -0.1%  50%W +0.0%  50%W +0.0%  35%W -0.6%  35%W -0.6%       -2.0% → +2.1%
  META    20  30%W -0.2%  40%W -0.1%  40%W -0.2%  30%W -0.8%  35%W -0.7%  30%W -0.4%       -3.4% → +4.0%
Pre-session top-2 (9:25, 20d EOD win rate) — 2018-11-26  OR: 09:30/3b
  #1 AMD    +15m 60%W +0.3%  +30m 45%W -0.2%  +1h 55%W +0.4%  +2h 55%W +0.3%  +5h 60%W +0.3%  EOD 60%W +1.7%  EOD range -5.3% → +11.5%
  #2 AVGO   +15m 65%W +0.1%  +30m 55%W +0.1%  +1h 50%W +0.1%  +2h 60%W +0.8%  +5h 60%W +0.5%  EOD 60%W +0.5%  EOD range -3.2% → +2.3%
  Ticker   N          +15m          +30m           +1h           +2h           +5h           EOD           EOD range
  ----------------------------------------------------------------------------------------------------------------------
  AMD     20  60%W +0.3%  45%W -0.2%  55%W +0.4%  55%W +0.3%  60%W +0.3%  60%W +1.7%      -5.3% → +11.5%
  AVGO    20  65%W +0.1%  55%W +0.1%  50%W +0.1%  60%W +0.8%  60%W +0.5%  60%W +0.5%       -3.2% → +2.3%
  MRVL    20  50%W +0.1%  45%W -0.1%  45%W -0.6%  55%W +0.1%  58%W +0.0%  50%W +0.0%       -3.5% → +6.2%
  CHTR    20  65%W +0.3%  60%W +0.1%  50%W +0.2%  50%W +0.1%  53%W +0.0%  45%W -0.2%       -3.5% → +3.4%
  TSLA    20  60%W +0.4%  50%W +0.1%  50%W +0.1%  60%W +0.3%  60%W +0.3%  45%W -0.1%       -4.1% → +3.9%
  SNPS    20  50%W -0.1%  25%W -0.3%  35%W -0.3%  50%W -0.1%  42%W -0.2%  45%W -0.2%       -3.5% → +2.0%
  LLY     20  55%W +0.0%  65%W +0.2%  55%W +0.1%  45%W -0.1%  47%W -0.1%  45%W -0.3%       -1.5% → +2.7%
  MU      20  50%W -0.0%  35%W -0.5%  30%W -0.4%  35%W -0.4%  30%W -0.5%  40%W -0.8%       -5.2% → +6.5%
  SPOT    20  40%W -0.3%  50%W -0.1%  45%W -0.3%  40%W -0.5%  42%W -0.1%  40%W -0.4%       -4.5% → +7.9%
  QCOM    20  40%W -0.1%  30%W -0.1%  45%W -0.1%  50%W +0.0%  35%W -0.6%  35%W -0.6%       -2.0% → +2.1%
  META    20  25%W -0.2%  35%W -0.1%  35%W -0.3%  25%W -1.0%  30%W -1.0%  25%W -0.5%       -3.4% → +4.0%
Pre-session top-2 (9:25, 20d EOD win rate) — 2018-11-27  OR: 09:30/3b
  #1 AMD    +15m 65%W +0.3%  +30m 45%W -0.2%  +1h 55%W +0.4%  +2h 55%W +0.3%  +5h 65%W +0.6%  EOD 65%W +2.0%  EOD range -4.8% → +11.5%
  #2 AVGO   +15m 70%W +0.2%  +30m 60%W +0.3%  +1h 50%W +0.1%  +2h 60%W +0.8%  +5h 60%W +0.5%  EOD 60%W +0.5%  EOD range -3.2% → +2.3%
  Ticker   N          +15m          +30m           +1h           +2h           +5h           EOD           EOD range
  ----------------------------------------------------------------------------------------------------------------------
  AMD     20  65%W +0.3%  45%W -0.2%  55%W +0.4%  55%W +0.3%  65%W +0.6%  65%W +2.0%      -4.8% → +11.5%
  AVGO    20  70%W +0.2%  60%W +0.3%  50%W +0.1%  60%W +0.8%  60%W +0.5%  60%W +0.5%       -3.2% → +2.3%
  MRVL    20  50%W +0.1%  45%W -0.1%  50%W -0.3%  50%W +0.0%  63%W +0.1%  55%W +0.2%       -3.5% → +6.2%
  CHTR    20  65%W +0.3%  65%W +0.2%  50%W +0.2%  50%W +0.1%  47%W -0.2%  50%W +0.1%       -3.5% → +3.4%
  SNPS    20  55%W +0.1%  30%W -0.2%  40%W -0.2%  55%W +0.1%  47%W -0.2%  50%W +0.2%       -3.5% → +2.1%
  MU      20  55%W +0.1%  35%W -0.4%  30%W -0.4%  40%W -0.3%  35%W -0.3%  45%W -0.3%       -5.2% → +6.5%
  TSLA    20  60%W +0.4%  50%W +0.1%  55%W +0.3%  60%W +0.3%  60%W +0.3%  45%W -0.1%       -4.1% → +4.9%
  SPOT    20  45%W -0.2%  55%W +0.1%  50%W -0.1%  45%W -0.1%  47%W -0.0%  45%W -0.4%       -4.5% → +7.9%
  LLY     20  60%W +0.1%  70%W +0.2%  55%W +0.1%  45%W -0.1%  47%W -0.1%  45%W -0.3%       -1.5% → +2.7%
  QCOM    20  45%W -0.0%  30%W -0.1%  45%W -0.1%  45%W -0.1%  35%W -0.7%  35%W -0.7%       -2.0% → +2.1%
  META    20  25%W -0.2%  40%W -0.1%  35%W -0.2%  30%W -0.8%  35%W -0.7%  30%W -0.4%       -3.4% → +4.0%
Pre-session top-2 (9:25, 20d EOD win rate) — 2018-11-28  OR: 09:30/3b
  #1 AMD    +15m 65%W +0.3%  +30m 45%W -0.2%  +1h 55%W +0.4%  +2h 55%W +0.6%  +5h 70%W +0.9%  EOD 70%W +2.3%  EOD range -4.8% → +11.5%
  #2 AVGO   +15m 65%W +0.1%  +30m 60%W +0.3%  +1h 50%W +0.1%  +2h 60%W +0.9%  +5h 65%W +0.8%  EOD 65%W +0.8%  EOD range -3.2% → +2.3%
  Ticker   N          +15m          +30m           +1h           +2h           +5h           EOD           EOD range
  ----------------------------------------------------------------------------------------------------------------------
  AMD     20  65%W +0.3%  45%W -0.2%  55%W +0.4%  55%W +0.6%  70%W +0.9%  70%W +2.3%      -4.8% → +11.5%
  AVGO    20  65%W +0.1%  60%W +0.3%  50%W +0.1%  60%W +0.9%  65%W +0.8%  65%W +0.8%       -3.2% → +2.3%
  MRVL    20  50%W +0.1%  45%W -0.1%  50%W -0.3%  50%W +0.0%  68%W +0.2%  60%W +0.6%       -3.5% → +6.2%
  MU      20  55%W +0.1%  35%W -0.4%  30%W -0.4%  45%W -0.3%  40%W -0.1%  50%W -0.0%       -5.2% → +6.5%
  CHTR    20  60%W +0.3%  65%W +0.2%  50%W +0.2%  50%W +0.1%  47%W -0.2%  50%W +0.1%       -3.5% → +3.4%
  TSLA    20  60%W +0.4%  50%W +0.1%  55%W +0.3%  60%W +0.3%  65%W +0.4%  50%W +0.4%       -4.1% → +4.9%
  SNPS    20  55%W +0.1%  35%W -0.2%  45%W -0.1%  55%W +0.1%  47%W -0.2%  50%W +0.2%       -3.5% → +2.1%
  SPOT    20  45%W -0.2%  55%W +0.1%  55%W +0.1%  50%W +0.2%  53%W +0.0%  50%W +0.2%       -4.1% → +7.9%
  LLY     20  55%W +0.0%  70%W +0.2%  55%W +0.1%  45%W -0.1%  53%W +0.1%  50%W -0.1%       -1.5% → +2.7%
  QCOM    20  40%W -0.1%  30%W -0.1%  50%W +0.1%  50%W +0.0%  35%W -0.6%  35%W -0.6%       -2.0% → +2.1%
  META    20  25%W -0.2%  40%W -0.1%  35%W -0.2%  30%W -0.8%  35%W -0.6%  30%W -0.4%       -2.7% → +4.0%
Pre-session top-2 (9:25, 20d EOD win rate) — 2018-11-29  OR: 09:30/3b
  #1 AMD    +15m 65%W +0.3%  +30m 40%W -0.4%  +1h 55%W +0.4%  +2h 50%W -0.2%  +5h 65%W +0.9%  EOD 70%W +2.0%  EOD range -4.8% → +11.5%
  #2 AVGO   +15m 65%W +0.1%  +30m 55%W +0.1%  +1h 45%W -0.0%  +2h 55%W +0.5%  +5h 60%W +0.5%  EOD 65%W +0.5%  EOD range -3.2% → +2.1%
  Ticker   N          +15m          +30m           +1h           +2h           +5h           EOD           EOD range
  ----------------------------------------------------------------------------------------------------------------------
  AMD     20  65%W +0.3%  40%W -0.4%  55%W +0.4%  50%W -0.2%  65%W +0.9%  70%W +2.0%      -4.8% → +11.5%
  AVGO    20  65%W +0.1%  55%W +0.1%  45%W -0.0%  55%W +0.5%  60%W +0.5%  65%W +0.5%       -3.2% → +2.1%
  MRVL    20  45%W -0.1%  45%W -0.3%  50%W -0.3%  50%W +0.0%  68%W +0.2%  60%W +0.6%       -3.5% → +6.2%
  TSLA    20  60%W +0.4%  50%W +0.1%  55%W +0.4%  55%W +0.3%  65%W +0.5%  55%W +0.8%       -4.1% → +4.9%
  MU      20  55%W +0.1%  35%W -0.5%  30%W -0.4%  50%W +0.0%  45%W -0.1%  50%W -0.0%       -5.2% → +6.5%
  CHTR    20  60%W +0.3%  65%W +0.2%  50%W +0.2%  50%W +0.1%  47%W -0.2%  50%W +0.1%       -3.5% → +3.4%
  SNPS    20  55%W +0.1%  40%W -0.2%  50%W -0.0%  55%W +0.1%  53%W +0.2%  50%W +0.2%       -3.5% → +2.6%
  LLY     20  50%W +0.0%  65%W +0.2%  60%W +0.1%  40%W -0.1%  58%W +0.2%  50%W -0.1%       -1.5% → +2.7%
  SPOT    20  40%W -0.2%  50%W -0.1%  50%W -0.1%  45%W -0.1%  47%W -0.0%  45%W -0.4%       -4.1% → +4.6%
  QCOM    20  40%W -0.1%  30%W -0.1%  50%W +0.1%  50%W +0.0%  40%W -0.5%  40%W -0.6%       -2.0% → +2.1%
  META    20  20%W -0.2%  35%W -0.1%  30%W -0.3%  25%W -1.0%  35%W -0.6%  30%W -0.4%       -2.7% → +1.6%
Pre-session top-2 (9:25, 20d EOD win rate) — 2018-11-30  OR: 09:30/3b
  #1 AMD    +15m 60%W +0.3%  +30m 35%W -0.6%  +1h 50%W -0.2%  +2h 50%W -0.2%  +5h 65%W +0.9%  EOD 70%W +1.7%  EOD range -4.8% → +11.5%
  #2 AVGO   +15m 60%W +0.1%  +30m 50%W -0.2%  +1h 45%W -0.0%  +2h 60%W +0.6%  +5h 60%W +0.8%  EOD 70%W +0.5%  EOD range -3.2% → +2.1%
  Ticker   N          +15m          +30m           +1h           +2h           +5h           EOD           EOD range
  ----------------------------------------------------------------------------------------------------------------------
  AMD     20  60%W +0.3%  35%W -0.6%  50%W -0.2%  50%W -0.2%  65%W +0.9%  70%W +1.7%      -4.8% → +11.5%
  AVGO    20  60%W +0.1%  50%W -0.2%  45%W -0.0%  60%W +0.6%  60%W +0.8%  70%W +0.5%       -3.2% → +2.1%
  MRVL    20  40%W -0.2%  40%W -0.4%  45%W -0.5%  50%W +0.0%  68%W +0.2%  60%W +0.4%       -3.5% → +6.2%
  LLY     20  50%W +0.0%  65%W +0.2%  60%W +0.1%  40%W -0.1%  58%W +0.3%  55%W +0.1%       -1.5% → +2.7%
  CHTR    20  60%W +0.3%  65%W +0.2%  50%W +0.2%  50%W +0.1%  47%W -0.2%  50%W +0.1%       -3.5% → +3.4%
  TSLA    20  55%W +0.3%  45%W -0.1%  50%W -0.3%  50%W +0.1%  60%W +0.4%  50%W +0.4%       -4.1% → +4.9%
  MU      20  50%W -0.1%  30%W -0.6%  25%W -0.5%  50%W +0.0%  45%W -0.1%  45%W -0.3%       -5.2% → +6.5%
  SNPS    20  50%W -0.1%  35%W -0.3%  45%W -0.1%  50%W +0.0%  53%W +0.2%  45%W -0.2%       -3.5% → +2.6%
  SPOT    20  40%W -0.2%  45%W -0.3%  45%W -0.2%  45%W -0.1%  47%W -0.0%  45%W -0.4%       -4.1% → +4.6%
  QCOM    20  40%W -0.1%  30%W -0.1%  50%W -0.0%  50%W +0.0%  40%W -0.5%  40%W -0.6%       -2.0% → +2.1%
  META    20  20%W -0.2%  30%W -0.2%  30%W -0.2%  30%W -0.8%  40%W -0.5%  35%W -0.3%       -2.7% → +1.6%

=========================================================================================================================================================================================
Pre-Session Top-2 Performance — 2018-11-01 to 2018-11-30  |  Unconditional OR-close entry  |  OR: 09:30/3b
=========================================================================================================================================================================================
Date         Ticker Rank  At       Entry       +15m       +30m       +45m        +1h     +1h30m        +2h        +3h        +4h        +5h        +6h        +7h        EOD
-----------------------------------------------------------------------------------------------------------------------------------------------------------------------------------------
2018-11-01   CHTR   #1    09:45   322.23    +0.36%W    +0.83%W    +1.99%W    +2.41%W    +2.10%W    +1.76%W    +2.03%W    +1.88%W    +1.39%W    +0.80%W    +0.73%W    +0.73%W
2018-11-01   LLY    #2    09:45   108.34    +0.03%W    -0.09%L    +0.04%W    +0.05%W    -0.12%L    -0.36%L    -0.31%L    -0.55%L    -0.71%L    -0.43%L    -0.44%L    -0.44%L
2018-11-02   CHTR   #1    09:45   320.70    -1.35%L    -1.27%L    -1.60%L    -1.95%L    -2.82%L    -2.52%L    -2.50%L    -1.37%L    -1.26%L    -0.78%L    -0.93%L    -0.93%L
2018-11-02   LLY    #2    09:45   108.03    -0.30%L    -0.12%L    -0.78%L    -0.86%L    -0.91%L    -1.28%L    -1.55%L    -1.56%L    -1.78%L    -1.31%L    -1.18%L    -1.18%L
2018-11-05   CHTR   #1    09:45   318.90    +0.01%W    +0.10%W    +0.72%W    +0.64%W    +1.35%W    +1.28%W    +1.26%W    +1.70%W    +1.98%W    +1.62%W    +1.38%W    +1.38%W
2018-11-05   MRVL   #2    09:45    17.30    -0.69%L    -0.95%L    -1.21%L    -0.87%L    -1.11%L    -1.73%L    -1.58%L    -0.98%L    -0.29%L    -0.64%L    -0.98%L    -0.98%L
2018-11-06   CHTR   #1    09:45   325.35    -0.24%L    -0.06%L    -0.24%L    -0.93%L    -1.50%L    -1.38%L    -2.02%L    -1.27%L    -1.73%L    -1.28%L    -1.44%L    -1.44%L
2018-11-06   MRVL   #2    09:45    17.19    -0.60%L    -0.43%L    -0.20%L    -0.78%L    -1.04%L    -1.30%L    -1.01%L    -1.24%L    -2.26%L    -1.91%L    -2.06%L    -2.06%L
2018-11-07   CHTR   #1    09:45   323.61    +0.26%W    +0.35%W    +0.54%W    +0.78%W    +1.16%W    +1.41%W    +1.39%W    +1.24%W    +1.55%W    +1.38%W    +1.47%W    +1.47%W
2018-11-07   AMD    #2    09:45    21.36    +1.50%W    +1.03%W    +2.76%W    +2.67%W    +2.32%W    +3.39%W    +2.01%W    +1.22%W    +0.70%W    +1.64%W    +2.20%W    +2.20%W
2018-11-08   CHTR   #1    09:45   328.73    -0.11%L    +0.10%W    -0.76%L    -1.13%L    -0.86%L    -0.87%L    -0.51%L    -1.13%L    -1.04%L    -1.31%L    -1.22%L    -1.22%L
2018-11-08   AMD    #2    09:45    21.78    +1.10%W    -1.10%L    -0.70%L    -1.70%L    -2.00%L    -2.25%L    -2.15%L    -2.39%L    -2.36%L    -2.62%L    -2.66%L    -2.66%L
2018-11-09   SNPS   #1    09:45    94.16    -0.44%L    -0.80%L    -0.65%L    -0.19%L    -0.72%L    -0.89%L    -1.01%L    -1.66%L    -1.27%L    -0.78%L    -0.86%L    -0.86%L
2018-11-09   CHTR   #2    09:45   326.32    +0.26%W    -0.47%L    -0.31%L    -0.94%L    -1.53%L    -1.47%L    -2.32%L    -2.76%L    -1.99%L    -1.52%L    -1.61%L    -1.61%L
2018-11-12   AMD    #1    09:45    19.98    -3.47%L    -3.20%L    -2.60%L    -3.99%L    -5.64%L    -3.88%L    -3.20%L    -4.57%L    -3.35%L    -4.03%L    -4.76%L    -4.76%L
2018-11-12   SNPS   #2    09:45    92.18    -0.54%L    -0.26%L    -0.73%L    -0.94%L    -1.99%L    -1.45%L    -1.26%L    -1.64%L    -0.95%L    -2.15%L    -2.66%L    -2.66%L
2018-11-13   CHTR   #1    09:45   325.72    +0.36%W    +0.73%W    +0.05%W    +0.49%W    +1.57%W    +0.56%W    +0.60%W    +0.49%W    +0.04%W    -0.13%L    -0.36%L    -0.36%L
2018-11-13   SNPS   #2    09:45    90.48    -1.05%L    -0.34%L    -0.65%L    -0.55%L    +0.46%W    +0.20%W    +0.01%W    +0.06%W    -0.40%L    -0.38%L    -0.64%L    -0.64%L
2018-11-14   CHTR   #1    09:45   328.14    -0.19%L    -0.62%L    -0.77%L    -0.85%L    -1.01%L    -1.59%L    -1.55%L    -1.77%L    -1.57%L    -2.05%L    -2.24%L    -2.24%L
2018-11-14   AMD    #2    09:45    20.04    -0.10%L    -0.55%L    +1.30%W    +1.60%W    +1.60%W    +1.80%W    +3.04%W    +1.05%W    +2.69%W    +4.39%W    +3.89%W    +3.89%W
2018-11-15   AMD    #1    09:45    21.00    -0.43%L    -0.21%L    -1.12%L    -1.56%L    -2.38%L    -1.09%L    +1.04%W    +1.48%W    +3.45%W    +2.38%W    +2.38%W    +2.38%W
2018-11-15   AVGO   #2    09:45   232.00    -0.48%L    -0.40%L    -0.99%L    -0.39%L    +0.12%W    +1.07%W    +1.73%W    +2.68%W    +2.76%W    +1.83%W    +1.96%W    +1.96%W
2018-11-16   AMD    #1    09:45    20.34    +1.74%W    +1.03%W    +2.63%W    +2.02%W    +1.15%W    +0.15%W    +0.31%W    -1.43%L    +0.44%W    +1.46%W    +1.57%W    +1.57%W
2018-11-16   AVGO   #2    09:45   234.00    +0.33%W    +0.14%W    +0.85%W    +0.81%W    +1.47%W    +0.84%W    +1.94%W    +0.70%W    +1.35%W    +1.60%W    +1.59%W    +1.59%W
2018-11-19   AMD    #1    09:45    19.98    -1.75%L    -2.25%L    -2.80%L    -1.10%L    -1.55%L    -1.68%L    -1.48%L    -3.20%L    -3.28%L    -3.78%L    -4.30%L    -4.30%L
2018-11-19   AVGO   #2    09:45   236.75    -0.94%L    -1.16%L    -1.65%L    -1.05%L    -1.16%L    -1.50%L    -2.30%L    -2.62%L    -2.60%L    -3.00%L    -3.22%L    -3.22%L
2018-11-20   AMD    #1    09:45    18.11    +0.75%W    +1.55%W    +4.20%W    +5.02%W    +5.33%W    +6.41%W    +5.91%W    +6.96%W    +5.80%W    +5.74%W    +6.07%W    +6.07%W
2018-11-20   AVGO   #2    09:45   223.54    +0.47%W    +0.37%W    +1.04%W    +1.60%W    +1.88%W    +1.74%W    +0.66%W    +0.87%W    +0.65%W    +1.82%W    +1.87%W    +1.87%W
2018-11-21   AMD    #1    09:45    19.50    +0.28%W    -0.67%L    -0.77%L    -1.87%L    -1.09%L    -2.95%L    -3.20%L    -3.69%L    -3.37%L    -3.97%L    -3.99%L    -3.99%L
2018-11-21   AVGO   #2    09:45   228.70    +0.63%W    +0.70%W    +0.78%W    +0.41%W    +0.96%W    +1.29%W    +1.51%W    +1.22%W    +1.64%W    +0.76%W    +0.58%W    +0.58%W
2018-11-23   AVGO   #1    09:45   231.84    +0.09%W    +0.09%W    +0.00%W    -0.28%L    +0.31%W    -0.18%L    -0.28%L    -0.88%L    -1.01%L    -1.01%L    -1.01%L    -1.01%L
2018-11-23   AMD    #2    09:45    19.58    +0.26%W    +0.15%W    +1.12%W    +0.46%W    -0.43%L    -0.66%L    -1.12%L    -0.87%L    -0.72%L    -0.82%L    -0.72%L    -0.72%L
2018-11-26   AMD    #1    09:45    19.48    +0.69%W    -1.14%L    -1.16%L    -1.57%L    +0.13%W    -0.64%L    -1.13%L    +1.26%W    +1.10%W    +2.31%W    +3.11%W    +3.11%W
2018-11-26   AVGO   #2    09:45   235.86    +0.63%W    +0.65%W    +0.21%W    -0.21%L    +0.08%W    -1.68%L    -1.34%L    -0.78%L    -0.50%L    -0.29%L    -0.22%L    -0.22%L
2018-11-27   AMD    #1    09:45    20.14    +2.00%W    +1.69%W    +1.59%W    +1.75%W    +3.67%W    +4.87%W    +4.33%W    +5.04%W    +5.14%W    +4.72%W    +4.57%W    +4.57%W
2018-11-27   AVGO   #2    09:45   233.20    -0.01%L    +1.41%W    +0.83%W    +1.44%W    +2.08%W    +1.54%W    +1.22%W    +1.26%W    +1.68%W    +1.40%W    +1.15%W    +1.15%W
2018-11-28   AMD    #1    09:45    21.05    +0.31%W    -2.11%L    -2.92%L    -3.05%L    -2.40%L    -3.80%L    -0.52%L    -0.33%L    -0.55%L    +1.38%W    +1.38%W    +1.38%W
2018-11-28   AVGO   #2    09:45   234.00    +0.11%W    -0.44%L    -0.60%L    -0.55%L    -0.64%L    -0.78%L    +0.14%W    +0.26%W    -0.00%L    +0.19%W    +0.50%W    +0.50%W
2018-11-29   AMD    #1    09:45    21.08    -0.57%L    -1.42%L    -0.07%L    -0.66%L    -0.57%L    +1.27%W    +1.85%W    +1.85%W    +2.16%W    +1.78%W    +1.61%W    +1.61%W
2018-11-29   AVGO   #2    09:45   235.25    -0.59%L    -0.52%L    -0.47%L    -0.81%L    -0.59%L    +0.30%W    +1.08%W    +0.94%W    +1.23%W    +0.61%W    +0.23%W    +0.23%W
2018-11-30   AMD    #1    09:45    20.93    -1.03%L    -1.93%L    -0.41%L    -0.31%L    +0.96%W    +1.48%W    +0.48%W    +0.93%W    +0.92%W    +1.68%W    +1.81%W    +1.81%W
2018-11-30   AVGO   #2    09:45   236.45    -0.62%L    -0.18%L    +0.21%W    +0.04%W    -0.51%L    -0.58%L    -0.87%L    -0.56%L    +0.08%W    +0.60%W    +0.40%W    +0.40%W

========================================================================================
Pre-session picks summary — 42 pick(s) across 21 trading day(s)

Top-2 picks (all days)  (42 signal(s))
  Hold      Count   Win Rate   Avg Gain    Avg Win   Avg Loss  Exp Value  Total P&L
  ------------------------------------------------------------------------------------
  +15m         42      50.0%      -0.08%      +0.58%      -0.74%      -0.08%      -3.30%
  +30m         42      38.1%      -0.28%      +0.68%      -0.87%      -0.28%     -11.79%
  +45m         42      42.9%      -0.08%      +1.16%      -1.01%      -0.08%      -3.32%
  +1h          42      38.1%      -0.16%      +1.39%      -1.12%      -0.16%      -6.90%
  +1h30m       42      45.2%      -0.09%      +1.51%      -1.42%      -0.09%      -3.86%
  +2h          42      42.9%      -0.12%      +1.74%      -1.52%      -0.12%      -5.14%
  +3h          42      47.6%      -0.02%      +1.63%      -1.51%      -0.02%      -0.69%
  +4h          42      47.6%      -0.10%      +1.65%      -1.69%      -0.10%      -4.18%
  +5h          42      47.6%      +0.09%      +1.84%      -1.50%      +0.09%      +3.76%
  +6h          42      50.0%      +0.14%      +1.91%      -1.63%      +0.14%      +5.93%
  +7h          42      50.0%      +0.07%      +1.93%      -1.79%      +0.07%      +2.96%
  EOD          42      50.0%      +0.07%      +1.93%      -1.79%      +0.07%      +2.96%

=========================================================================================================================================================================================
Signal Analysis — 2018-11-01 to 2018-11-30  |  BULL only  |  Vol ≥ 1.0x 20dAvg
Windows: 09:30/3b  |  Collection: 3 bars  |  Tickers: 11
=========================================================================================================================================================================================
Date         Ticker Window   At       Entry  Vol/20d       +15m       +30m       +45m        +1h     +1h30m        +2h        +3h        +4h        +5h        +6h        +7h        EOD
-----------------------------------------------------------------------------------------------------------------------------------------------------------------------------------------
2018-11-01   MU     09:30/3b 09:50    38.14    1.18x    -0.13%L    +0.92%W    +1.26%W    +2.07%W    +3.62%W    +4.54%W    +3.71%W    +4.25%W    +5.03%W    +4.96%W    +5.14%W    +5.14%W
2018-11-02   META   09:30/3b 09:40   153.37    1.09x    -0.53%L    -1.31%L    -1.72%L    -1.84%L    -1.96%L    -2.18%L    -2.47%L    -2.00%L    -1.95%L    -1.67%L    -2.03%L    -2.03%L
2018-11-02   MU     09:30/3b 09:40    40.71    1.19x    -0.88%L    -1.52%L    -1.28%L    -1.13%L    -1.25%L    -1.30%L    -1.57%L    -1.73%L    -0.96%L    -0.81%L    -0.93%L    -0.93%L
2018-11-02   AMD    09:30/3b 09:40    20.98    1.34x    -2.05%L    -3.48%L    -3.74%L    -6.72%L    -5.89%L    -4.98%L    -5.03%L    -4.48%L    -4.53%L    -3.50%L    -3.64%L    -3.64%L
2018-11-02   AVGO   09:30/3b 09:40   224.32    2.13x    -0.47%L    -0.59%L    -1.39%L    -1.72%L    -1.36%L    -1.54%L    -2.56%L    -1.76%L    -1.10%L    -1.39%L    -1.61%L    -1.61%L
2018-11-06   AVGO   09:30/3b 09:40   225.63    1.16x    +0.64%W    +0.43%W    +0.64%W    +0.78%W    +1.23%W    +0.85%W    +1.47%W    +1.41%W    +1.07%W    +1.04%W    +1.16%W    +1.16%W
2018-11-07   LLY    09:30/3b 09:40   108.80    1.15x    +0.11%W    +0.17%W    +0.99%W    +1.31%W    +0.85%W    +0.78%W    +1.19%W    +1.05%W    +1.19%W    +1.08%W    +0.83%W    +0.83%W
2018-11-08   TSLA   09:30/3b 09:40   354.59    1.16x    +0.25%W    -0.07%L    +0.20%W    -0.55%L    -0.55%L    -1.09%L    -0.51%L    -0.81%L    -1.15%L    -1.35%L    -0.93%L    -0.93%L
2018-11-08   AVGO   09:30/3b 09:40   236.11    1.19x    +0.82%W    +1.22%W    +1.46%W    +1.44%W    +1.72%W    +1.97%W    +2.60%W    +1.86%W    +1.48%W    +1.61%W    +1.75%W    +1.75%W
2018-11-09   SNPS   09:30/3b 09:40    94.03    1.28x    -0.02%L    -0.62%L    -0.50%L    -0.12%L    -0.53%L    -0.59%L    -1.01%L    -1.39%L    -1.17%L    -0.48%L    -0.72%L    -0.72%L
2018-11-09   AVGO   09:30/3b 09:40   236.14    1.66x    -0.38%L    -1.19%L    -0.15%L    -0.20%L    -0.00%L    +0.48%W    +0.58%W    +0.42%W    +0.02%W    +1.01%W    +1.21%W    +1.21%W
2018-11-12   LLY    09:30/3b 09:40   112.75    1.20x    +0.65%W    +0.87%W    +1.15%W    +1.29%W    +1.17%W    +0.51%W    +0.68%W    +0.59%W    +0.68%W    +0.33%W    +0.39%W    +0.39%W
2018-11-14   META   09:30/3b 09:40   144.37    1.54x    -0.22%L    -0.43%L    -0.82%L    -0.80%L    -1.91%L    -1.78%L    -0.91%L    -1.50%L    -0.89%L    +0.10%W    -0.10%L    -0.10%L
2018-11-15   META   09:30/3b 09:40   143.55    1.02x    -0.83%L    -1.11%L    -1.27%L    -1.60%L    -1.17%L    -1.50%L    -0.88%L    -0.22%L    +0.46%W    -0.04%L    +0.19%W    +0.19%W
2018-11-16   SNPS   09:30/3b 09:40    90.55    1.47x    +0.20%W    -0.02%L    +0.05%W    +0.02%W    -0.33%L    -0.49%L    -0.03%L    -0.78%L    -0.08%L    -0.11%L    -0.51%L    -0.51%L
2018-11-16   LLY    09:30/3b 09:40   113.08    1.26x    +0.21%W    +0.65%W    +0.39%W    +0.74%W    +0.25%W    -0.04%L    +0.18%W    +0.30%W    +0.66%W    +0.96%W    +0.71%W    +0.71%W
2018-11-16   QCOM   09:30/3b 09:40    56.01    1.58x    +0.43%W    +0.49%W    +0.79%W    +1.48%W    +0.48%W    +0.25%W    +1.09%W    +0.50%W    +1.06%W    +1.08%W    -0.23%L    -0.23%L
2018-11-21   QCOM   09:30/3b 09:40    55.71    1.04x    +0.57%W    +0.54%W    +1.27%W    +0.95%W    +0.66%W    +0.29%W    +0.13%W    -0.07%L    -0.16%L    -0.66%L    -0.77%L    -0.77%L
2018-11-23   SNPS   09:30/3b 09:40    85.80    1.06x    +0.21%W    -0.23%L    -0.21%L    -0.43%L    -0.13%L    +0.05%W    -0.10%L    -0.24%L    -0.24%L    -0.24%L    -0.24%L    -0.24%L
2018-11-26   MRVL   09:30/3b 09:45    15.78    1.21x    +0.44%W    +0.41%W    +0.13%W    +0.06%W    +0.29%W    -0.35%L    -0.48%L    +0.38%W    +0.25%W    +0.79%W    +1.20%W    +1.20%W
2018-11-26   SNPS   09:30/3b 09:50    86.37    1.41x    +0.35%W    +0.42%W    +0.35%W    +0.71%W    +0.76%W    +0.56%W    +0.60%W    +1.16%W    +1.86%W    +2.11%W    +2.25%W    +2.25%W
2018-11-27   MU     09:30/3b 09:40    36.79    1.32x    +0.73%W    +0.96%W    +0.19%W    +0.33%W    +1.11%W    +0.76%W    +0.38%W    +0.33%W    +0.68%W    +0.41%W    +0.57%W    +0.57%W
2018-11-27   MRVL   09:30/3b 09:45    15.79    1.67x    +1.08%W    +1.14%W    +1.77%W    +1.93%W    +1.99%W    +1.68%W    +1.52%W    +1.52%W    +1.90%W    +1.68%W    +1.49%W    +1.49%W
2018-11-27   AMD    09:30/3b 09:40    20.25    1.01x    +1.09%W    +1.46%W    +0.84%W    +1.33%W    +2.91%W    +4.00%W    +4.15%W    +4.37%W    +4.35%W    +4.49%W    +4.00%W    +4.00%W
2018-11-27   SNPS   09:30/3b 09:45    87.90    1.73x    +0.50%W    +0.84%W    +0.42%W    +0.17%W    +0.19%W    -0.76%L    -1.42%L    -1.35%L    -1.16%L    -1.35%L    -1.06%L    -1.06%L
2018-11-28   SNPS   09:30/3b 09:40    87.86    2.66x    +0.48%W    +0.10%W    +0.61%W    +0.32%W    +0.24%W    +0.61%W    +1.96%W    +2.76%W    +2.49%W    +2.55%W    +2.95%W    +2.95%W
2018-11-28   LLY    09:30/3b 09:45   114.80    1.32x    -0.03%L    -0.31%L    +0.01%W    +0.09%W    -0.43%L    -0.35%L    +0.42%W    +0.69%W    +0.64%W    +0.68%W    +0.65%W    +0.65%W
2018-11-29   META   09:30/3b 09:40   136.58    1.09x    +0.67%W    +0.38%W    +0.08%W    +0.25%W    +0.25%W    +0.94%W    +1.04%W    +1.04%W    +1.75%W    +2.07%W    +1.49%W    +1.49%W
2018-11-29   MU     09:30/3b 09:40    38.69    1.00x    -1.76%L    -1.91%L    -1.96%L    -1.65%L    -1.19%L    -0.93%L    -1.21%L    -1.71%L    -1.01%L    -1.78%L    -2.02%L    -2.02%L
2018-11-29   CHTR   09:30/3b 09:40   329.01    1.30x    -0.17%L    +0.51%W    +0.48%W    +0.20%W    +0.13%W    +0.61%W    +0.91%W    +1.24%W    +1.13%W    +0.73%W    +0.40%W    +0.40%W
2018-11-29   SNPS   09:30/3b 09:40    90.36    1.33x    -0.95%L    -1.55%L    -1.96%L    -1.26%L    -1.34%L    -0.96%L    -0.79%L    -0.79%L    -0.56%L    -0.79%L    -0.93%L    -0.93%L
2018-11-30   CHTR   09:30/3b 09:40   332.57    1.08x    -0.40%L    -0.63%L    -1.28%L    -0.96%L    -1.34%L    -1.58%L    -1.87%L    -1.51%L    -1.54%L    -1.21%L    -1.00%L    -1.00%L
2018-11-30   SNPS   09:30/3b 09:40    89.88    1.15x    +0.26%W    +0.23%W    +0.34%W    +1.15%W    +0.98%W    +1.59%W    +0.66%W    +0.66%W    +1.16%W    +1.45%W    +2.22%W    +2.22%W

========================================================================================
Summary — 33 qualifying signal(s) across 21 trading day(s)

Window 09:30/3b  (33 signal(s))
  Hold      Count   Win Rate   Avg Gain    Avg Win   Avg Loss  Exp Value  Total P&L
  ------------------------------------------------------------------------------------
  +15m         33      57.6%      +0.03%      +0.51%      -0.63%      +0.03%      +0.89%
  +30m         33      54.5%      -0.10%      +0.65%      -1.00%      -0.10%      -3.24%
  +45m         33      63.6%      -0.09%      +0.64%      -1.36%      -0.09%      -2.85%
  +1h          33      60.6%      -0.07%      +0.83%      -1.46%      -0.07%      -2.36%
  +1h30m       33      54.5%      -0.02%      +1.05%      -1.29%      -0.02%      -0.53%
  +2h          33      51.5%      +0.00%      +1.20%      -1.28%      +0.00%      +0.04%
  +3h          33      54.5%      +0.07%      +1.29%      -1.39%      +0.07%      +2.44%
  +4h          33      54.5%      +0.13%      +1.36%      -1.36%      +0.13%      +4.14%
  +5h          33      57.6%      +0.34%      +1.47%      -1.18%      +0.34%     +11.37%
  +6h          33      57.6%      +0.42%      +1.53%      -1.10%      +0.42%     +13.72%
  +7h          33      54.5%      +0.36%      +1.59%      -1.12%      +0.36%     +11.85%
  EOD          33      54.5%      +0.36%      +1.59%      -1.12%      +0.36%     +11.85%
