Fetching 5-min bars (2021-11-01 → 2021-12-31) [alpaca]...
  [cache] fetching 2 tickers from alpaca (cache miss)
  [cache] loaded 17 tickers from cache
Fetching daily bars (2020-12-01 → 2021-12-31)...

=========================================================================================================================================================================================
Pre-Session Rankings (9:25) — 2021-12-01 to 2021-12-31  |  20d lookback
=========================================================================================================================================================================================
Pre-session top-2 (9:25, 20d EOD win rate) — 2021-12-01  OR: 09:30/3b
  #1 SNPS   +15m 75%W +0.1%  +30m 45%W -0.1%  +1h 60%W +0.1%  +2h 55%W +0.4%  +5h 63%W +0.6%  EOD 60%W +0.4%  EOD range -3.1% → +3.0%
  #2 MU     +15m 35%W -0.2%  +30m 25%W -0.3%  +1h 30%W -0.1%  +2h 50%W +0.0%  +5h 50%W +0.1%  EOD 60%W +0.3%  EOD range -2.9% → +2.0%
  Ticker   N          +15m          +30m           +1h           +2h           +5h           EOD           EOD range
  ----------------------------------------------------------------------------------------------------------------------
  SNPS    20  75%W +0.1%  45%W -0.1%  60%W +0.1%  55%W +0.4%  63%W +0.6%  60%W +0.4%       -3.1% → +3.0%
  MU      20  35%W -0.2%  25%W -0.3%  30%W -0.1%  50%W +0.0%  50%W +0.1%  60%W +0.3%       -2.9% → +2.0%
  AVGO    20  40%W -0.1%  40%W -0.1%  40%W -0.1%  70%W +0.1%  60%W +0.1%  60%W +0.3%       -2.9% → +1.9%
  SNOW    20  60%W +0.1%  60%W +0.3%  60%W +0.5%  70%W +0.4%  55%W +0.7%  55%W +0.5%       -7.3% → +3.5%
  PLTR    20  50%W +0.0%  45%W -0.1%  30%W -0.4%  40%W -0.7%  45%W -0.3%  55%W +0.2%       -4.0% → +3.2%
  DDOG    20  60%W +0.2%  40%W -0.1%  50%W +0.0%  45%W -0.1%  45%W -0.4%  55%W +0.1%       -4.7% → +3.0%
  LLY     20  50%W -0.0%  55%W +0.1%  45%W -0.0%  50%W +0.0%  55%W +0.1%  50%W +0.0%       -3.0% → +2.3%
  MRVL    20  50%W +0.0%  45%W -0.1%  45%W -0.2%  55%W +0.1%  45%W -0.1%  50%W -0.0%       -4.8% → +2.8%
  TSLA    20  55%W +0.2%  60%W +0.3%  60%W +0.5%  45%W -0.1%  50%W -0.3%  50%W +0.0%       -8.9% → +2.9%
  AMD     20  70%W +0.3%  70%W +0.4%  65%W +0.4%  65%W +0.6%  60%W +0.4%  50%W +0.2%       -4.4% → +7.5%
  CRWD    20  55%W +0.3%  35%W -0.4%  30%W -0.6%  30%W -0.8%  35%W -1.0%  45%W -0.5%       -4.1% → +2.9%
  QCOM    20  40%W -0.1%  50%W -0.1%  45%W -0.3%  45%W -0.2%  50%W -0.1%  45%W -0.1%       -3.1% → +8.2%
  APP     20  65%W +0.3%  55%W +0.1%  35%W -0.3%  40%W -0.9%  40%W -0.4%  40%W -0.6%       -4.8% → +9.8%
  META    20  50%W -0.1%  40%W -0.2%  45%W -0.1%  60%W +0.1%  30%W -0.4%  30%W -0.5%       -3.1% → +3.0%
  CHTR    20  70%W +0.2%  50%W -0.0%  55%W +0.1%  50%W -0.0%  37%W -0.4%  30%W -0.4%       -2.7% → +0.9%
  SPOT    20  50%W +0.0%  40%W -0.3%  40%W -0.8%  25%W -0.9%  30%W -0.7%  20%W -1.2%       -4.4% → +3.6%
Pre-session top-2 (9:25, 20d EOD win rate) — 2021-12-02  OR: 09:30/3b
  #1 AVGO   +15m 45%W -0.1%  +30m 45%W -0.0%  +1h 45%W -0.1%  +2h 70%W +0.1%  +5h 60%W +0.2%  EOD 60%W +0.3%  EOD range -2.9% → +1.9%
  #2 SNOW   +15m 65%W +0.1%  +30m 65%W +0.4%  +1h 65%W +0.5%  +2h 70%W +0.4%  +5h 55%W +0.7%  EOD 55%W +0.5%  EOD range -7.3% → +3.5%
  Ticker   N          +15m          +30m           +1h           +2h           +5h           EOD           EOD range
  ----------------------------------------------------------------------------------------------------------------------
  AVGO    20  45%W -0.1%  45%W -0.0%  45%W -0.1%  70%W +0.1%  60%W +0.2%  60%W +0.3%       -2.9% → +1.9%
  SNOW    20  65%W +0.1%  65%W +0.4%  65%W +0.5%  70%W +0.4%  55%W +0.7%  55%W +0.5%       -7.3% → +3.5%
  SNPS    20  75%W +0.1%  50%W +0.0%  60%W +0.1%  60%W +0.4%  63%W +0.6%  55%W +0.4%       -3.1% → +3.0%
  MU      20  35%W -0.2%  30%W -0.3%  30%W -0.1%  55%W +0.1%  55%W +0.3%  55%W +0.3%       -2.9% → +2.0%
  PLTR    20  50%W +0.0%  50%W +0.0%  35%W -0.3%  40%W -0.7%  45%W -0.3%  55%W +0.2%       -6.2% → +3.2%
  MRVL    20  55%W +0.1%  50%W +0.1%  50%W -0.1%  60%W +0.2%  45%W -0.1%  50%W -0.0%       -4.8% → +2.8%
  TSLA    20  55%W +0.2%  60%W +0.3%  60%W +0.5%  45%W -0.1%  50%W -0.3%  50%W +0.0%       -8.9% → +2.9%
  DDOG    20  65%W +0.2%  35%W -0.1%  45%W -0.2%  40%W -0.1%  40%W -0.6%  50%W -0.1%       -7.6% → +3.0%
  LLY     20  45%W -0.0%  55%W +0.1%  45%W -0.0%  50%W +0.0%  55%W +0.1%  45%W -0.0%       -3.0% → +2.2%
  CRWD    20  50%W +0.1%  35%W -0.5%  30%W -0.8%  30%W -0.8%  35%W -1.0%  45%W -1.1%       -6.6% → +2.9%
  QCOM    20  45%W -0.1%  55%W +0.1%  50%W -0.1%  50%W -0.1%  55%W +0.0%  45%W -0.2%       -3.1% → +8.2%
  AMD     20  70%W +0.3%  70%W +0.4%  65%W +0.3%  60%W +0.6%  55%W +0.3%  45%W -0.2%       -5.9% → +7.5%
  APP     20  70%W +0.3%  60%W +0.4%  40%W -0.2%  45%W -0.7%  40%W -0.4%  40%W -0.6%       -4.8% → +9.8%
  META    20  55%W +0.0%  40%W -0.2%  40%W -0.2%  55%W +0.0%  30%W -0.4%  30%W -0.7%       -5.0% → +3.0%
  CHTR    20  70%W +0.2%  50%W -0.0%  55%W +0.1%  50%W -0.0%  32%W -0.4%  25%W -0.6%       -2.7% → +0.9%
  SPOT    20  50%W +0.0%  40%W -0.3%  40%W -0.8%  25%W -0.9%  25%W -1.1%  20%W -1.6%       -4.7% → +3.6%
Pre-session top-2 (9:25, 20d EOD win rate) — 2021-12-03  OR: 09:30/3b
  #1 SNOW   +15m 70%W +0.2%  +30m 60%W +0.4%  +1h 60%W +0.5%  +2h 70%W +0.4%  +5h 60%W +0.8%  EOD 60%W +0.8%  EOD range -7.3% → +4.4%
  #2 MU     +15m 35%W -0.2%  +30m 30%W -0.3%  +1h 25%W -0.2%  +2h 50%W -0.1%  +5h 55%W +0.3%  EOD 55%W +0.3%  EOD range -2.9% → +2.0%
  Ticker   N          +15m          +30m           +1h           +2h           +5h           EOD           EOD range
  ----------------------------------------------------------------------------------------------------------------------
  SNOW    20  70%W +0.2%  60%W +0.4%  60%W +0.5%  70%W +0.4%  60%W +0.8%  60%W +0.8%       -7.3% → +4.4%
  MU      20  35%W -0.2%  30%W -0.3%  25%W -0.2%  50%W -0.1%  55%W +0.3%  55%W +0.3%       -2.9% → +2.0%
  PLTR    20  50%W +0.0%  45%W -0.1%  30%W -0.4%  35%W -0.8%  40%W -0.7%  55%W +0.2%       -6.2% → +3.2%
  AVGO    20  50%W -0.0%  50%W +0.0%  45%W -0.1%  65%W +0.1%  55%W +0.1%  55%W +0.2%       -2.9% → +1.9%
  SNPS    20  80%W +0.1%  50%W +0.0%  60%W +0.1%  60%W +0.4%  58%W +0.4%  50%W +0.1%       -3.1% → +3.0%
  MRVL    20  60%W +0.2%  50%W +0.1%  50%W -0.1%  60%W +0.2%  45%W -0.2%  50%W -0.0%       -4.8% → +2.8%
  DDOG    20  70%W +0.4%  40%W -0.1%  45%W -0.4%  35%W -0.1%  40%W -0.6%  50%W +0.0%       -7.6% → +3.0%
  CRWD    20  55%W +0.3%  40%W -0.3%  35%W -0.8%  30%W -0.8%  35%W -1.0%  45%W -1.1%       -6.6% → +2.9%
  QCOM    20  50%W -0.0%  50%W -0.1%  45%W -0.3%  45%W -0.3%  55%W +0.0%  45%W -0.2%       -3.1% → +8.2%
  TSLA    20  55%W +0.2%  60%W +0.3%  60%W +0.5%  45%W -0.1%  50%W -0.3%  45%W -0.2%       -8.9% → +2.9%
  APP     20  70%W +0.3%  55%W +0.1%  35%W -0.3%  45%W -0.7%  40%W -0.4%  40%W -0.6%       -4.8% → +9.8%
  LLY     20  45%W -0.0%  55%W +0.1%  45%W -0.0%  50%W +0.0%  50%W +0.0%  40%W -0.0%       -3.0% → +1.8%
  AMD     20  75%W +0.4%  70%W +0.4%  65%W +0.3%  55%W +0.4%  50%W -0.1%  40%W -0.2%       -5.9% → +7.5%
  META    20  60%W +0.1%  40%W -0.3%  40%W -0.3%  50%W -0.2%  25%W -0.4%  25%W -0.7%       -5.0% → +3.0%
  CHTR    20  70%W +0.2%  50%W -0.0%  55%W +0.1%  50%W -0.0%  32%W -0.4%  25%W -0.6%       -2.7% → +2.6%
  SPOT    20  55%W +0.1%  40%W -0.3%  40%W -0.8%  25%W -0.9%  20%W -1.4%  15%W -1.6%       -4.7% → +3.6%
Pre-session top-2 (9:25, 20d EOD win rate) — 2021-12-06  OR: 09:30/3b
  #1 SNOW   +15m 65%W +0.1%  +30m 55%W +0.3%  +1h 55%W +0.3%  +2h 65%W +0.4%  +5h 55%W +0.7%  EOD 55%W +0.5%  EOD range -7.3% → +4.4%
  #2 MU     +15m 30%W -0.2%  +30m 25%W -0.4%  +1h 25%W -0.3%  +2h 50%W -0.1%  +5h 50%W +0.1%  EOD 50%W +0.1%  EOD range -2.9% → +2.0%
  Ticker   N          +15m          +30m           +1h           +2h           +5h           EOD           EOD range
  ----------------------------------------------------------------------------------------------------------------------
  SNOW    20  65%W +0.1%  55%W +0.3%  55%W +0.3%  65%W +0.4%  55%W +0.7%  55%W +0.5%       -7.3% → +4.4%
  MU      20  30%W -0.2%  25%W -0.4%  25%W -0.3%  50%W -0.1%  50%W +0.1%  50%W +0.1%       -2.9% → +2.0%
  PLTR    20  45%W -0.1%  40%W -0.3%  25%W -0.6%  30%W -0.8%  35%W -0.9%  50%W -0.0%       -6.2% → +3.2%
  AVGO    20  45%W -0.1%  45%W -0.0%  40%W -0.2%  60%W +0.1%  50%W +0.0%  50%W +0.0%       -2.9% → +1.9%
  DDOG    20  65%W +0.2%  35%W -0.2%  40%W -0.7%  30%W -0.3%  40%W -0.6%  50%W +0.0%       -7.6% → +3.0%
  APP     20  75%W +0.3%  60%W +0.3%  40%W -0.3%  50%W -0.2%  45%W -0.2%  45%W -0.2%      -4.8% → +12.9%
  SNPS    20  75%W +0.1%  45%W -0.1%  55%W +0.0%  55%W +0.4%  53%W +0.0%  45%W -0.3%       -3.1% → +3.0%
  MRVL    20  55%W +0.1%  45%W -0.1%  45%W -0.3%  55%W +0.1%  40%W -0.3%  45%W -0.3%       -4.8% → +2.4%
  QCOM    20  50%W -0.0%  50%W -0.1%  45%W -0.3%  45%W -0.3%  55%W +0.0%  45%W -0.2%       -3.1% → +8.2%
  TSLA    20  55%W +0.2%  55%W +0.2%  55%W +0.4%  45%W -0.1%  45%W -0.7%  45%W -0.3%       -8.9% → +2.9%
  CRWD    20  50%W +0.1%  35%W -0.5%  30%W -1.1%  25%W -1.0%  30%W -1.9%  40%W -1.7%       -6.6% → +2.9%
  LLY     20  40%W -0.1%  50%W -0.0%  40%W -0.1%  45%W -0.2%  45%W -0.1%  35%W -0.1%       -3.0% → +0.9%
  AMD     20  70%W +0.3%  65%W +0.3%  60%W +0.2%  50%W +0.1%  45%W -0.5%  35%W -0.3%       -5.9% → +7.5%
  CHTR    20  65%W +0.2%  45%W -0.1%  50%W -0.0%  55%W +0.0%  37%W -0.4%  30%W -0.4%       -2.7% → +2.6%
  META    20  60%W +0.1%  40%W -0.3%  35%W -0.4%  50%W -0.2%  25%W -0.5%  25%W -0.8%       -5.0% → +3.0%
  SPOT    20  50%W +0.0%  40%W -0.3%  35%W -0.9%  25%W -0.9%  20%W -1.4%  20%W -1.4%       -4.7% → +3.6%
Pre-session top-2 (9:25, 20d EOD win rate) — 2021-12-07  OR: 09:30/3b
  #1 SNOW   +15m 65%W +0.1%  +30m 55%W +0.3%  +1h 55%W +0.3%  +2h 65%W +0.4%  +5h 55%W +0.7%  EOD 55%W +0.5%  EOD range -7.3% → +4.4%
  #2 MU     +15m 30%W -0.3%  +30m 30%W -0.4%  +1h 30%W -0.3%  +2h 50%W -0.1%  +5h 55%W +0.3%  EOD 55%W +0.3%  EOD range -2.9% → +2.0%
  Ticker   N          +15m          +30m           +1h           +2h           +5h           EOD           EOD range
  ----------------------------------------------------------------------------------------------------------------------
  SNOW    20  65%W +0.1%  55%W +0.3%  55%W +0.3%  65%W +0.4%  55%W +0.7%  55%W +0.5%       -7.3% → +4.4%
  MU      20  30%W -0.3%  30%W -0.4%  30%W -0.3%  50%W -0.1%  55%W +0.3%  55%W +0.3%       -2.9% → +2.0%
  PLTR    20  50%W +0.0%  45%W -0.1%  30%W -0.4%  35%W -0.8%  40%W -0.7%  55%W +0.2%       -6.2% → +3.2%
  APP     20  75%W +0.3%  65%W +0.4%  40%W -0.3%  50%W -0.4%  45%W -0.2%  50%W +0.0%      -4.8% → +12.9%
  SNPS    20  70%W +0.1%  45%W -0.1%  55%W +0.0%  55%W +0.4%  53%W +0.4%  50%W +0.0%       -3.1% → +3.0%
  MRVL    20  50%W +0.0%  45%W -0.0%  45%W -0.2%  55%W +0.2%  45%W -0.2%  50%W -0.0%       -4.8% → +4.3%
  AVGO    20  45%W -0.1%  45%W -0.0%  40%W -0.2%  60%W +0.1%  50%W +0.0%  50%W +0.0%       -2.9% → +1.9%
  DDOG    20  60%W +0.2%  40%W -0.2%  45%W -0.4%  35%W -0.3%  40%W -0.6%  50%W +0.0%       -7.6% → +3.0%
  CRWD    20  45%W -0.1%  35%W -0.5%  30%W -0.8%  25%W -0.8%  35%W -1.0%  45%W -1.1%       -6.6% → +2.9%
  QCOM    20  45%W -0.1%  50%W -0.1%  40%W -0.5%  40%W -0.3%  55%W +0.0%  45%W -0.2%       -3.1% → +8.2%
  TSLA    20  50%W -0.0%  55%W +0.0%  50%W +0.2%  40%W -0.3%  45%W -0.7%  45%W -0.3%       -8.9% → +2.9%
  AMD     20  70%W +0.3%  65%W +0.3%  55%W +0.1%  45%W -0.2%  50%W -0.1%  40%W -0.2%       -5.9% → +7.5%
  LLY     20  40%W -0.1%  50%W -0.0%  35%W -0.1%  40%W -0.2%  45%W -0.1%  35%W -0.1%       -3.0% → +0.5%
  META    20  65%W +0.2%  45%W -0.2%  40%W -0.4%  50%W -0.2%  30%W -0.5%  30%W -0.8%       -5.0% → +3.0%
  CHTR    20  65%W +0.2%  45%W -0.1%  50%W -0.0%  55%W +0.0%  37%W -0.4%  30%W -0.4%       -2.7% → +2.6%
  SPOT    20  50%W +0.0%  40%W -0.3%  35%W -0.9%  25%W -0.9%  25%W -1.2%  25%W -1.0%       -4.7% → +3.6%
Pre-session top-2 (9:25, 20d EOD win rate) — 2021-12-08  OR: 09:30/3b
  #1 APP    +15m 75%W +0.4%  +30m 65%W +0.5%  +1h 45%W -0.2%  +2h 55%W +0.0%  +5h 50%W -0.2%  EOD 55%W +0.2%  EOD range -4.8% → +12.9%
  #2 SNOW   +15m 65%W +0.2%  +30m 55%W +0.3%  +1h 55%W +0.3%  +2h 65%W +0.4%  +5h 55%W +0.8%  EOD 55%W +0.2%  EOD range -7.3% → +4.4%
  Ticker   N          +15m          +30m           +1h           +2h           +5h           EOD           EOD range
  ----------------------------------------------------------------------------------------------------------------------
  APP     20  75%W +0.4%  65%W +0.5%  45%W -0.2%  55%W +0.0%  50%W -0.2%  55%W +0.2%      -4.8% → +12.9%
  SNOW    20  65%W +0.2%  55%W +0.3%  55%W +0.3%  65%W +0.4%  55%W +0.8%  55%W +0.2%       -7.3% → +4.4%
  MU      20  35%W -0.2%  35%W -0.3%  35%W -0.2%  50%W -0.1%  55%W +0.3%  55%W +0.3%       -2.9% → +2.0%
  PLTR    20  50%W +0.0%  45%W -0.1%  30%W -0.4%  35%W -0.8%  40%W -0.7%  55%W +0.2%       -6.2% → +3.2%
  AVGO    20  50%W -0.0%  50%W +0.0%  45%W -0.1%  60%W +0.1%  55%W +0.1%  55%W +0.2%       -2.9% → +1.9%
  SNPS    20  65%W +0.1%  45%W -0.1%  55%W +0.0%  55%W +0.4%  53%W +0.4%  50%W +0.0%       -3.1% → +3.0%
  MRVL    20  55%W +0.2%  50%W +0.1%  50%W -0.0%  55%W +0.2%  45%W -0.2%  50%W -0.0%       -4.8% → +4.8%
  TSLA    20  50%W -0.0%  55%W +0.0%  50%W +0.2%  40%W -0.3%  45%W -0.7%  50%W +0.0%       -8.9% → +2.9%
  DDOG    20  60%W +0.2%  40%W -0.2%  45%W -0.4%  30%W -0.3%  40%W -0.6%  50%W +0.0%       -7.6% → +3.0%
  QCOM    20  45%W -0.1%  50%W -0.1%  40%W -0.5%  40%W -0.3%  55%W +0.0%  45%W -0.2%       -3.1% → +8.2%
  LLY     20  40%W -0.1%  45%W -0.0%  30%W -0.2%  40%W -0.2%  45%W -0.1%  40%W -0.0%       -3.0% → +0.5%
  CRWD    20  45%W -0.1%  35%W -0.5%  30%W -0.8%  20%W -0.8%  30%W -1.0%  40%W -1.1%       -6.6% → +2.9%
  AMD     20  70%W +0.4%  65%W +0.3%  55%W +0.1%  45%W -0.2%  50%W -0.1%  40%W -0.2%       -5.9% → +5.4%
  META    20  70%W +0.2%  50%W -0.0%  45%W -0.3%  55%W +0.1%  35%W -0.5%  35%W -0.7%       -5.0% → +3.0%
  SPOT    20  55%W +0.1%  45%W -0.2%  40%W -0.8%  25%W -0.8%  30%W -1.2%  30%W -1.0%       -4.7% → +3.6%
  CHTR    20  60%W +0.1%  45%W -0.1%  45%W -0.1%  50%W +0.0%  32%W -0.4%  25%W -0.6%       -3.1% → +2.6%
Pre-session top-2 (9:25, 20d EOD win rate) — 2021-12-09  OR: 09:30/3b
  #1 AVGO   +15m 55%W +0.0%  +30m 50%W +0.0%  +1h 45%W -0.2%  +2h 60%W +0.1%  +5h 60%W +0.1%  EOD 60%W +0.3%  EOD range -2.9% → +1.9%
  #2 SNOW   +15m 65%W +0.2%  +30m 55%W +0.3%  +1h 50%W -0.2%  +2h 65%W +0.4%  +5h 55%W +0.8%  EOD 55%W +0.2%  EOD range -7.3% → +4.4%
  Ticker   N          +15m          +30m           +1h           +2h           +5h           EOD           EOD range
  ----------------------------------------------------------------------------------------------------------------------
  AVGO    20  55%W +0.0%  50%W +0.0%  45%W -0.2%  60%W +0.1%  60%W +0.1%  60%W +0.3%       -2.9% → +1.9%
  SNOW    20  65%W +0.2%  55%W +0.3%  50%W -0.2%  65%W +0.4%  55%W +0.8%  55%W +0.2%       -7.3% → +4.4%
  MU      20  35%W -0.2%  35%W -0.4%  35%W -0.2%  50%W -0.1%  60%W +0.3%  55%W +0.3%       -2.9% → +2.0%
  PLTR    20  50%W +0.0%  40%W -0.2%  25%W -0.5%  35%W -0.8%  40%W -0.7%  55%W +0.2%       -6.2% → +3.2%
  TSLA    20  50%W -0.0%  55%W +0.0%  50%W +0.2%  45%W -0.1%  50%W -0.3%  55%W +0.7%       -5.9% → +2.9%
  APP     20  70%W +0.3%  60%W +0.4%  40%W -0.3%  55%W +0.0%  45%W -0.5%  50%W +0.0%      -4.8% → +12.9%
  SNPS    20  65%W +0.1%  45%W -0.1%  55%W +0.0%  55%W +0.4%  53%W +0.4%  50%W +0.0%       -3.1% → +3.0%
  MRVL    20  55%W +0.2%  55%W +0.3%  55%W +0.2%  60%W +0.2%  45%W -0.2%  50%W -0.0%       -4.8% → +4.8%
  DDOG    20  60%W +0.2%  40%W -0.2%  45%W -0.1%  35%W -0.2%  45%W -0.4%  50%W +0.0%       -7.6% → +3.0%
  QCOM    20  45%W -0.1%  50%W -0.1%  40%W -0.5%  45%W -0.3%  55%W +0.0%  45%W -0.2%       -3.1% → +8.2%
  META    20  70%W +0.2%  55%W +0.0%  50%W -0.1%  60%W +0.1%  40%W -0.4%  40%W -0.7%       -5.0% → +3.0%
  LLY     20  40%W -0.1%  45%W -0.0%  30%W -0.2%  40%W -0.3%  45%W -0.1%  40%W -0.0%       -3.0% → +0.5%
  CRWD    20  45%W -0.1%  35%W -0.5%  30%W -0.5%  25%W -0.7%  35%W -1.0%  40%W -1.1%       -6.6% → +2.9%
  SPOT    20  55%W +0.1%  45%W -0.2%  35%W -0.9%  30%W -0.6%  35%W -0.8%  35%W -0.8%       -4.7% → +3.6%
  AMD     20  70%W +0.4%  65%W +0.3%  50%W -0.1%  40%W -0.3%  45%W -0.5%  35%W -0.3%       -5.9% → +5.4%
  CHTR    20  55%W +0.0%  45%W -0.1%  45%W -0.1%  50%W +0.0%  32%W -0.4%  25%W -0.7%       -3.1% → +2.6%
Pre-session top-2 (9:25, 20d EOD win rate) — 2021-12-10  OR: 09:30/3b
  #1 AVGO   +15m 55%W +0.0%  +30m 50%W +0.0%  +1h 40%W -0.2%  +2h 60%W +0.1%  +5h 60%W +0.1%  EOD 60%W +0.3%  EOD range -2.9% → +1.9%
  #2 SNOW   +15m 70%W +0.2%  +30m 55%W +0.3%  +1h 50%W -0.2%  +2h 70%W +0.5%  +5h 60%W +0.8%  EOD 55%W +0.2%  EOD range -7.3% → +4.4%
  Ticker   N          +15m          +30m           +1h           +2h           +5h           EOD           EOD range
  ----------------------------------------------------------------------------------------------------------------------
  AVGO    20  55%W +0.0%  50%W +0.0%  40%W -0.2%  60%W +0.1%  60%W +0.1%  60%W +0.3%       -2.9% → +1.9%
  SNOW    20  70%W +0.2%  55%W +0.3%  50%W -0.2%  70%W +0.5%  60%W +0.8%  55%W +0.2%       -7.3% → +4.4%
  MU      20  35%W -0.2%  40%W -0.4%  35%W -0.2%  45%W -0.2%  60%W +0.3%  55%W +0.3%       -2.9% → +2.0%
  PLTR    20  50%W +0.0%  40%W -0.2%  25%W -0.5%  35%W -0.8%  40%W -0.7%  55%W +0.2%       -6.2% → +3.2%
  APP     20  70%W +0.3%  60%W +0.4%  40%W -0.3%  55%W +0.0%  45%W -0.5%  50%W +0.0%      -6.1% → +12.9%
  SNPS    20  65%W +0.1%  45%W -0.1%  55%W +0.0%  55%W +0.4%  53%W +0.4%  50%W +0.0%       -3.1% → +3.0%
  MRVL    20  50%W +0.0%  55%W +0.2%  55%W +0.3%  60%W +0.3%  45%W -0.2%  50%W -0.0%       -4.8% → +4.8%
  TSLA    20  45%W -0.1%  50%W -0.1%  45%W -0.3%  40%W -0.3%  50%W -0.3%  50%W +0.0%       -5.9% → +2.9%
  DDOG    20  60%W +0.2%  40%W -0.2%  45%W -0.1%  35%W -0.2%  45%W -0.4%  50%W +0.0%       -7.6% → +3.0%
  QCOM    20  50%W -0.0%  45%W -0.2%  40%W -0.5%  45%W -0.3%  55%W +0.0%  45%W -0.2%       -2.6% → +8.2%
  META    20  70%W +0.2%  50%W -0.0%  45%W -0.3%  55%W +0.1%  40%W -0.4%  40%W -0.7%       -5.0% → +3.0%
  CRWD    20  45%W -0.1%  30%W -0.5%  25%W -0.8%  25%W -0.8%  35%W -1.0%  40%W -1.1%       -6.6% → +2.9%
  SPOT    20  60%W +0.2%  45%W -0.2%  35%W -0.9%  30%W -0.6%  35%W -0.8%  35%W -0.8%       -4.7% → +3.6%
  LLY     20  45%W -0.1%  45%W -0.0%  25%W -0.2%  35%W -0.4%  40%W -0.2%  35%W -0.1%       -3.0% → +0.5%
  AMD     20  65%W +0.4%  60%W +0.2%  45%W -0.3%  40%W -0.3%  45%W -0.5%  35%W -0.3%       -5.9% → +5.4%
  CHTR    20  50%W +0.0%  40%W -0.2%  40%W -0.1%  45%W -0.0%  26%W -0.6%  20%W -0.8%       -3.1% → +2.6%
Pre-session top-2 (9:25, 20d EOD win rate) — 2021-12-13  OR: 09:30/3b
  #1 SNOW   +15m 75%W +0.3%  +30m 55%W +0.3%  +1h 50%W -0.2%  +2h 70%W +0.5%  +5h 60%W +0.9%  EOD 55%W +0.5%  EOD range -7.3% → +4.4%
  #2 SNPS   +15m 65%W +0.1%  +30m 50%W +0.0%  +1h 55%W +0.1%  +2h 60%W +0.4%  +5h 58%W +0.4%  EOD 55%W +0.4%  EOD range -3.1% → +3.0%
  Ticker   N          +15m          +30m           +1h           +2h           +5h           EOD           EOD range
  ----------------------------------------------------------------------------------------------------------------------
  SNOW    20  75%W +0.3%  55%W +0.3%  50%W -0.2%  70%W +0.5%  60%W +0.9%  55%W +0.5%       -7.3% → +4.4%
  SNPS    20  65%W +0.1%  50%W +0.0%  55%W +0.1%  60%W +0.4%  58%W +0.4%  55%W +0.4%       -3.1% → +3.0%
  MU      20  35%W -0.2%  45%W -0.3%  30%W -0.3%  45%W -0.2%  60%W +0.2%  55%W +0.3%       -2.9% → +2.0%
  PLTR    20  55%W +0.2%  45%W -0.2%  25%W -0.4%  40%W -0.8%  45%W -0.5%  55%W +0.3%       -6.2% → +3.2%
  TSLA    20  50%W -0.0%  55%W +0.0%  45%W -0.3%  45%W -0.2%  55%W +0.3%  55%W +0.7%       -5.9% → +3.2%
  AVGO    20  55%W +0.0%  50%W +0.0%  35%W -0.2%  55%W +0.1%  55%W +0.1%  55%W +0.2%       -2.9% → +1.9%
  DDOG    20  65%W +0.2%  40%W -0.2%  45%W -0.1%  40%W -0.2%  45%W -0.3%  55%W +0.1%       -7.6% → +3.0%
  APP     20  70%W +0.3%  60%W +0.4%  40%W -0.3%  55%W +0.0%  40%W -0.7%  45%W -0.3%      -6.1% → +12.9%
  MRVL    20  45%W -0.1%  50%W +0.1%  50%W +0.0%  55%W +0.2%  40%W -0.3%  45%W -0.3%       -4.8% → +4.8%
  CRWD    20  50%W +0.1%  35%W -0.5%  30%W -0.5%  30%W -0.8%  35%W -0.4%  45%W -0.5%       -6.6% → +2.9%
  QCOM    20  50%W -0.1%  40%W -0.2%  35%W -0.6%  40%W -0.3%  55%W +0.0%  45%W -0.2%       -2.6% → +8.2%
  META    20  70%W +0.2%  50%W -0.0%  40%W -0.3%  50%W -0.1%  40%W -0.5%  40%W -0.6%       -5.0% → +3.0%
  SPOT    20  65%W +0.3%  45%W -0.2%  30%W -0.9%  30%W -0.6%  35%W -0.8%  40%W -0.8%       -4.7% → +3.6%
  LLY     20  45%W -0.1%  50%W +0.0%  30%W -0.2%  35%W -0.4%  40%W -0.2%  40%W -0.0%       -3.0% → +0.6%
  AMD     20  60%W +0.4%  60%W +0.2%  40%W -0.4%  35%W -0.5%  40%W -0.5%  30%W -0.3%       -5.9% → +5.4%
  CHTR    20  45%W -0.0%  35%W -0.2%  35%W -0.1%  40%W -0.0%  26%W -0.7%  20%W -0.8%       -3.1% → +2.6%
Pre-session top-2 (9:25, 20d EOD win rate) — 2021-12-14  OR: 09:30/3b
  #1 SNOW   +15m 70%W +0.3%  +30m 50%W -0.0%  +1h 45%W -0.6%  +2h 65%W +0.4%  +5h 55%W +0.4%  EOD 50%W -0.2%  EOD range -7.3% → +4.4%
  #2 SNPS   +15m 70%W +0.1%  +30m 50%W +0.0%  +1h 55%W +0.1%  +2h 55%W +0.4%  +5h 53%W +0.4%  EOD 50%W +0.0%  EOD range -3.1% → +3.0%
  Ticker   N          +15m          +30m           +1h           +2h           +5h           EOD           EOD range
  ----------------------------------------------------------------------------------------------------------------------
  SNOW    20  70%W +0.3%  50%W -0.0%  45%W -0.6%  65%W +0.4%  55%W +0.4%  50%W -0.2%       -7.3% → +4.4%
  SNPS    20  70%W +0.1%  50%W +0.0%  55%W +0.1%  55%W +0.4%  53%W +0.4%  50%W +0.0%       -3.1% → +3.0%
  MU      20  35%W -0.2%  40%W -0.3%  25%W -0.3%  40%W -0.3%  55%W +0.1%  50%W -0.1%       -2.9% → +2.0%
  PLTR    20  50%W +0.0%  40%W -0.3%  25%W -0.5%  40%W -0.8%  40%W -0.9%  50%W -0.0%       -6.2% → +3.2%
  TSLA    20  45%W -0.1%  50%W -0.1%  40%W -0.5%  45%W -0.6%  55%W +0.3%  50%W +0.5%       -5.9% → +3.2%
  AVGO    20  60%W +0.0%  55%W +0.0%  35%W -0.2%  50%W -0.0%  50%W +0.0%  50%W +0.0%       -2.9% → +1.9%
  DDOG    20  60%W +0.2%  40%W -0.2%  45%W -0.1%  40%W -0.2%  40%W -0.4%  50%W -0.1%       -7.6% → +3.0%
  APP     20  70%W +0.3%  60%W +0.4%  40%W -0.3%  55%W +0.0%  40%W -1.0%  45%W -0.3%      -6.1% → +12.9%
  QCOM    20  50%W -0.1%  40%W -0.2%  35%W -0.6%  35%W -0.3%  50%W -0.1%  45%W -0.3%       -3.1% → +8.2%
  SPOT    20  60%W +0.2%  40%W -0.3%  25%W -0.9%  30%W -0.8%  35%W -1.2%  40%W -1.0%       -4.7% → +3.6%
  LLY     20  45%W -0.1%  45%W -0.1%  30%W -0.1%  35%W -0.4%  35%W -0.2%  40%W -0.0%       -3.0% → +0.6%
  MRVL    20  50%W +0.1%  55%W +0.1%  50%W +0.0%  50%W +0.1%  35%W -0.3%  40%W -0.4%       -4.8% → +4.8%
  CRWD    20  50%W +0.1%  30%W -0.5%  30%W -0.9%  30%W -1.0%  35%W -0.9%  40%W -1.0%       -6.6% → +2.9%
  META    20  65%W +0.1%  50%W -0.0%  35%W -0.3%  45%W -0.2%  35%W -0.5%  35%W -0.8%       -5.0% → +2.0%
  CHTR    20  40%W -0.1%  40%W -0.2%  40%W -0.1%  45%W -0.0%  32%W -0.7%  25%W -0.7%       -3.1% → +2.6%
  AMD     20  55%W +0.3%  55%W +0.0%  35%W -0.5%  30%W -0.8%  35%W -0.7%  25%W -0.5%       -5.9% → +5.4%
Pre-session top-2 (9:25, 20d EOD win rate) — 2021-12-15  OR: 09:30/3b
  #1 APP    +15m 70%W +0.3%  +30m 60%W +0.5%  +1h 45%W -0.2%  +2h 60%W +0.1%  +5h 45%W -0.7%  EOD 50%W +0.0%  EOD range -6.1% → +12.9%
  #2 SNOW   +15m 65%W +0.3%  +30m 50%W -0.0%  +1h 45%W -0.6%  +2h 65%W +0.5%  +5h 55%W +0.4%  EOD 50%W -0.2%  EOD range -7.3% → +4.4%
  Ticker   N          +15m          +30m           +1h           +2h           +5h           EOD           EOD range
  ----------------------------------------------------------------------------------------------------------------------
  APP     20  70%W +0.3%  60%W +0.5%  45%W -0.2%  60%W +0.1%  45%W -0.7%  50%W +0.0%      -6.1% → +12.9%
  SNOW    20  65%W +0.3%  50%W -0.0%  45%W -0.6%  65%W +0.5%  55%W +0.4%  50%W -0.2%       -7.3% → +4.4%
  MU      20  40%W -0.2%  40%W -0.3%  25%W -0.2%  40%W -0.3%  55%W +0.1%  50%W -0.1%       -2.9% → +2.0%
  PLTR    20  50%W +0.0%  45%W -0.2%  30%W -0.4%  45%W -0.8%  45%W -0.9%  50%W +0.0%       -6.2% → +3.2%
  TSLA    20  50%W -0.0%  50%W -0.0%  45%W -0.3%  45%W -0.5%  50%W -0.1%  50%W +0.5%       -5.9% → +3.2%
  DDOG    20  55%W +0.1%  45%W -0.1%  45%W -0.1%  45%W -0.2%  40%W -0.4%  50%W -0.1%       -7.6% → +3.0%
  SNPS    20  65%W +0.1%  45%W -0.0%  50%W -0.0%  50%W +0.2%  47%W -0.5%  45%W -0.4%       -3.1% → +3.0%
  SPOT    20  55%W +0.2%  45%W -0.3%  30%W -0.9%  35%W -0.6%  35%W -0.7%  45%W -0.8%       -4.7% → +3.6%
  CRWD    20  55%W +0.2%  35%W -0.5%  35%W -0.5%  30%W -0.8%  40%W -0.4%  45%W -0.5%       -6.6% → +2.9%
  QCOM    20  50%W -0.1%  40%W -0.2%  35%W -0.6%  35%W -0.3%  50%W -0.1%  45%W -0.3%       -3.1% → +8.2%
  AVGO    20  55%W +0.0%  50%W +0.0%  30%W -0.3%  50%W -0.0%  45%W -0.0%  45%W -0.1%       -2.9% → +1.9%
  LLY     20  45%W -0.1%  40%W -0.1%  30%W -0.1%  35%W -0.4%  30%W -0.2%  40%W -0.0%       -3.0% → +0.6%
  META    20  65%W +0.1%  50%W -0.0%  35%W -0.3%  45%W -0.2%  40%W -0.5%  35%W -0.6%       -5.0% → +2.0%
  MRVL    20  45%W -0.1%  50%W -0.0%  45%W -0.1%  45%W -0.2%  30%W -0.5%  35%W -0.6%       -4.8% → +4.8%
  CHTR    20  45%W -0.1%  40%W -0.2%  40%W -0.1%  50%W +0.0%  37%W -0.7%  30%W -0.7%       -3.1% → +2.6%
  AMD     20  50%W -0.0%  55%W +0.2%  40%W -0.5%  30%W -0.7%  40%W -0.7%  30%W -0.5%       -5.9% → +5.4%
Pre-session top-2 (9:25, 20d EOD win rate) — 2021-12-16  OR: 09:30/3b
  #1 APP    +15m 65%W +0.3%  +30m 60%W +0.4%  +1h 45%W -0.2%  +2h 55%W +0.0%  +5h 45%W -0.7%  EOD 50%W +0.0%  EOD range -6.1% → +12.9%
  #2 SNOW   +15m 60%W +0.1%  +30m 45%W -0.3%  +1h 45%W -0.6%  +2h 60%W +0.4%  +5h 55%W +0.4%  EOD 50%W -0.2%  EOD range -7.3% → +4.4%
  Ticker   N          +15m          +30m           +1h           +2h           +5h           EOD           EOD range
  ----------------------------------------------------------------------------------------------------------------------
  APP     20  65%W +0.3%  60%W +0.4%  45%W -0.2%  55%W +0.0%  45%W -0.7%  50%W +0.0%      -6.1% → +12.9%
  SNOW    20  60%W +0.1%  45%W -0.3%  45%W -0.6%  60%W +0.4%  55%W +0.4%  50%W -0.2%       -7.3% → +4.4%
  SPOT    20  60%W +0.3%  50%W -0.1%  35%W -0.9%  30%W -0.8%  35%W -0.7%  50%W -0.5%       -4.7% → +3.6%
  MU      20  45%W -0.1%  40%W -0.3%  25%W -0.2%  40%W -0.3%  55%W +0.1%  50%W -0.1%       -2.9% → +3.7%
  PLTR    20  55%W +0.1%  45%W -0.2%  30%W -0.5%  40%W -0.8%  40%W -1.1%  50%W +0.0%       -6.2% → +3.2%
  TSLA    20  45%W -0.1%  45%W -0.1%  40%W -0.5%  40%W -0.7%  45%W -0.7%  50%W +0.5%       -5.9% → +3.2%
  DDOG    20  55%W +0.1%  45%W -0.1%  45%W -0.1%  40%W -0.3%  40%W -0.4%  50%W -0.1%       -7.6% → +5.7%
  SNPS    20  65%W +0.1%  45%W -0.0%  55%W +0.1%  50%W -0.0%  47%W -0.5%  45%W -0.4%       -3.1% → +4.1%
  LLY     20  50%W -0.0%  45%W -0.0%  35%W -0.1%  40%W -0.3%  35%W -0.2%  45%W -0.0%       -3.0% → +4.0%
  CRWD    20  55%W +0.2%  35%W -0.5%  35%W -0.5%  25%W -0.8%  40%W -0.4%  45%W -0.5%       -6.6% → +5.6%
  QCOM    20  50%W -0.1%  40%W -0.2%  35%W -0.6%  30%W -0.5%  50%W -0.1%  45%W -0.3%       -3.1% → +3.9%
  AVGO    20  55%W +0.0%  55%W +0.0%  35%W -0.2%  50%W -0.0%  45%W -0.0%  45%W -0.1%       -2.9% → +4.8%
  META    20  65%W +0.1%  50%W -0.0%  35%W -0.3%  45%W -0.2%  45%W -0.4%  40%W -0.4%       -5.0% → +4.1%
  MRVL    20  45%W -0.1%  50%W -0.0%  45%W -0.1%  45%W -0.2%  30%W -0.5%  35%W -0.6%       -4.8% → +5.2%
  CHTR    20  45%W -0.1%  45%W -0.2%  45%W -0.1%  55%W +0.1%  42%W -0.7%  35%W -0.6%       -3.1% → +2.6%
  AMD     20  50%W -0.0%  55%W +0.2%  40%W -0.5%  30%W -0.7%  40%W -0.7%  30%W -0.5%       -5.9% → +8.9%
Pre-session top-2 (9:25, 20d EOD win rate) — 2021-12-17  OR: 09:30/3b
  #1 SNOW   +15m 60%W +0.1%  +30m 45%W -0.3%  +1h 45%W -0.6%  +2h 60%W +0.4%  +5h 55%W +0.4%  EOD 50%W -0.2%  EOD range -7.8% → +4.4%
  #2 MU     +15m 45%W -0.1%  +30m 40%W -0.3%  +1h 25%W -0.2%  +2h 40%W -0.3%  +5h 55%W +0.1%  EOD 50%W -0.1%  EOD range -3.3% → +3.7%
  Ticker   N          +15m          +30m           +1h           +2h           +5h           EOD           EOD range
  ----------------------------------------------------------------------------------------------------------------------
  SNOW    20  60%W +0.1%  45%W -0.3%  45%W -0.6%  60%W +0.4%  55%W +0.4%  50%W -0.2%       -7.8% → +4.4%
  MU      20  45%W -0.1%  40%W -0.3%  25%W -0.2%  40%W -0.3%  55%W +0.1%  50%W -0.1%       -3.3% → +3.7%
  PLTR    20  55%W +0.1%  45%W -0.2%  30%W -0.6%  40%W -0.8%  40%W -1.1%  50%W +0.0%       -6.2% → +3.2%
  DDOG    20  55%W +0.1%  45%W -0.1%  45%W -0.1%  40%W -0.3%  40%W -0.4%  50%W -0.1%       -7.6% → +5.7%
  APP     20  60%W +0.3%  60%W +0.4%  45%W -0.2%  50%W -0.1%  40%W -1.0%  45%W -0.3%      -6.1% → +12.9%
  SPOT    20  60%W +0.3%  50%W -0.1%  35%W -1.0%  30%W -0.8%  30%W -1.3%  45%W -1.0%       -4.7% → +3.6%
  LLY     20  50%W -0.0%  45%W -0.0%  35%W -0.1%  45%W -0.3%  35%W -0.2%  45%W -0.0%       -3.0% → +4.0%
  TSLA    20  40%W -0.2%  40%W -0.3%  35%W -0.6%  35%W -0.8%  40%W -1.3%  45%W -0.4%       -5.9% → +3.2%
  META    20  65%W +0.1%  50%W -0.0%  40%W -0.3%  40%W -0.2%  45%W -0.5%  40%W -0.4%       -5.0% → +4.1%
  SNPS    20  60%W +0.1%  40%W -0.1%  50%W -0.1%  45%W -0.1%  42%W -0.6%  40%W -0.6%       -3.5% → +4.1%
  CRWD    20  50%W +0.1%  30%W -0.5%  30%W -0.9%  20%W -1.0%  35%W -0.9%  40%W -1.0%       -6.6% → +5.6%
  QCOM    20  45%W -0.2%  35%W -0.3%  30%W -0.8%  30%W -0.5%  45%W -0.3%  40%W -0.4%       -5.8% → +3.9%
  CHTR    20  45%W -0.0%  45%W -0.2%  50%W -0.0%  60%W +0.2%  47%W -0.4%  40%W -0.3%       -3.1% → +2.6%
  AVGO    20  55%W +0.0%  55%W +0.0%  30%W -0.3%  45%W -0.4%  40%W -0.1%  40%W -0.4%       -2.9% → +4.8%
  MRVL    20  45%W -0.1%  50%W -0.0%  40%W -0.3%  40%W -0.4%  25%W -0.6%  30%W -0.7%       -4.9% → +5.2%
  AMD     20  50%W -0.0%  55%W +0.2%  35%W -0.8%  25%W -0.8%  35%W -1.1%  30%W -0.7%       -5.9% → +8.9%
Pre-session top-2 (9:25, 20d EOD win rate) — 2021-12-20  OR: 09:30/3b
  #1 SNOW   +15m 65%W +0.3%  +30m 45%W -0.2%  +1h 50%W -0.3%  +2h 60%W +0.4%  +5h 60%W +0.9%  EOD 55%W +0.5%  EOD range -7.8% → +4.4%
  #2 MU     +15m 45%W -0.1%  +30m 40%W -0.3%  +1h 30%W -0.1%  +2h 40%W -0.2%  +5h 60%W +0.3%  EOD 55%W +0.4%  EOD range -3.3% → +3.7%
  Ticker   N          +15m          +30m           +1h           +2h           +5h           EOD           EOD range
  ----------------------------------------------------------------------------------------------------------------------
  SNOW    20  65%W +0.3%  45%W -0.2%  50%W -0.3%  60%W +0.4%  60%W +0.9%  55%W +0.5%       -7.8% → +4.4%
  MU      20  45%W -0.1%  40%W -0.3%  30%W -0.1%  40%W -0.2%  60%W +0.3%  55%W +0.4%       -3.3% → +3.7%
  PLTR    20  60%W +0.2%  50%W -0.0%  35%W -0.5%  45%W -0.8%  45%W -0.9%  55%W +0.4%       -6.2% → +5.2%
  DDOG    20  60%W +0.2%  45%W -0.1%  45%W -0.1%  40%W -0.3%  45%W -0.3%  55%W +0.1%       -7.6% → +5.7%
  APP     20  65%W +0.3%  60%W +0.4%  50%W +0.1%  50%W -0.1%  45%W -0.7%  50%W +0.0%      -6.1% → +12.9%
  SPOT    20  65%W +0.4%  55%W +0.1%  40%W -0.7%  35%W -0.6%  35%W -0.7%  50%W -0.5%       -4.7% → +4.6%
  LLY     20  45%W -0.1%  40%W -0.1%  35%W -0.1%  40%W -0.3%  35%W -0.3%  45%W -0.0%       -3.0% → +4.0%
  CRWD    20  50%W +0.1%  30%W -0.5%  35%W -0.5%  25%W -0.8%  40%W -0.4%  45%W -0.5%       -6.6% → +5.6%
  TSLA    20  40%W -0.2%  40%W -0.3%  40%W -0.5%  35%W -0.8%  45%W -0.7%  45%W -0.5%       -5.9% → +3.2%
  META    20  65%W +0.2%  50%W -0.0%  40%W -0.3%  35%W -0.2%  45%W -0.5%  40%W -0.4%       -5.0% → +4.1%
  SNPS    20  60%W +0.1%  40%W -0.1%  55%W +0.1%  45%W -0.4%  47%W -0.5%  40%W -0.7%       -3.5% → +4.1%
  QCOM    20  45%W -0.2%  35%W -0.3%  35%W -0.6%  30%W -0.5%  50%W -0.1%  40%W -0.4%       -5.8% → +3.9%
  CHTR    20  45%W -0.0%  50%W -0.0%  55%W +0.1%  60%W +0.4%  53%W +0.0%  40%W -0.3%       -3.1% → +2.6%
  AVGO    20  55%W +0.0%  55%W +0.0%  35%W -0.3%  40%W -0.5%  40%W -0.1%  40%W -0.4%       -2.9% → +4.8%
  AMD     20  50%W -0.1%  55%W +0.2%  40%W -0.5%  25%W -0.8%  35%W -1.1%  30%W -0.7%       -5.9% → +8.9%
  MRVL    20  45%W -0.1%  50%W -0.0%  45%W -0.1%  40%W -0.6%  25%W -0.6%  25%W -0.8%       -4.9% → +5.2%
Pre-session top-2 (9:25, 20d EOD win rate) — 2021-12-21  OR: 09:30/3b
  #1 SNOW   +15m 65%W +0.4%  +30m 45%W -0.2%  +1h 50%W -0.3%  +2h 60%W +0.5%  +5h 65%W +1.1%  EOD 60%W +0.8%  EOD range -7.8% → +4.4%
  #2 MU     +15m 50%W +0.0%  +30m 45%W -0.1%  +1h 30%W -0.1%  +2h 35%W -0.3%  +5h 55%W +0.1%  EOD 55%W +0.4%  EOD range -3.3% → +3.7%
  Ticker   N          +15m          +30m           +1h           +2h           +5h           EOD           EOD range
  ----------------------------------------------------------------------------------------------------------------------
  SNOW    20  65%W +0.4%  45%W -0.2%  50%W -0.3%  60%W +0.5%  65%W +1.1%  60%W +0.8%       -7.8% → +4.4%
  MU      20  50%W +0.0%  45%W -0.1%  30%W -0.1%  35%W -0.3%  55%W +0.1%  55%W +0.4%       -3.3% → +3.7%
  PLTR    20  65%W +0.4%  55%W +0.2%  35%W -0.3%  45%W -1.1%  45%W -0.6%  55%W +0.4%       -6.2% → +5.2%
  DDOG    20  60%W +0.2%  45%W -0.1%  45%W -0.1%  35%W -0.6%  45%W -0.2%  55%W +0.1%       -7.6% → +5.7%
  APP     20  65%W +0.3%  60%W +0.5%  50%W +0.2%  50%W -0.1%  45%W -0.7%  50%W +0.4%      -6.1% → +12.9%
  SPOT    20  70%W +0.4%  60%W +0.2%  45%W -0.7%  35%W -0.5%  35%W -0.7%  50%W -0.5%       -4.7% → +4.6%
  LLY     20  40%W -0.2%  40%W -0.1%  35%W -0.1%  40%W -0.3%  40%W -0.2%  50%W +0.0%       -2.3% → +4.0%
  CRWD    20  55%W +0.2%  35%W -0.5%  40%W -0.5%  30%W -0.6%  45%W -0.2%  50%W -0.2%       -6.6% → +5.6%
  QCOM    20  50%W -0.1%  40%W -0.2%  40%W -0.6%  30%W -0.5%  55%W +0.1%  45%W -0.4%       -5.8% → +3.9%
  CHTR    20  50%W +0.1%  55%W +0.0%  60%W +0.2%  65%W +0.5%  58%W +0.2%  45%W -0.0%       -3.1% → +2.6%
  AVGO    20  60%W +0.0%  60%W +0.1%  40%W -0.2%  45%W -0.2%  45%W -0.0%  45%W -0.1%       -2.9% → +4.8%
  META    20  65%W +0.1%  45%W -0.0%  35%W -0.3%  30%W -0.2%  40%W -0.5%  40%W -0.4%       -5.0% → +4.1%
  SNPS    20  60%W +0.1%  40%W -0.1%  50%W -0.0%  45%W -0.4%  47%W -0.5%  40%W -0.7%       -3.5% → +4.1%
  TSLA    20  40%W -0.2%  45%W -0.1%  40%W -0.5%  35%W -0.8%  40%W -0.7%  40%W -0.6%       -5.9% → +3.2%
  MRVL    20  45%W -0.1%  55%W +0.1%  50%W +0.0%  40%W -0.6%  30%W -0.5%  30%W -0.7%       -4.9% → +5.2%
  AMD     20  45%W -0.3%  55%W +0.2%  40%W -0.4%  20%W -0.9%  30%W -1.1%  30%W -0.7%       -5.9% → +8.9%
Pre-session top-2 (9:25, 20d EOD win rate) — 2021-12-22  OR: 09:30/3b
  #1 SNOW   +15m 60%W +0.3%  +30m 45%W -0.2%  +1h 50%W -0.1%  +2h 65%W +0.6%  +5h 70%W +1.4%  EOD 65%W +1.3%  EOD range -7.8% → +5.7%
  #2 MU     +15m 45%W -0.1%  +30m 40%W -0.2%  +1h 30%W -0.2%  +2h 40%W -0.2%  +5h 60%W +0.3%  EOD 60%W +0.5%  EOD range -3.3% → +3.7%
  Ticker   N          +15m          +30m           +1h           +2h           +5h           EOD           EOD range
  ----------------------------------------------------------------------------------------------------------------------
  SNOW    20  60%W +0.3%  45%W -0.2%  50%W -0.1%  65%W +0.6%  70%W +1.4%  65%W +1.3%       -7.8% → +5.7%
  MU      20  45%W -0.1%  40%W -0.2%  30%W -0.2%  40%W -0.2%  60%W +0.3%  60%W +0.5%       -3.3% → +3.7%
  PLTR    20  65%W +0.4%  60%W +0.2%  40%W -0.0%  50%W -0.4%  50%W +0.0%  60%W +0.5%       -6.2% → +5.2%
  DDOG    20  60%W +0.2%  50%W +0.1%  50%W +0.3%  40%W -0.3%  50%W +0.2%  60%W +0.9%       -7.6% → +7.6%
  APP     20  65%W +0.3%  60%W +0.5%  50%W +0.2%  55%W +0.1%  50%W -0.3%  55%W +0.9%      -6.1% → +12.9%
  SPOT    20  65%W +0.4%  60%W +0.4%  45%W -0.3%  40%W -0.4%  40%W -0.4%  55%W +0.1%       -4.7% → +4.6%
  LLY     20  40%W -0.2%  40%W -0.1%  35%W -0.1%  40%W -0.3%  40%W -0.2%  55%W +0.0%       -2.3% → +4.0%
  CRWD    20  55%W +0.2%  40%W -0.5%  45%W -0.2%  35%W -0.3%  50%W -0.1%  55%W +0.3%       -6.6% → +5.6%
  QCOM    20  45%W -0.2%  35%W -0.2%  35%W -0.6%  35%W -0.5%  55%W +0.2%  50%W -0.0%       -5.8% → +3.9%
  AVGO    20  65%W +0.1%  65%W +0.1%  45%W -0.2%  50%W -0.0%  50%W +0.0%  50%W +0.0%       -2.3% → +4.8%
  META    20  60%W +0.1%  45%W -0.0%  40%W -0.2%  35%W -0.2%  45%W -0.3%  45%W -0.2%       -5.0% → +4.1%
  SNPS    20  55%W +0.1%  35%W -0.1%  45%W -0.2%  50%W -0.1%  53%W +0.0%  45%W -0.4%       -3.5% → +4.1%
  CHTR    20  55%W +0.1%  50%W +0.0%  55%W +0.1%  65%W +0.5%  58%W +0.2%  45%W -0.0%       -3.1% → +2.6%
  TSLA    20  40%W -0.3%  40%W -0.3%  35%W -0.6%  35%W -0.7%  45%W -0.3%  45%W -0.2%       -5.9% → +3.2%
  MRVL    20  45%W -0.1%  55%W +0.0%  45%W -0.1%  45%W -0.2%  35%W -0.3%  35%W -0.6%       -4.9% → +5.2%
  AMD     20  40%W -0.5%  50%W +0.0%  35%W -0.8%  25%W -0.8%  35%W -0.8%  35%W -0.5%       -5.9% → +8.9%
Pre-session top-2 (9:25, 20d EOD win rate) — 2021-12-23  OR: 09:30/3b
  #1 SNOW   +15m 55%W +0.1%  +30m 45%W -0.1%  +1h 50%W -0.1%  +2h 65%W +0.6%  +5h 70%W +1.4%  EOD 65%W +1.3%  EOD range -7.8% → +5.7%
  #2 MU     +15m 45%W -0.1%  +30m 40%W -0.2%  +1h 30%W -0.2%  +2h 40%W -0.2%  +5h 60%W +0.3%  EOD 65%W +0.5%  EOD range -3.3% → +3.7%
  Ticker   N          +15m          +30m           +1h           +2h           +5h           EOD           EOD range
  ----------------------------------------------------------------------------------------------------------------------
  SNOW    20  55%W +0.1%  45%W -0.1%  50%W -0.1%  65%W +0.6%  70%W +1.4%  65%W +1.3%       -7.8% → +5.7%
  MU      20  45%W -0.1%  40%W -0.2%  30%W -0.2%  40%W -0.2%  60%W +0.3%  65%W +0.5%       -3.3% → +3.7%
  APP     20  65%W +0.3%  60%W +0.5%  55%W +0.5%  60%W +0.2%  55%W +0.1%  60%W +1.2%      -6.1% → +12.9%
  LLY     20  45%W -0.1%  45%W -0.0%  40%W -0.1%  45%W -0.3%  45%W -0.2%  60%W +0.1%       -2.3% → +4.0%
  PLTR    20  65%W +0.4%  60%W +0.2%  40%W -0.0%  50%W -0.4%  50%W +0.0%  60%W +0.5%       -6.2% → +5.2%
  DDOG    20  55%W +0.1%  50%W +0.1%  50%W +0.3%  40%W -0.3%  50%W +0.2%  60%W +0.9%       -7.6% → +7.6%
  SPOT    20  60%W +0.4%  60%W +0.4%  45%W -0.0%  45%W -0.2%  40%W -0.4%  55%W +0.1%       -4.7% → +4.6%
  CRWD    20  50%W +0.0%  40%W -0.5%  45%W -0.2%  35%W -0.3%  50%W -0.1%  55%W +0.3%       -6.6% → +5.6%
  SNPS    20  50%W +0.0%  35%W -0.1%  50%W -0.0%  55%W +0.1%  58%W +0.1%  50%W +0.0%       -3.5% → +4.1%
  QCOM    20  45%W -0.3%  35%W -0.2%  40%W -0.6%  40%W -0.4%  60%W +0.4%  50%W +0.0%       -5.8% → +3.9%
  CHTR    20  55%W +0.1%  50%W +0.0%  55%W +0.2%  60%W +0.3%  58%W +0.2%  50%W +0.1%       -3.1% → +2.6%
  TSLA    20  45%W -0.1%  45%W -0.1%  40%W -0.5%  40%W -0.6%  50%W -0.1%  50%W +0.5%       -5.9% → +3.2%
  AVGO    20  65%W +0.1%  70%W +0.1%  50%W -0.0%  55%W +0.3%  55%W +0.3%  50%W +0.1%       -2.3% → +4.8%
  META    20  60%W +0.1%  50%W +0.0%  45%W -0.1%  35%W -0.1%  45%W -0.3%  45%W -0.2%       -5.0% → +4.1%
  MRVL    20  45%W -0.1%  60%W +0.1%  50%W +0.0%  50%W +0.2%  40%W -0.3%  40%W -0.4%       -4.9% → +5.2%
  AMD     20  40%W -0.5%  50%W +0.0%  35%W -0.6%  30%W -0.7%  40%W -0.7%  40%W -0.3%       -5.9% → +8.9%
Pre-session top-2 (9:25, 20d EOD win rate) — 2021-12-27  OR: 09:30/3b
  #1 MU     +15m 45%W -0.1%  +30m 40%W -0.2%  +1h 30%W -0.2%  +2h 40%W -0.2%  +5h 60%W +0.3%  EOD 65%W +0.5%  EOD range -3.3% → +3.7%
  #2 LLY    +15m 50%W -0.0%  +30m 50%W +0.0%  +1h 45%W -0.1%  +2h 50%W -0.0%  +5h 50%W -0.0%  EOD 65%W +0.1%  EOD range -2.3% → +4.0%
  Ticker   N          +15m          +30m           +1h           +2h           +5h           EOD           EOD range
  ----------------------------------------------------------------------------------------------------------------------
  MU      20  45%W -0.1%  40%W -0.2%  30%W -0.2%  40%W -0.2%  60%W +0.3%  65%W +0.5%       -3.3% → +3.7%
  LLY     20  50%W -0.0%  50%W +0.0%  45%W -0.1%  50%W -0.0%  50%W -0.0%  65%W +0.1%       -2.3% → +4.0%
  APP     20  65%W +0.3%  60%W +0.5%  55%W +0.5%  60%W +0.2%  55%W +0.1%  60%W +1.2%      -6.1% → +12.9%
  SNOW    20  50%W -0.0%  40%W -0.2%  45%W -0.2%  60%W +0.5%  65%W +1.1%  60%W +0.8%       -7.8% → +5.7%
  PLTR    20  60%W +0.2%  55%W +0.2%  40%W -0.0%  50%W -0.4%  50%W +0.0%  60%W +0.5%       -6.2% → +5.2%
  DDOG    20  55%W +0.1%  50%W +0.1%  50%W +0.2%  40%W -0.3%  50%W +0.2%  60%W +0.9%       -7.6% → +7.6%
  SPOT    20  60%W +0.4%  60%W +0.5%  45%W -0.0%  45%W -0.2%  40%W -0.4%  55%W +0.1%       -4.7% → +4.6%
  CRWD    20  45%W -0.2%  35%W -0.5%  45%W -0.2%  35%W -0.3%  50%W -0.1%  55%W +0.3%       -6.6% → +5.6%
  CHTR    20  60%W +0.3%  55%W +0.1%  55%W +0.3%  60%W +0.5%  58%W +0.3%  55%W +0.2%       -3.1% → +2.6%
  QCOM    20  40%W -0.3%  35%W -0.2%  40%W -0.6%  40%W -0.4%  60%W +0.4%  50%W +0.0%       -5.8% → +3.9%
  TSLA    20  40%W -0.1%  45%W -0.1%  40%W -0.5%  40%W -0.6%  50%W -0.1%  50%W +0.5%       -5.9% → +5.6%
  AVGO    20  65%W +0.1%  70%W +0.1%  50%W -0.0%  55%W +0.3%  55%W +0.3%  50%W +0.1%       -2.3% → +4.8%
  META    20  55%W +0.1%  45%W -0.0%  45%W -0.1%  35%W -0.1%  45%W -0.3%  45%W -0.2%       -5.0% → +4.1%
  SNPS    20  45%W -0.1%  30%W -0.2%  45%W -0.2%  50%W -0.1%  58%W +0.1%  45%W -0.3%       -3.5% → +4.1%
  AMD     20  40%W -0.5%  50%W +0.0%  35%W -0.6%  30%W -0.7%  40%W -0.7%  40%W -0.3%       -5.9% → +8.9%
  MRVL    20  45%W -0.1%  60%W +0.1%  50%W +0.0%  50%W +0.2%  35%W -0.3%  35%W -0.6%       -4.9% → +5.2%
Pre-session top-2 (9:25, 20d EOD win rate) — 2021-12-28  OR: 09:30/3b
  #1 LLY    +15m 55%W +0.1%  +30m 55%W +0.1%  +1h 50%W -0.0%  +2h 55%W +0.2%  +5h 55%W +0.1%  EOD 70%W +0.3%  EOD range -2.3% → +4.0%
  #2 APP    +15m 65%W +0.3%  +30m 65%W +0.6%  +1h 60%W +0.7%  +2h 65%W +0.7%  +5h 60%W +0.4%  EOD 65%W +1.4%  EOD range -6.1% → +12.9%
  Ticker   N          +15m          +30m           +1h           +2h           +5h           EOD           EOD range
  ----------------------------------------------------------------------------------------------------------------------
  LLY     20  55%W +0.1%  55%W +0.1%  50%W -0.0%  55%W +0.2%  55%W +0.1%  70%W +0.3%       -2.3% → +4.0%
  APP     20  65%W +0.3%  65%W +0.6%  60%W +0.7%  65%W +0.7%  60%W +0.4%  65%W +1.4%      -6.1% → +12.9%
  MU      20  45%W -0.1%  45%W -0.1%  35%W -0.2%  40%W -0.2%  60%W +0.3%  65%W +0.6%       -3.3% → +3.7%
  DDOG    20  60%W +0.2%  55%W +0.4%  55%W +0.6%  45%W -0.2%  55%W +0.5%  65%W +1.3%       -7.6% → +7.6%
  SNOW    20  50%W -0.0%  40%W -0.2%  45%W -0.2%  55%W +0.3%  60%W +0.9%  55%W +0.5%       -7.8% → +5.7%
  SPOT    20  55%W +0.3%  55%W +0.4%  40%W -0.2%  45%W -0.2%  35%W -0.6%  55%W +0.1%       -4.7% → +4.6%
  CRWD    20  50%W +0.0%  40%W -0.3%  50%W -0.1%  35%W -0.3%  50%W -0.1%  55%W +0.3%       -6.6% → +5.6%
  QCOM    20  40%W -0.3%  35%W -0.2%  45%W -0.5%  45%W -0.1%  65%W +0.4%  55%W +0.3%       -5.8% → +3.9%
  PLTR    20  60%W +0.4%  55%W +0.2%  40%W -0.0%  50%W -0.4%  45%W -0.3%  55%W +0.4%       -6.2% → +5.2%
  CHTR    20  55%W +0.1%  55%W +0.1%  55%W +0.3%  60%W +0.4%  60%W +0.3%  55%W +0.2%       -3.1% → +2.6%
  TSLA    20  40%W -0.1%  45%W -0.1%  40%W -0.5%  40%W -0.6%  50%W +0.1%  55%W +1.0%       -5.9% → +5.6%
  AVGO    20  70%W +0.1%  75%W +0.2%  55%W +0.1%  60%W +0.4%  60%W +0.3%  55%W +0.2%       -2.3% → +4.8%
  META    20  50%W -0.0%  50%W +0.0%  50%W -0.0%  35%W -0.1%  50%W -0.0%  50%W +0.1%       -5.0% → +4.1%
  SNPS    20  50%W +0.0%  35%W -0.1%  50%W -0.0%  55%W +0.1%  60%W +0.1%  50%W +0.1%       -3.5% → +4.1%
  AMD     20  40%W -0.5%  55%W +0.2%  40%W -0.6%  35%W -0.7%  45%W -0.7%  45%W -0.1%       -5.9% → +8.9%
  MRVL    20  50%W +0.1%  65%W +0.3%  55%W +0.3%  55%W +0.4%  40%W -0.3%  40%W -0.4%       -4.9% → +5.2%
Pre-session top-2 (9:25, 20d EOD win rate) — 2021-12-29  OR: 09:30/3b
  #1 LLY    +15m 55%W +0.1%  +30m 55%W +0.1%  +1h 50%W -0.0%  +2h 55%W +0.2%  +5h 55%W +0.1%  EOD 70%W +0.3%  EOD range -1.9% → +4.0%
  #2 APP    +15m 65%W +0.4%  +30m 60%W +0.4%  +1h 60%W +0.7%  +2h 65%W +0.7%  +5h 60%W +0.4%  EOD 65%W +1.4%  EOD range -6.1% → +12.9%
  Ticker   N          +15m          +30m           +1h           +2h           +5h           EOD           EOD range
  ----------------------------------------------------------------------------------------------------------------------
  LLY     20  55%W +0.1%  55%W +0.1%  50%W -0.0%  55%W +0.2%  55%W +0.1%  70%W +0.3%       -1.9% → +4.0%
  APP     20  65%W +0.4%  60%W +0.4%  60%W +0.7%  65%W +0.7%  60%W +0.4%  65%W +1.4%      -6.1% → +12.9%
  MU      20  45%W -0.1%  40%W -0.2%  35%W -0.1%  40%W -0.2%  60%W +0.2%  65%W +0.5%       -3.3% → +3.7%
  DDOG    20  55%W +0.1%  50%W +0.1%  50%W +0.2%  40%W -0.3%  55%W +0.5%  60%W +1.3%       -7.6% → +7.6%
  SPOT    20  60%W +0.4%  60%W +0.4%  35%W -0.4%  45%W -0.3%  35%W -0.9%  55%W +0.1%       -4.7% → +4.6%
  CHTR    20  55%W +0.1%  55%W +0.1%  60%W +0.3%  65%W +0.5%  60%W +0.3%  55%W +0.2%       -3.1% → +2.6%
  SNOW    20  50%W +0.2%  45%W -0.1%  50%W -0.1%  50%W +0.2%  55%W +0.5%  50%W -0.1%       -7.8% → +5.7%
  CRWD    20  55%W +0.2%  40%W -0.3%  50%W -0.1%  35%W -0.4%  45%W -0.2%  50%W -0.2%       -6.6% → +5.6%
  QCOM    20  45%W -0.2%  35%W -0.2%  40%W -0.5%  40%W -0.3%  60%W +0.4%  50%W +0.2%       -5.8% → +3.9%
  PLTR    20  65%W +0.5%  55%W +0.2%  40%W -0.2%  45%W -1.0%  40%W -0.6%  50%W +0.0%       -6.2% → +5.2%
  TSLA    20  35%W -0.3%  40%W -0.3%  35%W -0.6%  35%W -0.7%  45%W -0.3%  50%W +0.3%       -5.9% → +5.6%
  AVGO    20  65%W +0.1%  70%W +0.1%  50%W +0.0%  55%W +0.2%  55%W +0.1%  50%W +0.1%       -2.3% → +4.8%
  META    20  45%W -0.1%  45%W -0.0%  45%W -0.1%  30%W -0.2%  45%W -0.3%  45%W -0.2%       -5.0% → +4.1%
  SNPS    20  50%W +0.0%  35%W -0.2%  50%W -0.0%  50%W -0.1%  55%W +0.1%  45%W -0.3%       -3.5% → +4.1%
  AMD     20  40%W -0.5%  50%W -0.2%  35%W -0.7%  30%W -0.8%  40%W -0.7%  40%W -0.3%       -5.9% → +8.9%
  MRVL    20  45%W -0.1%  60%W +0.1%  50%W +0.0%  50%W +0.2%  35%W -0.3%  35%W -0.6%       -4.9% → +5.2%
Pre-session top-2 (9:25, 20d EOD win rate) — 2021-12-30  OR: 09:30/3b
  #1 MU     +15m 50%W +0.0%  +30m 40%W -0.2%  +1h 40%W -0.0%  +2h 45%W -0.1%  +5h 65%W +0.3%  EOD 70%W +0.6%  EOD range -3.3% → +3.7%
  #2 LLY    +15m 50%W -0.1%  +30m 55%W +0.0%  +1h 50%W -0.0%  +2h 50%W +0.0%  +5h 55%W +0.0%  EOD 70%W +0.1%  EOD range -1.9% → +4.0%
  Ticker   N          +15m          +30m           +1h           +2h           +5h           EOD           EOD range
  ----------------------------------------------------------------------------------------------------------------------
  MU      20  50%W +0.0%  40%W -0.2%  40%W -0.0%  45%W -0.1%  65%W +0.3%  70%W +0.6%       -3.3% → +3.7%
  LLY     20  50%W -0.1%  55%W +0.0%  50%W -0.0%  50%W +0.0%  55%W +0.0%  70%W +0.1%       -1.9% → +4.0%
  APP     20  60%W +0.4%  60%W +0.4%  65%W +1.0%  70%W +1.3%  60%W +0.8%  65%W +1.4%      -6.1% → +12.9%
  DDOG    20  55%W +0.1%  55%W +0.4%  55%W +0.6%  45%W -0.2%  60%W +0.6%  65%W +1.5%       -7.6% → +7.6%
  SPOT    20  60%W +0.3%  60%W +0.4%  40%W -0.2%  50%W +0.0%  40%W -0.6%  60%W +0.1%       -4.7% → +4.6%
  SNOW    20  50%W +0.1%  45%W -0.1%  55%W +0.1%  55%W +0.6%  60%W +1.1%  55%W +0.5%       -7.8% → +5.7%
  CRWD    20  50%W +0.0%  45%W -0.1%  55%W +0.2%  40%W -0.3%  50%W -0.1%  55%W +0.3%       -6.6% → +5.6%
  PLTR    20  60%W +0.4%  50%W +0.0%  40%W -0.2%  50%W -0.4%  40%W -0.3%  55%W +0.2%       -6.2% → +5.2%
  CHTR    20  55%W +0.1%  55%W +0.1%  60%W +0.3%  65%W +0.5%  60%W +0.3%  55%W +0.2%       -3.1% → +2.6%
  SNPS    20  50%W +0.0%  35%W -0.3%  55%W +0.0%  55%W +0.0%  55%W +0.1%  50%W +0.1%       -3.5% → +4.1%
  QCOM    20  50%W +0.0%  35%W -0.2%  40%W -0.4%  40%W -0.2%  60%W +0.4%  50%W +0.2%       -5.8% → +3.9%
  TSLA    20  30%W -0.5%  35%W -0.5%  35%W -0.6%  35%W -0.7%  50%W +0.2%  50%W +0.4%       -5.9% → +5.6%
  AVGO    20  60%W +0.0%  65%W +0.1%  50%W +0.0%  55%W +0.2%  55%W +0.1%  50%W +0.1%       -2.3% → +4.8%
  META    20  45%W -0.1%  45%W -0.0%  50%W -0.0%  30%W -0.2%  45%W -0.2%  45%W -0.2%       -5.0% → +4.1%
  MRVL    20  50%W -0.0%  55%W +0.0%  50%W +0.0%  55%W +0.2%  40%W -0.3%  40%W -0.4%       -4.9% → +5.2%
  AMD     20  40%W -0.5%  45%W -0.6%  35%W -0.6%  30%W -0.8%  40%W -0.7%  40%W -0.3%       -5.9% → +8.9%
Pre-session top-2 (9:25, 20d EOD win rate) — 2021-12-31  OR: 09:30/3b
  #1 APP    +15m 60%W +0.4%  +30m 60%W +0.4%  +1h 65%W +1.0%  +2h 70%W +1.4%  +5h 65%W +1.5%  EOD 70%W +1.6%  EOD range -6.1% → +12.9%
  #2 MU     +15m 45%W -0.1%  +30m 40%W -0.2%  +1h 40%W -0.0%  +2h 45%W -0.1%  +5h 65%W +0.4%  EOD 70%W +0.6%  EOD range -3.3% → +3.7%
  Ticker   N          +15m          +30m           +1h           +2h           +5h           EOD           EOD range
  ----------------------------------------------------------------------------------------------------------------------
  APP     20  60%W +0.4%  60%W +0.4%  65%W +1.0%  70%W +1.4%  65%W +1.5%  70%W +1.6%      -6.1% → +12.9%
  MU      20  45%W -0.1%  40%W -0.2%  40%W -0.0%  45%W -0.1%  65%W +0.4%  70%W +0.6%       -3.3% → +3.7%
  LLY     20  50%W -0.1%  50%W +0.0%  45%W -0.1%  45%W -0.1%  50%W -0.1%  70%W +0.1%       -1.9% → +4.0%
  SPOT    20  60%W +0.3%  60%W +0.5%  40%W -0.2%  50%W +0.0%  45%W -0.4%  65%W +0.3%       -2.9% → +4.6%
  DDOG    20  55%W +0.2%  55%W +0.4%  60%W +0.6%  50%W +0.1%  65%W +0.8%  65%W +1.5%       -4.4% → +7.6%
  CRWD    20  55%W +0.2%  50%W -0.0%  60%W +0.4%  45%W -0.1%  55%W +0.4%  60%W +0.5%       -4.8% → +5.6%
  PLTR    20  60%W +0.4%  50%W +0.0%  40%W -0.2%  55%W +0.0%  45%W -0.1%  60%W +0.4%       -4.0% → +5.2%
  SNOW    20  50%W +0.1%  45%W -0.1%  55%W +0.3%  60%W +0.8%  65%W +1.1%  55%W +0.5%       -7.8% → +5.7%
  CHTR    20  50%W +0.0%  50%W +0.0%  55%W +0.3%  60%W +0.3%  60%W +0.3%  55%W +0.2%       -3.1% → +2.6%
  TSLA    20  35%W -0.5%  40%W -0.3%  40%W -0.5%  40%W -0.6%  55%W +0.8%  55%W +0.8%       -5.1% → +5.6%
  META    20  45%W -0.1%  45%W -0.0%  55%W +0.1%  35%W -0.1%  50%W -0.0%  50%W +0.1%       -2.2% → +4.1%
  SNPS    20  50%W +0.0%  35%W -0.3%  55%W +0.0%  55%W +0.0%  60%W +0.1%  50%W +0.1%       -3.5% → +4.1%
  QCOM    20  50%W +0.0%  35%W -0.2%  40%W -0.4%  40%W -0.2%  55%W +0.2%  50%W +0.2%       -5.8% → +3.9%
  AVGO    20  55%W +0.0%  65%W +0.1%  50%W -0.0%  50%W -0.0%  50%W +0.0%  50%W +0.1%       -2.3% → +4.8%
  MRVL    20  45%W -0.1%  50%W -0.0%  50%W +0.0%  55%W +0.2%  45%W -0.1%  40%W -0.4%       -4.9% → +5.2%
  AMD     20  40%W -0.5%  45%W -0.6%  35%W -0.6%  35%W -0.8%  45%W -0.4%  40%W -0.3%       -4.9% → +8.9%

=========================================================================================================================================================================================
Pre-Session Top-2 Performance — 2021-12-01 to 2021-12-31  |  Unconditional OR-close entry  |  OR: 09:30/3b
=========================================================================================================================================================================================
Date         Ticker Rank  At       Entry       +15m       +30m       +45m        +1h     +1h30m        +2h        +3h        +4h        +5h        +6h        +7h        EOD
-----------------------------------------------------------------------------------------------------------------------------------------------------------------------------------------
2021-12-01   SNPS   #1    09:45   343.58    +0.97%W    +0.81%W    +0.48%W    +0.70%W    +1.08%W    +1.32%W    +1.09%W    -0.81%L    -0.65%L    -1.97%L    -2.76%L    -2.76%L
2021-12-01   MU     #2    09:45    86.81    +1.75%W    +2.04%W    +1.74%W    +1.89%W    +2.45%W    +1.64%W    +1.60%W    -0.17%L    +0.32%W    -1.01%L    -1.95%L    -1.95%L
2021-12-02   AVGO   #1    09:45   552.69    +0.98%W    +0.02%W    -0.26%L    -0.81%L    -0.01%L    -0.04%L    +0.37%W    -0.32%L    -0.04%L    +0.40%W    -0.04%L    -0.04%L
2021-12-02   SNOW   #2    09:45   344.98    +1.60%W    -1.71%L    -2.83%L    -2.59%L    +1.62%W    +2.18%W    +3.48%W    +1.24%W    +1.69%W    +4.12%W    +4.37%W    +4.37%W
2021-12-03   SNOW   #1    09:45   348.40    -1.16%L    -1.52%L    -3.69%L    -4.01%L    -2.82%L    -3.53%L    -1.69%L    -1.63%L    -1.60%L    -1.75%L    -0.88%L    -0.88%L
2021-12-03   MU     #2    09:45    83.19    -0.87%L    -1.03%L    -0.90%L    -1.37%L    -1.26%L    -0.91%L    -2.02%L    -2.63%L    -2.69%L    -2.73%L    -1.84%L    -1.84%L
2021-12-06   SNOW   #1    09:45   328.78    +0.96%W    +3.41%W    +5.16%W    +4.92%W    +4.67%W    +3.88%W    +4.27%W    +4.85%W    +3.86%W    +3.97%W    +3.83%W    +3.83%W
2021-12-06   MU     #2    09:45    81.48    -0.47%L    +0.21%W    +0.29%W    +0.10%W    +0.16%W    +0.56%W    +1.13%W    +1.42%W    +1.27%W    +1.31%W    +1.18%W    +1.18%W
2021-12-07   SNOW   #1    09:45   362.28    +1.58%W    +1.68%W    +2.94%W    +3.13%W    +1.11%W    +0.67%W    +1.54%W    +1.67%W    +0.94%W    +0.23%W    +0.20%W    +0.20%W
2021-12-07   MU     #2    09:45    85.54    +0.41%W    +0.06%W    +0.02%W    +0.56%W    +1.12%W    +1.09%W    +1.45%W    +1.22%W    +1.06%W    +0.05%W    +0.35%W    +0.35%W
2021-12-08   APP    #1    09:45    96.78    -1.67%L    -0.83%L    -0.90%L    -1.70%L    -0.81%L    +0.12%W    -0.84%L    -0.76%L    -1.66%L    -0.87%L    -0.74%L    -0.74%L
2021-12-08   SNOW   #2    09:45   363.73    -1.70%L    -1.08%L    -1.09%L    -0.66%L    +0.82%W    +2.06%W    +2.16%W    +2.53%W    +2.41%W    +1.95%W    +1.79%W    +1.79%W
2021-12-09   AVGO   #1    09:45   586.47    +0.25%W    +0.19%W    -0.04%L    -0.15%L    -0.10%L    +0.04%W    +0.04%W    -0.46%L    -0.10%L    +0.09%W    -0.51%L    -0.51%L
2021-12-09   SNOW   #2    09:45   366.81    +0.37%W    -0.62%L    -0.90%L    -1.00%L    -1.35%L    +0.51%W    +0.43%W    -0.56%L    +0.01%W    -1.28%L    -1.48%L    -1.48%L
2021-12-10   AVGO   #1    09:45   636.47    +0.17%W    +1.10%W    -0.83%L    -2.05%L    -1.42%L    -1.22%L    -1.34%L    -1.86%L    -1.81%L    -1.49%L    -0.69%L    -0.69%L
2021-12-10   SNOW   #2    09:45   363.00    +0.69%W    +2.09%W    +0.73%W    +0.55%W    +0.72%W    +1.44%W    +2.13%W    +1.12%W    +1.41%W    +1.76%W    +2.16%W    +2.16%W
2021-12-13   SNOW   #1    09:45   372.34    -0.25%L    -0.31%L    -1.28%L    -0.96%L    -3.44%L    -5.39%L    -6.22%L    -5.56%L    -4.87%L    -4.76%L    -4.94%L    -4.94%L
2021-12-13   SNPS   #2    09:45   363.85    +0.17%W    -0.05%L    -0.70%L    +0.04%W    -0.37%L    -0.69%L    -0.51%L    -0.48%L    -0.49%L    -0.18%L    -0.44%L    -0.44%L
2021-12-14   SNOW   #1    09:45   344.59    -0.53%L    +1.63%W    +3.02%W    +2.56%W    +1.81%W    +1.24%W    -0.08%L    +0.28%W    +1.42%W    +1.43%W    +1.78%W    +1.78%W
2021-12-14   SNPS   #2    09:45   355.20    -0.84%L    -1.33%L    -0.96%L    -1.56%L    -2.51%L    -2.27%L    -2.93%L    -3.50%L    -3.00%L    -2.57%L    -2.60%L    -2.60%L
2021-12-15   APP    #1    09:45    85.90    +0.00%L    +0.36%W    +0.77%W    +1.34%W    +0.93%W    -0.21%L    -0.12%L    +0.56%W    +0.01%W    +2.89%W    +3.28%W    +3.28%W
2021-12-15   SNOW   #2    09:45   348.85    -0.27%L    -0.23%L    +0.54%W    +0.45%W    -0.17%L    -0.63%L    -0.37%L    +0.05%W    +1.35%W    +2.59%W    +3.19%W    +3.19%W
2021-12-16   APP    #1    09:45    88.75    -1.62%L    -1.67%L    -1.89%L    -1.95%L    -2.85%L    -3.19%L    -4.79%L    -4.34%L    -6.72%L    -5.01%L    -5.52%L    -5.52%L
2021-12-16   SNOW   #2    09:45   352.40    -1.48%L    -2.42%L    -1.38%L    -2.56%L    -4.12%L    -6.24%L    -6.43%L    -6.40%L    -9.95%L    -9.19%L    -7.84%L    -7.84%L
2021-12-17   SNOW   #1    09:45   323.86    +0.67%W    -0.07%L    +1.61%W    +3.33%W    +3.41%W    +2.08%W    +2.61%W    +3.11%W    +3.55%W    +2.49%W    +2.57%W    +2.57%W
2021-12-17   MU     #2    09:45    82.17    -0.32%L    -0.84%L    -0.65%L    +0.15%W    +0.55%W    -0.21%L    +0.11%W    +0.66%W    +0.92%W    +0.71%W    +1.05%W    +1.05%W
2021-12-20   SNOW   #1    09:45   328.18    +1.94%W    +2.61%W    +1.56%W    +1.92%W    +0.93%W    +0.97%W    +1.63%W    +2.04%W    +1.77%W    +0.93%W    +0.87%W    +0.87%W
2021-12-20   MU     #2    09:45    81.59    +0.91%W    +1.88%W    +1.52%W    +0.96%W    +0.06%W    -0.48%L    -0.29%L    +0.03%W    -0.06%L    +0.42%W    +0.59%W    +0.59%W
2021-12-21   SNOW   #1    09:45   335.69    -0.43%L    +0.05%W    -0.78%L    -0.28%L    +1.82%W    +2.60%W    +3.75%W    +4.88%W    +5.96%W    +5.03%W    +5.69%W    +5.69%W
2021-12-21   MU     #2    09:45    89.34    -1.22%L    -0.13%L    -0.57%L    -0.31%L    +0.39%W    +0.43%W    +0.51%W    +1.16%W    +1.41%W    +1.81%W    +1.50%W    +1.50%W
2021-12-22   SNOW   #1    09:45   360.32    -1.45%L    -0.15%L    -1.05%L    -0.81%L    -0.02%L    -0.58%L    -1.16%L    -1.85%L    -1.60%L    -0.96%L    -0.44%L    -0.44%L
2021-12-22   MU     #2    09:45    90.13    -0.99%L    -0.36%L    -0.72%L    -0.87%L    -0.24%L    -0.29%L    -0.29%L    -0.71%L    -0.23%L    -0.26%L    +0.22%W    +0.22%W
2021-12-23   SNOW   #1    09:45   354.43    -0.40%L    -0.28%L    -0.12%L    -0.22%L    -0.75%L    -0.18%L    -0.46%L    -0.29%L    -0.89%L    -0.53%L    -1.51%L    -1.51%L
2021-12-23   MU     #2    09:45    92.32    +1.41%W    +1.01%W    +0.73%W    +0.43%W    +1.03%W    +2.29%W    +2.31%W    +2.50%W    +2.66%W    +2.53%W    +2.24%W    +2.24%W
2021-12-27   MU     #1    09:45    93.43    -0.16%L    +0.51%W    +1.31%W    +1.52%W    +1.46%W    +0.82%W    +0.93%W    +1.00%W    +1.12%W    +0.75%W    +1.06%W    +1.06%W
2021-12-27   LLY    #2    09:45   277.41    +0.80%W    +0.37%W    +0.38%W    +0.01%W    -0.08%L    +0.12%W    +0.25%W    +0.02%W    +0.07%W    +0.13%W    +0.36%W    +0.36%W
2021-12-28   LLY    #1    09:45   278.20    -0.19%L    -0.21%L    -0.46%L    -0.26%L    -0.18%L    -0.42%L    -0.73%L    -0.66%L    -0.67%L    -0.59%L    -0.65%L    -0.65%L
2021-12-28   APP    #2    09:45    95.34    +1.31%W    -0.50%L    -0.03%L    -0.36%L    -1.13%L    -0.99%L    -2.64%L    -2.45%L    -2.19%L    -2.09%L    -2.15%L    -2.15%L
2021-12-29   LLY    #1    09:45   278.14    -0.15%L    +0.02%W    -0.05%L    +0.16%W    -0.13%L    -0.06%L    -0.15%L    -0.16%L    +0.01%W    +0.24%W    +0.05%W    +0.05%W
2021-12-29   APP    #2    09:45    90.31    -1.32%L    +0.50%W    +1.11%W    +1.47%W    +1.82%W    +1.41%W    +1.00%W    +0.22%W    +1.12%W    +1.28%W    +1.14%W    +1.14%W
2021-12-30   MU     #1    09:45    94.20    -0.51%L    +0.37%W    +0.16%W    +0.80%W    +0.48%W    +0.69%W    +1.30%W    +0.93%W    +0.90%W    -0.01%L    -0.34%L    -0.34%L
2021-12-30   LLY    #2    09:45   278.14    -0.38%L    -0.42%L    -0.28%L    -0.20%L    -0.44%L    -0.23%L    +0.00%W    -0.21%L    -0.18%L    -0.17%L    -0.29%L    -0.29%L
2021-12-31   APP    #1    09:45    94.12    +0.54%W    +1.34%W    +0.76%W    +0.54%W    +0.46%W    +0.82%W    +0.67%W    +0.62%W    +0.50%W    +0.38%W    +0.12%W    +0.12%W
2021-12-31   MU     #2    09:45    93.63    -0.12%L    +0.18%W    -0.18%L    -0.17%L    +0.26%W    +0.31%W    +0.27%W    +0.38%W    +0.05%W    -0.27%L    -0.54%L    -0.54%L

========================================================================================
Pre-session picks summary — 44 pick(s) across 22 trading day(s)

Top-2 picks (all days)  (44 signal(s))
  Hold      Count   Win Rate   Avg Gain    Avg Win   Avg Loss  Exp Value  Total P&L
  ------------------------------------------------------------------------------------
  +15m         44      43.2%      -0.02%      +0.92%      -0.74%      -0.02%      -1.01%
  +30m         44      52.3%      +0.15%      +0.98%      -0.75%      +0.15%      +6.71%
  +45m         44      43.2%      +0.05%      +1.31%      -0.90%      +0.05%      +2.30%
  +1h          44      50.0%      +0.06%      +1.25%      -1.13%      +0.06%      +2.66%
  +1h30m       44      52.3%      +0.11%      +1.27%      -1.15%      +0.11%      +4.93%
  +2h          44      54.5%      +0.03%      +1.22%      -1.39%      +0.03%      +1.51%
  +3h          44      56.8%      +0.04%      +1.40%      -1.74%      +0.04%      +1.95%
  +4h          44      52.3%      -0.08%      +1.41%      -1.71%      -0.08%      -3.34%
  +5h          44      56.8%      -0.08%      +1.43%      -2.07%      -0.08%      -3.61%
  +6h          44      54.5%      -0.00%      +1.56%      -1.88%      -0.00%      -0.22%
  +7h          44      52.3%      +0.03%      +1.72%      -1.82%      +0.03%      +1.42%
  EOD          44      52.3%      +0.03%      +1.72%      -1.82%      +0.03%      +1.42%

=========================================================================================================================================================================================
Signal Analysis — 2021-12-01 to 2021-12-31  |  BULL only  |  Vol ≥ 1.0x 20dAvg
Windows: 09:30/3b  |  Collection: 3 bars  |  Tickers: 19
=========================================================================================================================================================================================
Date         Ticker Window   At       Entry  Vol/20d       +15m       +30m       +45m        +1h     +1h30m        +2h        +3h        +4h        +5h        +6h        +7h        EOD
-----------------------------------------------------------------------------------------------------------------------------------------------------------------------------------------
2021-12-01   SNPS   09:30/3b 09:40   344.60    1.74x    +0.26%W    +0.66%W    +0.33%W    -0.03%L    +0.61%W    +0.86%W    +0.75%W    -0.74%L    -1.00%L    -1.86%L    -3.05%L    -3.05%L
2021-12-01   MRVL   09:30/3b 09:40    73.26    1.26x    +1.24%W    +2.25%W    +1.14%W    +0.90%W    +1.48%W    +0.73%W    +0.68%W    -0.93%L    -0.62%L    -1.57%L    -3.16%L    -3.16%L
2021-12-01   AVGO   09:30/3b 09:40   561.69    2.34x    +0.73%W    +1.04%W    +0.68%W    +0.70%W    +0.95%W    +0.78%W    +1.10%W    +0.43%W    +0.51%W    -0.02%L    -1.27%L    -1.27%L
2021-12-02   SNPS   09:30/3b 09:40   361.00    5.45x    +0.32%W    -1.39%L    -2.04%L    -3.20%L    -1.33%L    -3.39%L    -3.08%L    -2.94%L    -3.03%L    -3.04%L    -3.12%L    -3.12%L
2021-12-02   SPOT   09:30/3b 09:40   231.34    1.86x    -0.68%L    -0.39%L    -0.72%L    -2.19%L    -0.51%L    -1.15%L    -0.24%L    -0.93%L    -1.25%L    -0.72%L    -1.16%L    -1.16%L
2021-12-02   PLTR   09:30/3b 09:40    19.65    1.07x    +0.87%W    +0.10%W    -0.50%L    -2.32%L    -1.07%L    -1.55%L    -0.89%L    -1.94%L    -0.92%L    +0.15%W    +0.15%W    +0.15%W
2021-12-02   DDOG   09:30/3b 09:40   166.72    1.22x    -0.17%L    +0.86%W    -0.34%L    -2.57%L    -0.84%L    -1.18%L    +0.49%W    -0.38%L    +0.10%W    +0.98%W    +1.63%W    +1.63%W
2021-12-06   META   09:30/3b 09:40   310.79    1.11x    +0.46%W    +1.41%W    +1.58%W    +0.83%W    +1.00%W    +1.39%W    +1.48%W    +1.84%W    +1.70%W    +2.46%W    +2.28%W    +2.28%W
2021-12-06   MRVL   09:30/3b 09:40    82.67    1.84x    -1.97%L    -1.14%L    -0.09%L    -0.76%L    -0.50%L    +0.89%W    +0.49%W    +2.49%W    +2.46%W    +3.14%W    +3.33%W    +3.33%W
2021-12-07   LLY    09:30/3b 09:40   244.12    1.64x    -0.34%L    -0.09%L    -0.11%L    -0.80%L    -0.43%L    -0.46%L    -0.87%L    -1.04%L    -0.80%L    +0.29%W    +0.41%W    +0.41%W
2021-12-08   SPOT   09:30/3b 09:40   239.00    1.46x    +0.62%W    -0.26%L    +0.08%W    -0.24%L    +0.87%W    +0.87%W    +1.88%W    +2.38%W    +2.19%W    +1.58%W    +1.72%W    +1.72%W
2021-12-08   MRVL   09:30/3b 09:40    91.73    1.06x    -1.50%L    +0.55%W    +0.68%W    +0.50%W    +1.66%W    +1.96%W    +1.69%W    +1.23%W    -0.43%L    -0.22%L    -0.48%L    -0.48%L
2021-12-08   AVGO   09:30/3b 09:45   587.08    1.50x    +0.05%W    -0.25%L    -0.65%L    -0.23%L    +0.09%W    +0.51%W    +0.21%W    +0.15%W    +0.05%W    +0.34%W    +0.30%W    +0.30%W
2021-12-09   MRVL   09:30/3b 09:40    91.21    1.21x    +0.32%W    +0.43%W    +0.56%W    +0.23%W    +1.70%W    +0.93%W    +0.69%W    -0.15%L    -0.03%L    -0.54%L    -1.29%L    -1.29%L
2021-12-09   QCOM   09:30/3b 09:40   186.54    1.17x    +0.58%W    -0.02%L    +0.05%W    -0.40%L    -0.28%L    -0.72%L    -1.44%L    -1.85%L    -1.99%L    -1.80%L    -2.29%L    -2.29%L
2021-12-09   AVGO   09:30/3b 09:40   589.42    1.21x    -0.50%L    -0.39%L    -0.51%L    -0.62%L    -0.47%L    -0.36%L    -0.50%L    -0.69%L    -0.68%L    -0.50%L    -1.01%L    -1.01%L
2021-12-10   LLY    09:30/3b 09:45   242.71    1.32x    +0.42%W    +0.25%W    +0.25%W    +0.02%W    +0.22%W    +0.58%W    +0.02%W    +0.09%W    +0.13%W    +0.60%W    +0.59%W    +0.59%W
2021-12-10   CHTR   09:30/3b 09:40   617.25    1.14x    -0.82%L    -0.83%L    -0.78%L    -1.15%L    -1.08%L    -0.98%L    -1.34%L    -1.13%L    -1.22%L    -0.91%L    -1.12%L    -1.12%L
2021-12-13   META   09:30/3b 09:40   338.81    1.89x    -0.06%L    +0.51%W    -0.58%L    -0.62%L    -0.37%L    -1.07%L    -1.37%L    -1.35%L    -0.76%L    -0.69%L    -1.26%L    -1.26%L
2021-12-13   SNOW   09:30/3b 09:40   374.99    2.52x    -0.57%L    -0.53%L    -1.81%L    -1.99%L    -3.01%L    -5.53%L    -6.07%L    -6.15%L    -5.68%L    -5.36%L    -5.61%L    -5.61%L
2021-12-13   SPOT   09:30/3b 09:40   233.34    1.03x    -0.88%L    -0.98%L    -2.32%L    -2.62%L    -3.34%L    -3.57%L    -3.49%L    -3.29%L    -3.36%L    -3.56%L    -3.31%L    -3.31%L
2021-12-14   LLY    09:30/3b 09:40   248.57    1.13x    +0.37%W    +0.17%W    +0.40%W    +0.50%W    +0.22%W    +0.10%W    +0.21%W    -0.00%L    +0.04%W    +0.24%W    +0.32%W    +0.32%W
2021-12-14   CHTR   09:30/3b 09:40   611.16    1.60x    +1.22%W    +1.81%W    +2.53%W    +2.87%W    +2.71%W    +1.80%W    +1.81%W    +1.45%W    +1.45%W    +1.66%W    +1.76%W    +1.76%W
2021-12-14   AVGO   09:30/3b 09:40   617.99    3.31x    -0.57%L    -0.94%L    -0.80%L    -1.18%L    -1.45%L    -1.80%L    -1.49%L    -1.00%L    -0.56%L    -0.32%L    -0.49%L    -0.49%L
2021-12-16   SNOW   09:30/3b 09:45   352.40    1.25x    -1.48%L    -2.42%L    -1.38%L    -2.56%L    -4.12%L    -6.24%L    -6.43%L    -6.40%L    -9.95%L    -9.19%L    -7.84%L    -7.84%L
2021-12-16   LLY    09:30/3b 09:40   275.39    2.23x    +1.77%W    +2.65%W    +2.41%W    +1.81%W    +1.77%W    +1.60%W    +1.84%W    +1.77%W    +1.47%W    +1.29%W    +1.27%W    +1.27%W
2021-12-17   SPOT   09:30/3b 09:45   225.13    1.57x    +0.84%W    +0.55%W    +2.11%W    +3.52%W    +4.82%W    +3.78%W    +4.77%W    +4.52%W    +4.71%W    +4.41%W    +4.58%W    +4.58%W
2021-12-17   PLTR   09:30/3b 09:45    18.12    1.07x    +1.10%W    +0.99%W    +2.79%W    +3.81%W    +4.66%W    +3.06%W    +4.22%W    +4.77%W    +5.23%W    +4.64%W    +5.19%W    +5.19%W
2021-12-17   TSLA   09:30/3b 09:40   922.73    1.49x    +1.76%W    +0.17%W    +0.69%W    +2.28%W    +3.80%W    +2.51%W    +1.91%W    +2.52%W    +3.14%W    +1.35%W    +0.91%W    +0.91%W
2021-12-17   AVGO   09:30/3b 09:40   622.84    1.66x    +0.98%W    +0.04%W    +0.87%W    +1.06%W    +1.79%W    +0.42%W    +0.99%W    +1.59%W    +1.99%W    +2.63%W    +1.95%W    +1.95%W
2021-12-17   AMD    09:30/3b 09:40   137.65    1.09x    +1.83%W    +0.47%W    +1.48%W    +1.95%W    +3.00%W    +1.25%W    -0.12%L    +0.49%W    +0.70%W    +0.15%W    +0.13%W    +0.13%W
2021-12-20   AVGO   09:30/3b 09:40   630.50    1.25x    +0.63%W    +0.77%W    +1.71%W    +2.26%W    +1.43%W    +1.39%W    +1.81%W    +1.84%W    +2.18%W    +2.12%W    +2.34%W    +2.34%W
2021-12-22   MU     09:30/3b 09:40    89.86    1.21x    -0.92%L    -0.29%L    -0.30%L    -0.27%L    -0.04%L    +0.08%W    -0.25%L    -0.47%L    -0.11%L    -0.06%L    +0.52%W    +0.52%W
2021-12-22   PLTR   09:30/3b 09:40    19.43    1.27x    -1.05%L    -2.03%L    -2.42%L    -2.83%L    -1.91%L    -2.21%L    -2.75%L    -3.42%L    -3.40%L    -2.98%L    -2.87%L    -2.87%L
2021-12-22   DDOG   09:30/3b 09:40   181.57    1.01x    -1.73%L    -3.47%L    -3.49%L    -3.13%L    -1.47%L    -1.04%L    -1.41%L    -2.04%L    -1.80%L    -1.18%L    -1.02%L    -1.02%L
2021-12-23   MU     09:30/3b 09:50    92.54    1.57x    +0.88%W    +0.79%W    +0.38%W    +0.17%W    +0.77%W    +2.32%W    +1.92%W    +2.52%W    +2.53%W    +2.25%W    +2.00%W    +2.00%W
2021-12-23   TSLA   09:30/3b 09:45  1011.01    1.06x    -0.08%L    +0.81%W    +1.68%W    +2.85%W    +3.29%W    +4.30%W    +5.19%W    +5.34%W    +5.18%W    +5.50%W    +5.58%W    +5.58%W
2021-12-27   AMD    09:30/3b 09:40   150.49    1.16x    +0.16%W    +0.48%W    +1.05%W    +0.78%W    +0.99%W    +1.38%W    +1.71%W    +2.63%W    +2.59%W    +2.27%W    +2.56%W    +2.56%W
2021-12-28   META   09:30/3b 09:40   352.36    1.71x    -0.22%L    -1.26%L    -0.81%L    -0.89%L    -1.24%L    -1.22%L    -1.51%L    -1.53%L    -1.56%L    -1.47%L    -1.74%L    -1.74%L
2021-12-30   MU     09:30/3b 09:45    94.20    1.17x    -0.51%L    +0.37%W    +0.16%W    +0.80%W    +0.48%W    +0.69%W    +1.30%W    +0.93%W    +0.90%W    -0.01%L    -0.34%L    -0.34%L
2021-12-31   AMD    09:30/3b 09:40   147.63    1.25x    -0.69%L    -1.28%L    -1.25%L    -1.57%L    -1.70%L    -0.97%L    -1.59%L    -1.86%L    -2.51%L    -2.23%L    -2.51%L    -2.51%L

========================================================================================
Summary — 41 qualifying signal(s) across 22 trading day(s)

Window 09:30/3b  (41 signal(s))
  Hold      Count   Win Rate   Avg Gain    Avg Win   Avg Loss  Exp Value  Total P&L
  ------------------------------------------------------------------------------------
  +15m         41      53.7%      +0.07%      +0.79%      -0.78%      +0.07%      +2.67%
  +30m         41      56.1%      +0.00%      +0.79%      -1.00%      +0.00%      +0.20%
  +45m         41      53.7%      +0.07%      +1.07%      -1.10%      +0.07%      +2.72%
  +1h          41      46.3%      -0.10%      +1.47%      -1.46%      -0.10%      -4.29%
  +1h30m       41      53.7%      +0.32%      +1.74%      -1.32%      +0.32%     +13.17%
  +2h          41      58.5%      +0.02%      +1.42%      -1.97%      +0.02%      +0.74%
  +3h          41      56.1%      +0.06%      +1.62%      -1.94%      +0.06%      +2.31%
  +4h          41      46.3%      -0.03%      +2.05%      -1.83%      -0.03%      -1.27%
  +5h          41      48.8%      -0.06%      +1.96%      -1.98%      -0.06%      -2.43%
  +6h          41      48.8%      -0.00%      +1.90%      -1.82%      -0.00%      -0.18%
  +7h          41      51.2%      -0.13%      +1.88%      -2.25%      -0.13%      -5.40%
  EOD          41      51.2%      -0.13%      +1.88%      -2.25%      -0.13%      -5.40%
