Fetching 5-min bars (2021-01-15 → 2021-03-31) [alpaca]...
  [cache] fetching 2 tickers from alpaca (cache miss)
  [cache] loaded 16 tickers from cache
Fetching daily bars (2020-03-01 → 2021-03-31)...

=========================================================================================================================================================================================
Pre-Session Rankings (9:25) — 2021-03-01 to 2021-03-31  |  20d lookback
(Unconditional hold from OR close — no signal or vol filter)
=========================================================================================================================================================================================
Pre-session top-2 (9:25, 20d EOD win rate) — 2021-03-01  OR: 09:30/3b
  #1 META   +15m 55%W +0.0%  +30m 50%W +0.0%  +1h 40%W -0.4%  +2h 55%W +0.1%  +5h 60%W +0.2%  EOD 65%W +0.2%  EOD range -4.1% → +3.5%
  #2 AVGO   +15m 65%W +0.1%  +30m 55%W +0.0%  +1h 60%W +0.2%  +2h 60%W +0.4%  +5h 60%W +0.5%  EOD 65%W +0.5%  EOD range -4.3% → +3.5%
  Ticker   N          +15m          +30m           +1h           +2h           +5h           EOD           EOD range
  ----------------------------------------------------------------------------------------------------------------------
  META    20    55%W +0.0%    50%W +0.0%    40%W -0.4%    55%W +0.1%    60%W +0.2%    65%W +0.2%       -4.1% → +3.5%
  AVGO    20    65%W +0.1%    55%W +0.0%    60%W +0.2%    60%W +0.4%    60%W +0.5%    65%W +0.5%       -4.3% → +3.5%
  DDOG    20    50%W +0.0%    50%W -0.0%    50%W -0.0%    65%W +0.9%    55%W +0.4%    65%W +0.8%       -4.4% → +5.9%
  MU      20    65%W +0.2%    45%W -0.3%    55%W +0.1%    50%W +0.0%    55%W +0.2%    60%W +0.6%       -4.2% → +5.5%
  AMD     20    45%W -0.1%    30%W -0.1%    45%W -0.2%    60%W +0.2%    55%W +0.1%    60%W +0.1%       -4.6% → +5.4%
  SNOW    20    70%W +0.5%    55%W +0.3%    50%W +0.1%    55%W +0.2%    50%W -0.2%    55%W +0.3%       -4.9% → +9.9%
  LLY     20    60%W +0.2%    55%W +0.1%    55%W +0.1%    45%W -0.1%    60%W +0.2%    55%W +0.1%       -3.5% → +2.9%
  MRVL    20    45%W -0.0%    45%W -0.4%    40%W -0.3%    50%W -0.1%    55%W +0.3%    55%W +0.0%       -4.7% → +3.6%
  SPOT    20    50%W +0.1%    50%W -0.0%    45%W -0.2%    45%W -0.1%    60%W +0.9%    50%W +0.7%       -8.7% → +7.4%
  CRWD    20    40%W -0.4%    35%W -0.3%    25%W -0.7%    45%W -0.1%    60%W +0.3%    50%W +0.1%       -3.9% → +8.0%
  CHTR    20    40%W -0.1%    35%W -0.4%    35%W -0.1%    50%W -0.0%    50%W +0.0%    50%W -0.2%       -1.8% → +1.7%
  SNPS    20    50%W -0.0%    45%W -0.2%    35%W -0.4%    45%W -0.2%    35%W -0.3%    45%W -0.2%       -5.3% → +5.2%
  TSLA    20    35%W -0.3%    30%W -0.4%    20%W -0.7%    35%W -0.6%    35%W -0.7%    40%W -0.6%      -6.5% → +10.5%
  QCOM    20    50%W +0.0%    25%W -0.4%    35%W -0.6%    35%W -0.5%    35%W -0.5%    35%W -0.4%       -3.3% → +3.8%
  PLTR    20    45%W -0.4%    40%W -0.9%    40%W -0.5%    30%W -1.0%    30%W -1.8%    25%W -3.0%      -7.3% → +11.4%
Pre-session top-2 (9:25, 20d EOD win rate) — 2021-03-02  OR: 09:30/3b
  #1 META   +15m 55%W +0.1%  +30m 50%W +0.1%  +1h 45%W -0.3%  +2h 60%W +0.2%  +5h 65%W +0.5%  EOD 70%W +0.3%  EOD range -4.1% → +3.5%
  #2 AVGO   +15m 65%W +0.1%  +30m 55%W +0.0%  +1h 60%W +0.2%  +2h 60%W +0.4%  +5h 60%W +0.7%  EOD 65%W +0.9%  EOD range -4.3% → +3.5%
  Ticker   N          +15m          +30m           +1h           +2h           +5h           EOD           EOD range
  ----------------------------------------------------------------------------------------------------------------------
  META    20    55%W +0.1%    50%W +0.1%    45%W -0.3%    60%W +0.2%    65%W +0.5%    70%W +0.3%       -4.1% → +3.5%
  AVGO    20    65%W +0.1%    55%W +0.0%    60%W +0.2%    60%W +0.4%    60%W +0.7%    65%W +0.9%       -4.3% → +3.5%
  AMD     20    45%W -0.1%    30%W -0.1%    45%W -0.2%    60%W +0.2%    60%W +0.1%    65%W +0.2%       -4.6% → +5.4%
  DDOG    20    45%W -0.1%    45%W -0.4%    45%W -0.3%    60%W +0.6%    55%W +0.4%    65%W +0.8%       -4.4% → +5.0%
  MU      20    65%W +0.2%    45%W -0.3%    55%W +0.1%    50%W +0.0%    60%W +0.4%    60%W +0.6%       -4.2% → +5.5%
  MRVL    20    40%W -0.0%    40%W -0.4%    40%W -0.3%    50%W -0.1%    55%W +0.6%    60%W +0.5%       -4.7% → +3.6%
  SNOW    20    65%W +0.4%    50%W +0.1%    50%W +0.1%    55%W +0.2%    45%W -0.3%    55%W +0.3%       -4.9% → +9.9%
  SPOT    20    50%W +0.0%    50%W -0.0%    50%W +0.0%    50%W +0.2%    65%W +1.4%    55%W +1.4%       -8.7% → +7.4%
  LLY     20    60%W +0.2%    55%W +0.1%    55%W +0.1%    45%W -0.1%    60%W +0.2%    55%W +0.1%       -2.2% → +2.9%
  CHTR    20    45%W -0.0%    40%W -0.2%    40%W -0.0%    55%W +0.1%    55%W +0.2%    55%W +0.1%       -1.8% → +1.7%
  SNPS    20    45%W -0.1%    40%W -0.2%    35%W -0.4%    45%W -0.2%    40%W -0.3%    50%W -0.0%       -5.3% → +5.2%
  CRWD    20    35%W -0.4%    30%W -0.4%    25%W -0.7%    45%W -0.1%    60%W +0.3%    50%W +0.1%       -3.9% → +8.0%
  TSLA    20    35%W -0.3%    35%W -0.4%    25%W -0.6%    40%W -0.4%    40%W -0.5%    45%W -0.4%      -6.5% → +10.5%
  QCOM    20    50%W +0.0%    25%W -0.4%    35%W -0.6%    35%W -0.5%    40%W -0.4%    40%W -0.3%       -3.3% → +3.8%
  PLTR    20    45%W -0.4%    40%W -0.9%    35%W -0.5%    30%W -1.0%    30%W -1.5%    25%W -3.0%      -7.3% → +11.4%
Pre-session top-2 (9:25, 20d EOD win rate) — 2021-03-03  OR: 09:30/3b
  #1 META   +15m 55%W +0.1%  +30m 50%W +0.1%  +1h 40%W -0.4%  +2h 55%W +0.1%  +5h 60%W +0.2%  EOD 65%W +0.2%  EOD range -4.1% → +3.5%
  #2 DDOG   +15m 50%W +0.0%  +30m 45%W -0.2%  +1h 45%W -0.3%  +2h 60%W +0.6%  +5h 55%W +0.4%  EOD 65%W +0.8%  EOD range -4.4% → +5.0%
  Ticker   N          +15m          +30m           +1h           +2h           +5h           EOD           EOD range
  ----------------------------------------------------------------------------------------------------------------------
  META    20    55%W +0.1%    50%W +0.1%    40%W -0.4%    55%W +0.1%    60%W +0.2%    65%W +0.2%       -4.1% → +3.5%
  DDOG    20    50%W +0.0%    45%W -0.2%    45%W -0.3%    60%W +0.6%    55%W +0.4%    65%W +0.8%       -4.4% → +5.0%
  MU      20    70%W +0.3%    50%W +0.1%    55%W +0.1%    50%W +0.0%    60%W +0.4%    60%W +0.6%       -4.2% → +5.5%
  AVGO    20    60%W +0.1%    50%W -0.1%    55%W +0.1%    55%W +0.2%    55%W +0.5%    60%W +0.5%       -4.3% → +3.5%
  AMD     20    45%W -0.1%    30%W -0.1%    45%W -0.1%    55%W +0.2%    55%W +0.1%    60%W +0.1%       -4.6% → +5.4%
  SPOT    20    55%W +0.1%    55%W +0.1%    55%W +0.2%    50%W +0.2%    65%W +1.2%    55%W +1.4%       -8.7% → +7.4%
  LLY     20    55%W +0.1%    50%W -0.0%    50%W -0.0%    40%W -0.2%    60%W +0.2%    55%W +0.1%       -2.4% → +2.9%
  MRVL    20    40%W -0.0%    40%W -0.4%    40%W -0.3%    45%W -0.4%    50%W +0.2%    55%W +0.0%       -4.7% → +3.6%
  CHTR    20    50%W +0.0%    40%W -0.2%    40%W -0.0%    55%W +0.1%    55%W +0.2%    55%W +0.1%       -1.8% → +1.7%
  SNOW    20    70%W +0.5%    55%W +0.3%    50%W +0.1%    55%W +0.2%    45%W -0.3%    50%W -0.2%       -4.9% → +9.9%
  CRWD    20    40%W -0.4%    35%W -0.3%    25%W -0.4%    45%W -0.1%    55%W +0.3%    50%W +0.1%       -3.9% → +8.0%
  SNPS    20    40%W -0.1%    35%W -0.3%    30%W -0.5%    40%W -0.4%    35%W -0.4%    45%W -0.4%       -5.3% → +5.2%
  TSLA    20    40%W -0.2%    40%W -0.3%    30%W -0.6%    35%W -0.6%    35%W -0.7%    40%W -0.6%      -6.5% → +10.5%
  QCOM    20    50%W +0.0%    25%W -0.4%    30%W -0.6%    30%W -0.5%    35%W -0.4%    35%W -0.4%       -3.3% → +3.8%
  PLTR    20    45%W -0.3%    45%W -0.7%    35%W -0.3%    30%W -1.0%    25%W -1.5%    25%W -3.0%      -7.3% → +11.4%
Pre-session top-2 (9:25, 20d EOD win rate) — 2021-03-04  OR: 09:30/3b
  #1 META   +15m 50%W -0.0%  +30m 45%W -0.1%  +1h 35%W -0.4%  +2h 55%W +0.1%  +5h 55%W +0.1%  EOD 60%W +0.1%  EOD range -4.1% → +3.5%
  #2 DDOG   +15m 50%W +0.0%  +30m 40%W -0.4%  +1h 40%W -0.4%  +2h 55%W +0.4%  +5h 50%W +0.1%  EOD 60%W +0.6%  EOD range -4.4% → +5.0%
  Ticker   N          +15m          +30m           +1h           +2h           +5h           EOD           EOD range
  ----------------------------------------------------------------------------------------------------------------------
  META    20    50%W -0.0%    45%W -0.1%    35%W -0.4%    55%W +0.1%    55%W +0.1%    60%W +0.1%       -4.1% → +3.5%
  DDOG    20    50%W +0.0%    40%W -0.4%    40%W -0.4%    55%W +0.4%    50%W +0.1%    60%W +0.6%       -4.4% → +5.0%
  MU      20    75%W +0.3%    50%W +0.1%    55%W +0.1%    55%W +0.2%    55%W +0.2%    55%W +0.3%       -4.2% → +5.5%
  LLY     20    50%W +0.0%    45%W -0.1%    50%W -0.0%    40%W -0.1%    65%W +0.2%    55%W +0.1%       -2.4% → +2.9%
  MRVL    20    45%W -0.0%    40%W -0.4%    40%W -0.3%    45%W -0.2%    50%W +0.2%    55%W +0.0%       -4.7% → +3.6%
  AVGO    20    60%W +0.1%    50%W -0.1%    55%W +0.1%    50%W +0.1%    50%W +0.1%    55%W +0.3%       -4.3% → +3.5%
  AMD     20    45%W -0.1%    30%W -0.1%    45%W -0.1%    55%W +0.2%    50%W -0.1%    55%W +0.1%       -4.6% → +5.4%
  SPOT    20    50%W +0.0%    50%W -0.0%    50%W +0.0%    45%W -0.1%    60%W +0.9%    50%W +0.7%       -8.7% → +7.4%
  CRWD    20    40%W -0.4%    35%W -0.3%    25%W -0.4%    50%W +0.0%    50%W -0.2%    50%W -0.0%       -3.9% → +8.0%
  CHTR    20    50%W +0.0%    35%W -0.3%    35%W -0.1%    55%W +0.1%    50%W +0.0%    50%W -0.2%       -1.8% → +1.7%
  SNOW    20    65%W +0.4%    50%W +0.1%    50%W +0.1%    50%W +0.0%    40%W -0.8%    45%W -0.9%       -5.4% → +9.9%
  SNPS    20    40%W -0.1%    35%W -0.3%    30%W -0.5%    40%W -0.4%    35%W -0.5%    40%W -0.8%       -5.3% → +5.2%
  TSLA    20    45%W -0.2%    35%W -0.4%    25%W -0.7%    30%W -0.6%    30%W -1.0%    35%W -1.0%      -6.5% → +10.5%
  QCOM    20    50%W +0.0%    25%W -0.4%    30%W -0.6%    30%W -0.5%    30%W -0.5%    30%W -0.5%       -3.3% → +3.8%
  PLTR    20    45%W -0.3%    45%W -0.7%    35%W -0.3%    30%W -1.0%    25%W -1.5%    25%W -3.0%      -7.3% → +11.4%
Pre-session top-2 (9:25, 20d EOD win rate) — 2021-03-05  OR: 09:30/3b
  #1 META   +15m 50%W -0.0%  +30m 40%W -0.3%  +1h 35%W -0.4%  +2h 55%W +0.1%  +5h 50%W +0.0%  EOD 55%W +0.1%  EOD range -4.1% → +3.5%
  #2 MU     +15m 75%W +0.3%  +30m 50%W +0.1%  +1h 55%W +0.1%  +2h 55%W +0.2%  +5h 55%W +0.2%  EOD 55%W +0.3%  EOD range -5.0% → +5.5%
  Ticker   N          +15m          +30m           +1h           +2h           +5h           EOD           EOD range
  ----------------------------------------------------------------------------------------------------------------------
  META    20    50%W -0.0%    40%W -0.3%    35%W -0.4%    55%W +0.1%    50%W +0.0%    55%W +0.1%       -4.1% → +3.5%
  MU      20    75%W +0.3%    50%W +0.1%    55%W +0.1%    55%W +0.2%    55%W +0.2%    55%W +0.3%       -5.0% → +5.5%
  LLY     20    50%W +0.0%    45%W -0.1%    45%W -0.1%    40%W -0.1%    65%W +0.2%    55%W +0.1%       -2.4% → +2.9%
  MRVL    20    40%W -0.0%    40%W -0.4%    45%W -0.1%    45%W -0.2%    50%W +0.2%    55%W +0.0%       -5.6% → +3.6%
  CHTR    20    50%W +0.0%    35%W -0.2%    40%W -0.0%    55%W +0.2%    55%W +0.2%    55%W +0.1%       -1.8% → +1.7%
  AVGO    20    60%W +0.1%    50%W -0.1%    55%W +0.1%    50%W +0.1%    50%W +0.1%    55%W +0.3%       -4.7% → +3.5%
  AMD     20    45%W -0.1%    30%W -0.1%    45%W -0.1%    55%W +0.2%    50%W -0.1%    55%W +0.1%       -4.7% → +5.4%
  DDOG    20    45%W -0.1%    35%W -0.7%    35%W -0.5%    50%W +0.0%    45%W -0.1%    55%W +0.3%       -4.6% → +5.0%
  SNOW    20    60%W +0.4%    45%W -0.1%    50%W +0.1%    50%W +0.1%    45%W -0.3%    50%W -0.2%       -5.4% → +9.9%
  SPOT    20    50%W +0.0%    50%W -0.0%    50%W +0.0%    50%W +0.2%    60%W +0.9%    50%W +0.7%       -8.7% → +7.4%
  CRWD    20    35%W -0.4%    35%W -0.3%    25%W -0.7%    50%W +0.0%    50%W -0.5%    50%W -0.0%       -6.3% → +8.0%
  SNPS    20    40%W -0.1%    35%W -0.3%    30%W -0.6%    40%W -0.3%    35%W -0.5%    40%W -0.8%       -5.3% → +5.2%
  TSLA    20    40%W -0.2%    35%W -0.4%    25%W -0.7%    30%W -0.7%    30%W -1.3%    35%W -1.0%      -6.5% → +10.5%
  QCOM    20    50%W +0.0%    25%W -0.4%    30%W -0.6%    30%W -0.5%    30%W -0.5%    30%W -0.5%       -3.8% → +3.8%
  PLTR    20    45%W -0.3%    45%W -0.7%    40%W -0.2%    35%W -0.9%    25%W -1.5%    30%W -2.7%      -7.3% → +11.4%
Pre-session top-2 (9:25, 20d EOD win rate) — 2021-03-08  OR: 09:30/3b
  #1 MRVL   +15m 35%W -0.0%  +30m 35%W -0.4%  +1h 40%W -0.3%  +2h 45%W -0.3%  +5h 55%W +0.6%  EOD 60%W +0.5%  EOD range -5.6% → +3.7%
  #2 META   +15m 55%W +0.0%  +30m 40%W -0.1%  +1h 35%W -0.4%  +2h 55%W +0.1%  +5h 55%W +0.1%  EOD 55%W +0.1%  EOD range -4.1% → +3.5%
  Ticker   N          +15m          +30m           +1h           +2h           +5h           EOD           EOD range
  ----------------------------------------------------------------------------------------------------------------------
  MRVL    20    35%W -0.0%    35%W -0.4%    40%W -0.3%    45%W -0.3%    55%W +0.6%    60%W +0.5%       -5.6% → +3.7%
  META    20    55%W +0.0%    40%W -0.1%    35%W -0.4%    55%W +0.1%    55%W +0.1%    55%W +0.1%       -4.1% → +3.5%
  MU      20    70%W +0.3%    45%W -0.3%    50%W -0.1%    50%W -0.1%    55%W +0.2%    55%W +0.3%       -5.0% → +5.5%
  LLY     20    50%W +0.0%    45%W -0.1%    40%W -0.1%    40%W -0.1%    65%W +0.2%    55%W +0.1%       -2.4% → +2.9%
  CHTR    20    50%W +0.0%    30%W -0.2%    40%W -0.0%    55%W +0.2%    55%W +0.2%    55%W +0.1%       -1.8% → +1.7%
  AVGO    20    55%W +0.1%    45%W -0.2%    50%W -0.1%    45%W -0.0%    50%W +0.1%    55%W +0.3%       -4.7% → +3.5%
  AMD     20    45%W -0.2%    30%W -0.2%    45%W -0.1%    50%W -0.1%    50%W -0.1%    55%W +0.1%       -4.7% → +5.4%
  SNOW    20    60%W +0.4%    45%W -0.1%    50%W +0.1%    50%W +0.1%    50%W -0.0%    50%W +0.0%       -5.4% → +9.9%
  SPOT    20    50%W +0.0%    50%W -0.0%    45%W -0.1%    50%W +0.2%    60%W +0.9%    50%W +0.7%       -8.7% → +7.4%
  DDOG    20    45%W -0.1%    35%W -0.7%    35%W -0.5%    50%W +0.0%    45%W -0.8%    50%W -0.3%       -4.6% → +5.0%
  CRWD    20    35%W -0.4%    35%W -0.3%    25%W -1.0%    50%W -0.0%    45%W -1.2%    45%W -0.8%       -6.3% → +8.0%
  SNPS    20    35%W -0.2%    30%W -0.4%    25%W -0.7%    35%W -0.4%    30%W -0.5%    40%W -0.8%       -5.3% → +5.2%
  QCOM    20    50%W +0.0%    25%W -0.4%    30%W -0.6%    30%W -0.5%    35%W -0.4%    35%W -0.4%       -3.8% → +3.8%
  PLTR    20    45%W -0.3%    45%W -0.7%    40%W -0.2%    35%W -0.9%    25%W -1.7%    30%W -2.7%      -7.3% → +11.4%
  TSLA    20    40%W -0.2%    35%W -0.4%    25%W -0.7%    30%W -0.7%    30%W -1.4%    30%W -1.3%      -6.5% → +10.5%
Pre-session top-2 (9:25, 20d EOD win rate) — 2021-03-09  OR: 09:30/3b
  #1 MU     +15m 70%W +0.3%  +30m 45%W -0.3%  +1h 45%W -0.4%  +2h 50%W -0.1%  +5h 55%W +0.2%  EOD 55%W +0.3%  EOD range -5.0% → +5.5%
  #2 MRVL   +15m 35%W -0.1%  +30m 30%W -0.4%  +1h 40%W -0.5%  +2h 45%W -0.3%  +5h 50%W +0.3%  EOD 55%W +0.4%  EOD range -6.4% → +3.7%
  Ticker   N          +15m          +30m           +1h           +2h           +5h           EOD           EOD range
  ----------------------------------------------------------------------------------------------------------------------
  MU      20    70%W +0.3%    45%W -0.3%    45%W -0.4%    50%W -0.1%    55%W +0.2%    55%W +0.3%       -5.0% → +5.5%
  MRVL    20    35%W -0.1%    30%W -0.4%    40%W -0.5%    45%W -0.3%    50%W +0.3%    55%W +0.4%       -6.4% → +3.7%
  CHTR    20    45%W -0.0%    35%W -0.2%    40%W -0.0%    60%W +0.3%    55%W +0.2%    55%W +0.1%       -1.9% → +1.7%
  AVGO    20    55%W +0.1%    45%W -0.2%    55%W +0.1%    45%W -0.0%    50%W +0.1%    55%W +0.3%       -5.8% → +3.5%
  META    20    55%W +0.0%    35%W -0.3%    30%W -0.4%    50%W -0.2%    50%W +0.0%    50%W +0.0%       -4.1% → +3.5%
  SPOT    20    50%W +0.0%    50%W -0.0%    45%W -0.1%    50%W +0.2%    60%W +0.9%    50%W +0.7%       -8.7% → +7.4%
  LLY     20    45%W -0.0%    45%W -0.1%    40%W -0.1%    40%W -0.1%    65%W +0.2%    50%W +0.0%       -2.4% → +2.9%
  AMD     20    45%W -0.2%    30%W -0.2%    40%W -0.2%    45%W -0.4%    45%W -0.2%    50%W -0.1%       -6.2% → +5.4%
  SNOW    20    55%W +0.2%    40%W -0.2%    50%W +0.1%    45%W -0.4%    50%W -0.0%    45%W -0.4%      -10.8% → +9.9%
  CRWD    20    40%W -0.4%    35%W -0.4%    25%W -0.7%    50%W -0.0%    45%W -1.3%    45%W -0.8%       -6.3% → +8.0%
  DDOG    20    40%W -0.1%    30%W -0.8%    30%W -0.6%    45%W -0.6%    40%W -1.6%    45%W -1.1%       -6.6% → +5.0%
  SNPS    20    35%W -0.2%    30%W -0.4%    25%W -0.6%    35%W -0.4%    30%W -0.5%    40%W -0.8%       -5.3% → +5.2%
  QCOM    20    50%W -0.1%    25%W -0.4%    30%W -0.5%    30%W -0.5%    35%W -0.4%    35%W -0.5%       -4.8% → +3.8%
  PLTR    20    40%W -0.5%    40%W -0.9%    40%W -0.2%    30%W -1.0%    20%W -2.3%    25%W -3.6%      -7.5% → +11.4%
  TSLA    20    40%W -0.2%    35%W -0.4%    25%W -0.7%    25%W -0.7%    25%W -1.5%    25%W -1.5%      -8.1% → +10.5%
Pre-session top-2 (9:25, 20d EOD win rate) — 2021-03-10  OR: 09:30/3b
  #1 META   +15m 55%W +0.1%  +30m 35%W -0.3%  +1h 35%W -0.4%  +2h 55%W +0.1%  +5h 55%W +0.1%  EOD 55%W +0.1%  EOD range -4.1% → +3.5%
  #2 MU     +15m 70%W +0.3%  +30m 45%W -0.3%  +1h 45%W -0.4%  +2h 50%W -0.1%  +5h 55%W +0.2%  EOD 55%W +0.3%  EOD range -5.0% → +5.5%
  Ticker   N          +15m          +30m           +1h           +2h           +5h           EOD           EOD range
  ----------------------------------------------------------------------------------------------------------------------
  META    20    55%W +0.1%    35%W -0.3%    35%W -0.4%    55%W +0.1%    55%W +0.1%    55%W +0.1%       -4.1% → +3.5%
  MU      20    70%W +0.3%    45%W -0.3%    45%W -0.4%    50%W -0.1%    55%W +0.2%    55%W +0.3%       -5.0% → +5.5%
  MRVL    20    35%W -0.1%    30%W -0.4%    40%W -0.5%    45%W -0.3%    50%W +0.3%    55%W +0.4%       -6.4% → +4.9%
  AVGO    20    55%W +0.1%    45%W -0.2%    55%W +0.1%    50%W +0.1%    50%W +0.1%    55%W +0.3%       -5.8% → +3.5%
  SNOW    20    60%W +0.4%    45%W -0.1%    55%W +0.5%    50%W +0.4%    55%W +0.1%    50%W +0.0%      -10.8% → +9.9%
  SPOT    20    55%W +0.1%    50%W -0.0%    50%W -0.0%    55%W +0.6%    60%W +0.6%    50%W +0.4%       -8.7% → +7.4%
  CRWD    20    45%W -0.4%    40%W -0.3%    30%W -0.4%    55%W +0.1%    50%W -0.5%    50%W -0.0%       -6.3% → +8.0%
  CHTR    20    45%W -0.0%    35%W -0.2%    35%W -0.1%    65%W +0.3%    60%W +0.3%    50%W +0.0%       -1.9% → +1.7%
  AMD     20    45%W -0.2%    30%W -0.2%    40%W -0.2%    45%W -0.4%    45%W -0.2%    50%W -0.1%       -6.2% → +5.4%
  SNPS    20    40%W -0.2%    35%W -0.4%    30%W -0.6%    40%W -0.3%    35%W -0.5%    45%W -0.8%       -5.3% → +5.2%
  LLY     20    40%W -0.1%    40%W -0.1%    35%W -0.2%    35%W -0.2%    60%W +0.2%    45%W -0.1%       -2.7% → +2.9%
  DDOG    20    40%W -0.1%    30%W -0.8%    30%W -0.6%    40%W -0.7%    40%W -1.6%    45%W -1.1%       -6.6% → +5.0%
  QCOM    20    50%W -0.1%    25%W -0.4%    30%W -0.5%    35%W -0.5%    35%W -0.4%    35%W -0.5%       -4.8% → +3.8%
  PLTR    20    40%W -0.5%    40%W -0.9%    45%W -0.1%    35%W -0.9%    25%W -1.7%    30%W -2.7%      -7.5% → +11.4%
  TSLA    20    45%W -0.2%    35%W -0.4%    25%W -0.7%    30%W -0.7%    30%W -1.5%    30%W -1.5%      -8.1% → +12.4%
Pre-session top-2 (9:25, 20d EOD win rate) — 2021-03-11  OR: 09:30/3b
  #1 META   +15m 50%W -0.0%  +30m 35%W -0.3%  +1h 30%W -0.4%  +2h 50%W -0.2%  +5h 50%W +0.0%  EOD 50%W +0.0%  EOD range -4.1% → +3.5%
  #2 MU     +15m 65%W +0.2%  +30m 40%W -0.4%  +1h 40%W -0.5%  +2h 45%W -0.5%  +5h 50%W -0.1%  EOD 50%W -0.2%  EOD range -5.0% → +5.5%
  Ticker   N          +15m          +30m           +1h           +2h           +5h           EOD           EOD range
  ----------------------------------------------------------------------------------------------------------------------
  META    20    50%W -0.0%    35%W -0.3%    30%W -0.4%    50%W -0.2%    50%W +0.0%    50%W +0.0%       -4.1% → +3.5%
  MU      20    65%W +0.2%    40%W -0.4%    40%W -0.5%    45%W -0.5%    50%W -0.1%    50%W -0.2%       -5.0% → +5.5%
  LLY     20    40%W -0.1%    40%W -0.1%    40%W -0.1%    40%W -0.1%    65%W +0.2%    50%W +0.0%       -2.7% → +2.9%
  MRVL    20    35%W -0.1%    30%W -0.4%    35%W -0.5%    40%W -0.3%    50%W +0.1%    50%W -0.2%       -6.4% → +4.9%
  CHTR    20    50%W +0.0%    40%W -0.2%    40%W -0.1%    65%W +0.3%    60%W +0.3%    50%W +0.1%       -1.9% → +1.7%
  AVGO    20    55%W +0.1%    40%W -0.2%    50%W -0.1%    50%W +0.1%    45%W -0.1%    50%W +0.0%       -5.8% → +3.5%
  AMD     20    45%W -0.2%    30%W -0.3%    35%W -0.4%    45%W -0.6%    45%W -0.3%    50%W -0.1%       -6.2% → +5.4%
  SNOW    20    55%W +0.2%    40%W -0.2%    50%W +0.1%    45%W -0.4%    50%W -0.0%    45%W -0.4%      -10.8% → +9.9%
  SPOT    20    55%W +0.1%    50%W -0.0%    45%W -0.3%    50%W +0.2%    55%W +0.4%    45%W -0.1%       -8.7% → +7.4%
  CRWD    20    45%W -0.3%    40%W -0.3%    30%W -0.7%    50%W -0.0%    45%W -1.3%    45%W -0.8%       -6.3% → +8.0%
  SNPS    20    35%W -0.2%    35%W -0.4%    25%W -0.7%    35%W -0.4%    30%W -0.6%    40%W -0.9%       -5.3% → +5.2%
  DDOG    20    40%W -0.1%    30%W -0.8%    25%W -0.6%    35%W -1.1%    40%W -1.7%    40%W -1.3%       -6.6% → +5.0%
  QCOM    20    45%W -0.2%    20%W -0.5%    25%W -0.6%    30%W -0.5%    30%W -0.5%    35%W -0.7%       -4.8% → +3.8%
  TSLA    20    45%W -0.2%    30%W -0.6%    25%W -0.8%    30%W -0.8%    30%W -1.7%    30%W -1.9%      -8.1% → +12.4%
  PLTR    20    40%W -0.5%    45%W -0.7%    40%W -0.2%    35%W -1.0%    20%W -2.1%    25%W -3.2%      -7.5% → +11.4%
Pre-session top-2 (9:25, 20d EOD win rate) — 2021-03-12  OR: 09:30/3b
  #1 MU     +15m 65%W +0.3%  +30m 45%W -0.3%  +1h 45%W -0.4%  +2h 50%W +0.0%  +5h 55%W +0.2%  EOD 55%W +0.4%  EOD range -5.0% → +5.5%
  #2 MRVL   +15m 40%W -0.1%  +30m 35%W -0.4%  +1h 40%W -0.3%  +2h 45%W -0.3%  +5h 55%W +0.7%  EOD 55%W +0.9%  EOD range -6.4% → +4.9%
  Ticker   N          +15m          +30m           +1h           +2h           +5h           EOD           EOD range
  ----------------------------------------------------------------------------------------------------------------------
  MU      20    65%W +0.3%    45%W -0.3%    45%W -0.4%    50%W +0.0%    55%W +0.2%    55%W +0.4%       -5.0% → +5.5%
  MRVL    20    40%W -0.1%    35%W -0.4%    40%W -0.3%    45%W -0.3%    55%W +0.7%    55%W +0.9%       -6.4% → +4.9%
  AVGO    20    50%W +0.0%    45%W -0.1%    55%W +0.1%    55%W +0.3%    50%W +0.4%    55%W +0.3%       -5.8% → +3.5%
  META    20    55%W +0.1%    40%W -0.1%    35%W -0.4%    55%W +0.1%    50%W +0.0%    50%W +0.0%       -4.1% → +3.5%
  SPOT    20    60%W +0.2%    55%W +0.1%    50%W -0.0%    55%W +0.6%    55%W +0.4%    50%W +0.4%       -8.7% → +7.4%
  LLY     20    40%W -0.0%    45%W -0.1%    45%W -0.0%    35%W -0.1%    65%W +0.2%    50%W +0.0%       -2.7% → +2.9%
  CHTR    20    50%W +0.0%    40%W -0.2%    40%W -0.1%    65%W +0.3%    65%W +0.4%    50%W +0.1%       -1.9% → +1.7%
  AMD     20    45%W -0.2%    30%W -0.3%    40%W -0.2%    45%W -0.6%    45%W -0.3%    50%W -0.1%       -6.2% → +5.4%
  SNOW    20    60%W +0.4%    40%W -0.2%    55%W +0.5%    50%W +0.4%    55%W +0.1%    45%W -0.1%      -10.8% → +9.9%
  CRWD    20    45%W -0.3%    45%W -0.1%    35%W -0.4%    55%W +0.1%    45%W -1.3%    45%W -0.8%       -6.3% → +8.0%
  DDOG    20    45%W -0.1%    35%W -0.7%    30%W -0.6%    40%W -0.7%    45%W -1.6%    45%W -1.1%       -6.6% → +5.0%
  SNPS    20    40%W -0.1%    35%W -0.4%    30%W -0.6%    40%W -0.4%    35%W -0.6%    40%W -0.8%       -5.3% → +5.2%
  QCOM    20    45%W -0.2%    25%W -0.5%    30%W -0.5%    35%W -0.5%    35%W -0.5%    40%W -0.5%       -4.8% → +3.8%
  TSLA    20    50%W -0.1%    30%W -0.4%    30%W -0.7%    35%W -0.7%    35%W -1.5%    35%W -1.5%      -8.1% → +12.4%
  PLTR    20    40%W -0.5%    45%W -0.4%    45%W -0.1%    40%W -0.9%    25%W -1.7%    30%W -2.6%      -7.5% → +11.4%
Pre-session top-2 (9:25, 20d EOD win rate) — 2021-03-15  OR: 09:30/3b
  #1 META   +15m 60%W +0.1%  +30m 40%W -0.1%  +1h 35%W -0.4%  +2h 55%W +0.1%  +5h 50%W +0.0%  EOD 55%W +0.2%  EOD range -4.1% → +3.5%
  #2 SPOT   +15m 65%W +0.2%  +30m 60%W +0.1%  +1h 55%W +0.2%  +2h 60%W +0.7%  +5h 60%W +0.8%  EOD 55%W +1.1%  EOD range -8.7% → +7.4%
  Ticker   N          +15m          +30m           +1h           +2h           +5h           EOD           EOD range
  ----------------------------------------------------------------------------------------------------------------------
  META    20    60%W +0.1%    40%W -0.1%    35%W -0.4%    55%W +0.1%    50%W +0.0%    55%W +0.2%       -4.1% → +3.5%
  SPOT    20    65%W +0.2%    60%W +0.1%    55%W +0.2%    60%W +0.7%    60%W +0.8%    55%W +1.1%       -8.7% → +7.4%
  LLY     20    45%W -0.0%    50%W -0.0%    50%W +0.0%    40%W -0.1%    70%W +0.3%    55%W +0.1%       -2.7% → +2.9%
  MRVL    20    45%W -0.0%    40%W -0.4%    40%W -0.3%    45%W -0.3%    55%W +0.7%    55%W +0.9%       -6.4% → +4.9%
  AVGO    20    50%W +0.0%    45%W -0.1%    50%W -0.0%    50%W +0.1%    45%W -0.1%    55%W +0.2%       -5.8% → +3.5%
  MU      20    65%W +0.3%    45%W -0.3%    40%W -0.5%    45%W -0.5%    50%W -0.1%    50%W -0.0%       -5.0% → +5.5%
  CHTR    20    50%W +0.0%    45%W -0.2%    45%W -0.0%    70%W +0.3%    65%W +0.4%    50%W +0.1%       -1.9% → +1.7%
  AMD     20    50%W -0.0%    35%W -0.3%    45%W -0.1%    45%W -0.6%    50%W -0.1%    50%W -0.1%       -6.2% → +5.4%
  SNOW    20    60%W +0.4%    35%W -0.3%    50%W +0.1%    45%W -0.4%    55%W +0.1%    45%W -0.1%      -10.8% → +9.9%
  SNPS    20    45%W -0.1%    35%W -0.4%    25%W -0.6%    40%W -0.4%    35%W -0.6%    40%W -0.8%       -5.3% → +5.2%
  CRWD    20    50%W +0.1%    40%W -0.3%    30%W -0.7%    50%W -0.3%    40%W -1.3%    40%W -0.8%       -6.3% → +8.0%
  QCOM    20    50%W +0.0%    30%W -0.4%    30%W -0.6%    35%W -0.5%    40%W -0.5%    40%W -0.5%       -4.8% → +3.8%
  TSLA    20    50%W -0.1%    30%W -0.4%    30%W -0.7%    40%W -0.7%    40%W -1.5%    40%W -1.5%      -8.1% → +12.4%
  DDOG    20    50%W +0.0%    35%W -0.6%    30%W -0.6%    35%W -0.7%    40%W -1.6%    40%W -1.1%       -6.6% → +5.0%
  PLTR    20    45%W -0.4%    45%W -0.4%    45%W -0.1%    45%W -0.9%    30%W -1.5%    35%W -1.7%      -7.5% → +11.4%
Pre-session top-2 (9:25, 20d EOD win rate) — 2021-03-16  OR: 09:30/3b
  #1 META   +15m 60%W +0.1%  +30m 35%W -0.2%  +1h 30%W -0.4%  +2h 50%W -0.1%  +5h 55%W +0.4%  EOD 55%W +0.2%  EOD range -4.1% → +3.5%
  #2 SPOT   +15m 65%W +0.2%  +30m 55%W +0.1%  +1h 55%W +0.1%  +2h 55%W +0.6%  +5h 60%W +0.8%  EOD 55%W +1.1%  EOD range -8.7% → +7.4%
  Ticker   N          +15m          +30m           +1h           +2h           +5h           EOD           EOD range
  ----------------------------------------------------------------------------------------------------------------------
  META    20    60%W +0.1%    35%W -0.2%    30%W -0.4%    50%W -0.1%    55%W +0.4%    55%W +0.2%       -4.1% → +3.5%
  SPOT    20    65%W +0.2%    55%W +0.1%    55%W +0.1%    55%W +0.6%    60%W +0.8%    55%W +1.1%       -8.7% → +7.4%
  MRVL    20    45%W -0.0%    40%W -0.4%    40%W -0.3%    45%W -0.3%    55%W +0.7%    55%W +0.9%       -6.4% → +4.9%
  CHTR    20    45%W -0.0%    45%W -0.1%    45%W -0.0%    70%W +0.3%    65%W +0.4%    55%W +0.3%       -1.9% → +1.7%
  AVGO    20    50%W +0.1%    45%W -0.1%    50%W -0.0%    50%W +0.1%    45%W -0.1%    55%W +0.2%       -5.8% → +3.6%
  MU      20    65%W +0.3%    45%W -0.3%    40%W -0.5%    45%W -0.5%    50%W -0.1%    50%W -0.0%       -5.0% → +5.5%
  LLY     20    45%W -0.0%    45%W -0.2%    45%W -0.0%    35%W -0.2%    65%W +0.2%    50%W +0.0%       -2.7% → +2.9%
  AMD     20    50%W -0.0%    35%W -0.3%    45%W -0.1%    45%W -0.6%    50%W -0.1%    50%W -0.1%       -6.2% → +5.4%
  SNOW    20    60%W +0.4%    35%W -0.3%    50%W +0.1%    45%W -0.4%    55%W +0.1%    45%W -0.1%      -10.8% → +9.9%
  SNPS    20    50%W -0.0%    40%W -0.3%    30%W -0.5%    45%W -0.3%    35%W -0.6%    40%W -0.8%       -5.3% → +5.2%
  CRWD    20    45%W -0.2%    40%W -0.3%    30%W -0.7%    45%W -0.6%    40%W -1.3%    40%W -0.8%       -6.3% → +8.0%
  QCOM    20    50%W +0.0%    30%W -0.4%    30%W -0.6%    35%W -0.5%    40%W -0.5%    40%W -0.5%       -4.8% → +3.8%
  TSLA    20    55%W +0.1%    35%W -0.3%    35%W -0.7%    40%W -0.7%    40%W -1.5%    40%W -1.5%      -8.1% → +12.4%
  DDOG    20    55%W +0.1%    40%W -0.4%    35%W -0.6%    35%W -0.7%    40%W -1.6%    40%W -1.1%       -6.6% → +5.0%
  PLTR    20    50%W +0.1%    50%W -0.0%    45%W -0.1%    45%W -0.9%    30%W -1.3%    35%W -1.0%      -7.5% → +11.4%
Pre-session top-2 (9:25, 20d EOD win rate) — 2021-03-17  OR: 09:30/3b
  #1 AVGO   +15m 50%W +0.1%  +30m 45%W -0.1%  +1h 50%W -0.0%  +2h 50%W +0.1%  +5h 50%W +0.4%  EOD 60%W +0.4%  EOD range -5.8% → +3.6%
  #2 META   +15m 60%W +0.1%  +30m 35%W -0.2%  +1h 30%W -0.4%  +2h 50%W -0.1%  +5h 50%W -0.0%  EOD 55%W +0.1%  EOD range -4.1% → +3.5%
  Ticker   N          +15m          +30m           +1h           +2h           +5h           EOD           EOD range
  ----------------------------------------------------------------------------------------------------------------------
  AVGO    20    50%W +0.1%    45%W -0.1%    50%W -0.0%    50%W +0.1%    50%W +0.4%    60%W +0.4%       -5.8% → +3.6%
  META    20    60%W +0.1%    35%W -0.2%    30%W -0.4%    50%W -0.1%    50%W -0.0%    55%W +0.1%       -4.1% → +3.5%
  SPOT    20    65%W +0.2%    50%W -0.0%    50%W -0.0%    50%W +0.2%    60%W +0.8%    55%W +1.1%       -8.7% → +7.4%
  LLY     20    45%W -0.0%    45%W -0.2%    45%W -0.0%    35%W -0.2%    65%W +0.3%    55%W +0.1%       -2.7% → +2.9%
  MRVL    20    45%W -0.0%    40%W -0.3%    40%W -0.1%    50%W -0.1%    55%W +0.7%    55%W +0.9%       -6.4% → +4.9%
  CHTR    20    50%W +0.0%    45%W -0.1%    45%W -0.0%    70%W +0.3%    65%W +0.5%    55%W +0.3%       -1.9% → +1.7%
  MU      20    65%W +0.3%    50%W +0.1%    45%W -0.5%    45%W -0.4%    50%W -0.1%    50%W -0.0%       -5.0% → +5.5%
  AMD     20    45%W -0.1%    40%W -0.3%    45%W -0.1%    50%W -0.1%    50%W -0.1%    50%W -0.1%       -6.2% → +5.4%
  SNOW    20    60%W +0.4%    35%W -0.3%    50%W +0.1%    45%W -0.6%    55%W +0.1%    45%W -0.1%      -10.8% → +9.9%
  QCOM    20    55%W +0.1%    35%W -0.3%    35%W -0.6%    40%W -0.5%    40%W -0.4%    45%W -0.3%       -4.8% → +3.8%
  SNPS    20    50%W -0.0%    40%W -0.3%    35%W -0.5%    45%W -0.1%    35%W -0.6%    40%W -0.8%       -5.3% → +5.2%
  CRWD    20    45%W -0.1%    40%W -0.5%    30%W -1.0%    45%W -0.6%    40%W -1.3%    40%W -0.8%       -6.3% → +8.0%
  TSLA    20    50%W -0.0%    40%W -0.3%    40%W -0.4%    45%W -0.4%    40%W -1.5%    40%W -1.5%      -8.1% → +12.4%
  DDOG    20    55%W +0.1%    40%W -0.4%    35%W -0.6%    35%W -0.6%    40%W -1.7%    40%W -1.1%       -6.6% → +5.0%
  PLTR    20    50%W +0.1%    50%W -0.0%    45%W -0.0%    45%W -0.6%    30%W -1.3%    35%W -1.0%      -7.5% → +11.4%
Pre-session top-2 (9:25, 20d EOD win rate) — 2021-03-18  OR: 09:30/3b
  #1 MRVL   +15m 45%W -0.0%  +30m 45%W -0.2%  +1h 40%W -0.1%  +2h 50%W -0.1%  +5h 60%W +0.8%  EOD 60%W +1.2%  EOD range -6.4% → +4.9%
  #2 AVGO   +15m 50%W +0.1%  +30m 50%W +0.0%  +1h 55%W +0.1%  +2h 50%W +0.1%  +5h 55%W +1.0%  EOD 60%W +0.8%  EOD range -5.8% → +3.6%
  Ticker   N          +15m          +30m           +1h           +2h           +5h           EOD           EOD range
  ----------------------------------------------------------------------------------------------------------------------
  MRVL    20    45%W -0.0%    45%W -0.2%    40%W -0.1%    50%W -0.1%    60%W +0.8%    60%W +1.2%       -6.4% → +4.9%
  AVGO    20    50%W +0.1%    50%W +0.0%    55%W +0.1%    50%W +0.1%    55%W +1.0%    60%W +0.8%       -5.8% → +3.6%
  META    20    60%W +0.1%    35%W -0.2%    35%W -0.3%    55%W +0.2%    50%W +0.3%    55%W +0.1%       -4.1% → +3.5%
  SPOT    20    65%W +0.2%    55%W +0.1%    50%W -0.0%    55%W +0.4%    60%W +0.9%    55%W +1.1%       -8.7% → +7.4%
  MU      20    65%W +0.3%    50%W +0.1%    50%W -0.2%    50%W -0.0%    55%W +0.2%    55%W +0.4%       -5.0% → +5.5%
  CHTR    20    50%W +0.0%    45%W -0.1%    45%W -0.0%    65%W +0.3%    65%W +0.5%    55%W +0.4%       -1.9% → +1.7%
  AMD     20    45%W -0.1%    45%W -0.2%    45%W -0.1%    50%W -0.1%    55%W +0.1%    55%W +0.1%       -6.2% → +5.4%
  LLY     20    40%W -0.0%    40%W -0.2%    40%W -0.1%    35%W -0.2%    60%W +0.3%    50%W +0.0%       -2.7% → +2.9%
  QCOM    20    55%W +0.1%    40%W -0.3%    40%W -0.4%    40%W -0.3%    45%W -0.2%    50%W -0.1%       -4.8% → +3.8%
  SNOW    20    60%W +0.4%    35%W -0.4%    50%W +0.1%    45%W -0.6%    55%W +0.2%    45%W -0.1%      -10.8% → +9.9%
  CRWD    20    45%W -0.1%    45%W -0.4%    35%W -0.7%    50%W -0.2%    45%W -0.8%    45%W -0.7%       -6.3% → +8.0%
  DDOG    20    60%W +0.1%    45%W -0.4%    40%W -0.4%    40%W -0.4%    45%W -0.9%    45%W -0.8%       -6.6% → +5.0%
  SNPS    20    50%W -0.0%    45%W -0.2%    40%W -0.3%    50%W -0.0%    40%W -0.5%    40%W -0.8%       -5.3% → +5.2%
  PLTR    20    45%W -0.3%    45%W -0.5%    40%W -0.1%    45%W -0.6%    35%W -1.3%    40%W -0.5%      -7.5% → +11.4%
  TSLA    20    50%W -0.0%    40%W -0.3%    45%W -0.4%    50%W +0.0%    40%W -1.5%    40%W -1.5%      -8.1% → +12.4%
Pre-session top-2 (9:25, 20d EOD win rate) — 2021-03-19  OR: 09:30/3b
  #1 META   +15m 65%W +0.1%  +30m 40%W -0.1%  +1h 40%W -0.3%  +2h 60%W +0.3%  +5h 55%W +0.4%  EOD 55%W +0.1%  EOD range -4.1% → +3.5%
  #2 MRVL   +15m 50%W +0.1%  +30m 45%W -0.2%  +1h 40%W -0.1%  +2h 45%W -0.3%  +5h 55%W +0.7%  EOD 55%W +1.2%  EOD range -6.4% → +4.9%
  Ticker   N          +15m          +30m           +1h           +2h           +5h           EOD           EOD range
  ----------------------------------------------------------------------------------------------------------------------
  META    20    65%W +0.1%    40%W -0.1%    40%W -0.3%    60%W +0.3%    55%W +0.4%    55%W +0.1%       -4.1% → +3.5%
  MRVL    20    50%W +0.1%    45%W -0.2%    40%W -0.1%    45%W -0.3%    55%W +0.7%    55%W +1.2%       -6.4% → +4.9%
  CHTR    20    50%W +0.0%    45%W -0.1%    45%W -0.0%    65%W +0.3%    60%W +0.5%    55%W +0.4%       -1.9% → +1.7%
  AVGO    20    55%W +0.2%    55%W +0.1%    60%W +0.1%    50%W +0.2%    50%W +0.4%    55%W +0.4%       -5.8% → +3.6%
  SPOT    20    60%W +0.1%    50%W -0.1%    50%W -0.0%    55%W +0.4%    55%W +0.4%    50%W +0.4%       -8.7% → +7.4%
  MU      20    70%W +0.3%    50%W +0.1%    50%W -0.2%    50%W -0.0%    50%W +0.1%    50%W -0.0%       -5.0% → +5.5%
  LLY     20    40%W -0.0%    40%W -0.2%    40%W -0.2%    35%W -0.2%    60%W +0.3%    50%W +0.0%       -2.7% → +2.9%
  QCOM    20    60%W +0.1%    40%W -0.3%    40%W -0.3%    45%W -0.1%    45%W -0.2%    50%W -0.1%       -4.8% → +3.8%
  AMD     20    50%W +0.0%    45%W -0.1%    50%W +0.0%    55%W +0.3%    50%W -0.0%    50%W -0.1%       -6.2% → +5.4%
  SNOW    20    60%W +0.4%    30%W -0.5%    45%W -0.1%    45%W -0.6%    50%W +0.0%    40%W -0.4%      -10.8% → +9.9%
  SNPS    20    55%W +0.0%    45%W -0.2%    45%W -0.3%    55%W +0.2%    40%W -0.3%    40%W -0.7%       -5.3% → +5.2%
  CRWD    20    40%W -0.2%    40%W -0.5%    40%W -0.3%    50%W -0.2%    40%W -1.3%    40%W -1.5%       -6.3% → +8.0%
  PLTR    20    50%W +0.1%    50%W -0.0%    45%W -0.0%    50%W -0.1%    35%W -1.1%    40%W -0.5%      -7.5% → +11.4%
  TSLA    20    55%W +0.2%    40%W -0.2%    50%W -0.1%    45%W -0.1%    40%W -1.9%    40%W -2.3%      -8.1% → +12.4%
  DDOG    20    60%W +0.1%    45%W -0.4%    40%W -0.4%    40%W -0.4%    40%W -1.4%    40%W -1.3%       -6.6% → +5.0%
Pre-session top-2 (9:25, 20d EOD win rate) — 2021-03-22  OR: 09:30/3b
  #1 META   +15m 70%W +0.1%  +30m 45%W -0.1%  +1h 45%W -0.1%  +2h 65%W +0.4%  +5h 60%W +0.7%  EOD 60%W +0.2%  EOD range -4.1% → +3.5%
  #2 AVGO   +15m 55%W +0.3%  +30m 50%W +0.1%  +1h 60%W +0.1%  +2h 50%W +0.2%  +5h 55%W +1.0%  EOD 60%W +1.0%  EOD range -5.8% → +3.7%
  Ticker   N          +15m          +30m           +1h           +2h           +5h           EOD           EOD range
  ----------------------------------------------------------------------------------------------------------------------
  META    20    70%W +0.1%    45%W -0.1%    45%W -0.1%    65%W +0.4%    60%W +0.7%    60%W +0.2%       -4.1% → +3.5%
  AVGO    20    55%W +0.3%    50%W +0.1%    60%W +0.1%    50%W +0.2%    55%W +1.0%    60%W +1.0%       -5.8% → +3.7%
  MRVL    20    55%W +0.2%    45%W -0.2%    40%W -0.1%    45%W -0.3%    55%W +0.7%    55%W +1.2%       -6.4% → +4.9%
  QCOM    20    65%W +0.2%    45%W -0.2%    45%W -0.2%    50%W +0.1%    50%W +0.2%    55%W +0.2%       -4.8% → +3.8%
  CHTR    20    55%W +0.1%    50%W -0.0%    45%W -0.0%    65%W +0.3%    60%W +0.5%    55%W +0.4%       -1.9% → +1.7%
  SPOT    20    60%W +0.1%    50%W -0.1%    50%W -0.0%    55%W +0.4%    55%W +0.9%    50%W +0.4%       -8.7% → +7.4%
  MU      20    75%W +0.3%    55%W +0.3%    50%W -0.1%    50%W -0.0%    50%W +0.1%    50%W -0.0%       -5.0% → +5.5%
  AMD     20    55%W +0.1%    50%W -0.1%    50%W +0.0%    55%W +0.3%    50%W +0.0%    50%W +0.3%       -6.2% → +5.4%
  LLY     20    35%W -0.1%    35%W -0.3%    35%W -0.2%    30%W -0.2%    55%W +0.3%    45%W -0.2%       -2.7% → +2.9%
  CRWD    20    45%W -0.1%    35%W -0.5%    40%W -0.3%    50%W -0.2%    45%W -0.9%    45%W -0.9%       -6.3% → +8.0%
  TSLA    20    60%W +0.3%    40%W -0.2%    55%W +0.2%    50%W +0.2%    45%W -1.7%    45%W -2.2%      -8.1% → +12.4%
  DDOG    20    60%W +0.1%    40%W -0.7%    40%W -0.4%    40%W -0.4%    45%W -0.7%    45%W -0.8%       -6.6% → +5.0%
  SNOW    20    60%W +0.3%    25%W -0.5%    45%W -0.1%    45%W -0.6%    50%W +0.1%    40%W -0.4%      -10.8% → +9.9%
  SNPS    20    55%W +0.0%    45%W -0.3%    50%W +0.0%    55%W +0.2%    45%W -0.2%    40%W -0.5%       -5.3% → +5.2%
  PLTR    20    50%W +0.1%    50%W -0.0%    45%W -0.0%    50%W -0.1%    35%W -1.1%    40%W -0.5%      -7.5% → +11.4%
Pre-session top-2 (9:25, 20d EOD win rate) — 2021-03-23  OR: 09:30/3b
  #1 AVGO   +15m 55%W +0.2%  +30m 45%W -0.0%  +1h 60%W +0.1%  +2h 55%W +0.6%  +5h 60%W +1.1%  EOD 65%W +1.0%  EOD range -5.8% → +3.7%
  #2 META   +15m 70%W +0.1%  +30m 45%W -0.1%  +1h 50%W +0.2%  +2h 65%W +0.6%  +5h 60%W +0.7%  EOD 60%W +0.3%  EOD range -4.1% → +3.5%
  Ticker   N          +15m          +30m           +1h           +2h           +5h           EOD           EOD range
  ----------------------------------------------------------------------------------------------------------------------
  AVGO    20    55%W +0.2%    45%W -0.0%    60%W +0.1%    55%W +0.6%    60%W +1.1%    65%W +1.0%       -5.8% → +3.7%
  META    20    70%W +0.1%    45%W -0.1%    50%W +0.2%    65%W +0.6%    60%W +0.7%    60%W +0.3%       -4.1% → +3.5%
  QCOM    20    65%W +0.2%    50%W -0.0%    50%W +0.1%    55%W +0.3%    55%W +0.5%    60%W +0.5%       -4.8% → +3.8%
  SPOT    20    65%W +0.1%    50%W -0.0%    55%W +0.1%    55%W +0.4%    55%W +0.7%    55%W +0.6%       -8.7% → +7.4%
  MU      20    70%W +0.3%    50%W -0.0%    45%W -0.2%    55%W +0.4%    55%W +1.0%    55%W +0.6%       -5.0% → +5.5%
  MRVL    20    50%W +0.1%    40%W -0.4%    40%W -0.1%    50%W -0.1%    60%W +0.9%    55%W +1.2%       -6.4% → +4.9%
  CHTR    20    55%W +0.1%    45%W -0.1%    45%W -0.0%    65%W +0.3%    60%W +0.5%    55%W +0.4%       -1.9% → +1.7%
  AMD     20    50%W +0.0%    45%W -0.2%    45%W -0.1%    60%W +0.3%    55%W +0.6%    55%W +0.6%       -6.2% → +5.4%
  CRWD    20    40%W -0.2%    30%W -0.5%    45%W -0.2%    55%W +0.1%    50%W +0.1%    50%W +0.6%       -6.3% → +8.0%
  SNPS    20    55%W +0.1%    45%W -0.3%    55%W +0.3%    60%W +0.5%    50%W +0.1%    45%W -0.2%       -5.3% → +5.2%
  LLY     20    40%W -0.0%    40%W -0.3%    30%W -0.2%    35%W -0.2%    55%W +0.3%    45%W -0.2%       -2.7% → +2.9%
  TSLA    20    60%W +0.3%    40%W -0.4%    60%W +0.3%    55%W +0.8%    50%W -0.3%    45%W -1.7%      -8.1% → +12.4%
  DDOG    20    55%W +0.1%    35%W -0.8%    40%W -0.4%    40%W -0.4%    50%W -0.1%    45%W -0.5%       -6.6% → +5.0%
  SNOW    20    55%W +0.2%    25%W -0.5%    50%W +0.0%    50%W -0.0%    55%W +0.2%    40%W -0.4%      -10.8% → +9.9%
  PLTR    20    45%W -0.3%    45%W -0.5%    45%W -0.0%    55%W +0.1%    40%W -0.8%    40%W -0.4%      -7.5% → +11.4%
Pre-session top-2 (9:25, 20d EOD win rate) — 2021-03-24  OR: 09:30/3b
  #1 AVGO   +15m 55%W +0.1%  +30m 45%W -0.0%  +1h 55%W +0.1%  +2h 50%W +0.3%  +5h 55%W +1.0%  EOD 60%W +0.4%  EOD range -5.8% → +3.7%
  #2 META   +15m 65%W +0.1%  +30m 45%W -0.1%  +1h 50%W +0.2%  +2h 65%W +0.6%  +5h 60%W +0.7%  EOD 55%W +0.2%  EOD range -4.1% → +2.6%
  Ticker   N          +15m          +30m           +1h           +2h           +5h           EOD           EOD range
  ----------------------------------------------------------------------------------------------------------------------
  AVGO    20    55%W +0.1%    45%W -0.0%    55%W +0.1%    50%W +0.3%    55%W +1.0%    60%W +0.4%       -5.8% → +3.7%
  META    20    65%W +0.1%    45%W -0.1%    50%W +0.2%    65%W +0.6%    60%W +0.7%    55%W +0.2%       -4.1% → +2.6%
  QCOM    20    65%W +0.2%    50%W -0.0%    45%W -0.2%    50%W +0.1%    50%W +0.2%    55%W +0.2%       -4.8% → +3.8%
  CHTR    20    60%W +0.1%    50%W -0.0%    45%W -0.0%    65%W +0.3%    60%W +0.5%    55%W +0.3%       -1.9% → +1.7%
  SPOT    20    60%W +0.1%    50%W -0.1%    50%W -0.0%    50%W +0.1%    50%W -0.2%    50%W +0.1%       -8.7% → +4.6%
  MU      20    65%W +0.3%    45%W -0.3%    40%W -0.4%    50%W -0.0%    50%W +0.1%    50%W -0.0%       -5.4% → +4.6%
  MRVL    20    45%W -0.1%    35%W -0.4%    35%W -0.3%    45%W -0.3%    55%W +0.7%    50%W +0.4%       -6.4% → +4.9%
  AMD     20    45%W -0.1%    40%W -0.3%    40%W -0.3%    55%W +0.3%    50%W +0.0%    50%W +0.0%       -6.2% → +4.0%
  LLY     20    40%W -0.0%    40%W -0.3%    30%W -0.2%    35%W -0.2%    55%W +0.3%    45%W -0.2%       -2.7% → +2.9%
  CRWD    20    35%W -0.2%    30%W -0.5%    40%W -0.2%    50%W -0.2%    45%W -0.6%    45%W -0.9%       -6.3% → +6.8%
  SNPS    20    55%W +0.1%    50%W +0.0%    50%W +0.0%    60%W +0.3%    45%W -0.1%    40%W -0.4%       -5.3% → +5.2%
  TSLA    20    60%W +0.2%    40%W -0.4%    55%W +0.1%    50%W +0.3%    45%W -0.8%    40%W -1.7%      -8.1% → +12.4%
  DDOG    20    50%W -0.1%    35%W -0.8%    35%W -0.4%    35%W -0.5%    45%W -0.5%    40%W -0.8%       -6.6% → +4.1%
  SNOW    20    55%W +0.2%    25%W -0.5%    45%W -0.1%    45%W -0.6%    50%W +0.1%    35%W -0.8%      -10.8% → +3.9%
  PLTR    20    40%W -0.3%    40%W -0.7%    40%W -0.1%    50%W -0.2%    35%W -1.1%    35%W -0.7%       -7.5% → +4.4%
Pre-session top-2 (9:25, 20d EOD win rate) — 2021-03-25  OR: 09:30/3b
  #1 CHTR   +15m 55%W +0.1%  +30m 50%W -0.0%  +1h 40%W -0.1%  +2h 65%W +0.3%  +5h 60%W +0.5%  EOD 55%W +0.3%  EOD range -1.9% → +1.7%
  #2 AVGO   +15m 55%W +0.1%  +30m 45%W -0.0%  +1h 50%W -0.0%  +2h 50%W +0.1%  +5h 50%W +0.3%  EOD 55%W +0.4%  EOD range -5.8% → +3.7%
  Ticker   N          +15m          +30m           +1h           +2h           +5h           EOD           EOD range
  ----------------------------------------------------------------------------------------------------------------------
  CHTR    20    55%W +0.1%    50%W -0.0%    40%W -0.1%    65%W +0.3%    60%W +0.5%    55%W +0.3%       -1.9% → +1.7%
  AVGO    20    55%W +0.1%    45%W -0.0%    50%W -0.0%    50%W +0.1%    50%W +0.3%    55%W +0.4%       -5.8% → +3.7%
  META    20    65%W +0.1%    50%W -0.0%    50%W +0.2%    60%W +0.6%    55%W +0.4%    50%W -0.0%       -4.1% → +2.6%
  QCOM    20    60%W +0.2%    50%W -0.0%    40%W -0.3%    45%W -0.3%    45%W -0.2%    50%W -0.3%       -4.8% → +1.9%
  SPOT    20    55%W +0.1%    50%W -0.1%    45%W -0.2%    45%W -0.2%    45%W -1.3%    45%W -0.5%       -8.7% → +4.6%
  MU      20    60%W +0.2%    45%W -0.4%    35%W -0.5%    45%W -0.3%    45%W -1.0%    45%W -1.1%       -5.4% → +4.0%
  MRVL    20    45%W -0.1%    35%W -0.4%    35%W -0.3%    50%W -0.1%    50%W -0.3%    45%W -1.1%       -6.4% → +4.9%
  AMD     20    40%W -0.1%    40%W -0.3%    40%W -0.3%    55%W +0.3%    45%W -0.5%    45%W -0.7%       -6.2% → +3.4%
  LLY     20    40%W -0.0%    35%W -0.3%    25%W -0.3%    30%W -0.2%    50%W +0.1%    40%W -0.3%       -2.7% → +2.9%
  CRWD    20    35%W -0.2%    30%W -0.5%    40%W -0.2%    45%W -0.6%    40%W -1.1%    40%W -1.8%       -6.3% → +6.8%
  SNPS    20    50%W +0.0%    45%W -0.3%    45%W -0.2%    55%W +0.1%    40%W -0.2%    35%W -0.5%       -5.3% → +2.8%
  TSLA    20    55%W +0.1%    40%W -0.4%    50%W -0.1%    50%W +0.0%    40%W -1.7%    35%W -2.6%      -8.1% → +12.4%
  DDOG    20    45%W -0.2%    35%W -0.9%    30%W -0.6%    30%W -0.7%    40%W -1.0%    35%W -1.0%       -6.6% → +4.1%
  SNOW    20    50%W -0.0%    25%W -0.6%    40%W -0.3%    40%W -1.0%    45%W -0.3%    30%W -1.2%      -10.8% → +3.9%
  PLTR    20    35%W -0.4%    40%W -0.7%    35%W -0.2%    45%W -0.6%    30%W -1.3%    30%W -1.0%       -7.5% → +4.4%
Pre-session top-2 (9:25, 20d EOD win rate) — 2021-03-26  OR: 09:30/3b
  #1 AVGO   +15m 60%W +0.1%  +30m 50%W +0.2%  +1h 50%W -0.0%  +2h 50%W +0.1%  +5h 55%W +1.0%  EOD 60%W +0.4%  EOD range -5.8% → +3.7%
  #2 QCOM   +15m 65%W +0.2%  +30m 55%W +0.0%  +1h 40%W -0.3%  +2h 45%W -0.3%  +5h 45%W -0.2%  EOD 55%W +0.2%  EOD range -4.8% → +1.9%
  Ticker   N          +15m          +30m           +1h           +2h           +5h           EOD           EOD range
  ----------------------------------------------------------------------------------------------------------------------
  AVGO    20    60%W +0.1%    50%W +0.2%    50%W -0.0%    50%W +0.1%    55%W +1.0%    60%W +0.4%       -5.8% → +3.7%
  QCOM    20    65%W +0.2%    55%W +0.0%    40%W -0.3%    45%W -0.3%    45%W -0.2%    55%W +0.2%       -4.8% → +1.9%
  CHTR    20    55%W +0.1%    50%W -0.0%    40%W -0.1%    65%W +0.3%    60%W +0.5%    55%W +0.3%       -1.9% → +1.7%
  META    20    60%W +0.1%    55%W +0.0%    50%W +0.2%    60%W +0.6%    55%W +0.4%    50%W -0.0%       -3.5% → +2.6%
  MU      20    55%W +0.2%    45%W -0.3%    35%W -0.5%    45%W -0.3%    50%W -0.0%    50%W -0.0%       -5.4% → +4.0%
  MRVL    20    45%W -0.0%    40%W -0.3%    35%W -0.3%    50%W -0.1%    50%W -0.1%    50%W -0.1%       -6.4% → +4.9%
  SPOT    20    60%W +0.1%    55%W +0.1%    45%W -0.1%    45%W -0.2%    45%W -1.2%    45%W -0.2%       -6.0% → +4.6%
  LLY     20    40%W -0.0%    40%W -0.3%    30%W -0.3%    35%W -0.2%    55%W +0.3%    45%W -0.3%       -2.7% → +2.9%
  CRWD    20    40%W -0.2%    35%W -0.4%    40%W -0.2%    45%W -0.6%    40%W -0.6%    45%W -0.9%       -6.3% → +6.8%
  AMD     20    45%W -0.1%    45%W -0.2%    40%W -0.3%    55%W +0.3%    45%W -0.5%    45%W -0.2%       -6.2% → +3.4%
  SNPS    20    45%W -0.1%    45%W -0.2%    45%W -0.2%    55%W +0.1%    40%W -0.2%    40%W -0.4%       -3.5% → +2.8%
  TSLA    20    55%W +0.1%    45%W -0.2%    50%W -0.1%    50%W +0.0%    45%W -0.8%    40%W -1.7%      -8.1% → +12.4%
  SNOW    20    50%W -0.0%    30%W -0.5%    40%W -0.3%    45%W -0.6%    50%W +0.1%    35%W -0.8%      -10.8% → +3.9%
  PLTR    20    35%W -0.4%    40%W -0.4%    35%W -0.2%    45%W -0.6%    35%W -1.1%    35%W -0.7%       -7.5% → +4.4%
  DDOG    20    50%W -0.1%    40%W -0.8%    35%W -0.4%    30%W -0.7%    40%W -1.0%    35%W -1.0%       -6.6% → +4.1%
Pre-session top-2 (9:25, 20d EOD win rate) — 2021-03-29  OR: 09:30/3b
  #1 QCOM   +15m 70%W +0.2%  +30m 60%W +0.1%  +1h 45%W -0.2%  +2h 45%W -0.3%  +5h 50%W +0.2%  EOD 60%W +0.4%  EOD range -4.8% → +3.8%
  #2 AVGO   +15m 65%W +0.2%  +30m 55%W +0.4%  +1h 55%W +0.1%  +2h 50%W +0.1%  +5h 55%W +1.0%  EOD 60%W +1.0%  EOD range -5.8% → +4.3%
  Ticker   N          +15m          +30m           +1h           +2h           +5h           EOD           EOD range
  ----------------------------------------------------------------------------------------------------------------------
  QCOM    20    70%W +0.2%    60%W +0.1%    45%W -0.2%    45%W -0.3%    50%W +0.2%    60%W +0.4%       -4.8% → +3.8%
  AVGO    20    65%W +0.2%    55%W +0.4%    55%W +0.1%    50%W +0.1%    55%W +1.0%    60%W +1.0%       -5.8% → +4.3%
  META    20    65%W +0.1%    55%W +0.0%    55%W +0.3%    60%W +0.4%    50%W +0.1%    55%W +0.2%       -3.5% → +2.6%
  SPOT    20    65%W +0.1%    60%W +0.2%    50%W +0.0%    50%W -0.1%    45%W -1.6%    50%W -0.0%       -6.0% → +4.6%
  MU      20    60%W +0.2%    50%W +0.0%    40%W -0.4%    45%W -0.3%    50%W -0.0%    50%W +0.5%       -5.4% → +4.0%
  MRVL    20    50%W +0.1%    45%W -0.2%    40%W -0.1%    50%W -0.1%    50%W -0.2%    50%W -0.1%       -6.4% → +4.9%
  CHTR    20    50%W +0.0%    45%W -0.1%    35%W -0.1%    65%W +0.3%    55%W +0.5%    50%W +0.1%       -1.9% → +1.7%
  AMD     20    50%W +0.0%    50%W -0.1%    45%W -0.2%    55%W +0.3%    45%W -0.7%    50%W +0.1%       -6.2% → +3.4%
  SNPS    20    50%W +0.0%    50%W +0.0%    50%W +0.0%    55%W +0.1%    45%W -0.1%    45%W -0.2%       -3.5% → +4.0%
  LLY     20    45%W -0.0%    40%W -0.3%    35%W -0.2%    40%W -0.2%    55%W +0.3%    45%W -0.3%       -2.7% → +2.9%
  SNOW    20    50%W -0.0%    30%W -0.4%    45%W -0.1%    50%W -0.0%    55%W +0.2%    40%W -0.4%      -10.8% → +4.1%
  CRWD    20    45%W -0.1%    40%W -0.3%    45%W -0.1%    40%W -0.7%    35%W -1.1%    40%W -1.2%       -6.3% → +6.8%
  PLTR    20    40%W -0.3%    45%W -0.2%    40%W -0.1%    45%W -0.6%    35%W -1.3%    40%W -0.7%       -7.5% → +4.4%
  TSLA    20    55%W +0.1%    45%W -0.2%    55%W +0.1%    50%W +0.0%    45%W -0.8%    40%W -1.7%      -8.1% → +12.4%
  DDOG    20    55%W +0.1%    45%W -0.4%    40%W -0.4%    30%W -0.7%    35%W -1.4%    30%W -1.0%       -6.6% → +4.1%
Pre-session top-2 (9:25, 20d EOD win rate) — 2021-03-30  OR: 09:30/3b
  #1 META   +15m 60%W +0.1%  +30m 60%W +0.1%  +1h 55%W +0.3%  +2h 60%W +0.4%  +5h 50%W +0.1%  EOD 55%W +0.2%  EOD range -3.5% → +2.6%
  #2 QCOM   +15m 65%W +0.2%  +30m 55%W +0.0%  +1h 40%W -0.3%  +2h 40%W -0.5%  +5h 45%W -0.2%  EOD 55%W +0.2%  EOD range -4.8% → +3.8%
  Ticker   N          +15m          +30m           +1h           +2h           +5h           EOD           EOD range
  ----------------------------------------------------------------------------------------------------------------------
  META    20    60%W +0.1%    60%W +0.1%    55%W +0.3%    60%W +0.4%    50%W +0.1%    55%W +0.2%       -3.5% → +2.6%
  QCOM    20    65%W +0.2%    55%W +0.0%    40%W -0.3%    40%W -0.5%    45%W -0.2%    55%W +0.2%       -4.8% → +3.8%
  AVGO    20    60%W +0.1%    50%W +0.2%    50%W -0.0%    45%W -0.1%    50%W +0.3%    55%W +0.4%       -5.8% → +4.3%
  LLY     20    45%W -0.0%    40%W -0.2%    40%W -0.1%    45%W -0.1%    60%W +0.3%    50%W -0.1%       -2.7% → +2.9%
  CHTR    20    50%W +0.0%    45%W -0.1%    35%W -0.1%    65%W +0.3%    55%W +0.5%    50%W +0.1%       -1.9% → +2.1%
  SPOT    20    60%W +0.1%    55%W +0.1%    45%W -0.1%    45%W -0.3%    40%W -2.0%    45%W -0.6%       -6.0% → +4.6%
  MU      20    55%W +0.1%    50%W +0.1%    40%W -0.4%    40%W -0.4%    45%W -0.7%    45%W -0.3%       -5.4% → +4.0%
  MRVL    20    50%W +0.1%    45%W -0.2%    35%W -0.3%    45%W -0.3%    45%W -1.1%    45%W -0.5%       -6.4% → +4.9%
  AMD     20    45%W -0.1%    45%W -0.2%    45%W -0.2%    50%W -0.2%    40%W -0.8%    45%W -0.1%       -6.2% → +3.4%
  SNPS    20    50%W +0.0%    50%W +0.0%    45%W -0.2%    50%W -0.0%    40%W -0.2%    40%W -0.4%       -3.5% → +4.0%
  PLTR    20    35%W -0.4%    40%W -0.4%    40%W -0.1%    40%W -0.7%    35%W -1.5%    40%W -0.7%       -7.5% → +4.4%
  TSLA    20    50%W +0.0%    40%W -0.2%    55%W +0.1%    45%W -0.0%    40%W -0.8%    40%W -1.7%      -8.1% → +12.4%
  SNOW    20    50%W -0.0%    30%W -0.4%    40%W -0.3%    45%W -0.6%    55%W +0.2%    35%W -0.8%      -10.8% → +4.1%
  CRWD    20    45%W -0.1%    40%W -0.3%    40%W -0.2%    35%W -0.8%    30%W -1.9%    35%W -1.8%       -6.3% → +6.8%
  DDOG    20    55%W +0.1%    45%W -0.4%    40%W -0.6%    30%W -0.8%    30%W -2.1%    25%W -1.3%       -6.6% → +4.1%
Pre-session top-2 (9:25, 20d EOD win rate) — 2021-03-31  OR: 09:30/3b
  #1 QCOM   +15m 65%W +0.2%  +30m 60%W +0.1%  +1h 45%W -0.2%  +2h 45%W -0.3%  +5h 45%W -0.2%  EOD 60%W +0.4%  EOD range -4.8% → +3.8%
  #2 META   +15m 65%W +0.1%  +30m 65%W +0.1%  +1h 60%W +0.3%  +2h 60%W +0.4%  +5h 50%W +0.1%  EOD 55%W +0.2%  EOD range -3.5% → +2.6%
  Ticker   N          +15m          +30m           +1h           +2h           +5h           EOD           EOD range
  ----------------------------------------------------------------------------------------------------------------------
  QCOM    20    65%W +0.2%    60%W +0.1%    45%W -0.2%    45%W -0.3%    45%W -0.2%    60%W +0.4%       -4.8% → +3.8%
  META    20    65%W +0.1%    65%W +0.1%    60%W +0.3%    60%W +0.4%    50%W +0.1%    55%W +0.2%       -3.5% → +2.6%
  LLY     20    45%W -0.0%    45%W -0.1%    45%W -0.1%    50%W +0.1%    65%W +0.4%    55%W +0.2%       -2.7% → +2.9%
  AVGO    20    60%W +0.1%    50%W +0.2%    50%W -0.0%    45%W -0.1%    50%W +0.3%    55%W +0.4%       -5.8% → +4.3%
  MU      20    55%W +0.1%    50%W +0.2%    45%W -0.2%    45%W -0.3%    50%W -0.0%    50%W +0.5%       -5.4% → +4.0%
  MRVL    20    55%W +0.2%    50%W +0.1%    40%W -0.1%    50%W -0.1%    50%W -0.2%    50%W -0.1%       -6.4% → +4.9%
  CHTR    20    45%W -0.0%    45%W -0.1%    35%W -0.1%    65%W +0.3%    55%W +0.5%    50%W +0.1%       -1.9% → +2.1%
  AMD     20    50%W +0.0%    50%W -0.0%    50%W -0.1%    55%W +0.3%    45%W -0.7%    50%W +0.1%       -6.2% → +3.4%
  SNPS    20    50%W +0.0%    50%W +0.0%    50%W +0.0%    55%W +0.1%    45%W -0.1%    45%W -0.2%       -3.5% → +4.0%
  SPOT    20    60%W +0.1%    55%W +0.1%    45%W -0.1%    45%W -0.3%    40%W -2.0%    45%W -0.6%       -6.0% → +4.6%
  PLTR    20    40%W -0.4%    40%W -0.4%    45%W -0.0%    45%W -0.6%    40%W -1.5%    45%W -0.4%       -7.5% → +5.2%
  TSLA    20    50%W +0.0%    40%W -0.2%    55%W +0.2%    50%W +0.0%    45%W -0.1%    45%W -1.2%      -8.1% → +12.4%
  SNOW    20    45%W -0.1%    30%W -0.4%    40%W -0.3%    50%W -0.5%    55%W +0.3%    40%W -0.6%      -10.8% → +4.1%
  CRWD    20    40%W -0.1%    40%W -0.3%    45%W -0.1%    40%W -0.8%    35%W -1.4%    40%W -1.2%       -6.3% → +6.8%
  DDOG    20    55%W +0.2%    50%W -0.2%    45%W -0.3%    35%W -0.7%    35%W -1.4%    30%W -1.0%       -6.6% → +4.1%

=========================================================================================================================================================================================
Pre-Session Top-2 Performance — 2021-03-01 to 2021-03-31  |  Unconditional OR-close entry  |  OR: 09:30/3b
=========================================================================================================================================================================================
Date         Ticker Rank  At       Entry       +15m       +30m       +45m        +1h     +1h30m        +2h        +3h        +4h        +5h        +6h        +7h        EOD
-----------------------------------------------------------------------------------------------------------------------------------------------------------------------------------------
2021-03-01   META   #1    09:40   258.92    +0.33%W    -0.08%L    +0.70%W    +0.92%W    +0.97%W    +0.72%W    +1.29%W    +1.25%W    +2.66%W    +2.41%W    +2.11%W    +2.11%W
2021-03-01   AVGO   #2    09:40   474.97    +0.32%W    +0.32%W    +0.96%W    +1.20%W    +1.41%W    +1.95%W    +2.70%W    +2.32%W    +2.95%W    +2.79%W    +3.15%W    +3.15%W
2021-03-02   META   #1    09:40   265.11    -0.28%L    -0.15%L    -0.32%L    -0.34%L    -0.30%L    -0.63%L    +0.06%W    +0.25%W    -0.84%L    -1.56%L    -2.32%L    -2.32%L
2021-03-02   AVGO   #2    09:40   484.81    -0.28%L    -0.29%L    -0.94%L    -0.74%L    -0.62%L    -0.76%L    -0.18%L    -0.05%L    -0.31%L    -0.60%L    -0.89%L    -0.89%L
2021-03-03   META   #1    09:40   258.44    -0.44%L    -0.70%L    -0.45%L    -0.30%L    +0.52%W    +0.37%W    -0.60%L    -0.88%L    -0.69%L    -0.67%L    -1.16%L    -1.16%L
2021-03-03   DDOG   #2    09:40    91.22    +0.82%W    -0.98%L    -0.59%L    -0.50%L    -0.27%L    -0.95%L    -2.81%L    -2.70%L    -3.24%L    -1.61%L    -1.29%L    -1.29%L
2021-03-04   META   #1    09:40   258.17    +0.00%W    -0.59%L    -0.31%L    +1.08%W    +1.91%W    +3.13%W    +1.25%W    -0.59%L    -0.10%L    +0.35%W    -0.22%L    -0.22%L
2021-03-04   DDOG   #2    09:40    89.11    -2.85%L    -3.31%L    -3.33%L    -2.18%L    -3.46%L    -2.59%L    -5.55%L    -7.24%L    -6.08%L    -4.49%L    -4.63%L    -4.63%L
2021-03-05   META   #1    09:40   259.19    +0.11%W    -0.12%L    +0.32%W    -0.04%L    -0.83%L    -0.45%L    +0.25%W    +0.69%W    +1.10%W    +2.18%W    +1.96%W    +1.96%W
2021-03-05   MU     #2    09:40    86.01    -0.97%L    -1.74%L    -2.06%L    -0.88%L    -2.12%L    -0.83%L    +0.86%W    +3.18%W    +2.76%W    +3.37%W    +3.39%W    +3.39%W
2021-03-08   MRVL   #1    09:40    42.81    -2.35%L    -2.90%L    -3.11%L    -2.62%L    -3.72%L    -5.16%L    -4.84%L    -5.12%L    -5.47%L    -5.28%L    -6.40%L    -6.40%L
2021-03-08   META   #2    09:40   264.78    -1.37%L    -0.75%L    -0.40%L    -0.36%L    -0.89%L    -1.07%L    -1.54%L    -2.39%L    -2.42%L    -2.68%L    -3.53%L    -3.53%L
2021-03-09   MU     #1    09:40    86.40    +1.49%W    +1.96%W    +1.30%W    +1.53%W    +1.96%W    +2.17%W    +2.51%W    +3.63%W    +3.97%W    +3.53%W    +3.34%W    +3.34%W
2021-03-09   MRVL   #2    09:40    41.80    +2.08%W    +3.18%W    +2.61%W    +3.34%W    +2.56%W    +3.29%W    +3.11%W    +4.71%W    +5.84%W    +5.36%W    +4.90%W    +4.90%W
2021-03-10   META   #1    09:40   266.62    -0.07%L    +0.13%W    -0.78%L    -0.90%L    -0.80%L    -1.02%L    -0.67%L    -0.84%L    -0.44%L    -0.38%L    -0.64%L    -0.64%L
2021-03-10   MU     #2    09:40    89.33    -1.02%L    -1.33%L    -2.83%L    -2.56%L    -2.12%L    -3.02%L    -2.99%L    -3.90%L    -4.15%L    -4.27%L    -4.39%L    -4.39%L
2021-03-11   META   #1    09:40   272.04    +0.39%W    +0.55%W    +0.41%W    +0.62%W    +0.93%W    +0.86%W    +1.43%W    +1.87%W    +1.43%W    +0.85%W    +0.67%W    +0.67%W
2021-03-11   MU     #2    09:40    87.51    +0.94%W    +1.53%W    +1.14%W    +1.78%W    +2.19%W    +2.48%W    +2.32%W    +1.76%W    +2.54%W    +2.34%W    +2.05%W    +2.05%W
2021-03-12   MU     #1    09:40    87.88    +0.41%W    +0.53%W    -0.45%L    -0.47%L    -1.08%L    -0.94%L    -0.60%L    -0.59%L    -0.21%L    +0.01%W    -0.12%L    -0.12%L
2021-03-12   MRVL   #2    09:40    46.11    +1.04%W    +0.39%W    -0.13%L    +0.30%W    +0.04%W    +0.93%W    +2.23%W    +2.49%W    +2.69%W    +2.26%W    +2.28%W    +2.28%W
2021-03-15   META   #1    09:40   272.80    +0.03%W    -0.17%L    -0.34%L    -0.25%L    -0.04%L    -0.33%L    -0.12%L    -0.26%L    +0.72%W    -0.13%L    +0.35%W    +0.35%W
2021-03-15   SPOT   #2    09:40   278.54    +0.24%W    -0.19%L    +0.02%W    +0.21%W    +0.12%W    -0.37%L    +0.17%W    +0.62%W    +1.24%W    +2.01%W    +2.43%W    +2.43%W
2021-03-16   META   #1    09:40   278.74    +0.13%W    +0.06%W    +0.41%W    +0.39%W    +0.46%W    +0.81%W    +0.12%W    +0.57%W    -0.20%L    +0.59%W    +0.14%W    +0.14%W
2021-03-16   SPOT   #2    09:40   290.66    +0.12%W    -0.73%L    -0.68%L    -0.30%L    +0.11%W    -0.21%L    -0.77%L    -1.37%L    -3.45%L    -1.93%L    -2.09%L    -2.09%L
2021-03-17   AVGO   #1    09:40   474.98    +0.31%W    +0.53%W    +0.59%W    +0.10%W    -0.05%L    -0.42%L    -0.13%L    +0.21%W    +2.14%W    +1.71%W    +1.88%W    +1.88%W
2021-03-17   META   #2    09:40   276.93    +0.78%W    +1.26%W    +1.41%W    +1.06%W    +0.90%W    +0.52%W    +0.59%W    +0.85%W    +3.34%W    +2.20%W    +2.56%W    +2.56%W
2021-03-18   MRVL   #1    09:40    47.10    +0.53%W    -0.51%L    -0.02%L    -0.34%L    -0.19%L    -0.38%L    -0.38%L    -0.48%L    -1.89%L    -2.76%L    -3.29%L    -3.29%L
2021-03-18   AVGO   #2    09:40   477.00    +0.89%W    +0.49%W    +0.96%W    +0.86%W    +0.71%W    +0.64%W    +0.56%W    -0.21%L    -1.71%L    -2.15%L    -2.74%L    -2.74%L
2021-03-19   META   #1    09:40   283.10    +1.07%W    +1.59%W    +1.85%W    +2.39%W    +2.82%W    +2.50%W    +2.58%W    +2.36%W    +2.57%W    +2.26%W    +2.46%W    +2.46%W
2021-03-19   MRVL   #2    09:40    45.72    +0.87%W    +1.00%W    +1.60%W    +2.10%W    +2.30%W    +2.56%W    +2.56%W    +3.12%W    +2.91%W    +2.84%W    +2.81%W    +2.81%W
2021-03-22   META   #1    09:40   287.63    +2.19%W    +1.63%W    +1.86%W    +2.14%W    +2.41%W    +2.65%W    +3.95%W    +3.60%W    +3.78%W    +2.74%W    +2.05%W    +2.05%W
2021-03-22   AVGO   #2    09:40   473.28    +0.10%W    -0.01%L    +0.39%W    +0.34%W    +0.60%W    +1.00%W    +1.30%W    +1.42%W    +1.31%W    +0.40%W    +0.44%W    +0.44%W
2021-03-23   AVGO   #1    09:40   472.39    +0.07%W    +0.48%W    -0.14%L    -0.60%L    +0.10%W    -0.42%L    -0.32%L    -0.54%L    -1.18%L    -1.73%L    -1.81%L    -1.81%L
2021-03-23   META   #2    09:40   292.07    -0.08%L    +1.31%W    +1.31%W    +0.66%W    +1.69%W    +1.44%W    +1.10%W    +0.63%W    +1.07%W    -0.44%L    -0.52%L    -0.52%L
2021-03-24   AVGO   #1    09:40   465.38    -0.71%L    -0.72%L    -0.86%L    -0.54%L    +0.47%W    +0.32%W    -0.17%L    -0.41%L    -0.56%L    -1.26%L    -1.77%L    -1.77%L
2021-03-24   META   #2    09:40   290.45    -0.31%L    +0.04%W    -0.43%L    -0.21%L    -0.11%L    -1.06%L    -1.21%L    -2.03%L    -2.09%L    -2.51%L    -2.86%L    -2.86%L
2021-03-25   CHTR   #1    09:40   640.36    +0.73%W    -0.38%L    -0.26%L    -0.05%L    -0.14%L    -0.75%L    -0.59%L    -0.67%L    -0.88%L    -0.35%L    -0.46%L    -0.46%L
2021-03-25   AVGO   #2    09:40   454.78    +0.13%W    +0.44%W    +0.23%W    -0.11%L    -0.94%L    -0.15%L    +1.13%W    +1.29%W    +0.99%W    +1.67%W    +1.52%W    +1.52%W
2021-03-26   AVGO   #1    09:40   462.57    +0.84%W    +1.12%W    +1.18%W    +1.79%W    +1.25%W    +1.86%W    +2.42%W    +2.16%W    +1.84%W    +2.94%W    +4.29%W    +4.29%W
2021-03-26   QCOM   #2    09:40   128.14    +0.42%W    +0.62%W    +0.81%W    +1.18%W    +0.41%W    +1.19%W    +2.19%W    +1.89%W    +1.48%W    +2.60%W    +3.83%W    +3.83%W
2021-03-29   QCOM   #1    09:40   131.69    -0.50%L    -0.34%L    -0.48%L    -0.41%L    -0.96%L    -1.00%L    -0.38%L    -0.33%L    -1.37%L    -0.85%L    -0.32%L    -0.32%L
2021-03-29   AVGO   #2    09:40   476.45    -0.82%L    -0.74%L    -0.79%L    -0.64%L    -1.12%L    -0.80%L    +0.35%W    +0.28%W    -1.56%L    -0.78%L    -0.75%L    -0.75%L
2021-03-30   META   #1    09:40   290.28    +0.40%W    +0.64%W    -0.04%L    +0.22%W    -0.04%L    -0.33%L    -0.53%L    -0.20%L    -0.50%L    -0.70%L    -0.79%L    -0.79%L
2021-03-30   QCOM   #2    09:40   129.57    +0.46%W    +0.33%W    +0.00%W    +0.45%W    +0.55%W    +0.84%W    +0.25%W    +0.24%W    -0.00%L    +0.44%W    +0.48%W    +0.48%W
2021-03-31   QCOM   #1    09:40   131.85    +0.80%W    +0.39%W    +0.14%W    +0.53%W    +0.74%W    +0.16%W    +0.80%W    +0.93%W    +0.85%W    +0.69%W    +0.56%W    +0.56%W
2021-03-31   META   #2    09:40   289.42    +0.74%W    +1.11%W    +1.38%W    +1.65%W    +1.60%W    +1.66%W    +2.23%W    +2.15%W    +2.06%W    +1.83%W    +1.76%W    +1.76%W

========================================================================================
Pre-session picks summary — 46 pick(s) across 23 trading day(s)

Top-2 picks (all days)  (46 signal(s))
  Hold      Count   Win Rate   Avg Gain    Avg Win   Avg Loss ProfitFactor   Sum Ret%
  -------------------------------------------------------------------------
  +15m         46      69.6%     +0.17%     +0.62%     -0.86%        1.64x     +7.75%
  +30m         46      54.3%     +0.11%     +0.86%     -0.80%        1.29x     +4.89%
  +45m         46      50.0%     +0.04%     +0.94%     -0.86%        1.09x     +1.86%
  +1h          46      52.2%     +0.25%     +1.12%     -0.70%        1.75x    +11.49%
  +1h30m       46      56.5%     +0.22%     +1.14%     -0.99%        1.50x     +9.93%
  +2h          46      50.0%     +0.23%     +1.48%     -1.03%        1.44x    +10.41%
  +3h          46      58.7%     +0.35%     +1.49%     -1.28%        1.65x    +15.92%
  +4h          46      56.5%     +0.30%     +1.71%     -1.54%        1.45x    +13.70%
  +5h          46      50.0%     +0.28%     +2.27%     -1.71%        1.33x    +12.88%
  +6h          46      54.3%     +0.29%     +2.02%     -1.77%        1.36x    +13.24%
  +7h          46      52.2%     +0.18%     +2.14%     -1.96%        1.20x     +8.42%
  EOD          46      52.2%     +0.18%     +2.14%     -1.96%        1.20x     +8.42%

=========================================================================================================================================================================================
Signal Analysis — 2021-03-01 to 2021-03-31  |  BULL only  |  Vol ≥ 1.0x 20dAvg
Windows: 09:30/3b  |  Collection: 3 bars  |  Tickers: 19
=========================================================================================================================================================================================
Date         Ticker Window   At       Entry  Vol/20d       +15m       +30m       +45m        +1h     +1h30m        +2h        +3h        +4h        +5h        +6h        +7h        EOD
-----------------------------------------------------------------------------------------------------------------------------------------------------------------------------------------
2021-03-01   SNPS   09:30/3b 09:50   250.63    1.22x    -0.14%L    +0.35%W    +0.54%W    +0.79%W    +0.97%W    +1.19%W    +0.85%W    +0.88%W    +1.10%W    +1.40%W    +1.32%W    +1.32%W
2021-03-03   MU     09:30/3b 09:45    91.94    1.05x    +0.96%W    -0.56%L    -0.53%L    -0.80%L    +0.64%W    +0.80%W    -0.95%L    -1.47%L    -3.10%L    -1.91%L    -3.12%L    -3.12%L
2021-03-04   LLY    09:30/3b 09:40   204.24    1.31x    -0.03%L    -0.53%L    -0.80%L    -0.41%L    -0.74%L    -0.76%L    -1.47%L    -2.01%L    -1.74%L    -2.34%L    -1.80%L    -1.80%L
2021-03-04   AVGO   09:30/3b 09:40   465.09    1.25x    -1.82%L    -1.73%L    -1.72%L    -0.47%L    -1.22%L    -0.42%L    -2.51%L    -4.04%L    -3.81%L    -4.31%L    -4.70%L    -4.70%L
2021-03-05   META   09:30/3b 09:45   259.50    1.64x    +0.40%W    -0.04%L    -0.09%L    +0.14%W    -0.80%L    -0.89%L    +0.54%W    +0.68%W    +1.16%W    +2.13%W    +1.84%W    +1.84%W
2021-03-05   CHTR   09:30/3b 09:45   614.12    1.02x    +0.79%W    +0.10%W    +0.98%W    +1.15%W    +0.73%W    +0.31%W    +1.56%W    +2.11%W    +2.38%W    +2.12%W    +1.63%W    +1.63%W
2021-03-08   META   09:30/3b 09:40   264.78    1.59x    -1.37%L    -0.75%L    -0.40%L    -0.36%L    -0.89%L    -1.07%L    -1.54%L    -2.39%L    -2.42%L    -2.68%L    -3.53%L    -3.53%L
2021-03-08   SNOW   09:30/3b 09:40   239.48    3.19x    -1.35%L    -2.18%L    -1.90%L    -1.39%L    -3.52%L    -5.33%L    -5.63%L    -7.45%L    -8.56%L   -10.33%L   -10.77%L   -10.77%L
2021-03-08   SPOT   09:30/3b 09:40   275.23    1.21x    -2.16%L    -1.68%L    -1.29%L    -0.65%L    -2.45%L    -3.73%L    -4.61%L    -5.17%L    -6.43%L    -6.15%L    -6.00%L    -6.00%L
2021-03-08   MU     09:30/3b 09:40    89.38    1.52x    -1.75%L    -1.43%L    -1.16%L    -0.45%L    -1.66%L    -3.41%L    -2.26%L    -3.33%L    -3.89%L    -3.84%L    -4.79%L    -4.79%L
2021-03-08   LLY    09:30/3b 09:40   207.56    1.06x    -0.25%L    +0.99%W    +0.48%W    +0.59%W    +0.74%W    +0.99%W    +1.57%W    +1.26%W    +0.30%W    -0.23%L    -0.28%L    -0.28%L
2021-03-08   CRWD   09:30/3b 09:40   190.50    1.65x    +0.51%W    -0.96%L    -0.93%L    -0.18%L    -2.04%L    -2.73%L    -3.73%L    -4.48%L    -4.46%L    -5.28%L    -5.73%L    -5.73%L
2021-03-08   QCOM   09:30/3b 09:40   129.40    1.10x    -0.85%L    -1.17%L    -0.63%L    -0.34%L    -1.15%L    -2.13%L    -2.77%L    -3.14%L    -3.77%L    -4.40%L    -4.81%L    -4.81%L
2021-03-08   TSLA   09:30/3b 09:40   612.78    2.61x    -2.70%L    -1.88%L    -0.76%L    -0.84%L    -2.95%L    -5.26%L    -3.64%L    -6.15%L    -6.75%L    -7.29%L    -8.13%L    -8.13%L
2021-03-08   AVGO   09:30/3b 09:40   446.00    1.87x    -0.74%L    -0.66%L    -0.36%L    +0.11%W    -0.90%L    -1.87%L    -1.04%L    -1.94%L    -3.01%L    -4.00%L    -5.75%L    -5.75%L
2021-03-08   AMD    09:30/3b 09:40    78.83    1.35x    -1.59%L    -1.80%L    -1.56%L    -0.81%L    -2.35%L    -3.10%L    -3.09%L    -4.23%L    -4.47%L    -5.20%L    -6.19%L    -6.19%L
2021-03-08   DDOG   09:30/3b 09:40    82.94    1.53x    -0.58%L    -1.05%L    -0.82%L    -0.61%L    -2.45%L    -2.98%L    -4.03%L    -5.44%L    -5.95%L    -6.07%L    -6.64%L    -6.64%L
2021-03-09   SNOW   09:30/3b 09:45   224.05    1.39x    +1.30%W    +1.68%W    +1.50%W    +1.54%W    +1.47%W    +0.75%W    +2.04%W    +3.87%W    +4.70%W    +3.00%W    +2.67%W    +2.67%W
2021-03-09   SPOT   09:30/3b 09:50   274.03    1.27x    +1.16%W    +0.80%W    +0.39%W    -0.42%L    +0.23%W    -0.77%L    -0.73%L    -0.74%L    -1.17%L    +0.33%W    -0.26%L    -0.26%L
2021-03-09   LLY    09:30/3b 09:40   211.80    3.03x    -0.53%L    -0.89%L    -1.33%L    -1.37%L    -0.84%L    -1.20%L    -1.32%L    -1.78%L    -1.92%L    -2.53%L    -2.69%L    -2.69%L
2021-03-09   QCOM   09:30/3b 09:45   127.75    1.08x    +0.50%W    +0.48%W    +0.07%W    -0.34%L    +0.13%W    -0.05%L    +0.63%W    +1.10%W    +1.41%W    +1.12%W    +1.06%W    +1.06%W
2021-03-09   AVGO   09:30/3b 09:45   437.26    2.48x    +0.39%W    +0.17%W    -0.20%L    -0.64%L    -0.08%L    -0.18%L    +0.61%W    +1.75%W    +1.71%W    +1.51%W    +1.45%W    +1.45%W
2021-03-09   AMD    09:30/3b 09:45    76.79    1.38x    +0.72%W    +1.12%W    +0.40%W    +0.33%W    +1.56%W    +1.15%W    +1.66%W    +2.25%W    +2.44%W    +2.60%W    +2.25%W    +2.25%W
2021-03-10   SNOW   09:30/3b 09:40   232.07    1.52x    -1.78%L    -1.73%L    -4.00%L    -2.94%L    -2.46%L    -3.15%L    -2.28%L    -1.54%L    -0.68%L    -1.84%L    -2.10%L    -2.10%L
2021-03-10   SNPS   09:30/3b 09:50   237.45    1.98x    -0.26%L    -1.18%L    -2.21%L    -2.35%L    -2.25%L    -1.87%L    -2.87%L    -3.56%L    -3.42%L    -3.63%L    -3.63%L    -3.63%L
2021-03-10   MRVL   09:30/3b 09:40    44.45    2.46x    +0.19%W    +0.30%W    -0.60%L    -0.17%L    +0.91%W    -0.37%L    -1.01%L    -2.67%L    -2.73%L    -3.23%L    -3.68%L    -3.68%L
2021-03-10   QCOM   09:30/3b 09:50   130.77    1.53x    -0.76%L    -1.41%L    -1.90%L    -1.82%L    -1.71%L    -1.61%L    -1.75%L    -1.98%L    -1.59%L    -2.16%L    -2.23%L    -2.23%L
2021-03-10   CHTR   09:30/3b 09:40   622.83    1.65x    +0.64%W    +0.66%W    +0.53%W    +1.13%W    +1.10%W    +1.27%W    +1.88%W    +2.06%W    +2.30%W    +0.94%W    +0.98%W    +0.98%W
2021-03-10   AVGO   09:30/3b 09:50   453.40    1.01x    -0.75%L    -1.28%L    -2.00%L    -2.15%L    -2.27%L    -1.65%L    -2.48%L    -3.53%L    -3.59%L    -3.30%L    -3.49%L    -3.49%L
2021-03-10   AMD    09:30/3b 09:50    79.47    1.03x    -0.37%L    -1.57%L    -2.19%L    -1.55%L    -0.79%L    -0.66%L    -1.26%L    -2.07%L    -1.55%L    -2.27%L    -2.51%L    -2.51%L
2021-03-10   DDOG   09:30/3b 09:50    83.66    1.37x    -0.17%L    -1.03%L    -2.93%L    -2.89%L    -2.13%L    -1.75%L    -2.32%L    -3.80%L    -3.01%L    -3.66%L    -3.51%L    -3.51%L
2021-03-11   MU     09:30/3b 09:40    87.51    1.63x    +0.94%W    +1.53%W    +1.14%W    +1.78%W    +2.19%W    +2.48%W    +2.32%W    +1.76%W    +2.54%W    +2.34%W    +2.05%W    +2.05%W
2021-03-12   AVGO   09:30/3b 09:40   449.94    1.07x    +0.61%W    +0.55%W    -0.43%L    -0.13%L    -0.69%L    -0.25%L    -0.47%L    -0.43%L    -0.35%L    +0.18%W    +0.28%W    +0.28%W
2021-03-12   AMD    09:30/3b 09:40    80.30    1.11x    +0.70%W    +0.32%W    -0.11%L    +0.25%W    -0.27%L    +0.37%W    +0.40%W    +0.72%W    +0.97%W    +0.86%W    +0.93%W    +0.93%W
2021-03-15   META   09:30/3b 09:40   272.80    1.16x    +0.03%W    -0.17%L    -0.34%L    -0.25%L    -0.04%L    -0.33%L    -0.12%L    -0.26%L    +0.72%W    -0.13%L    +0.35%W    +0.35%W
2021-03-15   SNOW   09:30/3b 09:50   237.00    1.01x    +0.27%W    +0.47%W    +0.71%W    +0.24%W    -0.84%L    +1.11%W    +0.08%W    +1.33%W    +1.27%W    +0.47%W    +0.71%W    +0.71%W
2021-03-15   SNPS   09:30/3b 09:50   229.53    1.47x    +0.46%W    +0.44%W    +0.31%W    +0.53%W    +0.13%W    +0.12%W    +0.79%W    +1.36%W    +1.69%W    +2.00%W    +2.33%W    +2.33%W
2021-03-16   META   09:30/3b 09:50   278.43    1.06x    +0.43%W    +0.29%W    +0.60%W    +0.96%W    +0.84%W    +0.84%W    +0.16%W    +0.66%W    +0.10%W    +0.59%W    +0.25%W    +0.25%W
2021-03-16   AVGO   09:30/3b 09:40   471.37    1.10x    +0.48%W    +1.25%W    +1.11%W    +1.70%W    +2.27%W    +2.26%W    +2.42%W    +1.83%W    +1.11%W    +1.50%W    +1.51%W    +1.51%W
2021-03-17   CRWD   09:30/3b 09:45   199.09    3.40x    +1.91%W    +3.26%W    +2.19%W    -0.20%L    +0.78%W    -0.32%L    +0.36%W    +0.08%W    +3.41%W    +5.61%W    +4.50%W    +4.50%W
2021-03-18   MU     09:30/3b 09:50    92.68    1.00x    -1.06%L    -1.13%L    -0.68%L    -1.36%L    -0.88%L    -1.59%L    -1.64%L    -1.05%L    -2.77%L    -3.26%L    -3.09%L    -3.09%L
2021-03-19   META   09:30/3b 09:40   283.10    1.42x    +1.07%W    +1.59%W    +1.85%W    +2.39%W    +2.82%W    +2.50%W    +2.58%W    +2.36%W    +2.57%W    +2.26%W    +2.46%W    +2.46%W
2021-03-19   CRWD   09:30/3b 09:45   193.42    1.11x    -0.97%L    -0.67%L    +0.16%W    +1.35%W    +1.25%W    +1.28%W    +1.85%W    +1.81%W    +0.70%W    +0.41%W    +0.76%W    +0.76%W
2021-03-22   META   09:30/3b 09:50   293.61    1.46x    -0.18%L    -0.17%L    -0.12%L    +0.47%W    +0.26%W    +0.66%W    +1.89%W    +1.71%W    +1.47%W    +0.06%W    -0.02%L    -0.02%L
2021-03-24   MRVL   09:30/3b 09:40    47.20    2.68x    -0.72%L    -0.85%L    -1.69%L    -1.13%L    +0.21%W    +0.02%W    -1.11%L    -1.73%L    -2.35%L    -3.56%L    -4.24%L    -4.24%L
2021-03-24   AMD    09:30/3b 09:40    77.95    1.32x    -0.87%L    -0.97%L    -0.85%L    -0.24%L    +0.82%W    +0.76%W    +0.03%W    -0.48%L    -0.69%L    -1.40%L    -1.92%L    -1.92%L
2021-03-25   META   09:30/3b 09:40   285.19    1.36x    -0.10%L    +0.61%W    -0.65%L    -0.94%L    -1.15%L    -1.98%L    -1.29%L    -1.64%L    -1.98%L    -1.83%L    -2.26%L    -2.26%L
2021-03-25   SPOT   09:30/3b 09:40   255.40    1.26x    +0.12%W    +0.90%W    +0.13%W    -0.00%L    -1.03%L    -0.99%L    +0.18%W    -0.90%L    -1.49%L    -0.81%L    -0.31%L    -0.31%L
2021-03-25   MU     09:30/3b 09:40    83.02    1.19x    -0.25%L    -0.20%L    -0.34%L    -0.93%L    -1.42%L    -0.64%L    +0.82%W    +0.45%W    +0.13%W    +1.47%W    +1.30%W    +1.30%W
2021-03-25   PLTR   09:30/3b 09:40    22.23    1.14x    -1.78%L    -0.16%L    -0.94%L    -1.69%L    -2.27%L    -1.64%L    +1.66%W    +0.25%W    +0.04%W    +1.26%W    +1.51%W    +1.51%W
2021-03-26   DDOG   09:30/3b 09:40    80.85   10.71x    +1.21%W    +2.40%W    +2.21%W    +2.98%W    +1.33%W    +0.84%W    -0.85%L    -1.56%L    -2.45%L    -1.11%L    -0.71%L    -0.71%L
2021-03-29   SNOW   09:30/3b 09:40   234.47    1.09x    -2.10%L    -2.44%L    -2.83%L    -2.78%L    -4.32%L    -3.63%L    -4.46%L    -3.68%L    -5.52%L    -4.81%L    -4.56%L    -4.56%L
2021-03-29   AMD    09:30/3b 09:45    77.72    1.17x    -0.67%L    -0.47%L    -0.76%L    -0.57%L    -1.40%L    -1.30%L    -0.38%L    -0.23%L    -1.31%L    -0.90%L    -0.73%L    -0.73%L
2021-03-30   SPOT   09:30/3b 09:50   252.56    1.07x    +0.60%W    -0.00%L    +1.31%W    +2.20%W    +3.04%W    +1.76%W    +1.77%W    +0.32%W    +0.83%W    +2.17%W    +1.91%W    +1.91%W
2021-03-31   DDOG   09:30/3b 09:50    80.34    1.23x    +1.56%W    +2.74%W    +3.50%W    +3.32%W    +3.58%W    +3.63%W    +4.45%W    +4.90%W    +5.12%W    +4.00%W    +3.75%W    +3.75%W

========================================================================================
Summary — 55 qualifying signal(s) across 23 trading day(s)

Window 09:30/3b  (55 signal(s))
  Hold      Count   Win Rate   Avg Gain    Avg Win   Avg Loss ProfitFactor   Sum Ret%
  -------------------------------------------------------------------------
  +15m         55      45.5%     -0.19%     +0.72%     -0.95%        0.63x    -10.67%
  +30m         55      41.8%     -0.18%     +1.00%     -1.02%        0.70x     -9.73%
  +45m         55      36.4%     -0.36%     +1.01%     -1.14%        0.50x    -19.91%
  +1h          55      36.4%     -0.19%     +1.20%     -0.98%        0.70x    -10.22%
  +1h30m       55      41.8%     -0.40%     +1.22%     -1.56%        0.56x    -21.95%
  +2h          55      38.2%     -0.63%     +1.20%     -1.75%        0.42x    -34.50%
  +3h          55      45.5%     -0.55%     +1.32%     -2.12%        0.52x    -30.51%
  +4h          55      41.8%     -0.90%     +1.54%     -2.65%        0.42x    -49.38%
  +5h          55      43.6%     -1.03%     +1.67%     -3.13%        0.41x    -56.77%
  +6h          55      43.6%     -1.17%     +1.68%     -3.37%        0.39x    -64.09%
  +7h          55      41.8%     -1.39%     +1.64%     -3.57%        0.33x    -76.37%
  EOD          55      41.8%     -1.39%     +1.64%     -3.57%        0.33x    -76.37%
