Fetching 5-min bars (2021-01-02 → 2021-02-26) [alpaca]...
  [cache] delta-fetching 9 tickers from alpaca (2021-01-30 → 2021-02-26)
  [cache] fetching 2 tickers from alpaca (cache miss)
  [cache] loaded 9 tickers from cache
Fetching daily bars (2020-02-02 → 2021-02-26)...

=========================================================================================================================================================================================
Pre-Session Rankings (9:25) — 2021-02-01 to 2021-02-26  |  20d lookback
=========================================================================================================================================================================================
Pre-session top-2 (9:25, 20d EOD win rate) — 2021-02-01  OR: 09:30/3b
  #1 CHTR   +15m 60%W +0.1%  +30m 65%W +0.2%  +1h 60%W +0.4%  +2h 70%W +0.4%  +5h 65%W +0.5%  EOD 65%W +0.2%  EOD range -4.0% → +1.5%
  #2 LLY    +15m 65%W +0.1%  +30m 60%W +0.2%  +1h 50%W +0.1%  +2h 55%W +0.2%  +5h 60%W +0.3%  EOD 65%W +0.9%  EOD range -3.2% → +2.1%
  Ticker   N          +15m          +30m           +1h           +2h           +5h           EOD           EOD range
  ----------------------------------------------------------------------------------------------------------------------
  CHTR    20  60%W +0.1%  65%W +0.2%  60%W +0.4%  70%W +0.4%  65%W +0.5%  65%W +0.2%       -4.0% → +1.5%
  LLY     20  65%W +0.1%  60%W +0.2%  50%W +0.1%  55%W +0.2%  60%W +0.3%  65%W +0.9%       -3.2% → +2.1%
  DDOG    20  40%W -0.1%  60%W +0.3%  75%W +0.4%  65%W +0.5%  75%W +0.9%  60%W +0.6%       -4.3% → +3.9%
  MU      20  60%W +0.4%  75%W +0.4%  60%W +1.0%  60%W +0.4%  40%W -0.3%  55%W +0.3%       -5.3% → +3.9%
  CRWD    20  40%W -0.2%  65%W +0.2%  55%W +0.2%  55%W +0.3%  45%W -0.3%  50%W +0.2%       -3.9% → +4.6%
  TSLA    20  45%W -0.2%  55%W +0.1%  50%W +0.2%  55%W +0.8%  60%W +0.2%  50%W +0.0%       -4.3% → +4.0%
  QCOM    20  50%W +0.0%  55%W +0.2%  65%W +0.2%  50%W +0.2%  45%W -0.0%  50%W -0.0%       -4.1% → +2.1%
  PLTR    20  60%W +0.3%  45%W -0.3%  60%W +0.1%  55%W +0.4%  45%W -0.8%  45%W -0.5%     -12.0% → +20.2%
  AVGO    20  50%W +0.1%  75%W +0.2%  70%W +0.4%  65%W +0.3%  50%W +0.1%  45%W -0.0%       -3.7% → +2.5%
  META    20  40%W -0.2%  40%W -0.3%  50%W +0.1%  55%W +0.1%  45%W -0.2%  40%W -0.3%       -4.7% → +2.5%
  MRVL    20  60%W +0.1%  65%W +0.4%  70%W +0.4%  55%W +0.1%  50%W +0.0%  40%W -0.1%       -3.8% → +2.4%
  AMD     20  45%W -0.0%  55%W +0.2%  50%W +0.1%  40%W -0.6%  40%W -0.2%  40%W -0.3%       -2.9% → +2.8%
  SPOT    20  60%W +0.3%  55%W +0.3%  55%W +0.1%  40%W -0.3%  50%W +0.1%  40%W -0.2%       -4.2% → +4.3%
  SNPS    20  50%W -0.0%  45%W -0.0%  60%W +0.2%  40%W -0.0%  45%W -0.2%  35%W -0.4%       -2.9% → +2.7%
  SNOW    20  45%W -0.1%  55%W +0.2%  50%W +0.0%  35%W -0.6%  40%W -0.4%  25%W -1.2%       -5.4% → +5.9%
Pre-session top-2 (9:25, 20d EOD win rate) — 2021-02-02  OR: 09:30/3b
  #1 CHTR   +15m 55%W +0.0%  +30m 60%W +0.1%  +1h 60%W +0.3%  +2h 65%W +0.4%  +5h 65%W +0.4%  EOD 60%W +0.2%  EOD range -4.0% → +1.5%
  #2 LLY    +15m 65%W +0.2%  +30m 60%W +0.2%  +1h 55%W +0.2%  +2h 60%W +0.2%  +5h 55%W +0.1%  EOD 60%W +0.6%  EOD range -3.2% → +2.1%
  Ticker   N          +15m          +30m           +1h           +2h           +5h           EOD           EOD range
  ----------------------------------------------------------------------------------------------------------------------
  CHTR    20  55%W +0.0%  60%W +0.1%  60%W +0.3%  65%W +0.4%  65%W +0.4%  60%W +0.2%       -4.0% → +1.5%
  LLY     20  65%W +0.2%  60%W +0.2%  55%W +0.2%  60%W +0.2%  55%W +0.1%  60%W +0.6%       -3.2% → +2.1%
  MU      20  55%W +0.3%  70%W +0.3%  55%W +0.9%  55%W +0.2%  40%W -0.3%  55%W +0.3%       -5.3% → +3.9%
  DDOG    20  40%W -0.1%  55%W +0.2%  70%W +0.4%  65%W +0.4%  70%W +0.7%  55%W +0.3%       -4.3% → +3.9%
  CRWD    20  40%W -0.2%  65%W +0.2%  55%W +0.2%  55%W +0.3%  45%W -0.3%  50%W +0.2%       -3.9% → +4.6%
  PLTR    20  55%W +0.1%  45%W -0.3%  55%W +0.1%  60%W +0.6%  50%W -0.3%  50%W +0.1%     -12.0% → +20.2%
  TSLA    20  45%W -0.2%  55%W +0.1%  50%W +0.2%  55%W +0.8%  60%W +0.2%  50%W +0.0%       -4.3% → +4.4%
  QCOM    20  50%W +0.0%  55%W +0.2%  65%W +0.2%  50%W +0.2%  45%W -0.0%  50%W -0.0%       -4.1% → +2.8%
  META    20  40%W -0.2%  45%W -0.2%  55%W +0.2%  60%W +0.2%  50%W -0.0%  45%W -0.1%       -4.7% → +2.5%
  SPOT    20  55%W +0.1%  50%W +0.1%  60%W +0.2%  45%W -0.2%  55%W +0.4%  45%W -0.0%       -4.2% → +4.3%
  AVGO    20  50%W +0.1%  75%W +0.2%  70%W +0.4%  65%W +0.3%  50%W +0.1%  45%W -0.0%       -3.7% → +2.6%
  MRVL    20  55%W +0.1%  65%W +0.3%  70%W +0.2%  55%W +0.1%  50%W +0.0%  40%W -0.1%       -3.8% → +2.4%
  AMD     20  45%W -0.0%  55%W +0.2%  50%W +0.1%  40%W -0.6%  40%W -0.2%  40%W -0.3%       -2.9% → +2.9%
  SNPS    20  50%W -0.0%  45%W -0.0%  60%W +0.2%  45%W -0.0%  45%W -0.2%  35%W -0.4%       -2.9% → +2.7%
  SNOW    20  50%W +0.1%  55%W +0.2%  55%W +0.4%  40%W -0.4%  45%W -0.2%  30%W -1.1%       -5.2% → +5.9%
Pre-session top-2 (9:25, 20d EOD win rate) — 2021-02-03  OR: 09:30/3b
  #1 CHTR   +15m 60%W +0.1%  +30m 65%W +0.2%  +1h 65%W +0.4%  +2h 70%W +0.5%  +5h 70%W +0.5%  EOD 65%W +0.2%  EOD range -4.0% → +1.5%
  #2 MU     +15m 50%W +0.1%  +30m 65%W +0.3%  +1h 55%W +0.9%  +2h 60%W +0.3%  +5h 45%W -0.2%  EOD 60%W +0.5%  EOD range -5.3% → +3.9%
  Ticker   N          +15m          +30m           +1h           +2h           +5h           EOD           EOD range
  ----------------------------------------------------------------------------------------------------------------------
  CHTR    20  60%W +0.1%  65%W +0.2%  65%W +0.4%  70%W +0.5%  70%W +0.5%  65%W +0.2%       -4.0% → +1.5%
  MU      20  50%W +0.1%  65%W +0.3%  55%W +0.9%  60%W +0.3%  45%W -0.2%  60%W +0.5%       -5.3% → +3.9%
  LLY     20  65%W +0.2%  65%W +0.2%  55%W +0.2%  60%W +0.2%  55%W +0.1%  60%W +0.6%       -3.2% → +2.1%
  DDOG    20  45%W -0.1%  60%W +0.3%  75%W +0.4%  70%W +0.5%  75%W +0.9%  60%W +0.6%       -4.2% → +3.9%
  CRWD    20  40%W -0.2%  65%W +0.2%  55%W +0.2%  55%W +0.3%  50%W +0.2%  55%W +0.9%       -3.9% → +4.6%
  TSLA    20  50%W -0.0%  60%W +0.2%  55%W +0.8%  60%W +1.1%  65%W +0.3%  55%W +0.2%       -4.3% → +4.4%
  QCOM    20  50%W +0.0%  60%W +0.2%  70%W +0.2%  55%W +0.3%  50%W +0.0%  55%W +0.1%       -1.9% → +2.8%
  META    20  40%W -0.2%  50%W +0.1%  60%W +0.2%  65%W +0.2%  55%W +0.2%  50%W +0.0%       -4.7% → +2.5%
  SPOT    20  55%W +0.1%  50%W +0.1%  60%W +0.1%  50%W +0.0%  60%W +0.5%  50%W +0.1%       -4.2% → +4.3%
  AVGO    20  50%W +0.1%  75%W +0.2%  75%W +0.4%  70%W +0.3%  55%W +0.2%  50%W +0.0%       -1.5% → +2.6%
  PLTR    20  60%W +0.3%  40%W -0.4%  50%W -0.1%  55%W +0.4%  45%W -0.8%  45%W -0.5%     -12.0% → +20.2%
  AMD     20  40%W -0.1%  50%W +0.0%  45%W -0.1%  40%W -0.6%  45%W -0.1%  45%W -0.3%       -2.9% → +2.9%
  MRVL    20  50%W -0.0%  60%W +0.2%  70%W +0.2%  55%W +0.1%  50%W +0.0%  40%W -0.1%       -2.9% → +2.4%
  SNPS    20  50%W -0.0%  50%W +0.0%  65%W +0.2%  50%W +0.0%  50%W -0.1%  40%W -0.3%       -2.5% → +2.7%
  SNOW    20  55%W +0.3%  60%W +0.3%  55%W +0.4%  45%W -0.4%  50%W -0.0%  35%W -0.9%       -5.2% → +5.9%
Pre-session top-2 (9:25, 20d EOD win rate) — 2021-02-04  OR: 09:30/3b
  #1 CHTR   +15m 55%W +0.0%  +30m 65%W +0.2%  +1h 65%W +0.4%  +2h 70%W +0.5%  +5h 70%W +0.5%  EOD 65%W +0.2%  EOD range -4.0% → +1.5%
  #2 DDOG   +15m 50%W +0.0%  +30m 65%W +0.3%  +1h 75%W +0.4%  +2h 70%W +0.7%  +5h 75%W +0.9%  EOD 60%W +0.6%  EOD range -4.2% → +3.9%
  Ticker   N          +15m          +30m           +1h           +2h           +5h           EOD           EOD range
  ----------------------------------------------------------------------------------------------------------------------
  CHTR    20  55%W +0.0%  65%W +0.2%  65%W +0.4%  70%W +0.5%  70%W +0.5%  65%W +0.2%       -4.0% → +1.5%
  DDOG    20  50%W +0.0%  65%W +0.3%  75%W +0.4%  70%W +0.7%  75%W +0.9%  60%W +0.6%       -4.2% → +3.9%
  META    20  40%W -0.2%  55%W +0.3%  60%W +0.2%  65%W +0.4%  55%W +0.2%  55%W +0.1%       -4.7% → +2.5%
  MU      20  45%W -0.2%  60%W +0.3%  50%W +0.4%  55%W +0.1%  45%W -0.3%  55%W +0.5%       -5.3% → +3.9%
  SPOT    20  50%W +0.0%  50%W +0.1%  60%W +0.2%  50%W +0.0%  65%W +0.5%  55%W +0.2%       -4.2% → +4.3%
  LLY     20  70%W +0.3%  70%W +0.2%  60%W +0.2%  60%W +0.2%  50%W +0.0%  55%W +0.2%       -3.2% → +2.1%
  CRWD    20  45%W -0.2%  65%W +0.2%  50%W -0.0%  50%W -0.0%  45%W -0.2%  50%W +0.2%       -3.9% → +4.6%
  TSLA    20  55%W +0.2%  55%W +0.1%  50%W +0.2%  55%W +0.8%  60%W +0.2%  50%W +0.0%       -4.3% → +4.4%
  QCOM    20  45%W -0.0%  55%W +0.2%  65%W +0.2%  50%W +0.1%  45%W -0.0%  50%W -0.0%       -2.1% → +2.8%
  AVGO    20  45%W -0.0%  70%W +0.2%  70%W +0.4%  70%W +0.3%  55%W +0.2%  45%W -0.0%       -2.4% → +2.6%
  PLTR    20  55%W +0.3%  40%W -0.4%  50%W -0.1%  50%W +0.0%  40%W -1.2%  40%W -1.2%     -12.0% → +20.2%
  AMD     20  40%W -0.1%  50%W +0.0%  45%W -0.1%  40%W -0.7%  45%W -0.1%  40%W -0.3%       -2.9% → +2.9%
  MRVL    20  50%W -0.0%  55%W +0.1%  65%W +0.1%  50%W +0.0%  45%W -0.2%  35%W -0.2%       -2.9% → +2.4%
  SNOW    20  55%W +0.3%  65%W +0.4%  50%W +0.3%  45%W -0.4%  50%W -0.0%  35%W -0.9%       -5.2% → +5.9%
  SNPS    20  45%W -0.1%  45%W -0.0%  60%W +0.1%  45%W -0.0%  45%W -0.2%  35%W -0.4%       -2.5% → +2.7%
Pre-session top-2 (9:25, 20d EOD win rate) — 2021-02-05  OR: 09:30/3b
  #1 CHTR   +15m 60%W +0.1%  +30m 70%W +0.2%  +1h 70%W +0.4%  +2h 75%W +0.6%  +5h 75%W +0.5%  EOD 70%W +0.2%  EOD range -4.0% → +1.5%
  #2 DDOG   +15m 50%W +0.0%  +30m 60%W +0.3%  +1h 70%W +0.3%  +2h 65%W +0.5%  +5h 75%W +0.9%  EOD 65%W +0.8%  EOD range -4.2% → +3.9%
  Ticker   N          +15m          +30m           +1h           +2h           +5h           EOD           EOD range
  ----------------------------------------------------------------------------------------------------------------------
  CHTR    20  60%W +0.1%  70%W +0.2%  70%W +0.4%  75%W +0.6%  75%W +0.5%  70%W +0.2%       -4.0% → +1.5%
  DDOG    20  50%W +0.0%  60%W +0.3%  70%W +0.3%  65%W +0.5%  75%W +0.9%  65%W +0.8%       -4.2% → +3.9%
  META    20  40%W -0.2%  50%W +0.1%  55%W +0.1%  60%W +0.2%  50%W +0.1%  60%W +0.1%       -4.7% → +2.5%
  MU      20  45%W -0.2%  60%W +0.3%  50%W +0.1%  55%W +0.1%  45%W -0.2%  60%W +0.7%       -5.3% → +3.9%
  LLY     20  70%W +0.3%  70%W +0.2%  60%W +0.2%  65%W +0.2%  55%W +0.1%  60%W +0.6%       -3.2% → +2.1%
  TSLA    20  55%W +0.2%  50%W +0.0%  45%W -0.1%  50%W +0.2%  60%W +0.2%  55%W +0.1%       -4.3% → +4.4%
  CRWD    20  40%W -0.3%  60%W +0.1%  45%W -0.1%  50%W -0.1%  45%W -0.2%  50%W +0.2%       -3.9% → +4.6%
  SPOT    20  50%W +0.0%  55%W +0.3%  60%W +0.2%  45%W -0.3%  60%W +0.5%  50%W +0.1%       -4.2% → +4.3%
  QCOM    20  45%W -0.0%  50%W +0.1%  60%W +0.1%  45%W -0.0%  40%W -0.1%  45%W -0.1%       -2.1% → +2.8%
  AVGO    20  45%W -0.0%  65%W +0.1%  70%W +0.4%  70%W +0.3%  55%W +0.2%  45%W -0.0%       -2.4% → +2.6%
  PLTR    20  55%W +0.3%  35%W -0.5%  45%W -0.4%  50%W -0.4%  40%W -1.2%  40%W -1.0%     -12.0% → +20.2%
  AMD     20  40%W -0.1%  45%W -0.1%  40%W -0.2%  40%W -0.7%  40%W -0.1%  40%W -0.3%       -2.9% → +2.9%
  SNPS    20  50%W -0.0%  50%W +0.0%  60%W +0.2%  50%W +0.0%  50%W -0.1%  40%W -0.3%       -2.5% → +2.7%
  MRVL    20  50%W -0.0%  55%W +0.1%  60%W +0.1%  50%W +0.0%  45%W -0.2%  35%W -0.2%       -2.9% → +2.4%
  SNOW    20  60%W +0.3%  65%W +0.4%  45%W -0.1%  45%W -0.4%  50%W -0.0%  35%W -0.9%       -5.2% → +5.9%
Pre-session top-2 (9:25, 20d EOD win rate) — 2021-02-08  OR: 09:30/3b
  #1 META   +15m 35%W -0.2%  +30m 50%W -0.0%  +1h 55%W +0.1%  +2h 60%W +0.2%  +5h 55%W +0.4%  EOD 65%W +0.1%  EOD range -4.7% → +2.5%
  #2 CHTR   +15m 55%W +0.0%  +30m 65%W +0.2%  +1h 65%W +0.4%  +2h 70%W +0.5%  +5h 70%W +0.5%  EOD 65%W +0.2%  EOD range -4.0% → +1.5%
  Ticker   N          +15m          +30m           +1h           +2h           +5h           EOD           EOD range
  ----------------------------------------------------------------------------------------------------------------------
  META    20  35%W -0.2%  50%W -0.0%  55%W +0.1%  60%W +0.2%  55%W +0.4%  65%W +0.1%       -4.7% → +2.5%
  CHTR    20  55%W +0.0%  65%W +0.2%  65%W +0.4%  70%W +0.5%  70%W +0.5%  65%W +0.2%       -4.0% → +1.5%
  DDOG    20  55%W +0.1%  60%W +0.3%  70%W +0.3%  65%W +0.7%  75%W +0.9%  65%W +0.8%       -4.2% → +3.9%
  LLY     20  70%W +0.3%  70%W +0.2%  60%W +0.2%  65%W +0.2%  55%W +0.1%  60%W +0.2%       -3.2% → +2.1%
  MU      20  40%W -0.2%  55%W +0.2%  50%W +0.1%  50%W -0.0%  40%W -0.2%  55%W +0.5%       -5.3% → +3.9%
  TSLA    20  50%W -0.1%  45%W -0.2%  40%W -0.1%  50%W +0.2%  60%W +0.2%  55%W +0.1%       -4.3% → +4.4%
  CRWD    20  40%W -0.3%  60%W +0.1%  40%W -0.2%  45%W -0.2%  40%W -0.6%  45%W -0.5%       -3.9% → +4.6%
  SPOT    20  45%W -0.1%  50%W +0.1%  55%W +0.1%  40%W -0.6%  55%W +0.5%  45%W -0.2%       -4.2% → +4.3%
  PLTR    20  55%W +0.3%  35%W -0.5%  45%W -0.4%  50%W -0.4%  40%W -1.2%  40%W -1.0%     -12.0% → +20.2%
  AMD     20  35%W -0.1%  40%W -0.2%  40%W -0.2%  40%W -0.7%  40%W -0.1%  40%W -0.3%       -2.9% → +2.9%
  QCOM    20  40%W -0.0%  45%W -0.0%  55%W +0.1%  40%W -0.1%  35%W -0.3%  40%W -0.2%       -2.1% → +2.8%
  AVGO    20  40%W -0.0%  60%W +0.1%  65%W +0.3%  65%W +0.3%  50%W +0.1%  40%W -0.0%       -2.4% → +2.6%
  SNOW    20  60%W +0.3%  60%W +0.4%  40%W -0.2%  40%W -0.4%  45%W -0.2%  35%W -0.9%       -5.2% → +2.2%
  SNPS    20  45%W -0.1%  45%W -0.0%  55%W +0.0%  45%W -0.1%  45%W -0.3%  35%W -0.4%       -2.5% → +2.7%
  MRVL    20  45%W -0.1%  50%W -0.0%  55%W +0.1%  45%W -0.1%  40%W -0.3%  30%W -0.2%       -2.9% → +2.4%
Pre-session top-2 (9:25, 20d EOD win rate) — 2021-02-09  OR: 09:30/3b
  #1 CHTR   +15m 55%W +0.0%  +30m 65%W +0.2%  +1h 65%W +0.4%  +2h 70%W +0.5%  +5h 70%W +0.5%  EOD 65%W +0.2%  EOD range -4.0% → +1.5%
  #2 DDOG   +15m 55%W +0.1%  +30m 60%W +0.3%  +1h 70%W +0.3%  +2h 65%W +0.7%  +5h 75%W +1.0%  EOD 65%W +0.8%  EOD range -4.2% → +3.9%
  Ticker   N          +15m          +30m           +1h           +2h           +5h           EOD           EOD range
  ----------------------------------------------------------------------------------------------------------------------
  CHTR    20  55%W +0.0%  65%W +0.2%  65%W +0.4%  70%W +0.5%  70%W +0.5%  65%W +0.2%       -4.0% → +1.5%
  DDOG    20  55%W +0.1%  60%W +0.3%  70%W +0.3%  65%W +0.7%  75%W +1.0%  65%W +0.8%       -4.2% → +3.9%
  META    20  35%W -0.2%  50%W -0.0%  50%W +0.0%  60%W +0.2%  50%W +0.1%  60%W +0.1%       -4.7% → +2.5%
  MU      20  45%W -0.2%  55%W +0.2%  50%W +0.1%  50%W -0.0%  45%W -0.1%  60%W +0.7%       -2.9% → +3.9%
  LLY     20  75%W +0.3%  75%W +0.3%  65%W +0.2%  65%W +0.3%  60%W +0.2%  60%W +0.6%       -3.2% → +2.1%
  TSLA    20  50%W -0.1%  45%W -0.2%  40%W -0.1%  45%W -0.1%  55%W +0.2%  50%W +0.0%       -4.3% → +4.4%
  CRWD    20  35%W -0.3%  55%W +0.0%  35%W -0.3%  40%W -0.5%  40%W -0.6%  45%W -0.6%       -3.9% → +4.6%
  AMD     20  35%W -0.1%  45%W -0.2%  45%W -0.1%  45%W -0.5%  45%W -0.1%  45%W -0.2%       -2.9% → +2.9%
  SPOT    20  45%W -0.1%  50%W +0.1%  55%W +0.1%  40%W -0.6%  55%W +0.5%  45%W -0.2%       -4.2% → +4.2%
  QCOM    20  40%W -0.0%  45%W -0.0%  55%W +0.1%  40%W -0.1%  40%W -0.1%  45%W -0.2%       -2.1% → +2.8%
  AVGO    20  40%W -0.0%  55%W +0.0%  65%W +0.3%  65%W +0.3%  55%W +0.1%  45%W -0.0%       -2.4% → +2.6%
  PLTR    20  55%W +0.3%  35%W -0.5%  45%W -0.4%  45%W -1.2%  40%W -1.2%  40%W -1.0%     -12.0% → +20.2%
  SNPS    20  45%W -0.1%  45%W -0.0%  55%W +0.0%  45%W -0.1%  45%W -0.2%  40%W -0.4%       -2.5% → +2.7%
  MRVL    20  45%W -0.1%  50%W -0.0%  60%W +0.1%  50%W +0.0%  45%W -0.2%  35%W -0.2%       -2.9% → +2.4%
  SNOW    20  60%W +0.3%  55%W +0.3%  40%W -0.2%  40%W -0.6%  45%W -0.2%  35%W -0.9%       -5.2% → +2.2%
Pre-session top-2 (9:25, 20d EOD win rate) — 2021-02-10  OR: 09:30/3b
  #1 META   +15m 35%W -0.2%  +30m 50%W -0.0%  +1h 50%W +0.0%  +2h 60%W +0.2%  +5h 55%W +0.4%  EOD 65%W +0.1%  EOD range -4.7% → +2.5%
  #2 CHTR   +15m 55%W +0.0%  +30m 65%W +0.2%  +1h 70%W +0.4%  +2h 70%W +0.6%  +5h 70%W +0.5%  EOD 65%W +0.2%  EOD range -4.0% → +1.5%
  Ticker   N          +15m          +30m           +1h           +2h           +5h           EOD           EOD range
  ----------------------------------------------------------------------------------------------------------------------
  META    20  35%W -0.2%  50%W -0.0%  50%W +0.0%  60%W +0.2%  55%W +0.4%  65%W +0.1%       -4.7% → +2.5%
  CHTR    20  55%W +0.0%  65%W +0.2%  70%W +0.4%  70%W +0.6%  70%W +0.5%  65%W +0.2%       -4.0% → +1.5%
  MU      20  40%W -0.2%  55%W +0.2%  50%W +0.1%  45%W -0.2%  45%W -0.1%  60%W +0.5%       -2.9% → +3.9%
  DDOG    20  55%W +0.1%  60%W +0.3%  65%W +0.3%  65%W +0.5%  70%W +0.9%  60%W +0.6%       -4.2% → +3.9%
  LLY     20  70%W +0.3%  70%W +0.2%  60%W +0.2%  60%W +0.2%  55%W +0.2%  55%W +0.2%       -3.2% → +2.1%
  TSLA    20  45%W -0.1%  45%W -0.2%  35%W -0.2%  40%W -0.1%  55%W +0.2%  50%W +0.0%       -4.3% → +4.4%
  SPOT    20  45%W -0.1%  50%W +0.2%  60%W +0.2%  40%W -0.6%  55%W +0.5%  50%W +0.1%       -4.2% → +4.2%
  CRWD    20  30%W -0.3%  55%W +0.0%  30%W -0.3%  40%W -0.5%  40%W -0.6%  45%W -0.6%       -3.9% → +3.8%
  QCOM    20  40%W -0.0%  45%W -0.0%  55%W +0.1%  40%W -0.1%  40%W -0.1%  45%W -0.3%       -2.1% → +2.8%
  AVGO    20  40%W -0.0%  55%W +0.0%  60%W +0.3%  60%W +0.3%  55%W +0.1%  45%W -0.0%       -2.4% → +2.6%
  PLTR    20  50%W +0.0%  30%W -0.5%  45%W -0.4%  40%W -1.2%  40%W -1.2%  40%W -1.0%     -12.0% → +20.2%
  AMD     20  35%W -0.1%  45%W -0.2%  45%W -0.1%  40%W -0.6%  40%W -0.1%  40%W -0.5%       -2.9% → +2.9%
  SNOW    20  60%W +0.3%  55%W +0.3%  40%W -0.2%  40%W -0.6%  50%W -0.1%  40%W -0.9%       -5.2% → +3.3%
  SNPS    20  50%W -0.0%  50%W +0.0%  55%W +0.0%  45%W -0.1%  45%W -0.2%  40%W -0.4%       -2.5% → +2.7%
  MRVL    20  45%W -0.1%  50%W -0.0%  60%W +0.1%  50%W +0.0%  40%W -0.3%  30%W -0.2%       -2.9% → +2.4%
Pre-session top-2 (9:25, 20d EOD win rate) — 2021-02-11  OR: 09:30/3b
  #1 META   +15m 35%W -0.2%  +30m 50%W -0.0%  +1h 50%W +0.0%  +2h 60%W +0.2%  +5h 55%W +0.4%  EOD 65%W +0.1%  EOD range -4.7% → +2.5%
  #2 CHTR   +15m 55%W +0.0%  +30m 65%W +0.2%  +1h 70%W +0.4%  +2h 70%W +0.6%  +5h 70%W +0.5%  EOD 65%W +0.2%  EOD range -4.0% → +1.5%
  Ticker   N          +15m          +30m           +1h           +2h           +5h           EOD           EOD range
  ----------------------------------------------------------------------------------------------------------------------
  META    20  35%W -0.2%  50%W -0.0%  50%W +0.0%  60%W +0.2%  55%W +0.4%  65%W +0.1%       -4.7% → +2.5%
  CHTR    20  55%W +0.0%  65%W +0.2%  70%W +0.4%  70%W +0.6%  70%W +0.5%  65%W +0.2%       -4.0% → +1.5%
  LLY     20  75%W +0.3%  75%W +0.3%  65%W +0.2%  65%W +0.3%  60%W +0.5%  60%W +0.6%       -3.2% → +2.1%
  DDOG    20  55%W +0.1%  60%W +0.3%  65%W +0.3%  60%W +0.3%  65%W +0.9%  60%W +0.6%       -4.2% → +3.9%
  MU      20  35%W -0.2%  50%W -0.1%  45%W -0.1%  40%W -0.4%  40%W -0.2%  55%W +0.3%       -2.9% → +3.9%
  SPOT    20  45%W -0.1%  50%W +0.2%  60%W +0.2%  45%W -0.4%  60%W +0.6%  55%W +0.1%       -4.2% → +4.2%
  CRWD    20  25%W -0.3%  50%W -0.2%  30%W -0.3%  35%W -0.7%  45%W -0.2%  50%W +0.1%       -3.9% → +3.8%
  TSLA    20  40%W -0.3%  40%W -0.3%  30%W -0.3%  35%W -0.2%  50%W +0.1%  45%W -0.0%       -4.3% → +4.4%
  AMD     20  40%W -0.1%  50%W -0.0%  40%W -0.3%  40%W -0.6%  45%W -0.1%  45%W -0.2%       -2.9% → +2.9%
  QCOM    20  45%W -0.0%  40%W -0.1%  55%W +0.1%  40%W -0.1%  40%W -0.1%  45%W -0.3%       -2.1% → +2.8%
  SNPS    20  55%W +0.0%  50%W +0.0%  55%W +0.0%  45%W -0.1%  45%W -0.2%  40%W -0.4%       -2.5% → +2.7%
  AVGO    20  40%W -0.0%  50%W +0.0%  55%W +0.2%  55%W +0.2%  50%W +0.0%  40%W -0.0%       -2.4% → +2.6%
  PLTR    20  45%W -0.1%  30%W -0.6%  40%W -0.6%  35%W -1.4%  35%W -1.5%  35%W -1.5%     -12.0% → +20.2%
  SNOW    20  60%W +0.3%  55%W +0.3%  40%W -0.2%  40%W -0.6%  45%W -0.4%  35%W -1.1%       -5.2% → +3.3%
  MRVL    20  50%W -0.0%  50%W -0.0%  60%W +0.1%  50%W -0.0%  40%W -0.3%  30%W -0.2%       -2.9% → +2.4%
Pre-session top-2 (9:25, 20d EOD win rate) — 2021-02-12  OR: 09:30/3b
  #1 CHTR   +15m 50%W -0.0%  +30m 60%W +0.1%  +1h 65%W +0.4%  +2h 70%W +0.5%  +5h 70%W +0.6%  EOD 65%W +0.2%  EOD range -4.0% → +1.5%
  #2 META   +15m 35%W -0.2%  +30m 45%W -0.2%  +1h 45%W -0.1%  +2h 55%W +0.1%  +5h 50%W +0.1%  EOD 60%W +0.1%  EOD range -4.7% → +2.5%
  Ticker   N          +15m          +30m           +1h           +2h           +5h           EOD           EOD range
  ----------------------------------------------------------------------------------------------------------------------
  CHTR    20  50%W -0.0%  60%W +0.1%  65%W +0.4%  70%W +0.5%  70%W +0.6%  65%W +0.2%       -4.0% → +1.5%
  META    20  35%W -0.2%  45%W -0.2%  45%W -0.1%  55%W +0.1%  50%W +0.1%  60%W +0.1%       -4.7% → +2.5%
  DDOG    20  55%W +0.1%  60%W +0.3%  60%W +0.3%  60%W +0.3%  65%W +0.9%  60%W +0.8%       -4.2% → +3.9%
  MU      20  35%W -0.2%  45%W -0.2%  50%W +0.0%  45%W -0.4%  35%W -0.2%  55%W +0.3%       -2.9% → +3.9%
  CRWD    20  30%W -0.3%  55%W +0.1%  35%W -0.2%  40%W -0.5%  50%W +0.2%  55%W +0.7%       -3.9% → +3.8%
  SPOT    20  45%W -0.1%  45%W -0.2%  60%W +0.2%  40%W -0.6%  60%W +0.6%  55%W +0.1%       -4.2% → +4.2%
  LLY     20  70%W +0.2%  75%W +0.2%  60%W +0.2%  60%W +0.2%  55%W +0.2%  55%W +0.2%       -3.2% → +2.1%
  AMD     20  45%W -0.0%  55%W +0.1%  45%W -0.3%  45%W -0.4%  45%W -0.1%  50%W +0.2%       -2.9% → +2.9%
  QCOM    20  45%W -0.0%  40%W -0.1%  50%W -0.0%  35%W -0.3%  40%W -0.1%  45%W -0.3%       -2.1% → +2.8%
  AVGO    20  40%W -0.0%  50%W +0.0%  60%W +0.3%  60%W +0.3%  55%W +0.1%  45%W -0.0%       -2.4% → +2.6%
  TSLA    20  40%W -0.3%  40%W -0.3%  30%W -0.3%  35%W -0.2%  50%W +0.1%  40%W -0.1%       -4.3% → +4.4%
  SNPS    20  60%W +0.0%  50%W +0.0%  55%W +0.0%  45%W -0.1%  45%W -0.2%  40%W -0.4%       -2.5% → +2.7%
  PLTR    20  45%W -0.1%  30%W -0.5%  45%W -0.4%  35%W -1.3%  35%W -1.5%  35%W -1.5%     -12.0% → +20.2%
  SNOW    20  65%W +0.3%  60%W +0.3%  45%W -0.1%  45%W -0.4%  45%W -0.4%  35%W -1.1%       -5.2% → +3.3%
  MRVL    20  50%W -0.0%  50%W -0.0%  65%W +0.1%  50%W +0.0%  40%W -0.3%  30%W -0.2%       -2.9% → +2.4%
Pre-session top-2 (9:25, 20d EOD win rate) — 2021-02-16  OR: 09:30/3b
  #1 META   +15m 35%W -0.2%  +30m 50%W -0.0%  +1h 50%W +0.0%  +2h 55%W +0.1%  +5h 50%W +0.1%  EOD 65%W +0.1%  EOD range -4.7% → +2.5%
  #2 DDOG   +15m 55%W +0.1%  +30m 60%W +0.3%  +1h 60%W +0.3%  +2h 65%W +0.6%  +5h 70%W +0.9%  EOD 65%W +1.1%  EOD range -4.2% → +3.9%
  Ticker   N          +15m          +30m           +1h           +2h           +5h           EOD           EOD range
  ----------------------------------------------------------------------------------------------------------------------
  META    20  35%W -0.2%  50%W -0.0%  50%W +0.0%  55%W +0.1%  50%W +0.1%  65%W +0.1%       -4.7% → +2.5%
  DDOG    20  55%W +0.1%  60%W +0.3%  60%W +0.3%  65%W +0.6%  70%W +0.9%  65%W +1.1%       -4.2% → +3.9%
  CRWD    20  35%W -0.3%  50%W -0.2%  30%W -0.3%  45%W -0.2%  50%W +0.2%  60%W +0.7%       -3.9% → +3.8%
  CHTR    20  50%W -0.0%  55%W +0.1%  60%W +0.4%  65%W +0.4%  65%W +0.5%  60%W +0.2%       -4.0% → +1.5%
  SPOT    20  50%W +0.0%  50%W +0.2%  65%W +0.2%  40%W -0.6%  65%W +0.8%  60%W +0.2%       -4.2% → +4.2%
  LLY     20  70%W +0.2%  75%W +0.2%  60%W +0.2%  60%W +0.2%  55%W +0.5%  60%W +0.6%       -3.2% → +2.1%
  MU      20  35%W -0.2%  45%W -0.2%  50%W +0.0%  45%W -0.4%  35%W -0.2%  55%W +0.3%       -2.9% → +3.9%
  AMD     20  50%W +0.2%  60%W +0.1%  50%W -0.0%  50%W -0.1%  50%W +0.2%  55%W +0.4%       -2.9% → +2.9%
  AVGO    20  45%W -0.0%  50%W +0.0%  60%W +0.3%  60%W +0.3%  60%W +0.2%  50%W +0.2%       -2.4% → +2.6%
  TSLA    20  35%W -0.3%  35%W -0.4%  25%W -0.3%  35%W -0.2%  50%W +0.1%  45%W -0.0%       -4.3% → +4.4%
  SNPS    20  55%W +0.0%  50%W +0.0%  50%W -0.0%  40%W -0.1%  50%W -0.1%  45%W -0.3%       -2.5% → +2.7%
  QCOM    20  45%W -0.0%  40%W -0.1%  50%W -0.0%  35%W -0.3%  40%W -0.1%  45%W -0.3%       -2.1% → +2.8%
  MRVL    20  50%W -0.0%  50%W -0.0%  65%W +0.1%  50%W +0.0%  40%W -0.3%  30%W -0.2%       -2.9% → +3.1%
  PLTR    20  40%W -0.2%  25%W -0.6%  40%W -0.6%  30%W -1.4%  30%W -1.6%  30%W -1.9%     -12.0% → +20.2%
  SNOW    20  65%W +0.3%  55%W +0.3%  40%W -0.1%  45%W -0.4%  40%W -0.5%  30%W -1.1%       -5.2% → +3.3%
Pre-session top-2 (9:25, 20d EOD win rate) — 2021-02-17  OR: 09:30/3b
  #1 META   +15m 40%W -0.1%  +30m 55%W +0.0%  +1h 50%W +0.0%  +2h 55%W +0.1%  +5h 50%W +0.2%  EOD 65%W +0.2%  EOD range -4.7% → +2.5%
  #2 DDOG   +15m 55%W +0.1%  +30m 60%W +0.3%  +1h 60%W +0.3%  +2h 65%W +0.6%  +5h 70%W +0.9%  EOD 65%W +1.1%  EOD range -3.7% → +3.9%
  Ticker   N          +15m          +30m           +1h           +2h           +5h           EOD           EOD range
  ----------------------------------------------------------------------------------------------------------------------
  META    20  40%W -0.1%  55%W +0.0%  50%W +0.0%  55%W +0.1%  50%W +0.2%  65%W +0.2%       -4.7% → +2.5%
  DDOG    20  55%W +0.1%  60%W +0.3%  60%W +0.3%  65%W +0.6%  70%W +0.9%  65%W +1.1%       -3.7% → +3.9%
  CRWD    20  35%W -0.3%  50%W -0.1%  30%W -0.3%  45%W -0.2%  50%W +0.2%  60%W +0.7%       -3.9% → +3.8%
  CHTR    20  45%W -0.1%  55%W +0.1%  60%W +0.4%  65%W +0.2%  65%W +0.3%  60%W +0.2%       -4.0% → +1.5%
  SPOT    20  55%W +0.1%  55%W +0.6%  70%W +0.3%  45%W -0.4%  65%W +0.8%  60%W +0.2%       -3.5% → +4.2%
  MU      20  35%W -0.2%  45%W -0.2%  50%W +0.0%  45%W -0.4%  35%W -0.2%  55%W +0.3%       -2.9% → +3.9%
  AMD     20  50%W +0.2%  60%W +0.1%  55%W +0.1%  50%W -0.1%  50%W +0.2%  55%W +0.4%       -2.0% → +2.9%
  LLY     20  70%W +0.2%  75%W +0.2%  60%W +0.2%  55%W +0.2%  55%W +0.2%  55%W +0.2%       -3.2% → +2.1%
  AVGO    20  50%W +0.0%  55%W +0.1%  65%W +0.3%  65%W +0.3%  55%W +0.1%  50%W +0.2%       -2.4% → +2.6%
  TSLA    20  40%W -0.3%  35%W -0.3%  25%W -0.3%  35%W -0.2%  50%W +0.1%  45%W -0.0%       -4.3% → +4.4%
  QCOM    20  45%W -0.0%  40%W -0.1%  50%W -0.0%  35%W -0.3%  40%W -0.1%  45%W -0.3%       -2.1% → +2.8%
  SNPS    20  55%W +0.0%  55%W +0.1%  50%W -0.0%  40%W -0.1%  45%W -0.2%  40%W -0.4%       -2.9% → +2.7%
  MRVL    20  50%W -0.0%  50%W -0.0%  65%W +0.1%  50%W +0.0%  40%W -0.3%  30%W -0.2%       -2.9% → +3.1%
  PLTR    20  40%W -0.2%  25%W -0.6%  45%W -0.4%  35%W -1.3%  30%W -1.8%  30%W -1.9%     -12.0% → +20.2%
  SNOW    20  70%W +0.4%  60%W +0.4%  40%W -0.1%  45%W -0.4%  40%W -0.4%  30%W -1.0%       -4.4% → +3.3%
Pre-session top-2 (9:25, 20d EOD win rate) — 2021-02-18  OR: 09:30/3b
  #1 META   +15m 45%W -0.1%  +30m 60%W +0.1%  +1h 50%W +0.0%  +2h 50%W +0.0%  +5h 50%W +0.0%  EOD 65%W +0.2%  EOD range -4.7% → +2.2%
  #2 CHTR   +15m 40%W -0.1%  +30m 50%W +0.0%  +1h 60%W +0.3%  +2h 65%W +0.2%  +5h 65%W +0.3%  EOD 60%W +0.2%  EOD range -4.0% → +1.5%
  Ticker   N          +15m          +30m           +1h           +2h           +5h           EOD           EOD range
  ----------------------------------------------------------------------------------------------------------------------
  META    20  45%W -0.1%  60%W +0.1%  50%W +0.0%  50%W +0.0%  50%W +0.0%  65%W +0.2%       -4.7% → +2.2%
  CHTR    20  40%W -0.1%  50%W +0.0%  60%W +0.3%  65%W +0.2%  65%W +0.3%  60%W +0.2%       -4.0% → +1.5%
  SPOT    20  55%W +0.1%  50%W +0.2%  70%W +0.3%  45%W -0.6%  65%W +0.8%  60%W +0.2%       -3.5% → +4.2%
  DDOG    20  55%W +0.1%  60%W +0.3%  55%W +0.1%  65%W +0.6%  65%W +0.8%  60%W +1.0%       -3.7% → +3.9%
  CRWD    20  30%W -0.3%  50%W -0.1%  30%W -0.3%  45%W -0.2%  50%W -0.0%  55%W +0.3%       -3.9% → +3.8%
  LLY     20  70%W +0.2%  75%W +0.2%  60%W +0.2%  50%W +0.1%  50%W +0.0%  55%W +0.2%       -3.2% → +2.1%
  MU      20  30%W -0.2%  40%W -0.2%  45%W -0.2%  40%W -0.5%  30%W -0.3%  50%W -0.1%       -2.9% → +1.9%
  AMD     20  50%W +0.2%  60%W +0.1%  55%W +0.1%  50%W -0.1%  45%W -0.1%  50%W +0.2%       -2.0% → +2.9%
  TSLA    20  45%W -0.1%  40%W -0.2%  25%W -0.3%  35%W -0.2%  55%W +0.2%  45%W -0.0%       -4.3% → +4.4%
  AVGO    20  45%W -0.0%  50%W +0.0%  60%W +0.3%  60%W +0.2%  50%W -0.0%  45%W -0.0%       -2.4% → +2.6%
  SNPS    20  55%W +0.0%  50%W +0.0%  45%W -0.2%  35%W -0.1%  40%W -0.2%  40%W -0.4%       -2.9% → +2.2%
  QCOM    20  40%W -0.0%  35%W -0.2%  45%W -0.1%  30%W -0.4%  35%W -0.3%  40%W -0.4%       -2.1% → +2.8%
  PLTR    20  40%W -0.2%  20%W -0.6%  45%W -0.4%  35%W -1.3%  30%W -1.9%  30%W -2.1%     -12.0% → +20.2%
  SNOW    20  65%W +0.3%  55%W +0.4%  35%W -0.1%  45%W -0.4%  40%W -0.4%  30%W -1.0%       -4.4% → +3.3%
  MRVL    20  45%W -0.1%  45%W -0.1%  60%W +0.1%  45%W -0.1%  35%W -0.4%  25%W -0.3%       -2.9% → +3.1%
Pre-session top-2 (9:25, 20d EOD win rate) — 2021-02-19  OR: 09:30/3b
  #1 META   +15m 45%W -0.1%  +30m 60%W +0.1%  +1h 50%W +0.0%  +2h 45%W -0.1%  +5h 50%W -0.0%  EOD 65%W +0.2%  EOD range -4.7% → +2.2%
  #2 SPOT   +15m 55%W +0.1%  +30m 45%W -0.1%  +1h 65%W +0.2%  +2h 45%W -0.6%  +5h 65%W +0.9%  EOD 65%W +0.3%  EOD range -3.5% → +4.2%
  Ticker   N          +15m          +30m           +1h           +2h           +5h           EOD           EOD range
  ----------------------------------------------------------------------------------------------------------------------
  META    20  45%W -0.1%  60%W +0.1%  50%W +0.0%  45%W -0.1%  50%W -0.0%  65%W +0.2%       -4.7% → +2.2%
  SPOT    20  55%W +0.1%  45%W -0.1%  65%W +0.2%  45%W -0.6%  65%W +0.9%  65%W +0.3%       -3.5% → +4.2%
  DDOG    20  50%W +0.0%  55%W +0.2%  50%W +0.0%  70%W +0.6%  65%W +0.8%  60%W +1.0%       -3.7% → +3.9%
  MU      20  30%W -0.2%  40%W -0.2%  45%W -0.2%  40%W -0.4%  35%W -0.2%  55%W +0.3%       -2.5% → +1.9%
  CRWD    20  30%W -0.3%  45%W -0.4%  25%W -0.3%  40%W -0.5%  50%W -0.0%  55%W +0.2%       -3.9% → +3.8%
  CHTR    20  35%W -0.1%  45%W -0.2%  55%W +0.1%  60%W +0.1%  60%W +0.1%  55%W +0.2%       -4.0% → +1.5%
  AMD     20  50%W +0.2%  60%W +0.1%  55%W +0.1%  50%W -0.1%  50%W +0.1%  55%W +0.3%       -2.0% → +2.9%
  LLY     20  70%W +0.2%  70%W +0.2%  60%W +0.1%  45%W -0.1%  45%W -0.0%  50%W +0.0%       -3.2% → +2.1%
  AVGO    20  45%W -0.0%  45%W -0.1%  55%W +0.2%  60%W +0.2%  55%W +0.1%  50%W +0.2%       -2.4% → +2.6%
  TSLA    20  45%W -0.1%  40%W -0.2%  25%W -0.3%  35%W -0.1%  50%W +0.1%  45%W -0.2%       -4.3% → +4.4%
  SNPS    20  55%W +0.0%  50%W +0.0%  45%W -0.3%  35%W -0.2%  35%W -0.4%  40%W -0.6%       -2.9% → +2.2%
  QCOM    20  40%W -0.0%  35%W -0.2%  45%W -0.1%  30%W -0.4%  35%W -0.3%  40%W -0.4%       -2.1% → +2.8%
  SNOW    20  60%W +0.3%  55%W +0.4%  40%W -0.1%  50%W -0.1%  45%W -0.3%  35%W -0.6%       -4.4% → +3.3%
  MRVL    20  45%W -0.1%  40%W -0.3%  55%W +0.1%  45%W -0.1%  35%W -0.4%  30%W -0.2%       -2.9% → +3.1%
  PLTR    20  35%W -0.4%  20%W -0.6%  45%W -0.4%  35%W -1.8%  30%W -1.9%  30%W -2.5%     -12.0% → +20.2%
Pre-session top-2 (9:25, 20d EOD win rate) — 2021-02-22  OR: 09:30/3b
  #1 SPOT   +15m 55%W +0.1%  +30m 45%W -0.1%  +1h 65%W +0.2%  +2h 45%W -0.6%  +5h 60%W +0.8%  EOD 65%W +0.3%  EOD range -3.5% → +4.2%
  #2 META   +15m 40%W -0.2%  +30m 55%W +0.0%  +1h 45%W -0.1%  +2h 40%W -0.3%  +5h 45%W -0.1%  EOD 60%W +0.1%  EOD range -4.7% → +2.2%
  Ticker   N          +15m          +30m           +1h           +2h           +5h           EOD           EOD range
  ----------------------------------------------------------------------------------------------------------------------
  SPOT    20  55%W +0.1%  45%W -0.1%  65%W +0.2%  45%W -0.6%  60%W +0.8%  65%W +0.3%       -3.5% → +4.2%
  META    20  40%W -0.2%  55%W +0.0%  45%W -0.1%  40%W -0.3%  45%W -0.1%  60%W +0.1%       -4.7% → +2.2%
  MU      20  30%W -0.2%  40%W -0.2%  50%W +0.0%  45%W -0.4%  40%W -0.1%  55%W +0.3%       -2.5% → +1.9%
  CRWD    20  30%W -0.3%  45%W -0.4%  25%W -0.3%  45%W -0.4%  50%W -0.0%  55%W +0.2%       -3.9% → +3.8%
  AMD     20  50%W +0.2%  60%W +0.1%  55%W +0.1%  55%W +0.2%  50%W +0.1%  55%W +0.3%       -2.0% → +2.9%
  LLY     20  75%W +0.2%  75%W +0.2%  65%W +0.2%  50%W +0.1%  50%W +0.0%  55%W +0.2%       -3.2% → +2.1%
  DDOG    20  45%W -0.1%  55%W +0.1%  45%W -0.1%  70%W +0.4%  60%W +0.8%  55%W +1.0%       -3.7% → +3.9%
  CHTR    20  30%W -0.1%  40%W -0.2%  50%W -0.0%  55%W +0.1%  55%W +0.1%  50%W -0.0%       -4.0% → +1.5%
  TSLA    20  40%W -0.2%  35%W -0.3%  25%W -0.3%  35%W -0.1%  50%W -0.0%  45%W -0.3%       -4.3% → +4.4%
  AVGO    20  40%W -0.1%  45%W -0.1%  55%W +0.2%  60%W +0.2%  50%W -0.1%  45%W -0.0%       -2.4% → +2.6%
  SNPS    20  50%W -0.0%  50%W -0.0%  45%W -0.3%  40%W -0.2%  35%W -0.5%  40%W -0.6%       -2.9% → +2.2%
  QCOM    20  45%W -0.0%  35%W -0.2%  40%W -0.1%  35%W -0.4%  35%W -0.3%  40%W -0.4%       -2.1% → +2.8%
  MRVL    20  50%W -0.0%  45%W -0.1%  60%W +0.1%  45%W -0.1%  40%W -0.3%  35%W -0.2%       -2.9% → +3.1%
  PLTR    20  40%W -0.2%  25%W -0.6%  45%W -0.4%  35%W -1.8%  30%W -1.9%  30%W -2.5%     -12.0% → +20.2%
  SNOW    20  65%W +0.4%  55%W +0.4%  45%W -0.1%  50%W -0.0%  40%W -0.4%  30%W -0.6%       -4.4% → +3.3%
Pre-session top-2 (9:25, 20d EOD win rate) — 2021-02-23  OR: 09:30/3b
  #1 SPOT   +15m 55%W +0.1%  +30m 45%W -0.1%  +1h 65%W +0.2%  +2h 50%W -0.1%  +5h 65%W +0.9%  EOD 65%W +0.3%  EOD range -3.5% → +4.2%
  #2 META   +15m 40%W -0.1%  +30m 55%W +0.0%  +1h 45%W -0.1%  +2h 40%W -0.3%  +5h 50%W -0.0%  EOD 60%W +0.1%  EOD range -4.7% → +2.2%
  Ticker   N          +15m          +30m           +1h           +2h           +5h           EOD           EOD range
  ----------------------------------------------------------------------------------------------------------------------
  SPOT    20  55%W +0.1%  45%W -0.1%  65%W +0.2%  50%W -0.1%  65%W +0.9%  65%W +0.3%       -3.5% → +4.2%
  META    20  40%W -0.1%  55%W +0.0%  45%W -0.1%  40%W -0.3%  50%W -0.0%  60%W +0.1%       -4.7% → +2.2%
  MU      20  35%W -0.2%  40%W -0.2%  55%W +0.2%  45%W -0.4%  40%W -0.1%  55%W +0.3%       -3.5% → +1.9%
  CRWD    20  30%W -0.3%  45%W -0.4%  25%W -0.3%  45%W -0.7%  50%W -0.0%  55%W +0.2%       -3.9% → +3.8%
  AMD     20  50%W +0.2%  60%W +0.1%  55%W +0.1%  55%W +0.2%  50%W +0.1%  55%W +0.3%       -3.0% → +2.9%
  LLY     20  75%W +0.2%  70%W +0.2%  65%W +0.2%  45%W -0.0%  50%W +0.0%  55%W +0.2%       -3.2% → +2.1%
  DDOG    20  45%W -0.1%  50%W -0.0%  40%W -0.1%  65%W +0.3%  55%W +0.4%  50%W +0.3%       -3.7% → +3.9%
  CHTR    20  30%W -0.2%  40%W -0.4%  50%W -0.0%  50%W -0.1%  50%W -0.0%  45%W -0.4%       -4.0% → +1.5%
  AVGO    20  45%W -0.0%  45%W -0.1%  60%W +0.2%  55%W +0.1%  45%W -0.3%  45%W -0.1%       -2.4% → +2.6%
  TSLA    20  40%W -0.2%  35%W -0.4%  25%W -0.3%  35%W -0.1%  45%W -0.3%  40%W -0.3%       -6.9% → +4.4%
  SNPS    20  55%W +0.0%  50%W -0.0%  45%W -0.3%  40%W -0.2%  35%W -0.5%  40%W -0.6%       -2.9% → +2.2%
  QCOM    20  50%W +0.0%  35%W -0.2%  40%W -0.1%  35%W -0.4%  35%W -0.3%  40%W -0.5%       -2.9% → +2.8%
  MRVL    20  50%W -0.0%  40%W -0.3%  55%W +0.1%  40%W -0.2%  40%W -0.3%  35%W -0.2%       -3.0% → +3.1%
  SNOW    20  65%W +0.4%  55%W +0.4%  45%W -0.1%  50%W -0.0%  40%W -0.5%  30%W -1.0%       -5.2% → +3.3%
  PLTR    20  40%W -0.4%  25%W -0.9%  45%W -0.7%  30%W -2.2%  25%W -2.3%  25%W -2.9%      -12.0% → +9.1%
Pre-session top-2 (9:25, 20d EOD win rate) — 2021-02-24  OR: 09:30/3b
  #1 SPOT   +15m 60%W +0.1%  +30m 50%W +0.1%  +1h 70%W +0.3%  +2h 55%W +0.4%  +5h 70%W +1.2%  EOD 70%W +0.4%  EOD range -3.5% → +7.4%
  #2 META   +15m 45%W -0.1%  +30m 60%W +0.1%  +1h 50%W +0.0%  +2h 45%W -0.1%  +5h 55%W +0.1%  EOD 60%W +0.2%  EOD range -4.7% → +3.9%
  Ticker   N          +15m          +30m           +1h           +2h           +5h           EOD           EOD range
  ----------------------------------------------------------------------------------------------------------------------
  SPOT    20  60%W +0.1%  50%W +0.1%  70%W +0.3%  55%W +0.4%  70%W +1.2%  70%W +0.4%       -3.5% → +7.4%
  META    20  45%W -0.1%  60%W +0.1%  50%W +0.0%  45%W -0.1%  55%W +0.1%  60%W +0.2%       -4.7% → +3.9%
  MU      20  40%W -0.2%  45%W -0.1%  60%W +0.3%  50%W -0.1%  45%W -0.1%  60%W +0.5%       -3.5% → +6.7%
  CRWD    20  35%W -0.3%  50%W -0.1%  30%W -0.3%  50%W -0.3%  55%W +0.4%  60%W +0.5%       -3.4% → +9.6%
  AMD     20  50%W +0.2%  60%W +0.1%  60%W +0.2%  60%W +0.4%  55%W +0.4%  60%W +0.4%       -3.0% → +6.6%
  LLY     20  75%W +0.2%  70%W +0.2%  65%W +0.2%  45%W -0.0%  50%W +0.0%  55%W +0.2%       -3.2% → +2.1%
  DDOG    20  45%W -0.1%  50%W -0.0%  40%W -0.1%  70%W +0.4%  55%W +0.4%  55%W +1.0%       -3.7% → +6.1%
  CHTR    20  35%W -0.1%  45%W -0.2%  55%W +0.1%  55%W +0.1%  55%W +0.1%  50%W -0.0%       -4.0% → +2.2%
  AVGO    20  50%W +0.0%  50%W +0.0%  65%W +0.3%  60%W +0.2%  50%W -0.1%  50%W +0.2%       -2.4% → +2.8%
  SNPS    20  60%W +0.0%  55%W +0.1%  50%W -0.0%  45%W -0.1%  40%W -0.4%  45%W -0.4%       -2.9% → +2.6%
  QCOM    20  50%W +0.0%  35%W -0.2%  45%W -0.1%  40%W -0.4%  40%W -0.1%  45%W -0.4%       -2.9% → +2.8%
  TSLA    20  40%W -0.2%  35%W -0.4%  30%W -0.3%  40%W -0.1%  45%W -0.3%  40%W -0.3%      -6.9% → +12.4%
  MRVL    20  50%W -0.0%  40%W -0.3%  55%W +0.1%  45%W -0.1%  40%W -0.3%  35%W -0.2%       -3.0% → +4.5%
  SNOW    20  70%W +0.4%  55%W +0.4%  50%W +0.5%  55%W +0.4%  45%W -0.3%  35%W -0.6%       -5.2% → +8.1%
  PLTR    20  40%W -0.4%  30%W -0.6%  45%W -0.7%  35%W -1.8%  30%W -1.9%  30%W -2.9%      -12.0% → +9.1%
Pre-session top-2 (9:25, 20d EOD win rate) — 2021-02-25  OR: 09:30/3b
  #1 SPOT   +15m 55%W +0.1%  +30m 45%W -0.1%  +1h 65%W +0.2%  +2h 60%W +0.5%  +5h 70%W +1.2%  EOD 70%W +0.5%  EOD range -3.5% → +7.4%
  #2 MU     +15m 35%W -0.3%  +30m 40%W -0.2%  +1h 55%W +0.2%  +2h 50%W -0.1%  +5h 50%W +0.0%  EOD 65%W +0.6%  EOD range -3.5% → +6.7%
  Ticker   N          +15m          +30m           +1h           +2h           +5h           EOD           EOD range
  ----------------------------------------------------------------------------------------------------------------------
  SPOT    20  55%W +0.1%  45%W -0.1%  65%W +0.2%  60%W +0.5%  70%W +1.2%  70%W +0.5%       -3.5% → +7.4%
  MU      20  35%W -0.3%  40%W -0.2%  55%W +0.2%  50%W -0.1%  50%W +0.0%  65%W +0.6%       -3.5% → +6.7%
  CRWD    20  35%W -0.3%  50%W -0.1%  30%W -0.3%  55%W +0.1%  60%W +0.6%  65%W +0.7%       -3.4% → +9.6%
  META    20  40%W -0.1%  55%W +0.0%  45%W -0.1%  45%W -0.1%  55%W +0.1%  60%W +0.2%       -4.7% → +3.9%
  AMD     20  45%W -0.0%  55%W +0.1%  55%W +0.1%  60%W +0.4%  55%W +0.4%  60%W +0.4%       -3.0% → +6.6%
  DDOG    20  45%W -0.2%  50%W -0.0%  45%W -0.1%  75%W +0.6%  60%W +0.7%  60%W +1.0%       -3.2% → +6.1%
  LLY     20  75%W +0.2%  70%W +0.2%  70%W +0.2%  50%W +0.1%  55%W +0.2%  55%W +0.2%       -3.2% → +2.1%
  AVGO    20  45%W -0.0%  45%W -0.1%  60%W +0.2%  60%W +0.2%  55%W +0.1%  55%W +0.5%       -2.4% → +2.8%
  CHTR    20  30%W -0.1%  45%W -0.2%  55%W +0.1%  55%W +0.1%  55%W +0.1%  50%W -0.0%       -4.0% → +2.2%
  SNPS    20  55%W +0.0%  55%W +0.1%  50%W -0.0%  45%W -0.1%  45%W -0.2%  50%W -0.1%       -2.9% → +4.3%
  TSLA    20  40%W -0.2%  35%W -0.4%  30%W -0.4%  45%W -0.1%  45%W -0.3%  45%W -0.3%      -6.9% → +12.4%
  QCOM    20  45%W -0.0%  35%W -0.3%  40%W -0.1%  45%W -0.2%  45%W -0.1%  45%W -0.4%       -2.9% → +3.0%
  MRVL    20  45%W -0.1%  35%W -0.5%  50%W -0.1%  45%W -0.1%  45%W -0.2%  40%W -0.2%       -3.0% → +4.5%
  SNOW    20  65%W +0.4%  50%W +0.2%  45%W -0.1%  55%W +0.4%  45%W -0.3%  40%W -0.3%       -5.2% → +8.1%
  PLTR    20  40%W -0.4%  30%W -0.6%  45%W -1.0%  40%W -1.3%  30%W -1.8%  30%W -2.9%      -12.0% → +9.1%
Pre-session top-2 (9:25, 20d EOD win rate) — 2021-02-26  OR: 09:30/3b
  #1 MU     +15m 30%W -0.3%  +30m 40%W -0.2%  +1h 50%W +0.0%  +2h 45%W -0.4%  +5h 50%W +0.0%  EOD 65%W +0.6%  EOD range -3.7% → +6.7%
  #2 SPOT   +15m 50%W +0.0%  +30m 40%W -0.2%  +1h 60%W +0.2%  +2h 55%W +0.4%  +5h 65%W +1.0%  EOD 65%W +0.5%  EOD range -8.9% → +7.4%
  Ticker   N          +15m          +30m           +1h           +2h           +5h           EOD           EOD range
  ----------------------------------------------------------------------------------------------------------------------
  MU      20  30%W -0.3%  40%W -0.2%  50%W +0.0%  45%W -0.4%  50%W +0.0%  65%W +0.6%       -3.7% → +6.7%
  SPOT    20  50%W +0.0%  40%W -0.2%  60%W +0.2%  55%W +0.4%  65%W +1.0%  65%W +0.5%       -8.9% → +7.4%
  META    20  35%W -0.1%  50%W -0.2%  40%W -0.3%  40%W -0.3%  55%W +0.1%  60%W +0.2%       -4.7% → +3.9%
  CRWD    20  30%W -0.4%  45%W -0.4%  25%W -0.5%  50%W -0.3%  55%W +0.4%  60%W +0.5%       -3.8% → +9.6%
  DDOG    20  40%W -0.3%  45%W -0.2%  40%W -0.1%  70%W +0.4%  60%W +0.7%  60%W +1.0%       -4.4% → +6.1%
  AMD     20  40%W -0.1%  50%W -0.0%  50%W +0.0%  55%W +0.2%  50%W +0.1%  55%W +0.3%       -4.7% → +6.6%
  LLY     20  75%W +0.2%  70%W +0.2%  70%W +0.2%  50%W +0.1%  55%W +0.2%  55%W +0.2%       -3.2% → +2.1%
  AVGO    20  40%W -0.1%  40%W -0.1%  55%W +0.1%  60%W +0.2%  55%W +0.1%  55%W +0.5%       -4.1% → +2.8%
  CHTR    20  30%W -0.1%  40%W -0.4%  50%W -0.0%  55%W +0.1%  55%W +0.1%  50%W -0.0%       -2.3% → +2.2%
  SNPS    20  50%W -0.0%  50%W -0.0%  45%W -0.3%  45%W -0.1%  45%W -0.2%  50%W -0.1%       -5.6% → +4.3%
  TSLA    20  35%W -0.3%  30%W -0.5%  25%W -0.6%  40%W -0.1%  40%W -0.4%  45%W -0.3%      -6.9% → +12.4%
  QCOM    20  40%W -0.1%  30%W -0.3%  35%W -0.4%  40%W -0.4%  45%W -0.3%  45%W -0.4%       -3.3% → +3.0%
  MRVL    20  40%W -0.2%  30%W -0.5%  45%W -0.4%  45%W -0.2%  45%W -0.2%  40%W -0.2%       -4.6% → +4.5%
  SNOW    20  60%W +0.3%  45%W -0.1%  40%W -0.1%  50%W -0.0%  40%W -0.5%  40%W -0.3%       -5.2% → +8.1%
  PLTR    20  35%W -0.4%  30%W -0.8%  45%W -1.0%  35%W -1.8%  25%W -1.9%  25%W -3.4%      -12.0% → +8.5%

=========================================================================================================================================================================================
Pre-Session Top-2 Performance — 2021-02-01 to 2021-02-26  |  Unconditional OR-close entry  |  OR: 09:30/3b
=========================================================================================================================================================================================
Date         Ticker Rank  At       Entry       +15m       +30m       +45m        +1h     +1h30m        +2h        +3h        +4h        +5h        +6h        +7h        EOD
-----------------------------------------------------------------------------------------------------------------------------------------------------------------------------------------
2021-02-01   CHTR   #1    09:45   602.09    -0.80%L    -0.94%L    -0.89%L    +0.01%W    +0.29%W    -0.16%L    +0.03%W    -0.19%L    +0.02%W    -0.01%L    -0.51%L    -0.51%L
2021-02-01   LLY    #2    09:45   207.95    +0.36%W    +0.07%W    +0.14%W    +0.13%W    +0.07%W    +0.15%W    -0.93%L    -1.18%L    -1.52%L    -1.71%L    -2.31%L    -2.31%L
2021-02-02   CHTR   #1    09:45   610.78    +0.72%W    +2.01%W    +1.13%W    +1.51%W    +1.50%W    +1.49%W    +1.84%W    +2.13%W    +1.96%W    +1.61%W    +1.01%W    +1.01%W
2021-02-02   LLY    #2    09:45   202.02    +0.12%W    +0.18%W    -0.34%L    -0.99%L    -1.13%L    -1.08%L    -1.85%L    -1.74%L    -1.94%L    -1.94%L    -2.14%L    -2.14%L
2021-02-03   CHTR   #1    09:45   613.06    -0.42%L    -0.81%L    -0.90%L    -1.47%L    -0.46%L    -0.12%L    +0.33%W    +0.50%W    -0.06%L    -0.34%L    -0.62%L    -0.62%L
2021-02-03   MU     #2    09:45    81.12    -0.40%L    -0.81%L    -1.32%L    -1.38%L    -1.62%L    -1.44%L    -1.69%L    -1.97%L    -2.35%L    -2.45%L    -2.48%L    -2.48%L
2021-02-04   CHTR   #1    09:45   613.26    +0.46%W    +0.35%W    -0.09%L    +0.40%W    +0.68%W    +0.67%W    +0.67%W    +1.02%W    +0.48%W    +0.62%W    +1.06%W    +1.06%W
2021-02-04   DDOG   #2    09:45   111.00    -2.32%L    -1.32%L    -1.98%L    -1.96%L    -1.37%L    -0.96%L    -1.44%L    -0.88%L    +0.04%W    +0.51%W    +0.78%W    +0.78%W
2021-02-05   CHTR   #1    09:45   626.88    -0.08%L    -0.68%L    -0.29%L    -0.44%L    -1.20%L    -1.10%L    -1.01%L    -1.25%L    -1.49%L    -1.72%L    -1.49%L    -1.49%L
2021-02-05   DDOG   #2    09:45   112.66    +0.98%W    +2.23%W    +1.65%W    +1.33%W    +1.51%W    +2.19%W    +1.74%W    +1.46%W    +2.29%W    +1.92%W    +1.99%W    +1.99%W
2021-02-08   META   #1    09:45   268.19    +0.07%W    +0.06%W    -0.39%L    -0.38%L    -0.71%L    -0.99%L    -0.87%L    -0.99%L    -0.80%L    -0.72%L    -0.60%L    -0.60%L
2021-02-08   CHTR   #2    09:45   613.65    +0.54%W    +0.82%W    +0.41%W    +0.76%W    +0.38%W    +0.43%W    +0.32%W    +0.23%W    -0.10%L    +0.13%W    +0.33%W    +0.33%W
2021-02-09   CHTR   #1    09:45   617.12    -0.36%L    -0.52%L    -0.03%L    +0.42%W    +0.57%W    +1.03%W    +1.14%W    +0.77%W    +0.66%W    +0.75%W    +0.28%W    +0.28%W
2021-02-09   DDOG   #2    09:45   118.36    +0.12%W    +0.79%W    +0.16%W    -0.15%L    -0.19%L    +0.45%W    -0.37%L    -0.56%L    -0.57%L    -0.67%L    -0.30%L    -0.30%L
2021-02-10   META   #1    09:45   272.31    -0.39%L    -0.82%L    -1.25%L    -1.42%L    -1.17%L    -1.34%L    -1.44%L    -0.94%L    -0.17%L    -0.26%L    -0.14%L    -0.14%L
2021-02-10   CHTR   #2    09:45   617.98    -0.38%L    -0.68%L    -0.45%L    -0.93%L    -0.73%L    -0.88%L    -1.32%L    -1.43%L    -0.75%L    -0.95%L    -1.11%L    -1.11%L
2021-02-11   META   #1    09:45   271.28    -0.26%L    -0.43%L    -0.80%L    -0.34%L    -0.87%L    -0.54%L    -0.80%L    -0.62%L    -0.46%L    -0.25%L    -0.31%L    -0.31%L
2021-02-11   CHTR   #2    09:45   609.36    -0.22%L    -0.27%L    -0.88%L    -0.30%L    -0.71%L    +0.00%W    +0.53%W    +0.90%W    +0.99%W    +1.42%W    +1.53%W    +1.53%W
2021-02-12   CHTR   #1    09:45   618.12    -0.18%L    -0.78%L    -0.50%L    -0.17%L    -0.90%L    -0.88%L    -0.84%L    -1.10%L    -0.99%L    -0.56%L    -0.76%L    -0.76%L
2021-02-12   META   #2    09:45   269.26    +0.41%W    +0.16%W    -0.02%L    +0.09%W    +0.17%W    -0.01%L    +0.05%W    +0.01%W    -0.09%L    +0.24%W    +0.48%W    +0.48%W
2021-02-16   META   #1    09:45   273.42    +0.37%W    +0.54%W    +0.66%W    +0.81%W    +0.63%W    +0.38%W    +0.27%W    +0.22%W    +0.56%W    +0.22%W    +0.20%W    +0.20%W
2021-02-16   DDOG   #2    09:45   110.27    -0.93%L    -1.11%L    -1.34%L    -1.47%L    -2.09%L    -2.72%L    -2.66%L    -1.75%L    -1.97%L    -2.97%L    -2.45%L    -2.45%L
2021-02-17   META   #1    09:45   272.11    +0.45%W    +0.29%W    -0.23%L    -0.08%L    -0.46%L    -0.80%L    +0.02%W    +0.26%W    +0.14%W    +0.58%W    +0.51%W    +0.51%W
2021-02-17   DDOG   #2    09:45   104.69    -1.44%L    -0.67%L    -1.67%L    -0.92%L    -2.04%L    -2.18%L    -1.49%L    -2.20%L    -2.01%L    -1.60%L    -1.51%L    -1.51%L
2021-02-18   META   #1    09:45   269.21    -0.30%L    -0.58%L    -0.63%L    -0.69%L    -0.57%L    -0.69%L    -0.28%L    -0.11%L    +0.00%W    +0.33%W    +0.07%W    +0.07%W
2021-02-18   CHTR   #2    09:45   618.83    -0.28%L    -0.64%L    -0.64%L    -0.35%L    -0.45%L    -0.81%L    -0.41%L    -0.16%L    -0.03%L    -0.27%L    -0.51%L    -0.51%L
2021-02-19   META   #1    09:45   266.71    -0.10%L    -0.67%L    -0.59%L    -0.73%L    -1.02%L    -1.09%L    -2.03%L    -1.86%L    -1.96%L    -1.79%L    -1.91%L    -1.91%L
2021-02-19   SPOT   #2    09:45   360.96    +0.25%W    +0.21%W    +0.34%W    +0.26%W    -0.12%L    +0.96%W    +0.08%W    -0.65%L    -0.26%L    +0.81%W    +0.98%W    +0.98%W
2021-02-22   SPOT   #1    09:45   359.96    +0.39%W    -0.25%L    -0.47%L    -0.43%L    -0.25%L    +2.96%W    +3.43%W    +6.15%W    +3.97%W    -0.91%L    -2.74%L    -2.74%L
2021-02-22   META   #2    09:45   261.49    -0.09%L    -0.54%L    -0.70%L    -1.06%L    -0.69%L    -0.46%L    -0.45%L    +0.18%W    +0.60%W    -0.22%L    -0.44%L    -0.44%L
2021-02-23   SPOT   #1    09:45   313.02    +3.59%W    +1.71%W    +0.89%W    +4.97%W    +6.66%W    +3.59%W    +2.99%W    +5.37%W    +5.35%W    +7.21%W    +7.44%W    +7.44%W
2021-02-23   META   #2    09:45   255.78    +2.06%W    +3.36%W    +2.75%W    +3.46%W    +3.13%W    +2.64%W    +2.16%W    +2.97%W    +3.42%W    +4.29%W    +3.94%W    +3.94%W
2021-02-24   SPOT   #1    09:45   331.50    -1.67%L    -1.16%L    -0.79%L    -0.94%L    +0.83%W    +0.89%W    +1.69%W    +0.39%W    +1.03%W    +0.07%W    +0.97%W    +0.97%W
2021-02-24   META   #2    09:45   262.08    -0.91%L    -0.87%L    -0.47%L    -0.40%L    -0.01%L    +0.31%W    +0.97%W    +1.34%W    +1.09%W    +0.87%W    +0.86%W    +0.86%W
2021-02-25   SPOT   #1    09:45   332.70    -1.48%L    -1.45%L    -1.67%L    -2.77%L    -1.92%L    -3.87%L    -5.61%L    -5.37%L    -4.97%L    -7.94%L    -8.94%L    -8.94%L
2021-02-25   MU     #2    09:45    91.47    -0.02%L    +0.08%W    -0.32%L    -1.08%L    +0.51%W    -1.33%L    -2.43%L    -1.93%L    -1.70%L    -2.97%L    -3.69%L    -3.69%L
2021-02-26   MU     #1    09:45    90.40    -0.67%L    -1.58%L    -2.10%L    -0.01%L    +0.60%W    +1.87%W    +1.87%W    +1.28%W    +2.00%W    +2.60%W    +1.25%W    +1.25%W
2021-02-26   SPOT   #2    09:45   304.48    -1.44%L    -1.67%L    -1.67%L    +0.14%W    -0.19%L    +1.25%W    +0.69%W    -0.16%L    +0.92%W    +1.51%W    +1.00%W    +1.00%W

========================================================================================
Pre-session picks summary — 38 pick(s) across 19 trading day(s)

Top-2 picks (all days)  (38 signal(s))
  Hold      Count   Win Rate   Avg Gain    Avg Win   Avg Loss  Exp Value  Total P&L
  ------------------------------------------------------------------------------------
  +15m         38      39.5%      -0.11%      +0.73%      -0.66%      -0.11%      -4.25%
  +30m         38      39.5%      -0.17%      +0.86%      -0.84%      -0.17%      -6.38%
  +45m         38      23.7%      -0.40%      +0.90%      -0.81%      -0.40%     -15.29%
  +1h          38      34.2%      -0.17%      +1.10%      -0.83%      -0.17%      -6.56%
  +1h30m       38      36.8%      -0.09%      +1.25%      -0.87%      -0.09%      -3.35%
  +2h          38      44.7%      -0.06%      +1.25%      -1.12%      -0.06%      -2.18%
  +3h          38      50.0%      -0.19%      +1.10%      -1.47%      -0.19%      -7.11%
  +4h          38      44.7%      -0.05%      +1.48%      -1.29%      -0.05%      -1.86%
  +5h          38      47.4%      +0.04%      +1.42%      -1.21%      +0.04%      +1.36%
  +6h          38      47.4%      -0.12%      +1.43%      -1.51%      -0.12%      -4.58%
  +7h          38      47.4%      -0.27%      +1.37%      -1.75%      -0.27%     -10.26%
  EOD          38      47.4%      -0.27%      +1.37%      -1.75%      -0.27%     -10.26%

=========================================================================================================================================================================================
Signal Analysis — 2021-02-01 to 2021-02-26  |  BULL only  |  Vol ≥ 1.0x 20dAvg
Windows: 09:30/3b  |  Collection: 3 bars  |  Tickers: 19
=========================================================================================================================================================================================
Date         Ticker Window   At       Entry  Vol/20d       +15m       +30m       +45m        +1h     +1h30m        +2h        +3h        +4h        +5h        +6h        +7h        EOD
-----------------------------------------------------------------------------------------------------------------------------------------------------------------------------------------
2021-02-01   QCOM   09:30/3b 09:40   157.62    1.00x    +0.30%W    -0.11%L    +0.61%W    +0.54%W    +0.56%W    +1.35%W    +1.56%W    +2.38%W    +2.82%W    +2.63%W    +2.58%W    +2.58%W
2021-02-02   CHTR   09:30/3b 09:40   607.66    1.87x    +0.84%W    +2.37%W    +1.52%W    +1.67%W    +1.89%W    +1.90%W    +2.58%W    +2.50%W    +2.04%W    +1.63%W    +1.53%W    +1.53%W
2021-02-02   SNPS   09:30/3b 09:40   269.56    1.32x    -0.40%L    -0.41%L    -0.47%L    -0.58%L    -0.46%L    -0.27%L    -0.26%L    -0.16%L    -0.02%L    -0.13%L    +0.08%W    +0.08%W
2021-02-03   SNOW   09:30/3b 09:50   314.40    1.01x    +0.17%W    -1.01%L    -1.35%L    -2.83%L    -1.39%L    -0.59%L    -1.04%L    -1.54%L    -2.14%L    -3.55%L    -3.11%L    -3.11%L
2021-02-05   MRVL   09:30/3b 09:45    50.31    1.27x    -1.13%L    -1.05%L    -1.09%L    -0.55%L    -1.07%L    -1.09%L    -0.51%L    -0.59%L    -0.30%L    -0.36%L    -0.52%L    -0.52%L
2021-02-05   DDOG   09:30/3b 09:40   112.51    1.17x    +0.83%W    +2.15%W    +1.99%W    +1.52%W    +1.83%W    +2.56%W    +1.91%W    +1.42%W    +2.12%W    +1.75%W    +2.12%W    +2.12%W
2021-02-08   MRVL   09:30/3b 09:40    50.58    1.31x    +0.63%W    +0.55%W    +0.63%W    +0.59%W    +1.40%W    +1.35%W    +1.70%W    +1.84%W    +1.70%W    +1.86%W    +1.98%W    +1.98%W
2021-02-08   AMD    09:30/3b 09:40    89.53    1.16x    +0.44%W    +0.44%W    +0.06%W    +0.12%W    +0.39%W    +1.06%W    +2.38%W    +1.89%W    +1.99%W    +2.11%W    +2.16%W    +2.16%W
2021-02-08   QCOM   09:30/3b 09:50   146.91    1.35x    -0.32%L    -0.66%L    -0.35%L    -0.41%L    -0.62%L    -0.79%L    -0.51%L    -0.44%L    -0.07%L    +0.18%W    +0.32%W    +0.32%W
2021-02-08   DDOG   09:30/3b 09:50   115.87    1.34x    +0.80%W    +0.41%W    +0.10%W    +0.17%W    +0.15%W    +0.28%W    +0.03%W    +0.39%W    +0.55%W    +0.46%W    +0.47%W    +0.47%W
2021-02-09   QCOM   09:30/3b 09:50   146.96    1.21x    +0.00%W    +0.46%W    +0.37%W    +0.30%W    +0.19%W    +0.54%W    +0.14%W    -0.13%L    -0.23%L    -0.62%L    -0.59%L    -0.59%L
2021-02-09   DDOG   09:30/3b 09:40   117.52    1.58x    +0.44%W    +1.28%W    +0.60%W    +0.94%W    +0.24%W    +1.40%W    +0.31%W    +0.36%W    -0.09%L    +0.40%W    +0.41%W    +0.41%W
2021-02-10   CRWD   09:30/3b 09:40   227.19    1.23x    +0.10%W    -0.41%L    -1.06%L    -2.00%L    -1.18%L    -0.09%L    +0.17%W    +2.38%W    +1.54%W    +1.33%W    +1.83%W    +1.83%W
2021-02-10   DDOG   09:30/3b 09:40   118.89    1.03x    -1.49%L    -1.65%L    -3.55%L    -4.93%L    -3.72%L    -3.06%L    -2.88%L    -2.64%L    -2.51%L    -3.19%L    -2.87%L    -2.87%L
2021-02-11   TSLA   09:30/3b 09:40   821.39    1.30x    +0.30%W    +0.19%W    -0.67%L    -0.70%L    -1.10%L    -0.62%L    -1.81%L    -1.10%L    -1.37%L    -1.81%L    -1.19%L    -1.19%L
2021-02-12   CRWD   09:30/3b 09:40   240.35    2.38x    +1.54%W    +0.95%W    +0.19%W    +0.47%W    +1.11%W    +1.31%W    +0.76%W    -0.26%L    +0.13%W    +0.43%W    +0.75%W    +0.75%W
2021-02-12   SNPS   09:30/3b 09:40   289.25    1.13x    -0.46%L    -0.72%L    -0.73%L    -0.62%L    -0.57%L    -0.43%L    +0.24%W    +0.30%W    +0.53%W    +0.69%W    +0.98%W    +0.98%W
2021-02-17   PLTR   09:30/3b 09:40    28.67    1.90x    +2.65%W    +0.32%W    +1.40%W    +1.43%W    -0.59%L    -2.09%L    +2.37%W    +1.58%W    -0.80%L    -3.19%L    -5.56%L    -5.56%L
2021-02-17   LLY    09:30/3b 09:45   205.15    2.83x    +0.19%W    +0.31%W    +0.22%W    +0.33%W    +0.17%W    -0.15%L    -0.19%L    -0.24%L    -0.01%L    +0.47%W    +0.64%W    +0.64%W
2021-02-18   MU     09:30/3b 09:40    88.00    2.14x    -0.34%L    -0.78%L    -1.77%L    -1.19%L    -0.22%L    -0.59%L    -0.36%L    +0.44%W    +0.04%W    +0.63%W    +0.62%W    +0.62%W
2021-02-18   MRVL   09:30/3b 09:45    50.11    1.11x    -0.78%L    -1.20%L    -1.30%L    -0.84%L    -0.16%L    -0.34%L    +0.38%W    +1.51%W    +0.76%W    +0.67%W    +0.68%W    +0.68%W
2021-02-19   PLTR   09:30/3b 09:40    27.71    3.80x    +1.01%W    +0.90%W    +2.81%W    +4.62%W    +4.30%W    +4.60%W    +1.55%W    +3.64%W    +4.33%W    +3.64%W    +4.62%W    +4.62%W
2021-02-22   MRVL   09:30/3b 09:45    51.24    1.19x    +0.04%W    -0.59%L    -1.27%L    -0.92%L    -1.45%L    -1.80%L    -1.83%L    -1.72%L    -1.64%L    -3.09%L    -3.01%L    -3.01%L
2021-02-22   PLTR   09:30/3b 09:45    29.49    1.80x    -0.44%L    -1.73%L    -2.26%L    -2.09%L    -3.90%L    -3.27%L    -4.12%L    -3.73%L    -3.66%L    -5.53%L    -5.22%L    -5.22%L
2021-02-23   LLY    09:30/3b 09:40   200.46    1.07x    +0.33%W    +0.28%W    +0.43%W    +0.55%W    +1.20%W    +1.63%W    +0.73%W    +0.75%W    +0.82%W    +0.98%W    +1.01%W    +1.01%W
2021-02-24   MU     09:30/3b 09:45    89.54    1.19x    -1.36%L    -1.12%L    +0.17%W    -0.70%L    +0.15%W    +0.87%W    +1.45%W    +2.31%W    +1.59%W    +2.73%W    +3.33%W    +3.33%W
2021-02-24   TSLA   09:30/3b 09:45   715.16    1.37x    -2.06%L    -1.21%L    -0.18%L    -0.72%L    +2.33%W    +1.99%W    +2.44%W    +2.00%W    +1.52%W    +2.96%W    +3.76%W    +3.76%W
2021-02-26   META   09:30/3b 09:40   261.36    1.17x    -1.21%L    -1.32%L    -1.73%L    -0.59%L    +0.01%W    +0.87%W    +1.04%W    +0.92%W    +0.68%W    +0.71%W    -1.56%L    -1.56%L
2021-02-26   MU     09:30/3b 09:40    91.44    1.24x    -1.60%L    -2.65%L    -3.47%L    -1.94%L    -0.28%L    +0.70%W    +0.82%W    +0.58%W    +0.42%W    +1.03%W    +0.10%W    +0.10%W
2021-02-26   MRVL   09:30/3b 09:40    47.85    1.34x    -1.00%L    -1.86%L    -2.19%L    -0.75%L    -0.67%L    +0.21%W    +0.67%W    +0.63%W    +0.73%W    +1.11%W    +0.90%W    +0.90%W
2021-02-26   AMD    09:30/3b 09:40    84.71    1.11x    -1.19%L    -1.69%L    -2.02%L    -0.55%L    -0.22%L    +0.64%W    +0.39%W    +0.02%W    -0.22%L    +0.26%W    -0.25%L    -0.25%L
2021-02-26   SNOW   09:30/3b 09:40   265.79    1.06x    -2.65%L    -3.25%L    -3.82%L    -2.54%L    -1.85%L    -1.93%L    -0.79%L    -1.03%L    -2.35%L    -2.18%L    -2.41%L    -2.41%L
2021-02-26   SPOT   09:30/3b 09:40   307.65    1.79x    -2.03%L    -3.23%L    -2.75%L    -1.34%L    -0.70%L    -0.21%L    -0.05%L    -0.90%L    -0.88%L    +0.20%W    -0.05%L    -0.05%L

========================================================================================
Summary — 33 qualifying signal(s) across 19 trading day(s)

Window 09:30/3b  (33 signal(s))
  Hold      Count   Win Rate   Avg Gain    Avg Win   Avg Loss  Exp Value  Total P&L
  ------------------------------------------------------------------------------------
  +15m         33      51.5%      -0.24%      +0.62%      -1.16%      -0.24%      -7.86%
  +30m         33      39.4%      -0.48%      +0.82%      -1.33%      -0.48%     -16.00%
  +45m         33      42.4%      -0.63%      +0.79%      -1.69%      -0.63%     -20.94%
  +1h          33      39.4%      -0.41%      +1.02%      -1.34%      -0.41%     -13.51%
  +1h30m       33      45.5%      -0.13%      +1.06%      -1.12%      -0.13%      -4.24%
  +2h          33      51.5%      +0.18%      +1.37%      -1.08%      +0.18%      +5.97%
  +3h          33      63.6%      +0.28%      +1.12%      -1.20%      +0.28%      +9.26%
  +4h          33      60.6%      +0.40%      +1.39%      -1.11%      +0.40%     +13.36%
  +5h          33      54.5%      +0.24%      +1.35%      -1.09%      +0.24%      +8.02%
  +6h          33      69.7%      +0.16%      +1.25%      -2.36%      +0.16%      +5.21%
  +7h          33      63.6%      +0.14%      +1.47%      -2.19%      +0.14%      +4.54%
  EOD          33      63.6%      +0.14%      +1.47%      -2.19%      +0.14%      +4.54%
