Fetching 5-min bars (2021-03-02 → 2021-04-30) [alpaca]...
  [cache] fetching 9 tickers from alpaca (cache miss)
  [cache] loaded 10 tickers from cache
Fetching daily bars (2020-04-01 → 2021-04-30)...

=========================================================================================================================================================================================
Pre-Session Rankings (9:25) — 2021-04-01 to 2021-04-30  |  20d lookback
=========================================================================================================================================================================================
Pre-session top-2 (9:25, 20d EOD win rate) — 2021-04-01  OR: 09:30/3b
  #1 META   +15m 70%W +0.3%  +30m 45%W -0.0%  +1h 65%W +0.4%  +2h 50%W +0.2%  +5h 70%W +0.6%  EOD 65%W +0.3%  EOD range -2.5% → +2.1%
  #2 MRVL   +15m 40%W -0.1%  +30m 55%W +0.0%  +1h 40%W -0.1%  +2h 50%W +0.2%  +5h 50%W +0.3%  EOD 60%W +0.6%  EOD range -4.7% → +5.2%
  Ticker   N          +15m          +30m           +1h           +2h           +5h           EOD           EOD range
  ----------------------------------------------------------------------------------------------------------------------
  META    20  70%W +0.3%  45%W -0.0%  65%W +0.4%  50%W +0.2%  70%W +0.6%  65%W +0.3%       -2.5% → +2.1%
  MRVL    20  40%W -0.1%  55%W +0.0%  40%W -0.1%  50%W +0.2%  50%W +0.3%  60%W +0.6%       -4.7% → +5.2%
  LLY     20  50%W -0.0%  50%W +0.0%  55%W +0.1%  70%W +0.3%  65%W +0.3%  60%W +0.2%       -2.3% → +2.7%
  AVGO    20  55%W +0.1%  65%W +0.2%  55%W +0.2%  55%W +0.1%  55%W +0.7%  60%W +0.4%       -5.1% → +3.9%
  MU      20  60%W +0.1%  50%W +0.0%  55%W +0.2%  50%W -0.1%  55%W +0.2%  55%W +0.5%       -4.8% → +4.0%
  CHTR    20  65%W +0.2%  50%W -0.0%  50%W +0.1%  65%W +0.4%  55%W +0.5%  55%W +0.1%       -1.4% → +1.9%
  TSLA    20  50%W -0.0%  60%W +0.3%  65%W +0.4%  55%W +0.4%  60%W +0.7%  55%W +0.6%      -7.5% → +11.4%
  AMD     20  50%W -0.0%  35%W -0.2%  50%W +0.0%  60%W +0.2%  55%W +0.3%  55%W +0.2%       -5.4% → +2.3%
  SPOT    20  60%W +0.2%  50%W -0.1%  60%W +0.1%  45%W -0.3%  45%W -1.0%  55%W +0.2%       -4.7% → +3.8%
  QCOM    20  55%W +0.2%  55%W +0.1%  45%W -0.2%  50%W +0.1%  50%W +0.2%  55%W +0.4%       -4.3% → +3.6%
  PLTR    20  50%W +0.1%  50%W +0.1%  55%W +0.2%  55%W +0.2%  50%W -0.4%  50%W -0.1%       -5.7% → +5.0%
  SNOW    20  50%W -0.0%  40%W -0.2%  40%W -0.4%  45%W -0.2%  60%W +0.5%  50%W +0.3%      -10.3% → +3.6%
  CRWD    20  50%W -0.0%  35%W -0.3%  40%W -0.2%  35%W -0.4%  45%W -0.3%  45%W -0.6%       -5.6% → +4.5%
  SNPS    20  65%W +0.2%  50%W -0.0%  60%W +0.3%  65%W +0.2%  65%W +0.2%  45%W -0.2%       -3.0% → +3.7%
  DDOG    20  60%W +0.2%  45%W -0.0%  60%W +0.2%  40%W -0.3%  45%W -0.8%  45%W -0.3%       -5.7% → +4.0%
Pre-session top-2 (9:25, 20d EOD win rate) — 2021-04-05  OR: 09:30/3b
  #1 MRVL   +15m 40%W -0.1%  +30m 55%W +0.0%  +1h 35%W -0.2%  +2h 45%W -0.2%  +5h 50%W +0.5%  EOD 65%W +0.6%  EOD range -4.7% → +5.2%
  #2 AVGO   +15m 55%W +0.1%  +30m 65%W +0.2%  +1h 50%W -0.0%  +2h 50%W -0.1%  +5h 60%W +0.7%  EOD 65%W +0.5%  EOD range -5.1% → +3.9%
  Ticker   N          +15m          +30m           +1h           +2h           +5h           EOD           EOD range
  ----------------------------------------------------------------------------------------------------------------------
  MRVL    20  40%W -0.1%  55%W +0.0%  35%W -0.2%  45%W -0.2%  50%W +0.5%  65%W +0.6%       -4.7% → +5.2%
  AVGO    20  55%W +0.1%  65%W +0.2%  50%W -0.0%  50%W -0.1%  60%W +0.7%  65%W +0.5%       -5.1% → +3.9%
  META    20  70%W +0.3%  45%W -0.0%  60%W +0.3%  45%W -0.0%  65%W +0.5%  60%W +0.3%       -2.5% → +2.1%
  AMD     20  50%W -0.0%  35%W -0.1%  50%W +0.0%  55%W +0.1%  60%W +0.6%  60%W +0.5%       -5.4% → +2.3%
  LLY     20  50%W -0.0%  50%W +0.0%  55%W +0.1%  70%W +0.3%  65%W +0.3%  60%W +0.2%       -2.3% → +2.7%
  QCOM    20  55%W +0.2%  60%W +0.1%  45%W -0.2%  50%W +0.1%  55%W +0.6%  60%W +0.7%       -4.3% → +3.6%
  MU      20  60%W +0.1%  50%W +0.0%  55%W +0.2%  50%W -0.2%  55%W +0.2%  55%W +0.5%       -4.8% → +4.0%
  TSLA    20  50%W -0.0%  60%W +0.3%  60%W +0.3%  55%W +0.4%  60%W +0.7%  55%W +0.6%      -7.5% → +11.4%
  SPOT    20  60%W +0.2%  50%W -0.1%  55%W +0.1%  40%W -0.5%  45%W -1.0%  55%W +0.2%       -4.7% → +3.8%
  CHTR    20  65%W +0.1%  50%W -0.0%  45%W -0.0%  65%W +0.3%  50%W +0.1%  50%W -0.0%       -1.4% → +1.9%
  SNOW    20  50%W -0.0%  40%W -0.2%  35%W -0.5%  40%W -0.4%  60%W +0.3%  50%W -0.1%      -10.3% → +3.6%
  DDOG    20  60%W +0.2%  50%W +0.1%  65%W +0.2%  45%W -0.3%  50%W +0.2%  50%W -0.0%       -5.7% → +4.0%
  CRWD    20  50%W -0.0%  35%W -0.3%  40%W -0.2%  35%W -0.5%  45%W -0.3%  45%W -0.6%       -4.9% → +4.5%
  PLTR    20  50%W +0.1%  50%W +0.1%  50%W +0.0%  50%W -0.2%  45%W -0.9%  45%W -0.6%       -5.7% → +5.0%
  SNPS    20  70%W +0.2%  55%W +0.1%  60%W +0.1%  60%W +0.2%  65%W +0.2%  45%W -0.2%       -3.0% → +3.7%
Pre-session top-2 (9:25, 20d EOD win rate) — 2021-04-06  OR: 09:30/3b
  #1 MRVL   +15m 45%W -0.0%  +30m 60%W +0.1%  +1h 40%W -0.1%  +2h 50%W +0.2%  +5h 50%W +0.5%  EOD 65%W +0.6%  EOD range -4.7% → +4.0%
  #2 AVGO   +15m 60%W +0.2%  +30m 70%W +0.3%  +1h 55%W +0.2%  +2h 55%W +0.1%  +5h 60%W +0.8%  EOD 65%W +0.5%  EOD range -5.1% → +3.9%
  Ticker   N          +15m          +30m           +1h           +2h           +5h           EOD           EOD range
  ----------------------------------------------------------------------------------------------------------------------
  MRVL    20  45%W -0.0%  60%W +0.1%  40%W -0.1%  50%W +0.2%  50%W +0.5%  65%W +0.6%       -4.7% → +4.0%
  AVGO    20  60%W +0.2%  70%W +0.3%  55%W +0.2%  55%W +0.1%  60%W +0.8%  65%W +0.5%       -5.1% → +3.9%
  META    20  70%W +0.3%  50%W +0.1%  60%W +0.4%  50%W +0.2%  65%W +0.5%  60%W +0.3%       -2.5% → +2.1%
  AMD     20  50%W -0.0%  40%W -0.0%  50%W +0.0%  55%W +0.1%  60%W +0.4%  60%W +0.3%       -5.4% → +2.3%
  LLY     20  50%W -0.0%  50%W +0.0%  55%W +0.1%  65%W +0.2%  60%W +0.2%  60%W +0.1%       -2.3% → +1.5%
  QCOM    20  60%W +0.2%  65%W +0.2%  50%W -0.0%  55%W +0.1%  55%W +0.6%  60%W +0.7%       -4.3% → +3.6%
  MU      20  60%W +0.1%  55%W +0.1%  55%W +0.2%  55%W +0.1%  55%W +0.2%  55%W +0.5%       -4.8% → +3.3%
  SPOT    20  60%W +0.2%  50%W -0.1%  55%W +0.1%  40%W -0.5%  45%W -0.7%  55%W +0.2%       -4.7% → +3.8%
  TSLA    20  50%W -0.0%  60%W +0.3%  60%W +0.3%  55%W +0.4%  55%W +0.4%  50%W -0.0%      -7.5% → +11.4%
  DDOG    20  60%W +0.2%  50%W +0.1%  65%W +0.2%  45%W -0.3%  50%W +0.2%  50%W -0.0%       -5.7% → +4.0%
  CRWD    20  50%W -0.0%  35%W -0.3%  40%W -0.2%  35%W -0.5%  45%W -0.3%  45%W -0.6%       -4.9% → +4.5%
  CHTR    20  60%W +0.1%  45%W -0.1%  40%W -0.1%  60%W +0.2%  45%W -0.3%  45%W -0.1%       -1.4% → +1.9%
  SNOW    20  45%W -0.2%  40%W -0.2%  40%W -0.4%  40%W -0.4%  60%W +0.3%  45%W -0.2%      -10.3% → +3.6%
  SNPS    20  75%W +0.2%  55%W +0.1%  65%W +0.2%  65%W +0.2%  65%W +0.2%  45%W -0.2%       -3.0% → +3.7%
  PLTR    20  50%W +0.1%  55%W +0.3%  50%W +0.0%  50%W -0.2%  45%W -0.9%  40%W -0.7%       -5.7% → +5.0%
Pre-session top-2 (9:25, 20d EOD win rate) — 2021-04-07  OR: 09:30/3b
  #1 MRVL   +15m 50%W +0.1%  +30m 60%W +0.1%  +1h 45%W -0.0%  +2h 55%W +0.4%  +5h 55%W +0.9%  EOD 70%W +0.7%  EOD range -4.3% → +4.0%
  #2 AVGO   +15m 65%W +0.3%  +30m 70%W +0.3%  +1h 55%W +0.2%  +2h 60%W +0.1%  +5h 60%W +0.8%  EOD 70%W +0.5%  EOD range -3.3% → +3.9%
  Ticker   N          +15m          +30m           +1h           +2h           +5h           EOD           EOD range
  ----------------------------------------------------------------------------------------------------------------------
  MRVL    20  50%W +0.1%  60%W +0.1%  45%W -0.0%  55%W +0.4%  55%W +0.9%  70%W +0.7%       -4.3% → +4.0%
  AVGO    20  65%W +0.3%  70%W +0.3%  55%W +0.2%  60%W +0.1%  60%W +0.8%  70%W +0.5%       -3.3% → +3.9%
  META    20  70%W +0.3%  45%W -0.0%  55%W +0.4%  55%W +0.2%  65%W +0.5%  60%W +0.3%       -2.5% → +2.1%
  AMD     20  55%W +0.0%  40%W -0.0%  50%W +0.0%  60%W +0.2%  60%W +0.4%  60%W +0.3%       -2.2% → +2.3%
  SPOT    20  65%W +0.3%  55%W +0.1%  55%W +0.1%  45%W -0.3%  50%W -0.2%  60%W +0.4%       -3.2% → +3.8%
  LLY     20  50%W -0.0%  45%W -0.0%  55%W +0.1%  65%W +0.2%  55%W +0.2%  60%W +0.1%       -2.3% → +1.5%
  QCOM    20  65%W +0.3%  65%W +0.2%  50%W +0.0%  55%W +0.1%  55%W +0.6%  60%W +0.7%       -3.6% → +3.6%
  MU      20  60%W +0.1%  50%W +0.1%  50%W +0.1%  55%W +0.1%  55%W +0.2%  55%W +0.5%       -4.8% → +3.3%
  TSLA    20  55%W +0.1%  65%W +0.3%  65%W +0.4%  60%W +0.5%  60%W +0.7%  55%W +0.9%      -4.9% → +11.4%
  DDOG    20  60%W +0.5%  55%W +0.4%  65%W +0.2%  50%W -0.0%  55%W +0.8%  55%W +0.4%       -3.9% → +5.9%
  CRWD    20  50%W -0.0%  35%W -0.3%  40%W -0.2%  40%W -0.4%  50%W -0.1%  50%W -0.2%       -4.9% → +4.5%
  CHTR    20  60%W +0.1%  45%W -0.1%  40%W -0.1%  60%W +0.2%  50%W +0.1%  50%W -0.0%       -1.2% → +1.9%
  SNOW    20  50%W -0.0%  45%W -0.0%  45%W -0.3%  45%W -0.2%  65%W +0.5%  50%W +0.0%       -4.6% → +3.6%
  PLTR    20  50%W +0.0%  50%W +0.1%  50%W +0.0%  55%W +0.2%  50%W -0.4%  45%W -0.6%       -4.5% → +5.0%
  SNPS    20  80%W +0.2%  50%W +0.0%  65%W +0.2%  70%W +0.3%  65%W +0.2%  45%W -0.2%       -3.0% → +3.7%
Pre-session top-2 (9:25, 20d EOD win rate) — 2021-04-08  OR: 09:30/3b
  #1 AVGO   +15m 65%W +0.2%  +30m 70%W +0.4%  +1h 60%W +0.4%  +2h 60%W +0.1%  +5h 60%W +0.6%  EOD 70%W +0.5%  EOD range -3.3% → +3.9%
  #2 MRVL   +15m 50%W +0.1%  +30m 60%W +0.1%  +1h 45%W -0.0%  +2h 50%W +0.2%  +5h 55%W +0.8%  EOD 65%W +0.3%  EOD range -4.3% → +4.0%
  Ticker   N          +15m          +30m           +1h           +2h           +5h           EOD           EOD range
  ----------------------------------------------------------------------------------------------------------------------
  AVGO    20  65%W +0.2%  70%W +0.4%  60%W +0.4%  60%W +0.1%  60%W +0.6%  70%W +0.5%       -3.3% → +3.9%
  MRVL    20  50%W +0.1%  60%W +0.1%  45%W -0.0%  50%W +0.2%  55%W +0.8%  65%W +0.3%       -4.3% → +4.0%
  META    20  70%W +0.2%  45%W -0.0%  55%W +0.4%  55%W +0.2%  65%W +0.5%  60%W +0.3%       -2.5% → +2.1%
  AMD     20  55%W +0.0%  40%W -0.0%  50%W +0.0%  60%W +0.2%  60%W +0.4%  60%W +0.3%       -2.2% → +1.3%
  SPOT    20  65%W +0.3%  55%W +0.1%  55%W +0.1%  40%W -0.4%  50%W -0.3%  60%W +0.2%       -3.2% → +3.8%
  LLY     20  50%W -0.0%  45%W -0.0%  55%W +0.1%  65%W +0.2%  55%W +0.2%  60%W +0.1%       -1.6% → +1.5%
  QCOM    20  65%W +0.3%  65%W +0.2%  55%W +0.1%  55%W +0.1%  55%W +0.6%  60%W +0.7%       -3.6% → +3.6%
  CHTR    20  60%W +0.1%  45%W -0.1%  40%W -0.0%  55%W +0.2%  50%W -0.1%  55%W +0.1%       -1.2% → +1.9%
  MU      20  60%W +0.1%  50%W +0.1%  45%W -0.1%  50%W -0.2%  50%W +0.1%  50%W +0.1%       -4.8% → +3.3%
  CRWD    20  50%W -0.0%  35%W -0.3%  40%W -0.2%  40%W -0.4%  50%W -0.1%  50%W -0.2%       -4.9% → +4.5%
  TSLA    20  55%W +0.0%  65%W +0.3%  65%W +0.3%  55%W +0.4%  55%W +0.4%  50%W -0.0%       -4.9% → +7.0%
  SNPS    20  80%W +0.2%  45%W +0.0%  65%W +0.1%  65%W +0.2%  65%W +0.2%  50%W -0.1%       -3.0% → +3.7%
  DDOG    20  60%W +0.2%  50%W +0.1%  60%W +0.2%  50%W -0.0%  50%W +0.2%  50%W -0.0%       -3.9% → +5.9%
  SNOW    20  50%W -0.0%  45%W -0.0%  45%W -0.3%  40%W -0.4%  60%W +0.3%  45%W -0.2%       -4.6% → +3.6%
  PLTR    20  50%W +0.0%  45%W -0.0%  45%W -0.1%  50%W -0.2%  45%W -0.9%  40%W -0.7%       -4.5% → +5.0%
Pre-session top-2 (9:25, 20d EOD win rate) — 2021-04-09  OR: 09:30/3b
  #1 AVGO   +15m 65%W +0.2%  +30m 70%W +0.4%  +1h 65%W +0.4%  +2h 60%W +0.1%  +5h 60%W +0.6%  EOD 75%W +0.5%  EOD range -2.9% → +3.9%
  #2 META   +15m 70%W +0.2%  +30m 45%W -0.1%  +1h 60%W +0.4%  +2h 60%W +0.4%  +5h 70%W +0.6%  EOD 65%W +0.4%  EOD range -2.5% → +2.1%
  Ticker   N          +15m          +30m           +1h           +2h           +5h           EOD           EOD range
  ----------------------------------------------------------------------------------------------------------------------
  AVGO    20  65%W +0.2%  70%W +0.4%  65%W +0.4%  60%W +0.1%  60%W +0.6%  75%W +0.5%       -2.9% → +3.9%
  META    20  70%W +0.2%  45%W -0.1%  60%W +0.4%  60%W +0.4%  70%W +0.6%  65%W +0.4%       -2.5% → +2.1%
  MRVL    20  50%W +0.1%  55%W +0.0%  45%W -0.0%  50%W +0.2%  55%W +0.8%  65%W +0.3%       -4.3% → +4.0%
  AMD     20  55%W +0.0%  45%W -0.0%  50%W +0.0%  65%W +0.2%  65%W +0.6%  65%W +0.5%       -2.2% → +1.3%
  QCOM    20  70%W +0.3%  70%W +0.2%  60%W +0.1%  60%W +0.2%  60%W +0.6%  65%W +0.7%       -3.6% → +3.6%
  SPOT    20  70%W +0.4%  50%W +0.1%  55%W +0.1%  40%W -0.4%  50%W -0.3%  60%W +0.2%       -2.8% → +3.8%
  MU      20  60%W +0.1%  50%W +0.1%  45%W -0.1%  55%W +0.1%  55%W +0.2%  55%W +0.5%       -4.8% → +3.3%
  CRWD    20  50%W -0.0%  35%W -0.3%  45%W -0.1%  45%W -0.2%  55%W +0.2%  55%W +0.3%       -4.1% → +4.5%
  CHTR    20  60%W +0.1%  40%W -0.2%  40%W -0.0%  55%W +0.1%  50%W -0.1%  55%W +0.1%       -1.2% → +1.9%
  TSLA    20  60%W +0.1%  70%W +0.3%  70%W +0.4%  60%W +0.5%  60%W +0.7%  55%W +0.9%       -4.0% → +7.0%
  LLY     20  50%W -0.0%  40%W -0.1%  55%W +0.1%  60%W +0.2%  55%W +0.1%  55%W +0.1%       -1.6% → +1.5%
  SNPS    20  75%W +0.2%  40%W -0.0%  70%W +0.1%  70%W +0.2%  65%W +0.2%  50%W -0.1%       -2.0% → +3.7%
  DDOG    20  55%W +0.1%  45%W -0.1%  65%W +0.3%  55%W +0.2%  55%W +0.6%  50%W -0.0%       -3.9% → +5.9%
  PLTR    20  50%W +0.0%  40%W -0.0%  50%W +0.0%  55%W +0.2%  50%W -0.4%  45%W -0.6%       -4.5% → +5.0%
  SNOW    20  45%W -0.2%  40%W -0.2%  45%W -0.3%  40%W -0.4%  55%W +0.3%  45%W -0.4%       -4.6% → +3.6%
Pre-session top-2 (9:25, 20d EOD win rate) — 2021-04-12  OR: 09:30/3b
  #1 AVGO   +15m 65%W +0.2%  +30m 70%W +0.4%  +1h 65%W +0.3%  +2h 60%W +0.1%  +5h 60%W +0.5%  EOD 75%W +0.5%  EOD range -2.9% → +3.9%
  #2 QCOM   +15m 70%W +0.3%  +30m 70%W +0.2%  +1h 60%W +0.1%  +2h 60%W +0.2%  +5h 60%W +0.6%  EOD 65%W +0.7%  EOD range -3.6% → +3.6%
  Ticker   N          +15m          +30m           +1h           +2h           +5h           EOD           EOD range
  ----------------------------------------------------------------------------------------------------------------------
  AVGO    20  65%W +0.2%  70%W +0.4%  65%W +0.3%  60%W +0.1%  60%W +0.5%  75%W +0.5%       -2.9% → +3.9%
  QCOM    20  70%W +0.3%  70%W +0.2%  60%W +0.1%  60%W +0.2%  60%W +0.6%  65%W +0.7%       -3.6% → +3.6%
  META    20  70%W +0.2%  50%W +0.1%  60%W +0.2%  55%W +0.2%  65%W +0.5%  60%W +0.3%       -2.5% → +2.1%
  MRVL    20  50%W +0.1%  55%W +0.0%  40%W -0.1%  45%W -0.1%  50%W +0.3%  60%W +0.2%       -4.3% → +3.5%
  CHTR    20  65%W +0.1%  40%W -0.1%  40%W -0.0%  55%W +0.2%  50%W -0.1%  60%W +0.1%       -1.2% → +1.9%
  AMD     20  55%W +0.0%  50%W -0.0%  55%W +0.0%  65%W +0.2%  65%W +0.6%  60%W +0.3%       -2.2% → +1.3%
  SPOT    20  75%W +0.4%  55%W +0.4%  55%W +0.1%  40%W -0.4%  50%W -0.3%  60%W +0.2%       -2.8% → +3.4%
  MU      20  60%W +0.1%  50%W +0.1%  45%W -0.1%  55%W +0.1%  55%W +0.2%  55%W +0.5%       -4.8% → +3.3%
  CRWD    20  45%W -0.2%  40%W -0.2%  45%W -0.1%  45%W -0.2%  55%W +0.2%  55%W +0.3%       -4.1% → +4.5%
  SNPS    20  75%W +0.2%  45%W +0.0%  70%W +0.1%  70%W +0.2%  65%W +0.3%  55%W +0.2%       -2.0% → +3.7%
  LLY     20  45%W -0.0%  35%W -0.1%  50%W -0.0%  55%W +0.1%  55%W +0.1%  55%W +0.1%       -1.6% → +1.5%
  TSLA    20  60%W +0.1%  75%W +0.3%  70%W +0.4%  60%W +0.5%  60%W +0.7%  50%W +0.4%       -4.0% → +7.0%
  DDOG    20  60%W +0.2%  50%W +0.1%  70%W +0.4%  55%W +0.2%  55%W +0.6%  50%W -0.0%       -3.9% → +5.9%
  PLTR    20  55%W +0.2%  45%W -0.0%  45%W -0.1%  55%W +0.2%  50%W -0.4%  45%W -0.6%       -4.5% → +5.0%
  SNOW    20  45%W -0.2%  40%W -0.1%  40%W -0.4%  35%W -0.6%  55%W +0.3%  45%W -0.2%       -4.6% → +3.6%
Pre-session top-2 (9:25, 20d EOD win rate) — 2021-04-13  OR: 09:30/3b
  #1 AVGO   +15m 65%W +0.2%  +30m 70%W +0.4%  +1h 70%W +0.4%  +2h 65%W +0.1%  +5h 65%W +0.6%  EOD 75%W +0.5%  EOD range -2.9% → +3.9%
  #2 META   +15m 75%W +0.3%  +30m 55%W +0.3%  +1h 65%W +0.2%  +2h 55%W +0.2%  +5h 65%W +0.6%  EOD 60%W +0.3%  EOD range -2.5% → +2.1%
  Ticker   N          +15m          +30m           +1h           +2h           +5h           EOD           EOD range
  ----------------------------------------------------------------------------------------------------------------------
  AVGO    20  65%W +0.2%  70%W +0.4%  70%W +0.4%  65%W +0.1%  65%W +0.6%  75%W +0.5%       -2.9% → +3.9%
  META    20  75%W +0.3%  55%W +0.3%  65%W +0.2%  55%W +0.2%  65%W +0.6%  60%W +0.3%       -2.5% → +2.1%
  MRVL    20  50%W +0.1%  60%W +0.0%  40%W -0.1%  45%W -0.1%  50%W +0.3%  60%W +0.2%       -4.3% → +3.5%
  CHTR    20  65%W +0.1%  40%W -0.1%  40%W -0.0%  55%W +0.2%  50%W -0.1%  60%W +0.1%       -1.2% → +1.9%
  SPOT    20  75%W +0.4%  60%W +0.4%  60%W +0.1%  45%W -0.4%  50%W -0.3%  60%W +0.2%       -2.8% → +3.4%
  QCOM    20  65%W +0.2%  70%W +0.2%  60%W +0.1%  60%W +0.2%  55%W +0.5%  60%W +0.7%       -3.6% → +3.6%
  MU      20  55%W +0.1%  55%W +0.2%  45%W -0.0%  60%W +0.1%  55%W +0.2%  55%W +0.5%       -4.8% → +3.3%
  CRWD    20  45%W -0.2%  45%W -0.1%  50%W +0.0%  50%W -0.0%  60%W +0.6%  55%W +0.6%       -4.1% → +4.5%
  AMD     20  55%W +0.0%  55%W +0.0%  55%W +0.1%  65%W +0.2%  60%W +0.4%  55%W +0.2%       -3.3% → +1.3%
  SNPS    20  75%W +0.2%  50%W +0.0%  75%W +0.1%  70%W +0.3%  65%W +0.3%  55%W +0.3%       -2.0% → +3.7%
  TSLA    20  60%W +0.1%  75%W +0.4%  70%W +0.5%  60%W +0.4%  60%W +0.7%  50%W +0.4%       -4.0% → +7.0%
  SNOW    20  45%W -0.2%  40%W -0.1%  40%W -0.4%  40%W -0.4%  60%W +0.3%  50%W +0.0%       -4.6% → +3.6%
  LLY     20  40%W -0.1%  35%W -0.1%  50%W -0.0%  55%W +0.1%  50%W +0.1%  50%W -0.1%       -1.6% → +1.4%
  DDOG    20  55%W +0.1%  55%W +0.4%  70%W +0.5%  55%W +0.2%  55%W +0.7%  50%W -0.0%       -3.9% → +5.9%
  PLTR    20  50%W -0.1%  45%W -0.0%  40%W -0.1%  50%W -0.2%  45%W -0.9%  40%W -0.7%       -4.5% → +5.0%
Pre-session top-2 (9:25, 20d EOD win rate) — 2021-04-14  OR: 09:30/3b
  #1 AVGO   +15m 60%W +0.1%  +30m 65%W +0.4%  +1h 65%W +0.3%  +2h 60%W +0.1%  +5h 60%W +0.5%  EOD 75%W +0.5%  EOD range -2.9% → +3.9%
  #2 CHTR   +15m 70%W +0.2%  +30m 45%W -0.1%  +1h 45%W -0.0%  +2h 60%W +0.3%  +5h 55%W +0.1%  EOD 60%W +0.1%  EOD range -1.2% → +1.9%
  Ticker   N          +15m          +30m           +1h           +2h           +5h           EOD           EOD range
  ----------------------------------------------------------------------------------------------------------------------
  AVGO    20  60%W +0.1%  65%W +0.4%  65%W +0.3%  60%W +0.1%  60%W +0.5%  75%W +0.5%       -2.9% → +3.9%
  CHTR    20  70%W +0.2%  45%W -0.1%  45%W -0.0%  60%W +0.3%  55%W +0.1%  60%W +0.1%       -1.2% → +1.9%
  SPOT    20  75%W +0.4%  60%W +0.4%  60%W +0.1%  45%W -0.4%  50%W -0.3%  60%W +0.2%       -2.8% → +3.8%
  META    20  80%W +0.3%  60%W +0.4%  70%W +0.2%  60%W +0.2%  65%W +0.5%  55%W +0.3%       -2.5% → +2.1%
  MRVL    20  45%W -0.0%  55%W +0.0%  35%W -0.2%  40%W -0.3%  45%W -0.3%  55%W +0.1%       -4.3% → +3.5%
  CRWD    20  45%W -0.2%  45%W -0.1%  50%W +0.0%  50%W +0.1%  60%W +0.6%  55%W +0.6%       -4.1% → +4.5%
  LLY     20  45%W -0.0%  35%W -0.1%  55%W +0.0%  55%W +0.1%  55%W +0.1%  55%W +0.1%       -1.6% → +1.4%
  QCOM    20  60%W +0.2%  65%W +0.1%  55%W +0.1%  55%W +0.1%  50%W +0.2%  55%W +0.4%       -3.6% → +3.6%
  MU      20  50%W +0.0%  50%W +0.0%  40%W -0.1%  55%W +0.1%  50%W +0.1%  50%W +0.2%       -4.8% → +3.3%
  TSLA    20  60%W +0.1%  75%W +0.3%  70%W +0.5%  60%W +0.4%  60%W +0.7%  50%W +0.4%       -4.0% → +7.0%
  AMD     20  50%W -0.0%  50%W -0.0%  50%W +0.0%  60%W +0.2%  55%W +0.4%  50%W +0.1%       -3.3% → +1.3%
  SNPS    20  70%W +0.1%  45%W +0.0%  70%W +0.1%  65%W +0.2%  60%W +0.3%  50%W -0.0%       -2.0% → +3.7%
  DDOG    20  55%W +0.1%  55%W +0.2%  70%W +0.5%  55%W +0.2%  55%W +0.7%  50%W -0.0%       -3.9% → +5.9%
  PLTR    20  50%W -0.1%  45%W -0.0%  40%W -0.1%  55%W +0.2%  50%W -0.4%  45%W -0.7%       -4.5% → +8.6%
  SNOW    20  40%W -0.3%  35%W -0.2%  35%W -0.4%  35%W -0.6%  55%W +0.3%  45%W -0.1%       -4.6% → +3.6%
Pre-session top-2 (9:25, 20d EOD win rate) — 2021-04-15  OR: 09:30/3b
  #1 AVGO   +15m 60%W +0.1%  +30m 65%W +0.4%  +1h 65%W +0.2%  +2h 55%W +0.0%  +5h 55%W +0.4%  EOD 70%W +0.5%  EOD range -2.9% → +3.9%
  #2 SPOT   +15m 70%W +0.4%  +30m 60%W +0.4%  +1h 60%W +0.1%  +2h 45%W -0.4%  +5h 50%W -0.3%  EOD 60%W +0.2%  EOD range -2.8% → +3.8%
  Ticker   N          +15m          +30m           +1h           +2h           +5h           EOD           EOD range
  ----------------------------------------------------------------------------------------------------------------------
  AVGO    20  60%W +0.1%  65%W +0.4%  65%W +0.2%  55%W +0.0%  55%W +0.4%  70%W +0.5%       -2.9% → +3.9%
  SPOT    20  70%W +0.4%  60%W +0.4%  60%W +0.1%  45%W -0.4%  50%W -0.3%  60%W +0.2%       -2.8% → +3.8%
  MRVL    20  50%W +0.1%  60%W +0.0%  40%W -0.2%  35%W -0.4%  45%W -0.3%  55%W +0.1%       -4.3% → +3.5%
  CRWD    20  50%W +0.0%  45%W -0.1%  50%W +0.0%  50%W +0.1%  60%W +0.6%  55%W +0.6%       -3.8% → +4.5%
  CHTR    20  65%W +0.1%  40%W -0.1%  45%W -0.0%  55%W +0.2%  50%W -0.1%  55%W +0.1%       -1.2% → +1.9%
  QCOM    20  60%W +0.1%  60%W +0.1%  50%W +0.0%  50%W +0.1%  50%W +0.2%  55%W +0.4%       -3.6% → +3.6%
  META    20  80%W +0.2%  60%W +0.4%  70%W +0.2%  55%W +0.1%  60%W +0.5%  50%W +0.1%       -2.5% → +2.1%
  MU      20  55%W +0.1%  50%W +0.0%  45%W -0.0%  60%W +0.1%  50%W +0.1%  50%W +0.2%       -4.8% → +3.3%
  TSLA    20  60%W +0.1%  70%W +0.3%  65%W +0.3%  55%W +0.4%  60%W +0.7%  50%W +0.4%       -5.5% → +7.0%
  AMD     20  50%W -0.0%  50%W -0.0%  45%W -0.0%  55%W +0.1%  55%W +0.4%  50%W +0.1%       -3.3% → +1.3%
  SNPS    20  70%W +0.1%  45%W +0.0%  70%W +0.1%  65%W +0.2%  60%W +0.3%  50%W -0.0%       -1.9% → +3.7%
  LLY     20  45%W -0.0%  40%W -0.1%  60%W +0.1%  55%W +0.2%  50%W +0.0%  50%W -0.1%       -1.6% → +1.4%
  DDOG    20  60%W +0.1%  55%W +0.2%  70%W +0.5%  55%W +0.2%  55%W +0.7%  50%W -0.0%       -2.9% → +5.9%
  PLTR    20  55%W +0.1%  45%W -0.0%  45%W -0.1%  55%W +0.2%  50%W -0.4%  45%W -0.7%       -5.0% → +8.6%
  SNOW    20  35%W -0.3%  35%W -0.2%  35%W -0.5%  35%W -0.6%  55%W +0.3%  45%W -0.1%       -5.3% → +3.6%
Pre-session top-2 (9:25, 20d EOD win rate) — 2021-04-16  OR: 09:30/3b
  #1 AVGO   +15m 55%W +0.1%  +30m 60%W +0.2%  +1h 70%W +0.2%  +2h 60%W +0.1%  +5h 55%W +0.2%  EOD 70%W +0.4%  EOD range -2.9% → +3.9%
  #2 SPOT   +15m 65%W +0.3%  +30m 55%W +0.2%  +1h 60%W +0.2%  +2h 45%W -0.4%  +5h 50%W -0.3%  EOD 60%W +0.2%  EOD range -2.8% → +3.8%
  Ticker   N          +15m          +30m           +1h           +2h           +5h           EOD           EOD range
  ----------------------------------------------------------------------------------------------------------------------
  AVGO    20  55%W +0.1%  60%W +0.2%  70%W +0.2%  60%W +0.1%  55%W +0.2%  70%W +0.4%       -2.9% → +3.9%
  SPOT    20  65%W +0.3%  55%W +0.2%  60%W +0.2%  45%W -0.4%  50%W -0.3%  60%W +0.2%       -2.8% → +3.8%
  MRVL    20  50%W +0.1%  55%W +0.0%  45%W -0.1%  40%W -0.3%  45%W -0.3%  55%W +0.1%       -4.3% → +3.5%
  CRWD    20  45%W -0.2%  40%W -0.2%  50%W +0.0%  50%W +0.1%  60%W +0.6%  55%W +0.6%       -3.8% → +3.2%
  CHTR    20  70%W +0.2%  45%W -0.1%  45%W -0.0%  60%W +0.3%  50%W -0.1%  55%W +0.1%       -1.2% → +1.9%
  LLY     20  50%W -0.0%  45%W -0.1%  65%W +0.2%  60%W +0.3%  55%W +0.1%  55%W +0.1%       -1.6% → +1.4%
  QCOM    20  55%W +0.1%  55%W +0.1%  50%W +0.0%  50%W +0.1%  50%W +0.2%  55%W +0.4%       -3.6% → +3.6%
  META    20  80%W +0.2%  60%W +0.4%  70%W +0.2%  55%W +0.1%  60%W +0.5%  50%W +0.1%       -2.5% → +2.0%
  MU      20  50%W +0.0%  45%W -0.2%  40%W -0.1%  60%W +0.1%  50%W +0.0%  50%W +0.0%       -4.8% → +2.9%
  TSLA    20  55%W +0.0%  70%W +0.3%  65%W +0.3%  55%W +0.4%  60%W +0.7%  50%W +0.4%       -5.5% → +7.0%
  AMD     20  45%W -0.0%  50%W -0.0%  50%W +0.0%  60%W +0.2%  55%W +0.4%  50%W +0.1%       -3.3% → +2.9%
  SNPS    20  65%W +0.1%  45%W +0.0%  70%W +0.1%  65%W +0.2%  55%W +0.2%  50%W -0.1%       -1.9% → +3.7%
  SNOW    20  30%W -0.3%  30%W -0.3%  35%W -0.5%  35%W -0.6%  50%W +0.1%  45%W -0.1%       -5.3% → +3.6%
  DDOG    20  55%W +0.1%  50%W +0.0%  70%W +0.5%  55%W +0.3%  50%W +0.1%  45%W -0.1%       -2.9% → +5.9%
  PLTR    20  60%W +0.2%  50%W +0.1%  45%W -0.1%  55%W +0.2%  50%W -0.4%  40%W -0.7%       -5.0% → +8.6%
Pre-session top-2 (9:25, 20d EOD win rate) — 2021-04-19  OR: 09:30/3b
  #1 AVGO   +15m 50%W +0.0%  +30m 60%W +0.1%  +1h 70%W +0.2%  +2h 55%W +0.0%  +5h 55%W +0.2%  EOD 70%W +0.4%  EOD range -1.8% → +3.9%
  #2 CRWD   +15m 45%W -0.2%  +30m 40%W -0.2%  +1h 55%W +0.6%  +2h 55%W +0.3%  +5h 65%W +0.6%  EOD 60%W +0.7%  EOD range -3.0% → +3.2%
  Ticker   N          +15m          +30m           +1h           +2h           +5h           EOD           EOD range
  ----------------------------------------------------------------------------------------------------------------------
  AVGO    20  50%W +0.0%  60%W +0.1%  70%W +0.2%  55%W +0.0%  55%W +0.2%  70%W +0.4%       -1.8% → +3.9%
  CRWD    20  45%W -0.2%  40%W -0.2%  55%W +0.6%  55%W +0.3%  65%W +0.6%  60%W +0.7%       -3.0% → +3.2%
  CHTR    20  75%W +0.2%  50%W +0.1%  45%W -0.0%  65%W +0.3%  55%W +0.1%  60%W +0.1%       -1.2% → +1.9%
  SPOT    20  65%W +0.3%  60%W +0.2%  55%W +0.2%  45%W -0.4%  50%W -0.3%  60%W +0.2%       -2.8% → +3.8%
  LLY     20  50%W -0.0%  45%W -0.1%  65%W +0.2%  55%W +0.3%  60%W +0.2%  60%W +0.1%       -1.6% → +1.4%
  QCOM    20  60%W +0.1%  60%W +0.1%  55%W +0.1%  50%W +0.1%  55%W +0.5%  60%W +0.6%       -3.6% → +3.6%
  META    20  80%W +0.2%  60%W +0.4%  65%W +0.2%  50%W +0.0%  60%W +0.3%  55%W +0.2%       -2.5% → +2.0%
  MRVL    20  50%W +0.1%  55%W +0.0%  45%W -0.1%  40%W -0.3%  45%W -0.3%  55%W +0.1%       -4.3% → +3.5%
  TSLA    20  50%W -0.0%  70%W +0.3%  65%W +0.3%  60%W +0.4%  65%W +0.9%  55%W +1.2%       -5.5% → +7.0%
  AMD     20  40%W -0.0%  45%W -0.0%  50%W +0.0%  55%W +0.1%  55%W +0.4%  55%W +0.2%       -3.3% → +2.9%
  SNPS    20  65%W +0.1%  45%W +0.0%  70%W +0.1%  65%W +0.2%  60%W +0.2%  55%W +0.1%       -1.9% → +3.7%
  MU      20  45%W -0.0%  50%W -0.0%  45%W -0.0%  60%W +0.1%  50%W +0.0%  50%W +0.0%       -4.8% → +2.9%
  SNOW    20  30%W -0.4%  30%W -0.4%  35%W -0.4%  35%W -0.6%  55%W +0.3%  50%W +0.0%       -5.3% → +3.6%
  DDOG    20  55%W +0.1%  50%W -0.0%  70%W +0.5%  55%W +0.3%  50%W +0.1%  45%W -0.1%       -2.9% → +5.9%
  PLTR    20  55%W +0.1%  45%W -0.0%  40%W -0.1%  50%W -0.1%  50%W -0.6%  40%W -0.7%       -5.0% → +8.6%
  APP      2  100%W +0.1%  0%W -2.3%  0%W -0.3%  0%W -2.9%  0%W -7.2%  0%W -4.3%       -4.3% → -4.3%
Pre-session top-2 (9:25, 20d EOD win rate) — 2021-04-20  OR: 09:30/3b
  #1 AVGO   +15m 50%W +0.0%  +30m 60%W +0.1%  +1h 65%W +0.2%  +2h 50%W -0.1%  +5h 50%W -0.0%  EOD 65%W +0.2%  EOD range -2.5% → +3.9%
  #2 LLY    +15m 53%W +0.0%  +30m 47%W -0.0%  +1h 68%W +0.2%  +2h 53%W +0.3%  +5h 63%W +0.2%  EOD 63%W +0.1%  EOD range -1.6% → +1.4%
  Ticker   N          +15m          +30m           +1h           +2h           +5h           EOD           EOD range
  ----------------------------------------------------------------------------------------------------------------------
  AVGO    20  50%W +0.0%  60%W +0.1%  65%W +0.2%  50%W -0.1%  50%W -0.0%  65%W +0.2%       -2.5% → +3.9%
  LLY     20  53%W +0.0%  47%W -0.0%  68%W +0.2%  53%W +0.3%  63%W +0.2%  63%W +0.1%       -1.6% → +1.4%
  CHTR    20  70%W +0.2%  55%W +0.3%  50%W +0.0%  70%W +0.3%  55%W +0.1%  60%W +0.1%       -1.2% → +1.9%
  SPOT    20  63%W +0.4%  58%W +0.2%  53%W +0.1%  42%W -0.4%  47%W -0.6%  58%W +0.1%       -2.8% → +3.8%
  CRWD    20  45%W -0.1%  40%W -0.2%  50%W +0.0%  50%W -0.1%  60%W +0.3%  55%W +0.6%       -3.6% → +3.2%
  TSLA    20  50%W -0.0%  65%W +0.3%  60%W +0.2%  60%W +0.3%  65%W +0.7%  55%W +1.0%       -5.5% → +7.0%
  SNPS    20  65%W +0.1%  45%W +0.0%  70%W +0.1%  60%W +0.2%  55%W +0.2%  55%W +0.1%       -2.2% → +3.7%
  QCOM    20  60%W +0.1%  55%W +0.1%  50%W +0.0%  45%W -0.1%  50%W +0.2%  55%W +0.4%       -3.6% → +3.6%
  META    20  75%W +0.2%  55%W +0.4%  60%W +0.1%  45%W -0.0%  55%W +0.0%  50%W -0.0%       -2.5% → +1.7%
  MRVL    20  50%W +0.1%  50%W -0.1%  40%W -0.2%  35%W -0.4%  40%W -0.6%  50%W +0.0%       -4.3% → +3.5%
  AMD     20  40%W -0.0%  40%W -0.1%  45%W -0.0%  50%W -0.0%  50%W +0.1%  50%W +0.1%       -3.3% → +2.9%
  SNOW    20  32%W -0.3%  32%W -0.4%  37%W -0.3%  32%W -0.7%  53%W +0.2%  47%W -0.1%       -5.3% → +3.6%
  MU      20  40%W -0.1%  45%W -0.2%  40%W -0.1%  55%W +0.1%  45%W -0.3%  45%W -0.1%       -4.8% → +2.9%
  DDOG    20  55%W +0.1%  50%W -0.0%  65%W +0.5%  50%W -0.2%  45%W -0.3%  40%W -0.3%       -3.6% → +5.9%
  PLTR    20  58%W +0.1%  42%W -0.0%  37%W -0.1%  47%W -0.4%  47%W -1.3%  37%W -0.8%       -5.0% → +8.6%
  APP      3  50%W -1.2%  0%W -2.8%  0%W -2.0%  0%W -3.7%  0%W -4.9%  0%W -3.3%       -4.3% → -2.3%
Pre-session top-2 (9:25, 20d EOD win rate) — 2021-04-21  OR: 09:30/3b
  #1 CHTR   +15m 75%W +0.3%  +30m 60%W +0.3%  +1h 55%W +0.1%  +2h 75%W +0.3%  +5h 60%W +0.3%  EOD 65%W +0.1%  EOD range -1.2% → +1.9%
  #2 AVGO   +15m 50%W -0.0%  +30m 55%W +0.1%  +1h 60%W +0.1%  +2h 45%W -0.2%  +5h 45%W -0.2%  EOD 60%W +0.1%  EOD range -2.5% → +3.9%
  Ticker   N          +15m          +30m           +1h           +2h           +5h           EOD           EOD range
  ----------------------------------------------------------------------------------------------------------------------
  CHTR    20  75%W +0.3%  60%W +0.3%  55%W +0.1%  75%W +0.3%  60%W +0.3%  65%W +0.1%       -1.2% → +1.9%
  AVGO    20  50%W -0.0%  55%W +0.1%  60%W +0.1%  45%W -0.2%  45%W -0.2%  60%W +0.1%       -2.5% → +3.9%
  LLY     20  53%W +0.0%  42%W -0.1%  68%W +0.2%  47%W -0.0%  58%W +0.2%  58%W +0.1%       -1.6% → +1.4%
  TSLA    20  50%W -0.0%  70%W +0.3%  60%W +0.2%  55%W +0.2%  60%W +0.4%  55%W +1.0%       -5.5% → +7.0%
  SPOT    20  58%W +0.3%  53%W +0.1%  47%W -0.0%  37%W -0.5%  42%W -0.9%  53%W +0.1%       -2.8% → +3.8%
  META    20  70%W +0.1%  50%W +0.1%  55%W +0.0%  40%W -0.1%  55%W +0.0%  50%W -0.0%       -2.5% → +1.7%
  CRWD    20  45%W -0.1%  40%W -0.2%  45%W -0.1%  45%W -0.5%  55%W +0.2%  50%W +0.1%       -4.2% → +3.2%
  SNPS    20  70%W +0.1%  45%W +0.0%  70%W +0.1%  55%W +0.1%  50%W +0.1%  50%W +0.0%       -2.2% → +3.7%
  QCOM    20  55%W +0.0%  50%W +0.1%  45%W -0.1%  40%W -0.1%  45%W -0.3%  50%W +0.1%       -3.6% → +3.6%
  SNOW    20  26%W -0.4%  26%W -0.4%  32%W -0.5%  26%W -0.8%  47%W -0.1%  47%W -0.1%       -5.3% → +3.6%
  MRVL    20  55%W +0.1%  55%W +0.0%  35%W -0.3%  30%W -0.6%  35%W -0.7%  45%W -0.3%       -4.3% → +3.5%
  AMD     20  40%W -0.0%  40%W -0.1%  45%W -0.0%  45%W -0.1%  45%W -0.2%  45%W -0.0%       -3.3% → +2.9%
  MU      20  40%W -0.1%  45%W -0.2%  35%W -0.3%  50%W -0.2%  40%W -0.7%  40%W -0.3%       -4.8% → +2.9%
  PLTR    20  58%W +0.1%  42%W -0.0%  37%W -0.1%  42%W -0.4%  42%W -1.7%  37%W -1.4%       -5.0% → +8.6%
  DDOG    20  55%W +0.1%  50%W -0.0%  60%W +0.3%  45%W -0.5%  40%W -0.8%  35%W -0.8%       -4.8% → +5.9%
  APP      4  67%W +0.1%  0%W -2.3%  0%W -2.2%  0%W -3.9%  0%W -2.6%  0%W -2.6%       -4.3% → -2.3%
Pre-session top-2 (9:25, 20d EOD win rate) — 2021-04-22  OR: 09:30/3b
  #1 AVGO   +15m 45%W -0.1%  +30m 50%W -0.0%  +1h 60%W +0.1%  +2h 45%W -0.2%  +5h 50%W -0.0%  EOD 65%W +0.2%  EOD range -2.5% → +3.9%
  #2 CHTR   +15m 70%W +0.3%  +30m 55%W +0.2%  +1h 50%W +0.0%  +2h 75%W +0.3%  +5h 60%W +0.2%  EOD 60%W +0.1%  EOD range -1.2% → +1.9%
  Ticker   N          +15m          +30m           +1h           +2h           +5h           EOD           EOD range
  ----------------------------------------------------------------------------------------------------------------------
  AVGO    20  45%W -0.1%  50%W -0.0%  60%W +0.1%  45%W -0.2%  50%W -0.0%  65%W +0.2%       -2.5% → +3.9%
  CHTR    20  70%W +0.3%  55%W +0.2%  50%W +0.0%  75%W +0.3%  60%W +0.2%  60%W +0.1%       -1.2% → +1.9%
  TSLA    20  50%W -0.0%  70%W +0.3%  60%W +0.3%  55%W +0.2%  60%W +0.8%  60%W +1.2%       -5.5% → +7.0%
  META    20  65%W +0.1%  45%W -0.1%  50%W -0.0%  40%W -0.1%  55%W +0.0%  55%W +0.2%       -2.5% → +1.7%
  CRWD    20  45%W -0.1%  40%W -0.2%  45%W -0.1%  45%W -0.5%  55%W +0.2%  55%W +0.6%       -4.2% → +3.2%
  QCOM    20  50%W +0.0%  45%W -0.1%  45%W -0.1%  45%W -0.1%  50%W +0.2%  55%W +0.4%       -3.6% → +3.6%
  SNOW    20  26%W -0.4%  32%W -0.4%  37%W -0.5%  32%W -0.7%  53%W +0.3%  53%W +0.1%       -5.3% → +3.6%
  SPOT    20  53%W +0.1%  47%W -0.1%  47%W -0.0%  37%W -0.5%  42%W -0.9%  53%W +0.1%       -2.8% → +3.8%
  LLY     20  53%W +0.0%  37%W -0.1%  63%W +0.2%  42%W -0.0%  53%W +0.0%  53%W +0.1%       -1.6% → +1.4%
  MRVL    20  60%W +0.2%  60%W +0.1%  40%W -0.2%  35%W -0.4%  40%W -0.6%  50%W +0.1%       -4.3% → +3.5%
  AMD     20  40%W -0.0%  45%W -0.1%  50%W +0.1%  50%W -0.0%  50%W +0.1%  50%W +0.1%       -3.3% → +2.9%
  SNPS    20  65%W +0.1%  40%W -0.0%  70%W +0.1%  50%W -0.0%  45%W -0.1%  50%W +0.0%       -2.2% → +3.7%
  MU      20  40%W -0.1%  45%W -0.2%  35%W -0.3%  55%W +0.0%  45%W -0.3%  45%W -0.1%       -2.8% → +2.9%
  PLTR    20  63%W +0.3%  47%W +0.0%  42%W -0.1%  47%W -0.4%  47%W -1.3%  42%W -0.8%       -5.0% → +8.6%
  DDOG    20  55%W +0.1%  50%W -0.0%  60%W +0.3%  50%W -0.2%  40%W -0.8%  40%W -0.8%       -4.8% → +5.9%
  APP      5  75%W +0.2%  25%W -1.7%  25%W -1.3%  25%W -3.4%  25%W -2.3%  25%W -2.4%       -4.3% → +6.3%
Pre-session top-2 (9:25, 20d EOD win rate) — 2021-04-23  OR: 09:30/3b
  #1 AVGO   +15m 50%W -0.0%  +30m 55%W +0.1%  +1h 65%W +0.2%  +2h 45%W -0.2%  +5h 55%W +0.2%  EOD 70%W +0.4%  EOD range -2.5% → +3.9%
  #2 CRWD   +15m 45%W -0.1%  +30m 45%W -0.1%  +1h 50%W +0.0%  +2h 50%W -0.1%  +5h 60%W +0.5%  EOD 60%W +0.9%  EOD range -4.2% → +3.2%
  Ticker   N          +15m          +30m           +1h           +2h           +5h           EOD           EOD range
  ----------------------------------------------------------------------------------------------------------------------
  AVGO    20  50%W -0.0%  55%W +0.1%  65%W +0.2%  45%W -0.2%  55%W +0.2%  70%W +0.4%       -2.5% → +3.9%
  CRWD    20  45%W -0.1%  45%W -0.1%  50%W +0.0%  50%W -0.1%  60%W +0.5%  60%W +0.9%       -4.2% → +3.2%
  TSLA    20  50%W -0.0%  75%W +0.3%  60%W +0.4%  50%W -0.1%  60%W +0.8%  60%W +1.2%       -5.5% → +7.0%
  META    20  65%W +0.1%  45%W -0.1%  45%W -0.0%  40%W -0.1%  55%W +0.0%  55%W +0.2%       -2.5% → +1.7%
  CHTR    20  65%W +0.2%  55%W +0.1%  55%W +0.1%  75%W +0.3%  55%W +0.1%  55%W +0.1%       -1.2% → +1.9%
  QCOM    20  50%W +0.0%  45%W -0.1%  50%W +0.0%  45%W -0.0%  50%W +0.2%  55%W +0.4%       -2.0% → +3.6%
  SNOW    20  32%W -0.3%  37%W -0.4%  42%W -0.2%  37%W -0.6%  58%W +0.3%  53%W +0.1%       -5.3% → +3.6%
  SPOT    20  58%W +0.3%  53%W +0.1%  53%W +0.1%  42%W -0.4%  42%W -0.6%  53%W +0.1%       -2.6% → +3.8%
  LLY     20  47%W -0.0%  42%W -0.1%  68%W +0.2%  47%W -0.0%  53%W +0.0%  53%W +0.1%       -1.3% → +1.4%
  MRVL    20  65%W +0.2%  60%W +0.1%  45%W -0.1%  40%W -0.3%  40%W -0.6%  50%W +0.1%       -3.1% → +3.5%
  AMD     20  40%W -0.0%  50%W -0.0%  50%W +0.1%  50%W -0.0%  45%W -0.2%  50%W +0.1%       -3.3% → +2.9%
  SNPS    20  60%W +0.0%  45%W +0.0%  70%W +0.1%  50%W -0.0%  45%W -0.1%  50%W +0.0%       -2.2% → +3.7%
  MU      20  45%W -0.1%  45%W -0.2%  30%W -0.3%  50%W -0.0%  45%W -0.3%  45%W -0.1%       -2.6% → +2.9%
  PLTR    20  63%W +0.3%  53%W +0.2%  47%W -0.1%  47%W -0.4%  47%W -0.4%  42%W -0.3%       -5.0% → +8.6%
  APP      6  60%W +0.1%  20%W -1.1%  20%W -0.7%  20%W -2.9%  20%W -2.0%  40%W -2.3%       -4.3% → +6.3%
  DDOG    20  55%W +0.1%  55%W +0.2%  60%W +0.8%  55%W +0.3%  40%W -0.4%  40%W -0.5%       -4.8% → +5.9%
Pre-session top-2 (9:25, 20d EOD win rate) — 2021-04-26  OR: 09:30/3b
  #1 AVGO   +15m 50%W -0.0%  +30m 55%W +0.1%  +1h 65%W +0.2%  +2h 45%W -0.2%  +5h 55%W +0.2%  EOD 70%W +0.4%  EOD range -2.5% → +3.9%
  #2 META   +15m 65%W +0.1%  +30m 50%W +0.1%  +1h 50%W -0.0%  +2h 45%W -0.0%  +5h 60%W +0.1%  EOD 60%W +0.3%  EOD range -1.9% → +1.7%
  Ticker   N          +15m          +30m           +1h           +2h           +5h           EOD           EOD range
  ----------------------------------------------------------------------------------------------------------------------
  AVGO    20  50%W -0.0%  55%W +0.1%  65%W +0.2%  45%W -0.2%  55%W +0.2%  70%W +0.4%       -2.5% → +3.9%
  META    20  65%W +0.1%  50%W +0.1%  50%W -0.0%  45%W -0.0%  60%W +0.1%  60%W +0.3%       -1.9% → +1.7%
  CHTR    20  60%W +0.1%  55%W +0.1%  60%W +0.1%  80%W +0.3%  60%W +0.2%  60%W +0.1%       -1.2% → +1.9%
  TSLA    20  50%W -0.0%  75%W +0.3%  65%W +0.4%  55%W +0.2%  55%W +0.4%  60%W +1.0%       -5.5% → +7.0%
  CRWD    20  40%W -0.2%  40%W -0.2%  50%W +0.0%  50%W -0.1%  60%W +0.5%  55%W +0.9%       -4.2% → +3.2%
  QCOM    20  50%W +0.0%  45%W -0.1%  55%W +0.0%  50%W +0.1%  55%W +0.4%  55%W +0.2%       -2.0% → +3.6%
  SNOW    20  32%W -0.3%  37%W -0.4%  42%W -0.2%  42%W -0.6%  58%W +0.3%  53%W +0.1%       -5.3% → +3.6%
  SPOT    20  58%W +0.3%  53%W +0.1%  58%W +0.3%  47%W -0.4%  47%W -0.2%  53%W +0.1%       -2.6% → +3.8%
  LLY     20  47%W -0.0%  42%W -0.1%  68%W +0.2%  47%W -0.0%  53%W +0.0%  53%W +0.1%       -1.3% → +1.2%
  AMD     20  35%W -0.1%  45%W -0.1%  50%W +0.1%  55%W +0.1%  45%W -0.1%  50%W +0.1%       -3.3% → +2.9%
  SNPS    20  60%W +0.0%  50%W +0.0%  75%W +0.1%  55%W +0.2%  45%W -0.1%  50%W +0.0%       -2.2% → +3.7%
  MU      20  40%W -0.1%  50%W -0.0%  35%W -0.2%  55%W +0.0%  45%W -0.3%  45%W -0.1%       -2.6% → +2.9%
  MRVL    20  65%W +0.2%  60%W +0.1%  50%W +0.0%  45%W -0.1%  40%W -0.4%  45%W -0.0%       -3.1% → +3.5%
  DDOG    20  55%W +0.1%  55%W +0.4%  65%W +1.2%  60%W +0.4%  45%W -0.3%  45%W -0.2%       -4.8% → +5.9%
  PLTR    20  63%W +0.3%  53%W +0.2%  47%W -0.1%  47%W -0.4%  47%W -0.4%  42%W -0.3%       -5.0% → +8.6%
  APP      7  50%W -0.3%  17%W -1.4%  17%W -1.5%  17%W -2.5%  17%W -2.3%  33%W -2.4%       -5.3% → +6.3%
Pre-session top-2 (9:25, 20d EOD win rate) — 2021-04-27  OR: 09:30/3b
  #1 AVGO   +15m 50%W -0.0%  +30m 55%W +0.1%  +1h 65%W +0.2%  +2h 45%W -0.2%  +5h 55%W +0.2%  EOD 70%W +0.4%  EOD range -2.5% → +2.0%
  #2 TSLA   +15m 50%W -0.1%  +30m 75%W +0.3%  +1h 70%W +0.4%  +2h 55%W +0.2%  +5h 55%W +0.4%  EOD 65%W +1.0%  EOD range -5.5% → +7.0%
  Ticker   N          +15m          +30m           +1h           +2h           +5h           EOD           EOD range
  ----------------------------------------------------------------------------------------------------------------------
  AVGO    20  50%W -0.0%  55%W +0.1%  65%W +0.2%  45%W -0.2%  55%W +0.2%  70%W +0.4%       -2.5% → +2.0%
  TSLA    20  50%W -0.1%  75%W +0.3%  70%W +0.4%  55%W +0.2%  55%W +0.4%  65%W +1.0%       -5.5% → +7.0%
  CRWD    20  45%W -0.1%  45%W -0.1%  55%W +0.7%  55%W +0.5%  65%W +0.9%  60%W +1.2%       -4.2% → +3.3%
  META    20  65%W +0.1%  55%W +0.3%  50%W -0.0%  45%W -0.1%  60%W +0.1%  55%W +0.2%       -1.9% → +1.7%
  CHTR    20  60%W +0.1%  60%W +0.2%  60%W +0.1%  80%W +0.3%  65%W +0.2%  55%W +0.1%       -1.2% → +1.9%
  QCOM    20  50%W +0.0%  45%W -0.1%  50%W -0.0%  50%W +0.1%  55%W +0.4%  55%W +0.2%       -2.0% → +2.3%
  SNOW    20  32%W -0.3%  42%W -0.2%  42%W -0.2%  42%W -0.6%  58%W +0.3%  53%W +0.1%       -5.3% → +2.5%
  SPOT    20  58%W +0.3%  58%W +0.2%  58%W +0.3%  53%W +0.2%  53%W +0.0%  53%W +0.1%       -2.6% → +4.9%
  LLY     20  47%W -0.0%  42%W -0.1%  68%W +0.2%  42%W -0.0%  53%W +0.0%  53%W +0.1%       -1.3% → +0.8%
  AMD     20  40%W -0.0%  50%W -0.0%  50%W +0.1%  55%W +0.2%  50%W +0.1%  50%W +0.1%       -3.3% → +2.9%
  SNPS    20  55%W +0.0%  45%W +0.0%  75%W +0.1%  55%W +0.2%  45%W -0.1%  50%W +0.0%       -2.2% → +2.3%
  DDOG    20  55%W +0.1%  55%W +0.4%  65%W +1.4%  65%W +0.8%  50%W +0.1%  50%W +0.3%       -4.8% → +5.9%
  PLTR    20  63%W +0.3%  53%W +0.2%  47%W -0.1%  53%W +0.6%  53%W +0.1%  47%W -0.2%       -5.0% → +8.6%
  MU      20  40%W -0.1%  50%W -0.0%  35%W -0.2%  55%W +0.0%  45%W -0.3%  45%W -0.1%       -2.6% → +1.6%
  MRVL    20  65%W +0.2%  60%W +0.1%  50%W +0.0%  45%W -0.1%  45%W -0.2%  45%W -0.0%       -3.1% → +2.2%
  APP      8  43%W -0.5%  14%W -1.1%  14%W -0.7%  29%W -2.1%  29%W -2.0%  43%W -2.3%       -5.3% → +6.3%
Pre-session top-2 (9:25, 20d EOD win rate) — 2021-04-28  OR: 09:30/3b
  #1 AVGO   +15m 50%W -0.0%  +30m 55%W +0.1%  +1h 65%W +0.2%  +2h 45%W -0.2%  +5h 55%W +0.2%  EOD 70%W +0.4%  EOD range -2.5% → +2.0%
  #2 CRWD   +15m 50%W +0.1%  +30m 50%W +0.0%  +1h 60%W +1.2%  +2h 60%W +0.6%  +5h 65%W +0.9%  EOD 65%W +1.2%  EOD range -4.2% → +3.3%
  Ticker   N          +15m          +30m           +1h           +2h           +5h           EOD           EOD range
  ----------------------------------------------------------------------------------------------------------------------
  AVGO    20  50%W -0.0%  55%W +0.1%  65%W +0.2%  45%W -0.2%  55%W +0.2%  70%W +0.4%       -2.5% → +2.0%
  CRWD    20  50%W +0.1%  50%W +0.0%  60%W +1.2%  60%W +0.6%  65%W +0.9%  65%W +1.2%       -4.2% → +3.3%
  TSLA    20  55%W +0.0%  70%W +0.1%  65%W +0.4%  60%W +0.3%  50%W -0.0%  60%W +0.7%       -5.5% → +7.0%
  SNOW    20  32%W -0.2%  42%W -0.2%  47%W +0.0%  47%W -0.2%  63%W +0.3%  58%W +0.3%       -5.3% → +2.5%
  SPOT    20  58%W +0.3%  58%W +0.2%  63%W +0.4%  58%W +0.4%  58%W +0.8%  58%W +0.4%       -2.2% → +4.9%
  META    20  65%W +0.1%  60%W +0.4%  55%W +0.0%  50%W +0.0%  60%W +0.1%  55%W +0.2%       -1.9% → +1.7%
  QCOM    20  50%W +0.0%  45%W -0.1%  50%W -0.0%  50%W +0.1%  55%W +0.4%  55%W +0.2%       -2.0% → +2.3%
  DDOG    20  60%W +0.3%  55%W +0.4%  70%W +1.4%  70%W +1.1%  55%W +0.7%  55%W +0.6%       -4.8% → +5.9%
  PLTR    20  68%W +0.4%  58%W +0.3%  53%W +0.4%  58%W +0.7%  58%W +0.7%  53%W +0.6%       -5.0% → +8.6%
  LLY     20  47%W -0.0%  47%W -0.0%  68%W +0.3%  42%W -0.0%  53%W +0.0%  53%W +0.1%       -1.3% → +0.8%
  MU      20  35%W -0.2%  45%W -0.2%  40%W -0.1%  60%W +0.0%  50%W +0.0%  50%W +0.0%       -2.6% → +1.6%
  CHTR    20  60%W +0.1%  60%W +0.2%  60%W +0.1%  75%W +0.3%  60%W +0.1%  50%W +0.0%       -1.2% → +1.9%
  AMD     20  40%W -0.0%  50%W -0.0%  50%W +0.1%  55%W +0.2%  55%W +0.3%  50%W +0.1%       -3.3% → +2.9%
  SNPS    20  55%W +0.0%  45%W +0.0%  75%W +0.1%  55%W +0.2%  45%W -0.1%  50%W +0.0%       -2.2% → +2.3%
  MRVL    20  60%W +0.1%  55%W +0.0%  50%W +0.0%  45%W -0.1%  45%W -0.2%  45%W -0.0%       -3.1% → +2.2%
  APP      9  50%W -0.2%  25%W -0.7%  25%W -0.6%  38%W -1.6%  38%W -1.5%  38%W -1.4%       -5.3% → +6.3%
Pre-session top-2 (9:25, 20d EOD win rate) — 2021-04-29  OR: 09:30/3b
  #1 AVGO   +15m 55%W +0.0%  +30m 60%W +0.1%  +1h 65%W +0.2%  +2h 45%W -0.2%  +5h 55%W +0.2%  EOD 70%W +0.4%  EOD range -2.5% → +2.0%
  #2 CRWD   +15m 50%W +0.1%  +30m 55%W +0.2%  +1h 60%W +1.0%  +2h 60%W +0.5%  +5h 65%W +0.9%  EOD 65%W +0.9%  EOD range -4.2% → +3.3%
  Ticker   N          +15m          +30m           +1h           +2h           +5h           EOD           EOD range
  ----------------------------------------------------------------------------------------------------------------------
  AVGO    20  55%W +0.0%  60%W +0.1%  65%W +0.2%  45%W -0.2%  55%W +0.2%  70%W +0.4%       -2.5% → +2.0%
  CRWD    20  50%W +0.1%  55%W +0.2%  60%W +1.0%  60%W +0.5%  65%W +0.9%  65%W +0.9%       -4.2% → +3.3%
  SNOW    20  37%W -0.2%  42%W -0.2%  47%W +0.0%  47%W -0.2%  63%W +0.3%  58%W +0.1%       -5.3% → +2.5%
  META    20  65%W +0.1%  65%W +0.4%  55%W +0.0%  50%W +0.0%  65%W +0.2%  55%W +0.2%       -1.9% → +1.7%
  TSLA    20  55%W +0.0%  70%W +0.1%  65%W +0.3%  55%W +0.2%  50%W -0.0%  55%W +0.3%       -5.5% → +5.3%
  QCOM    20  55%W +0.0%  50%W +0.0%  50%W +0.0%  45%W -0.0%  60%W +0.4%  55%W +0.2%       -2.0% → +2.3%
  SPOT    20  58%W +0.3%  58%W +0.2%  63%W +0.4%  58%W +0.4%  53%W +0.0%  53%W +0.1%       -2.2% → +4.9%
  LLY     20  42%W -0.0%  42%W -0.1%  63%W +0.2%  37%W -0.0%  47%W -0.0%  53%W +0.0%       -1.3% → +0.8%
  CHTR    20  60%W +0.1%  60%W +0.2%  60%W +0.1%  75%W +0.3%  60%W +0.1%  50%W +0.0%       -1.2% → +1.9%
  SNPS    20  60%W +0.0%  50%W +0.0%  75%W +0.1%  55%W +0.2%  45%W -0.1%  50%W +0.0%       -2.2% → +2.3%
  DDOG    20  60%W +0.3%  55%W +0.4%  70%W +1.3%  70%W +0.8%  55%W +0.6%  50%W +0.3%       -4.8% → +5.9%
  PLTR    20  68%W +0.3%  58%W +0.3%  53%W +0.2%  58%W +0.6%  58%W +0.1%  47%W -0.0%       -5.0% → +8.6%
  MU      20  30%W -0.2%  45%W -0.2%  35%W -0.2%  55%W +0.0%  45%W -0.3%  45%W -0.1%       -2.6% → +1.6%
  MRVL    20  65%W +0.2%  55%W +0.1%  50%W +0.0%  45%W -0.1%  45%W -0.2%  45%W -0.0%       -3.1% → +2.1%
  AMD     20  40%W -0.1%  50%W -0.0%  45%W -0.1%  55%W +0.2%  50%W +0.1%  45%W -0.0%       -3.3% → +2.9%
  APP     10  56%W +0.1%  33%W -0.2%  33%W -0.5%  44%W -1.1%  44%W -1.0%  44%W -0.5%       -5.3% → +6.3%
Pre-session top-2 (9:25, 20d EOD win rate) — 2021-04-30  OR: 09:30/3b
  #1 AVGO   +15m 50%W -0.0%  +30m 55%W +0.1%  +1h 60%W +0.2%  +2h 45%W -0.2%  +5h 55%W +0.2%  EOD 70%W +0.5%  EOD range -2.5% → +2.0%
  #2 CRWD   +15m 50%W +0.1%  +30m 55%W +0.2%  +1h 60%W +1.0%  +2h 60%W +0.5%  +5h 60%W +0.9%  EOD 65%W +0.9%  EOD range -4.2% → +3.3%
  Ticker   N          +15m          +30m           +1h           +2h           +5h           EOD           EOD range
  ----------------------------------------------------------------------------------------------------------------------
  AVGO    20  50%W -0.0%  55%W +0.1%  60%W +0.2%  45%W -0.2%  55%W +0.2%  70%W +0.5%       -2.5% → +2.0%
  CRWD    20  50%W +0.1%  55%W +0.2%  60%W +1.0%  60%W +0.5%  60%W +0.9%  65%W +0.9%       -4.2% → +3.3%
  META    20  60%W +0.1%  60%W +0.4%  50%W -0.0%  45%W -0.1%  65%W +0.2%  55%W +0.2%       -1.9% → +1.7%
  CHTR    20  60%W +0.1%  60%W +0.2%  60%W +0.1%  75%W +0.3%  65%W +0.1%  55%W +0.1%       -0.8% → +1.9%
  SNOW    20  32%W -0.3%  37%W -0.4%  42%W -0.2%  42%W -0.6%  58%W +0.3%  53%W +0.1%       -5.3% → +2.5%
  LLY     20  47%W -0.0%  47%W -0.0%  63%W +0.2%  32%W -0.1%  47%W -0.0%  53%W +0.0%       -1.3% → +0.8%
  TSLA    20  50%W -0.1%  65%W +0.0%  60%W +0.1%  50%W +0.1%  45%W -0.2%  50%W -0.1%       -5.5% → +5.3%
  QCOM    20  50%W +0.0%  45%W -0.1%  45%W -0.0%  45%W -0.0%  55%W +0.2%  50%W -0.0%       -2.0% → +2.3%
  SPOT    20  58%W +0.3%  53%W +0.1%  58%W +0.3%  53%W +0.2%  47%W -0.0%  47%W -0.1%       -2.2% → +4.9%
  MU      20  25%W -0.3%  40%W -0.3%  30%W -0.3%  55%W +0.0%  45%W -0.3%  45%W -0.1%       -2.6% → +1.6%
  MRVL    20  60%W +0.1%  50%W +0.0%  50%W +0.0%  45%W -0.3%  45%W -0.2%  45%W -0.0%       -3.1% → +2.1%
  SNPS    20  55%W +0.0%  45%W +0.0%  70%W +0.1%  50%W -0.0%  40%W -0.1%  45%W -0.1%       -2.2% → +2.3%
  DDOG    20  55%W +0.1%  50%W +0.0%  65%W +0.9%  65%W +0.4%  50%W +0.1%  45%W -0.2%       -4.8% → +5.9%
  PLTR    20  68%W +0.3%  53%W +0.2%  47%W -0.1%  53%W +0.0%  53%W +0.1%  42%W -0.2%       -5.0% → +8.6%
  APP     11  60%W +0.1%  40%W -0.2%  30%W -0.5%  40%W -0.7%  40%W -0.8%  40%W -0.5%       -5.3% → +6.3%
  AMD     20  40%W -0.1%  45%W -0.1%  40%W -0.1%  50%W +0.0%  45%W -0.1%  40%W -0.1%       -3.3% → +2.9%

=========================================================================================================================================================================================
Pre-Session Top-2 Performance — 2021-04-01 to 2021-04-30  |  Unconditional OR-close entry  |  OR: 09:30/3b
=========================================================================================================================================================================================
Date         Ticker Rank  At       Entry       +15m       +30m       +45m        +1h     +1h30m        +2h        +3h        +4h        +5h        +6h        +7h        EOD
-----------------------------------------------------------------------------------------------------------------------------------------------------------------------------------------
2021-04-01   META   #1    09:45   300.91    -0.52%L    -0.22%L    -0.64%L    -0.70%L    -0.58%L    -0.64%L    -0.72%L    -1.06%L    -0.97%L    -0.72%L    -0.75%L    -0.75%L
2021-04-01   MRVL   #2    09:45    49.59    -0.85%L    -0.28%L    -0.77%L    -1.01%L    -1.29%L    -1.41%L    -1.41%L    -0.93%L    -0.07%L    -0.30%L    +0.12%W    +0.12%W
2021-04-05   MRVL   #1    09:45    50.17    +0.92%W    +0.99%W    +1.44%W    +0.74%W    +0.80%W    +0.71%W    +0.86%W    +1.51%W    +1.75%W    +1.81%W    +1.79%W    +1.79%W
2021-04-05   AVGO   #2    09:45   478.95    +0.77%W    +1.18%W    +1.27%W    +1.31%W    +1.46%W    +1.52%W    +1.82%W    +2.05%W    +2.11%W    +1.88%W    +2.02%W    +2.02%W
2021-04-06   MRVL   #1    09:45    50.66    +0.34%W    -0.27%L    +0.20%W    +0.66%W    +0.74%W    +0.82%W    +0.78%W    -0.13%L    +0.69%W    +0.51%W    +0.35%W    +0.35%W
2021-04-06   AVGO   #2    09:45   483.76    +0.41%W    +0.04%W    +0.20%W    +0.56%W    +0.74%W    +0.76%W    +0.37%W    -0.34%L    -0.19%L    -0.25%L    +0.06%W    +0.06%W
2021-04-07   MRVL   #1    09:45    50.37    +0.42%W    +0.77%W    +0.46%W    +0.04%W    +0.40%W    -0.18%L    -0.02%L    +0.39%W    +0.96%W    +0.31%W    -0.02%L    -0.02%L
2021-04-07   AVGO   #2    09:45   479.73    +0.10%W    +0.39%W    +0.56%W    +0.50%W    +0.70%W    -0.15%L    +0.04%W    +0.19%W    +0.69%W    +0.61%W    +0.57%W    +0.57%W
2021-04-08   AVGO   #1    09:45   483.09    -0.12%L    -0.09%L    +0.00%W    +0.19%W    -0.20%L    -0.16%L    -0.34%L    -0.51%L    -0.12%L    +0.26%W    +0.49%W    +0.49%W
2021-04-08   MRVL   #2    09:45    50.67    -0.32%L    -0.66%L    -0.73%L    -0.79%L    -0.97%L    -0.99%L    -1.03%L    -0.75%L    -0.79%L    -0.85%L    -0.57%L    -0.57%L
2021-04-09   AVGO   #1    09:45   478.89    +0.43%W    +0.65%W    +0.15%W    +0.18%W    -0.31%L    +0.04%W    +0.02%W    +0.51%W    +0.49%W    +0.88%W    +1.25%W    +1.25%W
2021-04-09   META   #2    09:45   312.55    +0.39%W    +0.46%W    +0.32%W    +0.04%W    -0.24%L    -0.09%L    -0.18%L    -0.11%L    -0.53%L    -0.32%L    -0.07%L    -0.07%L
2021-04-12   AVGO   #1    09:45   479.77    +0.30%W    +0.60%W    -0.06%L    +0.38%W    +0.35%W    +0.48%W    +1.06%W    +0.86%W    +0.70%W    +1.14%W    +0.81%W    +0.81%W
2021-04-12   QCOM   #2    09:45   139.56    -0.41%L    -0.26%L    -0.80%L    -0.81%L    -0.59%L    -0.90%L    -0.56%L    -1.18%L    -2.26%L    -1.58%L    -1.50%L    -1.50%L
2021-04-13   AVGO   #1    09:45   485.18    -0.25%L    -0.85%L    -0.49%L    -0.76%L    -0.70%L    -0.47%L    -0.86%L    -0.79%L    -0.62%L    -0.18%L    +0.01%W    +0.01%W
2021-04-13   META   #2    09:45   311.92    +0.21%W    +0.42%W    +0.27%W    +0.01%W    +0.09%W    +0.07%W    +0.38%W    +0.18%W    +0.03%W    -0.66%L    -0.70%L    -0.70%L
2021-04-14   AVGO   #1    09:45   485.85    +0.05%W    +0.58%W    +0.22%W    +0.21%W    -0.55%L    -0.37%L    -0.85%L    -0.93%L    -1.62%L    -1.90%L    -1.72%L    -1.72%L
2021-04-14   CHTR   #2    09:45   621.00    -0.29%L    -0.08%L    -0.10%L    +0.14%W    -0.46%L    -0.17%L    -0.46%L    -0.71%L    -0.50%L    -0.70%L    -0.63%L    -0.63%L
2021-04-15   AVGO   #1    09:45   479.60    -0.40%L    -0.18%L    -0.02%L    +0.15%W    +0.21%W    +0.08%W    +0.24%W    +0.10%W    +0.10%W    +0.33%W    +0.08%W    +0.08%W
2021-04-15   SPOT   #2    09:45   293.94    -0.44%L    -0.34%L    +0.18%W    +0.66%W    +0.51%W    +0.45%W    +0.91%W    +1.98%W    +1.84%W    +2.09%W    +1.98%W    +1.98%W
2021-04-16   AVGO   #1    09:45   480.04    -0.09%L    +0.11%W    -0.22%L    +0.01%W    -0.08%L    -0.21%L    -0.05%L    -0.23%L    -0.31%L    -0.57%L    -0.26%L    -0.26%L
2021-04-16   SPOT   #2    09:45   295.36    -0.83%L    +0.21%W    -0.59%L    -0.01%L    -0.44%L    -0.83%L    -0.61%L    -1.49%L    -1.02%L    -0.83%L    -1.13%L    -1.13%L
2021-04-19   AVGO   #1    09:45   473.97    -0.15%L    -0.88%L    -0.76%L    -1.29%L    -1.17%L    -1.73%L    -2.55%L    -2.63%L    -2.62%L    -2.57%L    -2.53%L    -2.53%L
2021-04-19   CRWD   #2    09:45   221.31    -0.02%L    -0.64%L    -1.97%L    -3.22%L    -2.73%L    -3.48%L    -4.27%L    -3.50%L    -3.55%L    -4.31%L    -3.59%L    -3.59%L
2021-04-20   AVGO   #1    09:45   461.10    -0.24%L    -0.14%L    -0.46%L    -1.11%L    -0.85%L    -0.47%L    -0.85%L    -1.04%L    -1.25%L    -1.01%L    -0.83%L    -0.83%L
2021-04-20   LLY    #2    09:45   192.53    -0.33%L    -0.29%L    -0.25%L    -0.63%L    -0.24%L    -0.62%L    -0.27%L    -0.39%L    -0.67%L    -0.85%L    -0.99%L    -0.99%L
2021-04-21   CHTR   #1    09:45   652.76    -0.28%L    -0.40%L    -0.13%L    -0.29%L    +0.21%W    +0.35%W    +0.38%W    +0.42%W    +0.24%W    +0.16%W    -0.01%L    -0.01%L
2021-04-21   AVGO   #2    09:45   455.87    -0.26%L    -0.36%L    -0.23%L    -0.45%L    -0.19%L    -0.15%L    +0.16%W    +0.25%W    +0.30%W    +0.52%W    +0.92%W    +0.92%W
2021-04-22   AVGO   #1    09:45   452.55    +0.03%W    +0.14%W    +0.80%W    +0.54%W    +0.83%W    +0.98%W    +1.68%W    +0.34%W    +0.62%W    +0.48%W    +0.58%W    +0.58%W
2021-04-22   CHTR   #2    09:45   658.46    -0.10%L    +0.09%W    -0.22%L    +0.03%W    -0.07%L    +0.03%W    -0.18%L    -0.18%L    -0.17%L    -0.21%L    -0.07%L    -0.07%L
2021-04-23   AVGO   #1    09:45   462.00    +0.39%W    +0.60%W    +0.80%W    +0.63%W    +0.87%W    +1.04%W    +1.10%W    +1.10%W    +1.16%W    +0.90%W    +0.90%W    +0.90%W
2021-04-23   CRWD   #2    09:45   222.17    -0.39%L    -0.86%L    -0.95%L    -1.52%L    -1.41%L    -0.84%L    -0.74%L    -0.83%L    -1.42%L    -1.33%L    -1.35%L    -1.35%L
2021-04-26   AVGO   #1    09:45   469.00    +0.43%W    +0.35%W    +0.52%W    +0.61%W    +0.96%W    +0.88%W    +0.83%W    +0.72%W    +0.83%W    +0.48%W    +0.64%W    +0.64%W
2021-04-26   META   #2    09:45   304.23    +0.25%W    +0.42%W    -0.10%L    -0.08%L    -0.22%L    -0.44%L    -0.63%L    -0.54%L    -0.47%L    -0.54%L    -0.34%L    -0.34%L
2021-04-27   AVGO   #1    09:45   472.19    -0.56%L    -0.91%L    -0.47%L    -0.65%L    -0.77%L    -1.10%L    -0.91%L    -1.14%L    -1.33%L    -1.29%L    -1.24%L    -1.24%L
2021-04-27   TSLA   #2    09:45   708.30    +0.56%W    -0.27%L    -0.02%L    -0.17%L    +0.24%W    +1.17%W    +0.68%W    +0.03%W    -0.19%L    -0.15%L    -0.50%L    -0.50%L
2021-04-28   AVGO   #1    09:45   460.92    +0.36%W    +0.27%W    +0.15%W    -0.09%L    -0.41%L    -0.71%L    -0.71%L    -0.49%L    -0.17%L    -0.35%L    -0.37%L    -0.37%L
2021-04-28   CRWD   #2    09:45   219.82    +0.77%W    +1.24%W    +0.45%W    +1.04%W    +0.52%W    +0.61%W    +0.85%W    +0.57%W    +1.02%W    +0.46%W    +0.11%W    +0.11%W
2021-04-29   AVGO   #1    09:45   463.03    -0.12%L    -0.06%L    +0.14%W    -0.51%L    -0.28%L    +0.02%W    -0.44%L    +0.18%W    +0.53%W    +0.75%W    +0.70%W    +0.70%W
2021-04-29   CRWD   #2    09:45   217.04    -1.92%L    -2.55%L    -3.33%L    -3.50%L    -2.53%L    -2.24%L    -2.94%L    -2.96%L    -3.57%L    -2.81%L    -2.56%L    -2.56%L
2021-04-30   AVGO   #1    09:45   457.29    +0.31%W    +0.14%W    +0.43%W    +0.22%W    -0.12%L    -0.16%L    +0.03%W    -0.35%L    -0.53%L    -0.37%L    -0.21%L    -0.21%L
2021-04-30   CRWD   #2    09:45   211.77    -0.25%L    +0.57%W    +0.93%W    +0.32%W    -0.28%L    -0.16%L    -0.84%L    -1.26%L    -0.93%L    -1.21%L    -1.60%L    -1.60%L

========================================================================================
Pre-session picks summary — 42 pick(s) across 21 trading day(s)

Top-2 picks (all days)  (42 signal(s))
  Hold      Count   Win Rate   Avg Gain    Avg Win   Avg Loss  Exp Value  Total P&L
  ------------------------------------------------------------------------------------
  +15m         42      45.2%      -0.04%      +0.39%      -0.40%      -0.04%      -1.69%
  +30m         42      50.0%      -0.01%      +0.49%      -0.50%      -0.01%      -0.36%
  +45m         42      47.6%      -0.09%      +0.47%      -0.60%      -0.09%      -3.82%
  +1h          42      54.8%      -0.20%      +0.40%      -0.93%      -0.20%      -8.43%
  +1h30m       42      38.1%      -0.19%      +0.60%      -0.68%      -0.19%      -8.04%
  +2h          42      40.5%      -0.21%      +0.59%      -0.75%      -0.21%      -8.69%
  +3h          42      42.9%      -0.24%      +0.68%      -0.93%      -0.24%     -10.25%
  +4h          42      40.5%      -0.31%      +0.67%      -0.98%      -0.31%     -13.11%
  +5h          42      40.5%      -0.28%      +0.83%      -1.03%      -0.28%     -11.79%
  +6h          42      40.5%      -0.29%      +0.80%      -1.03%      -0.29%     -12.29%
  +7h          42      42.9%      -0.24%      +0.74%      -0.98%      -0.24%     -10.15%
  EOD          42      42.9%      -0.24%      +0.74%      -0.98%      -0.24%     -10.15%
2026-06-01 23:17:00,675 WARNING APP 2021-04-15: insufficient history for vol_20day_avg, skipping
2026-06-01 23:17:00,981 WARNING APP 2021-04-16: insufficient history for vol_20day_avg, skipping

=========================================================================================================================================================================================
Signal Analysis — 2021-04-01 to 2021-04-30  |  BULL only  |  Vol ≥ 1.0x 20dAvg
Windows: 09:30/3b  |  Collection: 3 bars  |  Tickers: 19
=========================================================================================================================================================================================
Date         Ticker Window   At       Entry  Vol/20d       +15m       +30m       +45m        +1h     +1h30m        +2h        +3h        +4h        +5h        +6h        +7h        EOD
-----------------------------------------------------------------------------------------------------------------------------------------------------------------------------------------
2021-04-06   MU     09:30/3b 09:40    94.83    1.81x    +1.11%W    +0.61%W    +0.07%W    -0.12%L    -0.26%L    -0.15%L    -0.63%L    -1.63%L    -1.33%L    -1.62%L    -1.41%L    -1.41%L
2021-04-06   CHTR   09:30/3b 09:40   603.07    1.06x    +1.05%W    +1.12%W    +1.42%W    +1.36%W    +1.92%W    +1.94%W    +1.58%W    +1.56%W    +1.90%W    +1.72%W    +1.72%W    +1.72%W
2021-04-06   DDOG   09:30/3b 09:40    84.86    1.45x    +1.63%W    +2.20%W    +2.79%W    +3.33%W    +3.96%W    +4.82%W    +4.45%W    +5.46%W    +5.83%W    +5.20%W    +4.70%W    +4.70%W
2021-04-08   QCOM   09:30/3b 09:40   139.97    1.04x    -0.04%L    -0.51%L    -0.39%L    -0.24%L    -0.65%L    -0.23%L    -0.32%L    -0.20%L    +0.14%W    +0.02%W    +0.23%W    +0.23%W
2021-04-09   PLTR   09:30/3b 09:40    23.95    1.11x    -1.17%L    -0.67%L    -0.50%L    -1.12%L    -0.20%L    +0.96%W    +0.77%W    -0.52%L    -0.13%L    +0.21%W    +0.38%W    +0.38%W
2021-04-12   MU     09:30/3b 09:40    96.77    1.15x    -1.73%L    -0.72%L    -0.84%L    -1.53%L    -0.86%L    -1.09%L    -0.97%L    -1.66%L    -1.64%L    -1.40%L    -1.22%L    -1.22%L
2021-04-12   CHTR   09:30/3b 09:45   611.62    1.15x    +0.51%W    +0.59%W    +0.56%W    +0.65%W    +0.74%W    +1.00%W    +0.96%W    +1.47%W    +1.32%W    +1.18%W    +1.29%W    +1.29%W
2021-04-12   QCOM   09:30/3b 09:40   139.80    1.42x    -0.75%L    -0.54%L    -0.74%L    -1.25%L    -0.86%L    -0.76%L    -0.68%L    -1.38%L    -2.35%L    -1.79%L    -1.67%L    -1.67%L
2021-04-13   AMD    09:30/3b 09:40    80.45    1.17x    -0.24%L    -1.22%L    -1.18%L    -1.39%L    -1.35%L    -0.93%L    -0.98%L    -0.47%L    -0.60%L    -0.36%L    -0.34%L    -0.34%L
2021-04-13   DDOG   09:30/3b 09:40    92.76    1.58x    +0.44%W    +0.50%W    +1.12%W    +1.57%W    +0.91%W    +1.27%W    +1.23%W    +2.90%W    +2.65%W    +1.67%W    +1.63%W    +1.63%W
2021-04-14   SNOW   09:30/3b 09:40   242.45    1.45x    -0.12%L    -2.17%L    -3.23%L    -2.83%L    -3.20%L    -2.90%L    -2.72%L    -3.98%L    -4.73%L    -5.40%L    -5.44%L    -5.44%L
2021-04-15   LLY    09:30/3b 09:40   184.67    1.28x    +0.14%W    +0.75%W    +0.84%W    +1.01%W    +1.15%W    +0.96%W    +0.69%W    +0.90%W    +0.71%W    +0.61%W    +0.73%W    +0.73%W
2021-04-16   MRVL   09:30/3b 09:45    48.77    1.30x    -0.82%L    -0.67%L    -0.70%L    -0.60%L    -0.82%L    -0.62%L    -1.16%L    -2.33%L    -1.80%L    -1.89%L    -1.80%L    -1.80%L
2021-04-19   CRWD   09:30/3b 09:40   223.20    1.69x    +0.00%W    -1.62%L    -1.69%L    -3.67%L    -3.50%L    -3.90%L    -5.01%L    -4.20%L    -4.54%L    -5.04%L    -4.40%L    -4.40%L
2021-04-20   MU     09:30/3b 09:40    88.04    1.04x    +0.43%W    +0.32%W    -0.10%L    -1.00%L    -0.86%L    -0.93%L    -1.17%L    -1.29%L    -1.33%L    -0.36%L    -0.65%L    -0.65%L
2021-04-20   TSLA   09:30/3b 09:40   730.57    1.17x    +0.02%W    +0.18%W    +0.35%W    -0.52%L    -1.63%L    -1.91%L    -2.10%L    -1.88%L    -1.59%L    -1.36%L    -1.61%L    -1.61%L
2021-04-20   LLY    09:30/3b 09:45   192.53    1.33x    -0.33%L    -0.29%L    -0.25%L    -0.63%L    -0.24%L    -0.62%L    -0.27%L    -0.39%L    -0.67%L    -0.85%L    -0.99%L    -0.99%L
2021-04-21   SNPS   09:30/3b 09:45   253.35    1.26x    -0.07%L    -0.30%L    -0.22%L    -0.57%L    -0.34%L    -0.33%L    -0.41%L    -0.87%L    -1.18%L    -0.72%L    -0.30%L    -0.30%L
2021-04-21   AVGO   09:30/3b 09:45   455.87    1.31x    -0.26%L    -0.36%L    -0.23%L    -0.45%L    -0.19%L    -0.15%L    +0.16%W    +0.25%W    +0.30%W    +0.52%W    +0.92%W    +0.92%W
2021-04-22   META   09:30/3b 09:40   300.97    1.01x    +0.46%W    +0.45%W    +0.34%W    +0.16%W    +0.02%W    +0.08%W    +0.30%W    -0.83%L    -0.98%L    -1.34%L    -1.49%L    -1.49%L
2021-04-23   AMD    09:30/3b 09:40    82.22    2.30x    +0.17%W    +0.37%W    +0.06%W    -0.01%L    +0.20%W    +0.67%W    +0.68%W    +1.20%W    +0.68%W    +0.77%W    +0.65%W    +0.65%W
2021-04-23   SPOT   09:30/3b 09:40   278.49    3.90x    +1.22%W    +2.47%W    +2.29%W    +1.25%W    +1.41%W    +0.95%W    +1.49%W    +1.70%W    +2.18%W    +1.96%W    +2.07%W    +2.07%W
2021-04-26   MRVL   09:30/3b 09:45    46.77    1.15x    +0.53%W    +0.06%W    +0.05%W    +0.12%W    +0.81%W    +0.45%W    +0.88%W    +1.12%W    +0.75%W    +0.72%W    +1.18%W    +1.18%W
2021-04-26   AMD    09:30/3b 09:40    83.79    1.42x    +1.00%W    +1.92%W    +1.70%W    +1.99%W    +1.85%W    +1.65%W    +1.73%W    +1.81%W    +2.12%W    +1.68%W    +1.99%W    +1.99%W
2021-04-26   SPOT   09:30/3b 09:40   283.66    1.12x    -0.42%L    +0.55%W    +0.20%W    +0.17%W    +0.79%W    +0.60%W    +3.19%W    +3.76%W    +4.23%W    +4.47%W    +5.06%W    +5.06%W
2021-04-26   QCOM   09:30/3b 09:40   137.34    1.67x    +0.43%W    +0.64%W    +0.32%W    +0.19%W    +0.88%W    +0.81%W    +1.66%W    +1.27%W    +1.39%W    +1.06%W    +1.20%W    +1.20%W
2021-04-28   MRVL   09:30/3b 09:45    45.93    1.20x    +0.72%W    +1.06%W    +1.37%W    +1.62%W    +1.34%W    +1.28%W    +1.18%W    +0.91%W    +1.67%W    +2.12%W    +1.89%W    +1.89%W
2021-04-28   QCOM   09:30/3b 09:45   137.48    1.90x    +0.26%W    +0.07%W    +0.13%W    -0.01%L    -0.33%L    -0.48%L    -0.67%L    -0.48%L    +0.08%W    +0.17%W    -0.62%L    -0.62%L
2021-04-29   CHTR   09:30/3b 09:50   669.73    1.59x    +0.61%W    +0.46%W    +0.49%W    +0.35%W    +0.34%W    +0.37%W    -0.22%L    -0.27%L    +0.21%W    -0.21%L    +0.03%W    +0.03%W
2021-04-29   AMD    09:30/3b 09:40    85.09    1.17x    -0.79%L    -0.16%L    -0.68%L    -1.38%L    -1.71%L    -1.97%L    -2.19%L    -1.73%L    -1.39%L    -1.43%L    -1.36%L    -1.36%L
2021-04-30   META   09:30/3b 09:40   328.43    1.41x    +0.15%W    -0.49%L    -0.23%L    -0.55%L    -0.44%L    -0.80%L    -1.02%L    -0.76%L    -0.57%L    -0.74%L    -1.02%L    -1.02%L
2021-04-30   CHTR   09:30/3b 09:40   660.20    1.96x    +1.03%W    +1.62%W    +2.24%W    +1.50%W    +2.23%W    +2.82%W    +3.25%W    +2.71%W    +2.66%W    +2.23%W    +2.09%W    +2.09%W

========================================================================================
Summary — 32 qualifying signal(s) across 21 trading day(s)

Window 09:30/3b  (32 signal(s))
  Hold      Count   Win Rate   Avg Gain    Avg Win   Avg Loss  Exp Value  Total P&L
  ------------------------------------------------------------------------------------
  +15m         32      62.5%      +0.16%      +0.60%      -0.56%      +0.16%      +5.20%
  +30m         32      59.4%      +0.19%      +0.84%      -0.75%      +0.19%      +6.21%
  +45m         32      56.2%      +0.17%      +0.91%      -0.78%      +0.17%      +5.37%
  +1h          32      43.8%      -0.08%      +1.09%      -0.99%      -0.08%      -2.56%
  +1h30m       32      46.9%      +0.03%      +1.24%      -1.03%      +0.03%      +1.08%
  +2h          32      50.0%      +0.09%      +1.29%      -1.11%      +0.09%      +2.88%
  +3h          32      50.0%      +0.11%      +1.51%      -1.28%      +0.11%      +3.65%
  +4h          32      43.8%      +0.07%      +1.93%      -1.38%      +0.07%      +2.17%
  +5h          32      53.1%      +0.13%      +1.70%      -1.65%      +0.13%      +4.01%
  +6h          32      53.1%      +0.06%      +1.55%      -1.63%      +0.06%      +1.79%
  +7h          32      53.1%      +0.11%      +1.63%      -1.62%      +0.11%      +3.42%
  EOD          32      53.1%      +0.11%      +1.63%      -1.62%      +0.11%      +3.42%
