Fetching 5-min bars (2022-03-18 → 2022-05-31) [alpaca]...
  [cache] fetching 2 tickers from alpaca (cache miss)
  [cache] loaded 17 tickers from cache
Fetching daily bars (2021-05-02 → 2022-05-31)...

=========================================================================================================================================================================================
Pre-Session Rankings (9:25) — 2022-05-02 to 2022-05-31  |  20d lookback
(Unconditional hold from OR close — no signal or vol filter)
=========================================================================================================================================================================================
Pre-session top-2 (9:25, 20d EOD win rate) — 2022-05-02  OR: 09:30/3b
  #1 SPOT   +15m 55%W +0.1%  +30m 65%W +0.4%  +1h 55%W +0.3%  +2h 60%W +0.3%  +5h 50%W -0.3%  EOD 50%W -0.1%  EOD range -8.5% → +6.3%
  #2 MU     +15m 60%W +0.4%  +30m 60%W +0.2%  +1h 35%W -0.1%  +2h 50%W -0.1%  +5h 40%W -0.7%  EOD 40%W -1.0%  EOD range -3.8% → +3.9%
  Ticker   N          +15m          +30m           +1h           +2h           +5h           EOD           EOD range
  ----------------------------------------------------------------------------------------------------------------------
  SPOT    20    55%W +0.1%    65%W +0.4%    55%W +0.3%    60%W +0.3%    50%W -0.3%    50%W -0.1%       -8.5% → +6.3%
  MU      20    60%W +0.4%    60%W +0.2%    35%W -0.1%    50%W -0.1%    40%W -0.7%    40%W -1.0%       -3.8% → +3.9%
  LLY     20    50%W +0.0%    45%W -0.1%    45%W -0.0%    55%W +0.1%    50%W +0.0%    40%W -0.1%       -3.2% → +2.6%
  CRWD    20    60%W +0.2%    55%W +0.4%    45%W -0.2%    40%W -0.4%    50%W -0.0%    40%W -0.4%       -6.2% → +5.1%
  TSLA    20    40%W -0.4%    50%W +0.1%    45%W -0.3%    45%W -0.6%    40%W -0.6%    40%W -0.8%      -10.0% → +6.5%
  AVGO    20    50%W +0.0%    55%W +0.0%    40%W -0.2%    35%W -0.2%    50%W -0.2%    40%W -0.8%       -2.9% → +3.4%
  AMD     20    35%W -0.1%    40%W -0.1%    30%W -0.5%    25%W -0.5%    45%W -0.9%    40%W -0.6%       -5.7% → +4.2%
  SNOW    20    40%W -0.2%    40%W -0.3%    45%W -0.6%    40%W -0.8%    25%W -0.5%    35%W -0.7%       -9.6% → +5.4%
  SNPS    20    40%W -0.1%    50%W +0.0%    35%W -0.3%    45%W -0.3%    40%W -0.3%    35%W -0.7%       -5.0% → +3.4%
  PLTR    20    55%W +0.3%    60%W +0.4%    40%W -0.3%    45%W -0.7%    40%W -1.2%    35%W -1.0%       -7.0% → +5.1%
  META    20    50%W +0.0%    55%W +0.2%    40%W -0.5%    30%W -0.6%    40%W -0.2%    30%W -0.8%       -6.8% → +3.4%
  MRVL    20    55%W +0.1%    65%W +0.2%    30%W -0.5%    30%W -0.4%    35%W -1.1%    30%W -1.4%       -6.9% → +6.2%
  QCOM    20    50%W +0.0%    55%W +0.2%    50%W -0.2%    30%W -0.3%    55%W +0.2%    30%W -0.5%       -4.7% → +3.8%
  CHTR    20    45%W -0.0%    45%W -0.3%    25%W -0.5%    30%W -0.8%    35%W -0.5%    30%W -0.9%       -3.6% → +2.5%
  DDOG    20    50%W +0.1%    50%W -0.2%    35%W -0.5%    25%W -0.5%    30%W -0.7%    30%W -0.6%      -10.2% → +4.5%
  APP     20    45%W -0.2%    40%W -0.9%    35%W -0.7%    30%W -0.9%    25%W -1.8%    20%W -1.6%       -7.5% → +4.3%
Pre-session top-2 (9:25, 20d EOD win rate) — 2022-05-03  OR: 09:30/3b
  #1 SPOT   +15m 55%W +0.1%  +30m 60%W +0.4%  +1h 55%W +0.3%  +2h 65%W +0.3%  +5h 55%W +0.4%  EOD 55%W +0.7%  EOD range -8.5% → +6.3%
  #2 MU     +15m 60%W +0.4%  +30m 60%W +0.2%  +1h 35%W -0.1%  +2h 50%W -0.1%  +5h 40%W -0.7%  EOD 45%W -0.6%  EOD range -3.8% → +3.9%
  Ticker   N          +15m          +30m           +1h           +2h           +5h           EOD           EOD range
  ----------------------------------------------------------------------------------------------------------------------
  SPOT    20    55%W +0.1%    60%W +0.4%    55%W +0.3%    65%W +0.3%    55%W +0.4%    55%W +0.7%       -8.5% → +6.3%
  MU      20    60%W +0.4%    60%W +0.2%    35%W -0.1%    50%W -0.1%    40%W -0.7%    45%W -0.6%       -3.8% → +3.9%
  CRWD    20    60%W +0.2%    50%W +0.0%    45%W -0.2%    40%W -0.5%    50%W -0.0%    45%W -0.4%       -6.2% → +5.1%
  AVGO    20    50%W +0.0%    55%W +0.0%    45%W -0.1%    35%W -0.2%    50%W -0.2%    45%W -0.6%       -2.9% → +3.4%
  AMD     20    35%W -0.1%    40%W -0.1%    30%W -0.4%    25%W -0.5%    45%W -0.9%    45%W -0.4%       -5.7% → +4.2%
  SNOW    20    35%W -0.3%    35%W -0.4%    40%W -0.8%    35%W -1.5%    25%W -0.8%    40%W -0.7%       -9.6% → +5.4%
  SNPS    20    40%W -0.1%    50%W +0.0%    40%W -0.3%    45%W -0.3%    40%W -0.4%    40%W -0.4%       -5.0% → +3.4%
  LLY     20    45%W -0.1%    45%W -0.1%    45%W -0.0%    55%W +0.1%    45%W -0.1%    40%W -0.1%       -3.2% → +2.6%
  PLTR    20    60%W +0.3%    60%W +0.4%    45%W -0.2%    45%W -0.6%    40%W -1.1%    40%W -0.9%       -7.0% → +5.1%
  TSLA    20    40%W -0.4%    45%W -0.4%    45%W -0.3%    40%W -0.8%    35%W -0.8%    40%W -0.8%      -10.0% → +6.5%
  META    20    50%W +0.0%    55%W +0.2%    40%W -0.5%    30%W -0.4%    40%W -0.3%    35%W -0.8%       -6.8% → +3.4%
  MRVL    20    55%W +0.1%    65%W +0.2%    30%W -0.5%    30%W -0.4%    35%W -1.1%    35%W -1.4%       -6.9% → +6.2%
  QCOM    20    50%W +0.0%    55%W +0.2%    50%W -0.2%    30%W -0.3%    55%W +0.2%    35%W -0.3%       -4.7% → +3.8%
  CHTR    20    40%W -0.1%    40%W -0.5%    25%W -0.5%    25%W -0.9%    30%W -0.5%    30%W -0.9%       -3.6% → +2.1%
  APP     20    45%W -0.2%    35%W -1.0%    30%W -0.7%    30%W -0.8%    25%W -1.5%    25%W -1.5%       -7.5% → +4.3%
  DDOG    20    50%W +0.1%    45%W -0.5%    30%W -0.7%    25%W -0.7%    30%W -0.9%    25%W -0.6%      -10.2% → +4.5%
Pre-session top-2 (9:25, 20d EOD win rate) — 2022-05-04  OR: 09:30/3b
  #1 SPOT   +15m 60%W +0.3%  +30m 65%W +0.7%  +1h 60%W +0.5%  +2h 65%W +0.4%  +5h 55%W +0.4%  EOD 55%W +0.9%  EOD range -8.5% → +6.3%
  #2 SNOW   +15m 40%W -0.2%  +30m 40%W -0.3%  +1h 40%W -0.7%  +2h 40%W -1.5%  +5h 30%W -0.8%  EOD 45%W -0.7%  EOD range -9.6% → +5.4%
  Ticker   N          +15m          +30m           +1h           +2h           +5h           EOD           EOD range
  ----------------------------------------------------------------------------------------------------------------------
  SPOT    20    60%W +0.3%    65%W +0.7%    60%W +0.5%    65%W +0.4%    55%W +0.4%    55%W +0.9%       -8.5% → +6.3%
  SNOW    20    40%W -0.2%    40%W -0.3%    40%W -0.7%    40%W -1.5%    30%W -0.8%    45%W -0.7%       -9.6% → +5.4%
  SNPS    20    45%W -0.0%    55%W +0.2%    40%W -0.3%    50%W -0.1%    45%W -0.1%    45%W -0.4%       -5.0% → +3.4%
  MU      20    60%W +0.4%    60%W +0.2%    40%W -0.1%    50%W -0.1%    40%W -0.7%    45%W -0.6%       -3.8% → +3.9%
  LLY     20    40%W -0.1%    50%W -0.0%    50%W +0.0%    60%W +0.1%    50%W +0.0%    45%W -0.0%       -3.2% → +2.6%
  AVGO    20    50%W +0.0%    55%W +0.0%    40%W -0.2%    35%W -0.2%    50%W -0.2%    45%W -0.6%       -2.9% → +3.4%
  AMD     20    40%W -0.1%    45%W -0.1%    35%W -0.2%    25%W -0.5%    45%W -0.9%    45%W -0.4%       -5.7% → +4.2%
  CRWD    20    65%W +0.3%    50%W -0.2%    45%W -0.2%    40%W -0.5%    50%W -0.0%    40%W -0.8%       -6.2% → +5.1%
  TSLA    20    40%W -0.4%    45%W -0.4%    45%W -0.3%    40%W -0.8%    35%W -0.8%    40%W -0.8%      -10.0% → +3.7%
  META    20    50%W +0.0%    60%W +0.3%    35%W -0.8%    30%W -0.4%    40%W -0.3%    35%W -0.8%       -6.8% → +3.4%
  MRVL    20    55%W +0.1%    65%W +0.2%    25%W -0.5%    30%W -0.4%    35%W -1.1%    35%W -1.4%       -6.9% → +6.2%
  QCOM    20    50%W +0.0%    55%W +0.2%    45%W -0.3%    30%W -0.3%    50%W +0.0%    35%W -0.3%       -4.7% → +3.4%
  PLTR    20    65%W +0.4%    65%W +0.6%    45%W -0.3%    45%W -0.6%    35%W -1.2%    35%W -1.1%       -7.0% → +5.1%
  CHTR    20    35%W -0.2%    40%W -0.6%    25%W -0.6%    25%W -0.9%    30%W -0.5%    35%W -0.9%       -3.6% → +2.1%
  DDOG    20    55%W +0.2%    50%W -0.2%    30%W -0.7%    25%W -0.7%    30%W -1.0%    25%W -1.0%      -10.2% → +4.5%
  APP     20    50%W -0.1%    30%W -1.0%    25%W -0.7%    25%W -0.9%    20%W -1.5%    20%W -1.5%       -7.5% → +4.3%
Pre-session top-2 (9:25, 20d EOD win rate) — 2022-05-05  OR: 09:30/3b
  #1 SPOT   +15m 60%W +0.3%  +30m 65%W +0.7%  +1h 60%W +0.5%  +2h 65%W +0.4%  +5h 60%W +0.4%  EOD 60%W +1.1%  EOD range -8.5% → +6.3%
  #2 SNOW   +15m 40%W -0.2%  +30m 40%W -0.3%  +1h 40%W -0.7%  +2h 40%W -1.5%  +5h 30%W -0.5%  EOD 50%W -0.1%  EOD range -9.6% → +6.3%
  Ticker   N          +15m          +30m           +1h           +2h           +5h           EOD           EOD range
  ----------------------------------------------------------------------------------------------------------------------
  SPOT    20    60%W +0.3%    65%W +0.7%    60%W +0.5%    65%W +0.4%    60%W +0.4%    60%W +1.1%       -8.5% → +6.3%
  SNOW    20    40%W -0.2%    40%W -0.3%    40%W -0.7%    40%W -1.5%    30%W -0.5%    50%W -0.1%       -9.6% → +6.3%
  SNPS    20    45%W -0.0%    55%W +0.2%    40%W -0.3%    50%W -0.1%    45%W -0.1%    50%W +0.0%       -5.0% → +3.4%
  MU      20    65%W +0.4%    60%W +0.2%    40%W -0.1%    50%W -0.1%    40%W -0.6%    50%W +0.2%       -3.8% → +3.9%
  LLY     20    35%W -0.2%    45%W -0.2%    45%W -0.0%    60%W +0.1%    55%W +0.2%    50%W +0.2%       -3.2% → +3.2%
  AVGO    20    55%W +0.1%    55%W +0.0%    40%W -0.2%    35%W -0.2%    50%W +0.0%    50%W -0.1%       -2.9% → +3.5%
  AMD     20    35%W -0.1%    45%W -0.1%    35%W -0.2%    25%W -0.5%    45%W -0.4%    50%W +0.1%       -5.7% → +4.8%
  CRWD    20    60%W +0.3%    50%W -0.2%    45%W -0.2%    40%W -0.5%    50%W -0.0%    45%W -0.4%       -6.2% → +5.1%
  TSLA    20    35%W -0.4%    45%W -0.4%    45%W -0.3%    40%W -0.8%    40%W -0.6%    45%W -0.3%      -10.0% → +4.9%
  META    20    45%W -0.0%    60%W +0.3%    35%W -0.7%    30%W -0.6%    40%W -0.3%    40%W -0.6%       -6.8% → +6.3%
  MRVL    20    55%W +0.1%    65%W +0.2%    25%W -0.5%    30%W -0.4%    35%W -1.0%    40%W -0.8%       -6.9% → +6.2%
  QCOM    20    50%W +0.0%    55%W +0.2%    45%W -0.3%    30%W -0.3%    50%W +0.0%    40%W -0.2%       -4.7% → +3.4%
  PLTR    20    65%W +0.4%    65%W +0.6%    45%W -0.3%    45%W -0.6%    40%W -1.1%    40%W -0.9%       -7.0% → +6.0%
  CHTR    20    40%W -0.2%    40%W -0.4%    25%W -0.5%    30%W -0.8%    35%W -0.5%    40%W -0.4%       -3.6% → +5.5%
  DDOG    20    55%W +0.2%    50%W -0.2%    30%W -0.7%    25%W -0.7%    35%W -0.9%    30%W -0.6%      -10.2% → +9.4%
  APP     20    45%W -0.4%    30%W -1.0%    25%W -0.7%    25%W -0.9%    20%W -1.3%    25%W -1.3%       -7.5% → +4.5%
Pre-session top-2 (9:25, 20d EOD win rate) — 2022-05-06  OR: 09:30/3b
  #1 SPOT   +15m 60%W +0.3%  +30m 65%W +0.7%  +1h 55%W +0.3%  +2h 65%W +0.4%  +5h 55%W +0.4%  EOD 55%W +0.9%  EOD range -8.5% → +6.3%
  #2 SNOW   +15m 40%W -0.3%  +30m 40%W -0.7%  +1h 35%W -1.0%  +2h 35%W -2.0%  +5h 25%W -0.8%  EOD 45%W -0.7%  EOD range -9.6% → +6.3%
  Ticker   N          +15m          +30m           +1h           +2h           +5h           EOD           EOD range
  ----------------------------------------------------------------------------------------------------------------------
  SPOT    20    60%W +0.3%    65%W +0.7%    55%W +0.3%    65%W +0.4%    55%W +0.4%    55%W +0.9%       -8.5% → +6.3%
  SNOW    20    40%W -0.3%    40%W -0.7%    35%W -1.0%    35%W -2.0%    25%W -0.8%    45%W -0.7%       -9.6% → +6.3%
  SNPS    20    45%W -0.0%    55%W +0.2%    35%W -0.3%    45%W -0.3%    40%W -0.4%    45%W -0.4%       -5.0% → +3.4%
  MU      20    70%W +0.4%    65%W +0.3%    45%W -0.0%    50%W -0.1%    35%W -0.7%    45%W -0.4%       -3.8% → +3.9%
  LLY     20    40%W -0.1%    50%W -0.1%    45%W -0.0%    55%W +0.1%    50%W -0.0%    45%W -0.0%       -3.2% → +3.2%
  CRWD    20    60%W +0.3%    50%W -0.2%    40%W -0.4%    35%W -1.0%    45%W -0.3%    45%W -0.7%       -6.2% → +5.1%
  TSLA    20    35%W -0.4%    45%W -0.4%    45%W -0.4%    40%W -0.8%    40%W -0.8%    45%W -0.6%      -10.0% → +4.9%
  AVGO    20    60%W +0.1%    60%W +0.1%    35%W -0.2%    30%W -0.2%    45%W -0.2%    45%W -0.6%       -2.9% → +3.5%
  AMD     20    35%W -0.1%    50%W +0.0%    35%W -0.4%    25%W -0.6%    40%W -0.9%    45%W -0.4%       -5.7% → +4.8%
  META    20    45%W -0.0%    60%W +0.3%    35%W -0.7%    30%W -0.6%    40%W -0.3%    40%W -0.6%       -6.8% → +6.3%
  MRVL    20    55%W +0.1%    65%W +0.2%    25%W -0.5%    30%W -0.4%    30%W -1.1%    40%W -1.4%       -6.9% → +6.2%
  QCOM    20    55%W +0.1%    55%W +0.2%    40%W -0.5%    30%W -0.4%    45%W -0.0%    40%W -0.3%       -4.7% → +3.4%
  PLTR    20    65%W +0.4%    60%W +0.6%    45%W -0.4%    45%W -0.6%    40%W -1.1%    40%W -0.9%       -7.0% → +6.0%
  CHTR    20    40%W -0.2%    35%W -0.5%    30%W -0.5%    30%W -0.8%    40%W -0.5%    40%W -0.4%       -3.6% → +5.5%
  DDOG    20    55%W +0.2%    50%W -0.2%    30%W -0.7%    25%W -0.8%    30%W -1.0%    30%W -1.0%      -10.2% → +9.4%
  APP     20    45%W -0.4%    30%W -1.0%    25%W -1.0%    25%W -1.0%    15%W -1.5%    20%W -1.5%       -7.5% → +4.5%
Pre-session top-2 (9:25, 20d EOD win rate) — 2022-05-09  OR: 09:30/3b
  #1 SPOT   +15m 60%W +0.3%  +30m 65%W +0.7%  +1h 55%W +0.3%  +2h 70%W +0.4%  +5h 60%W +0.7%  EOD 60%W +1.1%  EOD range -8.5% → +6.3%
  #2 MU     +15m 65%W +0.4%  +30m 65%W +0.3%  +1h 50%W +0.1%  +2h 55%W +0.0%  +5h 35%W -0.7%  EOD 50%W -0.0%  EOD range -3.8% → +3.9%
  Ticker   N          +15m          +30m           +1h           +2h           +5h           EOD           EOD range
  ----------------------------------------------------------------------------------------------------------------------
  SPOT    20    60%W +0.3%    65%W +0.7%    55%W +0.3%    70%W +0.4%    60%W +0.7%    60%W +1.1%       -8.5% → +6.3%
  MU      20    65%W +0.4%    65%W +0.3%    50%W +0.1%    55%W +0.0%    35%W -0.7%    50%W -0.0%       -3.8% → +3.9%
  LLY     20    40%W -0.1%    45%W -0.2%    40%W -0.1%    55%W +0.1%    55%W +0.2%    50%W +0.2%       -3.2% → +3.2%
  TSLA    20    30%W -0.4%    45%W -0.4%    50%W -0.2%    45%W -0.6%    45%W -0.8%    50%W -0.3%      -10.0% → +4.9%
  SNPS    20    40%W -0.1%    50%W +0.1%    40%W -0.3%    50%W -0.1%    45%W -0.4%    45%W -0.4%       -5.0% → +3.4%
  MRVL    20    55%W +0.1%    65%W +0.2%    30%W -0.5%    35%W -0.3%    35%W -1.1%    45%W -1.4%       -6.9% → +6.2%
  QCOM    20    50%W +0.0%    55%W +0.2%    45%W -0.3%    35%W -0.3%    45%W -0.0%    45%W -0.3%       -4.7% → +3.4%
  AVGO    20    60%W +0.1%    60%W +0.1%    40%W -0.2%    35%W -0.2%    45%W -0.2%    45%W -0.6%       -2.9% → +3.5%
  AMD     20    35%W -0.1%    50%W +0.0%    40%W -0.4%    30%W -0.5%    40%W -0.9%    45%W -0.4%       -5.7% → +4.8%
  META    20    40%W -0.1%    60%W +0.3%    40%W -0.7%    35%W -0.4%    45%W -0.1%    40%W -0.6%       -6.8% → +6.3%
  SNOW    20    35%W -0.4%    40%W -0.7%    40%W -0.7%    40%W -1.5%    25%W -0.9%    40%W -0.9%       -9.6% → +6.3%
  CRWD    20    55%W +0.2%    45%W -0.6%    40%W -0.9%    35%W -1.3%    40%W -1.2%    40%W -1.5%       -6.2% → +5.1%
  PLTR    20    60%W +0.3%    55%W +0.4%    50%W -0.1%    50%W -0.1%    40%W -0.9%    40%W -1.1%       -7.0% → +6.0%
  CHTR    20    35%W -0.3%    30%W -0.6%    30%W -0.6%    30%W -0.8%    40%W -0.5%    40%W -0.9%       -3.6% → +5.5%
  DDOG    20    50%W +0.1%    50%W -0.2%    35%W -0.5%    30%W -0.7%    35%W -1.0%    35%W -1.0%      -10.2% → +9.4%
  APP     20    40%W -0.5%    25%W -1.3%    20%W -1.1%    25%W -1.0%    15%W -1.5%    20%W -1.6%       -7.5% → +4.5%
Pre-session top-2 (9:25, 20d EOD win rate) — 2022-05-10  OR: 09:30/3b
  #1 SPOT   +15m 60%W +0.3%  +30m 60%W +0.7%  +1h 50%W +0.1%  +2h 65%W +0.4%  +5h 55%W +0.4%  EOD 55%W +1.1%  EOD range -8.5% → +6.3%
  #2 LLY    +15m 40%W -0.2%  +30m 50%W -0.0%  +1h 45%W -0.0%  +2h 55%W +0.1%  +5h 55%W +0.2%  EOD 50%W +0.1%  EOD range -3.2% → +3.2%
  Ticker   N          +15m          +30m           +1h           +2h           +5h           EOD           EOD range
  ----------------------------------------------------------------------------------------------------------------------
  SPOT    20    60%W +0.3%    60%W +0.7%    50%W +0.1%    65%W +0.4%    55%W +0.4%    55%W +1.1%       -8.5% → +6.3%
  LLY     20    40%W -0.2%    50%W -0.0%    45%W -0.0%    55%W +0.1%    55%W +0.2%    50%W +0.1%       -3.2% → +3.2%
  TSLA    20    30%W -0.4%    45%W -0.5%    50%W -0.2%    45%W -0.8%    45%W -1.1%    50%W -0.3%      -10.0% → +4.9%
  SNPS    20    40%W -0.1%    50%W +0.1%    35%W -0.4%    45%W -0.3%    40%W -0.6%    45%W -0.9%       -5.0% → +3.4%
  MU      20    70%W +0.4%    65%W +0.3%    45%W -0.0%    50%W -0.1%    30%W -0.8%    45%W -0.8%       -4.1% → +3.9%
  MRVL    20    55%W +0.1%    65%W +0.2%    30%W -0.6%    35%W -0.4%    35%W -1.1%    45%W -1.4%       -6.9% → +6.2%
  QCOM    20    45%W -0.1%    50%W +0.1%    40%W -0.5%    30%W -0.4%    45%W -0.2%    45%W -0.5%       -4.7% → +3.4%
  AVGO    20    60%W +0.1%    60%W +0.1%    40%W -0.2%    35%W -0.2%    45%W -0.2%    45%W -0.7%       -2.9% → +3.5%
  AMD     20    40%W -0.1%    50%W +0.0%    40%W -0.5%    30%W -0.6%    40%W -1.2%    45%W -0.7%       -7.1% → +4.8%
  SNOW    20    35%W -0.4%    40%W -0.7%    35%W -1.0%    35%W -2.0%    25%W -0.9%    40%W -1.1%       -9.6% → +6.3%
  CRWD    20    55%W +0.2%    45%W -0.6%    40%W -0.9%    35%W -1.3%    40%W -1.2%    40%W -1.5%       -8.0% → +5.1%
  PLTR    20    65%W +0.4%    60%W +0.5%    50%W -0.1%    50%W -0.1%    40%W -1.1%    40%W -0.8%       -7.0% → +6.0%
  META    20    40%W -0.1%    55%W +0.2%    35%W -1.0%    30%W -0.6%    40%W -0.3%    35%W -1.0%       -6.8% → +6.3%
  CHTR    20    40%W -0.3%    30%W -0.6%    30%W -0.6%    25%W -0.8%    35%W -0.9%    35%W -1.3%       -3.6% → +5.5%
  DDOG    20    50%W +0.1%    50%W -0.2%    35%W -0.5%    30%W -0.8%    35%W -1.1%    35%W -1.5%      -10.2% → +9.4%
  APP     20    40%W -0.5%    25%W -1.0%    15%W -1.4%    25%W -1.5%    15%W -1.8%    20%W -2.2%       -7.5% → +4.5%
Pre-session top-2 (9:25, 20d EOD win rate) — 2022-05-11  OR: 09:30/3b
  #1 SPOT   +15m 60%W +0.3%  +30m 60%W +0.7%  +1h 50%W +0.1%  +2h 60%W +0.3%  +5h 55%W +0.4%  EOD 55%W +1.2%  EOD range -8.5% → +6.3%
  #2 SNPS   +15m 45%W -0.0%  +30m 55%W +0.2%  +1h 35%W -0.4%  +2h 45%W -0.2%  +5h 45%W -0.4%  EOD 50%W -0.3%  EOD range -5.0% → +3.4%
  Ticker   N          +15m          +30m           +1h           +2h           +5h           EOD           EOD range
  ----------------------------------------------------------------------------------------------------------------------
  SPOT    20    60%W +0.3%    60%W +0.7%    50%W +0.1%    60%W +0.3%    55%W +0.4%    55%W +1.2%       -8.5% → +6.3%
  SNPS    20    45%W -0.0%    55%W +0.2%    35%W -0.4%    45%W -0.2%    45%W -0.4%    50%W -0.3%       -5.0% → +3.4%
  LLY     20    40%W -0.3%    50%W -0.0%    40%W -0.1%    50%W -0.0%    50%W +0.0%    50%W +0.1%       -3.2% → +3.2%
  MRVL    20    55%W +0.2%    65%W +0.2%    30%W -0.5%    35%W -0.5%    40%W -1.0%    50%W -0.2%       -6.9% → +6.2%
  TSLA    20    35%W -0.4%    45%W -0.5%    50%W -0.2%    45%W -0.9%    50%W -0.3%    50%W -0.0%      -10.0% → +4.9%
  AVGO    20    65%W +0.1%    65%W +0.2%    45%W -0.1%    35%W -0.2%    50%W +0.1%    50%W -0.1%       -2.9% → +3.5%
  AMD     20    45%W -0.0%    50%W +0.0%    45%W -0.3%    30%W -0.7%    40%W -1.2%    50%W -0.2%       -7.1% → +4.8%
  MU      20    70%W +0.4%    65%W +0.3%    45%W -0.0%    45%W -0.2%    30%W -0.8%    45%W -0.8%       -4.1% → +3.9%
  QCOM    20    45%W -0.1%    50%W +0.1%    35%W -0.5%    25%W -0.4%    45%W -0.2%    45%W -0.6%       -4.7% → +3.4%
  SNOW    20    35%W -0.4%    40%W -0.7%    30%W -1.1%    30%W -2.0%    25%W -0.9%    40%W -1.1%       -9.6% → +6.3%
  CRWD    20    55%W +0.2%    45%W -0.6%    40%W -1.2%    30%W -1.3%    40%W -1.2%    40%W -1.5%       -8.0% → +5.1%
  PLTR    20    65%W +0.5%    60%W +0.5%    50%W -0.1%    45%W -0.6%    40%W -1.1%    40%W -0.8%       -7.0% → +6.0%
  META    20    40%W -0.1%    55%W +0.2%    40%W -0.7%    30%W -0.5%    45%W -0.2%    35%W -0.7%       -6.8% → +6.3%
  CHTR    20    35%W -0.3%    30%W -0.6%    25%W -0.6%    20%W -0.8%    40%W -0.9%    35%W -1.3%       -3.6% → +5.5%
  DDOG    20    50%W +0.0%    50%W -0.2%    35%W -0.8%    25%W -1.0%    30%W -1.1%    30%W -1.8%      -10.2% → +9.4%
  APP     20    35%W -0.7%    20%W -1.3%    15%W -1.6%    25%W -1.9%    15%W -1.8%    20%W -2.8%       -7.5% → +4.5%
Pre-session top-2 (9:25, 20d EOD win rate) — 2022-05-12  OR: 09:30/3b
  #1 SPOT   +15m 60%W +0.3%  +30m 60%W +0.7%  +1h 55%W +0.5%  +2h 60%W +0.4%  +5h 55%W +0.4%  EOD 55%W +1.2%  EOD range -8.5% → +6.3%
  #2 LLY    +15m 45%W -0.2%  +30m 55%W +0.1%  +1h 45%W -0.0%  +2h 50%W +0.0%  +5h 55%W +0.4%  EOD 55%W +0.1%  EOD range -3.2% → +3.2%
  Ticker   N          +15m          +30m           +1h           +2h           +5h           EOD           EOD range
  ----------------------------------------------------------------------------------------------------------------------
  SPOT    20    60%W +0.3%    60%W +0.7%    55%W +0.5%    60%W +0.4%    55%W +0.4%    55%W +1.2%       -8.5% → +6.3%
  LLY     20    45%W -0.2%    55%W +0.1%    45%W -0.0%    50%W +0.0%    55%W +0.4%    55%W +0.1%       -3.2% → +3.2%
  SNPS    20    45%W -0.0%    55%W +0.2%    40%W -0.3%    45%W -0.2%    45%W -0.2%    50%W -0.3%       -5.0% → +3.4%
  MRVL    20    55%W +0.1%    60%W +0.2%    35%W -0.4%    40%W -0.5%    40%W -1.0%    50%W -0.2%       -6.9% → +6.2%
  TSLA    20    35%W -0.4%    45%W -0.5%    50%W -0.2%    40%W -0.9%    50%W -0.3%    50%W -0.0%      -10.0% → +4.9%
  AVGO    20    65%W +0.1%    70%W +0.2%    50%W +0.1%    40%W -0.2%    50%W +0.1%    50%W -0.1%       -2.9% → +3.5%
  AMD     20    45%W -0.0%    50%W +0.0%    50%W -0.0%    35%W -0.7%    45%W -0.4%    50%W -0.2%       -7.1% → +4.8%
  MU      20    70%W +0.4%    65%W +0.3%    50%W +0.1%    45%W -0.2%    30%W -0.8%    45%W -0.8%       -4.1% → +3.9%
  QCOM    20    45%W -0.1%    50%W +0.1%    40%W -0.4%    25%W -0.4%    45%W -0.2%    45%W -0.6%       -4.7% → +3.4%
  SNOW    20    35%W -0.4%    40%W -0.7%    30%W -1.1%    30%W -2.0%    25%W -1.5%    40%W -1.5%       -9.6% → +6.3%
  CRWD    20    50%W +0.1%    40%W -0.7%    45%W -0.9%    30%W -1.3%    40%W -1.2%    40%W -1.5%       -8.2% → +5.1%
  PLTR    20    60%W +0.3%    55%W +0.4%    45%W -0.4%    40%W -0.9%    40%W -1.1%    40%W -0.8%       -9.1% → +6.0%
  META    20    35%W -0.1%    50%W -0.0%    35%W -0.7%    25%W -0.7%    45%W -0.2%    35%W -0.7%       -6.8% → +6.3%
  CHTR    20    30%W -0.4%    25%W -0.7%    25%W -0.7%    20%W -0.9%    40%W -0.9%    35%W -1.3%       -5.7% → +5.5%
  DDOG    20    50%W +0.0%    50%W -0.2%    35%W -0.8%    25%W -1.0%    35%W -1.0%    30%W -1.5%      -10.2% → +9.4%
  APP     20    30%W -0.7%    15%W -1.3%    15%W -1.6%    25%W -1.9%    15%W -1.7%    20%W -3.2%       -7.5% → +4.5%
Pre-session top-2 (9:25, 20d EOD win rate) — 2022-05-13  OR: 09:30/3b
  #1 LLY    +15m 45%W -0.2%  +30m 55%W +0.1%  +1h 50%W +0.0%  +2h 50%W +0.0%  +5h 60%W +0.4%  EOD 60%W +0.2%  EOD range -3.2% → +3.2%
  #2 SNPS   +15m 40%W -0.1%  +30m 55%W +0.2%  +1h 40%W -0.3%  +2h 45%W -0.2%  +5h 45%W -0.2%  EOD 55%W +0.3%  EOD range -5.0% → +3.4%
  Ticker   N          +15m          +30m           +1h           +2h           +5h           EOD           EOD range
  ----------------------------------------------------------------------------------------------------------------------
  LLY     20    45%W -0.2%    55%W +0.1%    50%W +0.0%    50%W +0.0%    60%W +0.4%    60%W +0.2%       -3.2% → +3.2%
  SNPS    20    40%W -0.1%    55%W +0.2%    40%W -0.3%    45%W -0.2%    45%W -0.2%    55%W +0.3%       -5.0% → +3.4%
  SPOT    20    60%W +0.5%    60%W +0.9%    55%W +0.5%    60%W +0.4%    55%W +0.8%    55%W +1.4%       -8.5% → +6.3%
  MU      20    70%W +0.4%    65%W +0.3%    45%W -0.0%    45%W -0.2%    30%W -0.8%    50%W -0.0%       -4.1% → +3.9%
  MRVL    20    55%W +0.1%    60%W +0.2%    35%W -0.4%    40%W -0.5%    35%W -1.0%    50%W -0.2%       -6.9% → +6.2%
  TSLA    20    35%W -0.4%    50%W -0.3%    50%W -0.1%    40%W -0.9%    50%W -0.3%    50%W -0.0%      -10.0% → +4.9%
  AVGO    20    65%W +0.1%    70%W +0.2%    50%W +0.1%    40%W -0.2%    45%W -0.3%    50%W -0.1%       -2.9% → +3.5%
  AMD     20    45%W -0.0%    50%W +0.0%    50%W -0.0%    35%W -0.7%    40%W -0.9%    50%W -0.2%       -7.1% → +4.8%
  QCOM    20    45%W -0.1%    50%W +0.1%    40%W -0.4%    25%W -0.4%    40%W -0.5%    45%W -0.6%       -4.7% → +3.4%
  SNOW    20    40%W -0.4%    40%W -0.7%    30%W -1.1%    30%W -2.0%    30%W -1.5%    40%W -1.5%       -9.6% → +7.3%
  CRWD    20    45%W -0.1%    40%W -0.7%    45%W -0.9%    30%W -1.3%    40%W -1.2%    40%W -1.5%       -8.2% → +4.1%
  PLTR    20    60%W +0.3%    55%W +0.4%    45%W -0.4%    40%W -0.9%    40%W -1.1%    40%W -0.8%      -9.1% → +10.1%
  META    20    30%W -0.2%    50%W -0.0%    35%W -0.7%    25%W -0.7%    45%W -0.5%    35%W -0.7%       -6.8% → +6.3%
  CHTR    20    25%W -0.4%    25%W -0.7%    25%W -0.7%    20%W -0.9%    40%W -0.9%    35%W -1.3%       -5.7% → +5.5%
  DDOG    20    45%W -0.0%    50%W -0.2%    35%W -0.8%    25%W -1.0%    35%W -1.0%    30%W -1.5%      -10.2% → +9.4%
  APP     20    30%W -0.7%    15%W -1.3%    15%W -1.6%    25%W -1.9%    15%W -1.7%    20%W -3.2%       -7.5% → +7.5%
Pre-session top-2 (9:25, 20d EOD win rate) — 2022-05-16  OR: 09:30/3b
  #1 LLY    +15m 50%W -0.1%  +30m 60%W +0.1%  +1h 55%W +0.1%  +2h 55%W +0.1%  +5h 60%W +0.2%  EOD 65%W +0.4%  EOD range -3.2% → +3.2%
  #2 SNPS   +15m 45%W -0.1%  +30m 60%W +0.2%  +1h 45%W -0.2%  +2h 50%W -0.0%  +5h 50%W -0.0%  EOD 60%W +0.6%  EOD range -5.0% → +3.4%
  Ticker   N          +15m          +30m           +1h           +2h           +5h           EOD           EOD range
  ----------------------------------------------------------------------------------------------------------------------
  LLY     20    50%W -0.1%    60%W +0.1%    55%W +0.1%    55%W +0.1%    60%W +0.2%    65%W +0.4%       -3.2% → +3.2%
  SNPS    20    45%W -0.1%    60%W +0.2%    45%W -0.2%    50%W -0.0%    50%W -0.0%    60%W +0.6%       -5.0% → +3.4%
  SPOT    20    60%W +0.5%    60%W +0.9%    60%W +0.6%    65%W +0.4%    60%W +1.0%    60%W +1.6%       -8.5% → +6.3%
  MU      20    70%W +0.4%    65%W +0.3%    45%W -0.0%    45%W -0.2%    35%W -0.7%    55%W +0.5%       -4.1% → +4.4%
  MRVL    20    55%W +0.2%    60%W +0.4%    40%W -0.4%    45%W -0.3%    40%W -0.9%    55%W +1.3%       -6.9% → +6.2%
  TSLA    20    40%W -0.4%    55%W +0.4%    55%W +0.4%    45%W -0.6%    55%W +0.3%    55%W +0.8%      -10.0% → +4.9%
  AVGO    20    70%W +0.2%    75%W +0.3%    55%W +0.4%    45%W -0.2%    50%W +0.1%    55%W +0.5%       -2.9% → +3.5%
  AMD     20    50%W +0.0%    55%W +0.5%    55%W +0.4%    40%W -0.5%    45%W -0.4%    55%W +1.0%       -7.1% → +5.8%
  QCOM    20    45%W -0.1%    55%W +0.3%    45%W -0.2%    30%W -0.3%    45%W -0.2%    50%W -0.0%       -4.7% → +3.4%
  SNOW    20    45%W -0.3%    45%W -0.3%    35%W -0.9%    35%W -2.0%    35%W -0.9%    45%W -1.1%       -9.6% → +7.3%
  CRWD    20    45%W -0.1%    40%W -0.7%    45%W -0.9%    30%W -1.3%    40%W -1.2%    45%W -1.5%       -8.2% → +5.1%
  PLTR    20    60%W +0.3%    55%W +0.4%    50%W -0.3%    45%W -0.6%    45%W -0.9%    45%W -0.1%      -9.1% → +10.1%
  META    20    25%W -0.2%    55%W +0.2%    40%W -0.7%    30%W -0.7%    50%W -0.3%    40%W -0.3%       -6.8% → +6.3%
  CHTR    20    30%W -0.3%    25%W -0.7%    25%W -0.7%    20%W -0.9%    40%W -0.8%    35%W -0.8%       -5.7% → +5.5%
  DDOG    20    45%W -0.0%    55%W +0.2%    40%W -0.5%    30%W -1.0%    40%W -0.8%    35%W -1.2%      -10.2% → +9.4%
  APP     20    25%W -0.8%    15%W -1.4%    15%W -2.0%    25%W -1.9%    15%W -1.7%    20%W -3.5%       -7.5% → +7.5%
Pre-session top-2 (9:25, 20d EOD win rate) — 2022-05-17  OR: 09:30/3b
  #1 LLY    +15m 55%W +0.1%  +30m 65%W +0.1%  +1h 60%W +0.4%  +2h 60%W +0.2%  +5h 60%W +0.2%  EOD 65%W +0.4%  EOD range -3.2% → +3.2%
  #2 SNPS   +15m 40%W -0.1%  +30m 60%W +0.2%  +1h 45%W -0.2%  +2h 50%W -0.0%  +5h 50%W -0.0%  EOD 60%W +0.3%  EOD range -5.0% → +3.4%
  Ticker   N          +15m          +30m           +1h           +2h           +5h           EOD           EOD range
  ----------------------------------------------------------------------------------------------------------------------
  LLY     20    55%W +0.1%    65%W +0.1%    60%W +0.4%    60%W +0.2%    60%W +0.2%    65%W +0.4%       -3.2% → +3.2%
  SNPS    20    40%W -0.1%    60%W +0.2%    45%W -0.2%    50%W -0.0%    50%W -0.0%    60%W +0.3%       -5.0% → +3.4%
  SPOT    20    55%W +0.4%    60%W +0.9%    55%W +0.4%    60%W +0.4%    55%W +0.3%    55%W +1.6%       -8.5% → +6.3%
  AVGO    20    70%W +0.2%    75%W +0.3%    55%W +0.4%    45%W -0.2%    50%W +0.1%    55%W +0.4%       -2.9% → +3.5%
  MU      20    70%W +0.3%    65%W +0.3%    45%W -0.0%    45%W -0.2%    35%W -0.7%    50%W -0.0%       -4.1% → +4.4%
  MRVL    20    50%W -0.0%    60%W +0.3%    35%W -0.4%    40%W -0.7%    35%W -0.9%    50%W -0.2%       -6.9% → +6.2%
  QCOM    20    50%W +0.1%    55%W +0.3%    45%W -0.2%    35%W -0.3%    45%W -0.2%    50%W -0.0%       -4.7% → +3.4%
  TSLA    20    40%W -0.4%    55%W +0.4%    50%W -0.1%    40%W -0.9%    50%W -0.8%    50%W -0.0%      -10.0% → +4.9%
  AMD     20    55%W +0.1%    55%W +0.5%    55%W +0.4%    45%W -0.5%    45%W -0.4%    50%W +0.4%       -7.1% → +5.8%
  SNOW    20    45%W -0.3%    50%W -0.1%    35%W -1.1%    35%W -2.1%    35%W -1.5%    45%W -1.2%       -9.6% → +7.3%
  CRWD    20    40%W -0.1%    35%W -0.8%    40%W -1.2%    30%W -1.3%    40%W -2.1%    45%W -2.2%       -8.2% → +5.1%
  META    20    25%W -0.3%    50%W -0.3%    35%W -0.7%    35%W -0.7%    50%W -0.3%    40%W -0.4%       -6.8% → +6.3%
  PLTR    20    55%W +0.3%    55%W +0.2%    45%W -0.8%    40%W -0.9%    40%W -0.9%    40%W -0.8%      -9.1% → +10.1%
  CHTR    20    35%W -0.3%    30%W -0.5%    25%W -0.6%    20%W -0.9%    40%W -0.7%    35%W -0.8%       -5.7% → +5.5%
  DDOG    20    40%W -0.1%    50%W -0.3%    35%W -0.8%    30%W -1.3%    35%W -1.0%    30%W -1.5%      -10.2% → +9.4%
  APP     20    25%W -0.8%    20%W -1.4%    15%W -2.0%    25%W -2.3%    15%W -1.7%    20%W -3.5%       -7.5% → +7.5%
Pre-session top-2 (9:25, 20d EOD win rate) — 2022-05-18  OR: 09:30/3b
  #1 LLY    +15m 55%W +0.2%  +30m 65%W +0.2%  +1h 65%W +0.6%  +2h 65%W +0.3%  +5h 65%W +0.4%  EOD 70%W +0.7%  EOD range -3.2% → +3.2%
  #2 SNPS   +15m 35%W -0.2%  +30m 55%W +0.2%  +1h 40%W -0.3%  +2h 45%W -0.2%  +5h 45%W -0.2%  EOD 60%W +0.2%  EOD range -5.0% → +3.4%
  Ticker   N          +15m          +30m           +1h           +2h           +5h           EOD           EOD range
  ----------------------------------------------------------------------------------------------------------------------
  LLY     20    55%W +0.2%    65%W +0.2%    65%W +0.6%    65%W +0.3%    65%W +0.4%    70%W +0.7%       -3.2% → +3.2%
  SNPS    20    35%W -0.2%    55%W +0.2%    40%W -0.3%    45%W -0.2%    45%W -0.2%    60%W +0.2%       -5.0% → +3.4%
  AVGO    20    65%W +0.1%    70%W +0.2%    50%W +0.1%    40%W -0.2%    45%W -0.0%    55%W +0.4%       -2.9% → +3.5%
  SPOT    20    50%W -0.0%    55%W +0.7%    50%W +0.0%    55%W +0.3%    50%W -0.8%    50%W +0.2%       -8.5% → +6.3%
  MU      20    65%W +0.3%    60%W +0.2%    40%W -0.2%    45%W -0.2%    35%W -0.7%    50%W -0.0%       -4.1% → +4.4%
  QCOM    20    45%W -0.1%    50%W +0.1%    40%W -0.4%    30%W -0.4%    40%W -0.5%    50%W -0.2%       -4.7% → +3.4%
  TSLA    20    35%W -0.4%    50%W -0.3%    45%W -0.7%    35%W -0.9%    50%W -0.9%    50%W -0.0%      -10.0% → +4.9%
  AMD     20    50%W +0.0%    50%W +0.0%    50%W -0.0%    45%W -0.5%    45%W -0.4%    50%W +0.4%       -7.1% → +5.8%
  MRVL    20    45%W -0.2%    55%W +0.2%    30%W -0.4%    35%W -1.1%    30%W -1.1%    45%W -1.0%       -6.9% → +6.2%
  SNOW    20    40%W -0.6%    45%W -0.8%    30%W -1.4%    30%W -2.2%    30%W -1.9%    40%W -1.9%       -9.6% → +7.3%
  CRWD    20    35%W -0.2%    30%W -0.9%    35%W -1.4%    25%W -1.3%    35%W -2.5%    40%W -2.3%       -8.2% → +5.1%
  META    20    20%W -0.3%    45%W -0.7%    30%W -1.0%    30%W -1.0%    45%W -1.1%    35%W -0.7%       -6.8% → +6.3%
  PLTR    20    50%W +0.1%    50%W -0.2%    40%W -1.0%    35%W -1.1%    35%W -1.1%    35%W -1.1%      -9.1% → +10.1%
  CHTR    20    40%W -0.3%    25%W -0.5%    20%W -0.8%    20%W -0.9%    40%W -0.7%    35%W -0.8%       -5.7% → +5.5%
  DDOG    20    35%W -0.2%    45%W -0.8%    30%W -1.0%    25%W -1.6%    30%W -1.7%    25%W -1.8%      -10.2% → +9.4%
  APP     20    20%W -0.9%    15%W -1.6%    10%W -2.3%    20%W -2.6%    10%W -1.7%    15%W -3.5%       -7.5% → +7.5%
Pre-session top-2 (9:25, 20d EOD win rate) — 2022-05-19  OR: 09:30/3b
  #1 LLY    +15m 55%W +0.2%  +30m 65%W +0.2%  +1h 60%W +0.6%  +2h 65%W +0.3%  +5h 65%W +0.4%  EOD 70%W +0.7%  EOD range -3.2% → +3.2%
  #2 SNPS   +15m 35%W -0.2%  +30m 55%W +0.2%  +1h 40%W -0.3%  +2h 40%W -0.3%  +5h 40%W -0.4%  EOD 55%W +0.2%  EOD range -5.0% → +3.4%
  Ticker   N          +15m          +30m           +1h           +2h           +5h           EOD           EOD range
  ----------------------------------------------------------------------------------------------------------------------
  LLY     20    55%W +0.2%    65%W +0.2%    60%W +0.6%    65%W +0.3%    65%W +0.4%    70%W +0.7%       -3.2% → +3.2%
  SNPS    20    35%W -0.2%    55%W +0.2%    40%W -0.3%    40%W -0.3%    40%W -0.4%    55%W +0.2%       -5.0% → +3.4%
  SPOT    20    50%W +0.2%    55%W +0.7%    50%W +0.0%    55%W +0.3%    55%W +0.1%    55%W +1.1%       -8.5% → +6.3%
  AVGO    20    70%W +0.1%    70%W +0.2%    50%W +0.1%    40%W -0.2%    45%W -0.0%    55%W +0.4%       -4.8% → +3.5%
  MU      20    65%W +0.3%    60%W +0.3%    40%W -0.3%    45%W -0.2%    35%W -0.7%    50%W -0.0%       -4.1% → +4.4%
  QCOM    20    45%W -0.1%    50%W +0.1%    35%W -0.4%    30%W -0.5%    40%W -0.6%    50%W -0.2%       -4.7% → +3.4%
  TSLA    20    40%W -0.4%    55%W +0.4%    50%W -0.1%    35%W -0.8%    50%W -0.9%    50%W -0.0%      -10.0% → +4.9%
  AMD     20    55%W +0.1%    55%W +0.5%    50%W +0.3%    45%W -0.5%    45%W -0.4%    50%W +0.4%       -7.1% → +5.8%
  MRVL    20    45%W -0.2%    55%W +0.2%    30%W -0.4%    35%W -1.3%    30%W -1.2%    45%W -1.4%       -6.9% → +6.2%
  SNOW    20    45%W -0.3%    50%W -0.4%    30%W -1.4%    35%W -2.2%    30%W -1.9%    40%W -1.6%       -9.6% → +7.3%
  CHTR    20    45%W -0.3%    30%W -0.4%    25%W -0.6%    25%W -0.8%    45%W -0.5%    40%W -0.3%       -5.7% → +5.5%
  META    20    20%W -0.5%    45%W -0.4%    30%W -0.7%    30%W -1.0%    45%W -1.1%    35%W -0.7%       -6.8% → +6.3%
  CRWD    20    40%W -0.1%    35%W -0.9%    35%W -1.4%    20%W -1.3%    30%W -2.5%    35%W -2.3%       -8.2% → +5.1%
  PLTR    20    50%W +0.1%    50%W -0.2%    40%W -1.0%    35%W -1.1%    30%W -1.4%    35%W -1.5%      -9.1% → +10.1%
  DDOG    20    35%W -0.3%    50%W -0.5%    25%W -1.0%    25%W -1.8%    30%W -2.6%    25%W -2.0%      -10.2% → +9.4%
  APP     20    25%W -0.8%    20%W -1.4%    15%W -2.3%    25%W -2.6%    10%W -1.7%    15%W -3.5%       -7.5% → +7.5%
Pre-session top-2 (9:25, 20d EOD win rate) — 2022-05-20  OR: 09:30/3b
  #1 LLY    +15m 50%W -0.1%  +30m 60%W +0.1%  +1h 55%W +0.3%  +2h 60%W +0.2%  +5h 60%W +0.2%  EOD 65%W +0.4%  EOD range -3.2% → +3.2%
  #2 SNPS   +15m 40%W -0.1%  +30m 60%W +0.2%  +1h 45%W -0.2%  +2h 45%W -0.2%  +5h 45%W -0.2%  EOD 60%W +0.3%  EOD range -4.0% → +3.4%
  Ticker   N          +15m          +30m           +1h           +2h           +5h           EOD           EOD range
  ----------------------------------------------------------------------------------------------------------------------
  LLY     20    50%W -0.1%    60%W +0.1%    55%W +0.3%    60%W +0.2%    60%W +0.2%    65%W +0.4%       -3.2% → +3.2%
  SNPS    20    40%W -0.1%    60%W +0.2%    45%W -0.2%    45%W -0.2%    45%W -0.2%    60%W +0.3%       -4.0% → +3.4%
  SPOT    20    55%W +0.6%    60%W +0.8%    55%W +0.4%    60%W +0.4%    60%W +0.3%    60%W +1.3%       -7.9% → +6.3%
  TSLA    20    40%W -0.4%    60%W +0.4%    55%W +0.3%    40%W -0.6%    55%W +0.1%    55%W +0.6%      -10.0% → +4.9%
  AVGO    20    65%W +0.1%    70%W +0.3%    45%W -0.2%    45%W -0.2%    50%W +0.1%    55%W +0.4%       -4.8% → +3.5%
  MU      20    65%W +0.3%    60%W +0.3%    45%W -0.2%    50%W -0.1%    35%W -0.6%    50%W -0.0%       -4.1% → +4.4%
  QCOM    20    45%W -0.1%    55%W +0.3%    40%W -0.3%    35%W -0.4%    45%W -0.2%    50%W -0.1%       -4.7% → +3.4%
  AMD     20    60%W +0.3%    60%W +1.0%    55%W +0.7%    50%W -0.2%    50%W +0.1%    50%W +0.6%       -7.1% → +5.8%
  SNOW    20    50%W -0.1%    55%W +0.3%    35%W -1.1%    40%W -2.1%    35%W -1.9%    45%W -0.9%       -9.6% → +7.3%
  MRVL    20    45%W -0.2%    60%W +0.2%    35%W -0.4%    40%W -1.1%    35%W -0.9%    45%W -0.6%       -6.4% → +6.2%
  CHTR    20    45%W -0.3%    30%W -0.3%    25%W -0.5%    30%W -0.8%    50%W -0.2%    45%W -0.2%       -5.7% → +5.5%
  CRWD    20    45%W -0.1%    40%W -0.8%    40%W -1.3%    25%W -1.3%    35%W -2.1%    40%W -2.0%       -8.2% → +5.1%
  PLTR    20    55%W +0.3%    55%W +0.2%    45%W -0.8%    40%W -0.9%    35%W -1.1%    40%W -1.1%      -9.1% → +10.1%
  META    20    25%W -0.3%    50%W +0.0%    35%W -0.5%    35%W -0.7%    50%W -0.3%    35%W -0.4%       -5.1% → +6.3%
  DDOG    20    40%W -0.1%    55%W +0.2%    30%W -0.8%    30%W -1.6%    35%W -1.7%    30%W -1.8%       -9.6% → +9.4%
  APP     20    30%W -0.8%    25%W -1.4%    20%W -1.8%    30%W -2.2%    15%W -1.4%    20%W -3.3%       -7.4% → +7.5%
Pre-session top-2 (9:25, 20d EOD win rate) — 2022-05-23  OR: 09:30/3b
  #1 LLY    +15m 55%W +0.2%  +30m 65%W +0.2%  +1h 60%W +0.6%  +2h 65%W +0.2%  +5h 65%W +0.4%  EOD 70%W +0.7%  EOD range -2.4% → +3.2%
  #2 SNPS   +15m 40%W -0.2%  +30m 55%W +0.2%  +1h 45%W -0.3%  +2h 45%W -0.2%  +5h 45%W -0.2%  EOD 65%W +0.6%  EOD range -4.0% → +3.4%
  Ticker   N          +15m          +30m           +1h           +2h           +5h           EOD           EOD range
  ----------------------------------------------------------------------------------------------------------------------
  LLY     20    55%W +0.2%    65%W +0.2%    60%W +0.6%    65%W +0.2%    65%W +0.4%    70%W +0.7%       -2.4% → +3.2%
  SNPS    20    40%W -0.2%    55%W +0.2%    45%W -0.3%    45%W -0.2%    45%W -0.2%    65%W +0.6%       -4.0% → +3.4%
  SPOT    20    55%W +0.6%    55%W +0.8%    55%W +0.4%    60%W +0.4%    60%W +0.3%    60%W +1.3%       -7.9% → +6.3%
  QCOM    20    40%W -0.1%    50%W +0.1%    35%W -0.3%    35%W -0.5%    45%W -0.2%    55%W +0.1%       -4.7% → +3.4%
  AVGO    20    60%W +0.1%    65%W +0.1%    40%W -0.2%    40%W -0.2%    45%W -0.0%    55%W +0.4%       -4.8% → +3.5%
  MU      20    60%W +0.3%    55%W +0.3%    45%W -0.2%    50%W -0.1%    35%W -0.7%    50%W -0.0%       -4.1% → +4.4%
  TSLA    20    35%W -0.4%    55%W +0.4%    50%W -0.2%    35%W -0.8%    50%W -0.9%    50%W +0.1%      -10.0% → +4.9%
  AMD     20    55%W +0.1%    55%W +0.5%    50%W +0.3%    45%W -0.5%    50%W +0.1%    50%W +0.6%       -7.1% → +5.8%
  SNOW    20    50%W -0.2%    50%W -0.3%    35%W -1.2%    40%W -2.2%    35%W -1.9%    45%W -0.9%       -9.6% → +7.3%
  MRVL    20    40%W -0.4%    55%W +0.1%    35%W -0.4%    40%W -1.3%    35%W -0.9%    45%W -0.6%       -6.4% → +6.2%
  CHTR    20    50%W -0.1%    30%W -0.3%    30%W -0.3%    30%W -0.6%    50%W -0.2%    45%W -0.2%       -5.7% → +5.5%
  CRWD    20    45%W -0.1%    35%W -0.9%    45%W -1.3%    25%W -1.3%    35%W -2.3%    40%W -2.0%       -8.2% → +5.1%
  PLTR    20    50%W +0.1%    50%W -0.2%    45%W -1.0%    40%W -0.9%    35%W -1.1%    40%W -1.1%      -9.1% → +10.1%
  META    20    25%W -0.3%    45%W -0.4%    35%W -0.5%    35%W -0.7%    50%W -0.3%    35%W -0.4%       -5.1% → +6.3%
  DDOG    20    45%W -0.1%    50%W -0.5%    30%W -1.0%    30%W -1.8%    35%W -1.7%    30%W -1.8%       -9.6% → +9.4%
  APP     20    35%W -0.8%    30%W -1.2%    25%W -1.5%    35%W -1.7%    15%W -1.4%    20%W -2.6%       -7.4% → +7.5%
Pre-session top-2 (9:25, 20d EOD win rate) — 2022-05-24  OR: 09:30/3b
  #1 LLY    +15m 60%W +0.3%  +30m 70%W +0.3%  +1h 60%W +0.6%  +2h 70%W +0.2%  +5h 60%W +0.2%  EOD 70%W +0.4%  EOD range -2.4% → +3.2%
  #2 SNPS   +15m 45%W -0.2%  +30m 50%W +0.1%  +1h 40%W -0.4%  +2h 40%W -0.3%  +5h 45%W -0.2%  EOD 65%W +0.3%  EOD range -4.0% → +3.4%
  Ticker   N          +15m          +30m           +1h           +2h           +5h           EOD           EOD range
  ----------------------------------------------------------------------------------------------------------------------
  LLY     20    60%W +0.3%    70%W +0.3%    60%W +0.6%    70%W +0.2%    60%W +0.2%    70%W +0.4%       -2.4% → +3.2%
  SNPS    20    45%W -0.2%    50%W +0.1%    40%W -0.4%    40%W -0.3%    45%W -0.2%    65%W +0.3%       -4.0% → +3.4%
  SPOT    20    50%W +0.2%    50%W +0.3%    50%W +0.0%    55%W +0.3%    60%W +0.3%    60%W +1.3%       -7.9% → +6.3%
  QCOM    20    40%W -0.1%    45%W -0.2%    30%W -0.4%    35%W -0.5%    45%W -0.2%    55%W +0.1%       -4.7% → +3.2%
  AVGO    20    60%W +0.1%    65%W +0.1%    40%W -0.2%    45%W -0.2%    45%W -0.0%    55%W +0.4%       -4.8% → +3.5%
  TSLA    20    30%W -0.4%    50%W -0.1%    50%W -0.2%    35%W -0.8%    50%W -0.9%    50%W +0.1%      -10.0% → +4.9%
  AMD     20    50%W +0.0%    55%W +0.5%    45%W -0.3%    40%W -0.5%    50%W +0.4%    50%W +0.6%       -7.1% → +5.8%
  SNOW    20    45%W -0.7%    45%W -1.1%    30%W -1.4%    40%W -2.2%    30%W -1.9%    45%W -0.9%       -9.6% → +7.3%
  MU      20    55%W +0.2%    50%W +0.0%    40%W -0.4%    50%W -0.1%    35%W -0.7%    45%W -0.3%       -4.1% → +4.4%
  MRVL    20    40%W -0.4%    50%W -0.2%    30%W -0.4%    35%W -1.3%    35%W -0.9%    45%W -0.6%       -6.4% → +6.2%
  CHTR    20    50%W -0.1%    30%W -0.3%    30%W -0.3%    30%W -0.7%    45%W -0.5%    40%W -0.3%       -5.7% → +5.5%
  META    20    25%W -0.3%    40%W -0.4%    35%W -0.5%    40%W -0.6%    50%W -0.3%    35%W -0.4%       -5.1% → +6.3%
  CRWD    20    45%W -0.1%    30%W -1.0%    40%W -1.6%    20%W -1.3%    30%W -2.3%    35%W -2.2%       -8.2% → +5.1%
  PLTR    20    50%W +0.1%    45%W -0.6%    40%W -1.1%    35%W -0.9%    30%W -1.1%    35%W -1.1%      -9.1% → +10.1%
  DDOG    20    45%W -0.1%    45%W -1.2%    30%W -1.4%    30%W -1.8%    40%W -1.7%    30%W -1.8%       -9.6% → +9.4%
  APP     20    35%W -0.9%    30%W -1.6%    25%W -1.7%    35%W -1.7%    10%W -1.7%    20%W -3.3%       -7.4% → +7.5%
Pre-session top-2 (9:25, 20d EOD win rate) — 2022-05-25  OR: 09:30/3b
  #1 LLY    +15m 60%W +0.3%  +30m 70%W +0.3%  +1h 60%W +0.6%  +2h 70%W +0.2%  +5h 65%W +0.2%  EOD 75%W +0.7%  EOD range -2.4% → +3.2%
  #2 SNPS   +15m 45%W -0.2%  +30m 50%W +0.1%  +1h 40%W -0.5%  +2h 40%W -0.3%  +5h 45%W -0.4%  EOD 65%W +0.3%  EOD range -4.0% → +3.4%
  Ticker   N          +15m          +30m           +1h           +2h           +5h           EOD           EOD range
  ----------------------------------------------------------------------------------------------------------------------
  LLY     20    60%W +0.3%    70%W +0.3%    60%W +0.6%    70%W +0.2%    65%W +0.2%    75%W +0.7%       -2.4% → +3.2%
  SNPS    20    45%W -0.2%    50%W +0.1%    40%W -0.5%    40%W -0.3%    45%W -0.4%    65%W +0.3%       -4.0% → +3.4%
  QCOM    20    40%W -0.2%    45%W -0.3%    30%W -0.4%    35%W -0.5%    45%W -0.2%    60%W +0.2%       -4.7% → +3.2%
  AVGO    20    65%W +0.1%    60%W +0.1%    45%W -0.2%    45%W -0.2%    50%W +0.1%    60%W +0.6%       -4.8% → +3.5%
  SPOT    20    50%W +0.3%    55%W +0.4%    50%W +0.0%    50%W +0.0%    55%W +0.1%    55%W +0.8%       -7.9% → +6.3%
  TSLA    20    30%W -0.4%    50%W -0.1%    50%W -0.2%    35%W -0.8%    50%W -0.9%    50%W +0.1%       -7.0% → +4.9%
  AMD     20    50%W +0.0%    55%W +0.5%    50%W +0.1%    40%W -0.4%    50%W +0.4%    50%W +0.6%       -7.1% → +5.8%
  SNOW    20    45%W -0.7%    45%W -1.1%    30%W -1.4%    40%W -1.6%    30%W -2.0%    45%W -0.9%       -9.6% → +7.3%
  MU      20    55%W +0.2%    50%W +0.0%    40%W -0.4%    50%W -0.1%    35%W -0.7%    45%W -0.3%       -4.1% → +4.4%
  MRVL    20    40%W -0.4%    50%W -0.2%    30%W -0.4%    35%W -1.4%    35%W -1.0%    45%W -0.6%       -6.4% → +6.2%
  CHTR    20    50%W -0.1%    30%W -0.3%    30%W -0.3%    30%W -0.6%    50%W -0.2%    45%W -0.2%       -5.7% → +5.5%
  META    20    25%W -0.4%    40%W -0.4%    40%W -0.5%    45%W -0.2%    50%W -0.3%    40%W -0.3%       -5.1% → +6.3%
  CRWD    20    45%W -0.1%    30%W -1.0%    40%W -1.6%    20%W -1.4%    30%W -2.5%    35%W -2.2%       -8.2% → +5.1%
  PLTR    20    50%W +0.1%    45%W -0.6%    40%W -1.1%    35%W -0.7%    30%W -0.9%    35%W -0.8%      -9.1% → +10.1%
  DDOG    20    40%W -0.3%    45%W -1.7%    30%W -1.6%    30%W -1.8%    40%W -2.6%    30%W -1.8%       -9.6% → +9.4%
  APP     20    40%W -0.6%    35%W -1.1%    30%W -1.1%    35%W -1.2%    10%W -1.7%    25%W -2.6%       -7.4% → +7.5%
Pre-session top-2 (9:25, 20d EOD win rate) — 2022-05-26  OR: 09:30/3b
  #1 LLY    +15m 60%W +0.3%  +30m 70%W +0.3%  +1h 60%W +0.6%  +2h 70%W +0.2%  +5h 60%W +0.1%  EOD 75%W +0.4%  EOD range -2.4% → +3.2%
  #2 SNPS   +15m 45%W -0.1%  +30m 50%W +0.1%  +1h 45%W -0.4%  +2h 40%W -0.5%  +5h 45%W -0.4%  EOD 70%W +0.5%  EOD range -4.0% → +3.4%
  Ticker   N          +15m          +30m           +1h           +2h           +5h           EOD           EOD range
  ----------------------------------------------------------------------------------------------------------------------
  LLY     20    60%W +0.3%    70%W +0.3%    60%W +0.6%    70%W +0.2%    60%W +0.1%    75%W +0.4%       -2.4% → +3.2%
  SNPS    20    45%W -0.1%    50%W +0.1%    45%W -0.4%    40%W -0.5%    45%W -0.4%    70%W +0.5%       -4.0% → +3.4%
  QCOM    20    40%W -0.2%    45%W -0.3%    35%W -0.3%    40%W -0.4%    45%W -0.2%    65%W +0.4%       -4.7% → +3.2%
  AVGO    20    65%W +0.1%    60%W +0.1%    50%W +0.1%    50%W -0.0%    50%W +0.2%    65%W +0.7%       -4.8% → +3.5%
  SPOT    20    50%W +0.3%    55%W +0.4%    50%W +0.1%    55%W +0.4%    60%W +0.3%    60%W +1.3%       -7.7% → +6.3%
  TSLA    20    35%W -0.4%    55%W +0.4%    55%W +0.3%    40%W -0.7%    55%W +0.1%    55%W +0.9%       -7.0% → +4.9%
  AMD     20    50%W +0.0%    55%W +0.5%    50%W +0.1%    40%W -0.4%    55%W +0.9%    55%W +1.1%       -7.1% → +5.8%
  SNOW    20    45%W -0.3%    50%W -0.4%    35%W -1.2%    40%W -0.9%    35%W -1.2%    50%W -0.4%       -9.6% → +7.3%
  MU      20    55%W +0.2%    50%W +0.0%    45%W -0.2%    55%W +0.1%    40%W -0.4%    50%W +0.2%       -4.1% → +4.4%
  MRVL    20    45%W -0.4%    55%W +0.1%    35%W -0.4%    35%W -0.9%    40%W -0.7%    50%W +0.2%       -6.4% → +6.2%
  CHTR    20    45%W -0.2%    35%W -0.2%    35%W -0.2%    35%W -0.5%    50%W -0.1%    50%W -0.0%       -5.7% → +5.5%
  META    20    25%W -0.4%    40%W -0.4%    45%W -0.4%    50%W +0.1%    55%W +0.4%    45%W -0.2%       -5.1% → +6.3%
  CRWD    20    40%W -0.3%    35%W -0.9%    45%W -1.6%    25%W -1.4%    30%W -2.5%    40%W -2.2%       -8.2% → +5.1%
  PLTR    20    50%W +0.1%    50%W -0.2%    45%W -1.0%    40%W -0.5%    35%W -0.9%    40%W -0.5%      -9.1% → +10.1%
  DDOG    20    45%W -0.1%    50%W -0.5%    35%W -1.2%    30%W -1.1%    45%W -1.6%    35%W -1.5%       -9.6% → +9.4%
  APP     20    40%W -0.6%    35%W -0.8%    35%W -0.8%    35%W -0.9%    15%W -1.4%    30%W -1.9%       -7.4% → +7.5%
Pre-session top-2 (9:25, 20d EOD win rate) — 2022-05-27  OR: 09:30/3b
  #1 LLY    +15m 60%W +0.2%  +30m 70%W +0.2%  +1h 65%W +0.6%  +2h 70%W +0.2%  +5h 60%W +0.1%  EOD 75%W +0.4%  EOD range -2.4% → +3.2%
  #2 SNPS   +15m 45%W -0.1%  +30m 50%W +0.1%  +1h 50%W -0.2%  +2h 40%W -0.5%  +5h 45%W -0.4%  EOD 70%W +0.5%  EOD range -4.0% → +2.7%
  Ticker   N          +15m          +30m           +1h           +2h           +5h           EOD           EOD range
  ----------------------------------------------------------------------------------------------------------------------
  LLY     20    60%W +0.2%    70%W +0.2%    65%W +0.6%    70%W +0.2%    60%W +0.1%    75%W +0.4%       -2.4% → +3.2%
  SNPS    20    45%W -0.1%    50%W +0.1%    50%W -0.2%    40%W -0.5%    45%W -0.4%    70%W +0.5%       -4.0% → +2.7%
  QCOM    20    45%W -0.1%    50%W +0.0%    40%W -0.2%    45%W -0.4%    45%W -0.2%    65%W +0.4%       -4.7% → +3.2%
  AVGO    20    65%W +0.1%    60%W +0.1%    55%W +0.4%    50%W -0.0%    50%W +0.2%    65%W +0.7%       -4.8% → +3.5%
  SPOT    20    50%W +0.4%    55%W +0.4%    50%W +0.2%    55%W +0.6%    60%W +0.2%    60%W +0.8%       -7.7% → +5.9%
  CHTR    20    45%W -0.2%    40%W -0.1%    40%W -0.1%    40%W -0.5%    55%W +0.3%    55%W +0.2%       -5.7% → +5.5%
  TSLA    20    40%W -0.4%    60%W +0.4%    60%W +0.4%    45%W -0.4%    55%W +0.1%    55%W +0.9%       -7.0% → +7.8%
  AMD     20    55%W +0.3%    60%W +1.0%    55%W +0.5%    45%W -0.2%    55%W +0.9%    55%W +1.1%       -7.1% → +5.8%
  SNOW    20    45%W -0.3%    55%W +0.3%    40%W -1.1%    45%W -0.6%    35%W -1.2%    50%W -0.4%       -9.6% → +9.4%
  MU      20    55%W +0.2%    50%W +0.1%    50%W -0.0%    60%W +0.2%    40%W -0.4%    50%W +0.2%       -4.1% → +4.4%
  MRVL    20    45%W -0.4%    55%W +0.1%    40%W -0.4%    35%W -0.9%    40%W -0.7%    50%W +0.2%       -6.4% → +5.4%
  META    20    30%W -0.3%    45%W -0.2%    50%W -0.2%    50%W +0.1%    55%W +0.4%    45%W -0.2%       -5.1% → +6.3%
  CRWD    20    40%W -0.5%    35%W -0.9%    45%W -1.6%    30%W -1.4%    30%W -2.5%    40%W -2.2%       -8.2% → +5.1%
  PLTR    20    55%W +0.4%    55%W +0.2%    50%W -0.4%    45%W -0.4%    35%W -0.9%    40%W -0.5%      -9.1% → +10.1%
  APP     20    45%W -0.2%    40%W -0.6%    40%W -0.5%    40%W -0.5%    20%W -1.4%    35%W -1.5%       -7.4% → +7.5%
  DDOG    20    50%W -0.0%    55%W +0.6%    40%W -0.8%    35%W -0.6%    45%W -1.6%    35%W -1.5%       -9.6% → +9.4%
Pre-session top-2 (9:25, 20d EOD win rate) — 2022-05-31  OR: 09:30/3b
  #1 SNPS   +15m 45%W -0.1%  +30m 50%W +0.1%  +1h 55%W +0.2%  +2h 45%W -0.2%  +5h 50%W -0.1%  EOD 75%W +0.6%  EOD range -3.2% → +2.8%
  #2 LLY    +15m 60%W +0.2%  +30m 70%W +0.2%  +1h 65%W +0.6%  +2h 70%W +0.2%  +5h 60%W +0.1%  EOD 75%W +0.7%  EOD range -2.4% → +3.2%
  Ticker   N          +15m          +30m           +1h           +2h           +5h           EOD           EOD range
  ----------------------------------------------------------------------------------------------------------------------
  SNPS    20    45%W -0.1%    50%W +0.1%    55%W +0.2%    45%W -0.2%    50%W -0.1%    75%W +0.6%       -3.2% → +2.8%
  LLY     20    60%W +0.2%    70%W +0.2%    65%W +0.6%    70%W +0.2%    60%W +0.1%    75%W +0.7%       -2.4% → +3.2%
  QCOM    20    40%W -0.1%    55%W +0.3%    45%W -0.2%    50%W -0.1%    50%W +0.1%    70%W +0.7%       -4.1% → +3.2%
  AVGO    20    65%W +0.1%    60%W +0.1%    60%W +0.5%    55%W +0.2%    55%W +0.5%    70%W +0.7%       -4.8% → +3.5%
  SPOT    20    45%W -0.1%    50%W +0.0%    55%W +0.5%    55%W +0.6%    65%W +0.5%    65%W +1.3%       -7.7% → +5.9%
  TSLA    20    40%W -0.4%    60%W +0.4%    60%W +0.5%    45%W -0.4%    60%W +0.3%    60%W +1.1%       -7.0% → +7.8%
  AMD     20    55%W +0.3%    60%W +1.0%    60%W +0.8%    50%W +0.4%    60%W +1.1%    60%W +1.5%       -7.1% → +5.8%
  SNOW    20    40%W -0.3%    55%W +0.3%    45%W -0.8%    50%W -0.1%    40%W -0.4%    55%W +0.2%       -7.6% → +9.4%
  MU      20    55%W +0.2%    50%W +0.0%    55%W +0.1%    60%W +0.2%    45%W -0.3%    55%W +0.6%       -4.1% → +4.4%
  MRVL    20    45%W -0.4%    50%W -0.0%    45%W -0.3%    40%W -0.8%    45%W -0.4%    55%W +1.0%       -6.4% → +5.4%
  CHTR    20    40%W -0.2%    45%W -0.1%    40%W -0.1%    40%W -0.5%    55%W +0.3%    55%W +0.2%       -5.7% → +5.5%
  META    20    30%W -0.3%    45%W -0.2%    55%W +0.1%    55%W +0.2%    60%W +0.7%    50%W +0.3%       -5.1% → +6.3%
  CRWD    20    40%W -0.5%    35%W -0.9%    45%W -1.6%    30%W -1.4%    35%W -2.5%    45%W -1.9%       -8.2% → +5.1%
  PLTR    20    55%W +0.4%    55%W +0.3%    55%W +0.3%    50%W -0.1%    40%W -0.8%    45%W -0.1%      -9.1% → +10.1%
  APP     20    45%W -0.2%    40%W -0.6%    45%W -0.5%    40%W -0.5%    25%W -1.3%    40%W -0.8%       -7.4% → +7.5%
  DDOG    20    50%W -0.0%    55%W +0.7%    40%W -0.8%    35%W -0.6%    50%W +0.3%    40%W -0.8%       -9.6% → +9.4%

=========================================================================================================================================================================================
Pre-Session Top-2 Performance — 2022-05-02 to 2022-05-31  |  Unconditional OR-close entry  |  OR: 09:30/3b
=========================================================================================================================================================================================
Date         Ticker Rank  At       Entry       +15m       +30m       +45m        +1h     +1h30m        +2h        +3h        +4h        +5h        +6h        +7h        EOD
-----------------------------------------------------------------------------------------------------------------------------------------------------------------------------------------
2022-05-02   SPOT   #1    09:40   104.06    +1.23%W    -0.30%L    +1.90%W    +1.92%W    +2.58%W    +1.62%W    +2.41%W    +1.03%W    +1.89%W    +3.95%W    +4.65%W    +4.65%W
2022-05-02   MU     #2    09:40    69.03    -0.36%L    -1.32%L    -0.06%L    -0.07%L    -0.15%L    -0.42%L    +0.07%W    -1.55%L    -1.36%L    +1.25%W    +2.27%W    +2.27%W
2022-05-03   SPOT   #1    09:40   107.72    +1.88%W    +2.20%W    +1.90%W    +0.67%W    +2.23%W    +1.91%W    +0.91%W    +2.76%W    +1.45%W    +0.97%W    +1.57%W    +1.57%W
2022-05-03   MU     #2    09:40    70.53    +1.04%W    +1.31%W    +1.28%W    +0.49%W    +1.32%W    +1.38%W    +1.58%W    +2.01%W    +0.94%W    +0.83%W    +1.07%W    +1.07%W
2022-05-04   SPOT   #1    09:40   107.66    -1.04%L    -1.33%L    -2.12%L    -2.24%L    -3.11%L    -2.11%L    +0.22%W    +0.59%W    +0.11%W    +4.42%W    +4.63%W    +4.63%W
2022-05-04   SNOW   #2    09:40   175.08    -2.85%L    -3.80%L    -3.92%L    -2.74%L    -3.92%L    -3.16%L    -0.51%L    -0.65%L    -0.04%L    +6.47%W    +6.33%W    +6.33%W
2022-05-05   SPOT   #1    09:40   108.36    -1.59%L    -1.55%L    -2.42%L    -2.53%L    -2.57%L    -2.30%L    -1.40%L    -0.65%L    -2.24%L    -3.13%L    -2.56%L    -2.56%L
2022-05-05   SNOW   #2    09:40   171.18    -0.98%L    -1.77%L    -2.74%L    -3.21%L    -2.93%L    -2.34%L    -2.87%L    -2.73%L    -3.36%L    -3.15%L    -2.83%L    -2.83%L
2022-05-06   SPOT   #1    09:40   102.27    +1.05%W    +2.37%W    +3.02%W    +2.29%W    +4.81%W    +3.43%W    +3.79%W    +3.25%W    +1.66%W    +2.30%W    +2.33%W    +2.33%W
2022-05-06   SNOW   #2    09:40   156.50    -1.87%L    +0.43%W    +1.55%W    +1.17%W    +4.63%W    +2.86%W    +1.87%W    +0.59%W    -0.64%L    -0.48%L    -0.79%L    -0.79%L
2022-05-09   SPOT   #1    09:40   102.26    -2.31%L    -2.61%L    -3.83%L    -4.22%L    -5.96%L    -4.75%L    -4.29%L    -5.33%L    -7.29%L    -7.80%L    -7.67%L    -7.67%L
2022-05-09   MU     #2    09:40    70.85    +0.32%W    -0.53%L    -1.74%L    -2.92%L    -4.05%L    -4.06%L    -3.51%L    -3.29%L    -3.83%L    -4.09%L    -4.09%L    -4.09%L
2022-05-10   SPOT   #1    09:40    95.73    +3.65%W    +3.31%W    +2.63%W    +1.10%W    -1.67%L    -0.76%L    -0.02%L    +3.58%W    +4.23%W    +2.72%W    +3.60%W    +3.60%W
2022-05-10   LLY    #2    09:40   292.77    -0.25%L    -0.20%L    -0.47%L    -0.83%L    -1.05%L    -1.84%L    -2.48%L    -1.73%L    -2.01%L    -2.16%L    -2.41%L    -2.41%L
2022-05-11   SPOT   #1    09:40    98.09    +1.54%W    +1.00%W    +2.17%W    +2.00%W    +0.07%W    +0.87%W    -1.63%L    -4.77%L    -3.75%L    -6.48%L    -6.37%L    -6.37%L
2022-05-11   SNPS   #2    09:40   266.00    +1.44%W    +0.18%W    +0.92%W    +1.58%W    +0.85%W    +1.62%W    +0.06%W    -0.92%L    -0.28%L    -1.91%L    -1.94%L    -1.94%L
2022-05-12   SPOT   #1    09:40    91.67    +1.43%W    +4.68%W    +5.61%W    +6.54%W    +8.59%W    +7.08%W    +7.85%W    +5.05%W    +3.05%W    +4.86%W    +5.90%W    +5.90%W
2022-05-12   LLY    #2    09:40   287.76    -0.35%L    -0.48%L    -0.68%L    +0.02%W    +0.25%W    -0.50%L    -0.22%L    +0.09%W    +0.14%W    +1.07%W    +1.40%W    +1.40%W
2022-05-13   LLY    #1    09:40   288.03    +0.34%W    +0.57%W    +0.78%W    +0.61%W    +0.25%W    +0.07%W    +0.65%W    +0.42%W    +0.11%W    +1.15%W    +1.25%W    +1.25%W
2022-05-13   SNPS   #2    09:40   270.30    +0.09%W    +1.10%W    +1.52%W    +1.00%W    +0.79%W    +0.81%W    +1.55%W    +1.37%W    +1.23%W    +1.97%W    +2.19%W    +2.19%W
2022-05-16   LLY    #1    09:40   300.98    +0.33%W    +2.09%W    +1.86%W    +1.70%W    +0.69%W    +0.57%W    +0.21%W    +0.60%W    -0.22%L    -0.34%L    -0.42%L    -0.42%L
2022-05-16   SNPS   #2    09:40   273.44    -0.49%L    +0.86%W    +1.18%W    +0.39%W    -0.54%L    +0.25%W    -0.51%L    +0.83%W    +0.78%W    -0.29%L    +0.18%W    +0.18%W
2022-05-17   LLY    #1    09:40   295.21    +1.49%W    +2.62%W    +2.18%W    +2.14%W    +2.16%W    +1.96%W    +2.07%W    +1.80%W    +1.43%W    +2.15%W    +2.16%W    +2.16%W
2022-05-17   SNPS   #2    09:40   282.37    -0.89%L    -1.02%L    -1.47%L    -1.87%L    -1.79%L    -0.72%L    -0.81%L    -0.29%L    -0.42%L    -0.02%L    +0.13%W    +0.13%W
2022-05-18   LLY    #1    09:40   298.26    -0.32%L    -0.76%L    -0.72%L    -0.65%L    -0.88%L    -0.32%L    -0.20%L    -0.47%L    -1.01%L    -1.18%L    -0.95%L    -0.95%L
2022-05-18   SNPS   #2    09:40   278.75    -0.14%L    +0.90%W    +0.28%W    +0.51%W    +0.48%W    -0.95%L    -1.59%L    -1.96%L    -2.21%L    -2.23%L    -2.22%L    -2.22%L
2022-05-19   LLY    #1    09:40   291.82    -2.17%L    -1.54%L    -1.01%L    -1.21%L    -1.67%L    -0.97%L    -2.07%L    -1.75%L    -2.25%L    -2.44%L    -1.90%L    -1.90%L
2022-05-19   SNPS   #2    09:40   295.46    +0.23%W    +1.50%W    +1.82%W    +0.82%W    +3.47%W    +3.57%W    +2.73%W    +2.99%W    +3.29%W    +2.57%W    +1.71%W    +1.71%W
2022-05-20   LLY    #1    09:40   293.84    +0.78%W    +0.90%W    +1.01%W    +0.84%W    +0.62%W    +0.25%W    +0.14%W    +0.13%W    +0.86%W    +1.47%W    +1.79%W    +1.79%W
2022-05-20   SNPS   #2    09:40   303.97    -0.63%L    -1.93%L    -1.29%L    -1.34%L    -2.33%L    -2.31%L    -2.98%L    -2.22%L    -1.81%L    +0.42%W    +0.95%W    +0.95%W
2022-05-23   LLY    #1    09:40   302.37    +0.71%W    +0.42%W    +0.35%W    +0.55%W    +0.24%W    +0.23%W    -0.20%L    +0.03%W    -0.14%L    -0.22%L    +0.07%W    +0.07%W
2022-05-23   SNPS   #2    09:40   306.88    +0.22%W    -0.53%L    -0.92%L    -1.16%L    -0.90%L    -0.31%L    +0.21%W    -0.49%L    +0.27%W    -0.36%L    +0.09%W    +0.09%W
2022-05-24   LLY    #1    09:40   303.81    +0.40%W    +0.28%W    +0.03%W    -0.43%L    -0.38%L    -0.75%L    -0.85%L    -0.51%L    +0.06%W    +0.79%W    +0.84%W    +0.84%W
2022-05-24   SNPS   #2    09:40   299.08    -0.40%L    -0.86%L    -0.22%L    -0.45%L    -1.22%L    -1.25%L    -0.79%L    -0.98%L    -1.25%L    -0.61%L    -0.91%L    -0.91%L
2022-05-25   LLY    #1    09:40   306.54    +0.49%W    +1.06%W    +1.08%W    +1.02%W    +0.23%W    +0.02%W    -0.30%L    +0.07%W    -0.16%L    +0.46%W    +0.26%W    +0.26%W
2022-05-25   SNPS   #2    09:40   298.05    -0.16%L    -0.28%L    +0.25%W    +0.26%W    +0.05%W    -0.61%L    -1.08%L    -0.53%L    +0.77%W    +0.59%W    +0.46%W    +0.46%W
2022-05-26   LLY    #1    09:40   307.88    +0.16%W    +0.17%W    +0.95%W    +0.98%W    +1.04%W    +0.61%W    +0.70%W    +1.35%W    +1.71%W    +1.83%W    +1.81%W    +1.81%W
2022-05-26   SNPS   #2    09:40   302.29    +0.25%W    +0.43%W    -0.12%L    +0.09%W    +1.00%W    +0.33%W    +0.66%W    +1.54%W    +1.90%W    +1.56%W    +1.25%W    +1.25%W
2022-05-27   LLY    #1    09:40   314.71    +0.29%W    +0.72%W    +0.83%W    +0.75%W    +1.16%W    +1.05%W    +1.55%W    +1.55%W    +1.57%W    +2.57%W    +2.79%W    +2.79%W
2022-05-27   SNPS   #2    09:40   314.34    +0.69%W    +1.48%W    +1.88%W    +1.19%W    +1.60%W    +2.06%W    +2.01%W    +1.94%W    +1.95%W    +2.28%W    +2.78%W    +2.78%W
2022-05-31   SNPS   #1    09:40   317.06    +0.37%W    -0.20%L    +0.18%W    +0.72%W    +0.52%W    +0.52%W    +1.26%W    +0.95%W    +0.97%W    +1.06%W    +0.64%W    +0.64%W
2022-05-31   LLY    #2    09:40   312.01    +0.07%W    +0.48%W    +0.09%W    +0.33%W    -0.36%L    -0.30%L    +0.53%W    +0.30%W    -0.01%L    -0.04%L    +0.40%W    +0.40%W

========================================================================================
Pre-session picks summary — 42 pick(s) across 21 trading day(s)

Top-2 picks (all days)  (42 signal(s))
  Hold      Count   Win Rate   Avg Gain    Avg Win   Avg Loss ProfitFactor   Sum Ret%
  -------------------------------------------------------------------------
  +15m         42      59.5%     +0.09%     +0.82%     -0.99%        1.22x     +3.72%
  +30m         42      57.1%     +0.24%     +1.29%     -1.17%        1.48x    +10.05%
  +45m         42      61.9%     +0.32%     +1.43%     -1.48%        1.57x    +13.53%
  +1h          42      64.3%     +0.14%     +1.17%     -1.72%        1.22x     +5.79%
  +1h30m       42      57.1%     +0.10%     +1.65%     -1.97%        1.12x     +4.17%
  +2h          42      52.4%     +0.06%     +1.50%     -1.54%        1.08x     +2.35%
  +3h          42      52.4%     +0.11%     +1.50%     -1.42%        1.17x     +4.74%
  +4h          42      57.1%     +0.10%     +1.45%     -1.71%        1.13x     +4.02%
  +5h          42      52.4%     -0.09%     +1.38%     -1.71%        0.89x     -3.91%
  +6h          42      57.1%     +0.30%     +2.07%     -2.05%        1.35x    +12.75%
  +7h          42      69.0%     +0.49%     +1.91%     -2.70%        1.58x    +20.43%
  EOD          42      69.0%     +0.49%     +1.91%     -2.70%        1.58x    +20.43%

=========================================================================================================================================================================================
Signal Analysis — 2022-05-02 to 2022-05-31  |  BULL only  |  Vol ≥ 1.0x 20dAvg
Windows: 09:30/3b  |  Collection: 3 bars  |  Tickers: 19
=========================================================================================================================================================================================
Date         Ticker Window   At       Entry  Vol/20d       +15m       +30m       +45m        +1h     +1h30m        +2h        +3h        +4h        +5h        +6h        +7h        EOD
-----------------------------------------------------------------------------------------------------------------------------------------------------------------------------------------
2022-05-02   APP    09:30/3b 09:45    38.69    1.23x    -0.05%L    -1.89%L    +1.11%W    -1.01%L    -0.43%L    -0.67%L    +0.03%W    -0.71%L    +0.26%W    +2.04%W    +2.33%W    +2.33%W
2022-05-02   META   09:30/3b 09:40   206.19    1.67x    +1.64%W    +0.30%W    +1.94%W    +1.48%W    +1.54%W    -0.02%L    -0.12%L    -1.41%L    -1.55%L    +1.68%W    +2.40%W    +2.40%W
2022-05-02   SNOW   09:30/3b 09:40   174.80    1.69x    -0.37%L    -2.84%L    +0.07%W    -1.20%L    -1.64%L    -2.12%L    -0.95%L    -2.99%L    -2.18%L    +0.38%W    +1.75%W    +1.75%W
2022-05-02   QCOM   09:30/3b 09:40   143.30    1.23x    -0.73%L    -1.91%L    -0.54%L    -0.42%L    -0.88%L    -1.68%L    -1.53%L    -2.46%L    -2.63%L    +0.36%W    +1.42%W    +1.42%W
2022-05-02   TSLA   09:30/3b 09:40   881.07    1.44x    -0.47%L    -1.19%L    +0.63%W    +0.45%W    +0.00%W    -0.97%L    -0.79%L    -2.40%L    -1.74%L    +1.10%W    +2.48%W    +2.48%W
2022-05-02   AVGO   09:30/3b 09:40   567.15    2.18x    -0.75%L    -1.21%L    +0.52%W    +0.49%W    +0.41%W    -0.19%L    +0.07%W    -0.72%L    -1.21%L    +0.88%W    +1.66%W    +1.66%W
2022-05-02   AMD    09:30/3b 09:40    87.96    1.20x    -0.11%L    -1.59%L    +0.42%W    -0.08%L    -0.23%L    -1.14%L    -0.22%L    -2.65%L    -2.02%L    +0.66%W    +2.15%W    +2.15%W
2022-05-03   APP    09:30/3b 09:40    40.20    1.45x    +1.83%W    -0.15%L    -0.45%L    -2.89%L    +0.06%W    -0.90%L    -1.24%L    +0.22%W    -0.40%L    -1.25%L    -1.07%L    -1.07%L
2022-05-03   PLTR   09:30/3b 09:50    10.78    1.01x    -0.09%L    -0.70%L    -1.16%L    -1.21%L    -0.14%L    -0.57%L    -2.27%L    -0.70%L    -1.95%L    -2.18%L    -2.18%L    -2.18%L
2022-05-04   MU     09:30/3b 09:40    71.80    1.56x    +0.26%W    -0.13%L    -0.53%L    -0.86%L    -1.77%L    -2.03%L    -0.58%L    -0.74%L    -0.50%L    +2.53%W    +2.55%W    +2.55%W
2022-05-04   QCOM   09:30/3b 09:40   144.48    1.32x    -0.13%L    -0.81%L    -0.93%L    -1.18%L    -2.09%L    -2.71%L    -1.06%L    -1.12%L    -0.46%L    +2.98%W    +3.18%W    +3.18%W
2022-05-05   CHTR   09:30/3b 09:40   455.83    1.28x    +0.50%W    -0.32%L    +0.03%W    +0.33%W    +0.00%W    +0.87%W    +0.78%W    +1.38%W    +0.20%W    +0.00%W    +0.08%W    +0.08%W
2022-05-06   CHTR   09:30/3b 09:40   468.03    1.81x    -1.16%L    -0.97%L    -0.19%L    -0.65%L    +0.11%W    -1.28%L    -1.09%L    -2.02%L    -2.23%L    -1.40%L    -1.80%L    -1.80%L
2022-05-06   AMD    09:30/3b 09:50    94.22    1.14x    +1.26%W    +2.46%W    +1.29%W    +3.01%W    +3.96%W    +1.57%W    +2.72%W    +1.02%W    +1.13%W    +1.10%W    +1.18%W    +1.18%W
2022-05-09   MU     09:30/3b 09:40    70.85    1.19x    +0.32%W    -0.53%L    -1.74%L    -2.92%L    -4.05%L    -4.06%L    -3.51%L    -3.29%L    -3.83%L    -4.09%L    -4.09%L    -4.09%L
2022-05-09   QCOM   09:30/3b 09:40   139.13    1.84x    -0.26%L    -0.28%L    -0.95%L    -1.23%L    -2.44%L    -2.36%L    -2.18%L    -2.19%L    -2.94%L    -2.89%L    -3.02%L    -3.02%L
2022-05-09   CHTR   09:30/3b 09:40   471.76    1.81x    +0.67%W    +0.75%W    +0.21%W    +0.44%W    +0.02%W    -0.54%L    -0.21%L    -1.48%L    -1.31%L    -1.55%L    -1.73%L    -1.73%L
2022-05-09   AVGO   09:30/3b 09:50   577.33    1.05x    -0.92%L    -1.27%L    -1.72%L    -1.36%L    -1.17%L    -1.72%L    -1.63%L    -2.41%L    -2.06%L    -2.92%L    -2.50%L    -2.50%L
2022-05-11   APP    09:30/3b 09:40    29.05    5.60x    -0.24%L    -0.55%L    +1.27%W    +2.19%W    +2.20%W    +1.93%W    +1.58%W    -1.96%L    -1.91%L    -5.03%L    -6.08%L    -6.08%L
2022-05-11   SNPS   09:30/3b 09:45   270.49    2.61x    -0.45%L    -0.99%L    -0.80%L    -0.57%L    -1.64%L    -0.36%L    -1.38%L    -2.42%L    -2.60%L    -3.77%L    -3.57%L    -3.57%L
2022-05-11   CRWD   09:30/3b 09:40   149.78    1.05x    -0.20%L    -0.96%L    -0.06%L    +0.91%W    +0.12%W    -0.35%L    -1.99%L    -6.45%L    -5.36%L    -7.99%L    -8.23%L    -8.23%L
2022-05-11   PLTR   09:30/3b 09:40     7.39    1.46x    -0.74%L    -1.76%L    -0.95%L    -1.08%L    -2.84%L    -2.98%L    -4.87%L    -7.92%L    -6.09%L    -8.80%L    -9.07%L    -9.07%L
2022-05-11   AVGO   09:30/3b 09:45   583.62    1.07x    +0.16%W    -0.28%L    -0.35%L    -0.35%L    -1.68%L    -0.34%L    -1.26%L    -2.03%L    -2.31%L    -2.55%L    -2.83%L    -2.83%L
2022-05-11   AMD    09:30/3b 09:40    89.54    1.58x    +1.51%W    +1.57%W    +2.90%W    +4.05%W    +2.47%W    +3.13%W    +1.40%W    -0.23%L    +0.95%W    -1.05%L    -1.80%L    -1.80%L
2022-05-11   DDOG   09:30/3b 09:40    99.11    1.59x    +1.64%W    +1.85%W    +4.62%W    +4.81%W    +2.71%W    +2.56%W    +0.54%W    -1.22%L    +1.16%W    -1.22%L    -1.19%L    -1.19%L
2022-05-12   MU     09:30/3b 09:50    66.80    1.04x    +0.18%W    +0.97%W    +0.39%W    +0.51%W    +0.73%W    +0.84%W    +2.19%W    +0.55%W    -1.23%L    +0.48%W    +1.39%W    +1.39%W
2022-05-13   MU     09:30/3b 09:40    68.96    1.93x    +1.45%W    +1.73%W    +3.05%W    +3.15%W    +3.31%W    +3.35%W    +4.85%W    +4.75%W    +3.80%W    +4.70%W    +4.36%W    +4.36%W
2022-05-13   MRVL   09:30/3b 09:40    54.66    1.80x    +1.10%W    +1.46%W    +2.40%W    +2.82%W    +3.01%W    +2.95%W    +4.24%W    +3.90%W    +4.73%W    +5.18%W    +5.40%W    +5.40%W
2022-05-13   CRWD   09:30/3b 09:40   148.76    2.39x    +1.47%W    +2.64%W    +3.08%W    +2.63%W    +2.22%W    +3.38%W    +4.23%W    +4.50%W    +4.14%W    +4.98%W    +5.10%W    +5.10%W
2022-05-13   CHTR   09:30/3b 09:40   472.53    2.05x    +0.39%W    -0.34%L    -0.75%L    -1.66%L    -1.10%L    -1.14%L    -0.02%L    -0.64%L    -1.04%L    -0.57%L    -0.24%L    -0.24%L
2022-05-13   TSLA   09:30/3b 09:50   766.74    1.10x    +0.03%W    +0.26%W    +0.86%W    +0.56%W    +0.23%W    +0.45%W    +1.38%W    +0.36%W    +0.22%W    -0.05%L    +0.37%W    +0.37%W
2022-05-16   APP    09:30/3b 09:40    38.57    1.10x    -0.13%L    +0.96%W    +1.52%W    -0.78%L    -1.63%L    -2.77%L    -4.25%L    -0.73%L    -0.49%L    -2.31%L    -3.14%L    -3.14%L
2022-05-16   META   09:30/3b 09:40   200.92    1.06x    -0.89%L    -0.67%L    +0.19%W    -0.46%L    -0.47%L    +0.22%W    +0.91%W    +1.43%W    +1.21%W    -0.48%L    -0.44%L    -0.44%L
2022-05-16   LLY    09:30/3b 09:45   301.03    7.28x    +1.55%W    +2.14%W    +2.29%W    +1.47%W    +0.61%W    +0.64%W    -0.05%L    +0.71%W    -0.18%L    -0.54%L    -0.44%L    -0.44%L
2022-05-16   CRWD   09:30/3b 09:40   155.15    1.28x    -1.52%L    -0.78%L    -0.86%L    -3.33%L    -4.77%L    -4.35%L    -5.21%L    -4.22%L    -4.52%L    -6.34%L    -5.69%L    -5.69%L
2022-05-16   PLTR   09:30/3b 09:40     8.27    1.27x    -1.15%L    +0.13%W    +1.88%W    -1.15%L    -1.48%L    -1.15%L    -1.27%L    -0.60%L    -0.85%L    -2.87%L    -2.60%L    -2.60%L
2022-05-16   AMD    09:30/3b 09:40    94.67    1.33x    +0.78%W    +1.88%W    +3.52%W    +2.47%W    +0.38%W    +1.09%W    +0.43%W    +1.39%W    +1.60%W    -0.10%L    -0.44%L    -0.44%L
2022-05-17   LLY    09:30/3b 09:50   298.00    1.12x    +1.39%W    +1.26%W    +1.27%W    +1.11%W    +0.98%W    +0.88%W    +1.01%W    +1.01%W    +0.52%W    +1.08%W    +1.20%W    +1.20%W
2022-05-17   TSLA   09:30/3b 09:40   753.01    1.16x    -0.88%L    -1.58%L    -2.13%L    -2.75%L    -1.96%L    -0.31%L    -0.03%L    +0.24%W    +0.03%W    +1.20%W    +1.18%W    +1.18%W
2022-05-18   SNPS   09:30/3b 09:40   278.75    1.03x    -0.14%L    +0.90%W    +0.28%W    +0.51%W    +0.48%W    -0.95%L    -1.59%L    -1.96%L    -2.21%L    -2.23%L    -2.22%L    -2.22%L
2022-05-18   MRVL   09:30/3b 09:40    57.93    1.84x    +0.31%W    +1.42%W    +0.95%W    +0.50%W    -0.51%L    -1.69%L    -4.21%L    -4.62%L    -4.63%L    -5.21%L    -5.04%L    -5.04%L
2022-05-19   SNOW   09:30/3b 09:40   142.70    1.30x    +1.82%W    +0.52%W    +0.30%W    +0.23%W    +2.85%W    +4.95%W    +5.63%W    +5.70%W    +6.12%W    +4.83%W    +2.89%W    +2.89%W
2022-05-19   DDOG   09:30/3b 09:40    93.52    2.25x    +0.43%W    +1.25%W    +1.69%W    +0.80%W    +3.31%W    +5.69%W    +4.54%W    +4.12%W    +4.51%W    +4.14%W    +3.23%W    +3.23%W
2022-05-20   SNOW   09:30/3b 09:40   146.95    1.11x    -2.01%L    -2.29%L    -1.10%L    -1.23%L    -5.11%L    -4.73%L    -7.84%L    -6.59%L    -6.14%L    -4.35%L    -3.67%L    -3.67%L
2022-05-20   SNPS   09:30/3b 09:40   303.97    2.01x    -0.63%L    -1.93%L    -1.29%L    -1.34%L    -2.33%L    -2.31%L    -2.98%L    -2.22%L    -1.81%L    +0.42%W    +0.95%W    +0.95%W
2022-05-20   LLY    09:30/3b 09:40   293.84    1.19x    +0.78%W    +0.90%W    +1.01%W    +0.84%W    +0.62%W    +0.25%W    +0.14%W    +0.13%W    +0.86%W    +1.47%W    +1.79%W    +1.79%W
2022-05-20   DDOG   09:30/3b 09:40   100.05    1.60x    +0.25%W    -1.99%L    -1.20%L    -2.46%L    -5.20%L    -5.23%L    -8.31%L    -8.61%L    -9.00%L    -5.58%L    -5.26%L    -5.26%L
2022-05-23   CRWD   09:30/3b 09:45   153.91    1.60x    -4.51%L    -4.42%L    -3.87%L    -4.30%L    -3.81%L    -3.69%L    -3.64%L    -3.45%L    -3.39%L    -3.89%L    -3.12%L    -3.12%L
2022-05-23   QCOM   09:30/3b 09:40   129.98    1.19x    +0.12%W    -0.54%L    -0.52%L    -0.51%L    +0.15%W    +1.19%W    +1.37%W    +1.17%W    +1.69%W    +0.78%W    +1.68%W    +1.68%W
2022-05-23   TSLA   09:30/3b 09:40   656.25    1.81x    -1.17%L    -0.51%L    +1.11%W    +0.72%W    +1.15%W    +1.60%W    +2.80%W    +1.92%W    +2.76%W    +2.32%W    +2.82%W    +2.82%W
2022-05-23   AMD    09:30/3b 09:45    93.81    1.23x    -2.41%L    -1.61%L    -1.43%L    -2.35%L    -1.13%L    -0.63%L    -0.01%L    +0.67%W    +0.85%W    +0.31%W    +1.39%W    +1.39%W
2022-05-24   AVGO   09:30/3b 09:50   522.62    1.32x    -0.73%L    -0.59%L    -0.34%L    -0.50%L    -0.57%L    +0.02%W    -0.31%L    +0.49%W    -0.32%L    +0.10%W    +0.41%W    +0.41%W
2022-05-25   APP    09:30/3b 09:40    34.39    1.51x    -1.16%L    -0.87%L    +0.64%W    +0.52%W    +0.60%W    -0.20%L    +1.10%W    +1.40%W    +3.45%W    +3.61%W    +3.98%W    +3.98%W
2022-05-25   SNOW   09:30/3b 09:40   131.02    1.43x    -0.27%L    +0.21%W    +1.51%W    +0.94%W    +0.82%W    -0.79%L    -1.25%L    -0.63%L    +1.32%W    +1.55%W    +1.53%W    +1.53%W
2022-05-25   SNPS   09:30/3b 09:40   298.05    1.15x    -0.16%L    -0.28%L    +0.25%W    +0.26%W    +0.05%W    -0.61%L    -1.08%L    -0.53%L    +0.77%W    +0.59%W    +0.46%W    +0.46%W
2022-05-25   MRVL   09:30/3b 09:40    52.90    1.18x    +0.06%W    +0.11%W    +0.90%W    +0.34%W    +0.00%L    -0.25%L    -0.72%L    +0.59%W    +1.70%W    +1.81%W    +2.02%W    +2.02%W
2022-05-26   SPOT   09:30/3b 09:50   110.09    1.54x    -0.51%L    -0.36%L    -1.02%L    -0.28%L    -0.52%L    -0.71%L    -0.60%L    -1.12%L    -1.03%L    -1.46%L    -1.37%L    -1.37%L
2022-05-26   MRVL   09:30/3b 09:40    54.55    1.69x    +1.66%W    +2.16%W    +1.89%W    +1.59%W    +2.93%W    +2.90%W    +3.68%W    +4.53%W    +4.62%W    +4.23%W    +4.36%W    +4.36%W
2022-05-26   CRWD   09:30/3b 09:40   153.97    1.61x    -0.83%L    -0.50%L    -1.24%L    -2.06%L    +0.09%W    +0.28%W    +1.36%W    +2.38%W    +2.15%W    +1.32%W    +1.20%W    +1.20%W
2022-05-26   TSLA   09:30/3b 09:45   661.49    1.01x    +1.34%W    +3.62%W    +3.17%W    +4.18%W    +5.80%W    +6.23%W    +8.15%W    +7.48%W    +7.17%W    +7.18%W    +6.96%W    +6.96%W
2022-05-26   AVGO   09:30/3b 09:40   538.34    1.95x    +0.94%W    +1.58%W    +2.14%W    +1.29%W    +2.14%W    +1.86%W    +2.52%W    +2.53%W    +2.52%W    +2.15%W    +2.30%W    +2.30%W
2022-05-26   AMD    09:30/3b 09:45    94.78    1.08x    +0.33%W    +1.68%W    +0.85%W    +2.13%W    +4.14%W    +4.52%W    +5.13%W    +5.16%W    +4.71%W    +4.51%W    +4.14%W    +4.14%W
2022-05-27   LLY    09:30/3b 09:40   314.71    1.44x    +0.29%W    +0.72%W    +0.83%W    +0.75%W    +1.16%W    +1.05%W    +1.55%W    +1.55%W    +1.57%W    +2.57%W    +2.79%W    +2.79%W
2022-05-27   CHTR   09:30/3b 09:40   512.83    1.10x    -0.16%L    +0.22%W    +0.12%W    -0.22%L    -0.06%L    -0.49%L    -0.56%L    -0.38%L    -0.68%L    -0.56%L    -0.55%L    -0.55%L

========================================================================================
Summary — 64 qualifying signal(s) across 21 trading day(s)

Window 09:30/3b  (64 signal(s))
  Hold      Count   Win Rate   Avg Gain    Avg Win   Avg Loss ProfitFactor   Sum Ret%
  -------------------------------------------------------------------------
  +15m         64      48.4%     +0.01%     +0.85%     -0.79%        1.02x     +0.49%
  +30m         64      43.8%     -0.06%     +1.27%     -1.10%        0.90x     -3.92%
  +45m         64      60.9%     +0.42%     +1.36%     -1.04%        2.03x    +26.98%
  +1h          64      51.6%     +0.10%     +1.47%     -1.37%        1.14x     +6.11%
  +1h30m       64      54.7%     -0.00%     +1.47%     -1.78%        0.99x     -0.26%
  +2h          64      40.6%     -0.07%     +2.09%     -1.55%        0.92x     -4.56%
  +3h          64      42.2%     -0.10%     +2.38%     -1.91%        0.91x     -6.50%
  +4h          64      43.8%     -0.38%     +2.19%     -2.38%        0.71x    -24.52%
  +5h          64      45.3%     -0.25%     +2.30%     -2.37%        0.81x    -16.07%
  +6h          64      54.7%     -0.13%     +2.15%     -2.87%        0.90x     -8.00%
  +7h          64      56.2%     +0.03%     +2.36%     -2.98%        1.02x     +1.72%
  EOD          64      56.2%     +0.03%     +2.36%     -2.98%        1.02x     +1.72%
