Fetching 5-min bars (2022-07-18 → 2022-09-30) [alpaca]...
  [cache] fetching 2 tickers from alpaca (cache miss)
  [cache] loaded 15 tickers from cache
Fetching daily bars (2021-09-01 → 2022-09-30)...

=========================================================================================================================================================================================
Pre-Session Rankings (9:25) — 2022-09-01 to 2022-09-30  |  20d lookback
(Unconditional hold from OR close — no signal or vol filter)
=========================================================================================================================================================================================
Pre-session top-2 (9:25, 20d EOD win rate) — 2022-09-01  OR: 09:30/3b
  #1 LLY    +15m 75%W +0.1%  +30m 65%W +0.1%  +1h 60%W +0.2%  +2h 60%W +0.1%  +5h 45%W -0.3%  EOD 50%W +0.0%  EOD range -2.3% → +1.4%
  #2 SNOW   +15m 40%W -0.1%  +30m 50%W +0.1%  +1h 35%W -0.6%  +2h 40%W -1.0%  +5h 50%W -0.0%  EOD 45%W -0.1%  EOD range -5.5% → +6.0%
  Ticker   N          +15m          +30m           +1h           +2h           +5h           EOD           EOD range
  ----------------------------------------------------------------------------------------------------------------------
  LLY     20    75%W +0.1%    65%W +0.1%    60%W +0.2%    60%W +0.1%    45%W -0.3%    50%W +0.0%       -2.3% → +1.4%
  SNOW    20    40%W -0.1%    50%W +0.1%    35%W -0.6%    40%W -1.0%    50%W -0.0%    45%W -0.1%       -5.5% → +6.0%
  MU      20    50%W -0.0%    50%W +0.0%    50%W -0.1%    45%W -0.4%    40%W -0.4%    45%W -0.6%       -4.6% → +2.9%
  CRWD    20    45%W -0.1%    40%W -0.3%    35%W -0.5%    30%W -0.6%    40%W -0.3%    45%W -0.3%       -5.7% → +3.1%
  QCOM    20    45%W -0.1%    50%W -0.0%    35%W -0.3%    40%W -0.6%    55%W +0.0%    45%W -0.3%       -5.5% → +2.3%
  AVGO    20    55%W +0.0%    40%W -0.2%    30%W -0.4%    40%W -0.4%    55%W +0.0%    45%W -0.3%       -5.0% → +2.4%
  AMD     20    30%W -0.2%    35%W -0.2%    35%W -0.7%    40%W -0.5%    45%W -0.2%    45%W -0.1%       -5.5% → +3.4%
  MRVL    20    35%W -0.2%    45%W -0.3%    25%W -0.7%    35%W -1.1%    40%W -0.4%    40%W -0.5%       -7.0% → +4.6%
  DDOG    20    50%W +0.1%    45%W -0.2%    35%W -0.5%    40%W -0.8%    35%W -0.4%    40%W -0.3%       -4.9% → +4.8%
  SNPS    20    45%W -0.0%    40%W -0.3%    40%W -0.3%    30%W -0.3%    30%W -0.2%    40%W -0.2%       -2.6% → +1.6%
  APP     20    50%W +0.0%    45%W -0.0%    35%W -0.9%    40%W -1.1%    40%W -0.8%    35%W -0.9%      -11.4% → +4.5%
  META    20    35%W -0.2%    40%W -0.2%    45%W -0.3%    30%W -0.6%    35%W -0.8%    35%W -0.6%       -4.5% → +2.5%
  PLTR    20    50%W +0.1%    40%W -0.4%    35%W -0.6%    40%W -0.8%    50%W -0.3%    35%W -0.6%       -4.1% → +4.3%
  TSLA    20    35%W -0.2%    35%W -0.3%    35%W -0.3%    25%W -0.7%    25%W -0.8%    35%W -1.0%       -4.3% → +4.3%
  SPOT    20    50%W +0.0%    45%W -0.3%    45%W -0.5%    20%W -0.6%    25%W -0.7%    35%W -0.7%       -3.0% → +2.1%
  CHTR    20    50%W +0.1%    45%W -0.0%    40%W -0.2%    35%W -0.4%    35%W -0.8%    30%W -0.8%       -4.5% → +2.9%
Pre-session top-2 (9:25, 20d EOD win rate) — 2022-09-02  OR: 09:30/3b
  #1 LLY    +15m 75%W +0.1%  +30m 70%W +0.2%  +1h 60%W +0.4%  +2h 60%W +0.1%  +5h 50%W -0.1%  EOD 55%W +0.2%  EOD range -2.3% → +2.6%
  #2 MU     +15m 50%W -0.0%  +30m 50%W +0.0%  +1h 50%W -0.1%  +2h 45%W -0.5%  +5h 40%W -0.4%  EOD 45%W -0.6%  EOD range -4.6% → +3.1%
  Ticker   N          +15m          +30m           +1h           +2h           +5h           EOD           EOD range
  ----------------------------------------------------------------------------------------------------------------------
  LLY     20    75%W +0.1%    70%W +0.2%    60%W +0.4%    60%W +0.1%    50%W -0.1%    55%W +0.2%       -2.3% → +2.6%
  MU      20    50%W -0.0%    50%W +0.0%    50%W -0.1%    45%W -0.5%    40%W -0.4%    45%W -0.6%       -4.6% → +3.1%
  MRVL    20    35%W -0.2%    45%W -0.3%    25%W -0.7%    35%W -1.1%    45%W -0.4%    45%W -0.1%       -7.0% → +4.6%
  QCOM    20    45%W -0.1%    50%W -0.0%    35%W -0.3%    40%W -0.6%    55%W +0.0%    45%W -0.3%       -5.5% → +2.3%
  AVGO    20    50%W -0.0%    40%W -0.2%    30%W -0.4%    40%W -0.6%    55%W +0.0%    45%W -0.3%       -5.0% → +2.4%
  AMD     20    30%W -0.3%    35%W -0.3%    30%W -0.8%    35%W -0.9%    40%W -0.4%    45%W -0.1%       -5.5% → +2.2%
  APP     20    50%W +0.0%    40%W -0.1%    35%W -1.1%    40%W -1.6%    45%W -0.5%    40%W -0.9%      -11.4% → +4.5%
  SNOW    20    40%W -0.1%    50%W +0.1%    35%W -0.6%    40%W -1.0%    45%W -0.3%    40%W -0.4%       -5.5% → +6.0%
  CRWD    20    45%W -0.1%    40%W -0.3%    35%W -0.5%    30%W -0.6%    40%W -0.5%    40%W -0.7%       -5.7% → +3.1%
  TSLA    20    35%W -0.3%    35%W -0.3%    35%W -0.3%    25%W -0.7%    25%W -0.6%    40%W -0.9%       -4.3% → +4.3%
  META    20    35%W -0.2%    40%W -0.2%    45%W -0.3%    30%W -0.6%    35%W -0.8%    35%W -0.6%       -4.5% → +2.5%
  CHTR    20    50%W +0.1%    50%W -0.0%    40%W -0.2%    35%W -0.4%    40%W -0.6%    35%W -0.4%       -4.5% → +2.9%
  DDOG    20    45%W -0.2%    40%W -0.3%    30%W -0.7%    35%W -1.2%    30%W -0.6%    35%W -0.5%       -4.9% → +3.8%
  SNPS    20    45%W -0.0%    40%W -0.3%    40%W -0.3%    30%W -0.3%    30%W -0.4%    35%W -0.3%       -2.6% → +1.6%
  SPOT    20    50%W -0.1%    45%W -0.3%    45%W -0.5%    20%W -0.6%    25%W -0.7%    35%W -0.6%       -3.0% → +2.1%
  PLTR    20    50%W +0.1%    40%W -0.4%    35%W -0.6%    40%W -0.8%    45%W -0.9%    30%W -0.6%       -4.1% → +4.3%
Pre-session top-2 (9:25, 20d EOD win rate) — 2022-09-06  OR: 09:30/3b
  #1 LLY    +15m 75%W +0.2%  +30m 75%W +0.2%  +1h 65%W +0.4%  +2h 65%W +0.1%  +5h 50%W -0.1%  EOD 55%W +0.2%  EOD range -2.3% → +2.6%
  #2 MU     +15m 55%W +0.2%  +30m 50%W +0.0%  +1h 55%W +0.1%  +2h 50%W -0.1%  +5h 40%W -0.4%  EOD 45%W -0.7%  EOD range -4.6% → +3.1%
  Ticker   N          +15m          +30m           +1h           +2h           +5h           EOD           EOD range
  ----------------------------------------------------------------------------------------------------------------------
  LLY     20    75%W +0.2%    75%W +0.2%    65%W +0.4%    65%W +0.1%    50%W -0.1%    55%W +0.2%       -2.3% → +2.6%
  MU      20    55%W +0.2%    50%W +0.0%    55%W +0.1%    50%W -0.1%    40%W -0.4%    45%W -0.7%       -4.6% → +3.1%
  MRVL    20    35%W -0.2%    45%W -0.3%    25%W -0.7%    40%W -0.9%    45%W -0.4%    40%W -0.1%       -7.0% → +4.6%
  CRWD    20    40%W -0.2%    40%W -0.3%    35%W -0.5%    30%W -0.6%    40%W -0.5%    40%W -0.7%       -5.7% → +2.4%
  QCOM    20    50%W -0.0%    50%W -0.0%    35%W -0.3%    45%W -0.4%    55%W +0.0%    40%W -0.7%       -5.5% → +2.3%
  TSLA    20    35%W -0.3%    35%W -0.3%    40%W -0.3%    30%W -0.4%    25%W -0.6%    40%W -0.9%       -3.9% → +4.3%
  AVGO    20    50%W -0.0%    40%W -0.2%    30%W -0.4%    45%W -0.4%    50%W -0.2%    40%W -0.5%       -5.0% → +2.4%
  AMD     20    25%W -0.3%    35%W -0.3%    30%W -0.8%    40%W -0.9%    35%W -0.9%    40%W -0.6%       -5.5% → +2.2%
  APP     20    45%W -0.1%    35%W -0.2%    35%W -1.1%    40%W -1.6%    40%W -0.9%    35%W -1.8%      -11.4% → +4.5%
  META    20    40%W -0.2%    40%W -0.2%    45%W -0.3%    35%W -0.4%    35%W -0.8%    35%W -0.6%       -4.5% → +2.5%
  SNOW    20    35%W -0.1%    50%W +0.0%    35%W -0.6%    40%W -1.0%    40%W -0.3%    35%W -0.7%       -5.5% → +6.0%
  CHTR    20    50%W +0.1%    45%W -0.1%    40%W -0.2%    35%W -0.4%    35%W -0.8%    30%W -0.8%       -4.5% → +2.9%
  DDOG    20    40%W -0.3%    40%W -0.3%    30%W -0.7%    35%W -1.2%    25%W -0.6%    30%W -0.5%       -4.9% → +1.9%
  SNPS    20    40%W -0.1%    40%W -0.3%    40%W -0.3%    30%W -0.3%    30%W -0.4%    30%W -0.3%       -2.6% → +1.5%
  SPOT    20    45%W -0.3%    45%W -0.3%    45%W -0.5%    25%W -0.6%    25%W -0.7%    30%W -0.7%       -3.0% → +2.1%
  PLTR    20    45%W -0.3%    35%W -0.4%    35%W -0.6%    40%W -0.8%    40%W -0.9%    25%W -0.7%       -4.1% → +4.3%
Pre-session top-2 (9:25, 20d EOD win rate) — 2022-09-07  OR: 09:30/3b
  #1 LLY    +15m 75%W +0.2%  +30m 75%W +0.2%  +1h 65%W +0.4%  +2h 65%W +0.1%  +5h 50%W -0.1%  EOD 55%W +0.2%  EOD range -2.3% → +2.6%
  #2 MU     +15m 50%W -0.0%  +30m 45%W -0.0%  +1h 50%W -0.2%  +2h 50%W -0.1%  +5h 40%W -0.4%  EOD 45%W -0.8%  EOD range -4.6% → +3.1%
  Ticker   N          +15m          +30m           +1h           +2h           +5h           EOD           EOD range
  ----------------------------------------------------------------------------------------------------------------------
  LLY     20    75%W +0.2%    75%W +0.2%    65%W +0.4%    65%W +0.1%    50%W -0.1%    55%W +0.2%       -2.3% → +2.6%
  MU      20    50%W -0.0%    45%W -0.0%    50%W -0.2%    50%W -0.1%    40%W -0.4%    45%W -0.8%       -4.6% → +3.1%
  TSLA    20    35%W -0.3%    35%W -0.4%    35%W -0.3%    35%W -0.2%    30%W -0.6%    45%W -0.4%       -3.3% → +4.3%
  AVGO    20    50%W -0.0%    40%W -0.3%    30%W -0.4%    50%W +0.0%    55%W +0.0%    45%W -0.3%       -5.0% → +2.4%
  MRVL    20    35%W -0.2%    45%W -0.3%    25%W -0.7%    40%W -0.4%    45%W -0.4%    40%W -0.1%       -7.0% → +4.6%
  CRWD    20    35%W -0.2%    35%W -0.5%    30%W -0.6%    35%W -0.5%    45%W -0.3%    40%W -0.4%       -5.7% → +2.4%
  QCOM    20    50%W -0.0%    50%W -0.0%    35%W -0.3%    50%W -0.1%    55%W +0.0%    40%W -0.7%       -5.5% → +2.3%
  AMD     20    25%W -0.3%    35%W -0.4%    30%W -0.9%    40%W -0.6%    35%W -0.9%    40%W -0.7%       -5.5% → +2.2%
  APP     20    45%W -0.1%    35%W -0.2%    35%W -1.1%    40%W -1.6%    40%W -0.9%    35%W -1.8%      -11.4% → +4.5%
  META    20    35%W -0.2%    35%W -0.2%    40%W -0.4%    35%W -0.4%    35%W -0.8%    35%W -0.6%       -4.5% → +2.5%
  SNOW    20    30%W -0.2%    45%W -0.1%    35%W -0.6%    45%W -0.5%    40%W -0.2%    35%W -0.7%       -5.5% → +6.0%
  CHTR    20    45%W -0.1%    40%W -0.1%    40%W -0.2%    35%W -0.6%    35%W -0.9%    30%W -0.8%       -4.5% → +2.9%
  DDOG    20    35%W -0.4%    35%W -0.4%    25%W -0.8%    35%W -1.1%    25%W -0.6%    30%W -0.5%       -4.9% → +1.9%
  SNPS    20    45%W -0.0%    40%W -0.3%    40%W -0.2%    30%W -0.2%    30%W -0.4%    30%W -0.3%       -2.6% → +1.5%
  SPOT    20    40%W -0.4%    40%W -0.5%    40%W -0.6%    20%W -0.6%    30%W -0.6%    30%W -0.6%       -3.0% → +2.1%
  PLTR    20    40%W -0.4%    30%W -0.4%    30%W -0.7%    40%W -0.8%    40%W -0.9%    20%W -0.7%       -4.1% → +4.3%
Pre-session top-2 (9:25, 20d EOD win rate) — 2022-09-08  OR: 09:30/3b
  #1 LLY    +15m 75%W +0.2%  +30m 75%W +0.2%  +1h 70%W +0.4%  +2h 70%W +0.2%  +5h 55%W +0.1%  EOD 60%W +0.2%  EOD range -2.3% → +2.6%
  #2 TSLA   +15m 40%W -0.2%  +30m 40%W -0.3%  +1h 35%W -0.3%  +2h 40%W -0.1%  +5h 35%W -0.6%  EOD 50%W +0.2%  EOD range -3.3% → +4.3%
  Ticker   N          +15m          +30m           +1h           +2h           +5h           EOD           EOD range
  ----------------------------------------------------------------------------------------------------------------------
  LLY     20    75%W +0.2%    75%W +0.2%    70%W +0.4%    70%W +0.2%    55%W +0.1%    60%W +0.2%       -2.3% → +2.6%
  TSLA    20    40%W -0.2%    40%W -0.3%    35%W -0.3%    40%W -0.1%    35%W -0.6%    50%W +0.2%       -3.3% → +4.3%
  AVGO    20    50%W -0.0%    40%W -0.2%    30%W -0.3%    55%W +0.2%    60%W +0.1%    50%W -0.1%       -5.0% → +2.4%
  MU      20    50%W -0.0%    45%W -0.0%    50%W -0.2%    50%W -0.0%    45%W -0.3%    45%W -0.4%       -4.6% → +3.1%
  MRVL    20    35%W -0.2%    45%W -0.3%    25%W -0.3%    45%W -0.3%    50%W -0.1%    45%W -0.0%       -7.0% → +4.6%
  CRWD    20    35%W -0.2%    35%W -0.5%    30%W -0.6%    35%W -0.5%    45%W -0.2%    45%W -0.2%       -5.7% → +2.4%
  QCOM    20    50%W -0.0%    50%W -0.0%    40%W -0.2%    55%W +0.1%    60%W +0.1%    45%W -0.3%       -5.5% → +2.3%
  AMD     20    25%W -0.3%    35%W -0.4%    30%W -0.8%    40%W -0.4%    40%W -0.4%    45%W -0.1%       -5.5% → +2.2%
  SNOW    20    30%W -0.2%    45%W -0.1%    35%W -0.6%    45%W -0.1%    45%W -0.2%    40%W -0.4%       -5.5% → +6.0%
  APP     20    40%W -0.4%    30%W -0.4%    30%W -1.1%    35%W -1.6%    35%W -0.9%    35%W -1.8%      -11.4% → +4.5%
  META    20    35%W -0.2%    35%W -0.2%    40%W -0.4%    35%W -0.5%    40%W -0.7%    35%W -0.6%       -4.5% → +2.5%
  CHTR    20    50%W +0.0%    45%W -0.1%    45%W -0.1%    35%W -0.4%    40%W -0.6%    35%W -0.4%       -4.5% → +2.9%
  DDOG    20    35%W -0.4%    35%W -0.4%    25%W -0.8%    35%W -0.8%    30%W -0.4%    35%W -0.3%       -4.9% → +2.6%
  SPOT    20    40%W -0.4%    40%W -0.5%    40%W -0.6%    20%W -0.5%    35%W -0.5%    35%W -0.5%       -3.0% → +2.1%
  SNPS    20    45%W -0.0%    40%W -0.3%    35%W -0.5%    30%W -0.3%    30%W -0.4%    30%W -0.3%       -2.6% → +1.5%
  PLTR    20    40%W -0.4%    30%W -0.4%    30%W -0.7%    40%W -0.8%    40%W -0.9%    25%W -0.6%       -4.1% → +4.3%
Pre-session top-2 (9:25, 20d EOD win rate) — 2022-09-09  OR: 09:30/3b
  #1 LLY    +15m 75%W +0.2%  +30m 70%W +0.1%  +1h 70%W +0.4%  +2h 70%W +0.2%  +5h 60%W +0.2%  EOD 60%W +0.2%  EOD range -2.3% → +2.6%
  #2 TSLA   +15m 45%W -0.2%  +30m 40%W -0.1%  +1h 40%W -0.3%  +2h 45%W -0.0%  +5h 40%W -0.6%  EOD 50%W +0.2%  EOD range -3.3% → +4.3%
  Ticker   N          +15m          +30m           +1h           +2h           +5h           EOD           EOD range
  ----------------------------------------------------------------------------------------------------------------------
  LLY     20    75%W +0.2%    70%W +0.1%    70%W +0.4%    70%W +0.2%    60%W +0.2%    60%W +0.2%       -2.3% → +2.6%
  TSLA    20    45%W -0.2%    40%W -0.1%    40%W -0.3%    45%W -0.0%    40%W -0.6%    50%W +0.2%       -3.3% → +4.3%
  AVGO    20    50%W -0.0%    40%W -0.2%    30%W -0.3%    55%W +0.2%    60%W +0.1%    50%W -0.1%       -5.0% → +2.4%
  MU      20    55%W +0.2%    45%W -0.0%    50%W -0.2%    50%W -0.0%    45%W -0.3%    45%W -0.4%       -4.6% → +3.1%
  MRVL    20    35%W -0.2%    45%W -0.3%    25%W -0.3%    45%W -0.3%    50%W -0.1%    45%W -0.0%       -7.0% → +3.7%
  CRWD    20    35%W -0.2%    40%W -0.3%    35%W -0.5%    40%W -0.4%    45%W -0.2%    45%W -0.2%       -5.7% → +3.4%
  QCOM    20    45%W -0.1%    45%W -0.0%    40%W -0.2%    55%W +0.1%    60%W +0.1%    45%W -0.3%       -5.5% → +2.3%
  AMD     20    30%W -0.3%    40%W -0.4%    35%W -0.8%    40%W -0.4%    40%W -0.4%    45%W -0.1%       -5.5% → +2.7%
  SNOW    20    30%W -0.2%    50%W +0.0%    40%W -0.6%    45%W -0.1%    45%W -0.2%    40%W -0.4%       -5.5% → +6.0%
  DDOG    20    40%W -0.4%    40%W -0.3%    30%W -0.8%    40%W -0.8%    35%W -0.4%    40%W -0.3%       -4.9% → +2.6%
  APP     20    45%W -0.1%    35%W -0.2%    35%W -1.1%    35%W -1.6%    35%W -0.9%    35%W -1.8%      -11.4% → +3.8%
  META    20    40%W -0.2%    40%W -0.2%    40%W -0.4%    35%W -0.5%    40%W -0.7%    35%W -0.6%       -4.5% → +2.5%
  SNPS    20    40%W -0.0%    40%W -0.2%    35%W -0.5%    35%W -0.2%    35%W -0.3%    35%W -0.2%       -2.6% → +1.5%
  CHTR    20    45%W -0.1%    50%W -0.0%    50%W -0.0%    40%W -0.4%    35%W -0.6%    30%W -0.4%       -4.5% → +2.9%
  SPOT    20    45%W -0.3%    40%W -0.3%    45%W -0.5%    25%W -0.5%    30%W -0.6%    30%W -0.5%       -3.0% → +2.1%
  PLTR    20    45%W -0.3%    35%W -0.4%    35%W -0.7%    40%W -0.8%    40%W -0.9%    25%W -0.6%       -4.1% → +4.3%
Pre-session top-2 (9:25, 20d EOD win rate) — 2022-09-12  OR: 09:30/3b
  #1 LLY    +15m 75%W +0.2%  +30m 65%W +0.1%  +1h 70%W +0.4%  +2h 75%W +0.3%  +5h 65%W +0.2%  EOD 65%W +0.3%  EOD range -2.3% → +2.6%
  #2 TSLA   +15m 50%W -0.0%  +30m 45%W -0.1%  +1h 45%W -0.2%  +2h 50%W +0.0%  +5h 45%W -0.3%  EOD 55%W +0.5%  EOD range -3.3% → +4.3%
  Ticker   N          +15m          +30m           +1h           +2h           +5h           EOD           EOD range
  ----------------------------------------------------------------------------------------------------------------------
  LLY     20    75%W +0.2%    65%W +0.1%    70%W +0.4%    75%W +0.3%    65%W +0.2%    65%W +0.3%       -2.3% → +2.6%
  TSLA    20    50%W -0.0%    45%W -0.1%    45%W -0.2%    50%W +0.0%    45%W -0.3%    55%W +0.5%       -3.3% → +4.3%
  AVGO    20    50%W -0.0%    40%W -0.2%    30%W -0.3%    60%W +0.3%    65%W +0.2%    55%W +0.1%       -5.0% → +2.4%
  MU      20    55%W +0.1%    45%W -0.0%    50%W -0.2%    55%W +0.1%    50%W -0.1%    50%W +0.0%       -4.6% → +3.1%
  MRVL    20    40%W -0.1%    45%W -0.3%    30%W -0.3%    50%W +0.2%    55%W +0.3%    50%W +0.2%       -7.0% → +3.7%
  CRWD    20    35%W -0.2%    40%W -0.3%    40%W -0.5%    45%W -0.2%    50%W -0.1%    50%W -0.0%       -5.7% → +3.4%
  QCOM    20    45%W -0.1%    45%W -0.0%    40%W -0.2%    60%W +0.2%    65%W +0.4%    50%W +0.2%       -5.5% → +2.3%
  AMD     20    30%W -0.3%    40%W -0.4%    35%W -0.8%    40%W -0.4%    45%W -0.2%    50%W +0.1%       -5.5% → +2.7%
  SNOW    20    30%W -0.2%    50%W +0.0%    40%W -0.7%    45%W -0.1%    50%W -0.0%    45%W -0.1%       -3.9% → +6.0%
  APP     20    40%W -0.2%    30%W -0.4%    35%W -1.1%    40%W -1.1%    40%W -0.5%    40%W -0.9%       -4.3% → +3.8%
  META    20    45%W -0.2%    40%W -0.2%    45%W -0.4%    40%W -0.3%    45%W -0.4%    40%W -0.6%       -4.5% → +2.5%
  DDOG    20    35%W -0.4%    35%W -0.4%    30%W -0.8%    40%W -0.4%    35%W -0.4%    40%W -0.2%       -4.9% → +2.6%
  SNPS    20    45%W -0.0%    40%W -0.2%    35%W -0.5%    40%W -0.2%    40%W -0.3%    40%W -0.2%       -2.6% → +1.5%
  CHTR    20    40%W -0.1%    50%W -0.0%    50%W -0.0%    45%W -0.1%    40%W -0.6%    35%W -0.3%       -4.5% → +2.9%
  SPOT    20    45%W -0.3%    40%W -0.3%    45%W -0.5%    30%W -0.5%    35%W -0.5%    35%W -0.3%       -3.0% → +2.7%
  PLTR    20    40%W -0.4%    30%W -0.4%    30%W -0.7%    40%W -0.8%    45%W -0.9%    30%W -0.5%       -4.1% → +4.3%
Pre-session top-2 (9:25, 20d EOD win rate) — 2022-09-13  OR: 09:30/3b
  #1 LLY    +15m 70%W +0.2%  +30m 60%W +0.1%  +1h 65%W +0.3%  +2h 70%W +0.2%  +5h 60%W +0.2%  EOD 60%W +0.2%  EOD range -2.3% → +2.6%
  #2 CRWD   +15m 40%W -0.2%  +30m 40%W -0.3%  +1h 40%W -0.3%  +2h 50%W -0.1%  +5h 55%W +0.1%  EOD 55%W +0.1%  EOD range -5.7% → +3.4%
  Ticker   N          +15m          +30m           +1h           +2h           +5h           EOD           EOD range
  ----------------------------------------------------------------------------------------------------------------------
  LLY     20    70%W +0.2%    60%W +0.1%    65%W +0.3%    70%W +0.2%    60%W +0.2%    60%W +0.2%       -2.3% → +2.6%
  CRWD    20    40%W -0.2%    40%W -0.3%    40%W -0.3%    50%W -0.1%    55%W +0.1%    55%W +0.1%       -5.7% → +3.4%
  TSLA    20    55%W +0.1%    45%W -0.1%    40%W -0.2%    45%W -0.0%    40%W -0.4%    55%W +0.2%       -3.3% → +3.0%
  AVGO    20    55%W +0.1%    45%W -0.2%    35%W -0.2%    60%W +0.3%    60%W +0.1%    55%W +0.1%       -5.0% → +2.4%
  SNOW    20    35%W -0.1%    55%W +0.1%    45%W -0.4%    50%W +0.1%    55%W +0.2%    50%W +0.0%       -3.9% → +6.0%
  MU      20    55%W +0.1%    45%W -0.0%    50%W -0.2%    55%W +0.1%    50%W -0.1%    50%W +0.0%       -4.6% → +3.1%
  MRVL    20    45%W -0.0%    50%W -0.1%    35%W -0.2%    55%W +0.5%    50%W +0.1%    50%W +0.4%       -7.0% → +3.7%
  QCOM    20    45%W -0.1%    45%W -0.0%    45%W -0.2%    60%W +0.3%    60%W +0.1%    50%W +0.0%       -5.5% → +2.3%
  AMD     20    30%W -0.3%    40%W -0.4%    35%W -0.8%    45%W -0.4%    40%W -0.4%    50%W +0.1%       -5.5% → +2.7%
  DDOG    20    40%W -0.4%    35%W -0.3%    30%W -0.7%    40%W -0.3%    40%W -0.2%    45%W -0.2%       -4.9% → +2.6%
  APP     20    40%W -0.2%    25%W -0.5%    30%W -1.2%    35%W -1.2%    35%W -0.9%    40%W -0.9%       -4.3% → +3.8%
  META    20    50%W -0.1%    45%W -0.1%    50%W -0.1%    40%W -0.5%    45%W -0.5%    40%W -0.6%       -4.5% → +2.5%
  SNPS    20    45%W -0.0%    40%W -0.2%    30%W -0.5%    35%W -0.3%    35%W -0.5%    35%W -0.3%       -2.6% → +1.5%
  PLTR    20    40%W -0.4%    30%W -0.4%    30%W -0.7%    35%W -0.8%    45%W -0.9%    30%W -0.5%       -4.1% → +4.3%
  CHTR    20    40%W -0.1%    45%W -0.1%    45%W -0.1%    40%W -0.4%    35%W -0.9%    30%W -0.9%       -4.5% → +2.9%
  SPOT    20    50%W -0.1%    40%W -0.3%    45%W -0.5%    30%W -0.5%    30%W -0.6%    30%W -0.3%       -3.0% → +2.7%
Pre-session top-2 (9:25, 20d EOD win rate) — 2022-09-14  OR: 09:30/3b
  #1 LLY    +15m 65%W +0.2%  +30m 55%W +0.1%  +1h 60%W +0.1%  +2h 65%W +0.2%  +5h 55%W +0.1%  EOD 55%W +0.2%  EOD range -2.3% → +2.6%
  #2 SNOW   +15m 35%W -0.1%  +30m 55%W +0.1%  +1h 45%W -0.4%  +2h 50%W +0.1%  +5h 55%W +0.2%  EOD 50%W +0.0%  EOD range -3.9% → +6.0%
  Ticker   N          +15m          +30m           +1h           +2h           +5h           EOD           EOD range
  ----------------------------------------------------------------------------------------------------------------------
  LLY     20    65%W +0.2%    55%W +0.1%    60%W +0.1%    65%W +0.2%    55%W +0.1%    55%W +0.2%       -2.3% → +2.6%
  SNOW    20    35%W -0.1%    55%W +0.1%    45%W -0.4%    50%W +0.1%    55%W +0.2%    50%W +0.0%       -3.9% → +6.0%
  CRWD    20    35%W -0.2%    45%W -0.3%    35%W -0.5%    45%W -0.4%    50%W -0.1%    50%W -0.0%       -5.7% → +3.4%
  TSLA    20    55%W +0.1%    45%W -0.1%    35%W -0.2%    40%W -0.1%    35%W -0.5%    50%W +0.0%       -3.3% → +3.0%
  AVGO    20    50%W -0.0%    45%W -0.2%    35%W -0.3%    55%W +0.2%    55%W +0.0%    50%W -0.1%       -5.0% → +2.4%
  MU      20    55%W +0.1%    40%W -0.1%    45%W -0.4%    50%W -0.0%    45%W -0.4%    45%W -0.4%       -4.6% → +3.1%
  MRVL    20    40%W -0.1%    45%W -0.3%    35%W -0.3%    50%W +0.0%    45%W -0.2%    45%W -0.0%       -7.0% → +3.7%
  QCOM    20    40%W -0.1%    45%W -0.0%    40%W -0.3%    55%W +0.1%    55%W +0.0%    45%W -0.3%       -5.5% → +1.8%
  AMD     20    25%W -0.3%    40%W -0.3%    35%W -0.9%    40%W -0.6%    40%W -0.5%    45%W -0.1%       -5.5% → +2.7%
  APP     20    35%W -0.3%    30%W -0.4%    30%W -1.2%    35%W -1.2%    35%W -0.9%    40%W -0.9%       -4.3% → +3.8%
  DDOG    20    35%W -0.4%    35%W -0.3%    30%W -0.7%    40%W -0.3%    35%W -0.2%    40%W -0.3%       -4.9% → +2.6%
  META    20    45%W -0.2%    45%W -0.1%    45%W -0.4%    35%W -0.6%    40%W -0.7%    35%W -0.6%       -4.5% → +2.5%
  SNPS    20    40%W -0.1%    40%W -0.2%    30%W -0.5%    30%W -0.3%    30%W -0.6%    30%W -0.3%       -2.6% → +1.3%
  SPOT    20    45%W -0.3%    45%W -0.2%    45%W -0.5%    30%W -0.5%    30%W -0.6%    30%W -0.3%       -3.0% → +2.7%
  PLTR    20    40%W -0.4%    35%W -0.4%    35%W -0.7%    30%W -0.8%    40%W -0.9%    25%W -0.6%       -4.1% → +4.3%
  CHTR    20    40%W -0.1%    45%W -0.1%    40%W -0.1%    35%W -0.6%    30%W -1.1%    25%W -1.6%       -4.5% → +2.9%
Pre-session top-2 (9:25, 20d EOD win rate) — 2022-09-15  OR: 09:30/3b
  #1 LLY    +15m 70%W +0.3%  +30m 60%W +0.1%  +1h 65%W +0.3%  +2h 70%W +0.3%  +5h 60%W +0.2%  EOD 60%W +0.2%  EOD range -2.3% → +2.6%
  #2 TSLA   +15m 60%W +0.1%  +30m 50%W +0.0%  +1h 40%W -0.2%  +2h 45%W -0.0%  +5h 40%W -0.4%  EOD 55%W +0.2%  EOD range -3.3% → +3.0%
  Ticker   N          +15m          +30m           +1h           +2h           +5h           EOD           EOD range
  ----------------------------------------------------------------------------------------------------------------------
  LLY     20    70%W +0.3%    60%W +0.1%    65%W +0.3%    70%W +0.3%    60%W +0.2%    60%W +0.2%       -2.3% → +2.6%
  TSLA    20    60%W +0.1%    50%W +0.0%    40%W -0.2%    45%W -0.0%    40%W -0.4%    55%W +0.2%       -3.3% → +3.0%
  SNOW    20    40%W -0.1%    55%W +0.1%    45%W -0.4%    50%W +0.1%    55%W +0.2%    50%W +0.0%       -3.9% → +6.0%
  MRVL    20    45%W -0.1%    45%W -0.3%    40%W -0.2%    50%W +0.0%    50%W +0.0%    50%W +0.4%       -7.0% → +3.7%
  CRWD    20    35%W -0.2%    45%W -0.2%    35%W -0.3%    45%W -0.3%    50%W -0.1%    50%W -0.0%       -5.7% → +3.4%
  QCOM    20    40%W -0.1%    40%W -0.0%    45%W -0.3%    55%W +0.2%    50%W -0.0%    50%W -0.3%       -5.5% → +1.8%
  AVGO    20    55%W +0.1%    50%W -0.1%    40%W -0.1%    55%W +0.3%    55%W +0.1%    50%W -0.1%       -5.0% → +2.4%
  AMD     20    30%W -0.3%    45%W -0.1%    40%W -0.8%    45%W -0.5%    45%W -0.5%    50%W +0.1%       -5.5% → +2.7%
  APP     20    35%W -0.2%    30%W -0.4%    30%W -1.2%    35%W -1.2%    35%W -0.9%    45%W -0.8%       -4.3% → +3.8%
  MU      20    50%W -0.1%    40%W -0.1%    45%W -0.4%    45%W -0.2%    40%W -0.4%    40%W -0.8%       -4.6% → +3.1%
  DDOG    20    35%W -0.4%    35%W -0.3%    35%W -0.5%    40%W -0.3%    35%W -0.3%    35%W -0.5%       -4.9% → +2.6%
  SPOT    20    45%W -0.4%    45%W -0.2%    50%W -0.2%    35%W -0.5%    35%W -0.6%    35%W -0.3%       -3.0% → +2.7%
  META    20    40%W -0.3%    40%W -0.2%    45%W -0.4%    30%W -0.7%    35%W -0.9%    30%W -0.6%       -4.5% → +2.5%
  PLTR    20    45%W -0.3%    35%W -0.4%    40%W -0.4%    35%W -0.4%    45%W -0.6%    30%W -0.6%       -4.1% → +4.3%
  SNPS    20    45%W -0.1%    45%W -0.2%    35%W -0.2%    35%W -0.3%    30%W -0.5%    30%W -0.3%       -2.6% → +1.3%
  CHTR    20    40%W -0.1%    40%W -0.1%    40%W -0.2%    30%W -0.6%    25%W -1.1%    25%W -1.6%       -4.5% → +2.9%
Pre-session top-2 (9:25, 20d EOD win rate) — 2022-09-16  OR: 09:30/3b
  #1 LLY    +15m 65%W +0.2%  +30m 55%W +0.1%  +1h 60%W +0.1%  +2h 70%W +0.3%  +5h 60%W +0.2%  EOD 60%W +0.2%  EOD range -2.3% → +2.6%
  #2 TSLA   +15m 60%W +0.1%  +30m 55%W +0.1%  +1h 45%W -0.1%  +2h 50%W +0.0%  +5h 40%W -0.4%  EOD 55%W +0.2%  EOD range -3.3% → +3.0%
  Ticker   N          +15m          +30m           +1h           +2h           +5h           EOD           EOD range
  ----------------------------------------------------------------------------------------------------------------------
  LLY     20    65%W +0.2%    55%W +0.1%    60%W +0.1%    70%W +0.3%    60%W +0.2%    60%W +0.2%       -2.3% → +2.6%
  TSLA    20    60%W +0.1%    55%W +0.1%    45%W -0.1%    50%W +0.0%    40%W -0.4%    55%W +0.2%       -3.3% → +3.0%
  AMD     20    35%W -0.1%    50%W +0.0%    40%W -0.6%    45%W -0.5%    45%W -0.5%    55%W +0.2%       -5.5% → +2.7%
  SNOW    20    40%W -0.1%    55%W +0.1%    45%W -0.3%    50%W +0.1%    55%W +0.2%    50%W +0.0%       -3.9% → +6.0%
  MRVL    20    50%W -0.0%    50%W -0.1%    40%W -0.2%    50%W +0.0%    50%W +0.0%    50%W +0.4%       -7.0% → +3.7%
  AVGO    20    55%W +0.1%    55%W +0.0%    40%W -0.1%    55%W +0.3%    50%W -0.1%    50%W -0.2%       -5.0% → +2.4%
  APP     20    35%W -0.2%    35%W -0.2%    35%W -1.1%    35%W -1.1%    35%W -0.9%    45%W -0.8%       -4.3% → +3.8%
  CRWD    20    35%W -0.2%    40%W -0.2%    35%W -0.4%    45%W -0.3%    45%W -0.2%    45%W -0.2%       -5.7% → +3.4%
  QCOM    20    40%W -0.1%    45%W -0.0%    45%W -0.3%    55%W +0.2%    45%W -0.2%    45%W -0.7%       -5.5% → +1.8%
  MU      20    50%W +0.0%    45%W -0.1%    45%W -0.4%    45%W -0.2%    40%W -0.4%    40%W -0.9%       -4.6% → +3.1%
  SPOT    20    40%W -0.4%    50%W -0.0%    50%W -0.2%    40%W -0.5%    35%W -0.4%    40%W -0.2%       -3.0% → +2.7%
  PLTR    20    45%W -0.3%    40%W -0.4%    45%W -0.1%    40%W -0.3%    45%W -0.6%    35%W -0.5%       -4.1% → +4.3%
  DDOG    20    35%W -0.4%    40%W -0.3%    35%W -0.5%    40%W -0.3%    35%W -0.5%    35%W -0.6%       -4.9% → +2.6%
  META    20    40%W -0.3%    45%W -0.1%    45%W -0.5%    30%W -0.8%    30%W -1.3%    30%W -0.8%       -4.5% → +2.5%
  CHTR    20    35%W -0.1%    40%W -0.1%    40%W -0.2%    30%W -0.6%    25%W -1.2%    25%W -1.6%       -4.5% → +2.9%
  SNPS    20    45%W -0.1%    45%W -0.2%    35%W -0.5%    30%W -0.3%    25%W -0.7%    25%W -0.5%       -2.6% → +1.3%
Pre-session top-2 (9:25, 20d EOD win rate) — 2022-09-19  OR: 09:30/3b
  #1 TSLA   +15m 65%W +0.1%  +30m 60%W +0.1%  +1h 50%W +0.0%  +2h 55%W +0.0%  +5h 45%W -0.2%  EOD 60%W +0.4%  EOD range -3.3% → +3.0%
  #2 LLY    +15m 65%W +0.3%  +30m 55%W +0.1%  +1h 55%W +0.1%  +2h 65%W +0.3%  +5h 60%W +0.2%  EOD 55%W +0.2%  EOD range -2.3% → +2.6%
  Ticker   N          +15m          +30m           +1h           +2h           +5h           EOD           EOD range
  ----------------------------------------------------------------------------------------------------------------------
  TSLA    20    65%W +0.1%    60%W +0.1%    50%W +0.0%    55%W +0.0%    45%W -0.2%    60%W +0.4%       -3.3% → +3.0%
  LLY     20    65%W +0.3%    55%W +0.1%    55%W +0.1%    65%W +0.3%    60%W +0.2%    55%W +0.2%       -2.3% → +2.6%
  AMD     20    35%W -0.1%    55%W +0.2%    40%W -0.6%    45%W -0.5%    45%W -0.5%    55%W +0.2%       -5.5% → +2.7%
  MRVL    20    45%W -0.1%    50%W -0.1%    40%W -0.2%    50%W +0.0%    50%W +0.0%    50%W +0.4%       -7.0% → +3.7%
  AVGO    20    50%W -0.0%    55%W +0.0%    40%W -0.1%    50%W -0.0%    50%W -0.1%    50%W -0.2%       -5.0% → +2.4%
  APP     20    40%W -0.2%    40%W -0.1%    40%W -1.1%    35%W -1.1%    35%W -0.9%    45%W -0.1%       -4.3% → +3.8%
  SNOW    20    40%W -0.1%    55%W +0.1%    45%W -0.6%    45%W -0.1%    50%W +0.1%    45%W -0.4%       -3.9% → +6.0%
  QCOM    20    40%W -0.1%    50%W -0.0%    45%W -0.3%    50%W -0.1%    45%W -0.2%    45%W -0.7%       -5.5% → +1.8%
  MU      20    50%W +0.0%    50%W +0.0%    45%W -0.4%    45%W -0.2%    40%W -0.4%    40%W -0.9%       -4.6% → +3.1%
  CRWD    20    40%W -0.2%    40%W -0.2%    35%W -0.4%    45%W -0.3%    40%W -0.2%    40%W -0.3%       -5.7% → +3.4%
  PLTR    20    45%W -0.2%    45%W -0.3%    50%W -0.0%    45%W -0.1%    50%W +0.0%    40%W -0.4%       -4.1% → +4.3%
  DDOG    20    35%W -0.3%    45%W -0.3%    40%W -0.5%    35%W -0.4%    35%W -0.5%    40%W -0.4%       -4.9% → +2.6%
  SPOT    20    40%W -0.5%    50%W -0.0%    50%W -0.2%    35%W -0.5%    30%W -0.6%    35%W -0.3%       -3.0% → +2.7%
  CHTR    20    40%W -0.1%    45%W -0.1%    40%W -0.2%    25%W -0.6%    25%W -1.2%    30%W -1.6%       -4.5% → +2.9%
  SNPS    20    45%W -0.1%    50%W -0.1%    35%W -0.2%    30%W -0.3%    25%W -0.5%    30%W -0.3%       -1.9% → +1.3%
  META    20    40%W -0.2%    50%W +0.0%    45%W -0.5%    25%W -0.8%    25%W -1.3%    25%W -0.8%       -4.5% → +2.5%
Pre-session top-2 (9:25, 20d EOD win rate) — 2022-09-20  OR: 09:30/3b
  #1 TSLA   +15m 70%W +0.2%  +30m 65%W +0.2%  +1h 55%W +0.2%  +2h 60%W +0.1%  +5h 50%W -0.1%  EOD 65%W +0.6%  EOD range -3.3% → +3.0%
  #2 AMD    +15m 40%W -0.1%  +30m 60%W +0.3%  +1h 45%W -0.2%  +2h 45%W -0.2%  +5h 50%W -0.2%  EOD 60%W +0.5%  EOD range -5.5% → +2.7%
  Ticker   N          +15m          +30m           +1h           +2h           +5h           EOD           EOD range
  ----------------------------------------------------------------------------------------------------------------------
  TSLA    20    70%W +0.2%    65%W +0.2%    55%W +0.2%    60%W +0.1%    50%W -0.1%    65%W +0.6%       -3.3% → +3.0%
  AMD     20    40%W -0.1%    60%W +0.3%    45%W -0.2%    45%W -0.2%    50%W -0.2%    60%W +0.5%       -5.5% → +2.7%
  LLY     20    65%W +0.3%    50%W -0.0%    55%W +0.1%    65%W +0.3%    60%W +0.4%    55%W +0.2%       -2.3% → +2.6%
  AVGO    20    55%W +0.0%    60%W +0.0%    45%W -0.0%    50%W -0.0%    55%W +0.0%    55%W +0.2%       -5.0% → +2.4%
  SNOW    20    45%W -0.1%    55%W +0.1%    50%W -0.2%    45%W -0.1%    55%W +0.2%    50%W +0.5%       -3.9% → +6.0%
  MRVL    20    45%W -0.1%    50%W -0.1%    45%W -0.1%    50%W +0.0%    50%W +0.0%    50%W +0.4%       -7.0% → +3.7%
  QCOM    20    45%W -0.1%    55%W +0.0%    50%W -0.0%    55%W +0.0%    50%W -0.0%    50%W -0.3%       -5.5% → +1.8%
  APP     20    40%W -0.2%    40%W -0.1%    40%W -1.1%    35%W -1.1%    35%W -0.5%    45%W -0.1%       -4.3% → +3.8%
  CRWD    20    45%W -0.2%    45%W -0.2%    40%W -0.4%    45%W -0.1%    40%W -0.2%    45%W -0.3%       -5.7% → +3.4%
  PLTR    20    45%W -0.0%    45%W -0.3%    50%W -0.0%    45%W -0.1%    50%W +0.0%    45%W -0.2%       -4.1% → +4.3%
  MU      20    50%W +0.0%    55%W +0.2%    50%W -0.2%    45%W -0.2%    40%W -0.4%    40%W -0.7%       -4.6% → +3.1%
  DDOG    20    35%W -0.3%    45%W -0.3%    40%W -0.5%    35%W -0.6%    35%W -0.5%    40%W -0.4%       -4.9% → +2.6%
  SNPS    20    45%W -0.0%    50%W -0.0%    40%W -0.2%    25%W -0.3%    30%W -0.5%    35%W -0.2%       -1.9% → +1.3%
  SPOT    20    40%W -0.6%    50%W -0.0%    45%W -0.3%    35%W -0.5%    30%W -0.6%    35%W -0.3%       -3.0% → +2.7%
  META    20    45%W -0.2%    50%W +0.0%    50%W -0.2%    25%W -0.7%    30%W -1.0%    30%W -0.6%       -4.5% → +2.5%
  CHTR    20    40%W -0.1%    45%W -0.1%    40%W -0.2%    25%W -0.6%    25%W -1.4%    30%W -1.6%       -4.5% → +2.9%
Pre-session top-2 (9:25, 20d EOD win rate) — 2022-09-21  OR: 09:30/3b
  #1 TSLA   +15m 75%W +0.2%  +30m 70%W +0.2%  +1h 60%W +0.3%  +2h 65%W +0.2%  +5h 50%W +0.0%  EOD 65%W +0.8%  EOD range -3.3% → +3.0%
  #2 LLY    +15m 65%W +0.3%  +30m 50%W -0.0%  +1h 60%W +0.2%  +2h 70%W +0.5%  +5h 60%W +0.4%  EOD 60%W +0.3%  EOD range -2.3% → +2.6%
  Ticker   N          +15m          +30m           +1h           +2h           +5h           EOD           EOD range
  ----------------------------------------------------------------------------------------------------------------------
  TSLA    20    75%W +0.2%    70%W +0.2%    60%W +0.3%    65%W +0.2%    50%W +0.0%    65%W +0.8%       -3.3% → +3.0%
  LLY     20    65%W +0.3%    50%W -0.0%    60%W +0.2%    70%W +0.5%    60%W +0.4%    60%W +0.3%       -2.3% → +2.6%
  AMD     20    40%W -0.1%    60%W +0.3%    45%W -0.1%    45%W -0.1%    50%W -0.2%    60%W +0.5%       -5.5% → +2.7%
  AVGO    20    55%W +0.0%    60%W +0.0%    45%W -0.0%    50%W -0.0%    55%W +0.0%    55%W +0.2%       -5.0% → +2.4%
  SNOW    20    50%W -0.0%    60%W +0.3%    55%W +0.3%    50%W +0.1%    60%W +0.2%    50%W +0.5%       -3.9% → +6.0%
  MRVL    20    50%W +0.0%    55%W +0.3%    50%W +0.2%    55%W +0.2%    50%W +0.0%    50%W +0.4%       -7.0% → +3.7%
  CRWD    20    50%W -0.1%    50%W -0.0%    45%W -0.1%    50%W -0.0%    40%W -0.2%    50%W -0.0%       -5.7% → +3.4%
  QCOM    20    45%W -0.1%    55%W +0.0%    50%W -0.0%    55%W +0.0%    50%W -0.0%    50%W -0.3%       -5.5% → +1.8%
  APP     20    45%W -0.1%    40%W -0.1%    45%W -0.6%    40%W -0.9%    35%W -0.5%    45%W -0.1%       -4.3% → +3.8%
  PLTR    20    50%W +0.1%    50%W -0.1%    55%W +0.1%    50%W +0.1%    50%W +0.0%    45%W -0.2%       -4.1% → +4.3%
  DDOG    20    40%W -0.1%    50%W +0.0%    45%W -0.2%    40%W -0.4%    40%W -0.3%    45%W -0.2%       -4.9% → +2.6%
  MU      20    45%W -0.1%    60%W +0.2%    50%W -0.2%    45%W -0.2%    40%W -0.4%    40%W -0.7%       -4.6% → +3.1%
  SNPS    20    45%W -0.0%    50%W -0.0%    40%W -0.2%    30%W -0.3%    35%W -0.4%    40%W -0.1%       -1.9% → +1.3%
  CHTR    20    45%W -0.1%    50%W +0.0%    45%W -0.1%    30%W -0.5%    25%W -1.2%    35%W -1.3%       -4.5% → +2.9%
  SPOT    20    40%W -0.5%    55%W +0.2%    50%W -0.1%    40%W -0.3%    30%W -0.6%    35%W -0.3%       -3.0% → +2.7%
  META    20    50%W -0.1%    55%W +0.2%    55%W +0.1%    30%W -0.7%    30%W -0.8%    30%W -0.6%       -4.5% → +2.5%
Pre-session top-2 (9:25, 20d EOD win rate) — 2022-09-22  OR: 09:30/3b
  #1 TSLA   +15m 70%W +0.2%  +30m 65%W +0.2%  +1h 55%W +0.2%  +2h 65%W +0.2%  +5h 50%W +0.0%  EOD 60%W +0.6%  EOD range -3.3% → +2.2%
  #2 LLY    +15m 65%W +0.3%  +30m 50%W -0.0%  +1h 60%W +0.2%  +2h 70%W +0.5%  +5h 60%W +0.5%  EOD 55%W +0.3%  EOD range -2.3% → +2.6%
  Ticker   N          +15m          +30m           +1h           +2h           +5h           EOD           EOD range
  ----------------------------------------------------------------------------------------------------------------------
  TSLA    20    70%W +0.2%    65%W +0.2%    55%W +0.2%    65%W +0.2%    50%W +0.0%    60%W +0.6%       -3.3% → +2.2%
  LLY     20    65%W +0.3%    50%W -0.0%    60%W +0.2%    70%W +0.5%    60%W +0.5%    55%W +0.3%       -2.3% → +2.6%
  AVGO    20    55%W +0.0%    60%W +0.0%    45%W -0.0%    50%W -0.0%    55%W +0.0%    55%W +0.2%       -5.0% → +2.4%
  AMD     20    40%W -0.1%    60%W +0.3%    45%W -0.1%    45%W -0.1%    50%W -0.2%    55%W +0.3%       -5.5% → +2.7%
  SNOW    20    50%W -0.0%    60%W +0.3%    55%W +0.3%    50%W +0.1%    60%W +0.2%    50%W +0.4%       -3.9% → +6.0%
  QCOM    20    45%W -0.1%    55%W +0.0%    50%W -0.0%    55%W +0.0%    50%W -0.0%    50%W -0.3%       -5.5% → +1.8%
  MRVL    20    50%W +0.0%    55%W +0.3%    50%W +0.2%    55%W +0.2%    50%W +0.0%    45%W -0.2%       -7.0% → +3.7%
  CRWD    20    45%W -0.2%    45%W -0.2%    45%W -0.1%    50%W -0.0%    40%W -0.2%    45%W -0.3%       -5.7% → +3.4%
  PLTR    20    50%W +0.1%    50%W -0.1%    55%W +0.1%    55%W +0.3%    50%W +0.0%    45%W -0.2%       -4.1% → +4.3%
  APP     20    45%W -0.1%    40%W -0.1%    45%W -0.6%    40%W -0.9%    35%W -0.5%    40%W -0.3%       -4.3% → +3.8%
  MU      20    45%W -0.1%    60%W +0.2%    50%W -0.2%    45%W -0.2%    45%W -0.3%    40%W -0.7%       -4.6% → +3.1%
  DDOG    20    40%W -0.1%    50%W +0.0%    45%W -0.2%    40%W -0.4%    40%W -0.3%    40%W -0.2%       -4.9% → +2.6%
  CHTR    20    45%W -0.1%    50%W +0.0%    50%W +0.0%    35%W -0.3%    30%W -1.2%    35%W -1.6%       -4.5% → +2.9%
  SNPS    20    45%W -0.0%    50%W -0.0%    40%W -0.2%    30%W -0.3%    35%W -0.4%    35%W -0.2%       -1.9% → +1.3%
  SPOT    20    40%W -0.5%    55%W +0.2%    50%W -0.1%    45%W -0.1%    35%W -0.5%    35%W -0.3%       -3.0% → +2.7%
  META    20    45%W -0.1%    50%W +0.0%    50%W -0.0%    35%W -0.7%    35%W -0.8%    30%W -0.7%       -4.5% → +2.5%
Pre-session top-2 (9:25, 20d EOD win rate) — 2022-09-23  OR: 09:30/3b
  #1 TSLA   +15m 65%W +0.1%  +30m 60%W +0.1%  +1h 50%W +0.1%  +2h 60%W +0.2%  +5h 50%W +0.0%  EOD 60%W +0.6%  EOD range -3.3% → +2.2%
  #2 LLY    +15m 65%W +0.3%  +30m 50%W -0.0%  +1h 60%W +0.2%  +2h 70%W +0.5%  +5h 60%W +0.5%  EOD 55%W +0.3%  EOD range -2.3% → +3.1%
  Ticker   N          +15m          +30m           +1h           +2h           +5h           EOD           EOD range
  ----------------------------------------------------------------------------------------------------------------------
  TSLA    20    65%W +0.1%    60%W +0.1%    50%W +0.1%    60%W +0.2%    50%W +0.0%    60%W +0.6%       -3.3% → +2.2%
  LLY     20    65%W +0.3%    50%W -0.0%    60%W +0.2%    70%W +0.5%    60%W +0.5%    55%W +0.3%       -2.3% → +3.1%
  AVGO    20    55%W +0.0%    60%W +0.1%    45%W -0.0%    45%W -0.3%    55%W +0.0%    55%W +0.0%       -5.0% → +2.4%
  AMD     20    40%W -0.1%    60%W +0.3%    45%W -0.2%    40%W -0.2%    45%W -0.5%    50%W -0.4%       -5.5% → +2.7%
  SNOW    20    45%W -0.1%    55%W +0.1%    50%W -0.2%    45%W -0.1%    55%W +0.1%    45%W -0.5%       -3.9% → +6.0%
  CRWD    20    45%W -0.2%    45%W -0.2%    40%W -0.4%    45%W -0.1%    40%W -0.2%    45%W -0.3%       -5.7% → +3.4%
  QCOM    20    45%W -0.1%    50%W -0.0%    50%W -0.2%    50%W -0.1%    45%W -0.2%    45%W -0.5%       -5.5% → +1.8%
  PLTR    20    45%W -0.0%    45%W -0.3%    55%W +0.1%    50%W +0.1%    45%W -0.4%    45%W -0.2%       -4.1% → +4.3%
  APP     20    40%W -0.2%    35%W -0.1%    40%W -1.1%    35%W -1.1%    35%W -0.9%    40%W -0.9%       -4.3% → +3.8%
  MU      20    45%W -0.1%    60%W +0.2%    50%W -0.2%    45%W -0.2%    45%W -0.3%    40%W -0.7%       -4.6% → +3.1%
  MRVL    20    50%W +0.0%    55%W +0.3%    50%W +0.1%    50%W +0.0%    45%W -0.2%    40%W -0.4%       -7.0% → +3.7%
  CHTR    20    40%W -0.1%    50%W +0.0%    45%W -0.1%    30%W -0.5%    30%W -1.2%    35%W -1.6%       -4.5% → +2.9%
  DDOG    20    35%W -0.3%    45%W -0.3%    40%W -0.5%    35%W -0.6%    35%W -0.5%    35%W -0.4%       -4.9% → +2.6%
  SNPS    20    45%W -0.0%    55%W +0.1%    40%W -0.2%    30%W -0.3%    35%W -0.6%    35%W -0.6%       -1.9% → +1.3%
  META    20    40%W -0.2%    50%W +0.0%    50%W -0.0%    30%W -0.7%    35%W -0.8%    30%W -0.7%       -4.5% → +2.5%
  SPOT    20    35%W -0.6%    55%W +0.2%    50%W -0.1%    40%W -0.2%    30%W -0.6%    30%W -0.3%       -3.0% → +2.7%
Pre-session top-2 (9:25, 20d EOD win rate) — 2022-09-26  OR: 09:30/3b
  #1 LLY    +15m 70%W +0.4%  +30m 50%W -0.0%  +1h 65%W +0.3%  +2h 75%W +0.5%  +5h 55%W +0.3%  EOD 55%W +0.2%  EOD range -2.3% → +3.1%
  #2 TSLA   +15m 60%W +0.1%  +30m 55%W +0.0%  +1h 45%W -0.1%  +2h 55%W +0.1%  +5h 50%W +0.0%  EOD 55%W +0.3%  EOD range -3.3% → +2.2%
  Ticker   N          +15m          +30m           +1h           +2h           +5h           EOD           EOD range
  ----------------------------------------------------------------------------------------------------------------------
  LLY     20    70%W +0.4%    50%W -0.0%    65%W +0.3%    75%W +0.5%    55%W +0.3%    55%W +0.2%       -2.3% → +3.1%
  TSLA    20    60%W +0.1%    55%W +0.0%    45%W -0.1%    55%W +0.1%    50%W +0.0%    55%W +0.3%       -3.3% → +2.2%
  AVGO    20    50%W -0.0%    55%W +0.0%    40%W -0.0%    40%W -0.4%    50%W -0.1%    50%W -0.3%       -5.0% → +2.1%
  SNOW    20    40%W -0.1%    50%W -0.1%    45%W -0.6%    40%W -0.2%    50%W -0.1%    45%W -0.5%       -3.9% → +4.6%
  CRWD    20    40%W -0.2%    40%W -0.2%    35%W -0.6%    45%W -0.1%    35%W -0.3%    45%W -0.3%       -5.7% → +3.4%
  QCOM    20    40%W -0.1%    45%W -0.0%    50%W -0.2%    50%W -0.1%    40%W -0.3%    45%W -0.5%       -5.5% → +1.7%
  PLTR    20    40%W -0.2%    40%W -0.4%    50%W -0.0%    45%W -0.2%    40%W -0.5%    45%W -0.2%       -4.1% → +3.0%
  AMD     20    35%W -0.1%    55%W +0.2%    40%W -0.4%    35%W -0.5%    40%W -0.8%    45%W -0.7%       -5.5% → +2.7%
  APP     20    35%W -0.3%    30%W -0.2%    35%W -1.2%    30%W -1.1%    30%W -1.1%    40%W -0.9%       -4.3% → +3.6%
  MU      20    45%W -0.1%    60%W +0.2%    50%W -0.2%    45%W -0.2%    45%W -0.3%    40%W -0.7%       -4.6% → +3.1%
  MRVL    20    45%W -0.1%    50%W -0.2%    45%W -0.1%    45%W -0.3%    40%W -0.5%    40%W -0.4%       -7.0% → +3.3%
  CHTR    20    35%W -0.3%    45%W -0.2%    40%W -0.2%    25%W -0.7%    25%W -1.4%    30%W -1.7%       -4.5% → +1.3%
  DDOG    20    30%W -0.4%    40%W -0.4%    35%W -0.7%    30%W -0.8%    30%W -0.7%    30%W -0.6%       -4.9% → +2.6%
  SNPS    20    40%W -0.1%    50%W -0.0%    40%W -0.2%    30%W -0.3%    35%W -0.8%    30%W -0.6%       -1.9% → +1.3%
  META    20    35%W -0.3%    45%W -0.1%    45%W -0.4%    25%W -0.7%    30%W -1.1%    25%W -0.8%       -4.5% → +2.2%
  SPOT    20    30%W -0.6%    50%W -0.0%    45%W -0.3%    35%W -0.3%    25%W -0.6%    25%W -0.4%       -3.0% → +2.7%
Pre-session top-2 (9:25, 20d EOD win rate) — 2022-09-27  OR: 09:30/3b
  #1 LLY    +15m 65%W +0.3%  +30m 50%W -0.0%  +1h 70%W +0.4%  +2h 75%W +0.5%  +5h 55%W +0.3%  EOD 55%W +0.2%  EOD range -2.3% → +3.1%
  #2 TSLA   +15m 60%W +0.1%  +30m 55%W +0.0%  +1h 50%W +0.1%  +2h 60%W +0.2%  +5h 55%W +0.5%  EOD 55%W +0.3%  EOD range -2.6% → +2.2%
  Ticker   N          +15m          +30m           +1h           +2h           +5h           EOD           EOD range
  ----------------------------------------------------------------------------------------------------------------------
  LLY     20    65%W +0.3%    50%W -0.0%    70%W +0.4%    75%W +0.5%    55%W +0.3%    55%W +0.2%       -2.3% → +3.1%
  TSLA    20    60%W +0.1%    55%W +0.0%    50%W +0.1%    60%W +0.2%    55%W +0.5%    55%W +0.3%       -2.6% → +2.2%
  AVGO    20    50%W -0.0%    60%W +0.1%    45%W -0.0%    40%W -0.4%    50%W -0.1%    50%W -0.3%       -1.8% → +2.1%
  SNOW    20    40%W -0.1%    45%W -0.4%    45%W -0.6%    40%W -0.2%    50%W -0.1%    45%W -0.5%       -4.9% → +4.6%
  CRWD    20    45%W -0.2%    40%W -0.2%    35%W -0.5%    45%W -0.1%    35%W -0.3%    45%W -0.3%       -5.7% → +3.4%
  QCOM    20    45%W -0.1%    50%W -0.0%    55%W +0.0%    50%W -0.1%    40%W -0.3%    45%W -0.5%       -3.0% → +1.7%
  PLTR    20    40%W -0.2%    40%W -0.4%    55%W +0.1%    45%W -0.2%    40%W -0.5%    45%W -0.2%       -3.8% → +3.0%
  AMD     20    40%W -0.1%    55%W +0.2%    45%W -0.2%    35%W -0.5%    40%W -0.8%    45%W -0.7%       -4.2% → +2.7%
  APP     20    40%W -0.2%    30%W -0.2%    35%W -1.2%    30%W -1.1%    30%W -1.1%    40%W -0.5%       -4.2% → +3.6%
  MU      20    50%W +0.0%    65%W +0.2%    50%W +0.0%    45%W -0.2%    45%W -0.3%    40%W -0.7%       -3.5% → +3.1%
  MRVL    20    50%W +0.0%    55%W +0.3%    50%W +0.2%    45%W -0.3%    40%W -0.5%    40%W -0.4%       -2.9% → +3.3%
  CHTR    20    35%W -0.3%    45%W -0.2%    40%W -0.2%    25%W -0.7%    25%W -1.4%    30%W -1.7%       -3.9% → +1.3%
  DDOG    20    30%W -0.4%    40%W -0.4%    40%W -0.5%    30%W -0.8%    30%W -0.7%    30%W -0.6%       -4.1% → +2.6%
  SNPS    20    40%W -0.1%    50%W -0.0%    45%W -0.1%    30%W -0.3%    35%W -0.7%    30%W -0.6%       -1.9% → +1.3%
  META    20    40%W -0.2%    40%W -0.2%    45%W -0.3%    25%W -0.7%    30%W -1.1%    25%W -0.8%       -3.6% → +2.2%
  SPOT    20    30%W -0.6%    50%W -0.0%    50%W -0.1%    35%W -0.3%    25%W -0.6%    25%W -0.4%       -2.6% → +2.7%
Pre-session top-2 (9:25, 20d EOD win rate) — 2022-09-28  OR: 09:30/3b
  #1 LLY    +15m 70%W +0.3%  +30m 50%W -0.0%  +1h 75%W +0.4%  +2h 75%W +0.5%  +5h 60%W +0.3%  EOD 55%W +0.2%  EOD range -2.3% → +3.1%
  #2 TSLA   +15m 65%W +0.1%  +30m 55%W +0.0%  +1h 55%W +0.3%  +2h 60%W +0.2%  +5h 55%W +0.5%  EOD 55%W +0.3%  EOD range -2.6% → +2.2%
  Ticker   N          +15m          +30m           +1h           +2h           +5h           EOD           EOD range
  ----------------------------------------------------------------------------------------------------------------------
  LLY     20    70%W +0.3%    50%W -0.0%    75%W +0.4%    75%W +0.5%    60%W +0.3%    55%W +0.2%       -2.3% → +3.1%
  TSLA    20    65%W +0.1%    55%W +0.0%    55%W +0.3%    60%W +0.2%    55%W +0.5%    55%W +0.3%       -2.6% → +2.2%
  AVGO    20    45%W -0.1%    60%W +0.1%    45%W -0.0%    40%W -0.4%    50%W -0.1%    50%W -0.3%       -1.8% → +2.1%
  SNOW    20    40%W -0.1%    45%W -0.4%    50%W -0.2%    40%W -0.2%    50%W -0.1%    45%W -0.5%       -4.9% → +4.6%
  MU      20    45%W -0.1%    65%W +0.2%    50%W +0.0%    45%W -0.2%    45%W -0.3%    45%W -0.3%       -3.5% → +3.1%
  CRWD    20    50%W -0.1%    40%W -0.2%    40%W -0.3%    45%W -0.1%    35%W -0.3%    45%W -0.3%       -5.7% → +3.4%
  QCOM    20    40%W -0.1%    45%W -0.0%    55%W +0.0%    50%W -0.1%    35%W -0.6%    45%W -0.5%       -3.0% → +1.7%
  PLTR    20    40%W -0.2%    40%W -0.4%    55%W +0.1%    45%W -0.2%    40%W -0.5%    45%W -0.2%       -3.8% → +3.0%
  AMD     20    40%W -0.1%    55%W +0.2%    45%W -0.2%    35%W -0.5%    40%W -0.8%    45%W -0.7%       -4.2% → +2.7%
  APP     20    40%W -0.3%    30%W -0.3%    40%W -1.2%    30%W -1.1%    30%W -1.4%    40%W -0.5%       -4.2% → +3.6%
  MRVL    20    45%W -0.1%    55%W +0.3%    55%W +0.2%    45%W -0.3%    40%W -0.5%    40%W -0.4%       -2.9% → +3.3%
  CHTR    20    35%W -0.3%    40%W -0.3%    40%W -0.4%    25%W -0.7%    25%W -1.6%    30%W -1.7%       -3.9% → +1.3%
  DDOG    20    30%W -0.3%    40%W -0.4%    45%W -0.2%    30%W -0.6%    30%W -0.7%    30%W -0.6%       -4.1% → +2.6%
  SNPS    20    40%W -0.1%    50%W -0.0%    45%W -0.1%    30%W -0.3%    35%W -0.6%    30%W -0.4%       -1.9% → +1.3%
  META    20    40%W -0.3%    40%W -0.2%    50%W -0.1%    25%W -0.7%    30%W -1.4%    25%W -0.8%       -3.6% → +2.2%
  SPOT    20    30%W -0.6%    50%W -0.0%    55%W +0.1%    35%W -0.3%    25%W -0.7%    25%W -0.4%       -2.6% → +2.7%
Pre-session top-2 (9:25, 20d EOD win rate) — 2022-09-29  OR: 09:30/3b
  #1 TSLA   +15m 70%W +0.1%  +30m 60%W +0.0%  +1h 60%W +0.4%  +2h 65%W +0.2%  +5h 60%W +0.7%  EOD 60%W +0.7%  EOD range -2.6% → +2.7%
  #2 LLY    +15m 65%W +0.3%  +30m 50%W -0.0%  +1h 75%W +0.5%  +2h 75%W +0.6%  +5h 60%W +0.3%  EOD 55%W +0.2%  EOD range -2.3% → +3.1%
  Ticker   N          +15m          +30m           +1h           +2h           +5h           EOD           EOD range
  ----------------------------------------------------------------------------------------------------------------------
  TSLA    20    70%W +0.1%    60%W +0.0%    60%W +0.4%    65%W +0.2%    60%W +0.7%    60%W +0.7%       -2.6% → +2.7%
  LLY     20    65%W +0.3%    50%W -0.0%    75%W +0.5%    75%W +0.6%    60%W +0.3%    55%W +0.2%       -2.3% → +3.1%
  AVGO    20    45%W -0.1%    60%W +0.1%    50%W +0.2%    45%W -0.3%    55%W +0.0%    55%W +0.0%       -1.8% → +2.1%
  CRWD    20    45%W -0.2%    40%W -0.2%    45%W -0.1%    50%W -0.0%    40%W -0.2%    50%W -0.0%       -5.7% → +3.4%
  PLTR    20    45%W -0.0%    45%W -0.3%    60%W +0.1%    50%W +0.1%    45%W -0.3%    50%W -0.0%       -3.8% → +3.0%
  AMD     20    45%W -0.1%    55%W +0.2%    50%W +0.1%    40%W -0.2%    45%W -0.5%    50%W -0.3%       -4.2% → +2.7%
  APP     20    45%W -0.2%    35%W -0.3%    45%W -0.6%    35%W -0.9%    35%W -1.1%    45%W -0.3%       -4.2% → +3.6%
  SNOW    20    40%W -0.1%    40%W -0.4%    55%W +0.2%    45%W -0.1%    50%W -0.1%    45%W -0.5%       -4.9% → +4.6%
  MU      20    45%W -0.1%    65%W +0.2%    50%W +0.0%    45%W -0.2%    45%W -0.3%    45%W -0.2%       -3.5% → +3.1%
  MRVL    20    45%W -0.1%    55%W +0.3%    60%W +0.4%    50%W +0.0%    45%W -0.2%    45%W -0.2%       -2.9% → +3.3%
  QCOM    20    40%W -0.1%    45%W -0.0%    60%W +0.0%    55%W +0.0%    35%W -0.4%    45%W -0.4%       -3.0% → +1.7%
  CHTR    20    40%W -0.1%    45%W -0.2%    45%W -0.1%    30%W -0.5%    30%W -1.4%    35%W -1.6%       -3.9% → +2.9%
  DDOG    20    30%W -0.3%    40%W -0.4%    45%W -0.1%    30%W -0.6%    35%W -0.5%    35%W -0.4%       -4.1% → +2.6%
  SNPS    20    35%W -0.1%    50%W -0.0%    50%W -0.0%    35%W -0.3%    40%W -0.4%    35%W -0.3%       -1.9% → +1.6%
  META    20    40%W -0.3%    40%W -0.2%    55%W +0.1%    30%W -0.6%    35%W -1.1%    30%W -0.7%       -3.6% → +3.4%
  SPOT    20    30%W -0.5%    50%W -0.0%    60%W +0.2%    40%W -0.2%    30%W -0.6%    30%W -0.3%       -2.3% → +2.7%
Pre-session top-2 (9:25, 20d EOD win rate) — 2022-09-30  OR: 09:30/3b
  #1 TSLA   +15m 65%W +0.1%  +30m 60%W +0.0%  +1h 60%W +0.4%  +2h 65%W +0.2%  +5h 60%W +0.7%  EOD 60%W +0.7%  EOD range -3.1% → +2.7%
  #2 LLY    +15m 70%W +0.3%  +30m 55%W +0.1%  +1h 75%W +0.5%  +2h 75%W +0.6%  +5h 60%W +0.3%  EOD 55%W +0.2%  EOD range -2.1% → +3.1%
  Ticker   N          +15m          +30m           +1h           +2h           +5h           EOD           EOD range
  ----------------------------------------------------------------------------------------------------------------------
  TSLA    20    65%W +0.1%    60%W +0.0%    60%W +0.4%    65%W +0.2%    60%W +0.7%    60%W +0.7%       -3.1% → +2.7%
  LLY     20    70%W +0.3%    55%W +0.1%    75%W +0.5%    75%W +0.6%    60%W +0.3%    55%W +0.2%       -2.1% → +3.1%
  CRWD    20    50%W -0.1%    40%W -0.2%    45%W -0.1%    55%W +0.0%    45%W -0.1%    55%W +0.2%       -2.8% → +3.4%
  PLTR    20    45%W -0.0%    45%W -0.3%    65%W +0.2%    55%W +0.3%    50%W +0.0%    55%W +0.3%       -3.8% → +3.0%
  AVGO    20    50%W -0.0%    60%W +0.1%    50%W +0.2%    45%W -0.3%    55%W +0.0%    55%W +0.0%       -1.8% → +2.1%
  SNOW    20    45%W -0.1%    40%W -0.2%    55%W +0.2%    50%W +0.1%    55%W +0.0%    50%W -0.0%       -4.9% → +4.6%
  AMD     20    45%W -0.0%    50%W +0.1%    50%W +0.1%    40%W -0.2%    45%W -0.5%    50%W -0.3%       -4.2% → +2.7%
  APP     20    45%W -0.1%    35%W -0.3%    45%W -0.3%    35%W -0.7%    35%W -1.3%    45%W -0.3%       -4.2% → +3.6%
  MU      20    50%W +0.0%    65%W +0.2%    50%W +0.0%    45%W -0.2%    50%W -0.0%    45%W -0.2%       -3.5% → +3.1%
  MRVL    20    50%W +0.1%    50%W +0.3%    60%W +0.4%    50%W +0.0%    45%W -0.2%    45%W -0.2%       -2.9% → +3.3%
  QCOM    20    40%W -0.1%    45%W -0.0%    60%W +0.0%    60%W +0.0%    35%W -0.4%    45%W -0.3%       -3.0% → +1.7%
  CHTR    20    45%W -0.1%    50%W +0.0%    45%W -0.1%    35%W -0.5%    30%W -0.9%    40%W -1.3%       -3.9% → +2.9%
  DDOG    20    35%W -0.2%    40%W -0.4%    45%W -0.1%    35%W -0.4%    40%W -0.3%    40%W -0.2%       -4.1% → +2.6%
  SNPS    20    40%W -0.1%    50%W +0.0%    55%W +0.0%    40%W -0.2%    40%W -0.3%    40%W -0.2%       -1.9% → +1.6%
  META    20    40%W -0.2%    40%W -0.3%    50%W -0.1%    35%W -0.6%    35%W -1.1%    30%W -0.7%       -3.6% → +3.4%
  SPOT    20    25%W -0.6%    45%W -0.2%    55%W +0.1%    40%W -0.3%    30%W -0.6%    30%W -0.3%       -2.8% → +2.7%

=========================================================================================================================================================================================
Pre-Session Top-2 Performance — 2022-09-01 to 2022-09-30  |  Unconditional OR-close entry  |  OR: 09:30/3b
=========================================================================================================================================================================================
Date         Ticker Rank  At       Entry       +15m       +30m       +45m        +1h     +1h30m        +2h        +3h        +4h        +5h        +6h        +7h        EOD
-----------------------------------------------------------------------------------------------------------------------------------------------------------------------------------------
2022-09-01   LLY    #1    09:40   301.32    +0.37%W    +0.26%W    +0.57%W    +0.39%W    +0.72%W    +1.17%W    +1.55%W    +2.08%W    +2.37%W    +2.51%W    +2.60%W    +2.60%W
2022-09-01   SNOW   #2    09:40   174.50    -1.59%L    -1.83%L    -1.02%L    -3.20%L    -2.84%L    -4.24%L    -2.77%L    -2.29%L    -0.72%L    -1.48%L    -0.77%L    -0.77%L
2022-09-02   LLY    #1    09:40   307.76    +0.37%W    +0.08%W    +0.27%W    +0.21%W    +0.27%W    +0.36%W    -0.29%L    -1.08%L    -1.23%L    -2.34%L    -2.13%L    -2.13%L
2022-09-02   MU     #2    09:40    57.28    +0.23%W    +1.12%W    +1.71%W    +2.43%W    +1.64%W    +1.34%W    -0.30%L    -1.05%L    -0.84%L    -2.11%L    -1.68%L    -1.68%L
2022-09-06   LLY    #1    09:40   306.23    +1.05%W    +0.75%W    +0.91%W    +1.58%W    +1.61%W    +1.09%W    +0.69%W    +0.49%W    +0.75%W    +0.35%W    +0.24%W    +0.24%W
2022-09-06   MU     #2    09:40    56.33    -0.76%L    -1.91%L    -1.35%L    -1.01%L    -0.79%L    -0.34%L    -0.75%L    -1.74%L    -1.95%L    -1.87%L    -1.95%L    -1.95%L
2022-09-07   LLY    #1    09:40   308.46    -0.21%L    -0.21%L    +0.08%W    +0.05%W    +0.60%W    +0.74%W    +0.95%W    +0.79%W    +0.99%W    +1.09%W    +1.02%W    +1.02%W
2022-09-07   MU     #2    09:40    55.05    -1.56%L    -1.63%L    -0.98%L    -0.42%L    +0.02%W    -0.09%L    +0.02%W    +0.60%W    +0.84%W    +0.62%W    -0.11%L    -0.11%L
2022-09-08   LLY    #1    09:40   310.12    +0.35%W    -0.66%L    +0.04%W    +0.59%W    +1.21%W    +1.23%W    +0.85%W    +1.29%W    +1.26%W    +1.31%W    +1.72%W    +1.72%W
2022-09-08   TSLA   #2    09:40   284.62    +0.25%W    -0.05%L    +0.43%W    +0.93%W    +1.31%W    +0.86%W    +0.53%W    +0.86%W    +1.02%W    +1.17%W    +1.64%W    +1.64%W
2022-09-09   LLY    #1    09:40   316.87    +0.41%W    -0.17%L    +0.71%W    +0.87%W    +0.59%W    +0.58%W    +0.43%W    +0.24%W    +0.20%W    +0.39%W    +0.31%W    +0.31%W
2022-09-09   TSLA   #2    09:40   293.28    +1.05%W    +0.90%W    +1.18%W    +1.60%W    +1.63%W    +1.63%W    +1.64%W    +1.85%W    +1.92%W    +2.08%W    +2.19%W    +2.19%W
2022-09-12   LLY    #1    09:40   318.88    -0.59%L    -0.54%L    -0.11%L    -0.42%L    +0.01%W    -0.35%L    -0.35%L    -0.21%L    -0.47%L    -1.01%L    -1.06%L    -1.06%L
2022-09-12   TSLA   #2    09:40   304.17    +0.12%W    +0.07%W    +0.30%W    -0.04%L    -0.33%L    -0.36%L    -0.11%L    -0.22%L    -0.34%L    +0.12%W    +0.11%W    +0.11%W
2022-09-13   LLY    #1    09:40   309.65    -0.62%L    -0.44%L    +0.01%W    -0.20%L    -0.44%L    -0.25%L    -0.37%L    -0.31%L    -0.57%L    -1.21%L    -1.04%L    -1.04%L
2022-09-13   CRWD   #2    09:40   185.76    -0.36%L    +0.20%W    -0.19%L    -0.65%L    -1.06%L    -0.54%L    -0.08%L    +0.11%W    -0.33%L    -0.69%L    -0.61%L    -0.61%L
2022-09-14   LLY    #1    09:40   307.47    +0.44%W    +0.62%W    +0.13%W    +0.87%W    +1.19%W    +0.89%W    +1.35%W    +0.50%W    +0.61%W    +0.49%W    +0.72%W    +0.72%W
2022-09-14   SNOW   #2    09:40   189.25    +0.25%W    +0.61%W    -0.77%L    +0.79%W    +1.50%W    +1.41%W    +2.45%W    +1.98%W    +2.25%W    +3.56%W    +4.61%W    +4.61%W
2022-09-15   LLY    #1    09:40   307.82    -0.57%L    -0.28%L    -0.51%L    -0.01%L    +0.05%W    +0.25%W    +0.71%W    +1.15%W    +0.96%W    +0.69%W    +0.54%W    +0.54%W
2022-09-15   TSLA   #2    09:40   302.11    +1.30%W    +1.94%W    +1.17%W    +1.19%W    +0.25%W    +1.16%W    +1.19%W    +1.51%W    +1.44%W    +0.35%W    +0.52%W    +0.52%W
2022-09-16   LLY    #1    09:40   308.94    +0.26%W    +0.31%W    -0.34%L    -0.29%L    -0.36%L    -0.45%L    -0.38%L    -0.08%L    +0.43%W    +0.84%W    -0.00%L    -0.00%L
2022-09-16   TSLA   #2    09:40   296.83    +0.06%W    +0.01%W    -0.32%L    +0.40%W    +0.11%W    +0.24%W    +0.99%W    +1.00%W    +1.43%W    +1.73%W    +2.16%W    +2.16%W
2022-09-19   TSLA   #1    09:40   304.04    +0.36%W    +0.22%W    +0.67%W    +1.35%W    +1.76%W    +0.99%W    +1.18%W    +0.69%W    +0.72%W    +1.42%W    +1.70%W    +1.70%W
2022-09-19   LLY    #2    09:40   299.90    +0.25%W    -0.34%L    -0.29%L    +0.56%W    +0.80%W    +0.61%W    +0.91%W    +1.29%W    +0.98%W    +1.72%W    +1.78%W    +1.78%W
2022-09-20   TSLA   #1    09:40   306.22    +0.48%W    +0.16%W    +0.68%W    +0.92%W    +1.97%W    +1.85%W    +1.85%W    +0.83%W    +0.37%W    +1.07%W    +0.80%W    +0.80%W
2022-09-20   AMD    #2    09:40    75.84    -0.36%L    -0.02%L    +0.11%W    -0.13%L    +0.10%W    -0.14%L    -0.15%L    -0.94%L    -0.96%L    -0.18%L    -0.74%L    -0.74%L
2022-09-21   TSLA   #1    09:40   308.35    -0.17%L    -0.19%L    +0.06%W    -0.34%L    -0.28%L    +0.11%W    +0.39%W    +0.26%W    +1.28%W    -1.85%L    -2.48%L    -2.48%L
2022-09-21   LLY    #2    09:40   300.55    +0.68%W    +1.08%W    +0.81%W    +0.57%W    +0.41%W    +0.57%W    +0.68%W    +0.40%W    +0.49%W    -1.33%L    -1.40%L    -1.40%L
2022-09-22   TSLA   #1    09:40   296.31    -0.18%L    -0.06%L    -1.11%L    -1.60%L    -2.58%L    -1.65%L    -1.45%L    -2.40%L    -2.91%L    -2.12%L    -2.64%L    -2.64%L
2022-09-22   LLY    #2    09:40   301.70    +1.52%W    +2.25%W    +1.90%W    +1.94%W    +2.04%W    +1.79%W    +2.46%W    +2.45%W    +2.90%W    +3.18%W    +3.06%W    +3.06%W
2022-09-23   TSLA   #1    09:40   277.87    -0.89%L    -0.13%L    +0.19%W    -0.08%L    -0.44%L    -0.42%L    -0.94%L    -0.95%L    -1.37%L    -0.78%L    -0.90%L    -0.90%L
2022-09-23   LLY    #2    09:40   310.83    +0.54%W    +0.93%W    +0.87%W    +1.12%W    +0.65%W    +0.35%W    -0.23%L    +0.09%W    -0.09%L    +0.24%W    +0.25%W    +0.25%W
2022-09-26   LLY    #1    09:40   308.26    -0.69%L    +0.08%W    +0.52%W    +0.77%W    +0.54%W    +0.15%W    -0.06%L    -0.12%L    -0.16%L    +0.07%W    -0.16%L    -0.16%L
2022-09-26   TSLA   #2    09:40   276.19    +1.64%W    +2.23%W    +2.67%W    +2.14%W    +1.26%W    +0.50%W    +0.01%W    +0.32%W    +0.59%W    +0.59%W    -0.05%L    -0.05%L
2022-09-27   LLY    #1    09:40   311.29    +0.24%W    -0.08%L    -0.09%L    +0.50%W    -0.13%L    -0.10%L    -0.53%L    -0.30%L    +0.21%W    -0.18%L    -0.06%L    -0.06%L
2022-09-27   TSLA   #2    09:40   286.92    +0.16%W    -0.14%L    -0.32%L    +0.33%W    +0.23%W    -0.71%L    -2.47%L    -3.12%L    -2.07%L    -1.70%L    -1.36%L    -1.36%L
2022-09-28   LLY    #1    09:40   334.41    -0.13%L    +0.28%W    +0.48%W    +1.22%W    +1.06%W    +1.15%W    +0.64%W    -0.20%L    -0.57%L    +0.03%W    -0.07%L    -0.07%L
2022-09-28   TSLA   #2    09:40   280.21    +0.01%W    +0.03%W    +1.13%W    +0.82%W    +0.77%W    +0.93%W    +1.13%W    +1.02%W    +1.48%W    +3.01%W    +2.69%W    +2.69%W
2022-09-29   TSLA   #1    09:40   276.80    -0.32%L    -2.20%L    -1.49%L    -1.66%L    -1.35%L    -1.57%L    -2.15%L    -3.22%L    -3.57%L    -3.02%L    -3.08%L    -3.08%L
2022-09-29   LLY    #2    09:40   330.57    +0.40%W    +0.03%W    -0.05%L    -0.20%L    -0.31%L    -0.19%L    +0.09%W    -0.03%L    -0.79%L    -0.18%L    -0.15%L    -0.15%L
2022-09-30   TSLA   #1    09:40   265.78    +1.19%W    +1.80%W    +2.10%W    +2.33%W    +3.26%W    +2.11%W    +2.36%W    +0.61%W    +0.49%W    +0.46%W    -0.19%L    -0.19%L
2022-09-30   LLY    #2    09:40   325.90    +0.00%W    -0.56%L    -0.35%L    -0.20%L    -0.17%L    -0.52%L    +0.24%W    -0.08%L    -0.36%L    -0.03%L    -0.71%L    -0.71%L

========================================================================================
Pre-session picks summary — 42 pick(s) across 21 trading day(s)

Top-2 picks (all days)  (42 signal(s))
  Hold      Count   Win Rate   Avg Gain    Avg Win   Avg Loss ProfitFactor   Sum Ret%
  -------------------------------------------------------------------------
  +15m         42      64.3%     +0.12%     +0.52%     -0.60%        1.55x     +4.98%
  +30m         42      54.8%     +0.11%     +0.69%     -0.60%        1.39x     +4.50%
  +45m         42      61.9%     +0.25%     +0.76%     -0.58%        2.12x    +10.40%
  +1h          42      61.9%     +0.38%     +1.02%     -0.65%        2.53x    +16.01%
  +1h30m       42      69.0%     +0.39%     +0.95%     -0.85%        2.49x    +16.50%
  +2h          42      61.9%     +0.29%     +0.93%     -0.75%        2.02x    +12.16%
  +3h          42      59.5%     +0.28%     +1.01%     -0.79%        1.89x    +11.94%
  +4h          42      57.1%     +0.10%     +0.93%     -1.02%        1.22x     +4.06%
  +5h          42      57.1%     +0.16%     +1.08%     -1.07%        1.34x     +6.65%
  +6h          42      59.5%     +0.17%     +1.16%     -1.30%        1.31x     +6.96%
  +7h          42      45.2%     +0.13%     +1.51%     -1.02%        1.23x     +5.29%
  EOD          42      45.2%     +0.13%     +1.51%     -1.02%        1.23x     +5.29%

=========================================================================================================================================================================================
Signal Analysis — 2022-09-01 to 2022-09-30  |  BULL only  |  Vol ≥ 1.0x 20dAvg
Windows: 09:30/3b  |  Collection: 3 bars  |  Tickers: 19
=========================================================================================================================================================================================
Date         Ticker Window   At       Entry  Vol/20d       +15m       +30m       +45m        +1h     +1h30m        +2h        +3h        +4h        +5h        +6h        +7h        EOD
-----------------------------------------------------------------------------------------------------------------------------------------------------------------------------------------
2022-09-01   META   09:30/3b 09:40   166.39    2.34x    -0.78%L    -1.58%L    -0.76%L    -1.87%L    -2.12%L    -2.93%L    -3.26%L    -2.85%L    -1.66%L    -1.40%L    -0.59%L    -0.59%L
2022-09-06   META   09:30/3b 09:40   161.18    1.05x    -0.83%L    -1.72%L    -1.71%L    -1.14%L    -1.19%L    -0.99%L    -1.19%L    -1.90%L    -1.63%L    -1.48%L    -1.64%L    -1.64%L
2022-09-06   LLY    09:30/3b 09:45   308.54    1.12x    -0.27%L    -0.19%L    +0.27%W    +0.80%W    +0.96%W    +0.33%W    -0.06%L    -0.33%L    +0.01%W    -0.52%L    -0.51%L    -0.51%L
2022-09-06   AMD    09:30/3b 09:40    80.62    1.04x    -1.22%L    -2.23%L    -2.31%L    -1.63%L    -1.27%L    -0.63%L    -1.18%L    -2.26%L    -2.49%L    -2.18%L    -2.36%L    -2.36%L
2022-09-06   SNPS   09:30/3b 09:40   330.81    1.04x    +0.19%W    -0.64%L    -0.78%L    -0.34%L    -0.16%L    -0.14%L    -0.86%L    -1.86%L    -1.58%L    -1.29%L    -1.20%L    -1.20%L
2022-09-07   PLTR   09:30/3b 09:40     7.39    1.18x    -1.21%L    -2.56%L    -2.36%L    -2.43%L    -1.14%L    -1.88%L    -1.82%L    -2.15%L    -1.14%L    -0.12%L    +0.01%W    +0.01%W
2022-09-07   CHTR   09:30/3b 09:40   401.44    2.82x    +0.10%W    +0.33%W    +0.44%W    +0.11%W    +0.78%W    -0.02%L    +0.44%W    +0.24%W    +0.50%W    +0.24%W    +0.26%W    +0.26%W
2022-09-07   TSLA   09:30/3b 09:40   278.16    1.79x    +0.21%W    +0.15%W    +0.07%W    +0.21%W    +0.96%W    +0.08%W    +0.20%W    +0.63%W    +1.28%W    +1.67%W    +2.00%W    +2.00%W
2022-09-08   META   09:30/3b 09:40   159.77    1.31x    +0.86%W    +0.27%W    +0.13%W    +1.03%W    +1.26%W    +0.59%W    +0.61%W    +1.03%W    +0.97%W    +0.87%W    +1.46%W    +1.46%W
2022-09-08   MRVL   09:30/3b 09:40    46.61    1.11x    +0.77%W    +1.38%W    +1.61%W    +2.47%W    +3.82%W    +3.51%W    +2.10%W    +2.57%W    +2.27%W    +2.16%W    +3.28%W    +3.28%W
2022-09-08   CRWD   09:30/3b 09:40   173.96    1.42x    +0.78%W    +0.71%W    +1.06%W    +1.39%W    +2.19%W    +1.87%W    +1.65%W    +2.27%W    +2.11%W    +2.49%W    +3.40%W    +3.40%W
2022-09-08   TSLA   09:30/3b 09:40   284.62    1.88x    +0.25%W    -0.05%L    +0.43%W    +0.93%W    +1.31%W    +0.86%W    +0.53%W    +0.86%W    +1.02%W    +1.17%W    +1.64%W    +1.64%W
2022-09-08   AVGO   09:30/3b 09:50   503.88    6.75x    -0.18%L    -0.06%L    +0.42%W    +0.58%W    +1.75%W    +1.33%W    +0.72%W    +1.41%W    +1.16%W    +1.40%W    +1.61%W    +1.61%W
2022-09-08   AMD    09:30/3b 09:40    80.62    1.50x    +0.86%W    +1.02%W    +1.23%W    +1.91%W    +3.01%W    +2.62%W    +1.82%W    +1.86%W    +1.71%W    +1.90%W    +2.68%W    +2.68%W
2022-09-08   DDOG   09:30/3b 09:40    96.90    1.28x    +0.99%W    +0.61%W    +1.52%W    +1.69%W    +2.26%W    +1.66%W    +0.77%W    +1.47%W    +1.05%W    +1.06%W    +1.01%W    +1.01%W
2022-09-09   CHTR   09:30/3b 09:40   404.53    1.66x    -0.09%L    +0.32%W    +0.07%W    +0.44%W    +0.43%W    +0.18%W    +0.35%W    +0.73%W    +0.25%W    +0.54%W    +0.32%W    +0.32%W
2022-09-12   META   09:30/3b 09:40   169.53    1.24x    +0.92%W    +0.32%W    +0.40%W    +0.14%W    -0.75%L    -0.63%L    -0.41%L    -0.57%L    -0.57%L    -0.32%L    -0.33%L    -0.33%L
2022-09-12   QCOM   09:30/3b 09:50   133.38    1.25x    +0.26%W    +0.36%W    +0.32%W    +0.14%W    -0.01%L    -0.14%L    -0.07%L    -0.12%L    -0.52%L    -0.39%L    -0.28%L    -0.28%L
2022-09-12   CHTR   09:30/3b 09:50   413.30    1.21x    -0.72%L    -0.76%L    -1.23%L    -1.26%L    -1.29%L    -1.59%L    -1.31%L    -1.51%L    -1.67%L    -1.88%L    -1.59%L    -1.59%L
2022-09-13   APP    09:30/3b 09:40    27.32    2.42x    -0.33%L    +0.59%W    +0.04%W    -1.46%L    -2.49%L    -1.90%L    -1.75%L    -1.06%L    -1.57%L    -2.63%L    -2.38%L    -2.38%L
2022-09-14   MU     09:30/3b 09:40    54.00    1.54x    -0.22%L    -1.02%L    -1.92%L    -1.24%L    -0.22%L    -0.60%L    -0.63%L    -0.77%L    -1.72%L    -2.29%L    -1.64%L    -1.64%L
2022-09-14   QCOM   09:30/3b 09:40   126.58    1.25x    +0.08%W    -0.05%L    -0.70%L    +0.04%W    +0.53%W    +0.48%W    +0.42%W    +0.57%W    -0.10%L    +0.05%W    +0.77%W    +0.77%W
2022-09-14   TSLA   09:30/3b 09:40   296.42    1.76x    +0.92%W    +0.68%W    +0.09%W    +1.87%W    +2.21%W    +2.82%W    +2.97%W    +2.18%W    +1.65%W    +1.56%W    +2.12%W    +2.12%W
2022-09-14   AMD    09:30/3b 09:50    76.92    1.42x    +0.10%W    -0.34%L    +0.19%W    +0.94%W    +0.74%W    +0.98%W    +1.38%W    +0.21%W    -0.26%L    +0.62%W    +0.69%W    +0.69%W
2022-09-15   APP    09:30/3b 09:40    25.25    2.46x    +1.37%W    +2.89%W    +1.37%W    +1.68%W    -1.61%L    -0.57%L    -2.36%L    -1.56%L    -2.04%L    -3.31%L    -3.39%L    -3.39%L
2022-09-15   META   09:30/3b 09:40   152.71    1.46x    +0.57%W    +0.44%W    -1.08%L    -1.05%L    -2.00%L    -1.28%L    -1.59%L    -1.04%L    -1.61%L    -2.13%L    -2.07%L    -2.07%L
2022-09-15   SNOW   09:30/3b 09:40   200.43    1.68x    +1.28%W    +0.64%W    -0.54%L    -0.47%L    -2.39%L    -0.36%L    -0.52%L    +0.20%W    -0.15%L    -2.11%L    -2.06%L    -2.06%L
2022-09-15   MU     09:30/3b 09:40    53.26    1.11x    -0.06%L    +0.08%W    -0.86%L    -0.75%L    -2.31%L    -0.47%L    -0.66%L    -0.47%L    -0.92%L    -1.30%L    -1.09%L    -1.09%L
2022-09-15   MRVL   09:30/3b 09:40    48.04    1.33x    +0.83%W    +0.96%W    +0.07%W    -0.48%L    -2.92%L    -1.67%L    -1.83%L    -1.54%L    -2.29%L    -3.41%L    -2.87%L    -2.87%L
2022-09-15   QCOM   09:30/3b 09:40   127.61    1.43x    +0.02%W    +0.13%W    -0.88%L    -1.01%L    -2.52%L    -1.20%L    -1.44%L    -1.04%L    -1.60%L    -2.19%L    -2.06%L    -2.06%L
2022-09-15   PLTR   09:30/3b 09:40     7.78    1.57x    +0.56%W    +1.54%W    +1.67%W    +2.63%W    +0.58%W    +2.31%W    +2.44%W    +3.28%W    +3.34%W    +2.51%W    +2.83%W    +2.83%W
2022-09-15   CHTR   09:30/3b 09:40   385.55    1.46x    -0.11%L    -0.36%L    -1.89%L    -1.36%L    -2.61%L    -2.17%L    -2.20%L    -1.21%L    -1.88%L    -2.92%L    -2.49%L    -2.49%L
2022-09-15   TSLA   09:30/3b 09:45   306.28    1.69x    -0.08%L    +0.77%W    -0.43%L    -0.89%L    -0.77%L    -0.38%L    -0.29%L    +0.14%W    -0.23%L    -1.02%L    -0.85%L    -0.85%L
2022-09-15   AMD    09:30/3b 09:40    76.67    1.05x    +0.71%W    +0.70%W    -0.12%L    -0.25%L    -2.09%L    -0.87%L    -0.25%L    +0.96%W    +0.46%W    -0.19%L    +0.01%W    +0.01%W
2022-09-15   DDOG   09:30/3b 09:40    99.09    1.35x    +0.61%W    +1.01%W    -0.89%L    -0.88%L    -3.39%L    -2.97%L    -3.37%L    -2.42%L    -2.60%L    -3.59%L    -3.75%L    -3.75%L
2022-09-15   SPOT   09:30/3b 09:50   103.64    1.14x    +0.09%W    +0.37%W    -0.61%L    -1.57%L    -0.23%L    +0.46%W    +0.49%W    +1.24%W    +0.08%W    +0.16%W    +0.31%W    +0.31%W
2022-09-16   LLY    09:30/3b 09:45   310.71    1.14x    -0.55%L    -0.66%L    -0.78%L    -0.95%L    -0.71%L    -1.07%L    -0.85%L    -0.80%L    +0.12%W    +0.40%W    -0.57%L    -0.57%L
2022-09-19   MU     09:30/3b 09:40    52.31    3.49x    +0.25%W    +0.32%W    +0.07%W    +0.68%W    +0.24%W    -0.51%L    -0.18%L    -0.03%L    -0.27%L    +0.32%W    -0.43%L    -0.43%L
2022-09-19   TSLA   09:30/3b 09:40   304.04    1.36x    +0.36%W    +0.22%W    +0.67%W    +1.35%W    +1.76%W    +0.99%W    +1.18%W    +0.69%W    +0.72%W    +1.42%W    +1.70%W    +1.70%W
2022-09-19   AMD    09:30/3b 09:40    76.34    1.25x    +0.31%W    +0.52%W    +0.23%W    +1.10%W    +0.73%W    -0.05%L    +0.10%W    -0.10%L    +0.22%W    +0.81%W    +0.58%W    +0.58%W
2022-09-20   QCOM   09:30/3b 09:40   126.26    1.23x    -0.21%L    -0.36%L    -0.52%L    -0.67%L    -0.57%L    -1.22%L    -1.28%L    -1.44%L    -1.23%L    -0.69%L    -1.16%L    -1.16%L
2022-09-20   DDOG   09:30/3b 09:45    92.85    1.05x    +0.65%W    +0.99%W    +0.98%W    +1.07%W    +1.51%W    +1.43%W    +0.83%W    +0.37%W    +0.92%W    +1.01%W    +0.75%W    +0.75%W
2022-09-21   LLY    09:30/3b 09:50   301.40    1.25x    +0.99%W    +0.49%W    +0.22%W    +0.48%W    +0.22%W    +0.31%W    +0.29%W    +0.05%W    +0.05%W    -1.31%L    -1.68%L    -1.68%L
2022-09-21   AVGO   09:30/3b 09:50   493.17    1.09x    +0.54%W    +0.39%W    +0.19%W    +0.20%W    +0.19%W    +0.14%W    +0.13%W    +0.03%W    +0.95%W    -1.78%L    -2.31%L    -2.31%L
2022-09-22   LLY    09:30/3b 09:45   302.55    2.69x    +0.92%W    +1.30%W    +1.37%W    +1.66%W    +1.85%W    +1.59%W    +2.20%W    +2.23%W    +2.54%W    +3.12%W    +2.77%W    +2.77%W
2022-09-23   APP    09:30/3b 09:40    20.19    1.10x    -3.81%L    -3.57%L    -2.43%L    -2.58%L    -2.13%L    -2.13%L    -2.38%L    -1.83%L    -1.54%L    +0.07%W    +0.20%W    +0.20%W
2022-09-23   LLY    09:30/3b 09:40   310.83    2.57x    +0.54%W    +0.93%W    +0.87%W    +1.12%W    +0.65%W    +0.35%W    -0.23%L    +0.09%W    -0.09%L    +0.24%W    +0.25%W    +0.25%W
2022-09-23   CHTR   09:30/3b 09:40   332.31    1.64x    -1.26%L    -1.54%L    -1.17%L    -1.36%L    -1.52%L    -1.94%L    -2.57%L    -2.87%L    -3.58%L    -2.81%L    -3.16%L    -3.16%L
2022-09-26   LLY    09:30/3b 09:40   308.26    1.28x    -0.69%L    +0.08%W    +0.52%W    +0.77%W    +0.54%W    +0.15%W    -0.06%L    -0.12%L    -0.16%L    +0.07%W    -0.16%L    -0.16%L
2022-09-26   PLTR   09:30/3b 09:40     7.62    1.50x    +1.52%W    +1.91%W    +2.24%W    +1.52%W    -0.26%L    -0.98%L    -2.34%L    -2.09%L    -1.29%L    -0.78%L    -1.17%L    -1.17%L
2022-09-26   TSLA   09:30/3b 09:40   276.19    1.27x    +1.64%W    +2.23%W    +2.67%W    +2.14%W    +1.26%W    +0.50%W    +0.01%W    +0.32%W    +0.59%W    +0.59%W    -0.05%L    -0.05%L
2022-09-26   DDOG   09:30/3b 09:40    88.20    1.11x    +1.59%W    +1.66%W    +1.13%W    +0.07%W    -1.08%L    -1.48%L    -2.11%L    -1.79%L    -1.42%L    -1.96%L    -2.00%L    -2.00%L
2022-09-27   SNOW   09:30/3b 09:40   172.94    1.38x    -0.16%L    -0.54%L    -0.68%L    +0.17%W    -1.05%L    -1.58%L    -3.43%L    -3.27%L    -1.98%L    -1.37%L    -1.73%L    -1.73%L
2022-09-27   LLY    09:30/3b 09:45   311.93    1.08x    -0.19%L    -0.28%L    +0.02%W    +0.47%W    -0.30%L    -0.41%L    -0.70%L    -0.53%L    +0.25%W    -0.36%L    -0.26%L    -0.26%L
2022-09-27   MRVL   09:30/3b 09:50    43.85    1.13x    -1.14%L    -0.37%L    -0.49%L    -0.26%L    -0.71%L    -0.98%L    -2.04%L    -2.01%L    -0.48%L    -1.14%L    -1.03%L    -1.03%L
2022-09-27   AMD    09:30/3b 09:40    68.53    1.03x    -0.35%L    -0.93%L    -1.00%L    -0.29%L    -0.56%L    -1.53%L    -3.23%L    -3.18%L    -1.84%L    -2.07%L    -1.99%L    -1.99%L
2022-09-28   META   09:30/3b 09:40   136.88    1.18x    -0.40%L    -0.41%L    +0.26%W    +0.51%W    +1.51%W    +1.72%W    +2.29%W    +2.72%W    +2.92%W    +3.51%W    +3.44%W    +3.44%W
2022-09-28   MU     09:30/3b 09:40    51.07    1.25x    -0.70%L    -0.98%L    -0.84%L    -1.19%L    -1.49%L    -1.21%L    -1.36%L    -1.37%L    -0.70%L    -0.05%L    -0.20%L    -0.20%L
2022-09-28   PLTR   09:30/3b 09:45     7.79    1.12x    +0.71%W    +0.58%W    +2.29%W    +1.70%W    +1.03%W    +1.35%W    +0.96%W    +0.94%W    +1.48%W    +2.31%W    +1.80%W    +1.80%W
2022-09-28   CHTR   09:30/3b 09:50   312.96    2.64x    +0.27%W    +1.12%W    +1.87%W    +1.88%W    +2.13%W    +2.33%W    +3.28%W    +2.74%W    +2.80%W    +2.73%W    +2.59%W    +2.59%W
2022-09-28   AVGO   09:30/3b 09:45   461.71    1.04x    -0.10%L    +0.00%L    +0.34%W    +0.83%W    +0.60%W    +0.50%W    +0.69%W    +0.39%W    +0.58%W    +1.48%W    +0.83%W    +0.83%W
2022-09-28   AMD    09:30/3b 09:40    67.78    1.14x    +0.13%W    -0.51%L    +0.58%W    +0.35%W    +0.39%W    +0.49%W    +0.50%W    +0.27%W    +0.04%W    +1.25%W    +0.80%W    +0.80%W
2022-09-28   SNPS   09:30/3b 09:50   307.77    1.49x    -0.58%L    +0.39%W    +0.55%W    +0.57%W    +1.01%W    +1.06%W    +1.20%W    +1.19%W    +1.56%W    +2.09%W    +1.79%W    +1.79%W
2022-09-29   LLY    09:30/3b 09:45   332.76    1.58x    -1.04%L    -1.15%L    -0.89%L    -1.16%L    -0.93%L    -0.70%L    -0.47%L    -0.56%L    -1.46%L    -0.81%L    -0.81%L    -0.81%L
2022-09-30   PLTR   09:30/3b 09:45     8.21    1.67x    +0.43%W    +1.28%W    +1.95%W    +1.98%W    +2.98%W    +2.13%W    +2.44%W    +1.70%W    +1.28%W    -0.19%L    -0.85%L    -0.85%L
2022-09-30   TSLA   09:30/3b 09:45   267.88    1.15x    +0.74%W    +0.88%W    +1.93%W    +1.61%W    +2.40%W    +1.24%W    +1.49%W    -0.32%L    -0.44%L    -0.45%L    -0.97%L    -0.97%L

========================================================================================
Summary — 66 qualifying signal(s) across 21 trading day(s)

Window 09:30/3b  (66 signal(s))
  Hold      Count   Win Rate   Avg Gain    Avg Win   Avg Loss ProfitFactor   Sum Ret%
  -------------------------------------------------------------------------
  +15m         66      59.1%     +0.12%     +0.64%     -0.64%        1.44x     +7.62%
  +30m         66      60.6%     +0.13%     +0.79%     -0.88%        1.38x     +8.68%
  +45m         66      60.6%     +0.07%     +0.81%     -1.07%        1.16x     +4.46%
  +1h          66      60.6%     +0.19%     +1.03%     -1.10%        1.44x    +12.69%
  +1h30m       66      50.0%     -0.01%     +1.33%     -1.36%        0.98x     -0.96%
  +2h          66      47.0%     -0.04%     +1.17%     -1.12%        0.93x     -2.81%
  +3h          66      45.5%     -0.24%     +1.15%     -1.40%        0.69x    -15.79%
  +4h          66      48.5%     -0.17%     +1.11%     -1.38%        0.76x    -11.36%
  +5h          66      47.0%     -0.15%     +1.12%     -1.28%        0.78x     -9.89%
  +6h          66      47.0%     -0.19%     +1.28%     -1.50%        0.76x    -12.62%
  +7h          66      43.9%     -0.18%     +1.44%     -1.45%        0.78x    -11.80%
  EOD          66      43.9%     -0.18%     +1.44%     -1.45%        0.78x    -11.80%
