Fetching 5-min bars (2022-06-01 → 2022-07-29) [alpaca]...
  [cache] fetching 9 tickers from alpaca (cache miss)
  [cache] loaded 10 tickers from cache
Fetching daily bars (2021-07-01 → 2022-07-29)...

=========================================================================================================================================================================================
Pre-Session Rankings (9:25) — 2022-07-01 to 2022-07-29  |  20d lookback
=========================================================================================================================================================================================
Pre-session top-2 (9:25, 20d EOD win rate) — 2022-07-01  OR: 09:30/3b
  #1 CRWD   +15m 60%W +0.8%  +30m 55%W +0.4%  +1h 60%W +0.8%  +2h 65%W +0.3%  +5h 70%W +0.8%  EOD 65%W +0.8%  EOD range -4.1% → +3.7%
  #2 SNOW   +15m 55%W +0.2%  +30m 45%W -0.6%  +1h 50%W +0.2%  +2h 60%W +0.9%  +5h 75%W +0.9%  EOD 65%W +0.5%  EOD range -5.7% → +6.2%
  Ticker   N          +15m          +30m           +1h           +2h           +5h           EOD           EOD range
  ----------------------------------------------------------------------------------------------------------------------
  CRWD    20  60%W +0.8%  55%W +0.4%  60%W +0.8%  65%W +0.3%  70%W +0.8%  65%W +0.8%       -4.1% → +3.7%
  SNOW    20  55%W +0.2%  45%W -0.6%  50%W +0.2%  60%W +0.9%  75%W +0.9%  65%W +0.5%       -5.7% → +6.2%
  PLTR    20  50%W +0.0%  45%W -0.4%  45%W -0.1%  50%W -0.0%  60%W +0.7%  60%W +0.9%       -5.3% → +5.4%
  LLY     20  50%W +0.0%  45%W -0.2%  45%W -0.1%  45%W -0.1%  60%W +0.2%  60%W +0.2%       -2.3% → +1.9%
  DDOG    20  65%W +1.2%  65%W +0.8%  60%W +0.6%  50%W +0.0%  60%W +0.9%  60%W +0.7%       -7.4% → +8.6%
  SNPS    20  55%W +0.2%  55%W +0.1%  60%W +0.3%  50%W +0.0%  50%W +0.1%  55%W +0.1%       -2.8% → +2.5%
  META    20  55%W +0.0%  35%W -0.5%  45%W -0.1%  45%W -0.2%  50%W -0.0%  50%W +0.1%       -6.4% → +3.4%
  MU      20  55%W +0.2%  40%W -0.4%  45%W -0.4%  45%W -0.1%  50%W -0.3%  50%W -0.2%       -3.7% → +3.6%
  MRVL    20  65%W +0.1%  45%W -0.2%  55%W +0.3%  40%W -0.2%  40%W -0.3%  50%W +0.1%       -6.4% → +3.8%
  CHTR    20  60%W +0.3%  70%W +0.3%  60%W +0.1%  55%W +0.1%  50%W +0.1%  50%W -0.0%       -4.0% → +5.1%
  TSLA    20  60%W +1.0%  45%W -0.0%  60%W +0.6%  70%W +0.2%  50%W -0.2%  50%W -0.2%       -6.9% → +3.7%
  APP     20  55%W +0.3%  30%W -0.1%  40%W -0.7%  45%W -0.1%  50%W +0.2%  45%W -0.4%       -7.2% → +8.1%
  QCOM    20  50%W +0.0%  50%W +0.0%  50%W +0.0%  35%W -0.2%  55%W +0.1%  45%W -0.3%       -2.6% → +2.7%
  AMD     20  55%W +0.2%  45%W -0.0%  50%W -0.0%  35%W -0.9%  40%W -0.6%  40%W -0.7%       -6.4% → +5.3%
  SPOT    20  70%W +0.4%  50%W +0.0%  50%W +0.2%  45%W -0.3%  35%W -0.4%  40%W -0.7%       -6.9% → +4.0%
  AVGO    20  55%W +0.1%  40%W -0.1%  35%W -0.1%  35%W -0.5%  35%W -0.4%  35%W -0.3%       -2.8% → +2.0%
Pre-session top-2 (9:25, 20d EOD win rate) — 2022-07-05  OR: 09:30/3b
  #1 CRWD   +15m 60%W +1.1%  +30m 55%W +0.5%  +1h 60%W +0.8%  +2h 65%W +0.3%  +5h 70%W +0.8%  EOD 65%W +0.8%  EOD range -4.1% → +4.6%
  #2 SNOW   +15m 55%W +0.1%  +30m 45%W -0.6%  +1h 45%W -0.7%  +2h 55%W +0.7%  +5h 70%W +0.8%  EOD 65%W +0.4%  EOD range -5.7% → +6.2%
  Ticker   N          +15m          +30m           +1h           +2h           +5h           EOD           EOD range
  ----------------------------------------------------------------------------------------------------------------------
  CRWD    20  60%W +1.1%  55%W +0.5%  60%W +0.8%  65%W +0.3%  70%W +0.8%  65%W +0.8%       -4.1% → +4.6%
  SNOW    20  55%W +0.1%  45%W -0.6%  45%W -0.7%  55%W +0.7%  70%W +0.8%  65%W +0.4%       -5.7% → +6.2%
  LLY     20  50%W +0.0%  45%W -0.2%  45%W -0.1%  45%W -0.1%  65%W +0.3%  65%W +0.4%       -2.3% → +1.9%
  DDOG    20  65%W +1.2%  65%W +0.7%  55%W +0.3%  50%W +0.0%  60%W +0.9%  60%W +0.7%       -7.4% → +6.6%
  PLTR    20  45%W -0.1%  45%W -0.4%  40%W -0.5%  45%W -0.4%  55%W +0.5%  55%W +0.5%       -5.3% → +5.4%
  META    20  60%W +0.1%  35%W -0.4%  45%W -0.2%  40%W -0.4%  50%W -0.0%  50%W +0.1%       -6.4% → +2.2%
  MU      20  60%W +0.3%  40%W -0.4%  45%W -0.4%  40%W -0.5%  50%W -0.3%  50%W -0.2%       -3.7% → +3.6%
  CHTR    20  65%W +0.3%  70%W +0.3%  60%W +0.1%  55%W +0.1%  55%W +0.4%  50%W +0.1%       -4.0% → +5.1%
  SNPS    20  60%W +0.3%  50%W -0.0%  55%W +0.2%  45%W -0.1%  45%W -0.1%  50%W +0.0%       -2.8% → +1.8%
  MRVL    20  60%W +0.1%  45%W -0.2%  50%W -0.1%  35%W -0.3%  35%W -0.6%  45%W -0.3%       -6.4% → +2.5%
  TSLA    20  55%W +0.9%  40%W -0.1%  55%W +0.2%  65%W +0.2%  45%W -0.5%  45%W -0.3%       -6.9% → +3.7%
  APP     20  55%W +0.3%  35%W -0.1%  35%W -0.8%  40%W -0.3%  45%W -0.6%  40%W -0.9%       -7.2% → +8.1%
  SPOT    20  65%W +0.4%  50%W +0.0%  45%W -0.3%  40%W -0.5%  35%W -0.4%  40%W -0.7%       -6.9% → +4.0%
  QCOM    20  50%W +0.0%  50%W +0.0%  50%W -0.0%  30%W -0.3%  50%W -0.1%  40%W -0.7%       -2.6% → +1.9%
  AMD     20  55%W +0.1%  40%W -0.2%  45%W -0.5%  30%W -0.9%  40%W -0.6%  35%W -0.7%       -6.4% → +2.7%
  AVGO    20  55%W +0.1%  40%W -0.1%  35%W -0.1%  35%W -0.5%  40%W -0.2%  30%W -0.3%       -2.8% → +2.0%
Pre-session top-2 (9:25, 20d EOD win rate) — 2022-07-06  OR: 09:30/3b
  #1 CRWD   +15m 55%W +0.5%  +30m 60%W +0.5%  +1h 65%W +1.3%  +2h 70%W +0.5%  +5h 75%W +1.3%  EOD 70%W +1.0%  EOD range -4.1% → +4.6%
  #2 SNOW   +15m 50%W +0.0%  +30m 50%W -0.2%  +1h 50%W +0.6%  +2h 60%W +0.9%  +5h 75%W +0.9%  EOD 70%W +0.5%  EOD range -5.7% → +6.2%
  Ticker   N          +15m          +30m           +1h           +2h           +5h           EOD           EOD range
  ----------------------------------------------------------------------------------------------------------------------
  CRWD    20  55%W +0.5%  60%W +0.5%  65%W +1.3%  70%W +0.5%  75%W +1.3%  70%W +1.0%       -4.1% → +4.6%
  SNOW    20  50%W +0.0%  50%W -0.2%  50%W +0.6%  60%W +0.9%  75%W +0.9%  70%W +0.5%       -5.7% → +6.2%
  LLY     20  45%W -0.0%  40%W -0.2%  45%W -0.1%  45%W -0.1%  60%W +0.3%  70%W +0.6%       -2.3% → +1.9%
  DDOG    20  60%W +1.0%  65%W +0.8%  60%W +0.6%  55%W +0.2%  65%W +1.3%  65%W +1.0%       -7.4% → +6.6%
  PLTR    20  40%W -0.4%  45%W -0.4%  45%W -0.4%  50%W -0.0%  60%W +0.7%  60%W +0.9%       -5.3% → +9.7%
  META    20  65%W +0.2%  40%W -0.2%  50%W -0.0%  45%W -0.2%  55%W +0.3%  55%W +0.5%       -6.4% → +6.6%
  CHTR    20  60%W +0.3%  70%W +0.2%  55%W +0.1%  55%W +0.1%  55%W +0.4%  55%W +0.5%       -4.0% → +5.1%
  MU      20  60%W +0.3%  40%W -0.4%  50%W -0.1%  40%W -0.5%  50%W -0.2%  50%W -0.2%       -3.7% → +4.7%
  MRVL    20  60%W +0.1%  45%W -0.3%  55%W +0.5%  40%W -0.2%  40%W -0.3%  50%W +0.1%       -6.4% → +2.8%
  TSLA    20  50%W +0.4%  45%W -0.1%  60%W +0.6%  70%W +0.2%  50%W -0.2%  50%W -0.0%       -6.9% → +6.6%
  SNPS    20  55%W +0.3%  45%W -0.1%  60%W +0.3%  50%W +0.0%  45%W -0.1%  50%W +0.0%       -2.8% → +1.8%
  APP     20  50%W +0.0%  40%W -0.1%  40%W -0.7%  45%W -0.1%  50%W +0.2%  45%W -0.4%       -7.2% → +8.1%
  SPOT    20  60%W +0.3%  55%W +0.2%  50%W +0.2%  45%W -0.3%  40%W -0.2%  45%W -0.5%       -6.9% → +9.0%
  QCOM    20  45%W -0.0%  45%W -0.2%  50%W +0.0%  35%W -0.3%  55%W +0.1%  45%W -0.4%       -2.6% → +3.2%
  AMD     20  50%W +0.0%  40%W -0.2%  50%W -0.2%  35%W -0.8%  45%W -0.5%  40%W -0.5%       -6.4% → +2.8%
  AVGO    20  50%W -0.1%  35%W -0.2%  40%W -0.1%  40%W -0.4%  45%W -0.2%  35%W -0.2%       -2.8% → +2.0%
Pre-session top-2 (9:25, 20d EOD win rate) — 2022-07-07  OR: 09:30/3b
  #1 LLY    +15m 50%W +0.0%  +30m 45%W -0.2%  +1h 45%W -0.1%  +2h 45%W -0.1%  +5h 65%W +0.3%  EOD 75%W +0.6%  EOD range -2.0% → +1.9%
  #2 CRWD   +15m 55%W +0.4%  +30m 60%W +0.5%  +1h 65%W +0.8%  +2h 65%W +0.3%  +5h 75%W +0.8%  EOD 70%W +0.8%  EOD range -4.1% → +4.6%
  Ticker   N          +15m          +30m           +1h           +2h           +5h           EOD           EOD range
  ----------------------------------------------------------------------------------------------------------------------
  LLY     20  50%W +0.0%  45%W -0.2%  45%W -0.1%  45%W -0.1%  65%W +0.3%  75%W +0.6%       -2.0% → +1.9%
  CRWD    20  55%W +0.4%  60%W +0.5%  65%W +0.8%  65%W +0.3%  75%W +0.8%  70%W +0.8%       -4.1% → +4.6%
  SNOW    20  50%W +0.0%  50%W -0.2%  50%W +0.6%  55%W +0.9%  75%W +0.9%  70%W +0.5%       -5.7% → +6.2%
  DDOG    20  60%W +1.0%  65%W +0.8%  60%W +1.0%  60%W +0.3%  70%W +1.3%  70%W +1.2%       -7.4% → +6.6%
  META    20  65%W +0.2%  40%W -0.2%  50%W -0.0%  50%W +0.0%  55%W +0.3%  55%W +0.5%       -6.4% → +6.6%
  MU      20  55%W +0.2%  35%W -0.4%  45%W -0.3%  45%W -0.4%  55%W +0.4%  55%W +0.2%       -3.7% → +4.7%
  MRVL    20  60%W +0.1%  40%W -0.4%  55%W +0.5%  40%W -0.2%  45%W -0.3%  55%W +0.3%       -6.4% → +2.8%
  PLTR    20  40%W -0.4%  45%W -0.4%  45%W -0.4%  45%W -0.4%  55%W +0.5%  55%W +0.5%       -5.3% → +9.7%
  CHTR    20  60%W +0.3%  70%W +0.2%  55%W +0.2%  50%W +0.0%  55%W +0.4%  55%W +0.5%       -4.0% → +5.1%
  SNPS    20  50%W +0.0%  40%W -0.2%  60%W +0.3%  55%W +0.1%  50%W +0.2%  55%W +0.1%       -2.8% → +2.8%
  TSLA    20  50%W +0.4%  45%W -0.1%  60%W +0.6%  70%W +0.2%  50%W -0.2%  50%W -0.0%       -6.9% → +6.6%
  QCOM    20  40%W -0.0%  40%W -0.3%  50%W +0.0%  40%W -0.2%  60%W +0.4%  50%W -0.0%       -2.6% → +3.2%
  APP     20  50%W +0.0%  40%W -0.1%  40%W -0.7%  45%W -0.1%  50%W +0.2%  45%W -0.4%       -7.2% → +6.5%
  AMD     20  45%W -0.1%  35%W -0.3%  50%W -0.2%  40%W -0.7%  50%W -0.2%  45%W -0.3%       -6.4% → +2.8%
  SPOT    20  60%W +0.1%  50%W +0.0%  50%W +0.2%  40%W -0.5%  45%W -0.1%  45%W -0.3%       -6.9% → +9.0%
  AVGO    20  50%W -0.1%  35%W -0.2%  40%W -0.1%  45%W -0.3%  50%W -0.1%  40%W -0.1%       -2.8% → +2.0%
Pre-session top-2 (9:25, 20d EOD win rate) — 2022-07-08  OR: 09:30/3b
  #1 SNOW   +15m 50%W +0.0%  +30m 50%W -0.2%  +1h 45%W -0.7%  +2h 50%W +0.4%  +5h 75%W +0.9%  EOD 70%W +0.5%  EOD range -5.7% → +6.2%
  #2 LLY    +15m 55%W +0.0%  +30m 50%W -0.0%  +1h 45%W -0.1%  +2h 50%W +0.0%  +5h 65%W +0.3%  EOD 70%W +0.5%  EOD range -2.0% → +1.9%
  Ticker   N          +15m          +30m           +1h           +2h           +5h           EOD           EOD range
  ----------------------------------------------------------------------------------------------------------------------
  SNOW    20  50%W +0.0%  50%W -0.2%  45%W -0.7%  50%W +0.4%  75%W +0.9%  70%W +0.5%       -5.7% → +6.2%
  LLY     20  55%W +0.0%  50%W -0.0%  45%W -0.1%  50%W +0.0%  65%W +0.3%  70%W +0.5%       -2.0% → +1.9%
  CRWD    20  55%W +0.4%  60%W +0.4%  65%W +0.6%  65%W +0.3%  70%W +0.3%  65%W +0.6%       -4.1% → +4.6%
  DDOG    20  60%W +1.0%  60%W +0.8%  55%W +0.3%  55%W +0.1%  65%W +1.0%  65%W +1.0%       -7.4% → +6.6%
  META    20  65%W +0.2%  40%W -0.2%  45%W -0.2%  55%W +0.2%  60%W +0.4%  55%W +0.5%       -6.4% → +6.6%
  MU      20  50%W +0.0%  30%W -0.4%  45%W -0.3%  40%W -0.5%  55%W +0.4%  55%W +0.2%       -3.7% → +4.7%
  MRVL    20  55%W +0.0%  35%W -0.5%  55%W +0.3%  40%W -0.2%  45%W -0.3%  55%W +0.3%       -6.4% → +2.8%
  PLTR    20  40%W -0.4%  45%W -0.4%  40%W -0.4%  45%W -0.4%  55%W +0.5%  55%W +0.2%       -5.3% → +9.7%
  SNPS    20  55%W +0.1%  45%W -0.1%  60%W +0.3%  60%W +0.1%  55%W +0.5%  55%W +0.1%       -2.8% → +2.8%
  APP     20  50%W +0.0%  40%W -0.1%  40%W -0.6%  50%W +0.2%  55%W +0.9%  50%W +0.0%       -7.2% → +6.5%
  CHTR    20  60%W +0.3%  70%W +0.2%  50%W +0.0%  45%W -0.1%  50%W -0.0%  50%W +0.1%       -4.0% → +5.1%
  TSLA    20  55%W +0.4%  50%W +0.0%  60%W +0.5%  70%W +0.3%  50%W -0.2%  50%W -0.0%       -6.9% → +6.6%
  SPOT    20  60%W +0.1%  50%W +0.0%  50%W +0.2%  45%W -0.3%  50%W +0.0%  50%W -0.0%       -6.9% → +9.0%
  QCOM    20  35%W -0.1%  35%W -0.4%  50%W +0.0%  35%W -0.2%  60%W +0.4%  50%W -0.0%       -2.6% → +3.2%
  AMD     20  45%W -0.1%  40%W -0.2%  50%W -0.2%  45%W -0.4%  55%W +0.1%  45%W -0.3%       -6.4% → +2.8%
  AVGO    20  45%W -0.2%  35%W -0.2%  40%W -0.1%  40%W -0.3%  50%W -0.1%  40%W -0.1%       -2.8% → +1.9%
Pre-session top-2 (9:25, 20d EOD win rate) — 2022-07-11  OR: 09:30/3b
  #1 CRWD   +15m 55%W +0.8%  +30m 65%W +0.5%  +1h 65%W +0.8%  +2h 70%W +0.5%  +5h 75%W +0.8%  EOD 70%W +0.8%  EOD range -4.1% → +4.6%
  #2 SNOW   +15m 55%W +0.1%  +30m 55%W +0.4%  +1h 50%W +0.4%  +2h 55%W +0.9%  +5h 75%W +0.9%  EOD 70%W +1.1%  EOD range -5.7% → +6.2%
  Ticker   N          +15m          +30m           +1h           +2h           +5h           EOD           EOD range
  ----------------------------------------------------------------------------------------------------------------------
  CRWD    20  55%W +0.8%  65%W +0.5%  65%W +0.8%  70%W +0.5%  75%W +0.8%  70%W +0.8%       -4.1% → +4.6%
  SNOW    20  55%W +0.1%  55%W +0.4%  50%W +0.4%  55%W +0.9%  75%W +0.9%  70%W +1.1%       -5.7% → +6.2%
  LLY     20  55%W +0.0%  55%W +0.2%  50%W +0.0%  45%W -0.1%  70%W +0.3%  70%W +0.5%       -2.0% → +1.9%
  DDOG    20  60%W +0.7%  60%W +0.8%  55%W +0.7%  60%W +0.3%  70%W +1.3%  70%W +1.2%       -7.4% → +6.6%
  META    20  60%W +0.1%  35%W -0.3%  45%W -0.2%  55%W +0.2%  65%W +0.5%  60%W +0.5%       -6.4% → +6.6%
  MU      20  55%W +0.2%  35%W -0.4%  50%W -0.1%  45%W -0.2%  60%W +0.4%  60%W +0.4%       -3.7% → +4.7%
  MRVL    20  55%W +0.2%  40%W -0.4%  60%W +0.5%  45%W -0.1%  50%W -0.1%  60%W +0.4%       -6.4% → +2.9%
  PLTR    20  35%W -0.4%  50%W -0.1%  45%W -0.1%  50%W +0.3%  60%W +0.6%  60%W +0.6%       -5.3% → +9.7%
  SNPS    20  60%W +0.2%  50%W -0.0%  65%W +0.4%  65%W +0.2%  60%W +0.6%  60%W +0.2%       -2.8% → +2.8%
  APP     20  50%W +0.0%  45%W -0.0%  45%W -0.3%  55%W +0.7%  60%W +1.0%  55%W +0.5%       -7.2% → +6.5%
  TSLA    20  55%W +0.2%  50%W +0.0%  60%W +0.5%  70%W +0.5%  55%W +0.1%  55%W +0.5%       -6.9% → +6.6%
  QCOM    20  35%W -0.1%  40%W -0.3%  55%W +0.1%  40%W -0.2%  65%W +0.7%  55%W +0.1%       -2.6% → +3.2%
  CHTR    20  55%W +0.3%  70%W +0.2%  50%W +0.0%  45%W -0.1%  50%W -0.0%  50%W +0.0%       -4.0% → +5.1%
  AMD     20  50%W +0.0%  45%W -0.0%  55%W +0.4%  50%W -0.0%  60%W +0.2%  50%W +0.1%       -6.4% → +2.8%
  SPOT    20  55%W +0.0%  50%W +0.0%  50%W +0.2%  45%W -0.3%  50%W +0.0%  50%W -0.0%       -6.9% → +9.0%
  AVGO    20  50%W -0.1%  40%W -0.2%  45%W -0.1%  45%W -0.2%  55%W +0.0%  45%W -0.1%       -2.8% → +1.9%
Pre-session top-2 (9:25, 20d EOD win rate) — 2022-07-12  OR: 09:30/3b
  #1 CRWD   +15m 55%W +0.8%  +30m 65%W +0.5%  +1h 65%W +1.3%  +2h 75%W +0.7%  +5h 80%W +1.3%  EOD 75%W +1.0%  EOD range -4.1% → +4.6%
  #2 DDOG   +15m 55%W +0.2%  +30m 55%W +0.7%  +1h 55%W +0.5%  +2h 60%W +0.7%  +5h 75%W +1.3%  EOD 75%W +1.2%  EOD range -7.4% → +6.6%
  Ticker   N          +15m          +30m           +1h           +2h           +5h           EOD           EOD range
  ----------------------------------------------------------------------------------------------------------------------
  CRWD    20  55%W +0.8%  65%W +0.5%  65%W +1.3%  75%W +0.7%  80%W +1.3%  75%W +1.0%       -4.1% → +4.6%
  DDOG    20  55%W +0.2%  55%W +0.7%  55%W +0.5%  60%W +0.7%  75%W +1.3%  75%W +1.2%       -7.4% → +6.6%
  SNOW    20  50%W -0.1%  55%W +0.4%  50%W +0.4%  55%W +0.9%  75%W +0.9%  70%W +1.2%       -5.7% → +6.2%
  LLY     20  50%W +0.0%  50%W -0.0%  50%W +0.0%  45%W -0.1%  70%W +0.3%  70%W +0.5%       -2.0% → +1.9%
  SNPS    20  55%W +0.2%  50%W -0.0%  65%W +0.5%  65%W +0.2%  65%W +0.7%  65%W +0.5%       -2.8% → +2.8%
  META    20  55%W +0.1%  40%W -0.2%  50%W -0.0%  60%W +0.3%  70%W +0.5%  60%W +0.5%       -6.0% → +6.6%
  MU      20  60%W +0.2%  40%W -0.3%  55%W +0.1%  45%W -0.1%  65%W +0.4%  60%W +0.4%       -3.7% → +4.7%
  MRVL    20  50%W +0.1%  40%W -0.4%  60%W +0.4%  50%W +0.0%  55%W +0.2%  60%W +0.4%       -6.4% → +2.9%
  PLTR    20  35%W -0.4%  50%W -0.1%  50%W +0.0%  50%W +0.4%  60%W +0.6%  60%W +0.6%       -5.3% → +9.7%
  QCOM    20  40%W -0.1%  40%W -0.3%  55%W +0.1%  40%W -0.2%  70%W +0.7%  60%W +0.2%       -2.6% → +3.2%
  APP     20  45%W -0.2%  45%W -0.1%  45%W -0.3%  55%W +0.7%  60%W +1.0%  55%W +0.5%       -6.9% → +6.5%
  TSLA    20  50%W +0.1%  45%W -0.1%  55%W +0.2%  65%W +0.4%  55%W +0.1%  55%W +0.5%       -6.9% → +6.6%
  AMD     20  50%W +0.0%  45%W -0.0%  60%W +0.5%  55%W +0.3%  65%W +0.2%  55%W +0.5%       -6.4% → +2.8%
  CHTR    20  50%W +0.1%  65%W +0.1%  50%W +0.0%  45%W -0.1%  50%W -0.1%  50%W +0.0%       -4.0% → +5.1%
  SPOT    20  50%W -0.0%  50%W +0.0%  50%W +0.2%  50%W +0.0%  50%W +0.0%  50%W -0.0%       -6.9% → +9.0%
  AVGO    20  50%W -0.1%  40%W -0.2%  45%W -0.1%  45%W -0.2%  60%W +0.0%  45%W -0.1%       -2.8% → +1.9%
Pre-session top-2 (9:25, 20d EOD win rate) — 2022-07-13  OR: 09:30/3b
  #1 CRWD   +15m 55%W +0.8%  +30m 65%W +0.5%  +1h 65%W +1.3%  +2h 75%W +0.7%  +5h 80%W +1.3%  EOD 75%W +1.0%  EOD range -4.1% → +4.6%
  #2 DDOG   +15m 55%W +0.2%  +30m 55%W +0.7%  +1h 55%W +0.5%  +2h 60%W +0.7%  +5h 75%W +1.3%  EOD 75%W +1.2%  EOD range -7.4% → +6.6%
  Ticker   N          +15m          +30m           +1h           +2h           +5h           EOD           EOD range
  ----------------------------------------------------------------------------------------------------------------------
  CRWD    20  55%W +0.8%  65%W +0.5%  65%W +1.3%  75%W +0.7%  80%W +1.3%  75%W +1.0%       -4.1% → +4.6%
  DDOG    20  55%W +0.2%  55%W +0.7%  55%W +0.5%  60%W +0.7%  75%W +1.3%  75%W +1.2%       -7.4% → +6.6%
  SNOW    20  50%W -0.1%  55%W +0.4%  50%W +0.4%  55%W +0.9%  75%W +0.9%  70%W +1.2%       -5.7% → +6.2%
  LLY     20  50%W +0.0%  50%W -0.0%  50%W +0.0%  45%W -0.1%  70%W +0.3%  70%W +0.5%       -2.0% → +1.9%
  MU      20  60%W +0.2%  45%W -0.1%  60%W +0.2%  50%W +0.1%  70%W +0.6%  65%W +0.6%       -3.7% → +4.7%
  PLTR    20  35%W -0.4%  50%W -0.1%  50%W +0.0%  55%W +0.9%  65%W +0.9%  65%W +0.8%       -5.3% → +9.7%
  SNPS    20  55%W +0.2%  50%W -0.0%  65%W +0.5%  65%W +0.2%  65%W +0.7%  65%W +0.5%       -2.8% → +2.8%
  META    20  55%W +0.1%  40%W -0.2%  50%W -0.0%  60%W +0.3%  75%W +0.5%  60%W +0.5%       -6.0% → +6.6%
  MRVL    20  50%W +0.1%  45%W -0.2%  60%W +0.4%  50%W +0.0%  60%W +0.3%  60%W +0.4%       -6.4% → +2.9%
  TSLA    20  50%W +0.1%  50%W +0.0%  55%W +0.2%  70%W +0.6%  60%W +0.3%  60%W +0.9%       -6.9% → +6.6%
  AMD     20  50%W +0.0%  50%W -0.0%  65%W +0.5%  60%W +0.4%  70%W +0.6%  60%W +0.6%       -6.4% → +2.8%
  QCOM    20  40%W -0.1%  40%W -0.3%  55%W +0.1%  40%W -0.2%  70%W +0.7%  60%W +0.2%       -2.6% → +3.2%
  APP     20  45%W -0.2%  45%W -0.1%  45%W -0.3%  55%W +0.7%  65%W +1.0%  55%W +0.5%       -5.5% → +6.5%
  SPOT    20  50%W -0.0%  50%W +0.1%  50%W +0.2%  55%W +0.3%  55%W +0.2%  55%W +0.1%       -5.2% → +9.0%
  CHTR    20  50%W +0.1%  70%W +0.2%  55%W +0.2%  50%W +0.0%  55%W +0.4%  50%W +0.0%       -4.0% → +5.1%
  AVGO    20  50%W -0.1%  40%W -0.2%  45%W -0.1%  50%W -0.1%  55%W +0.0%  45%W -0.1%       -2.8% → +1.9%
Pre-session top-2 (9:25, 20d EOD win rate) — 2022-07-14  OR: 09:30/3b
  #1 DDOG   +15m 50%W +0.0%  +30m 55%W +0.7%  +1h 60%W +1.2%  +2h 65%W +0.7%  +5h 80%W +1.3%  EOD 75%W +1.2%  EOD range -7.4% → +6.6%
  #2 MU     +15m 60%W +0.2%  +30m 45%W -0.1%  +1h 65%W +0.2%  +2h 55%W +0.3%  +5h 75%W +0.8%  EOD 70%W +0.6%  EOD range -3.7% → +4.7%
  Ticker   N          +15m          +30m           +1h           +2h           +5h           EOD           EOD range
  ----------------------------------------------------------------------------------------------------------------------
  DDOG    20  50%W +0.0%  55%W +0.7%  60%W +1.2%  65%W +0.7%  80%W +1.3%  75%W +1.2%       -7.4% → +6.6%
  MU      20  60%W +0.2%  45%W -0.1%  65%W +0.2%  55%W +0.3%  75%W +0.8%  70%W +0.6%       -3.7% → +4.7%
  CRWD    20  50%W +0.2%  60%W +0.4%  70%W +1.6%  70%W +0.7%  80%W +0.8%  70%W +0.8%       -4.1% → +4.6%
  SNOW    20  45%W -0.4%  55%W +0.4%  55%W +1.7%  60%W +0.9%  75%W +0.9%  70%W +1.2%       -5.7% → +6.2%
  SNPS    20  55%W +0.2%  50%W -0.0%  70%W +0.6%  70%W +0.5%  70%W +1.0%  70%W +0.8%       -2.8% → +2.8%
  META    20  55%W +0.1%  40%W -0.2%  55%W +0.2%  65%W +0.4%  80%W +0.7%  65%W +0.5%       -6.0% → +6.6%
  MRVL    20  50%W +0.2%  45%W -0.1%  65%W +0.5%  55%W +0.1%  65%W +0.5%  65%W +0.7%       -6.4% → +2.9%
  PLTR    20  35%W -0.4%  50%W -0.1%  55%W +0.2%  55%W +0.9%  65%W +0.9%  65%W +0.8%       -5.3% → +9.7%
  TSLA    20  50%W +0.1%  50%W +0.0%  60%W +0.5%  70%W +0.7%  65%W +0.6%  65%W +1.0%       -6.9% → +6.6%
  AMD     20  50%W +0.0%  50%W -0.0%  70%W +0.7%  65%W +0.7%  75%W +1.1%  65%W +0.7%       -6.4% → +2.8%
  LLY     20  50%W +0.0%  50%W -0.0%  50%W +0.0%  45%W -0.1%  65%W +0.3%  65%W +0.5%       -2.0% → +1.9%
  QCOM    20  40%W -0.1%  40%W -0.3%  60%W +0.2%  45%W -0.1%  70%W +0.7%  65%W +0.2%       -2.6% → +3.2%
  APP     20  45%W -0.4%  40%W -0.1%  50%W +0.0%  50%W +0.2%  60%W +1.0%  55%W +0.5%       -5.5% → +6.5%
  CHTR    20  45%W -0.0%  65%W +0.2%  55%W +0.2%  45%W -0.1%  60%W +0.5%  55%W +0.2%       -4.0% → +5.1%
  SPOT    20  45%W -0.1%  50%W +0.1%  55%W +0.4%  55%W +0.3%  60%W +0.3%  55%W +0.2%       -5.2% → +9.0%
  AVGO    20  50%W -0.0%  40%W -0.2%  50%W -0.0%  55%W +0.0%  60%W +0.1%  50%W -0.1%       -2.8% → +1.9%
Pre-session top-2 (9:25, 20d EOD win rate) — 2022-07-15  OR: 09:30/3b
  #1 MU     +15m 55%W +0.1%  +30m 45%W -0.1%  +1h 60%W +0.2%  +2h 60%W +0.5%  +5h 80%W +0.9%  EOD 75%W +0.7%  EOD range -3.7% → +4.7%
  #2 CRWD   +15m 45%W -0.4%  +30m 55%W +0.2%  +1h 65%W +1.3%  +2h 65%W +0.5%  +5h 80%W +0.6%  EOD 70%W +0.6%  EOD range -4.1% → +4.6%
  Ticker   N          +15m          +30m           +1h           +2h           +5h           EOD           EOD range
  ----------------------------------------------------------------------------------------------------------------------
  MU      20  55%W +0.1%  45%W -0.1%  60%W +0.2%  60%W +0.5%  80%W +0.9%  75%W +0.7%       -3.7% → +4.7%
  CRWD    20  45%W -0.4%  55%W +0.2%  65%W +1.3%  65%W +0.5%  80%W +0.6%  70%W +0.6%       -4.1% → +4.6%
  SNOW    20  40%W -0.4%  50%W -0.5%  50%W +0.4%  60%W +0.8%  75%W +0.9%  70%W +0.7%       -5.7% → +6.2%
  SNPS    20  50%W +0.0%  45%W -0.1%  65%W +0.5%  70%W +0.5%  70%W +1.0%  70%W +0.8%       -2.8% → +2.8%
  QCOM    20  45%W -0.1%  45%W -0.2%  65%W +0.2%  50%W -0.0%  75%W +0.7%  70%W +0.2%       -2.6% → +5.3%
  DDOG    20  45%W -0.1%  50%W +0.2%  55%W +0.5%  65%W +0.5%  80%W +1.2%  70%W +1.0%       -7.4% → +6.6%
  MRVL    20  45%W -0.1%  45%W -0.1%  60%W +0.4%  60%W +0.2%  70%W +0.9%  65%W +1.0%       -6.4% → +3.9%
  TSLA    20  45%W -0.1%  50%W +0.0%  55%W +0.2%  70%W +0.7%  65%W +0.6%  65%W +1.0%       -6.9% → +6.6%
  AMD     20  45%W -0.0%  50%W -0.0%  65%W +0.5%  65%W +0.4%  75%W +1.4%  65%W +0.9%       -6.4% → +2.8%
  LLY     20  50%W +0.0%  55%W +0.2%  55%W +0.1%  50%W +0.0%  70%W +0.3%  65%W +0.5%       -2.0% → +1.9%
  META    20  50%W +0.0%  40%W -0.2%  50%W -0.0%  65%W +0.3%  75%W +0.7%  60%W +0.5%       -6.0% → +6.6%
  PLTR    20  30%W -0.6%  45%W -0.4%  50%W +0.0%  50%W +0.4%  60%W +0.6%  60%W +0.5%       -5.3% → +9.7%
  CHTR    20  40%W -0.1%  60%W +0.1%  60%W +0.2%  50%W +0.0%  65%W +0.6%  60%W +0.4%       -4.0% → +5.1%
  APP     20  40%W -0.7%  35%W -0.4%  45%W -0.3%  45%W -0.1%  60%W +1.0%  55%W +0.5%       -5.5% → +6.5%
  SPOT    20  40%W -0.3%  45%W -0.1%  50%W +0.2%  55%W +0.3%  65%W +0.4%  55%W +0.2%       -5.2% → +9.0%
  AVGO    20  45%W -0.1%  40%W -0.3%  50%W -0.0%  60%W +0.0%  65%W +0.2%  50%W -0.0%       -2.8% → +1.9%
Pre-session top-2 (9:25, 20d EOD win rate) — 2022-07-18  OR: 09:30/3b
  #1 MU     +15m 50%W +0.0%  +30m 45%W -0.1%  +1h 60%W +0.2%  +2h 60%W +0.6%  +5h 80%W +0.9%  EOD 75%W +0.8%  EOD range -3.7% → +4.7%
  #2 CRWD   +15m 50%W +0.2%  +30m 60%W +0.3%  +1h 70%W +1.3%  +2h 65%W +0.7%  +5h 80%W +0.6%  EOD 70%W +0.8%  EOD range -4.1% → +4.6%
  Ticker   N          +15m          +30m           +1h           +2h           +5h           EOD           EOD range
  ----------------------------------------------------------------------------------------------------------------------
  MU      20  50%W +0.0%  45%W -0.1%  60%W +0.2%  60%W +0.6%  80%W +0.9%  75%W +0.8%       -3.7% → +4.7%
  CRWD    20  50%W +0.2%  60%W +0.3%  70%W +1.3%  65%W +0.7%  80%W +0.6%  70%W +0.8%       -4.1% → +4.6%
  SNOW    20  45%W -0.4%  50%W -0.4%  50%W +0.4%  55%W +0.4%  75%W +0.9%  70%W +0.7%       -5.7% → +6.2%
  SNPS    20  50%W +0.0%  45%W -0.1%  65%W +0.6%  70%W +0.7%  70%W +1.0%  70%W +0.8%       -2.8% → +2.8%
  QCOM    20  45%W -0.1%  40%W -0.2%  65%W +0.2%  50%W -0.1%  70%W +0.7%  70%W +0.3%       -2.6% → +5.3%
  MRVL    20  45%W -0.1%  45%W -0.1%  65%W +0.4%  65%W +0.3%  70%W +0.9%  65%W +1.0%       -6.4% → +3.9%
  TSLA    20  45%W -0.1%  50%W -0.1%  55%W +0.2%  70%W +0.5%  65%W +0.3%  65%W +0.9%       -6.9% → +6.6%
  AMD     20  45%W -0.0%  55%W +0.1%  70%W +0.7%  65%W +0.7%  75%W +1.4%  65%W +0.9%       -6.4% → +3.6%
  DDOG    20  50%W -0.1%  50%W +0.2%  55%W +0.5%  70%W +0.5%  80%W +1.0%  65%W +1.0%       -7.4% → +6.6%
  META    20  55%W +0.1%  45%W -0.1%  55%W +0.3%  70%W +0.4%  75%W +0.7%  60%W +0.5%       -6.0% → +6.6%
  PLTR    20  30%W -0.6%  45%W -0.4%  50%W +0.0%  55%W +0.7%  60%W +0.6%  60%W +0.5%       -5.3% → +9.7%
  CHTR    20  40%W -0.1%  55%W +0.1%  55%W +0.2%  55%W +0.0%  65%W +0.6%  60%W +0.4%       -4.0% → +5.1%
  LLY     20  45%W -0.0%  50%W +0.1%  50%W +0.0%  45%W -0.1%  65%W +0.3%  60%W +0.4%       -2.0% → +1.9%
  APP     20  35%W -0.7%  30%W -0.8%  45%W -0.3%  50%W +0.1%  60%W +1.0%  55%W +1.0%       -5.5% → +6.5%
  SPOT    20  40%W -0.3%  40%W -0.2%  50%W +0.1%  55%W +0.3%  65%W +0.4%  55%W +0.2%       -5.2% → +9.0%
  AVGO    20  45%W -0.1%  40%W -0.3%  50%W +0.0%  65%W +0.1%  65%W +0.2%  50%W -0.0%       -2.8% → +1.9%
Pre-session top-2 (9:25, 20d EOD win rate) — 2022-07-19  OR: 09:30/3b
  #1 MU     +15m 50%W +0.0%  +30m 45%W -0.1%  +1h 60%W +0.2%  +2h 65%W +0.6%  +5h 80%W +0.9%  EOD 75%W +0.8%  EOD range -3.7% → +4.7%
  #2 CRWD   +15m 55%W +0.5%  +30m 60%W +0.3%  +1h 70%W +1.3%  +2h 65%W +0.7%  +5h 80%W +0.6%  EOD 70%W +0.8%  EOD range -4.1% → +4.6%
  Ticker   N          +15m          +30m           +1h           +2h           +5h           EOD           EOD range
  ----------------------------------------------------------------------------------------------------------------------
  MU      20  50%W +0.0%  45%W -0.1%  60%W +0.2%  65%W +0.6%  80%W +0.9%  75%W +0.8%       -3.7% → +4.7%
  CRWD    20  55%W +0.5%  60%W +0.3%  70%W +1.3%  65%W +0.7%  80%W +0.6%  70%W +0.8%       -4.1% → +4.6%
  SNOW    20  50%W -0.1%  50%W -0.0%  50%W +0.4%  60%W +0.5%  75%W +0.9%  70%W +0.7%       -5.7% → +6.2%
  SNPS    20  50%W +0.0%  45%W -0.1%  65%W +0.6%  75%W +0.7%  70%W +1.0%  70%W +0.8%       -2.8% → +2.8%
  QCOM    20  45%W -0.1%  40%W -0.1%  70%W +0.2%  55%W +0.0%  70%W +0.7%  70%W +0.3%       -1.5% → +5.3%
  MRVL    20  50%W +0.2%  45%W -0.1%  70%W +0.6%  70%W +0.3%  70%W +0.9%  65%W +1.0%       -6.4% → +3.9%
  TSLA    20  50%W +0.0%  50%W -0.1%  55%W +0.2%  70%W +0.5%  65%W +0.3%  65%W +0.9%       -6.9% → +6.6%
  AMD     20  45%W -0.0%  55%W +0.1%  70%W +0.7%  70%W +0.7%  75%W +1.4%  65%W +0.9%       -6.4% → +3.6%
  DDOG    20  55%W +0.1%  50%W +0.2%  55%W +0.5%  70%W +0.5%  80%W +1.0%  65%W +1.0%       -7.4% → +6.6%
  META    20  55%W +0.1%  45%W -0.1%  55%W +0.3%  75%W +0.4%  75%W +0.7%  60%W +0.5%       -6.0% → +6.6%
  PLTR    20  35%W -0.5%  45%W -0.4%  50%W +0.0%  55%W +0.7%  60%W +0.6%  60%W +0.5%       -5.3% → +9.7%
  CHTR    20  40%W -0.1%  55%W +0.1%  55%W +0.2%  60%W +0.3%  65%W +0.6%  60%W +0.4%       -3.3% → +5.1%
  APP     20  35%W -0.5%  30%W -0.8%  45%W -0.3%  55%W +0.4%  60%W +1.0%  55%W +1.0%       -5.5% → +6.5%
  SPOT    20  40%W -0.2%  40%W -0.2%  50%W +0.1%  55%W +0.3%  65%W +0.4%  55%W +0.2%       -5.2% → +9.0%
  LLY     20  40%W -0.1%  45%W -0.1%  45%W -0.1%  40%W -0.2%  65%W +0.3%  55%W +0.2%       -2.9% → +1.9%
  AVGO    20  45%W -0.1%  40%W -0.2%  55%W +0.1%  70%W +0.3%  65%W +0.2%  50%W -0.0%       -2.8% → +1.9%
Pre-session top-2 (9:25, 20d EOD win rate) — 2022-07-20  OR: 09:30/3b
  #1 MU     +15m 55%W +0.1%  +30m 50%W +0.1%  +1h 65%W +0.2%  +2h 70%W +0.7%  +5h 80%W +1.0%  EOD 75%W +0.8%  EOD range -3.7% → +4.7%
  #2 QCOM   +15m 50%W -0.0%  +30m 45%W -0.1%  +1h 75%W +0.3%  +2h 60%W +0.1%  +5h 75%W +0.8%  EOD 75%W +0.6%  EOD range -1.5% → +5.3%
  Ticker   N          +15m          +30m           +1h           +2h           +5h           EOD           EOD range
  ----------------------------------------------------------------------------------------------------------------------
  MU      20  55%W +0.1%  50%W +0.1%  65%W +0.2%  70%W +0.7%  80%W +1.0%  75%W +0.8%       -3.7% → +4.7%
  QCOM    20  50%W -0.0%  45%W -0.1%  75%W +0.3%  60%W +0.1%  75%W +0.8%  75%W +0.6%       -1.5% → +5.3%
  CRWD    20  60%W +0.7%  60%W +0.3%  75%W +1.3%  70%W +0.9%  80%W +0.6%  70%W +0.8%       -4.1% → +4.6%
  TSLA    20  55%W +0.1%  50%W -0.1%  60%W +0.4%  75%W +0.8%  70%W +0.6%  70%W +1.0%       -6.9% → +6.6%
  AMD     20  50%W +0.0%  60%W +0.1%  75%W +1.0%  75%W +0.9%  80%W +1.6%  70%W +1.0%       -6.4% → +4.2%
  SNOW    20  55%W +0.1%  50%W -0.0%  55%W +1.7%  65%W +0.8%  75%W +0.9%  70%W +1.1%       -5.7% → +6.2%
  SNPS    20  50%W +0.0%  45%W -0.1%  70%W +0.6%  80%W +0.8%  70%W +1.0%  70%W +0.9%       -2.8% → +2.8%
  MRVL    20  55%W +0.4%  50%W -0.0%  75%W +0.8%  75%W +0.6%  70%W +1.3%  65%W +1.0%       -6.4% → +4.4%
  DDOG    20  55%W +0.1%  50%W +0.2%  60%W +0.8%  75%W +0.7%  80%W +1.0%  65%W +1.2%       -7.4% → +6.6%
  META    20  55%W +0.1%  45%W -0.0%  60%W +0.4%  75%W +0.5%  75%W +0.7%  60%W +0.6%       -6.0% → +6.6%
  PLTR    20  35%W -0.3%  45%W -0.4%  55%W +0.2%  60%W +0.9%  60%W +0.6%  60%W +0.5%       -5.3% → +9.7%
  CHTR    20  40%W -0.1%  55%W +0.1%  55%W +0.2%  60%W +0.2%  65%W +0.6%  60%W +0.4%       -3.3% → +2.1%
  SPOT    20  45%W -0.2%  45%W -0.1%  55%W +0.4%  60%W +0.4%  70%W +0.5%  60%W +0.5%       -5.2% → +9.0%
  LLY     20  40%W -0.1%  45%W -0.1%  45%W -0.1%  45%W -0.1%  65%W +0.3%  60%W +0.4%       -2.9% → +1.9%
  APP     20  35%W -0.4%  30%W -0.8%  45%W -0.3%  55%W +0.4%  60%W +0.9%  55%W +1.0%       -5.5% → +6.5%
  AVGO    20  50%W -0.0%  45%W -0.1%  60%W +0.1%  75%W +0.4%  70%W +0.4%  55%W +0.1%       -2.8% → +2.0%
Pre-session top-2 (9:25, 20d EOD win rate) — 2022-07-21  OR: 09:30/3b
  #1 MU     +15m 50%W +0.0%  +30m 50%W +0.1%  +1h 65%W +0.2%  +2h 70%W +0.7%  +5h 80%W +1.2%  EOD 75%W +0.9%  EOD range -3.7% → +4.7%
  #2 SNOW   +15m 50%W -0.1%  +30m 50%W -0.0%  +1h 55%W +1.6%  +2h 65%W +0.7%  +5h 75%W +1.0%  EOD 75%W +1.3%  EOD range -5.7% → +6.2%
  Ticker   N          +15m          +30m           +1h           +2h           +5h           EOD           EOD range
  ----------------------------------------------------------------------------------------------------------------------
  MU      20  50%W +0.0%  50%W +0.1%  65%W +0.2%  70%W +0.7%  80%W +1.2%  75%W +0.9%       -3.7% → +4.7%
  SNOW    20  50%W -0.1%  50%W -0.0%  55%W +1.6%  65%W +0.7%  75%W +1.0%  75%W +1.3%       -5.7% → +6.2%
  SNPS    20  45%W -0.1%  45%W -0.1%  70%W +0.6%  80%W +0.8%  75%W +1.2%  75%W +1.0%       -2.8% → +2.8%
  QCOM    20  50%W -0.0%  40%W -0.1%  75%W +0.3%  60%W +0.1%  75%W +0.9%  75%W +1.0%       -1.5% → +5.3%
  MRVL    20  55%W +0.3%  50%W -0.0%  75%W +0.8%  75%W +0.9%  75%W +1.5%  70%W +1.1%       -6.4% → +4.4%
  CRWD    20  55%W +0.5%  60%W +0.3%  75%W +0.9%  70%W +0.8%  80%W +0.7%  70%W +0.8%       -4.1% → +4.6%
  AMD     20  45%W -0.0%  60%W +0.1%  75%W +1.0%  75%W +0.9%  80%W +1.8%  70%W +1.0%       -6.4% → +4.2%
  META    20  50%W +0.0%  40%W -0.1%  65%W +0.5%  80%W +0.7%  80%W +0.8%  65%W +1.0%       -6.0% → +6.6%
  PLTR    20  30%W -0.5%  45%W -0.4%  55%W +0.2%  60%W +0.9%  60%W +0.9%  65%W +0.8%       -5.3% → +9.7%
  CHTR    20  35%W -0.1%  55%W +0.1%  55%W +0.2%  60%W +0.5%  70%W +0.8%  65%W +0.5%       -3.3% → +2.1%
  TSLA    20  50%W +0.0%  45%W -0.3%  60%W +0.4%  75%W +0.6%  70%W +0.3%  65%W +0.9%       -6.9% → +6.6%
  SPOT    20  40%W -0.3%  45%W -0.1%  55%W +0.4%  65%W +0.5%  75%W +0.6%  65%W +0.7%       -5.2% → +9.0%
  DDOG    20  50%W -0.3%  50%W +0.2%  60%W +0.8%  75%W +0.7%  80%W +0.8%  65%W +1.0%       -7.4% → +6.6%
  AVGO    20  50%W -0.0%  45%W -0.1%  65%W +0.2%  75%W +0.4%  75%W +0.6%  60%W +0.2%       -2.8% → +2.0%
  APP     20  30%W -0.7%  30%W -0.8%  45%W -0.3%  55%W +0.4%  60%W +0.9%  55%W +1.0%       -5.5% → +6.5%
  LLY     20  40%W -0.1%  45%W -0.1%  40%W -0.2%  40%W -0.2%  60%W +0.2%  55%W +0.2%       -2.9% → +1.9%
Pre-session top-2 (9:25, 20d EOD win rate) — 2022-07-22  OR: 09:30/3b
  #1 MU     +15m 50%W +0.0%  +30m 45%W -0.1%  +1h 60%W +0.1%  +2h 70%W +0.6%  +5h 80%W +1.0%  EOD 75%W +1.0%  EOD range -3.7% → +4.7%
  #2 AMD    +15m 45%W -0.0%  +30m 60%W +0.1%  +1h 75%W +0.7%  +2h 80%W +1.0%  +5h 80%W +1.8%  EOD 75%W +1.2%  EOD range -6.4% → +4.2%
  Ticker   N          +15m          +30m           +1h           +2h           +5h           EOD           EOD range
  ----------------------------------------------------------------------------------------------------------------------
  MU      20  50%W +0.0%  45%W -0.1%  60%W +0.1%  70%W +0.6%  80%W +1.0%  75%W +1.0%       -3.7% → +4.7%
  AMD     20  45%W -0.0%  60%W +0.1%  75%W +0.7%  80%W +1.0%  80%W +1.8%  75%W +1.2%       -6.4% → +4.2%
  SNPS    20  40%W -0.1%  40%W -0.2%  65%W +0.6%  80%W +0.8%  75%W +1.0%  75%W +1.2%       -2.8% → +2.8%
  QCOM    20  50%W -0.0%  35%W -0.1%  70%W +0.3%  65%W +0.4%  75%W +1.0%  75%W +1.0%       -1.5% → +5.3%
  META    20  50%W +0.0%  35%W -0.2%  60%W +0.4%  85%W +0.7%  85%W +0.8%  70%W +1.0%       -6.0% → +6.6%
  MRVL    20  50%W +0.1%  45%W -0.1%  70%W +0.6%  75%W +0.6%  75%W +1.5%  70%W +1.1%       -6.4% → +4.4%
  CRWD    20  50%W +0.0%  55%W +0.1%  70%W +0.7%  70%W +0.7%  80%W +0.7%  70%W +1.1%       -4.1% → +4.6%
  TSLA    20  50%W +0.0%  45%W -0.3%  60%W +0.4%  75%W +0.8%  75%W +0.6%  70%W +1.0%       -6.9% → +6.6%
  SNOW    20  45%W -0.4%  45%W -0.3%  50%W +0.3%  60%W +0.4%  70%W +0.9%  70%W +1.0%       -5.7% → +6.2%
  SPOT    20  40%W -0.3%  45%W -0.1%  50%W +0.1%  65%W +0.5%  80%W +0.6%  70%W +0.9%       -5.2% → +9.0%
  CHTR    20  35%W -0.0%  50%W -0.0%  55%W +0.2%  60%W +0.5%  70%W +0.8%  65%W +0.5%       -3.3% → +4.0%
  AVGO    20  55%W +0.1%  45%W -0.1%  60%W +0.1%  75%W +0.5%  75%W +0.6%  65%W +0.4%       -2.8% → +2.0%
  DDOG    20  45%W -0.7%  45%W -0.4%  55%W +0.3%  70%W +0.5%  80%W +0.7%  65%W +1.0%       -7.4% → +6.6%
  PLTR    20  25%W -0.6%  40%W -0.7%  50%W +0.0%  55%W +0.7%  55%W +0.5%  60%W +0.5%       -5.3% → +9.7%
  APP     20  25%W -0.7%  25%W -0.8%  40%W -0.5%  50%W +0.1%  55%W +0.8%  55%W +0.6%       -5.5% → +6.5%
  LLY     20  35%W -0.1%  45%W -0.1%  40%W -0.2%  40%W -0.2%  60%W +0.2%  55%W +0.2%       -2.9% → +1.6%
Pre-session top-2 (9:25, 20d EOD win rate) — 2022-07-25  OR: 09:30/3b
  #1 MU     +15m 45%W -0.1%  +30m 45%W -0.1%  +1h 60%W +0.2%  +2h 70%W +0.6%  +5h 80%W +1.0%  EOD 75%W +1.0%  EOD range -3.7% → +4.7%
  #2 AMD    +15m 40%W -0.2%  +30m 55%W +0.0%  +1h 70%W +0.5%  +2h 80%W +1.0%  +5h 80%W +1.8%  EOD 75%W +1.2%  EOD range -6.4% → +4.2%
  Ticker   N          +15m          +30m           +1h           +2h           +5h           EOD           EOD range
  ----------------------------------------------------------------------------------------------------------------------
  MU      20  45%W -0.1%  45%W -0.1%  60%W +0.2%  70%W +0.6%  80%W +1.0%  75%W +1.0%       -3.7% → +4.7%
  AMD     20  40%W -0.2%  55%W +0.0%  70%W +0.5%  80%W +1.0%  80%W +1.8%  75%W +1.2%       -6.4% → +4.2%
  QCOM    20  45%W -0.0%  35%W -0.2%  65%W +0.3%  65%W +0.4%  75%W +1.0%  75%W +1.0%       -1.6% → +5.3%
  MRVL    20  45%W -0.1%  40%W -0.2%  65%W +0.4%  75%W +0.6%  75%W +1.5%  70%W +1.1%       -6.4% → +4.4%
  SNPS    20  35%W -0.2%  35%W -0.2%  60%W +0.5%  75%W +0.7%  70%W +0.7%  70%W +1.0%       -2.8% → +2.8%
  META    20  45%W -0.2%  30%W -0.2%  55%W +0.3%  80%W +0.5%  80%W +0.7%  65%W +0.7%       -6.0% → +6.6%
  CRWD    20  45%W -0.4%  50%W -0.1%  65%W +0.6%  65%W +0.7%  75%W +0.5%  65%W +0.8%       -4.9% → +4.6%
  TSLA    20  50%W -0.1%  45%W -0.3%  60%W +0.3%  70%W +0.6%  75%W +0.6%  65%W +0.9%       -6.9% → +6.6%
  SNOW    20  40%W -0.7%  40%W -0.7%  45%W -1.0%  55%W +0.2%  65%W +0.8%  65%W +0.7%      -10.8% → +6.0%
  SPOT    20  35%W -0.4%  40%W -0.2%  45%W -0.2%  60%W +0.4%  75%W +0.5%  65%W +0.7%       -5.2% → +9.0%
  AVGO    20  50%W -0.0%  40%W -0.2%  55%W +0.1%  70%W +0.5%  75%W +0.6%  65%W +0.4%       -2.8% → +2.0%
  CHTR    20  30%W -0.1%  50%W -0.0%  55%W +0.2%  60%W +0.5%  65%W +0.8%  60%W +0.4%       -3.3% → +4.0%
  DDOG    20  40%W -0.8%  40%W -0.7%  50%W +0.0%  65%W +0.4%  75%W +0.6%  60%W +0.7%      -11.1% → +3.6%
  PLTR    20  20%W -0.7%  35%W -0.9%  45%W -0.2%  50%W +0.3%  50%W +0.1%  55%W +0.2%       -6.6% → +9.7%
  LLY     20  35%W -0.1%  45%W -0.2%  40%W -0.1%  40%W -0.2%  55%W +0.1%  55%W +0.2%       -2.9% → +1.6%
  APP     20  20%W -1.0%  25%W -0.9%  35%W -0.6%  45%W -0.2%  50%W +0.4%  50%W +0.1%       -5.5% → +6.5%
Pre-session top-2 (9:25, 20d EOD win rate) — 2022-07-26  OR: 09:30/3b
  #1 AMD    +15m 35%W -0.4%  +30m 50%W -0.2%  +1h 65%W +0.4%  +2h 75%W +0.9%  +5h 80%W +1.6%  EOD 75%W +1.0%  EOD range -6.4% → +4.2%
  #2 MU     +15m 40%W -0.2%  +30m 40%W -0.1%  +1h 55%W +0.1%  +2h 65%W +0.5%  +5h 75%W +1.0%  EOD 70%W +0.9%  EOD range -3.7% → +4.7%
  Ticker   N          +15m          +30m           +1h           +2h           +5h           EOD           EOD range
  ----------------------------------------------------------------------------------------------------------------------
  AMD     20  35%W -0.4%  50%W -0.2%  65%W +0.4%  75%W +0.9%  80%W +1.6%  75%W +1.0%       -6.4% → +4.2%
  MU      20  40%W -0.2%  40%W -0.1%  55%W +0.1%  65%W +0.5%  75%W +1.0%  70%W +0.9%       -3.7% → +4.7%
  SNPS    20  35%W -0.2%  35%W -0.2%  60%W +0.5%  75%W +0.8%  70%W +0.7%  70%W +0.9%       -2.8% → +2.8%
  QCOM    20  40%W -0.1%  30%W -0.2%  60%W +0.2%  60%W +0.1%  70%W +1.0%  70%W +1.0%       -1.6% → +5.3%
  MRVL    20  40%W -0.3%  35%W -0.4%  60%W +0.3%  70%W +0.6%  70%W +1.5%  65%W +1.1%       -6.4% → +4.4%
  CRWD    20  45%W -0.4%  45%W -0.3%  65%W +0.5%  65%W +0.7%  75%W +0.5%  65%W +0.6%       -4.9% → +4.6%
  SNOW    20  45%W -0.7%  40%W -0.3%  45%W -0.4%  60%W +0.3%  60%W +0.8%  65%W +0.6%      -10.8% → +6.0%
  SPOT    20  35%W -0.4%  45%W -0.1%  50%W +0.1%  65%W +0.5%  75%W +0.5%  65%W +0.6%       -5.2% → +9.0%
  AVGO    20  45%W -0.1%  35%W -0.3%  50%W +0.0%  70%W +0.5%  70%W +0.6%  65%W +0.4%       -2.8% → +2.0%
  META    20  40%W -0.3%  25%W -0.3%  55%W +0.3%  75%W +0.5%  75%W +0.5%  60%W +0.5%       -6.0% → +6.6%
  TSLA    20  50%W -0.1%  45%W -0.3%  60%W +0.4%  70%W +0.6%  70%W +0.3%  60%W +0.5%       -6.9% → +6.6%
  PLTR    20  25%W -0.6%  35%W -0.8%  45%W -0.2%  50%W +0.3%  45%W -0.3%  55%W +0.1%       -6.6% → +9.7%
  CHTR    20  30%W -0.1%  45%W -0.1%  50%W +0.1%  55%W +0.2%  60%W +0.6%  55%W +0.2%       -3.3% → +4.0%
  LLY     20  35%W -0.1%  45%W -0.2%  40%W -0.1%  40%W -0.2%  55%W +0.2%  55%W +0.2%       -2.9% → +1.6%
  DDOG    20  40%W -0.8%  35%W -0.7%  50%W -0.3%  65%W +0.4%  70%W +0.5%  55%W +0.5%      -11.1% → +3.6%
  APP     20  15%W -1.0%  25%W -1.0%  35%W -0.6%  45%W -0.2%  45%W -0.1%  45%W -0.4%       -5.5% → +6.5%
Pre-session top-2 (9:25, 20d EOD win rate) — 2022-07-27  OR: 09:30/3b
  #1 AMD    +15m 35%W -0.4%  +30m 45%W -0.4%  +1h 60%W +0.3%  +2h 70%W +0.7%  +5h 75%W +1.4%  EOD 70%W +0.9%  EOD range -6.4% → +4.2%
  #2 MU     +15m 40%W -0.2%  +30m 40%W -0.1%  +1h 55%W +0.1%  +2h 60%W +0.4%  +5h 70%W +0.9%  EOD 65%W +0.9%  EOD range -3.7% → +4.7%
  Ticker   N          +15m          +30m           +1h           +2h           +5h           EOD           EOD range
  ----------------------------------------------------------------------------------------------------------------------
  AMD     20  35%W -0.4%  45%W -0.4%  60%W +0.3%  70%W +0.7%  75%W +1.4%  70%W +0.9%       -6.4% → +4.2%
  MU      20  40%W -0.2%  40%W -0.1%  55%W +0.1%  60%W +0.4%  70%W +0.9%  65%W +0.9%       -3.7% → +4.7%
  SNPS    20  35%W -0.2%  30%W -0.3%  55%W +0.3%  70%W +0.7%  65%W +0.7%  65%W +0.9%       -2.8% → +2.8%
  QCOM    20  40%W -0.1%  30%W -0.2%  55%W +0.1%  55%W +0.0%  65%W +0.8%  65%W +0.6%       -1.6% → +5.3%
  MRVL    20  35%W -0.3%  30%W -0.5%  55%W +0.2%  65%W +0.2%  65%W +0.9%  60%W +1.1%       -6.4% → +4.4%
  CRWD    20  40%W -0.6%  40%W -0.4%  60%W +0.4%  60%W +0.6%  70%W +0.4%  60%W +0.5%       -4.9% → +4.6%
  SNOW    20  45%W -0.7%  35%W -0.7%  40%W -0.7%  55%W +0.2%  55%W +0.5%  60%W +0.3%      -10.8% → +6.0%
  SPOT    20  35%W -0.4%  45%W -0.1%  50%W +0.1%  60%W +0.4%  70%W +0.4%  60%W +0.5%       -5.2% → +9.0%
  AVGO    20  45%W -0.1%  30%W -0.3%  45%W -0.0%  65%W +0.4%  65%W +0.4%  60%W +0.4%       -2.8% → +2.0%
  META    20  40%W -0.3%  30%W -0.3%  55%W +0.2%  70%W +0.4%  70%W +0.4%  55%W +0.5%       -6.0% → +6.6%
  CHTR    20  35%W -0.0%  45%W -0.1%  50%W +0.1%  55%W +0.2%  60%W +0.6%  55%W +0.2%       -3.3% → +4.0%
  TSLA    20  50%W -0.1%  40%W -0.4%  55%W +0.3%  65%W +0.4%  65%W +0.2%  55%W +0.5%       -6.9% → +6.6%
  LLY     20  35%W -0.1%  45%W -0.2%  35%W -0.2%  35%W -0.2%  55%W +0.2%  55%W +0.2%       -2.9% → +1.6%
  APP     20  15%W -1.0%  25%W -0.9%  35%W -0.6%  45%W -0.2%  45%W -0.1%  50%W +0.1%       -5.5% → +6.5%
  PLTR    20  25%W -0.6%  35%W -0.8%  45%W -0.2%  45%W -0.0%  40%W -0.3%  50%W -0.0%       -6.6% → +9.7%
  DDOG    20  35%W -0.8%  30%W -1.0%  45%W -0.7%  60%W +0.3%  65%W +0.4%  50%W +0.1%      -11.1% → +3.6%
Pre-session top-2 (9:25, 20d EOD win rate) — 2022-07-28  OR: 09:30/3b
  #1 AMD    +15m 40%W -0.2%  +30m 50%W -0.2%  +1h 65%W +0.4%  +2h 70%W +0.7%  +5h 80%W +1.5%  EOD 75%W +1.2%  EOD range -2.2% → +4.2%
  #2 MU     +15m 45%W -0.2%  +30m 45%W -0.1%  +1h 60%W +0.2%  +2h 65%W +0.5%  +5h 75%W +1.1%  EOD 70%W +1.0%  EOD range -1.7% → +4.7%
  Ticker   N          +15m          +30m           +1h           +2h           +5h           EOD           EOD range
  ----------------------------------------------------------------------------------------------------------------------
  AMD     20  40%W -0.2%  50%W -0.2%  65%W +0.4%  70%W +0.7%  80%W +1.5%  75%W +1.2%       -2.2% → +4.2%
  MU      20  45%W -0.2%  45%W -0.1%  60%W +0.2%  65%W +0.5%  75%W +1.1%  70%W +1.0%       -1.7% → +4.7%
  SNPS    20  40%W -0.1%  35%W -0.2%  60%W +0.4%  75%W +0.7%  70%W +1.0%  70%W +1.1%       -2.7% → +2.8%
  QCOM    20  40%W -0.1%  35%W -0.2%  55%W +0.1%  55%W +0.0%  65%W +0.7%  70%W +0.8%       -1.6% → +5.3%
  MRVL    20  40%W -0.2%  35%W -0.4%  60%W +0.3%  70%W +0.6%  70%W +1.5%  65%W +1.1%       -3.2% → +4.4%
  CRWD    20  40%W -0.4%  45%W -0.3%  60%W +0.4%  65%W +0.6%  75%W +0.5%  65%W +0.6%       -4.9% → +4.6%
  SNOW    20  45%W -0.3%  40%W -0.3%  40%W -0.7%  55%W +0.2%  60%W +0.8%  65%W +0.6%      -10.8% → +6.0%
  AVGO    20  50%W +0.0%  35%W -0.3%  50%W +0.0%  65%W +0.4%  70%W +0.7%  65%W +0.6%       -1.6% → +2.0%
  META    20  40%W -0.3%  35%W -0.2%  60%W +0.3%  75%W +0.5%  75%W +0.5%  60%W +0.7%       -3.1% → +6.6%
  TSLA    20  55%W +0.1%  45%W -0.3%  60%W +0.4%  70%W +0.6%  70%W +0.7%  60%W +0.9%       -3.6% → +6.6%
  SPOT    20  40%W -0.3%  50%W +0.1%  50%W +0.1%  60%W +0.4%  70%W +0.4%  60%W +0.5%       -3.6% → +9.0%
  LLY     20  35%W -0.1%  45%W -0.1%  35%W -0.1%  40%W -0.1%  60%W +0.2%  60%W +0.3%       -2.9% → +1.6%
  APP     20  15%W -0.8%  25%W -0.8%  35%W -0.6%  45%W -0.2%  50%W +0.4%  55%W +0.5%       -5.2% → +6.5%
  PLTR    20  25%W -0.5%  40%W -0.6%  45%W -0.2%  50%W +0.1%  45%W -0.2%  55%W +0.3%       -6.6% → +9.7%
  CHTR    20  40%W -0.0%  50%W -0.0%  55%W +0.2%  55%W +0.2%  60%W +0.6%  55%W +0.2%       -1.2% → +4.0%
  DDOG    20  35%W -0.7%  35%W -0.7%  45%W -0.4%  65%W +0.3%  70%W +0.5%  55%W +0.5%      -11.1% → +3.6%
Pre-session top-2 (9:25, 20d EOD win rate) — 2022-07-29  OR: 09:30/3b
  #1 MU     +15m 40%W -0.2%  +30m 45%W -0.1%  +1h 60%W +0.2%  +2h 70%W +0.5%  +5h 80%W +1.1%  EOD 75%W +1.1%  EOD range -1.7% → +4.7%
  #2 AMD    +15m 40%W -0.2%  +30m 50%W -0.2%  +1h 60%W +0.4%  +2h 75%W +0.9%  +5h 85%W +1.5%  EOD 75%W +1.5%  EOD range -2.2% → +4.2%
  Ticker   N          +15m          +30m           +1h           +2h           +5h           EOD           EOD range
  ----------------------------------------------------------------------------------------------------------------------
  MU      20  40%W -0.2%  45%W -0.1%  60%W +0.2%  70%W +0.5%  80%W +1.1%  75%W +1.1%       -1.7% → +4.7%
  AMD     20  40%W -0.2%  50%W -0.2%  60%W +0.4%  75%W +0.9%  85%W +1.5%  75%W +1.5%       -2.2% → +4.2%
  SNPS    20  40%W -0.1%  40%W -0.2%  60%W +0.4%  80%W +0.8%  75%W +1.3%  75%W +1.2%       -2.7% → +2.8%
  AVGO    20  50%W +0.0%  35%W -0.3%  55%W +0.0%  70%W +0.5%  75%W +0.8%  70%W +0.8%       -1.6% → +2.0%
  MRVL    20  40%W -0.2%  35%W -0.2%  60%W +0.3%  75%W +0.8%  75%W +1.6%  65%W +1.5%       -3.2% → +4.4%
  CRWD    20  40%W -0.4%  50%W -0.2%  60%W +0.4%  65%W +0.7%  75%W +0.7%  65%W +0.6%       -4.9% → +4.6%
  SNOW    20  45%W -0.3%  40%W -0.3%  40%W -0.7%  55%W +0.2%  60%W +0.8%  65%W +0.6%      -10.8% → +6.0%
  QCOM    20  35%W -0.2%  35%W -0.2%  50%W +0.0%  60%W +0.1%  60%W +0.7%  65%W +0.5%       -1.6% → +5.3%
  APP     20  10%W -0.8%  25%W -0.8%  35%W -0.6%  45%W -0.2%  55%W +0.8%  60%W +0.9%       -5.2% → +6.5%
  META    20  40%W -0.3%  35%W -0.2%  60%W +0.3%  75%W +0.5%  75%W +0.7%  60%W +0.7%       -3.1% → +6.6%
  TSLA    20  50%W -0.1%  45%W -0.4%  55%W +0.3%  75%W +0.8%  70%W +1.2%  60%W +0.9%       -3.6% → +6.6%
  SPOT    20  35%W -0.3%  45%W -0.1%  45%W -0.3%  60%W +0.4%  70%W +0.4%  60%W +0.5%       -3.6% → +9.0%
  LLY     20  35%W -0.1%  45%W -0.1%  35%W -0.1%  40%W -0.1%  60%W +0.2%  60%W +0.3%       -2.9% → +2.5%
  PLTR    20  20%W -0.5%  35%W -0.8%  40%W -0.2%  50%W +0.1%  50%W +0.2%  55%W +0.3%       -6.6% → +9.7%
  DDOG    20  35%W -0.7%  35%W -0.7%  45%W -0.4%  65%W +0.3%  70%W +0.7%  55%W +0.5%      -11.1% → +4.0%
  CHTR    20  40%W -0.0%  50%W -0.0%  50%W +0.1%  50%W +0.0%  55%W +0.4%  50%W +0.0%       -1.4% → +4.0%

=========================================================================================================================================================================================
Pre-Session Top-2 Performance — 2022-07-01 to 2022-07-29  |  Unconditional OR-close entry  |  OR: 09:30/3b
=========================================================================================================================================================================================
Date         Ticker Rank  At       Entry       +15m       +30m       +45m        +1h     +1h30m        +2h        +3h        +4h        +5h        +6h        +7h        EOD
-----------------------------------------------------------------------------------------------------------------------------------------------------------------------------------------
2022-07-01   CRWD   #1    09:45   171.28    +0.96%W    +1.88%W    +0.38%W    +1.67%W    +2.95%W    +2.93%W    +2.85%W    +3.92%W    +4.25%W    +4.86%W    +4.63%W    +4.63%W
2022-07-01   SNOW   #2    09:45   144.18    +0.11%W    +0.23%W    -2.26%L    -2.86%L    -1.72%L    -1.58%L    -1.16%L    -0.64%L    -0.20%L    +0.23%W    +0.20%W    +0.20%W
2022-07-05   CRWD   #1    09:45   183.06    -0.93%L    +0.54%W    +2.33%W    +1.79%W    +0.08%W    +0.74%W    -0.20%L    +1.49%W    +2.19%W    +2.54%W    +2.16%W    +2.16%W
2022-07-05   SNOW   #2    09:45   146.30    -1.05%L    +2.03%W    +3.21%W    +3.72%W    +1.97%W    +3.47%W    +2.25%W    +3.87%W    +4.56%W    +5.82%W    +5.97%W    +5.97%W
2022-07-06   CRWD   #1    09:45   184.89    +0.68%W    +0.04%W    -0.35%L    +0.59%W    +0.59%W    -0.46%L    -0.06%L    +0.08%W    +0.17%W    +0.82%W    +0.58%W    +0.58%W
2022-07-06   SNOW   #2    09:45   153.42    +1.57%W    +1.41%W    +0.62%W    +1.67%W    +1.13%W    -0.16%L    +1.45%W    +0.69%W    +0.71%W    +0.63%W    +0.47%W    +0.47%W
2022-07-07   LLY    #1    09:45   327.88    +0.05%W    +0.34%W    +0.08%W    -0.07%L    +0.13%W    +0.24%W    +0.24%W    +0.64%W    +0.20%W    -0.12%L    -0.03%L    -0.03%L
2022-07-07   CRWD   #2    09:45   191.11    -0.32%L    +0.39%W    -0.28%L    +0.36%W    +0.45%W    +0.68%W    -0.41%L    -0.35%L    -0.65%L    -0.44%L    -0.50%L    -0.50%L
2022-07-08   SNOW   #1    09:45   154.38    +0.92%W    +2.69%W    +4.74%W    +6.14%W    +5.83%W    +4.64%W    +3.84%W    +4.45%W    +4.28%W    +3.69%W    +3.43%W    +3.43%W
2022-07-08   LLY    #2    09:45   330.54    +0.20%W    +0.58%W    +0.68%W    +0.34%W    +0.02%W    -0.08%L    +0.36%W    -0.00%L    +0.14%W    +0.20%W    -0.03%L    -0.03%L
2022-07-11   CRWD   #1    09:45   182.94    -0.88%L    +0.91%W    +1.19%W    +1.67%W    +2.28%W    +1.47%W    +1.04%W    +1.95%W    +1.48%W    +1.26%W    +1.34%W    +1.34%W
2022-07-11   SNOW   #2    09:45   154.21    -0.32%L    +1.04%W    +1.71%W    +1.72%W    +2.46%W    +1.78%W    +0.74%W    +1.55%W    +1.18%W    +0.73%W    +0.72%W    +0.72%W
2022-07-12   CRWD   #1    09:45   180.12    -1.48%L    -2.06%L    -1.07%L    -3.20%L    -2.23%L    -2.10%L    -1.24%L    -1.97%L    -2.55%L    -3.76%L    -3.19%L    -3.19%L
2022-07-12   DDOG   #2    09:45    99.80    -2.80%L    -2.86%L    -1.08%L    -3.10%L    -2.31%L    -1.21%L    -0.26%L    -1.12%L    -1.25%L    -2.61%L    -2.48%L    -2.48%L
2022-07-13   CRWD   #1    09:45   175.24    -0.99%L    -1.96%L    +0.55%W    +1.72%W    +0.92%W    -0.22%L    +0.76%W    +0.80%W    +0.45%W    +0.01%W    -0.15%L    -0.15%L
2022-07-13   DDOG   #2    09:45    97.55    -0.69%L    -2.57%L    +1.12%W    +2.62%W    +2.38%W    +0.38%W    +0.66%W    +0.67%W    +0.44%W    -0.32%L    -0.22%L    -0.22%L
2022-07-14   DDOG   #1    09:45    94.58    -2.61%L    -3.14%L    -1.93%L    -2.02%L    -0.27%L    +0.47%W    -1.69%L    -0.10%L    +0.40%W    -1.06%L    -0.85%L    -0.85%L
2022-07-14   MU     #2    09:45    58.05    -0.71%L    -1.10%L    -0.28%L    -0.57%L    -0.14%L    +0.67%W    +0.17%W    +1.79%W    +2.46%W    +1.77%W    +2.24%W    +2.24%W
2022-07-15   MU     #1    09:45    59.97    -0.23%L    +0.35%W    +0.15%W    +0.03%W    +1.20%W    +0.95%W    +1.20%W    +1.72%W    +2.68%W    +2.15%W    +2.62%W    +2.62%W
2022-07-15   CRWD   #2    09:45   172.06    +1.13%W    +0.24%W    +1.34%W    +0.53%W    +1.71%W    +1.67%W    +2.44%W    +3.43%W    +4.03%W    +3.65%W    +3.39%W    +3.39%W
2022-07-18   MU     #1    09:45    61.53    -0.24%L    -0.47%L    +0.47%W    -0.02%L    +0.50%W    +0.39%W    +0.37%W    -1.28%L    -1.80%L    -2.24%L    -1.72%L    -1.72%L
2022-07-18   CRWD   #2    09:45   181.79    +0.37%W    -0.42%L    -0.09%L    -1.59%L    -0.86%L    -1.03%L    +0.07%W    -1.00%L    -1.54%L    -2.78%L    -2.54%L    -2.54%L
2022-07-19   MU     #1    09:45    61.56    +0.30%W    +0.32%W    +0.36%W    +0.15%W    +0.32%W    +0.67%W    +0.57%W    +0.88%W    +1.41%W    +1.38%W    +1.40%W    +1.40%W
2022-07-19   CRWD   #2    09:45   176.63    +0.76%W    -0.92%L    +0.06%W    +0.78%W    +0.78%W    +1.50%W    +1.35%W    +1.91%W    +1.77%W    +2.07%W    +2.17%W    +2.17%W
2022-07-20   MU     #1    09:45    62.17    -0.16%L    +0.43%W    +1.56%W    +1.44%W    +1.32%W    +1.20%W    +0.04%W    +0.51%W    +1.25%W    +1.91%W    +1.80%W    +1.80%W
2022-07-20   QCOM   #2    09:45   149.49    +0.17%W    -0.15%L    +0.80%W    +1.08%W    +1.08%W    +1.32%W    +0.51%W    +1.19%W    +1.09%W    +1.59%W    +1.47%W    +1.47%W
2022-07-21   MU     #1    09:45    62.59    +0.45%W    -0.03%L    -0.89%L    -0.60%L    -0.22%L    +0.07%W    +0.44%W    +0.42%W    +0.54%W    +1.28%W    +1.68%W    +1.68%W
2022-07-21   SNOW   #2    09:45   159.74    -1.05%L    -1.05%L    -3.23%L    -2.34%L    -1.46%L    -1.49%L    -1.11%L    -1.40%L    -1.87%L    -1.57%L    -1.31%L    -1.31%L
2022-07-22   MU     #1    09:45    62.05    -0.82%L    -0.07%L    +0.19%W    +0.66%W    +0.37%W    -0.56%L    -0.52%L    -1.24%L    -1.36%L    -1.53%L    -1.23%L    -1.23%L
2022-07-22   AMD    #2    09:45    90.10    -1.71%L    -1.07%L    -1.36%L    -1.01%L    -1.17%L    -2.44%L    -2.44%L    -2.60%L    -2.93%L    -2.55%L    -2.20%L    -2.20%L
2022-07-25   MU     #1    09:45    61.02    -0.69%L    -1.15%L    -1.72%L    -1.56%L    -1.93%L    -0.84%L    -0.23%L    -1.29%L    -1.54%L    -1.89%L    -1.41%L    -1.41%L
2022-07-25   AMD    #2    09:45    86.80    -0.47%L    -1.60%L    -1.06%L    -1.05%L    -1.56%L    -0.75%L    +0.17%W    -0.18%L    +0.29%W    +0.52%W    +0.84%W    +0.84%W
2022-07-26   AMD    #1    09:45    86.94    +0.26%W    -0.46%L    -0.92%L    -0.68%L    -0.85%L    -1.78%L    -1.41%L    -1.93%L    -2.40%L    -2.17%L    -2.00%L    -2.00%L
2022-07-26   MU     #2    09:45    60.14    +0.30%W    +0.22%W    +0.33%W    +0.51%W    +0.15%W    -0.52%L    +0.15%W    -0.02%L    -0.81%L    -0.83%L    -0.81%L    -0.81%L
2022-07-27   AMD    #1    09:45    88.07    +0.32%W    +1.28%W    +0.25%W    +0.50%W    +0.39%W    -0.06%L    -0.32%L    -0.31%L    +1.48%W    +2.44%W    +1.96%W    +1.96%W
2022-07-27   MU     #2    09:45    59.81    +0.87%W    +0.79%W    +0.78%W    +1.17%W    +1.30%W    +0.53%W    +0.91%W    +1.18%W    +2.72%W    +3.74%W    +3.45%W    +3.45%W
2022-07-28   AMD    #1    09:45    89.81    +0.54%W    -0.41%L    -0.98%L    -0.02%L    -0.02%L    +1.23%W    +0.74%W    +1.30%W    +1.42%W    +2.09%W    +2.05%W    +2.05%W
2022-07-28   MU     #2    09:45    61.43    -0.59%L    -1.20%L    -1.74%L    -0.81%L    -0.88%L    +0.26%W    +0.18%W    +1.03%W    +0.51%W    +0.96%W    +1.06%W    +1.06%W
2022-07-29   MU     #1    09:45    61.16    +0.25%W    -0.35%L    -0.02%L    +0.57%W    -0.10%L    +0.38%W    +0.26%W    +1.00%W    +0.83%W    +1.46%W    +1.13%W    +1.13%W
2022-07-29   AMD    #2    09:45    93.08    +0.18%W    -0.77%L    -0.76%L    -0.27%L    -0.74%L    -0.72%L    -0.19%L    +0.66%W    +0.74%W    +1.76%W    +1.54%W    +1.54%W

========================================================================================
Pre-session picks summary — 40 pick(s) across 20 trading day(s)

Top-2 picks (all days)  (40 signal(s))
  Hold      Count   Win Rate   Avg Gain    Avg Win   Avg Loss  Exp Value  Total P&L
  ------------------------------------------------------------------------------------
  +15m         40      50.0%      -0.21%      +0.52%      -0.94%      -0.21%      -8.35%
  +30m         40      47.5%      -0.20%      +0.83%      -1.13%      -0.20%      -8.12%
  +45m         40      55.0%      +0.07%      +1.04%      -1.11%      +0.07%      +2.87%
  +1h          40      57.5%      +0.24%      +1.37%      -1.28%      +0.24%      +9.68%
  +1h30m       40      60.0%      +0.35%      +1.26%      -1.03%      +0.35%     +13.83%
  +2h          40      57.5%      +0.29%      +1.20%      -0.94%      +0.29%     +11.65%
  +3h          40      65.0%      +0.31%      +0.91%      -0.80%      +0.31%     +12.51%
  +4h          40      60.0%      +0.54%      +1.55%      -0.97%      +0.54%     +21.67%
  +5h          40      70.0%      +0.62%      +1.56%      -1.57%      +0.62%     +24.78%
  +6h          40      65.0%      +0.64%      +1.91%      -1.70%      +0.64%     +25.69%
  +7h          40      60.0%      +0.69%      +2.01%      -1.29%      +0.69%     +27.63%
  EOD          40      60.0%      +0.69%      +2.01%      -1.29%      +0.69%     +27.63%

=========================================================================================================================================================================================
Signal Analysis — 2022-07-01 to 2022-07-29  |  BULL only  |  Vol ≥ 1.0x 20dAvg
Windows: 09:30/3b  |  Collection: 3 bars  |  Tickers: 19
=========================================================================================================================================================================================
Date         Ticker Window   At       Entry  Vol/20d       +15m       +30m       +45m        +1h     +1h30m        +2h        +3h        +4h        +5h        +6h        +7h        EOD
-----------------------------------------------------------------------------------------------------------------------------------------------------------------------------------------
2022-07-01   META   09:30/3b 09:50   158.21    1.80x    -0.04%L    -0.74%L    -1.67%L    -1.69%L    -0.72%L    -1.10%L    -0.42%L    +0.15%W    +0.61%W    +0.94%W    +1.17%W    +1.17%W
2022-07-01   MRVL   09:30/3b 09:45    42.99    1.28x    -0.33%L    -0.87%L    -1.82%L    -1.61%L    -1.22%L    -1.57%L    -2.39%L    -2.22%L    -0.89%L    -0.76%L    -1.03%L    -1.03%L
2022-07-01   DDOG   09:30/3b 09:40    96.99    1.19x    +2.65%W    +2.69%W    +1.73%W    +0.73%W    +3.05%W    +3.54%W    +2.66%W    +3.64%W    +3.86%W    +3.94%W    +4.17%W    +4.17%W
2022-07-05   MU     09:30/3b 09:40    54.32    2.29x    +0.31%W    +1.07%W    +1.36%W    +2.59%W    +0.98%W    +0.91%W    +1.66%W    +3.30%W    +3.99%W    +4.55%W    +4.47%W    +4.47%W
2022-07-05   CRWD   09:30/3b 09:40   181.30    1.56x    +0.67%W    +2.56%W    +2.97%W    +3.25%W    +1.18%W    +1.81%W    +1.02%W    +2.60%W    +2.82%W    +3.47%W    +3.15%W    +3.15%W
2022-07-05   SNOW   09:30/3b 09:40   144.94    1.16x    +1.00%W    +4.12%W    +3.64%W    +4.33%W    +2.70%W    +4.14%W    +4.15%W    +5.03%W    +5.55%W    +6.64%W    +6.97%W    +6.97%W
2022-07-05   SNPS   09:30/3b 09:45   300.18    1.16x    -1.11%L    -0.69%L    -0.11%L    +0.39%W    +0.07%W    +0.26%W    +0.08%W    +0.01%W    +0.81%W    +1.10%W    +0.89%W    +0.89%W
2022-07-05   DDOG   09:30/3b 09:40   102.61    1.66x    +1.06%W    +4.57%W    +4.34%W    +6.50%W    +2.81%W    +4.40%W    +3.96%W    +4.66%W    +5.14%W    +6.03%W    +5.63%W    +5.63%W
2022-07-06   MU     09:30/3b 09:40    57.87    1.51x    -0.98%L    -1.91%L    -1.45%L    -0.86%L    -1.30%L    -1.02%L    -0.62%L    -0.73%L    -0.08%L    -0.37%L    -0.86%L    -0.86%L
2022-07-06   MRVL   09:30/3b 09:40    43.19    1.27x    +0.28%W    -0.81%L    -0.79%L    +0.30%W    +0.23%W    +0.05%W    +0.56%W    +0.90%W    +2.01%W    +1.86%W    +1.46%W    +1.46%W
2022-07-06   PLTR   09:30/3b 09:50    10.14    1.10x    +1.18%W    -0.49%L    +0.20%W    -0.19%L    -1.56%L    -2.81%L    -2.42%L    -2.17%L    -1.78%L    -3.75%L    -3.40%L    -3.40%L
2022-07-07   TSLA   09:30/3b 09:40   714.46    1.08x    +0.85%W    +0.73%W    +1.18%W    +1.02%W    +1.10%W    +1.34%W    +2.01%W    +2.63%W    +2.55%W    +2.42%W    +2.66%W    +2.66%W
2022-07-08   SPOT   09:30/3b 09:40   104.04    1.08x    -1.94%L    -0.92%L    +0.45%W    +1.61%W    +1.55%W    +1.11%W    -1.01%L    -0.31%L    +0.11%W    +0.02%W    +0.13%W    +0.13%W
2022-07-12   CHTR   09:30/3b 09:40   464.70    2.18x    +0.78%W    +1.92%W    +1.91%W    +1.66%W    +2.09%W    +1.68%W    +1.99%W    +1.84%W    +1.56%W    +0.49%W    +0.73%W    +0.73%W
2022-07-13   CRWD   09:30/3b 09:40   171.95    1.05x    +1.31%W    +1.07%W    +1.58%W    +3.51%W    +2.98%W    +1.48%W    +2.40%W    +2.68%W    +2.39%W    +2.01%W    +1.76%W    +1.76%W
2022-07-13   TSLA   09:30/3b 09:40   689.74    1.15x    +2.21%W    +1.69%W    +2.12%W    +5.00%W    +4.74%W    +3.38%W    +4.09%W    +4.67%W    +4.63%W    +3.36%W    +3.02%W    +3.02%W
2022-07-13   SNOW   09:30/3b 09:40   145.21    1.53x    +1.79%W    +1.79%W    +2.31%W    +4.83%W    +5.44%W    +3.17%W    +3.46%W    +3.94%W    +3.28%W    +2.84%W    +3.11%W    +3.11%W
2022-07-13   LLY    09:30/3b 09:50   323.92    1.18x    -0.29%L    -0.58%L    -0.65%L    -0.65%L    -0.61%L    -0.86%L    -0.43%L    -0.36%L    -0.15%L    -0.36%L    -0.48%L    -0.48%L
2022-07-13   QCOM   09:30/3b 09:40   133.82    1.55x    +0.95%W    +0.32%W    +0.51%W    +1.85%W    +1.80%W    +0.74%W    +1.49%W    +1.91%W    +1.85%W    +1.39%W    +1.35%W    +1.35%W
2022-07-19   MRVL   09:30/3b 09:40    50.17    1.73x    +0.15%W    -0.29%L    +0.39%W    +0.47%W    +1.48%W    +1.80%W    +1.73%W    +3.28%W    +3.28%W    +3.94%W    +3.80%W    +3.80%W
2022-07-20   APP    09:30/3b 09:45    36.97    1.86x    -2.08%L    +1.76%W    +1.51%W    +2.07%W    +3.41%W    +3.12%W    +1.27%W    +1.68%W    +2.47%W    +1.89%W    +1.68%W    +1.68%W
2022-07-20   MRVL   09:30/3b 09:40    52.15    1.00x    -0.23%L    +1.34%W    +2.15%W    +2.53%W    +1.80%W    +1.80%W    +1.17%W    +1.55%W    +2.64%W    +3.37%W    +2.95%W    +2.95%W
2022-07-20   SNOW   09:30/3b 09:40   154.72    1.18x    -1.29%L    +0.50%W    +1.96%W    +1.87%W    +1.58%W    +1.03%W    +0.51%W    +0.56%W    +1.16%W    +1.45%W    +1.39%W    +1.39%W
2022-07-20   QCOM   09:30/3b 09:40   149.44    1.68x    +0.05%W    +0.58%W    +0.51%W    +1.00%W    +1.15%W    +1.24%W    +0.86%W    +1.25%W    +1.08%W    +1.63%W    +1.51%W    +1.51%W
2022-07-21   MRVL   09:30/3b 09:40    54.25    1.60x    -0.95%L    -1.82%L    -2.60%L    -1.79%L    -1.31%L    -0.23%L    +0.36%W    -0.11%L    -0.29%L    +0.17%W    +0.59%W    +0.59%W
2022-07-21   SNOW   09:30/3b 09:40   158.63    1.02x    -0.14%L    -0.64%L    -1.71%L    -1.51%L    -0.71%L    -0.66%L    -0.28%L    -0.54%L    -1.24%L    -0.84%L    -0.62%L    -0.62%L
2022-07-21   SPOT   09:30/3b 09:40   113.49    1.17x    +0.90%W    +0.27%W    -0.81%L    +0.26%W    +0.37%W    +0.38%W    +1.00%W    +1.17%W    +0.95%W    +1.75%W    +1.85%W    +1.85%W
2022-07-22   APP    09:30/3b 09:45    38.15    1.49x    -2.23%L    -2.99%L    -3.46%L    -3.16%L    -4.46%L    -5.66%L    -5.37%L    -5.85%L    -5.53%L    -5.58%L    -5.22%L    -5.22%L
2022-07-22   TSLA   09:30/3b 09:40   836.62    1.33x    -0.87%L    -0.39%L    +0.51%W    +0.23%W    -0.25%L    -2.43%L    -1.56%L    -1.97%L    -2.65%L    -2.43%L    -2.33%L    -2.33%L
2022-07-22   SNOW   09:30/3b 09:40   158.85    1.08x    -1.98%L    -3.57%L    -3.60%L    -3.10%L    -4.75%L    -6.62%L    -8.29%L   -10.03%L   -10.10%L    -9.71%L    -9.92%L    -9.92%L
2022-07-22   DDOG   09:30/3b 09:40   103.92    1.11x    -1.42%L    -4.38%L    -4.71%L    -5.54%L    -6.70%L    -8.26%L    -9.11%L    -9.56%L    -9.95%L    -9.48%L    -9.75%L    -9.75%L
2022-07-25   META   09:30/3b 09:40   170.00    1.16x    -0.45%L    -1.05%L    -1.72%L    -1.46%L    -2.09%L    -1.74%L    -1.84%L    -2.45%L    -2.40%L    -2.44%L    -1.95%L    -1.95%L
2022-07-27   QCOM   09:30/3b 09:40   151.66    1.10x    +0.15%W    +0.41%W    +0.54%W    -0.02%L    +0.08%W    -0.30%L    -0.19%L    -0.64%L    +0.79%W    +1.77%W    +1.00%W    +1.00%W
2022-07-27   DDOG   09:30/3b 09:40    89.69    1.29x    +1.25%W    +1.65%W    +1.04%W    +0.40%W    +1.48%W    +1.56%W    +0.90%W    +0.57%W    +2.87%W    +5.76%W    +4.87%W    +4.87%W
2022-07-29   MRVL   09:30/3b 09:40    54.40    1.06x    -0.13%L    +0.18%W    -0.17%L    +0.46%W    -0.28%L    +0.00%L    +0.09%W    +1.73%W    +2.00%W    +2.09%W    +2.33%W    +2.33%W
2022-07-29   TSLA   09:30/3b 09:40   852.63    1.11x    +0.61%W    +1.19%W    +1.13%W    +1.35%W    +0.96%W    +1.49%W    +1.06%W    +1.70%W    +2.87%W    +4.48%W    +4.55%W    +4.55%W
2022-07-29   AMD    09:30/3b 09:40    93.12    1.01x    -0.03%L    -0.60%L    -0.17%L    -0.11%L    -0.83%L    -0.63%L    -0.45%L    +0.81%W    +0.62%W    +1.40%W    +1.49%W    +1.49%W
2022-07-29   SNPS   09:30/3b 09:40   365.58    1.32x    -0.60%L    -0.19%L    +0.17%W    +0.43%W    -0.35%L    -0.63%L    -0.34%L    -0.06%L    +0.34%W    +0.78%W    +0.53%W    +0.53%W
2022-07-29   SPOT   09:30/3b 09:40   113.07    1.10x    +0.32%W    +2.02%W    +1.17%W    +0.57%W    -1.25%L    -1.23%L    -0.27%L    -0.04%L    +0.29%W    +0.20%W    -0.04%L    -0.04%L
2022-07-29   LLY    09:30/3b 09:40   330.51    1.16x    -0.72%L    -0.34%L    -0.39%L    -0.24%L    -0.33%L    -0.20%L    -0.26%L    -1.07%L    -0.54%L    -0.32%L    -0.28%L    -0.28%L

========================================================================================
Summary — 40 qualifying signal(s) across 20 trading day(s)

Window 09:30/3b  (40 signal(s))
  Hold      Count   Win Rate   Avg Gain    Avg Win   Avg Loss  Exp Value  Total P&L
  ------------------------------------------------------------------------------------
  +15m         40      50.0%      +0.02%      +0.92%      -0.89%      +0.02%      +0.64%
  +30m         40      52.5%      +0.23%      +1.54%      -1.22%      +0.23%      +9.16%
  +45m         40      60.0%      +0.24%      +1.47%      -1.61%      +0.24%      +9.57%
  +1h          40      65.0%      +0.68%      +1.89%      -1.57%      +0.68%     +27.30%
  +1h30m       40      57.5%      +0.36%      +1.87%      -1.69%      +0.36%     +14.30%
  +2h          40      55.0%      +0.11%      +1.84%      -2.00%      +0.11%      +4.51%
  +3h          40      57.5%      +0.08%      +1.67%      -2.07%      +0.08%      +3.23%
  +4h          40      60.0%      +0.35%      +2.18%      -2.38%      +0.35%     +14.16%
  +5h          40      70.0%      +0.67%      +2.23%      -2.97%      +0.67%     +26.92%
  +6h          40      72.5%      +0.89%      +2.47%      -3.28%      +0.89%     +35.69%
  +7h          40      70.0%      +0.83%      +2.47%      -2.99%      +0.83%     +33.30%
  EOD          40      70.0%      +0.83%      +2.47%      -2.99%      +0.83%     +33.30%
