Fetching 5-min bars (2016-01-02 → 2016-02-29) [alpaca]...
  [cache] delta-fetching 6 tickers from alpaca (2016-01-29 → 2016-02-29)
  [cache] loaded 5 tickers from cache
Fetching daily bars (2015-02-01 → 2016-02-29)...

=========================================================================================================================================================================================
Pre-Session Rankings (9:25) — 2016-02-01 to 2016-02-29  |  20d lookback
=========================================================================================================================================================================================
Pre-session top-2 (9:25, 20d EOD win rate) — 2016-02-01  OR: 09:30/3b
  #1 META   +15m 26%W -0.3%  +30m 42%W -0.0%  +1h 53%W +0.0%  +2h 58%W +0.3%  +5h 47%W -0.2%  EOD 58%W +0.7%  EOD range -3.8% → +3.8%
  #2 MRVL   +15m 53%W +0.1%  +30m 53%W +0.1%  +1h 42%W -0.1%  +2h 42%W -0.1%  +5h 53%W +0.1%  EOD 58%W +0.9%  EOD range -4.2% → +6.2%
  Ticker   N          +15m          +30m           +1h           +2h           +5h           EOD           EOD range
  ----------------------------------------------------------------------------------------------------------------------
  META    19  26%W -0.3%  42%W -0.0%  53%W +0.0%  58%W +0.3%  47%W -0.2%  58%W +0.7%       -3.8% → +3.8%
  MRVL    19  53%W +0.1%  53%W +0.1%  42%W -0.1%  42%W -0.1%  53%W +0.1%  58%W +0.9%       -4.2% → +6.2%
  QCOM    19  42%W -0.2%  47%W -0.0%  53%W +0.0%  47%W -0.5%  42%W -0.4%  53%W +0.2%       -3.3% → +3.3%
  CHTR    19  58%W +0.1%  58%W +0.1%  63%W +0.2%  63%W +0.1%  42%W -0.1%  47%W -0.0%       -4.8% → +3.4%
  TSLA    19  26%W -0.5%  37%W -0.5%  32%W -0.3%  42%W -0.5%  26%W -1.3%  42%W -0.1%       -4.8% → +5.0%
  AMD     19  47%W -0.2%  53%W +0.2%  42%W -0.5%  37%W +0.0%  42%W -0.7%  42%W -0.5%     -10.2% → +13.2%
  SNPS    19  37%W -0.2%  47%W -0.0%  47%W -0.0%  47%W -0.2%  37%W -0.4%  42%W -0.1%       -3.3% → +1.8%
  LLY     19  37%W -0.0%  53%W +0.0%  37%W -0.0%  37%W -0.5%  26%W -0.5%  42%W -0.2%       -4.8% → +4.4%
  MU      19  47%W +0.0%  42%W -0.3%  42%W -0.9%  26%W -1.2%  32%W -2.1%  32%W -1.7%       -6.1% → +6.5%
  AVGO    19  32%W -0.4%  42%W -0.1%  42%W -0.2%  37%W -0.2%  37%W -0.9%  32%W -0.4%       -5.1% → +4.8%
Pre-session top-2 (9:25, 20d EOD win rate) — 2016-02-02  OR: 09:30/3b
  #1 META   +15m 30%W -0.2%  +30m 40%W -0.2%  +1h 55%W +0.0%  +2h 60%W +0.3%  +5h 50%W +0.1%  EOD 60%W +0.7%  EOD range -3.8% → +3.8%
  #2 MRVL   +15m 50%W -0.0%  +30m 55%W +0.2%  +1h 45%W -0.1%  +2h 45%W -0.1%  +5h 55%W +0.3%  EOD 60%W +1.0%  EOD range -4.2% → +6.2%
  Ticker   N          +15m          +30m           +1h           +2h           +5h           EOD           EOD range
  ----------------------------------------------------------------------------------------------------------------------
  META    20  30%W -0.2%  40%W -0.2%  55%W +0.0%  60%W +0.3%  50%W +0.1%  60%W +0.7%       -3.8% → +3.8%
  MRVL    20  50%W -0.0%  55%W +0.2%  45%W -0.1%  45%W -0.1%  55%W +0.3%  60%W +1.0%       -4.2% → +6.2%
  QCOM    20  40%W -0.2%  50%W -0.0%  55%W +0.1%  50%W -0.2%  45%W -0.2%  55%W +0.2%       -3.3% → +3.3%
  CHTR    20  55%W +0.1%  60%W +0.2%  65%W +0.3%  65%W +0.2%  45%W -0.1%  50%W +0.0%       -4.8% → +4.1%
  TSLA    20  30%W -0.4%  40%W -0.3%  35%W -0.2%  45%W -0.3%  30%W -1.1%  45%W -0.1%       -4.8% → +7.5%
  SNPS    20  40%W -0.2%  50%W -0.0%  50%W +0.0%  50%W -0.1%  40%W -0.4%  45%W -0.1%       -3.3% → +1.8%
  AMD     20  45%W -0.3%  55%W +0.2%  45%W -0.2%  35%W +0.0%  40%W -0.8%  40%W -0.5%     -10.2% → +13.2%
  LLY     20  35%W -0.1%  50%W +0.0%  35%W -0.1%  35%W -0.4%  25%W -0.5%  40%W -0.1%       -4.8% → +4.4%
  MU      20  45%W -0.0%  45%W -0.3%  45%W -0.9%  30%W -1.0%  35%W -2.0%  35%W -1.5%       -6.1% → +6.5%
  AVGO    20  30%W -0.4%  40%W -0.2%  45%W -0.2%  40%W -0.2%  40%W -0.9%  35%W -0.3%       -5.1% → +4.8%
Pre-session top-2 (9:25, 20d EOD win rate) — 2016-02-03  OR: 09:30/3b
  #1 META   +15m 35%W -0.2%  +30m 45%W -0.0%  +1h 60%W +0.0%  +2h 60%W +0.4%  +5h 45%W -0.1%  EOD 55%W +0.5%  EOD range -3.8% → +3.8%
  #2 MRVL   +15m 50%W -0.0%  +30m 55%W +0.2%  +1h 45%W -0.1%  +2h 45%W -0.1%  +5h 55%W +0.3%  EOD 55%W +0.7%  EOD range -4.2% → +6.2%
  Ticker   N          +15m          +30m           +1h           +2h           +5h           EOD           EOD range
  ----------------------------------------------------------------------------------------------------------------------
  META    20  35%W -0.2%  45%W -0.0%  60%W +0.0%  60%W +0.4%  45%W -0.1%  55%W +0.5%       -3.8% → +3.8%
  MRVL    20  50%W -0.0%  55%W +0.2%  45%W -0.1%  45%W -0.1%  55%W +0.3%  55%W +0.7%       -4.2% → +6.2%
  QCOM    20  45%W -0.2%  50%W -0.0%  55%W +0.1%  50%W -0.2%  40%W -0.5%  50%W -0.0%       -3.3% → +3.3%
  TSLA    20  35%W -0.3%  40%W -0.2%  35%W -0.2%  45%W -0.3%  30%W -1.1%  45%W -0.1%       -4.8% → +7.5%
  SNPS    20  40%W -0.2%  50%W -0.0%  50%W +0.0%  50%W -0.1%  40%W -0.4%  45%W -0.1%       -3.3% → +1.8%
  CHTR    20  60%W +0.2%  60%W +0.2%  70%W +0.3%  65%W +0.2%  45%W -0.1%  45%W -0.0%       -4.8% → +4.1%
  AMD     20  45%W -0.3%  55%W +0.2%  50%W +0.1%  35%W +0.0%  40%W -1.0%  40%W -0.7%     -10.2% → +13.2%
  LLY     20  40%W -0.0%  45%W -0.0%  30%W -0.1%  30%W -0.5%  25%W -0.5%  40%W -0.2%       -4.8% → +4.4%
  MU      20  50%W +0.1%  45%W -0.3%  45%W -0.9%  30%W -1.0%  35%W -2.0%  35%W -1.5%       -6.1% → +6.5%
  AVGO    20  30%W -0.4%  40%W -0.2%  45%W -0.2%  35%W -0.3%  35%W -0.9%  30%W -0.4%       -5.1% → +4.8%
Pre-session top-2 (9:25, 20d EOD win rate) — 2016-02-04  OR: 09:30/3b
  #1 MRVL   +15m 50%W -0.0%  +30m 55%W +0.2%  +1h 45%W -0.1%  +2h 45%W -0.1%  +5h 60%W +0.5%  EOD 60%W +1.0%  EOD range -4.2% → +6.2%
  #2 QCOM   +15m 45%W -0.2%  +30m 50%W -0.0%  +1h 55%W +0.1%  +2h 50%W -0.2%  +5h 45%W -0.2%  EOD 55%W +0.2%  EOD range -3.3% → +3.3%
  Ticker   N          +15m          +30m           +1h           +2h           +5h           EOD           EOD range
  ----------------------------------------------------------------------------------------------------------------------
  MRVL    20  50%W -0.0%  55%W +0.2%  45%W -0.1%  45%W -0.1%  60%W +0.5%  60%W +1.0%       -4.2% → +6.2%
  QCOM    20  45%W -0.2%  50%W -0.0%  55%W +0.1%  50%W -0.2%  45%W -0.2%  55%W +0.2%       -3.3% → +3.3%
  META    20  35%W -0.2%  40%W -0.2%  55%W +0.0%  55%W +0.3%  40%W -0.4%  50%W +0.1%       -3.8% → +3.8%
  SNPS    20  40%W -0.2%  50%W -0.0%  50%W +0.0%  50%W -0.1%  45%W -0.2%  50%W -0.1%       -3.3% → +1.8%
  CHTR    20  60%W +0.2%  55%W +0.1%  65%W +0.3%  60%W +0.2%  45%W -0.1%  50%W +0.0%       -4.8% → +4.1%
  TSLA    20  40%W -0.2%  35%W -0.4%  35%W -0.3%  50%W -0.1%  35%W -1.1%  45%W -0.1%       -4.8% → +7.5%
  AMD     20  45%W -0.3%  55%W +0.2%  50%W +0.1%  35%W +0.0%  45%W -0.8%  45%W -0.5%     -10.2% → +13.2%
  LLY     20  35%W -0.1%  40%W -0.1%  30%W -0.2%  30%W -0.5%  25%W -0.5%  40%W -0.2%       -4.8% → +4.4%
  MU      20  50%W +0.1%  40%W -0.3%  40%W -1.1%  30%W -1.0%  35%W -2.0%  35%W -1.5%       -6.1% → +6.5%
  AVGO    20  30%W -0.4%  40%W -0.2%  40%W -0.3%  35%W -0.6%  35%W -0.9%  30%W -0.4%       -5.1% → +4.8%
Pre-session top-2 (9:25, 20d EOD win rate) — 2016-02-05  OR: 09:30/3b
  #1 MRVL   +15m 55%W +0.1%  +30m 60%W +0.5%  +1h 50%W +0.1%  +2h 45%W -0.1%  +5h 60%W +0.5%  EOD 60%W +1.0%  EOD range -4.2% → +6.2%
  #2 QCOM   +15m 45%W -0.2%  +30m 50%W -0.0%  +1h 55%W +0.1%  +2h 50%W -0.2%  +5h 45%W -0.2%  EOD 55%W +0.2%  EOD range -3.3% → +3.3%
  Ticker   N          +15m          +30m           +1h           +2h           +5h           EOD           EOD range
  ----------------------------------------------------------------------------------------------------------------------
  MRVL    20  55%W +0.1%  60%W +0.5%  50%W +0.1%  45%W -0.1%  60%W +0.5%  60%W +1.0%       -4.2% → +6.2%
  QCOM    20  45%W -0.2%  50%W -0.0%  55%W +0.1%  50%W -0.2%  45%W -0.2%  55%W +0.2%       -3.3% → +3.3%
  META    20  40%W -0.2%  45%W -0.2%  55%W +0.0%  55%W +0.3%  40%W -0.4%  50%W +0.1%       -3.8% → +3.8%
  AMD     20  50%W +0.0%  55%W +0.2%  50%W +0.1%  40%W +0.0%  50%W -0.2%  50%W -0.1%     -10.2% → +13.2%
  SNPS    20  40%W -0.2%  45%W -0.0%  45%W -0.0%  50%W -0.1%  45%W -0.2%  50%W -0.1%       -3.3% → +1.8%
  TSLA    20  45%W -0.2%  40%W -0.2%  35%W -0.3%  50%W -0.1%  40%W -0.9%  45%W -0.1%       -4.8% → +7.5%
  CHTR    20  55%W +0.1%  50%W -0.0%  60%W +0.2%  55%W +0.1%  45%W -0.1%  45%W -0.1%       -4.8% → +4.1%
  MU      20  50%W +0.1%  40%W -0.3%  45%W -1.0%  30%W -0.9%  40%W -2.0%  40%W -1.2%       -6.1% → +6.5%
  LLY     20  30%W -0.2%  40%W -0.1%  30%W -0.2%  25%W -0.5%  20%W -0.5%  35%W -0.3%       -4.8% → +4.4%
  AVGO    20  35%W -0.3%  40%W -0.2%  45%W -0.2%  40%W -0.6%  40%W -0.8%  35%W -0.3%       -5.1% → +4.8%
Pre-session top-2 (9:25, 20d EOD win rate) — 2016-02-08  OR: 09:30/3b
  #1 MRVL   +15m 55%W +0.1%  +30m 60%W +0.5%  +1h 45%W -0.1%  +2h 40%W -0.1%  +5h 55%W +0.3%  EOD 55%W +1.0%  EOD range -4.2% → +6.2%
  #2 QCOM   +15m 50%W -0.1%  +30m 50%W -0.0%  +1h 55%W +0.1%  +2h 50%W -0.2%  +5h 45%W -0.2%  EOD 55%W +0.2%  EOD range -3.3% → +3.3%
  Ticker   N          +15m          +30m           +1h           +2h           +5h           EOD           EOD range
  ----------------------------------------------------------------------------------------------------------------------
  MRVL    20  55%W +0.1%  60%W +0.5%  45%W -0.1%  40%W -0.1%  55%W +0.3%  55%W +1.0%       -4.2% → +6.2%
  QCOM    20  50%W -0.1%  50%W -0.0%  55%W +0.1%  50%W -0.2%  45%W -0.2%  55%W +0.2%       -3.3% → +3.3%
  META    20  45%W -0.1%  45%W -0.2%  50%W -0.1%  50%W +0.0%  40%W -0.4%  50%W +0.1%       -3.8% → +3.8%
  AMD     20  55%W +0.3%  60%W +0.2%  55%W +0.2%  40%W +0.0%  50%W -0.2%  50%W -0.1%     -10.2% → +13.2%
  SNPS    20  40%W -0.2%  45%W -0.0%  45%W -0.0%  50%W -0.1%  45%W -0.2%  50%W -0.1%       -3.3% → +1.8%
  CHTR    20  55%W +0.1%  45%W -0.1%  55%W +0.1%  50%W -0.0%  45%W -0.1%  50%W -0.0%       -4.8% → +4.1%
  MU      20  55%W +0.2%  45%W -0.3%  50%W -0.3%  35%W -0.8%  45%W -1.6%  45%W -0.9%       -6.1% → +6.5%
  TSLA    20  50%W -0.1%  40%W -0.4%  35%W -0.4%  50%W -0.3%  40%W -1.4%  45%W -0.1%       -4.8% → +7.5%
  LLY     20  35%W -0.2%  45%W -0.0%  30%W -0.2%  30%W -0.5%  25%W -0.5%  35%W -0.2%       -4.8% → +4.4%
  AVGO    20  35%W -0.3%  40%W -0.2%  40%W -0.3%  40%W -0.8%  40%W -0.8%  35%W -0.3%       -5.1% → +4.8%
Pre-session top-2 (9:25, 20d EOD win rate) — 2016-02-09  OR: 09:30/3b
  #1 MRVL   +15m 60%W +0.1%  +30m 65%W +0.5%  +1h 50%W +0.3%  +2h 40%W -0.1%  +5h 55%W +0.3%  EOD 60%W +1.0%  EOD range -4.2% → +6.2%
  #2 QCOM   +15m 55%W +0.1%  +30m 55%W +0.2%  +1h 60%W +0.2%  +2h 55%W +0.1%  +5h 50%W -0.0%  EOD 60%W +0.5%  EOD range -3.3% → +3.3%
  Ticker   N          +15m          +30m           +1h           +2h           +5h           EOD           EOD range
  ----------------------------------------------------------------------------------------------------------------------
  MRVL    20  60%W +0.1%  65%W +0.5%  50%W +0.3%  40%W -0.1%  55%W +0.3%  60%W +1.0%       -4.2% → +6.2%
  QCOM    20  55%W +0.1%  55%W +0.2%  60%W +0.2%  55%W +0.1%  50%W -0.0%  60%W +0.5%       -3.3% → +3.3%
  AMD     20  60%W +0.3%  60%W +0.2%  60%W +0.2%  40%W +0.0%  50%W -0.2%  55%W +0.1%      -6.6% → +13.2%
  SNPS    20  45%W -0.2%  45%W -0.0%  50%W +0.1%  50%W -0.0%  50%W -0.1%  55%W +0.1%       -3.3% → +1.8%
  CHTR    20  55%W +0.1%  45%W -0.1%  55%W +0.1%  50%W +0.0%  45%W -0.1%  55%W +0.4%       -4.8% → +4.1%
  META    20  50%W -0.0%  50%W +0.0%  50%W -0.0%  50%W +0.0%  40%W -0.4%  50%W +0.1%       -3.8% → +3.8%
  MU      20  50%W +0.1%  45%W -0.3%  50%W -0.5%  35%W -0.8%  45%W -1.6%  45%W -0.9%       -6.1% → +6.5%
  TSLA    20  55%W +0.1%  40%W -0.4%  35%W -0.4%  50%W -0.3%  40%W -1.4%  45%W -0.1%       -4.8% → +7.5%
  LLY     20  40%W -0.1%  45%W -0.0%  35%W -0.1%  30%W -0.5%  25%W -0.4%  40%W -0.1%       -4.8% → +4.4%
  AVGO    20  30%W -0.4%  35%W -0.3%  40%W -0.3%  40%W -0.8%  40%W -0.8%  35%W -0.3%       -5.1% → +4.8%
Pre-session top-2 (9:25, 20d EOD win rate) — 2016-02-10  OR: 09:30/3b
  #1 QCOM   +15m 50%W +0.0%  +30m 50%W +0.1%  +1h 60%W +0.2%  +2h 55%W +0.1%  +5h 50%W -0.0%  EOD 60%W +0.5%  EOD range -3.3% → +3.3%
  #2 CHTR   +15m 55%W +0.2%  +30m 50%W -0.1%  +1h 55%W +0.1%  +2h 50%W +0.1%  +5h 50%W +0.1%  EOD 60%W +0.8%  EOD range -4.8% → +4.1%
  Ticker   N          +15m          +30m           +1h           +2h           +5h           EOD           EOD range
  ----------------------------------------------------------------------------------------------------------------------
  QCOM    20  50%W +0.0%  50%W +0.1%  60%W +0.2%  55%W +0.1%  50%W -0.0%  60%W +0.5%       -3.3% → +3.3%
  CHTR    20  55%W +0.2%  50%W -0.1%  55%W +0.1%  50%W +0.1%  50%W +0.1%  60%W +0.8%       -4.8% → +4.1%
  MRVL    20  60%W +0.1%  65%W +0.3%  45%W -0.1%  45%W -0.1%  55%W +0.3%  55%W +0.7%       -4.2% → +6.2%
  SNPS    20  45%W -0.1%  45%W -0.0%  50%W +0.1%  50%W -0.0%  50%W -0.1%  55%W +0.1%       -3.3% → +1.8%
  AMD     20  60%W +0.3%  55%W +0.2%  55%W +0.2%  40%W +0.0%  50%W -0.2%  50%W -0.2%      -6.6% → +13.2%
  META    20  50%W -0.0%  55%W +0.0%  55%W +0.0%  45%W -0.3%  40%W -0.4%  45%W -0.0%       -3.8% → +3.8%
  MU      20  55%W +0.2%  45%W -0.3%  50%W -0.5%  35%W -0.8%  45%W -1.6%  45%W -0.9%       -6.1% → +6.5%
  TSLA    20  55%W +0.1%  40%W -0.4%  35%W -0.4%  50%W -0.4%  40%W -1.4%  45%W -0.1%       -5.7% → +7.5%
  LLY     20  40%W -0.1%  45%W -0.0%  35%W -0.2%  30%W -0.5%  25%W -0.4%  40%W -0.1%       -4.8% → +4.4%
  AVGO    20  30%W -0.4%  40%W -0.3%  40%W -0.3%  40%W -0.9%  40%W -0.8%  35%W -0.4%       -5.1% → +4.8%
Pre-session top-2 (9:25, 20d EOD win rate) — 2016-02-11  OR: 09:30/3b
  #1 CHTR   +15m 55%W +0.2%  +30m 50%W -0.1%  +1h 55%W +0.1%  +2h 50%W +0.1%  +5h 50%W +0.1%  EOD 60%W +0.8%  EOD range -4.8% → +4.1%
  #2 SNPS   +15m 50%W +0.0%  +30m 50%W +0.0%  +1h 55%W +0.2%  +2h 55%W +0.1%  +5h 50%W -0.0%  EOD 55%W +0.1%  EOD range -3.3% → +1.8%
  Ticker   N          +15m          +30m           +1h           +2h           +5h           EOD           EOD range
  ----------------------------------------------------------------------------------------------------------------------
  CHTR    20  55%W +0.2%  50%W -0.1%  55%W +0.1%  50%W +0.1%  50%W +0.1%  60%W +0.8%       -4.8% → +4.1%
  SNPS    20  50%W +0.0%  50%W +0.0%  55%W +0.2%  55%W +0.1%  50%W -0.0%  55%W +0.1%       -3.3% → +1.8%
  QCOM    20  50%W +0.0%  50%W +0.1%  60%W +0.2%  55%W +0.1%  50%W -0.0%  55%W +0.5%       -3.3% → +3.3%
  MRVL    20  60%W +0.1%  65%W +0.3%  45%W -0.1%  45%W -0.1%  50%W +0.2%  50%W +0.1%       -4.2% → +6.2%
  META    20  55%W +0.0%  55%W +0.1%  60%W +0.0%  50%W +0.0%  45%W -0.2%  45%W -0.1%       -3.8% → +3.8%
  MU      20  55%W +0.2%  45%W -0.2%  50%W -0.1%  35%W -0.8%  45%W -1.6%  45%W -0.9%       -6.1% → +6.5%
  TSLA    20  55%W +0.1%  45%W -0.2%  35%W -0.4%  50%W -0.4%  40%W -1.4%  45%W -0.1%       -5.7% → +7.5%
  AMD     20  55%W +0.3%  55%W +0.2%  55%W +0.2%  35%W +0.0%  50%W -0.2%  45%W -0.5%      -6.6% → +13.2%
  LLY     20  40%W -0.1%  45%W -0.0%  40%W -0.1%  35%W -0.4%  25%W -0.4%  40%W -0.1%       -4.8% → +4.4%
  AVGO    20  35%W -0.3%  45%W -0.2%  45%W -0.2%  45%W -0.6%  40%W -0.8%  35%W -0.7%       -5.1% → +4.8%
Pre-session top-2 (9:25, 20d EOD win rate) — 2016-02-12  OR: 09:30/3b
  #1 SNPS   +15m 55%W +0.1%  +30m 55%W +0.1%  +1h 60%W +0.2%  +2h 60%W +0.1%  +5h 55%W +0.1%  EOD 60%W +0.3%  EOD range -1.1% → +1.8%
  #2 QCOM   +15m 55%W +0.1%  +30m 55%W +0.3%  +1h 65%W +0.3%  +2h 60%W +0.1%  +5h 55%W +0.3%  EOD 60%W +0.8%  EOD range -3.1% → +3.3%
  Ticker   N          +15m          +30m           +1h           +2h           +5h           EOD           EOD range
  ----------------------------------------------------------------------------------------------------------------------
  SNPS    20  55%W +0.1%  55%W +0.1%  60%W +0.2%  60%W +0.1%  55%W +0.1%  60%W +0.3%       -1.1% → +1.8%
  QCOM    20  55%W +0.1%  55%W +0.3%  65%W +0.3%  60%W +0.1%  55%W +0.3%  60%W +0.8%       -3.1% → +3.3%
  CHTR    20  60%W +0.2%  55%W +0.0%  60%W +0.1%  50%W +0.1%  50%W +0.1%  60%W +0.8%       -4.0% → +4.1%
  MRVL    20  60%W +0.1%  70%W +0.5%  45%W -0.1%  45%W -0.1%  55%W +0.5%  55%W +0.2%       -4.2% → +6.2%
  META    20  60%W +0.1%  60%W +0.1%  65%W +0.1%  50%W +0.1%  50%W +0.1%  50%W +0.2%       -2.9% → +3.8%
  MU      20  60%W +0.4%  50%W +0.1%  55%W +0.4%  35%W -0.7%  50%W -0.6%  50%W +0.0%       -4.7% → +6.5%
  AMD     20  60%W +0.3%  60%W +0.2%  60%W +0.2%  40%W +0.0%  55%W +0.5%  50%W -0.2%      -6.5% → +13.2%
  TSLA    20  60%W +0.2%  50%W -0.1%  40%W -0.3%  50%W -0.1%  40%W -1.1%  45%W -0.1%       -5.7% → +7.5%
  LLY     20  35%W -0.2%  40%W -0.1%  40%W -0.1%  35%W -0.5%  25%W -0.4%  40%W -0.1%       -4.8% → +4.4%
  AVGO    20  40%W -0.2%  50%W +0.0%  50%W -0.1%  45%W -0.2%  45%W -0.5%  40%W -0.4%       -3.9% → +4.8%
Pre-session top-2 (9:25, 20d EOD win rate) — 2016-02-16  OR: 09:30/3b
  #1 SNPS   +15m 55%W +0.1%  +30m 55%W +0.1%  +1h 60%W +0.2%  +2h 60%W +0.1%  +5h 55%W +0.1%  EOD 60%W +0.3%  EOD range -1.1% → +1.8%
  #2 QCOM   +15m 60%W +0.2%  +30m 55%W +0.4%  +1h 65%W +0.3%  +2h 60%W +0.1%  +5h 55%W +0.3%  EOD 60%W +0.8%  EOD range -3.1% → +3.3%
  Ticker   N          +15m          +30m           +1h           +2h           +5h           EOD           EOD range
  ----------------------------------------------------------------------------------------------------------------------
  SNPS    20  55%W +0.1%  55%W +0.1%  60%W +0.2%  60%W +0.1%  55%W +0.1%  60%W +0.3%       -1.1% → +1.8%
  QCOM    20  60%W +0.2%  55%W +0.4%  65%W +0.3%  60%W +0.1%  55%W +0.3%  60%W +0.8%       -3.1% → +3.3%
  CHTR    20  65%W +0.2%  55%W +0.0%  60%W +0.1%  50%W +0.1%  50%W +0.1%  60%W +0.8%       -4.0% → +4.1%
  MRVL    20  60%W +0.2%  70%W +0.5%  45%W -0.1%  50%W -0.0%  55%W +0.5%  55%W +0.2%       -4.2% → +6.2%
  MU      20  60%W +0.4%  55%W +0.5%  55%W +0.4%  40%W -0.5%  50%W -0.6%  50%W +0.0%       -4.7% → +6.5%
  AMD     20  60%W +0.4%  60%W +0.2%  55%W +0.2%  40%W +0.0%  50%W -0.2%  50%W -0.2%      -6.5% → +13.2%
  META    20  60%W +0.1%  55%W +0.1%  60%W +0.0%  45%W -0.2%  45%W -0.2%  45%W -0.1%       -2.9% → +2.2%
  TSLA    20  60%W +0.2%  45%W -0.2%  35%W -0.4%  45%W -0.5%  35%W -1.1%  40%W -0.1%       -5.7% → +7.5%
  LLY     20  35%W -0.1%  40%W -0.1%  40%W -0.1%  35%W -0.5%  25%W -0.4%  40%W -0.1%       -4.8% → +1.1%
  AVGO    20  45%W -0.2%  55%W +0.3%  50%W -0.1%  45%W -0.2%  45%W -0.5%  40%W -0.4%       -3.9% → +4.8%
Pre-session top-2 (9:25, 20d EOD win rate) — 2016-02-17  OR: 09:30/3b
  #1 QCOM   +15m 65%W +0.2%  +30m 60%W +0.5%  +1h 70%W +0.4%  +2h 65%W +0.4%  +5h 60%W +0.7%  EOD 65%W +0.9%  EOD range -3.1% → +3.3%
  #2 CHTR   +15m 65%W +0.2%  +30m 55%W +0.0%  +1h 60%W +0.1%  +2h 50%W +0.1%  +5h 55%W +0.2%  EOD 65%W +1.0%  EOD range -4.0% → +4.1%
  Ticker   N          +15m          +30m           +1h           +2h           +5h           EOD           EOD range
  ----------------------------------------------------------------------------------------------------------------------
  QCOM    20  65%W +0.2%  60%W +0.5%  70%W +0.4%  65%W +0.4%  60%W +0.7%  65%W +0.9%       -3.1% → +3.3%
  CHTR    20  65%W +0.2%  55%W +0.0%  60%W +0.1%  50%W +0.1%  55%W +0.2%  65%W +1.0%       -4.0% → +4.1%
  MRVL    20  65%W +0.3%  70%W +0.6%  50%W +0.3%  55%W +0.2%  60%W +0.8%  60%W +0.7%       -4.2% → +6.2%
  SNPS    20  55%W +0.1%  60%W +0.1%  60%W +0.3%  65%W +0.1%  60%W +0.2%  60%W +0.3%       -1.1% → +1.8%
  MU      20  60%W +0.4%  55%W +0.5%  55%W +0.4%  45%W -0.3%  55%W +0.4%  55%W +0.8%       -4.3% → +6.5%
  AMD     20  60%W +0.4%  60%W +0.2%  50%W +0.1%  40%W +0.0%  50%W -0.1%  50%W -0.2%      -6.5% → +13.2%
  META    20  60%W +0.1%  55%W +0.1%  60%W +0.0%  45%W -0.2%  45%W -0.2%  45%W -0.1%       -2.9% → +2.2%
  AVGO    20  45%W -0.2%  55%W +0.3%  55%W +0.1%  50%W -0.0%  50%W +0.0%  45%W -0.3%       -3.9% → +4.8%
  LLY     20  35%W -0.1%  40%W -0.2%  40%W -0.2%  35%W -0.5%  30%W -0.4%  40%W -0.1%       -4.8% → +1.1%
  TSLA    20  60%W +0.2%  40%W -0.4%  35%W -0.4%  40%W -0.8%  30%W -1.4%  35%W -0.4%       -5.7% → +7.5%
Pre-session top-2 (9:25, 20d EOD win rate) — 2016-02-18  OR: 09:30/3b
  #1 MRVL   +15m 70%W +0.3%  +30m 70%W +0.6%  +1h 55%W +0.7%  +2h 60%W +0.4%  +5h 65%W +1.1%  EOD 65%W +1.3%  EOD range -1.5% → +6.2%
  #2 SNPS   +15m 55%W +0.1%  +30m 60%W +0.1%  +1h 60%W +0.3%  +2h 65%W +0.2%  +5h 65%W +0.4%  EOD 65%W +0.4%  EOD range -1.1% → +1.8%
  Ticker   N          +15m          +30m           +1h           +2h           +5h           EOD           EOD range
  ----------------------------------------------------------------------------------------------------------------------
  MRVL    20  70%W +0.3%  70%W +0.6%  55%W +0.7%  60%W +0.4%  65%W +1.1%  65%W +1.3%       -1.5% → +6.2%
  SNPS    20  55%W +0.1%  60%W +0.1%  60%W +0.3%  65%W +0.2%  65%W +0.4%  65%W +0.4%       -1.1% → +1.8%
  QCOM    20  60%W +0.2%  65%W +0.5%  75%W +0.5%  65%W +0.7%  65%W +0.9%  65%W +1.2%       -3.1% → +3.3%
  CHTR    20  65%W +0.2%  55%W +0.0%  60%W +0.1%  50%W +0.1%  55%W +0.2%  65%W +0.8%       -4.0% → +4.1%
  MU      20  60%W +0.6%  55%W +0.8%  55%W +0.4%  50%W -0.0%  60%W +1.0%  60%W +0.9%       -4.3% → +6.5%
  META    20  65%W +0.1%  60%W +0.1%  60%W +0.1%  50%W +0.1%  50%W +0.1%  50%W +0.2%       -2.9% → +4.1%
  AMD     20  60%W +0.5%  60%W +0.2%  55%W +0.2%  45%W +0.0%  55%W +0.5%  50%W +0.0%      -6.5% → +13.2%
  AVGO    20  50%W +0.0%  55%W +0.4%  55%W +0.3%  55%W +0.1%  55%W +0.4%  50%W +0.2%       -3.9% → +4.8%
  TSLA    20  60%W +0.2%  40%W -0.4%  35%W -0.4%  40%W -0.8%  35%W -1.1%  40%W -0.4%       -5.7% → +7.5%
  LLY     20  35%W -0.1%  40%W -0.2%  40%W -0.2%  35%W -0.5%  30%W -0.4%  40%W -0.1%       -4.8% → +1.7%
Pre-session top-2 (9:25, 20d EOD win rate) — 2016-02-19  OR: 09:30/3b
  #1 QCOM   +15m 65%W +0.3%  +30m 70%W +0.5%  +1h 80%W +0.6%  +2h 70%W +0.8%  +5h 70%W +1.0%  EOD 65%W +1.4%  EOD range -3.1% → +3.3%
  #2 CHTR   +15m 70%W +0.2%  +30m 60%W +0.1%  +1h 65%W +0.2%  +2h 55%W +0.3%  +5h 55%W +0.2%  EOD 65%W +0.5%  EOD range -4.0% → +4.1%
  Ticker   N          +15m          +30m           +1h           +2h           +5h           EOD           EOD range
  ----------------------------------------------------------------------------------------------------------------------
  QCOM    20  65%W +0.3%  70%W +0.5%  80%W +0.6%  70%W +0.8%  70%W +1.0%  65%W +1.4%       -3.1% → +3.3%
  CHTR    20  70%W +0.2%  60%W +0.1%  65%W +0.2%  55%W +0.3%  55%W +0.2%  65%W +0.5%       -4.0% → +4.1%
  MU      20  65%W +0.6%  55%W +0.8%  55%W +0.4%  50%W -0.0%  60%W +1.0%  60%W +0.9%       -4.3% → +6.5%
  MRVL    20  75%W +0.3%  75%W +0.7%  55%W +0.7%  60%W +0.4%  65%W +0.8%  60%W +0.7%       -1.5% → +4.5%
  SNPS    20  60%W +0.1%  60%W +0.1%  60%W +0.3%  60%W +0.2%  60%W +0.2%  60%W +0.3%       -2.8% → +1.7%
  AMD     20  65%W +0.5%  65%W +0.4%  60%W +0.3%  45%W +0.0%  55%W +0.5%  50%W +0.0%      -3.9% → +13.2%
  META    20  65%W +0.1%  60%W +0.1%  60%W +0.1%  50%W +0.1%  45%W -0.2%  45%W -0.1%       -2.9% → +4.1%
  AVGO    20  50%W +0.0%  50%W +0.1%  50%W +0.1%  50%W -0.0%  50%W +0.0%  45%W -0.3%       -3.9% → +4.7%
  TSLA    20  65%W +0.2%  45%W -0.2%  40%W -0.3%  35%W -0.8%  35%W -1.1%  35%W -0.6%       -5.7% → +7.5%
  LLY     20  40%W -0.1%  35%W -0.2%  45%W -0.0%  40%W -0.4%  30%W -0.4%  35%W -0.2%       -4.8% → +1.7%
Pre-session top-2 (9:25, 20d EOD win rate) — 2016-02-22  OR: 09:30/3b
  #1 CHTR   +15m 65%W +0.2%  +30m 60%W +0.1%  +1h 65%W +0.2%  +2h 55%W +0.3%  +5h 60%W +0.2%  EOD 65%W +0.8%  EOD range -4.0% → +4.1%
  #2 MU     +15m 60%W +0.4%  +30m 55%W +0.8%  +1h 55%W +0.4%  +2h 50%W -0.0%  +5h 60%W +1.0%  EOD 60%W +0.9%  EOD range -4.3% → +6.5%
  Ticker   N          +15m          +30m           +1h           +2h           +5h           EOD           EOD range
  ----------------------------------------------------------------------------------------------------------------------
  CHTR    20  65%W +0.2%  60%W +0.1%  65%W +0.2%  55%W +0.3%  60%W +0.2%  65%W +0.8%       -4.0% → +4.1%
  MU      20  60%W +0.4%  55%W +0.8%  55%W +0.4%  50%W -0.0%  60%W +1.0%  60%W +0.9%       -4.3% → +6.5%
  SNPS    20  55%W +0.1%  60%W +0.1%  60%W +0.3%  60%W +0.2%  60%W +0.2%  60%W +0.3%       -2.8% → +1.7%
  QCOM    20  60%W +0.2%  65%W +0.5%  75%W +0.5%  65%W +0.7%  65%W +0.9%  60%W +1.1%       -3.1% → +3.3%
  MRVL    20  70%W +0.3%  70%W +0.6%  50%W +0.3%  55%W +0.2%  60%W +0.5%  55%W +0.2%       -1.5% → +4.5%
  AMD     20  60%W +0.5%  60%W +0.2%  55%W +0.2%  40%W +0.0%  50%W -0.0%  50%W +0.0%       -3.9% → +2.8%
  META    20  65%W +0.1%  60%W +0.1%  60%W +0.1%  50%W +0.1%  45%W -0.2%  45%W -0.1%       -2.9% → +4.1%
  AVGO    20  45%W -0.2%  50%W +0.1%  50%W +0.1%  50%W -0.0%  50%W +0.0%  45%W -0.3%       -3.9% → +4.7%
  TSLA    20  60%W +0.2%  40%W -0.2%  35%W -0.3%  30%W -0.8%  35%W -1.1%  35%W -0.6%       -5.7% → +7.5%
  LLY     20  35%W -0.1%  35%W -0.2%  45%W -0.0%  35%W -0.4%  25%W -0.4%  30%W -0.2%       -4.8% → +1.7%
Pre-session top-2 (9:25, 20d EOD win rate) — 2016-02-23  OR: 09:30/3b
  #1 CHTR   +15m 65%W +0.2%  +30m 60%W +0.1%  +1h 60%W +0.1%  +2h 50%W +0.2%  +5h 55%W +0.2%  EOD 65%W +0.5%  EOD range -4.0% → +4.1%
  #2 MU     +15m 55%W +0.3%  +30m 50%W +0.2%  +1h 50%W +0.1%  +2h 50%W -0.0%  +5h 60%W +1.0%  EOD 60%W +0.9%  EOD range -4.3% → +6.5%
  Ticker   N          +15m          +30m           +1h           +2h           +5h           EOD           EOD range
  ----------------------------------------------------------------------------------------------------------------------
  CHTR    20  65%W +0.2%  60%W +0.1%  60%W +0.1%  50%W +0.2%  55%W +0.2%  65%W +0.5%       -4.0% → +4.1%
  MU      20  55%W +0.3%  50%W +0.2%  50%W +0.1%  50%W -0.0%  60%W +1.0%  60%W +0.9%       -4.3% → +6.5%
  QCOM    20  60%W +0.3%  65%W +0.5%  70%W +0.5%  70%W +0.7%  65%W +0.9%  60%W +1.3%       -3.1% → +3.3%
  MRVL    20  70%W +0.3%  70%W +0.6%  50%W +0.3%  55%W +0.2%  60%W +0.5%  55%W +0.2%       -1.5% → +4.5%
  SNPS    20  55%W +0.1%  55%W +0.1%  55%W +0.3%  55%W +0.2%  60%W +0.1%  55%W +0.1%       -2.8% → +1.7%
  AMD     20  55%W +0.5%  55%W +0.2%  55%W +0.2%  45%W +0.0%  50%W +0.3%  50%W +0.0%       -3.9% → +2.8%
  META    20  65%W +0.1%  60%W +0.1%  60%W +0.1%  50%W +0.1%  45%W -0.2%  45%W -0.1%       -2.9% → +4.1%
  AVGO    20  45%W -0.1%  50%W +0.1%  50%W +0.1%  50%W -0.0%  50%W +0.0%  45%W -0.3%       -3.9% → +4.7%
  TSLA    20  65%W +0.2%  40%W -0.2%  35%W -0.3%  35%W -0.8%  40%W -0.9%  35%W -0.6%       -5.7% → +7.5%
  LLY     20  35%W -0.2%  30%W -0.3%  40%W -0.2%  35%W -0.4%  25%W -0.4%  30%W -0.3%       -4.8% → +1.7%
Pre-session top-2 (9:25, 20d EOD win rate) — 2016-02-24  OR: 09:30/3b
  #1 CHTR   +15m 60%W +0.1%  +30m 60%W +0.1%  +1h 55%W +0.1%  +2h 50%W +0.2%  +5h 55%W +0.2%  EOD 65%W +0.5%  EOD range -4.0% → +4.1%
  #2 MU     +15m 55%W +0.3%  +30m 50%W +0.2%  +1h 50%W +0.1%  +2h 50%W -0.0%  +5h 60%W +1.0%  EOD 60%W +0.9%  EOD range -4.8% → +6.5%
  Ticker   N          +15m          +30m           +1h           +2h           +5h           EOD           EOD range
  ----------------------------------------------------------------------------------------------------------------------
  CHTR    20  60%W +0.1%  60%W +0.1%  55%W +0.1%  50%W +0.2%  55%W +0.2%  65%W +0.5%       -4.0% → +4.1%
  MU      20  55%W +0.3%  50%W +0.2%  50%W +0.1%  50%W -0.0%  60%W +1.0%  60%W +0.9%       -4.8% → +6.5%
  QCOM    20  60%W +0.2%  60%W +0.5%  65%W +0.5%  65%W +0.7%  60%W +0.8%  60%W +1.3%       -3.1% → +3.3%
  SNPS    20  50%W +0.0%  50%W +0.0%  55%W +0.3%  55%W +0.2%  60%W +0.1%  55%W +0.1%       -2.8% → +1.7%
  MRVL    20  70%W +0.3%  65%W +0.5%  45%W -0.1%  55%W +0.2%  60%W +0.5%  50%W +0.1%       -1.5% → +4.5%
  META    20  60%W +0.1%  60%W +0.1%  60%W +0.1%  50%W +0.1%  45%W -0.2%  45%W -0.1%       -2.9% → +4.1%
  AMD     20  55%W +0.5%  50%W +0.0%  50%W +0.1%  40%W +0.0%  45%W -0.4%  45%W -0.2%       -3.9% → +2.8%
  AVGO    20  50%W +0.0%  50%W +0.2%  55%W +0.3%  55%W +0.1%  50%W +0.0%  45%W -0.4%       -3.9% → +4.7%
  TSLA    20  65%W +0.2%  35%W -0.4%  35%W -0.5%  35%W -0.6%  45%W -0.6%  35%W -0.6%       -5.7% → +7.5%
  LLY     20  35%W -0.1%  30%W -0.2%  40%W -0.1%  35%W -0.3%  25%W -0.4%  30%W -0.3%       -4.8% → +1.7%
Pre-session top-2 (9:25, 20d EOD win rate) — 2016-02-25  OR: 09:30/3b
  #1 CHTR   +15m 55%W +0.1%  +30m 60%W +0.2%  +1h 55%W +0.1%  +2h 50%W +0.2%  +5h 60%W +0.2%  EOD 70%W +0.8%  EOD range -4.0% → +4.1%
  #2 MU     +15m 50%W +0.1%  +30m 45%W -0.2%  +1h 50%W -0.1%  +2h 50%W -0.0%  +5h 60%W +1.0%  EOD 60%W +0.9%  EOD range -4.8% → +6.5%
  Ticker   N          +15m          +30m           +1h           +2h           +5h           EOD           EOD range
  ----------------------------------------------------------------------------------------------------------------------
  CHTR    20  55%W +0.1%  60%W +0.2%  55%W +0.1%  50%W +0.2%  60%W +0.2%  70%W +0.8%       -4.0% → +4.1%
  MU      20  50%W +0.1%  45%W -0.2%  50%W -0.1%  50%W -0.0%  60%W +1.0%  60%W +0.9%       -4.8% → +6.5%
  QCOM    20  60%W +0.1%  60%W +0.4%  60%W +0.4%  65%W +0.6%  60%W +0.8%  60%W +1.3%       -3.1% → +3.3%
  SNPS    20  45%W -0.0%  45%W -0.0%  50%W +0.1%  55%W +0.2%  60%W +0.1%  55%W +0.1%       -2.8% → +1.7%
  MRVL    20  70%W +0.3%  65%W +0.5%  45%W -0.1%  55%W +0.2%  60%W +0.5%  50%W +0.1%       -1.5% → +4.5%
  AVGO    20  45%W -0.1%  50%W +0.2%  55%W +0.4%  55%W +0.1%  50%W +0.2%  50%W +0.3%       -3.9% → +4.7%
  META    20  60%W +0.1%  55%W +0.1%  55%W +0.1%  50%W +0.1%  45%W -0.2%  45%W -0.1%       -2.9% → +4.1%
  AMD     20  50%W +0.2%  45%W +0.0%  50%W +0.1%  40%W +0.0%  45%W -0.4%  45%W -0.2%       -3.9% → +4.1%
  TSLA    20  65%W +0.2%  35%W -0.3%  30%W -0.5%  35%W -0.6%  45%W -0.6%  35%W -0.6%       -5.7% → +7.5%
  LLY     20  35%W -0.1%  30%W -0.3%  40%W -0.2%  35%W -0.3%  30%W -0.4%  30%W -0.3%       -4.8% → +1.7%
Pre-session top-2 (9:25, 20d EOD win rate) — 2016-02-26  OR: 09:30/3b
  #1 CHTR   +15m 60%W +0.2%  +30m 65%W +0.3%  +1h 60%W +0.2%  +2h 55%W +0.5%  +5h 65%W +0.3%  EOD 75%W +1.0%  EOD range -4.0% → +4.1%
  #2 MU     +15m 50%W +0.1%  +30m 45%W -0.2%  +1h 50%W +0.1%  +2h 50%W +0.0%  +5h 65%W +1.5%  EOD 65%W +1.0%  EOD range -4.8% → +6.5%
  Ticker   N          +15m          +30m           +1h           +2h           +5h           EOD           EOD range
  ----------------------------------------------------------------------------------------------------------------------
  CHTR    20  60%W +0.2%  65%W +0.3%  60%W +0.2%  55%W +0.5%  65%W +0.3%  75%W +1.0%       -4.0% → +4.1%
  MU      20  50%W +0.1%  45%W -0.2%  50%W +0.1%  50%W +0.0%  65%W +1.5%  65%W +1.0%       -4.8% → +6.5%
  QCOM    20  60%W +0.1%  60%W +0.4%  55%W +0.4%  60%W +0.5%  65%W +0.8%  65%W +1.3%       -3.1% → +3.3%
  SNPS    20  45%W -0.0%  45%W -0.0%  55%W +0.3%  50%W +0.0%  65%W +0.2%  60%W +0.3%       -2.8% → +1.7%
  MRVL    20  70%W +0.3%  70%W +0.5%  50%W +0.3%  55%W +0.2%  65%W +0.7%  55%W +0.2%       -1.5% → +4.5%
  AVGO    20  50%W +0.1%  50%W +0.2%  60%W +0.6%  55%W +0.2%  55%W +0.7%  55%W +1.2%       -3.9% → +4.7%
  META    20  60%W +0.1%  60%W +0.2%  60%W +0.2%  55%W +0.4%  50%W +0.4%  50%W +0.2%       -2.9% → +4.1%
  AMD     20  55%W +0.2%  50%W +0.0%  50%W +0.1%  40%W +0.0%  45%W -0.4%  45%W -0.2%       -3.9% → +4.1%
  TSLA    20  65%W +0.2%  35%W -0.3%  35%W -0.3%  35%W -0.6%  50%W -0.0%  40%W -0.4%       -5.7% → +7.5%
  LLY     20  40%W -0.1%  30%W -0.2%  45%W -0.1%  35%W -0.3%  35%W -0.4%  35%W -0.3%       -4.8% → +1.7%
Pre-session top-2 (9:25, 20d EOD win rate) — 2016-02-29  OR: 09:30/3b
  #1 MU     +15m 45%W -0.1%  +30m 50%W -0.1%  +1h 55%W +0.4%  +2h 55%W +0.2%  +5h 70%W +1.5%  EOD 70%W +1.0%  EOD range -4.8% → +6.5%
  #2 CHTR   +15m 55%W +0.1%  +30m 60%W +0.2%  +1h 55%W +0.2%  +2h 50%W +0.1%  +5h 60%W +0.2%  EOD 70%W +0.8%  EOD range -4.0% → +4.1%
  Ticker   N          +15m          +30m           +1h           +2h           +5h           EOD           EOD range
  ----------------------------------------------------------------------------------------------------------------------
  MU      20  45%W -0.1%  50%W -0.1%  55%W +0.4%  55%W +0.2%  70%W +1.5%  70%W +1.0%       -4.8% → +6.5%
  CHTR    20  55%W +0.1%  60%W +0.2%  55%W +0.2%  50%W +0.1%  60%W +0.2%  70%W +0.8%       -4.0% → +4.1%
  SNPS    20  50%W +0.0%  50%W +0.0%  60%W +0.3%  55%W +0.2%  70%W +0.4%  65%W +0.5%       -2.8% → +1.7%
  QCOM    20  60%W +0.1%  60%W +0.4%  50%W +0.2%  60%W +0.5%  65%W +0.8%  65%W +1.3%       -3.1% → +3.3%
  MRVL    20  65%W +0.3%  65%W +0.5%  50%W +0.3%  60%W +0.2%  60%W +0.5%  50%W +0.1%       -1.5% → +4.5%
  AMD     20  55%W +0.2%  50%W +0.0%  50%W +0.1%  45%W +0.0%  50%W -0.0%  50%W +0.0%       -3.9% → +4.1%
  AVGO    20  50%W +0.1%  50%W +0.2%  60%W +0.6%  60%W +0.2%  50%W +0.2%  50%W +0.3%       -3.9% → +4.7%
  META    20  60%W +0.1%  60%W +0.2%  55%W +0.2%  50%W +0.1%  45%W -0.2%  45%W -0.1%       -2.9% → +4.1%
  TSLA    20  65%W +0.2%  35%W -0.3%  35%W -0.3%  35%W -0.6%  50%W -0.1%  40%W -0.4%       -5.7% → +7.5%
  LLY     20  40%W -0.1%  30%W -0.2%  45%W -0.1%  35%W -0.3%  35%W -0.4%  35%W -0.3%       -2.7% → +1.7%

=========================================================================================================================================================================================
Pre-Session Top-2 Performance — 2016-02-01 to 2016-02-29  |  Unconditional OR-close entry  |  OR: 09:30/3b
=========================================================================================================================================================================================
Date         Ticker Rank  At       Entry       +15m       +30m       +45m        +1h     +1h30m        +2h        +3h        +4h        +5h        +6h        +7h        EOD
-----------------------------------------------------------------------------------------------------------------------------------------------------------------------------------------
2016-02-01   META   #1    09:45   113.93    +0.06%W    -0.46%L    -0.55%L    +0.42%W    +0.87%W    +0.78%W    +0.91%W    +1.34%W    +1.09%W    +0.90%W    +1.01%W    +1.01%W
2016-02-01   MRVL   #2    09:45     8.59    -0.13%L    +0.80%W    +0.92%W    +0.69%W    +0.63%W    +0.74%W    +1.97%W    +2.84%W    +3.07%W    +4.53%W    +3.94%W    +3.94%W
2016-02-02   META   #1    09:45   114.68    +0.44%W    +0.75%W    +1.05%W    +1.06%W    +1.84%W    +1.94%W    +1.89%W    -0.45%L    -0.09%L    +0.12%W    -0.06%L    -0.06%L
2016-02-02   MRVL   #2    09:45     8.70    -0.34%L    +0.69%W    +1.38%W    +2.07%W    +2.53%W    +1.95%W    +0.98%W    -0.29%L    +0.57%W    +0.69%W    -0.34%L    -0.34%L
2016-02-03   META   #1    09:45   113.57    -1.04%L    -1.55%L    -2.34%L    -1.89%L    -1.45%L    -0.87%L    -2.09%L    -2.62%L    -0.65%L    -0.93%L    -0.77%L    -0.77%L
2016-02-03   MRVL   #2    09:45     8.99    -1.17%L    -1.78%L    -3.34%L    -2.67%L    -2.17%L    -1.72%L    +0.67%W    +2.72%W    +2.33%W    +2.22%W    +3.06%W    +3.06%W
2016-02-04   MRVL   #1    09:45     9.29    +0.43%W    +1.40%W    +2.05%W    +1.78%W    +0.32%W    -0.11%L    +0.00%L    -0.54%L    -0.23%L    +0.00%L    +0.00%L    +0.00%L
2016-02-04   QCOM   #2    09:45    44.58    +0.40%W    +1.85%W    +1.77%W    +2.31%W    +1.32%W    +0.90%W    +1.84%W    +1.39%W    +1.92%W    +2.40%W    +2.45%W    +2.45%W
2016-02-05   MRVL   #1    09:45     9.10    -0.44%L    -0.88%L    -1.26%L    -0.33%L    -1.21%L    -0.66%L    -0.05%L    -0.66%L    -0.99%L    -1.65%L    -1.54%L    -1.54%L
2016-02-05   QCOM   #2    09:45    45.16    +0.22%W    -0.23%L    -0.94%L    -0.73%L    -1.48%L    -1.73%L    -1.51%L    -2.31%L    -2.71%L    -2.65%L    -2.55%L    -2.55%L
2016-02-08   MRVL   #1    09:45     8.82    +0.28%W    +0.11%W    +1.13%W    +0.79%W    +0.00%L    -0.57%L    -0.11%L    -0.79%L    -0.79%L    +0.57%W    +0.23%W    +0.23%W
2016-02-08   QCOM   #2    09:45    43.09    +0.42%W    +0.72%W    +1.83%W    +1.79%W    +0.74%W    +0.70%W    +1.11%W    +1.04%W    +0.61%W    +2.30%W    +1.86%W    +1.86%W
2016-02-09   MRVL   #1    09:45     8.78    +0.85%W    +0.40%W    +0.06%W    -0.31%L    +0.17%W    +0.06%W    -0.17%L    -0.51%L    -0.51%L    -0.97%L    -0.85%L    -0.85%L
2016-02-09   QCOM   #2    09:45    43.74    +0.00%L    -0.23%L    -0.82%L    -0.78%L    -0.66%L    -0.30%L    -0.50%L    -0.32%L    -0.22%L    -0.16%L    -0.27%L    -0.27%L
2016-02-10   QCOM   #1    09:45    44.31    -0.25%L    -0.41%L    -0.14%L    -0.81%L    -1.35%L    -1.84%L    -1.31%L    -1.56%L    -2.23%L    -3.02%L    -3.07%L    -3.07%L
2016-02-10   CHTR   #2    09:45   166.22    +0.26%W    -0.19%L    +0.25%W    -0.76%L    -0.49%L    -0.75%L    -1.31%L    -1.55%L    -1.74%L    -2.54%L    -3.08%L    -3.08%L
2016-02-11   CHTR   #1    09:45   160.09    +0.22%W    +0.02%W    -0.18%L    +0.05%W    -1.12%L    -1.53%L    -0.95%L    -0.52%L    -0.45%L    -0.05%L    -0.34%L    -0.34%L
2016-02-11   SNPS   #2    09:45    40.98    +0.59%W    +0.76%W    +0.59%W    +0.83%W    +0.85%W    +0.90%W    +1.00%W    +0.96%W    +1.24%W    +1.39%W    +0.90%W    +0.90%W
2016-02-12   SNPS   #1    09:45    41.61    -0.24%L    +0.55%W    +0.50%W    +0.48%W    +1.03%W    +1.37%W    +1.06%W    +0.87%W    +0.68%W    +0.84%W    +0.75%W    +0.75%W
2016-02-12   QCOM   #2    09:45    43.12    +0.67%W    +1.15%W    +1.80%W    +1.21%W    +1.92%W    +2.50%W    +2.45%W    +2.38%W    +3.20%W    +3.50%W    +3.34%W    +3.34%W
2016-02-16   SNPS   #1    09:45    42.58    -0.47%L    +0.07%W    +0.09%W    +0.68%W    +0.12%W    +0.73%W    +0.54%W    +0.99%W    +0.73%W    +0.92%W    +0.87%W    +0.87%W
2016-02-16   QCOM   #2    09:45    45.57    +0.09%W    +0.97%W    +1.14%W    +1.37%W    +1.17%W    +1.62%W    +1.97%W    +2.37%W    +2.08%W    +2.44%W    +2.52%W    +2.52%W
2016-02-17   QCOM   #1    09:45    47.73    -0.40%L    +0.43%W    +0.59%W    +0.56%W    +0.94%W    +0.88%W    +1.17%W    +1.07%W    +1.09%W    +1.59%W    +1.40%W    +1.40%W
2016-02-17   CHTR   #2    09:45   171.11    +0.51%W    +0.64%W    +0.85%W    +1.47%W    +0.44%W    +0.35%W    +0.92%W    +0.53%W    +0.27%W    +0.65%W    +0.46%W    +0.46%W
2016-02-18   MRVL   #1    09:45     9.37    +0.43%W    +0.64%W    -0.48%L    -0.53%L    -1.12%L    -1.71%L    -1.07%L    -0.11%L    +0.21%W    -0.11%L    -0.85%L    -0.85%L
2016-02-18   SNPS   #2    09:45    45.25    +0.13%W    -1.10%L    -0.82%L    -0.66%L    -1.69%L    -1.86%L    -2.34%L    -2.32%L    -2.10%L    -2.78%L    -2.76%L    -2.76%L
2016-02-19   QCOM   #1    09:45    49.70    -1.21%L    -0.64%L    -0.97%L    -1.14%L    -1.35%L    -0.62%L    -1.01%L    -1.21%L    -1.07%L    -0.72%L    -0.56%L    -0.56%L
2016-02-19   CHTR   #2    09:45   171.02    -0.01%L    +0.62%W    +0.76%W    +0.68%W    +0.10%W    +0.97%W    +1.63%W    +1.46%W    +1.18%W    +1.68%W    +1.44%W    +1.44%W
2016-02-22   CHTR   #1    09:45   176.43    +0.09%W    +0.39%W    -0.29%L    -0.29%L    +0.03%W    -0.27%L    -0.94%L    -0.25%L    -0.28%L    +0.10%W    +0.35%W    +0.35%W
2016-02-22   MU     #2    09:45    11.33    +0.00%L    -0.57%L    -1.10%L    -1.10%L    -1.15%L    -1.28%L    -1.68%L    -1.46%L    -1.85%L    -2.87%L    -2.56%L    -2.56%L
2016-02-23   CHTR   #1    09:45   177.12    -0.08%L    -0.33%L    -0.24%L    -0.54%L    -0.60%L    -0.96%L    +0.01%W    -0.03%L    -0.46%L    -1.33%L    -1.59%L    -1.59%L
2016-02-23   MU     #2    09:45    11.01    -0.27%L    -2.72%L    -1.91%L    -2.77%L    -3.09%L    -3.27%L    -4.63%L    -4.63%L    -4.72%L    -4.86%L    -4.81%L    -4.81%L
2016-02-24   CHTR   #1    09:45   172.00    -0.07%L    +0.09%W    -0.08%L    -0.22%L    -1.09%L    -0.42%L    +0.52%W    +0.38%W    +1.43%W    +1.85%W    +2.21%W    +2.21%W
2016-02-24   MU     #2    09:45    10.21    -0.83%L    -1.08%L    -0.64%L    +0.24%W    +0.49%W    +1.22%W    +2.79%W    +2.15%W    +3.48%W    +3.97%W    +4.21%W    +4.21%W
2016-02-25   CHTR   #1    09:45   178.91    +0.29%W    +0.60%W    +0.51%W    +0.35%W    +0.29%W    +0.55%W    +0.77%W    +1.17%W    +1.41%W    +1.72%W    +2.36%W    +2.36%W
2016-02-25   MU     #2    09:45    10.35    -1.06%L    -0.29%L    -0.19%L    -0.05%L    -1.06%L    -0.05%L    +0.53%W    +1.74%W    +1.88%W    +2.51%W    +3.57%W    +3.57%W
2016-02-26   CHTR   #1    09:45   183.37    -0.26%L    -1.39%L    -1.24%L    -0.96%L    -0.45%L    -0.35%L    -0.38%L    -0.87%L    -0.56%L    -1.04%L    -1.20%L    -1.20%L
2016-02-26   MU     #2    09:45    10.67    -0.28%L    +0.09%W    +0.94%W    +1.97%W    +2.25%W    +1.92%W    +2.32%W    +1.70%W    +1.03%W    +0.42%W    +0.28%W    +0.28%W
2016-02-29   MU     #1    09:45    10.75    -1.02%L    -1.95%L    -1.95%L    -1.81%L    -1.30%L    -1.02%L    -0.37%L    -0.65%L    -0.74%L    -0.56%L    -1.16%L    -1.16%L
2016-02-29   CHTR   #2    09:45   182.66    -0.47%L    -0.62%L    -0.82%L    -0.82%L    -0.47%L    +0.30%W    +0.93%W    +0.26%W    -0.73%L    -1.50%L    -1.69%L    -1.69%L

========================================================================================
Pre-session picks summary — 40 pick(s) across 20 trading day(s)

Top-2 picks (all days)  (40 signal(s))
  Hold      Count   Win Rate   Avg Gain    Avg Win   Avg Loss  Exp Value  Total P&L
  ------------------------------------------------------------------------------------
  +15m         40      45.0%      -0.09%      +0.36%      -0.46%      -0.09%      -3.65%
  +30m         40      55.0%      -0.07%      +0.62%      -0.91%      -0.07%      -2.71%
  +45m         40      47.5%      -0.05%      +0.96%      -0.97%      -0.05%      -2.09%
  +1h          40      50.0%      +0.04%      +1.04%      -0.96%      +0.04%      +1.61%
  +1h30m       40      50.0%      -0.13%      +0.90%      -1.17%      -0.13%      -5.23%
  +2h          40      47.5%      -0.04%      +1.07%      -1.04%      -0.04%      -1.50%
  +3h          40      55.0%      +0.19%      +1.27%      -1.13%      +0.19%      +7.55%
  +4h          40      47.5%      +0.09%      +1.44%      -1.13%      +0.09%      +3.69%
  +5h          40      50.0%      +0.16%      +1.48%      -1.16%      +0.16%      +6.40%
  +6h          40      55.0%      +0.24%      +1.69%      -1.54%      +0.24%      +9.55%
  +7h          40      50.0%      +0.18%      +1.86%      -1.50%      +0.18%      +7.15%
  EOD          40      50.0%      +0.18%      +1.86%      -1.50%      +0.18%      +7.15%

=========================================================================================================================================================================================
Signal Analysis — 2016-02-01 to 2016-02-29  |  BULL only  |  Vol ≥ 1.0x 20dAvg
Windows: 09:30/3b  |  Collection: 3 bars  |  Tickers: 10
=========================================================================================================================================================================================
Date         Ticker Window   At       Entry  Vol/20d       +15m       +30m       +45m        +1h     +1h30m        +2h        +3h        +4h        +5h        +6h        +7h        EOD
-----------------------------------------------------------------------------------------------------------------------------------------------------------------------------------------
2016-02-01   META   09:30/3b 09:40   113.85    1.43x    +0.52%W    -0.04%L    -0.35%L    +0.37%W    +0.92%W    +0.97%W    +0.83%W    +1.29%W    +1.55%W    +1.18%W    +1.08%W    +1.08%W
2016-02-01   CHTR   09:30/3b 09:50   169.37    1.16x    -0.09%L    +0.16%W    +0.61%W    +1.38%W    +1.47%W    +1.92%W    +1.89%W    +2.76%W    +3.47%W    +3.76%W    +3.77%W    +3.77%W
2016-02-02   META   09:30/3b 09:45   114.68    1.04x    +0.44%W    +0.75%W    +1.05%W    +1.06%W    +1.84%W    +1.94%W    +1.89%W    -0.45%L    -0.09%L    +0.12%W    -0.06%L    -0.06%L
2016-02-03   QCOM   09:30/3b 09:40    44.56    1.34x    -1.01%L    -1.78%L    -2.47%L    -2.40%L    -1.65%L    -1.71%L    -2.09%L    -1.66%L    +0.27%W    +0.48%W    +0.38%W    +0.38%W
2016-02-03   CHTR   09:30/3b 09:45   174.72    1.02x    -0.38%L    -0.42%L    -0.70%L    -1.56%L    -0.82%L    -0.16%L    -0.19%L    -0.58%L    +0.41%W    +0.86%W    +0.99%W    +0.99%W
2016-02-04   SNPS   09:30/3b 09:45    43.09    1.66x    -0.51%L    -0.05%L    -0.21%L    -0.21%L    -0.81%L    -0.95%L    -0.53%L    -0.93%L    -1.16%L    -0.65%L    -0.56%L    -0.56%L
2016-02-04   CHTR   09:30/3b 09:40   177.00    2.54x    +0.14%W    -0.08%L    -1.12%L    -2.73%L    -3.24%L    -3.84%L    -4.06%L    -2.75%L    -3.79%L    -3.63%L    -3.67%L    -3.67%L
2016-02-04   AVGO   09:30/3b 09:45   133.29    1.71x    +0.34%W    +2.04%W    +2.45%W    +2.19%W    +0.40%W    +0.18%W    +2.00%W    +1.34%W    +2.15%W    +1.72%W    +2.12%W    +2.12%W
2016-02-05   LLY    09:30/3b 09:40    73.97    2.26x    +1.10%W    +1.93%W    +1.92%W    +1.60%W    +1.23%W    +0.74%W    +1.57%W    +1.30%W    +0.74%W    +0.46%W    +0.47%W    +0.47%W
2016-02-05   CHTR   09:30/3b 09:40   167.87    2.77x    -0.15%L    -0.70%L    -1.39%L    -1.28%L    -0.91%L    -1.39%L    -2.25%L    -1.69%L    -1.75%L    -0.18%L    +0.40%W    +0.40%W
2016-02-09   META   09:30/3b 09:40   100.01    1.89x    +0.98%W    +1.71%W    +1.62%W    +1.01%W    +1.04%W    +1.14%W    -0.42%L    -1.55%L    +0.48%W    -0.32%L    -0.47%L    -0.47%L
2016-02-09   TSLA   09:30/3b 09:40   152.98    3.31x    +2.95%W    +0.69%W    +1.78%W    +0.39%W    -0.86%L    -0.75%L    -2.34%L    -4.23%L    -1.90%L    -2.65%L    -3.19%L    -3.19%L
2016-02-09   SNPS   09:30/3b 09:40    41.26    1.31x    -0.15%L    +0.19%W    -0.22%L    -0.92%L    -0.87%L    -0.87%L    -1.26%L    -1.45%L    -0.34%L    -0.61%L    -0.73%L    -0.73%L
2016-02-09   AVGO   09:30/3b 09:40   121.50    1.30x    +2.05%W    +2.27%W    +2.43%W    +0.95%W    +0.53%W    +0.15%W    -0.78%L    -1.82%L    +0.02%W    -1.44%L    -1.47%L    -1.47%L
2016-02-10   TSLA   09:30/3b 09:40   148.51    1.54x    +2.37%W    +1.67%W    +3.59%W    +1.21%W    +0.16%W    -1.20%L    -0.23%L    +0.07%W    -0.96%L    -3.79%L    -3.29%L    -3.29%L
2016-02-10   LLY    09:30/3b 09:50    74.27    1.01x    +0.18%W    +0.35%W    +0.47%W    +0.38%W    +0.28%W    +0.12%W    +0.51%W    -0.19%L    -0.85%L    -1.62%L    -1.64%L    -1.64%L
2016-02-11   TSLA   09:30/3b 09:40   155.90    3.35x    +2.27%W    +3.86%W    +1.82%W    +0.24%W    -2.15%L    -0.99%L    -2.07%L    -1.36%L    -2.42%L    -2.27%L    -3.35%L    -3.35%L
2016-02-17   AMD    09:30/3b 09:40     1.88    1.02x    +0.00%L    +0.80%W    +2.39%W    +3.19%W    +1.33%W    +1.60%W    +1.86%W    +2.13%W    +2.13%W    +0.27%W    +0.00%L    +0.00%L
2016-02-17   CHTR   09:30/3b 09:40   170.99    1.71x    +0.48%W    +0.75%W    +1.32%W    +1.50%W    +0.91%W    +0.12%W    +0.92%W    +0.95%W    +0.59%W    +0.57%W    +0.53%W    +0.53%W
2016-02-18   MU     09:30/3b 09:45    11.63    1.08x    +0.43%W    -0.56%L    -0.52%L    -0.47%L    -1.98%L    -2.02%L    -1.38%L    -1.46%L    -0.64%L    -1.42%L    -1.29%L    -1.29%L
2016-02-18   AMD    09:30/3b 09:40     1.94    2.26x    +1.03%W    +0.29%W    +1.80%W    +1.29%W    -1.29%L    -1.36%L    -0.52%L    -1.03%L    -1.55%L    -1.80%L    -1.80%L    -1.80%L
2016-02-19   QCOM   09:30/3b 09:40    49.59    1.51x    -0.11%L    -1.07%L    -0.68%L    -1.05%L    -1.31%L    -0.24%L    -0.91%L    -1.10%L    -0.87%L    -0.58%L    -0.34%L    -0.34%L
2016-02-23   MRVL   09:30/3b 09:40     9.32    1.50x    +0.38%W    -0.11%L    -0.32%L    -0.75%L    -0.59%L    -0.70%L    +0.11%W    -0.54%L    +0.38%W    -0.43%L    -0.70%L    -0.70%L
2016-02-23   TSLA   09:30/3b 09:40   176.93    1.28x    +2.50%W    -0.08%L    +0.56%W    +0.52%W    -0.55%L    +0.79%W    +1.47%W    +0.88%W    +1.22%W    +0.89%W    +0.16%W    +0.16%W
2016-02-23   AMD    09:30/3b 09:40     2.03    1.28x    +1.48%W    -0.49%L    +0.25%W    +0.25%W    -0.99%L    -0.74%L    -0.25%L    -0.74%L    -0.99%L    -0.99%L    -2.96%L    -2.96%L
2016-02-26   MRVL   09:30/3b 09:40     9.58    1.21x    -0.10%L    -1.04%L    -1.15%L    -0.94%L    +0.47%W    +0.26%W    +0.10%W    -0.63%L    -0.78%L    +0.00%L    -0.42%L    -0.42%L

========================================================================================
Summary — 26 qualifying signal(s) across 20 trading day(s)

Window 09:30/3b  (26 signal(s))
  Hold      Count   Win Rate   Avg Gain    Avg Win   Avg Loss  Exp Value  Total P&L
  ------------------------------------------------------------------------------------
  +15m         26      65.4%      +0.66%      +1.15%      -0.28%      +0.66%     +17.12%
  +30m         26      53.8%      +0.42%      +1.25%      -0.54%      +0.42%     +11.03%
  +45m         26      57.7%      +0.57%      +1.60%      -0.83%      +0.57%     +14.94%
  +1h          26      61.5%      +0.20%      +1.10%      -1.23%      +0.20%      +5.21%
  +1h30m       26      46.2%      -0.29%      +0.88%      -1.29%      -0.29%      -7.43%
  +2h          26      46.2%      -0.27%      +0.83%      -1.21%      -0.27%      -6.98%
  +3h          26      42.3%      -0.24%      +1.20%      -1.28%      -0.24%      -6.12%
  +4h          26      30.8%      -0.52%      +1.34%      -1.34%      -0.52%     -13.44%
  +5h          26      46.2%      -0.18%      +1.12%      -1.29%      -0.18%      -4.68%
  +6h          26      38.5%      -0.46%      +1.03%      -1.40%      -0.46%     -12.08%
  +7h          26      34.6%      -0.62%      +1.10%      -1.53%      -0.62%     -16.02%
  EOD          26      34.6%      -0.62%      +1.10%      -1.53%      -0.62%     -16.02%
