Fetching 5-min bars (2016-05-17 → 2016-07-29) [alpaca]...
  [cache] loaded 10 tickers from cache
Fetching daily bars (2015-07-02 → 2016-07-29)...

=========================================================================================================================================================================================
Pre-Session Rankings (9:25) — 2016-07-01 to 2016-07-29  |  20d lookback
(Unconditional hold from OR close — no signal or vol filter)
=========================================================================================================================================================================================
Pre-session top-2 (9:25, 20d EOD win rate) — 2016-07-01  OR: 09:30/3b
  #1 MRVL   +15m 50%W +0.1%  +30m 55%W +0.1%  +1h 45%W -0.1%  +2h 50%W +0.0%  +5h 65%W +0.4%  EOD 65%W +0.6%  EOD range -4.9% → +2.8%
  #2 LLY    +15m 50%W -0.0%  +30m 30%W -0.0%  +1h 40%W -0.0%  +2h 45%W -0.0%  +5h 60%W +0.3%  EOD 55%W +0.1%  EOD range -1.5% → +1.9%
  Ticker   N          +15m          +30m           +1h           +2h           +5h           EOD           EOD range
  ----------------------------------------------------------------------------------------------------------------------
  MRVL    20    50%W +0.1%    55%W +0.1%    45%W -0.1%    50%W +0.0%    65%W +0.4%    65%W +0.6%       -4.9% → +2.8%
  LLY     20    50%W -0.0%    30%W -0.0%    40%W -0.0%    45%W -0.0%    60%W +0.3%    55%W +0.1%       -1.5% → +1.9%
  CHTR    20    60%W +0.0%    45%W -0.0%    55%W +0.0%    60%W +0.2%    60%W +0.1%    50%W +0.0%       -2.8% → +2.6%
  AMD     20    50%W -0.0%    60%W +0.3%    60%W +0.4%    50%W +0.0%    55%W +0.3%    50%W +0.4%      -6.2% → +10.9%
  QCOM    20    50%W -0.0%    45%W -0.0%    40%W -0.2%    45%W -0.2%    40%W -0.1%    45%W -0.1%       -2.9% → +1.5%
  TSLA    20    55%W +0.2%    50%W -0.0%    55%W +0.1%    40%W -0.1%    55%W +0.2%    45%W -0.1%       -3.6% → +4.8%
  META    20    55%W +0.1%    60%W +0.2%    45%W -0.0%    50%W -0.1%    50%W -0.0%    40%W -0.2%       -1.2% → +1.3%
  SNPS    20    55%W +0.0%    50%W +0.0%    40%W -0.1%    45%W -0.0%    50%W +0.0%    40%W -0.1%       -0.9% → +1.0%
  MU      20    50%W -0.0%    55%W +0.2%    50%W +0.1%    45%W -0.3%    50%W -0.0%    40%W -0.6%       -4.9% → +3.2%
  AVGO    20    45%W -0.0%    60%W +0.1%    35%W -0.1%    40%W -0.2%    35%W -0.2%    40%W -0.4%       -3.4% → +2.4%
Pre-session top-2 (9:25, 20d EOD win rate) — 2016-07-05  OR: 09:30/3b
  #1 MRVL   +15m 50%W +0.1%  +30m 55%W +0.1%  +1h 45%W -0.1%  +2h 50%W +0.0%  +5h 65%W +0.4%  EOD 65%W +0.6%  EOD range -4.9% → +2.8%
  #2 LLY    +15m 50%W -0.0%  +30m 35%W -0.0%  +1h 45%W -0.0%  +2h 50%W +0.0%  +5h 60%W +0.3%  EOD 55%W +0.2%  EOD range -1.5% → +1.9%
  Ticker   N          +15m          +30m           +1h           +2h           +5h           EOD           EOD range
  ----------------------------------------------------------------------------------------------------------------------
  MRVL    20    50%W +0.1%    55%W +0.1%    45%W -0.1%    50%W +0.0%    65%W +0.4%    65%W +0.6%       -4.9% → +2.8%
  LLY     20    50%W -0.0%    35%W -0.0%    45%W -0.0%    50%W +0.0%    60%W +0.3%    55%W +0.2%       -1.5% → +1.9%
  CHTR    20    65%W +0.1%    45%W -0.0%    50%W -0.0%    55%W +0.1%    60%W +0.1%    55%W +0.2%       -2.8% → +2.6%
  AMD     20    50%W -0.0%    60%W +0.3%    60%W +0.4%    55%W +0.2%    55%W +0.3%    55%W +0.6%      -6.2% → +10.9%
  TSLA    20    55%W +0.1%    55%W +0.1%    60%W +0.3%    45%W -0.0%    60%W +0.5%    50%W +0.1%       -3.6% → +4.8%
  META    20    55%W +0.1%    65%W +0.2%    50%W -0.0%    50%W -0.1%    50%W -0.0%    40%W -0.2%       -1.2% → +1.3%
  SNPS    20    60%W +0.0%    55%W +0.0%    40%W -0.1%    45%W -0.0%    50%W +0.0%    40%W -0.1%       -1.0% → +1.0%
  MU      20    50%W -0.0%    55%W +0.2%    50%W +0.1%    50%W -0.2%    45%W -0.2%    40%W -0.6%       -4.9% → +3.2%
  QCOM    20    50%W -0.0%    45%W -0.0%    40%W -0.2%    45%W -0.2%    40%W -0.1%    40%W -0.1%       -2.9% → +1.5%
  AVGO    20    45%W -0.0%    60%W +0.1%    35%W -0.1%    40%W -0.2%    35%W -0.2%    40%W -0.4%       -3.4% → +2.4%
Pre-session top-2 (9:25, 20d EOD win rate) — 2016-07-06  OR: 09:30/3b
  #1 MRVL   +15m 50%W +0.1%  +30m 55%W +0.1%  +1h 45%W -0.1%  +2h 50%W +0.0%  +5h 65%W +0.4%  EOD 65%W +0.6%  EOD range -4.9% → +2.8%
  #2 CHTR   +15m 65%W +0.0%  +30m 45%W -0.0%  +1h 55%W +0.0%  +2h 60%W +0.2%  +5h 60%W +0.1%  EOD 60%W +0.2%  EOD range -2.8% → +2.6%
  Ticker   N          +15m          +30m           +1h           +2h           +5h           EOD           EOD range
  ----------------------------------------------------------------------------------------------------------------------
  MRVL    20    50%W +0.1%    55%W +0.1%    45%W -0.1%    50%W +0.0%    65%W +0.4%    65%W +0.6%       -4.9% → +2.8%
  CHTR    20    65%W +0.0%    45%W -0.0%    55%W +0.0%    60%W +0.2%    60%W +0.1%    60%W +0.2%       -2.8% → +2.6%
  LLY     20    45%W -0.1%    30%W -0.0%    40%W -0.0%    50%W +0.0%    60%W +0.3%    55%W +0.2%       -1.5% → +1.9%
  AMD     20    45%W -0.1%    55%W +0.2%    60%W +0.4%    55%W +0.1%    55%W +0.3%    55%W +0.6%      -6.2% → +10.9%
  TSLA    20    55%W +0.0%    50%W +0.0%    55%W +0.1%    40%W -0.1%    60%W +0.5%    50%W +0.1%       -3.6% → +4.8%
  SNPS    20    60%W +0.0%    55%W +0.0%    40%W -0.1%    50%W -0.0%    50%W +0.0%    45%W -0.0%       -1.0% → +1.0%
  META    20    50%W +0.0%    60%W +0.1%    45%W -0.0%    45%W -0.2%    45%W -0.1%    40%W -0.2%       -1.2% → +1.3%
  MU      20    45%W -0.2%    50%W +0.1%    45%W -0.0%    45%W -0.5%    45%W -0.4%    40%W -0.6%       -4.9% → +3.2%
  QCOM    20    55%W +0.0%    45%W -0.0%    45%W -0.1%    45%W -0.2%    40%W -0.1%    40%W -0.1%       -2.9% → +1.5%
  AVGO    20    45%W -0.0%    65%W +0.1%    40%W -0.1%    45%W -0.1%    40%W -0.1%    40%W -0.4%       -3.4% → +2.4%
Pre-session top-2 (9:25, 20d EOD win rate) — 2016-07-07  OR: 09:30/3b
  #1 MRVL   +15m 50%W +0.1%  +30m 60%W +0.3%  +1h 50%W +0.1%  +2h 55%W +0.1%  +5h 65%W +0.4%  EOD 65%W +0.7%  EOD range -4.9% → +3.3%
  #2 CHTR   +15m 65%W +0.0%  +30m 45%W -0.0%  +1h 55%W +0.0%  +2h 60%W +0.3%  +5h 60%W +0.2%  EOD 65%W +0.2%  EOD range -2.8% → +2.6%
  Ticker   N          +15m          +30m           +1h           +2h           +5h           EOD           EOD range
  ----------------------------------------------------------------------------------------------------------------------
  MRVL    20    50%W +0.1%    60%W +0.3%    50%W +0.1%    55%W +0.1%    65%W +0.4%    65%W +0.7%       -4.9% → +3.3%
  CHTR    20    65%W +0.0%    45%W -0.0%    55%W +0.0%    60%W +0.3%    60%W +0.2%    65%W +0.2%       -2.8% → +2.6%
  LLY     20    45%W -0.1%    35%W -0.0%    35%W -0.0%    50%W +0.0%    65%W +0.3%    60%W +0.3%       -1.5% → +1.9%
  AMD     20    50%W -0.0%    60%W +0.3%    65%W +0.5%    60%W +0.2%    60%W +0.6%    60%W +1.1%      -6.2% → +10.9%
  SNPS    20    60%W +0.0%    55%W +0.0%    40%W -0.1%    50%W -0.0%    55%W +0.1%    50%W +0.0%       -1.0% → +1.0%
  TSLA    20    55%W +0.0%    50%W +0.0%    55%W +0.1%    40%W -0.1%    60%W +0.5%    50%W +0.1%       -3.6% → +4.8%
  META    20    55%W +0.1%    65%W +0.2%    50%W -0.0%    50%W -0.1%    50%W -0.0%    45%W -0.1%       -1.2% → +3.1%
  QCOM    20    60%W +0.1%    50%W +0.0%    50%W -0.0%    50%W -0.0%    45%W -0.1%    45%W -0.1%       -2.9% → +2.2%
  MU      20    45%W -0.2%    50%W +0.1%    45%W -0.0%    45%W -0.5%    45%W -0.4%    40%W -0.6%       -4.9% → +3.2%
  AVGO    20    45%W -0.0%    65%W +0.1%    40%W -0.1%    45%W -0.1%    40%W -0.1%    40%W -0.4%       -3.4% → +2.4%
Pre-session top-2 (9:25, 20d EOD win rate) — 2016-07-08  OR: 09:30/3b
  #1 MRVL   +15m 50%W +0.1%  +30m 60%W +0.2%  +1h 50%W +0.1%  +2h 55%W +0.1%  +5h 65%W +0.4%  EOD 65%W +0.7%  EOD range -4.9% → +3.3%
  #2 CHTR   +15m 65%W +0.0%  +30m 50%W +0.0%  +1h 60%W +0.0%  +2h 55%W +0.2%  +5h 60%W +0.1%  EOD 65%W +0.2%  EOD range -2.8% → +2.6%
  Ticker   N          +15m          +30m           +1h           +2h           +5h           EOD           EOD range
  ----------------------------------------------------------------------------------------------------------------------
  MRVL    20    50%W +0.1%    60%W +0.2%    50%W +0.1%    55%W +0.1%    65%W +0.4%    65%W +0.7%       -4.9% → +3.3%
  CHTR    20    65%W +0.0%    50%W +0.0%    60%W +0.0%    55%W +0.2%    60%W +0.1%    65%W +0.2%       -2.8% → +2.6%
  LLY     20    45%W -0.1%    35%W -0.0%    35%W -0.1%    50%W -0.0%    60%W +0.3%    55%W +0.3%       -1.5% → +1.9%
  TSLA    20    55%W +0.0%    50%W +0.0%    55%W +0.1%    45%W -0.0%    65%W +0.5%    55%W +0.3%       -3.6% → +4.8%
  AMD     20    50%W -0.0%    55%W +0.2%    60%W +0.4%    55%W +0.1%    55%W +0.3%    55%W +0.6%      -6.2% → +10.9%
  SNPS    20    60%W +0.0%    60%W +0.1%    45%W -0.0%    50%W -0.0%    55%W +0.1%    50%W +0.0%       -1.0% → +1.0%
  QCOM    20    60%W +0.1%    50%W +0.0%    55%W +0.1%    50%W -0.0%    40%W -0.2%    45%W -0.1%       -2.9% → +2.2%
  META    20    55%W +0.1%    65%W +0.2%    50%W -0.0%    45%W -0.2%    45%W -0.1%    40%W -0.2%       -1.2% → +3.1%
  MU      20    45%W -0.2%    50%W +0.1%    45%W -0.0%    50%W -0.2%    45%W -0.4%    40%W -0.6%       -4.9% → +3.2%
  AVGO    20    50%W +0.0%    70%W +0.1%    45%W -0.1%    45%W -0.1%    40%W -0.2%    40%W -0.4%       -3.4% → +2.4%
Pre-session top-2 (9:25, 20d EOD win rate) — 2016-07-11  OR: 09:30/3b
  #1 MRVL   +15m 50%W +0.1%  +30m 60%W +0.2%  +1h 45%W -0.1%  +2h 55%W +0.1%  +5h 65%W +0.3%  EOD 65%W +0.7%  EOD range -4.9% → +3.3%
  #2 LLY    +15m 40%W -0.2%  +30m 40%W -0.0%  +1h 40%W -0.1%  +2h 55%W +0.1%  +5h 65%W +0.3%  EOD 60%W +0.5%  EOD range -1.5% → +1.9%
  Ticker   N          +15m          +30m           +1h           +2h           +5h           EOD           EOD range
  ----------------------------------------------------------------------------------------------------------------------
  MRVL    20    50%W +0.1%    60%W +0.2%    45%W -0.1%    55%W +0.1%    65%W +0.3%    65%W +0.7%       -4.9% → +3.3%
  LLY     20    40%W -0.2%    40%W -0.0%    40%W -0.1%    55%W +0.1%    65%W +0.3%    60%W +0.5%       -1.5% → +1.9%
  CHTR    20    60%W +0.0%    45%W -0.0%    55%W +0.0%    50%W +0.1%    55%W +0.1%    60%W +0.2%       -2.8% → +2.6%
  SNPS    20    60%W +0.0%    60%W +0.1%    45%W -0.0%    50%W -0.0%    55%W +0.2%    55%W +0.1%       -1.0% → +1.0%
  TSLA    20    50%W -0.0%    45%W -0.0%    50%W +0.0%    40%W -0.1%    60%W +0.3%    55%W +0.3%       -3.6% → +4.8%
  AMD     20    50%W -0.0%    55%W +0.3%    60%W +0.6%    55%W +0.1%    55%W +0.3%    55%W +0.6%      -6.2% → +10.9%
  QCOM    20    60%W +0.1%    50%W +0.0%    55%W +0.1%    50%W -0.0%    40%W -0.2%    45%W -0.1%       -2.9% → +2.2%
  META    20    55%W +0.1%    65%W +0.2%    50%W -0.0%    45%W -0.2%    45%W -0.1%    40%W -0.2%       -1.2% → +3.1%
  MU      20    45%W -0.2%    45%W -0.1%    40%W -0.0%    50%W -0.2%    45%W -0.4%    40%W -0.6%       -4.9% → +3.2%
  AVGO    20    50%W +0.0%    70%W +0.1%    40%W -0.1%    45%W -0.1%    40%W -0.2%    40%W -0.4%       -3.4% → +2.4%
Pre-session top-2 (9:25, 20d EOD win rate) — 2016-07-12  OR: 09:30/3b
  #1 SNPS   +15m 55%W +0.0%  +30m 60%W +0.1%  +1h 40%W -0.1%  +2h 50%W -0.0%  +5h 60%W +0.2%  EOD 60%W +0.2%  EOD range -1.0% → +1.0%
  #2 LLY    +15m 40%W -0.2%  +30m 45%W -0.0%  +1h 45%W -0.1%  +2h 55%W +0.1%  +5h 65%W +0.3%  EOD 60%W +0.3%  EOD range -1.5% → +1.9%
  Ticker   N          +15m          +30m           +1h           +2h           +5h           EOD           EOD range
  ----------------------------------------------------------------------------------------------------------------------
  SNPS    20    55%W +0.0%    60%W +0.1%    40%W -0.1%    50%W -0.0%    60%W +0.2%    60%W +0.2%       -1.0% → +1.0%
  LLY     20    40%W -0.2%    45%W -0.0%    45%W -0.1%    55%W +0.1%    65%W +0.3%    60%W +0.3%       -1.5% → +1.9%
  MRVL    20    55%W +0.2%    60%W +0.2%    40%W -0.1%    50%W +0.0%    65%W +0.3%    60%W +0.6%       -4.9% → +3.3%
  CHTR    20    60%W +0.0%    45%W -0.0%    55%W +0.0%    50%W +0.1%    55%W +0.1%    60%W +0.2%       -2.8% → +2.6%
  TSLA    20    50%W -0.0%    50%W +0.0%    55%W +0.1%    45%W -0.0%    65%W +0.5%    60%W +0.4%       -3.6% → +4.8%
  AMD     20    50%W -0.0%    60%W +0.3%    60%W +0.6%    55%W +0.2%    55%W +0.3%    55%W +0.6%      -6.2% → +10.9%
  QCOM    20    55%W +0.0%    45%W -0.0%    50%W -0.1%    45%W -0.2%    40%W -0.2%    45%W -0.1%       -2.9% → +2.2%
  META    20    55%W +0.1%    65%W +0.2%    50%W -0.0%    45%W -0.1%    45%W -0.1%    40%W -0.2%       -1.1% → +3.1%
  MU      20    40%W -0.3%    45%W -0.1%    40%W -0.3%    50%W -0.2%    45%W -0.4%    40%W -0.6%       -4.9% → +3.2%
  AVGO    20    45%W -0.0%    65%W +0.1%    35%W -0.1%    40%W -0.2%    40%W -0.2%    40%W -0.4%       -3.4% → +2.4%
Pre-session top-2 (9:25, 20d EOD win rate) — 2016-07-13  OR: 09:30/3b
  #1 SNPS   +15m 60%W +0.0%  +30m 65%W +0.1%  +1h 40%W -0.1%  +2h 55%W +0.1%  +5h 65%W +0.2%  EOD 65%W +0.2%  EOD range -1.0% → +1.0%
  #2 LLY    +15m 40%W -0.1%  +30m 45%W -0.0%  +1h 50%W +0.0%  +2h 60%W +0.1%  +5h 70%W +0.3%  EOD 65%W +0.3%  EOD range -1.5% → +1.9%
  Ticker   N          +15m          +30m           +1h           +2h           +5h           EOD           EOD range
  ----------------------------------------------------------------------------------------------------------------------
  SNPS    20    60%W +0.0%    65%W +0.1%    40%W -0.1%    55%W +0.1%    65%W +0.2%    65%W +0.2%       -1.0% → +1.0%
  LLY     20    40%W -0.1%    45%W -0.0%    50%W +0.0%    60%W +0.1%    70%W +0.3%    65%W +0.3%       -1.5% → +1.9%
  MRVL    20    55%W +0.2%    55%W +0.1%    40%W -0.2%    50%W +0.0%    65%W +0.3%    60%W +0.6%       -4.9% → +3.3%
  CHTR    20    65%W +0.1%    45%W -0.0%    55%W +0.0%    45%W -0.0%    50%W +0.0%    60%W +0.2%       -2.8% → +2.6%
  TSLA    20    45%W -0.1%    45%W -0.0%    50%W +0.0%    45%W -0.0%    65%W +0.5%    60%W +0.4%       -3.6% → +4.8%
  AMD     20    45%W -0.1%    55%W +0.2%    55%W +0.3%    55%W +0.2%    60%W +0.8%    60%W +0.8%      -6.2% → +10.9%
  QCOM    20    50%W -0.1%    45%W -0.0%    50%W -0.1%    45%W -0.2%    45%W -0.1%    45%W -0.1%       -2.9% → +2.2%
  META    20    50%W +0.0%    60%W +0.1%    45%W -0.0%    45%W -0.1%    40%W -0.2%    40%W -0.2%       -1.1% → +3.1%
  MU      20    35%W -0.4%    40%W -0.1%    35%W -0.6%    45%W -0.5%    40%W -0.7%    40%W -0.8%       -4.9% → +3.2%
  AVGO    20    40%W -0.0%    65%W +0.1%    35%W -0.2%    40%W -0.2%    40%W -0.2%    40%W -0.4%       -3.4% → +2.4%
Pre-session top-2 (9:25, 20d EOD win rate) — 2016-07-14  OR: 09:30/3b
  #1 SNPS   +15m 60%W +0.0%  +30m 65%W +0.1%  +1h 45%W -0.0%  +2h 55%W +0.1%  +5h 70%W +0.2%  EOD 65%W +0.2%  EOD range -1.0% → +1.0%
  #2 LLY    +15m 35%W -0.2%  +30m 40%W -0.1%  +1h 45%W -0.1%  +2h 55%W +0.0%  +5h 65%W +0.3%  EOD 60%W +0.2%  EOD range -1.5% → +1.9%
  Ticker   N          +15m          +30m           +1h           +2h           +5h           EOD           EOD range
  ----------------------------------------------------------------------------------------------------------------------
  SNPS    20    60%W +0.0%    65%W +0.1%    45%W -0.0%    55%W +0.1%    70%W +0.2%    65%W +0.2%       -1.0% → +1.0%
  LLY     20    35%W -0.2%    40%W -0.1%    45%W -0.1%    55%W +0.0%    65%W +0.3%    60%W +0.2%       -1.5% → +1.9%
  CHTR    20    70%W +0.1%    45%W -0.0%    60%W +0.0%    45%W -0.0%    50%W +0.0%    60%W +0.2%       -2.8% → +2.6%
  TSLA    20    45%W -0.1%    45%W -0.0%    55%W +0.1%    45%W -0.0%    65%W +0.5%    60%W +0.4%       -3.6% → +4.8%
  AMD     20    45%W -0.1%    60%W +0.4%    60%W +0.5%    55%W +0.2%    65%W +0.8%    60%W +0.8%      -6.2% → +10.9%
  MRVL    20    50%W +0.1%    55%W +0.1%    40%W -0.2%    45%W -0.0%    60%W +0.3%    55%W +0.2%       -4.9% → +3.3%
  MU      20    40%W -0.3%    45%W -0.1%    40%W -0.3%    50%W -0.2%    45%W -0.4%    45%W -0.5%       -4.9% → +3.2%
  QCOM    20    45%W -0.1%    50%W +0.0%    55%W +0.1%    45%W -0.2%    50%W -0.0%    45%W -0.0%       -2.9% → +2.2%
  AVGO    20    45%W -0.0%    70%W +0.2%    40%W -0.1%    45%W -0.1%    40%W -0.1%    40%W -0.4%       -3.4% → +2.4%
  META    20    50%W +0.0%    55%W +0.1%    45%W -0.0%    45%W -0.1%    40%W -0.2%    35%W -0.3%       -1.1% → +3.1%
Pre-session top-2 (9:25, 20d EOD win rate) — 2016-07-15  OR: 09:30/3b
  #1 SNPS   +15m 60%W +0.0%  +30m 60%W +0.1%  +1h 40%W -0.0%  +2h 50%W +0.0%  +5h 65%W +0.2%  EOD 65%W +0.2%  EOD range -1.0% → +1.0%
  #2 LLY    +15m 35%W -0.1%  +30m 45%W -0.0%  +1h 50%W +0.0%  +2h 60%W +0.1%  +5h 70%W +0.3%  EOD 65%W +0.3%  EOD range -1.5% → +1.9%
  Ticker   N          +15m          +30m           +1h           +2h           +5h           EOD           EOD range
  ----------------------------------------------------------------------------------------------------------------------
  SNPS    20    60%W +0.0%    60%W +0.1%    40%W -0.0%    50%W +0.0%    65%W +0.2%    65%W +0.2%       -1.0% → +1.0%
  LLY     20    35%W -0.1%    45%W -0.0%    50%W +0.0%    60%W +0.1%    70%W +0.3%    65%W +0.3%       -1.5% → +1.9%
  CHTR    20    65%W +0.1%    50%W +0.0%    65%W +0.1%    50%W +0.0%    55%W +0.1%    65%W +0.2%       -2.8% → +2.6%
  AMD     20    45%W -0.1%    60%W +0.3%    60%W +0.5%    55%W +0.2%    65%W +0.8%    60%W +0.8%      -6.2% → +10.9%
  MRVL    20    50%W +0.1%    55%W +0.0%    40%W -0.2%    45%W -0.0%    60%W +0.3%    55%W +0.2%       -4.9% → +3.3%
  TSLA    20    40%W -0.1%    40%W -0.1%    50%W +0.0%    40%W -0.0%    60%W +0.3%    55%W +0.3%       -3.6% → +4.8%
  MU      20    45%W -0.2%    45%W -0.1%    40%W -0.3%    50%W -0.2%    45%W -0.3%    45%W -0.5%       -4.9% → +3.2%
  QCOM    20    50%W +0.0%    55%W +0.0%    55%W +0.1%    45%W -0.2%    50%W -0.0%    45%W -0.0%       -2.9% → +2.2%
  AVGO    20    50%W +0.0%    70%W +0.2%    40%W -0.1%    50%W +0.0%    45%W -0.1%    45%W -0.3%       -3.4% → +2.4%
  META    20    55%W +0.1%    60%W +0.1%    45%W -0.0%    45%W -0.1%    40%W -0.2%    40%W -0.2%       -1.1% → +3.1%
Pre-session top-2 (9:25, 20d EOD win rate) — 2016-07-18  OR: 09:30/3b
  #1 SNPS   +15m 60%W +0.0%  +30m 60%W +0.1%  +1h 45%W -0.0%  +2h 50%W +0.0%  +5h 60%W +0.2%  EOD 60%W +0.1%  EOD range -1.0% → +1.0%
  #2 LLY    +15m 35%W -0.1%  +30m 40%W -0.1%  +1h 50%W +0.0%  +2h 55%W +0.0%  +5h 65%W +0.3%  EOD 60%W +0.2%  EOD range -1.5% → +1.9%
  Ticker   N          +15m          +30m           +1h           +2h           +5h           EOD           EOD range
  ----------------------------------------------------------------------------------------------------------------------
  SNPS    20    60%W +0.0%    60%W +0.1%    45%W -0.0%    50%W +0.0%    60%W +0.2%    60%W +0.1%       -1.0% → +1.0%
  LLY     20    35%W -0.1%    40%W -0.1%    50%W +0.0%    55%W +0.0%    65%W +0.3%    60%W +0.2%       -1.5% → +1.9%
  CHTR    20    60%W +0.0%    50%W +0.0%    65%W +0.1%    50%W +0.0%    50%W +0.0%    60%W +0.2%       -2.8% → +2.6%
  AMD     20    50%W -0.0%    60%W +0.2%    65%W +0.7%    55%W +0.2%    65%W +0.3%    60%W +0.6%      -6.2% → +10.9%
  MRVL    20    50%W +0.1%    55%W +0.0%    45%W -0.1%    50%W +0.0%    60%W +0.2%    50%W +0.0%       -4.9% → +3.3%
  TSLA    20    40%W -0.1%    40%W -0.1%    50%W +0.0%    40%W -0.1%    55%W +0.2%    50%W +0.1%       -3.6% → +4.8%
  QCOM    20    50%W +0.0%    60%W +0.1%    60%W +0.1%    50%W -0.1%    50%W -0.0%    45%W -0.0%       -2.9% → +2.2%
  AVGO    20    55%W +0.1%    70%W +0.2%    45%W -0.1%    55%W +0.2%    45%W -0.1%    45%W -0.3%       -3.4% → +2.4%
  MU      20    45%W -0.2%    40%W -0.1%    40%W -0.3%    50%W -0.2%    40%W -0.7%    40%W -0.7%       -4.9% → +3.2%
  META    20    55%W +0.1%    60%W +0.1%    45%W -0.0%    45%W -0.1%    35%W -0.4%    35%W -0.3%       -1.1% → +3.1%
Pre-session top-2 (9:25, 20d EOD win rate) — 2016-07-19  OR: 09:30/3b
  #1 CHTR   +15m 65%W +0.1%  +30m 55%W +0.1%  +1h 70%W +0.1%  +2h 55%W +0.1%  +5h 55%W +0.1%  EOD 65%W +0.2%  EOD range -2.8% → +2.6%
  #2 LLY    +15m 40%W -0.1%  +30m 45%W -0.0%  +1h 55%W +0.1%  +2h 55%W +0.0%  +5h 65%W +0.3%  EOD 60%W +0.2%  EOD range -1.5% → +1.9%
  Ticker   N          +15m          +30m           +1h           +2h           +5h           EOD           EOD range
  ----------------------------------------------------------------------------------------------------------------------
  CHTR    20    65%W +0.1%    55%W +0.1%    70%W +0.1%    55%W +0.1%    55%W +0.1%    65%W +0.2%       -2.8% → +2.6%
  LLY     20    40%W -0.1%    45%W -0.0%    55%W +0.1%    55%W +0.0%    65%W +0.3%    60%W +0.2%       -1.5% → +1.9%
  AMD     20    50%W -0.0%    60%W +0.2%    65%W +0.7%    55%W +0.2%    65%W +0.3%    60%W +0.6%       -6.2% → +5.6%
  SNPS    20    55%W +0.0%    60%W +0.0%    45%W -0.0%    45%W -0.0%    55%W +0.1%    55%W +0.0%       -1.0% → +1.0%
  MRVL    20    55%W +0.2%    60%W +0.1%    50%W +0.1%    55%W +0.1%    65%W +0.3%    55%W +0.2%       -4.9% → +3.3%
  TSLA    20    40%W -0.1%    45%W -0.1%    55%W +0.1%    45%W -0.0%    60%W +0.3%    55%W +0.3%       -3.6% → +4.8%
  QCOM    20    55%W +0.1%    65%W +0.1%    65%W +0.2%    55%W +0.1%    55%W +0.0%    50%W +0.0%       -2.9% → +2.2%
  MU      20    50%W +0.0%    45%W -0.1%    45%W -0.0%    55%W +0.0%    45%W -0.5%    45%W -0.5%       -4.9% → +3.2%
  AVGO    20    55%W +0.1%    70%W +0.2%    50%W +0.1%    60%W +0.2%    45%W -0.1%    45%W -0.3%       -3.4% → +2.4%
  META    20    55%W +0.1%    65%W +0.2%    50%W -0.0%    45%W -0.1%    40%W -0.4%    40%W -0.2%       -1.1% → +3.1%
Pre-session top-2 (9:25, 20d EOD win rate) — 2016-07-20  OR: 09:30/3b
  #1 CHTR   +15m 70%W +0.1%  +30m 55%W +0.1%  +1h 70%W +0.1%  +2h 60%W +0.1%  +5h 55%W +0.1%  EOD 65%W +0.2%  EOD range -2.8% → +2.6%
  #2 AMD    +15m 55%W +0.2%  +30m 60%W +0.2%  +1h 65%W +0.7%  +2h 60%W +0.4%  +5h 70%W +0.7%  EOD 65%W +0.7%  EOD range -6.2% → +5.6%
  Ticker   N          +15m          +30m           +1h           +2h           +5h           EOD           EOD range
  ----------------------------------------------------------------------------------------------------------------------
  CHTR    20    70%W +0.1%    55%W +0.1%    70%W +0.1%    60%W +0.1%    55%W +0.1%    65%W +0.2%       -2.8% → +2.6%
  AMD     20    55%W +0.2%    60%W +0.2%    65%W +0.7%    60%W +0.4%    70%W +0.7%    65%W +0.7%       -6.2% → +5.6%
  LLY     20    40%W -0.1%    45%W -0.0%    55%W +0.1%    55%W +0.0%    65%W +0.3%    60%W +0.2%       -1.1% → +1.9%
  SNPS    20    55%W +0.0%    60%W +0.0%    45%W -0.0%    45%W -0.0%    55%W +0.1%    55%W +0.1%       -1.0% → +1.0%
  MU      20    50%W +0.0%    45%W -0.1%    40%W -0.3%    55%W +0.0%    45%W -0.3%    50%W -0.0%       -4.9% → +3.2%
  MRVL    20    55%W +0.2%    55%W +0.0%    45%W -0.1%    50%W +0.0%    60%W +0.3%    50%W +0.2%       -4.9% → +3.3%
  QCOM    20    60%W +0.1%    60%W +0.1%    60%W +0.2%    55%W +0.1%    55%W +0.0%    50%W +0.0%       -2.9% → +2.2%
  TSLA    20    45%W -0.1%    45%W -0.1%    55%W +0.1%    45%W -0.0%    55%W +0.2%    50%W +0.2%       -3.6% → +4.8%
  META    20    55%W +0.1%    65%W +0.2%    50%W -0.0%    45%W -0.1%    40%W -0.4%    45%W -0.2%       -1.1% → +3.1%
  AVGO    20    55%W +0.1%    65%W +0.2%    45%W -0.1%    55%W +0.2%    45%W -0.1%    45%W -0.3%       -3.4% → +2.4%
Pre-session top-2 (9:25, 20d EOD win rate) — 2016-07-21  OR: 09:30/3b
  #1 LLY    +15m 40%W -0.1%  +30m 45%W -0.0%  +1h 60%W +0.1%  +2h 60%W +0.1%  +5h 65%W +0.3%  EOD 65%W +0.2%  EOD range -1.1% → +1.9%
  #2 CHTR   +15m 70%W +0.1%  +30m 60%W +0.1%  +1h 70%W +0.1%  +2h 60%W +0.1%  +5h 55%W +0.1%  EOD 65%W +0.2%  EOD range -2.8% → +3.3%
  Ticker   N          +15m          +30m           +1h           +2h           +5h           EOD           EOD range
  ----------------------------------------------------------------------------------------------------------------------
  LLY     20    40%W -0.1%    45%W -0.0%    60%W +0.1%    60%W +0.1%    65%W +0.3%    65%W +0.2%       -1.1% → +1.9%
  CHTR    20    70%W +0.1%    60%W +0.1%    70%W +0.1%    60%W +0.1%    55%W +0.1%    65%W +0.2%       -2.8% → +3.3%
  AMD     20    55%W +0.2%    60%W +0.2%    65%W +0.7%    60%W +0.4%    70%W +0.6%    65%W +0.6%       -6.2% → +5.6%
  SNPS    20    50%W -0.0%    55%W +0.0%    45%W -0.0%    50%W +0.0%    60%W +0.2%    60%W +0.2%       -1.0% → +1.0%
  MRVL    20    55%W +0.2%    55%W +0.1%    50%W +0.1%    50%W +0.0%    60%W +0.3%    55%W +0.4%       -4.9% → +4.3%
  QCOM    20    60%W +0.1%    65%W +0.2%    60%W +0.2%    55%W +0.1%    60%W +0.1%    55%W +0.0%       -2.9% → +2.2%
  TSLA    20    40%W -0.2%    45%W -0.1%    55%W +0.1%    50%W +0.1%    55%W +0.4%    55%W +0.3%       -3.6% → +4.8%
  META    20    55%W +0.1%    65%W +0.2%    55%W +0.1%    50%W -0.0%    45%W -0.3%    50%W -0.0%       -1.1% → +3.1%
  MU      20    45%W -0.1%    40%W -0.1%    40%W -0.3%    55%W +0.0%    45%W -0.3%    50%W -0.0%       -4.9% → +3.2%
  AVGO    20    60%W +0.2%    70%W +0.2%    50%W +0.1%    60%W +0.2%    50%W +0.0%    50%W +0.1%       -3.4% → +2.4%
Pre-session top-2 (9:25, 20d EOD win rate) — 2016-07-22  OR: 09:30/3b
  #1 SNPS   +15m 50%W -0.0%  +30m 55%W +0.0%  +1h 45%W -0.0%  +2h 50%W +0.0%  +5h 60%W +0.2%  EOD 65%W +0.2%  EOD range -1.0% → +1.0%
  #2 CHTR   +15m 70%W +0.1%  +30m 60%W +0.1%  +1h 70%W +0.1%  +2h 60%W +0.1%  +5h 55%W +0.1%  EOD 65%W +0.3%  EOD range -2.8% → +3.3%
  Ticker   N          +15m          +30m           +1h           +2h           +5h           EOD           EOD range
  ----------------------------------------------------------------------------------------------------------------------
  SNPS    20    50%W -0.0%    55%W +0.0%    45%W -0.0%    50%W +0.0%    60%W +0.2%    65%W +0.2%       -1.0% → +1.0%
  CHTR    20    70%W +0.1%    60%W +0.1%    70%W +0.1%    60%W +0.1%    55%W +0.1%    65%W +0.3%       -2.8% → +3.3%
  AMD     20    55%W +0.2%    60%W +0.2%    65%W +0.7%    60%W +0.4%    70%W +0.6%    65%W +0.6%       -5.6% → +5.6%
  LLY     20    35%W -0.1%    40%W -0.0%    55%W +0.1%    55%W +0.0%    60%W +0.3%    60%W +0.1%       -1.1% → +1.9%
  QCOM    20    60%W +0.1%    65%W +0.2%    60%W +0.2%    55%W +0.1%    65%W +0.2%    60%W +0.1%       -2.9% → +2.2%
  MRVL    20    55%W +0.2%    55%W +0.1%    50%W +0.1%    45%W -0.0%    55%W +0.2%    55%W +0.5%       -4.9% → +4.3%
  TSLA    20    40%W -0.2%    45%W -0.1%    55%W +0.1%    50%W +0.1%    55%W +0.4%    55%W +0.3%       -2.9% → +4.8%
  META    20    50%W +0.0%    60%W +0.1%    50%W -0.0%    45%W -0.1%    45%W -0.5%    50%W -0.1%       -1.1% → +3.1%
  MU      20    45%W -0.1%    40%W -0.1%    40%W -0.3%    55%W +0.0%    45%W -0.3%    50%W -0.0%       -4.9% → +3.2%
  AVGO    20    55%W +0.1%    65%W +0.2%    45%W -0.1%    55%W +0.2%    50%W +0.0%    50%W +0.1%       -3.4% → +2.4%
Pre-session top-2 (9:25, 20d EOD win rate) — 2016-07-25  OR: 09:30/3b
  #1 SNPS   +15m 50%W -0.0%  +30m 55%W +0.0%  +1h 50%W +0.0%  +2h 50%W +0.0%  +5h 60%W +0.2%  EOD 65%W +0.2%  EOD range -1.0% → +1.0%
  #2 CHTR   +15m 75%W +0.1%  +30m 65%W +0.1%  +1h 70%W +0.2%  +2h 60%W +0.2%  +5h 55%W +0.1%  EOD 65%W +0.3%  EOD range -2.8% → +3.3%
  Ticker   N          +15m          +30m           +1h           +2h           +5h           EOD           EOD range
  ----------------------------------------------------------------------------------------------------------------------
  SNPS    20    50%W -0.0%    55%W +0.0%    50%W +0.0%    50%W +0.0%    60%W +0.2%    65%W +0.2%       -1.0% → +1.0%
  CHTR    20    75%W +0.1%    65%W +0.1%    70%W +0.2%    60%W +0.2%    55%W +0.1%    65%W +0.3%       -2.8% → +3.3%
  LLY     20    30%W -0.1%    35%W -0.1%    55%W +0.1%    55%W +0.0%    60%W +0.3%    60%W +0.1%       -1.1% → +1.9%
  QCOM    20    60%W +0.1%    65%W +0.2%    60%W +0.2%    55%W +0.1%    65%W +0.2%    60%W +0.1%       -2.9% → +2.2%
  AMD     20    55%W +0.2%    55%W +0.1%    60%W +0.5%    55%W +0.2%    70%W +0.6%    60%W +0.3%       -5.6% → +5.6%
  MRVL    20    55%W +0.2%    60%W +0.1%    50%W +0.2%    45%W -0.0%    55%W +0.2%    55%W +0.5%       -4.9% → +4.3%
  TSLA    20    45%W -0.1%    45%W -0.1%    55%W +0.1%    50%W +0.1%    55%W +0.4%    55%W +0.3%       -2.9% → +4.8%
  META    20    45%W -0.0%    60%W +0.1%    50%W -0.0%    45%W -0.1%    45%W -0.5%    50%W -0.1%       -1.1% → +3.1%
  AVGO    20    55%W +0.1%    65%W +0.2%    45%W -0.1%    55%W +0.2%    50%W +0.0%    50%W +0.1%       -3.4% → +2.4%
  MU      20    45%W -0.1%    35%W -0.2%    35%W -0.5%    50%W -0.1%    45%W -0.3%    45%W -0.2%       -4.9% → +2.8%
Pre-session top-2 (9:25, 20d EOD win rate) — 2016-07-26  OR: 09:30/3b
  #1 SNPS   +15m 50%W -0.0%  +30m 50%W -0.0%  +1h 45%W -0.0%  +2h 50%W +0.0%  +5h 60%W +0.2%  EOD 65%W +0.2%  EOD range -1.0% → +1.0%
  #2 LLY    +15m 30%W -0.1%  +30m 35%W -0.1%  +1h 55%W +0.1%  +2h 50%W -0.0%  +5h 60%W +0.3%  EOD 65%W +0.2%  EOD range -1.1% → +1.9%
  Ticker   N          +15m          +30m           +1h           +2h           +5h           EOD           EOD range
  ----------------------------------------------------------------------------------------------------------------------
  SNPS    20    50%W -0.0%    50%W -0.0%    45%W -0.0%    50%W +0.0%    60%W +0.2%    65%W +0.2%       -1.0% → +1.0%
  LLY     20    30%W -0.1%    35%W -0.1%    55%W +0.1%    50%W -0.0%    60%W +0.3%    65%W +0.2%       -1.1% → +1.9%
  QCOM    20    60%W +0.1%    60%W +0.2%    60%W +0.2%    55%W +0.1%    65%W +0.2%    65%W +0.1%       -1.0% → +2.2%
  CHTR    20    70%W +0.1%    60%W +0.1%    70%W +0.2%    60%W +0.2%    55%W +0.1%    65%W +0.3%       -1.4% → +3.3%
  AMD     20    50%W +0.0%    55%W +0.1%    60%W +0.7%    60%W +0.4%    75%W +0.8%    65%W +0.6%       -5.6% → +8.8%
  TSLA    20    45%W -0.1%    50%W +0.0%    60%W +0.2%    55%W +0.2%    60%W +0.6%    60%W +0.4%       -2.9% → +4.8%
  META    20    50%W +0.0%    60%W +0.1%    50%W -0.0%    40%W -0.1%    50%W -0.2%    55%W +0.1%       -1.1% → +3.1%
  MRVL    20    55%W +0.2%    55%W +0.1%    45%W -0.1%    45%W -0.2%    55%W +0.2%    55%W +0.5%       -4.9% → +4.3%
  AVGO    20    55%W +0.1%    60%W +0.2%    45%W -0.1%    55%W +0.2%    50%W +0.0%    50%W +0.1%       -1.7% → +2.4%
  MU      20    40%W -0.3%    30%W -0.2%    35%W -0.5%    50%W -0.1%    45%W -0.3%    45%W -0.2%       -4.9% → +2.8%
Pre-session top-2 (9:25, 20d EOD win rate) — 2016-07-27  OR: 09:30/3b
  #1 QCOM   +15m 60%W +0.2%  +30m 65%W +0.2%  +1h 65%W +0.2%  +2h 55%W +0.1%  +5h 70%W +0.2%  EOD 70%W +0.2%  EOD range -1.0% → +2.2%
  #2 AMD    +15m 55%W +0.2%  +30m 60%W +0.2%  +1h 65%W +0.8%  +2h 65%W +0.7%  +5h 80%W +1.0%  EOD 70%W +0.7%  EOD range -3.2% → +8.8%
  Ticker   N          +15m          +30m           +1h           +2h           +5h           EOD           EOD range
  ----------------------------------------------------------------------------------------------------------------------
  QCOM    20    60%W +0.2%    65%W +0.2%    65%W +0.2%    55%W +0.1%    70%W +0.2%    70%W +0.2%       -1.0% → +2.2%
  AMD     20    55%W +0.2%    60%W +0.2%    65%W +0.8%    65%W +0.7%    80%W +1.0%    70%W +0.7%       -3.2% → +8.8%
  SNPS    20    55%W +0.0%    50%W -0.0%    50%W +0.0%    50%W +0.0%    60%W +0.2%    65%W +0.2%       -1.0% → +1.0%
  LLY     20    30%W -0.1%    35%W -0.1%    55%W +0.1%    50%W -0.0%    55%W +0.2%    60%W +0.1%       -1.1% → +1.9%
  MRVL    20    60%W +0.2%    60%W +0.1%    50%W +0.2%    50%W -0.0%    60%W +0.3%    60%W +0.5%       -2.2% → +4.3%
  CHTR    20    65%W +0.1%    55%W +0.1%    65%W +0.1%    55%W +0.1%    55%W +0.1%    60%W +0.3%       -1.4% → +3.3%
  TSLA    20    40%W -0.2%    50%W +0.0%    60%W +0.2%    55%W +0.2%    55%W +0.4%    60%W +0.4%       -2.9% → +3.0%
  META    20    45%W -0.0%    55%W +0.1%    45%W -0.0%    40%W -0.1%    50%W -0.2%    55%W +0.1%       -1.0% → +3.1%
  AVGO    20    60%W +0.1%    60%W +0.2%    45%W -0.1%    55%W +0.2%    55%W +0.1%    55%W +0.4%       -1.4% → +2.4%
  MU      20    45%W -0.1%    35%W -0.2%    40%W -0.2%    55%W +0.0%    50%W -0.0%    50%W +0.1%       -3.2% → +3.1%
Pre-session top-2 (9:25, 20d EOD win rate) — 2016-07-28  OR: 09:30/3b
  #1 QCOM   +15m 60%W +0.2%  +30m 65%W +0.2%  +1h 65%W +0.3%  +2h 50%W +0.0%  +5h 70%W +0.2%  EOD 70%W +0.2%  EOD range -1.0% → +2.2%
  #2 LLY    +15m 35%W -0.1%  +30m 40%W -0.1%  +1h 55%W +0.2%  +2h 55%W +0.0%  +5h 60%W +0.3%  EOD 65%W +0.2%  EOD range -1.1% → +1.9%
  Ticker   N          +15m          +30m           +1h           +2h           +5h           EOD           EOD range
  ----------------------------------------------------------------------------------------------------------------------
  QCOM    20    60%W +0.2%    65%W +0.2%    65%W +0.3%    50%W +0.0%    70%W +0.2%    70%W +0.2%       -1.0% → +2.2%
  LLY     20    35%W -0.1%    40%W -0.1%    55%W +0.2%    55%W +0.0%    60%W +0.3%    65%W +0.2%       -1.1% → +1.9%
  TSLA    20    45%W -0.1%    55%W +0.0%    60%W +0.3%    60%W +0.3%    60%W +0.6%    65%W +0.4%       -2.9% → +3.0%
  AMD     20    50%W +0.0%    55%W +0.1%    60%W +0.7%    60%W +0.4%    75%W +0.8%    65%W +0.6%       -3.2% → +8.8%
  SNPS    20    55%W +0.0%    55%W +0.0%    55%W +0.0%    50%W +0.0%    55%W +0.1%    60%W +0.1%       -1.0% → +1.0%
  CHTR    20    65%W +0.1%    55%W +0.1%    65%W +0.1%    60%W +0.2%    60%W +0.1%    60%W +0.3%       -1.4% → +3.3%
  META    20    45%W -0.0%    55%W +0.1%    50%W -0.0%    40%W -0.1%    50%W -0.2%    55%W +0.1%       -1.0% → +3.1%
  MRVL    20    55%W +0.2%    55%W +0.1%    45%W -0.1%    45%W -0.2%    55%W +0.2%    55%W +0.3%       -2.2% → +4.3%
  AVGO    20    55%W +0.1%    60%W +0.2%    45%W -0.1%    55%W +0.2%    55%W +0.1%    55%W +0.4%       -1.4% → +2.4%
  MU      20    40%W -0.3%    35%W -0.2%    40%W -0.2%    55%W +0.0%    45%W -0.3%    45%W -0.2%       -3.7% → +3.1%
Pre-session top-2 (9:25, 20d EOD win rate) — 2016-07-29  OR: 09:30/3b
  #1 QCOM   +15m 60%W +0.2%  +30m 65%W +0.2%  +1h 65%W +0.3%  +2h 50%W +0.0%  +5h 70%W +0.2%  EOD 70%W +0.2%  EOD range -1.0% → +2.2%
  #2 AMD    +15m 55%W +0.2%  +30m 60%W +0.2%  +1h 65%W +0.8%  +2h 65%W +0.7%  +5h 80%W +1.0%  EOD 70%W +0.6%  EOD range -3.2% → +8.8%
  Ticker   N          +15m          +30m           +1h           +2h           +5h           EOD           EOD range
  ----------------------------------------------------------------------------------------------------------------------
  QCOM    20    60%W +0.2%    65%W +0.2%    65%W +0.3%    50%W +0.0%    70%W +0.2%    70%W +0.2%       -1.0% → +2.2%
  AMD     20    55%W +0.2%    60%W +0.2%    65%W +0.8%    65%W +0.7%    80%W +1.0%    70%W +0.6%       -3.2% → +8.8%
  TSLA    20    50%W -0.1%    55%W +0.0%    60%W +0.3%    60%W +0.3%    60%W +0.6%    65%W +0.4%       -2.9% → +3.0%
  SNPS    20    55%W +0.1%    60%W +0.0%    60%W +0.0%    50%W +0.0%    55%W +0.1%    60%W +0.1%       -1.0% → +1.0%
  LLY     20    30%W -0.1%    35%W -0.1%    50%W +0.1%    50%W -0.0%    55%W +0.2%    60%W +0.1%       -1.1% → +1.2%
  MRVL    20    55%W +0.2%    55%W +0.1%    45%W -0.2%    45%W -0.2%    55%W +0.1%    55%W +0.3%       -2.2% → +4.3%
  CHTR    20    65%W +0.1%    50%W +0.0%    60%W +0.1%    55%W +0.1%    55%W +0.0%    55%W +0.2%       -1.4% → +3.3%
  META    20    45%W -0.0%    55%W +0.1%    50%W -0.0%    35%W -0.2%    45%W -0.4%    50%W -0.1%       -1.1% → +3.1%
  AVGO    20    55%W +0.1%    55%W +0.1%    45%W -0.1%    50%W +0.0%    50%W +0.0%    50%W +0.1%       -1.4% → +2.3%
  MU      20    40%W -0.3%    35%W -0.2%    40%W -0.2%    50%W -0.1%    40%W -0.6%    40%W -0.2%       -3.7% → +3.1%

=========================================================================================================================================================================================
Pre-Session Top-2 Performance — 2016-07-01 to 2016-07-29  |  Unconditional OR-close entry  |  OR: 09:30/3b
=========================================================================================================================================================================================
Date         Ticker Rank  At       Entry       +15m       +30m       +45m        +1h     +1h30m        +2h        +3h        +4h        +5h        +6h        +7h        EOD
-----------------------------------------------------------------------------------------------------------------------------------------------------------------------------------------
2016-07-01   MRVL   #1    09:40     9.60    +0.00%L    -0.26%L    -0.10%L    -0.47%L    -0.36%L    -0.47%L    -0.78%L    -0.57%L    -1.09%L    -0.73%L    -0.78%L    -0.78%L
2016-07-01   LLY    #2    09:40    78.78    +0.23%W    +0.36%W    +0.50%W    +0.34%W    +0.33%W    +0.15%W    +0.22%W    +0.27%W    +0.06%W    +0.23%W    +0.17%W    +0.17%W
2016-07-05   MRVL   #1    09:40     9.37    +0.21%W    -0.11%L    -0.21%L    -0.21%L    -0.64%L    -0.53%L    -0.05%L    -0.32%L    -0.21%L    +0.11%W    +0.00%L    +0.00%L
2016-07-05   LLY    #2    09:40    79.19    -0.21%L    -0.19%L    -0.21%L    -0.34%L    -0.34%L    +0.05%W    +0.10%W    +0.18%W    +0.29%W    +0.80%W    +0.56%W    +0.56%W
2016-07-06   MRVL   #1    09:40     9.14    +1.59%W    +1.64%W    +1.70%W    +1.93%W    +2.84%W    +2.35%W    +2.84%W    +3.06%W    +3.12%W    +3.39%W    +3.28%W    +3.28%W
2016-07-06   CHTR   #2    09:40   229.03    +0.11%W    +0.93%W    +0.57%W    +0.68%W    +1.22%W    +1.21%W    +1.43%W    +1.13%W    +1.16%W    +1.50%W    +1.64%W    +1.64%W
2016-07-07   MRVL   #1    09:40     9.71    +0.36%W    +0.26%W    +0.46%W    +0.57%W    -0.26%L    -0.26%L    -0.15%L    +0.46%W    +0.36%W    +0.36%W    +0.67%W    +0.67%W
2016-07-07   CHTR   #2    09:40   232.74    +0.57%W    +0.27%W    +0.16%W    +0.02%W    -0.04%L    -0.02%L    +0.22%W    +0.04%W    +0.05%W    +0.75%W    +0.92%W    +0.92%W
2016-07-08   MRVL   #1    09:40     9.89    +0.20%W    -0.05%L    -0.56%L    -0.25%L    -0.15%L    +0.05%W    +0.00%L    +0.15%W    +0.25%W    +0.76%W    +1.06%W    +1.06%W
2016-07-08   CHTR   #2    09:40   237.82    -0.15%L    -0.07%L    -0.59%L    -0.34%L    -0.21%L    -0.21%L    -0.42%L    -0.30%L    +0.00%L    -0.34%L    -0.27%L    -0.27%L
2016-07-11   MRVL   #1    09:40    10.13    +0.59%W    +0.00%L    -0.20%L    -0.44%L    -0.44%L    -0.59%L    -0.44%L    -0.79%L    -0.99%L    -1.28%L    -1.28%L    -1.28%L
2016-07-11   LLY    #2    09:40    79.05    +0.11%W    +0.42%W    +0.13%W    +0.48%W    +0.65%W    +0.73%W    +0.86%W    +0.67%W    +0.58%W    +0.26%W    +0.11%W    +0.11%W
2016-07-12   SNPS   #1    09:40    54.90    +0.20%W    +0.07%W    +0.00%L    -0.02%L    +0.07%W    +0.18%W    +0.11%W    +0.09%W    +0.07%W    -0.07%L    +0.04%W    +0.04%W
2016-07-12   LLY    #2    09:40    79.44    -0.05%L    -0.10%L    -0.09%L    +0.15%W    -0.05%L    +0.03%W    +0.33%W    +0.01%W    +0.26%W    +0.14%W    +0.25%W    +0.25%W
2016-07-13   SNPS   #1    09:40    54.99    -0.13%L    -0.04%L    -0.11%L    +0.01%W    -0.05%L    -0.02%L    +0.05%W    +0.07%W    +0.15%W    -0.12%L    -0.24%L    -0.24%L
2016-07-13   LLY    #2    09:40    79.95    -0.20%L    -0.34%L    -0.39%L    -0.26%L    -0.23%L    -0.34%L    -0.24%L    -0.42%L    -0.57%L    -0.64%L    -0.71%L    -0.71%L
2016-07-14   SNPS   #1    09:40    55.12    -0.11%L    -0.16%L    -0.20%L    -0.05%L    +0.00%L    -0.27%L    -0.27%L    -0.38%L    -0.38%L    -0.44%L    -0.60%L    -0.60%L
2016-07-14   LLY    #2    09:40    79.59    -0.06%L    +0.77%W    +0.89%W    +0.68%W    +0.87%W    +0.83%W    +0.52%W    +0.49%W    +0.75%W    +1.28%W    +1.23%W    +1.23%W
2016-07-15   SNPS   #1    09:40    54.62    -0.05%L    -0.20%L    +0.11%W    +0.20%W    -0.04%L    -0.29%L    -0.33%L    -0.11%L    -0.20%L    -0.33%L    -0.37%L    -0.37%L
2016-07-15   LLY    #2    09:40    80.86    -0.10%L    -0.15%L    -0.21%L    -0.27%L    -0.42%L    -0.88%L    -0.89%L    -0.84%L    -0.94%L    -0.85%L    -0.80%L    -0.80%L
2016-07-18   SNPS   #1    09:40    54.55    -0.05%L    +0.01%W    +0.17%W    +0.30%W    +0.01%W    -0.23%L    -0.63%L    -0.41%L    -0.37%L    -0.45%L    -0.43%L    -0.43%L
2016-07-18   LLY    #2    09:40    80.30    +0.20%W    +0.02%W    +0.03%W    +0.32%W    +0.01%W    -0.21%L    -0.41%L    -0.24%L    -0.38%L    -0.38%L    -0.46%L    -0.46%L
2016-07-19   CHTR   #1    09:40   233.88    +0.22%W    -0.09%L    +0.28%W    -0.25%L    -0.05%L    +0.10%W    -0.19%L    +0.02%W    -0.36%L    -0.66%L    -0.80%L    -0.80%L
2016-07-19   LLY    #2    09:40    80.00    +0.00%L    -0.16%L    -0.20%L    +0.00%L    -0.15%L    -0.10%L    -0.22%L    -0.11%L    -0.02%L    -0.11%L    -0.05%L    -0.05%L
2016-07-20   CHTR   #1    09:40   228.50    +0.66%W    +0.56%W    +1.30%W    +1.33%W    +1.69%W    +1.84%W    +2.58%W    +2.68%W    +2.64%W    +3.45%W    +3.33%W    +3.33%W
2016-07-20   AMD    #2    09:40     5.41    +0.95%W    +1.02%W    +0.83%W    +1.02%W    +0.93%W    +0.87%W    +1.11%W    +1.11%W    +0.65%W    +0.28%W    +0.09%W    +0.09%W
2016-07-21   LLY    #1    09:40    80.47    -0.09%L    -0.11%L    +0.07%W    -0.19%L    -0.11%L    -0.25%L    -0.36%L    -0.29%L    -0.39%L    -0.25%L    -0.11%L    -0.11%L
2016-07-21   CHTR   #2    09:40   235.79    +0.89%W    +1.16%W    +1.58%W    +1.62%W    +1.77%W    +1.54%W    +1.44%W    +1.34%W    +1.36%W    +1.82%W    +2.01%W    +2.01%W
2016-07-22   SNPS   #1    09:40    54.37    +0.26%W    +0.20%W    +0.24%W    +0.44%W    +0.42%W    +0.75%W    +0.95%W    +0.83%W    +0.90%W    +0.77%W    +0.81%W    +0.81%W
2016-07-22   CHTR   #2    09:40   242.70    +0.10%W    +0.13%W    +0.14%W    +0.36%W    +0.42%W    +0.48%W    +0.51%W    +0.54%W    +0.20%W    +0.33%W    +0.35%W    +0.35%W
2016-07-25   SNPS   #1    09:40    54.96    +0.02%W    -0.18%L    -0.05%L    -0.15%L    -0.11%L    -0.18%L    -0.29%L    -0.28%L    -0.44%L    -0.62%L    -0.62%L    -0.62%L
2016-07-25   CHTR   #2    09:40   244.16    -0.03%L    -0.32%L    +0.08%W    -0.54%L    -0.47%L    -0.41%L    -0.79%L    -0.80%L    -0.81%L    -1.40%L    -1.43%L    -1.43%L
2016-07-26   SNPS   #1    09:40    54.39    +0.11%W    -0.02%L    +0.31%W    +0.02%W    -0.59%L    -0.40%L    -0.02%L    -0.20%L    -0.09%L    -0.34%L    -0.40%L    -0.40%L
2016-07-26   LLY    #2    09:40    83.01    -0.19%L    -0.70%L    -0.64%L    -1.42%L    -1.07%L    -1.40%L    -1.17%L    -1.25%L    -1.28%L    -1.34%L    -1.11%L    -1.11%L
2016-07-27   QCOM   #1    09:40    61.81    +0.16%W    +0.28%W    +0.19%W    +0.26%W    +0.09%W    -0.08%L    +0.40%W    +0.44%W    +0.70%W    +1.02%W    +1.18%W    +1.18%W
2016-07-27   AMD    #2    09:40     6.86    -0.64%L    -1.06%L    -1.92%L    -0.91%L    -2.60%L    -1.79%L    -1.86%L    -1.50%L    -1.35%L    -0.26%L    -0.18%L    -0.18%L
2016-07-28   QCOM   #1    09:40    62.30    +0.44%W    +0.47%W    +0.40%W    +0.53%W    +0.35%W    +0.26%W    +0.29%W    +0.29%W    +0.34%W    +0.30%W    +0.21%W    +0.21%W
2016-07-28   LLY    #2    09:40    83.18    -0.11%L    -0.44%L    -0.42%L    -0.46%L    -0.63%L    -0.38%L    -0.46%L    -0.54%L    -0.19%L    -0.09%L    -0.30%L    -0.30%L
2016-07-29   QCOM   #1    09:40    62.39    -0.06%L    -0.03%L    +0.06%W    +0.31%W    +0.61%W    +0.56%W    +0.14%W    +0.27%W    +0.33%W    +0.30%W    +0.32%W    +0.32%W
2016-07-29   AMD    #2    09:40     6.82    -0.37%L    -0.59%L    -0.51%L    +0.37%W    +0.81%W    +0.81%W    +0.00%L    +0.29%W    -0.07%L    +0.51%W    +0.51%W    +0.51%W

========================================================================================
Pre-session picks summary — 40 pick(s) across 20 trading day(s)

Top-2 picks (all days)  (40 signal(s))
  Hold      Count   Win Rate   Avg Gain    Avg Win   Avg Loss ProfitFactor   Sum Ret%
  -------------------------------------------------------------------------
  +15m         40      52.5%     +0.14%     +0.39%     -0.14%        3.14x     +5.58%
  +30m         40      42.5%     +0.08%     +0.50%     -0.23%        1.59x     +3.18%
  +45m         40      55.0%     +0.09%     +0.46%     -0.37%        1.54x     +3.58%
  +1h          40      55.0%     +0.13%     +0.54%     -0.37%        1.81x     +5.35%
  +1h30m       40      42.5%     +0.10%     +0.77%     -0.39%        1.45x     +4.07%
  +2h          40      45.0%     +0.09%     +0.71%     -0.42%        1.37x     +3.48%
  +3h          40      45.0%     +0.10%     +0.78%     -0.45%        1.41x     +4.13%
  +4h          40      55.0%     +0.13%     +0.66%     -0.52%        1.54x     +5.06%
  +5h          40      50.0%     +0.10%     +0.71%     -0.51%        1.41x     +4.11%
  +6h          40      50.0%     +0.19%     +0.92%     -0.54%        1.72x     +7.66%
  +7h          40      50.0%     +0.19%     +0.94%     -0.55%        1.71x     +7.80%
  EOD          40      50.0%     +0.19%     +0.94%     -0.55%        1.71x     +7.80%

=========================================================================================================================================================================================
Signal Analysis — 2016-07-01 to 2016-07-29  |  BULL only  |  Vol ≥ 1.0x 20dAvg
Windows: 09:30/3b  |  Collection: 3 bars  |  Tickers: 10
=========================================================================================================================================================================================
Date         Ticker Window   At       Entry  Vol/20d       +15m       +30m       +45m        +1h     +1h30m        +2h        +3h        +4h        +5h        +6h        +7h        EOD
-----------------------------------------------------------------------------------------------------------------------------------------------------------------------------------------
2016-07-01   QCOM   09:30/3b 09:40    53.25    1.53x    -0.30%L    -0.45%L    -0.21%L    -0.18%L    -0.03%L    -0.36%L    -0.17%L    -0.23%L    -0.45%L    -0.41%L    -0.47%L    -0.47%L
2016-07-01   CHTR   09:30/3b 09:50   231.88    1.09x    -0.07%L    -0.23%L    -0.27%L    -0.30%L    -0.19%L    -0.62%L    +0.03%W    -0.03%L    +0.10%W    -0.01%L    +0.18%W    +0.18%W
2016-07-01   TSLA   09:30/3b 09:40   210.95    1.01x    +0.06%W    +0.77%W    +0.91%W    +1.05%W    +0.97%W    +0.89%W    +0.53%W    +1.14%W    +1.73%W    +2.45%W    +2.63%W    +2.63%W
2016-07-01   AVGO   09:30/3b 09:40   155.57    1.75x    -0.22%L    -0.36%L    -0.39%L    -0.40%L    -0.39%L    -0.13%L    -0.30%L    -0.51%L    -0.89%L    -0.82%L    -0.87%L    -0.87%L
2016-07-07   MU     09:30/3b 09:40    12.31    1.02x    +1.07%W    +0.55%W    +1.44%W    +1.12%W    +0.91%W    +0.60%W    -0.19%L    -0.47%L    -1.24%L    -0.96%L    -0.87%L    -0.87%L
2016-07-07   QCOM   09:30/3b 09:45    53.12    1.26x    +0.32%W    +0.44%W    +0.38%W    -0.04%L    -0.32%L    -0.60%L    -0.49%L    -0.24%L    -0.68%L    -0.35%L    -0.36%L    -0.36%L
2016-07-08   SNPS   09:30/3b 09:45    53.90    2.30x    +0.30%W    +0.43%W    +0.63%W    +1.11%W    +1.21%W    +0.93%W    +0.66%W    +0.67%W    +0.63%W    +0.65%W    +0.65%W    +0.65%W
2016-07-08   AMD    09:30/3b 09:40     4.97    1.40x    +0.20%W    +0.71%W    +0.91%W    +1.41%W    +2.11%W    +2.32%W    +2.82%W    +2.92%W    +2.82%W    +2.32%W    +2.62%W    +2.62%W
2016-07-12   SNPS   09:30/3b 09:50    55.00    2.61x    -0.20%L    -0.20%L    -0.20%L    -0.09%L    -0.13%L    +0.02%W    -0.04%L    -0.15%L    -0.11%L    -0.18%L    -0.15%L    -0.15%L
2016-07-12   LLY    09:30/3b 09:40    79.44    1.06x    -0.05%L    -0.10%L    -0.09%L    +0.15%W    -0.05%L    +0.03%W    +0.33%W    +0.01%W    +0.26%W    +0.14%W    +0.25%W    +0.25%W
2016-07-12   AMD    09:30/3b 09:40     5.11    1.01x    -0.49%L    -0.40%L    -0.29%L    -0.39%L    -0.49%L    -0.20%L    +0.49%W    +0.78%W    +1.08%W    +0.88%W    +0.69%W    +0.69%W
2016-07-14   LLY    09:30/3b 09:45    79.62    3.22x    +0.01%W    +0.58%W    +0.79%W    +0.63%W    +0.81%W    +0.80%W    +0.48%W    +0.43%W    +0.85%W    +1.29%W    +1.19%W    +1.19%W
2016-07-18   SNPS   09:30/3b 09:45    54.52    1.24x    +0.07%W    +0.11%W    +0.35%W    +0.27%W    +0.06%W    -0.23%L    -0.57%L    -0.39%L    -0.33%L    -0.39%L    -0.39%L    -0.39%L
2016-07-18   AMD    09:30/3b 09:40     5.22    2.46x    +0.86%W    +3.28%W    +5.26%W    +4.28%W    +4.36%W    +4.31%W    +4.13%W    +4.59%W    +5.17%W    +5.74%W    +5.65%W    +5.65%W
2016-07-19   SNPS   09:30/3b 09:40    54.41    1.26x    +0.11%W    +0.24%W    +0.39%W    +0.32%W    +0.51%W    +0.40%W    +0.56%W    +0.59%W    +0.74%W    +0.33%W    +0.31%W    +0.31%W
2016-07-19   AMD    09:30/3b 09:50     5.43    1.21x    -0.39%L    +0.62%W    +0.53%W    +1.08%W    +1.56%W    +1.36%W    +0.31%W    -0.21%L    -0.12%L    -0.12%L    -0.21%L    -0.21%L
2016-07-20   META   09:30/3b 09:50   121.02    1.02x    +0.25%W    +0.21%W    +0.44%W    +0.37%W    +0.50%W    +0.56%W    +0.55%W    +0.74%W    +0.85%W    +0.77%W    +0.75%W    +0.75%W
2016-07-20   QCOM   09:30/3b 09:45    55.24    1.04x    +0.14%W    +0.14%W    +0.05%W    -0.06%L    -0.16%L    -0.20%L    -0.06%L    +0.26%W    +0.22%W    +0.56%W    +1.09%W    +1.09%W
2016-07-22   QCOM   09:30/3b 09:40    60.09    1.28x    +0.83%W    +0.67%W    +0.60%W    +0.90%W    +0.97%W    +1.25%W    +1.71%W    +1.30%W    +1.44%W    +1.56%W    +1.75%W    +1.75%W
2016-07-22   CHTR   09:30/3b 09:40   242.70    1.26x    +0.10%W    +0.13%W    +0.14%W    +0.36%W    +0.42%W    +0.48%W    +0.51%W    +0.54%W    +0.20%W    +0.33%W    +0.35%W    +0.35%W
2016-07-25   SNPS   09:30/3b 09:45    54.98    1.07x    -0.04%L    -0.15%L    -0.18%L    -0.15%L    -0.15%L    -0.27%L    -0.31%L    -0.35%L    -0.49%L    -0.64%L    -0.65%L    -0.65%L
2016-07-25   TSLA   09:30/3b 09:40   226.76    1.17x    -0.20%L    +0.04%W    +0.46%W    +0.86%W    +1.04%W    +0.56%W    +0.21%W    +0.93%W    +1.74%W    +1.47%W    +1.49%W    +1.49%W
2016-07-25   AMD    09:30/3b 09:50     6.17    2.93x    +1.22%W    +1.87%W    +3.08%W    +5.35%W    +4.95%W    +5.19%W   +10.95%W    +9.41%W   +11.27%W    +8.68%W    +8.84%W    +8.84%W
2016-07-26   MU     09:30/3b 09:40    14.23    1.25x    +0.84%W    +0.53%W    +0.46%W    +0.74%W    +0.49%W    +0.60%W    +0.35%W    +0.91%W    +2.11%W    +2.88%W    +3.09%W    +3.09%W
2016-07-26   MRVL   09:30/3b 09:40    11.61    1.12x    +0.47%W    +0.09%W    +0.26%W    +0.39%W    +0.09%W    +0.13%W    -0.09%L    -0.04%L    +0.47%W    +0.60%W    +0.26%W    +0.26%W
2016-07-26   AMD    09:30/3b 09:45     6.89    2.53x    -0.15%L    +0.58%W    +1.60%W    +3.48%W    +0.87%W    -0.80%L    -1.45%L    -0.44%L    +0.87%W    +1.81%W    +1.38%W    +1.38%W
2016-07-28   MRVL   09:30/3b 09:45    11.91    2.33x    -0.34%L    -1.18%L    -2.02%L    -1.81%L    -2.02%L    -0.88%L    -0.55%L    -1.39%L    -1.39%L    -0.50%L    +0.00%L    +0.00%L
2016-07-28   CHTR   09:30/3b 09:40   238.85    1.01x    -0.08%L    -0.12%L    -0.11%L    -0.26%L    -0.48%L    -0.32%L    -0.42%L    -0.49%L    -0.19%L    -0.33%L    -0.43%L    -0.43%L
2016-07-29   META   09:30/3b 09:40   124.56    1.60x    -0.05%L    +0.69%W    +0.90%W    +0.89%W    +0.55%W    +0.62%W    +0.13%W    +0.26%W    -0.17%L    -0.22%L    -0.49%L    -0.49%L

========================================================================================
Summary — 29 qualifying signal(s) across 20 trading day(s)

Window 09:30/3b  (29 signal(s))
  Hold      Count   Win Rate   Avg Gain    Avg Win   Avg Loss ProfitFactor   Sum Ret%
  -------------------------------------------------------------------------
  +15m         29      55.2%     +0.15%     +0.43%     -0.20%        2.67x     +4.29%
  +30m         29      69.0%     +0.33%     +0.63%     -0.35%        3.97x     +9.48%
  +45m         29      69.0%     +0.55%     +0.98%     -0.42%        5.21x    +15.81%
  +1h          29      65.5%     +0.73%     +1.30%     -0.37%        6.73x    +21.08%
  +1h30m       29      62.1%     +0.62%     +1.24%     -0.40%        5.08x    +17.97%
  +2h          29      62.1%     +0.57%     +1.17%     -0.42%        4.56x    +16.41%
  +3h          29      58.6%     +0.69%     +1.46%     -0.39%        5.35x    +20.12%
  +4h          29      55.2%     +0.71%     +1.59%     -0.38%        5.18x    +20.56%
  +5h          29      62.1%     +0.91%     +1.81%     -0.55%        5.39x    +26.51%
  +6h          29      58.6%     +0.95%     +1.91%     -0.41%        6.58x    +27.53%
  +7h          29      62.1%     +0.98%     +1.84%     -0.44%        6.79x    +28.28%
  EOD          29      62.1%     +0.98%     +1.84%     -0.44%        6.79x    +28.28%
