Fetching 5-min bars (2015-11-20 → 2016-01-29) [alpaca]...
  [cache] fetching 6 tickers from alpaca (cache miss)
  [cache] loaded 5 tickers from cache
Fetching daily bars (2015-01-04 → 2016-01-29)...

=========================================================================================================================================================================================
Pre-Session Rankings (9:25) — 2016-01-04 to 2016-01-29  |  20d lookback
(Unconditional hold from OR close — no signal or vol filter)
=========================================================================================================================================================================================
Pre-session top-2 (9:25, 20d EOD win rate) — 2016-01-05  OR: 09:30/3b
  #1 META   +15m 100%W +0.1%  +30m 0%W -0.6%  +1h 0%W -0.4%  +2h 100%W +0.5%  +5h 100%W +0.6%  EOD 100%W +1.2%  EOD range +1.2% → +1.2%
  #2 MU     +15m 0%W -0.5%  +30m 0%W -0.0%  +1h 100%W +0.7%  +2h 100%W +0.3%  +5h 100%W +2.0%  EOD 100%W +3.2%  EOD range +3.2% → +3.2%
  Ticker   N          +15m          +30m           +1h           +2h           +5h           EOD           EOD range
  ----------------------------------------------------------------------------------------------------------------------
  META     1   100%W +0.1%     0%W -0.6%     0%W -0.4%   100%W +0.5%   100%W +0.6%   100%W +1.2%       +1.2% → +1.2%
  MU       1     0%W -0.5%     0%W -0.0%   100%W +0.7%   100%W +0.3%   100%W +2.0%   100%W +3.2%       +3.2% → +3.2%
  MRVL     1     0%W -0.3%     0%W +0.0%   100%W +0.1%     0%W -0.3%   100%W +0.5%   100%W +1.1%       +1.1% → +1.1%
  SNPS     1   100%W +0.3%     0%W -0.1%   100%W +0.1%   100%W +0.3%   100%W +0.1%   100%W +0.3%       +0.3% → +0.3%
  LLY      1   100%W +0.6%   100%W +0.2%   100%W +0.5%   100%W +0.8%     0%W -0.6%   100%W +0.1%       +0.1% → +0.1%
  QCOM     1     0%W -0.2%     0%W -0.0%     0%W +0.0%     0%W -0.1%   100%W +1.1%   100%W +1.8%       +1.8% → +1.8%
  AVGO     1   100%W +0.1%     0%W -0.4%     0%W -0.6%     0%W -0.2%     0%W -0.3%   100%W +0.3%       +0.3% → +0.3%
  TSLA     1     0%W -0.7%     0%W -2.0%     0%W -2.1%     0%W -1.7%     0%W -1.4%     0%W -1.3%       -1.3% → -1.3%
  AMD      1     0%W -1.6%     0%W -2.8%     0%W -5.5%     0%W -6.0%     0%W -2.1%     0%W -1.4%       -1.4% → -1.4%
  CHTR     1     0%W -0.2%     0%W -0.3%     0%W -0.7%     0%W -0.4%     0%W -0.6%     0%W -0.2%       -0.2% → -0.2%
Pre-session top-2 (9:25, 20d EOD win rate) — 2016-01-06  OR: 09:30/3b
  #1 META   +15m 50%W -0.2%  +30m 0%W -0.5%  +1h 50%W +0.1%  +2h 100%W +0.3%  +5h 100%W +0.7%  EOD 100%W +0.7%  EOD range +0.3% → +1.2%
  #2 MU     +15m 50%W -0.1%  +30m 50%W +0.2%  +1h 100%W +1.1%  +2h 100%W +1.4%  +5h 100%W +1.6%  EOD 100%W +2.2%  EOD range +1.3% → +3.2%
  Ticker   N          +15m          +30m           +1h           +2h           +5h           EOD           EOD range
  ----------------------------------------------------------------------------------------------------------------------
  META     2    50%W -0.2%     0%W -0.5%    50%W +0.1%   100%W +0.3%   100%W +0.7%   100%W +0.7%       +0.3% → +1.2%
  MU       2    50%W -0.1%    50%W +0.2%   100%W +1.1%   100%W +1.4%   100%W +1.6%   100%W +2.2%       +1.3% → +3.2%
  MRVL     2     0%W -0.2%    50%W +0.0%    50%W -0.1%     0%W -0.5%    50%W -0.5%    50%W -0.5%       -2.2% → +1.1%
  SNPS     2    50%W +0.1%     0%W -0.1%    50%W -0.0%    50%W +0.0%    50%W -0.2%    50%W -0.1%       -0.4% → +0.3%
  LLY      2   100%W +0.4%   100%W +0.3%   100%W +0.4%    50%W -0.0%     0%W -0.6%    50%W -0.3%       -0.7% → +0.1%
  QCOM     2     0%W -0.5%     0%W -0.5%     0%W -0.5%     0%W -0.9%    50%W -0.6%    50%W -0.5%       -2.8% → +1.8%
  AVGO     2    50%W -0.2%     0%W -0.5%    50%W -0.2%     0%W -0.2%     0%W -1.2%    50%W -1.2%       -2.7% → +0.3%
  TSLA     2     0%W -1.1%     0%W -1.5%     0%W -1.6%     0%W -1.5%     0%W -1.3%     0%W -1.1%       -1.3% → -1.0%
  AMD      2     0%W -1.1%     0%W -1.8%     0%W -4.4%     0%W -4.5%     0%W -2.2%     0%W -1.5%       -1.6% → -1.4%
  CHTR     2     0%W -0.2%    50%W -0.0%    50%W -0.2%    50%W -0.2%    50%W -0.1%     0%W -0.2%       -0.2% → -0.2%
Pre-session top-2 (9:25, 20d EOD win rate) — 2016-01-07  OR: 09:30/3b
  #1 META   +15m 67%W +0.1%  +30m 33%W -0.4%  +1h 67%W +0.6%  +2h 100%W +0.5%  +5h 100%W +0.6%  EOD 100%W +1.0%  EOD range +0.3% → +1.2%
  #2 MU     +15m 67%W +0.3%  +30m 67%W +0.4%  +1h 67%W +0.7%  +2h 67%W +0.3%  +5h 67%W +1.3%  EOD 67%W +1.3%  EOD range -1.0% → +3.2%
  Ticker   N          +15m          +30m           +1h           +2h           +5h           EOD           EOD range
  ----------------------------------------------------------------------------------------------------------------------
  META     3    67%W +0.1%    33%W -0.4%    67%W +0.6%   100%W +0.5%   100%W +0.6%   100%W +1.0%       +0.3% → +1.2%
  MU       3    67%W +0.3%    67%W +0.4%    67%W +0.7%    67%W +0.3%    67%W +1.3%    67%W +1.3%       -1.0% → +3.2%
  LLY      3    67%W +0.3%   100%W +0.2%   100%W +0.5%    67%W +0.8%    33%W -0.5%    67%W +0.1%       -0.7% → +0.7%
  QCOM     3    33%W -0.2%    33%W -0.0%    33%W +0.0%    33%W -0.1%    67%W +0.7%    67%W +1.4%       -2.8% → +1.8%
  MRVL     3     0%W -0.3%    33%W +0.0%    33%W -0.3%     0%W -0.7%    33%W -1.5%    33%W -2.2%       -2.7% → +1.1%
  TSLA     3    33%W -0.7%     0%W -1.0%    33%W -1.0%    33%W -1.2%     0%W -1.2%    33%W -1.0%       -1.3% → +0.8%
  SNPS     3    33%W -0.0%     0%W -0.1%    33%W -0.0%    33%W -0.2%    33%W -0.5%    33%W -0.2%       -0.4% → +0.3%
  CHTR     3    33%W -0.2%    67%W +0.2%    67%W +0.2%    67%W +0.1%    33%W -0.1%    33%W -0.2%       -0.2% → +0.4%
  AVGO     3    67%W +0.1%    33%W -0.4%    67%W +0.2%    33%W -0.2%     0%W -1.2%    33%W -0.6%       -2.7% → +0.3%
  AMD      3     0%W -0.7%    33%W -0.7%    33%W -3.2%    33%W -3.0%     0%W -2.3%     0%W -1.6%       -5.7% → -1.4%
Pre-session top-2 (9:25, 20d EOD win rate) — 2016-01-08  OR: 09:30/3b
  #1 META   +15m 50%W -0.0%  +30m 50%W -0.2%  +1h 75%W +0.6%  +2h 100%W +0.7%  +5h 75%W +0.6%  EOD 75%W +0.6%  EOD range -2.2% → +1.2%
  #2 MU     +15m 50%W +0.0%  +30m 50%W +0.2%  +1h 50%W +0.2%  +2h 50%W -0.2%  +5h 50%W +0.0%  EOD 50%W +0.2%  EOD range -3.7% → +3.2%
  Ticker   N          +15m          +30m           +1h           +2h           +5h           EOD           EOD range
  ----------------------------------------------------------------------------------------------------------------------
  META     4    50%W -0.0%    50%W -0.2%    75%W +0.6%   100%W +0.7%    75%W +0.6%    75%W +0.6%       -2.2% → +1.2%
  MU       4    50%W +0.0%    50%W +0.2%    50%W +0.2%    50%W -0.2%    50%W +0.0%    50%W +0.2%       -3.7% → +3.2%
  MRVL     4     0%W -0.3%    25%W +0.0%    50%W -0.1%    25%W -0.5%    50%W -0.5%    50%W -0.7%       -2.7% → +1.1%
  LLY      4    75%W +0.4%   100%W +0.1%   100%W +0.7%    75%W +0.5%    25%W -0.5%    50%W -0.2%       -0.7% → +0.7%
  QCOM     4    25%W -0.2%    25%W -0.3%    25%W -0.2%    25%W -0.2%    50%W -0.6%    50%W -0.5%       -2.8% → +1.8%
  CHTR     4    50%W -0.0%    75%W +0.3%    75%W +0.4%    75%W +0.3%    25%W -0.2%    50%W -0.0%       -0.2% → +0.4%
  TSLA     4    50%W -0.4%     0%W -0.6%    50%W -0.5%    50%W -0.5%     0%W -0.8%    25%W -0.7%       -1.3% → +0.8%
  SNPS     4    50%W +0.0%     0%W -0.2%    25%W -0.1%    25%W -0.2%    25%W -0.6%    25%W -0.3%       -1.4% → +0.3%
  AVGO     4    75%W +0.1%    50%W -0.2%    75%W +0.4%    50%W +0.2%     0%W -1.6%    25%W -1.4%       -2.7% → +0.3%
  AMD      4     0%W -0.6%    25%W -1.6%    25%W -2.5%    25%W -2.6%     0%W -3.5%     0%W -3.6%       -7.2% → -1.4%
Pre-session top-2 (9:25, 20d EOD win rate) — 2016-01-11  OR: 09:30/3b
  #1 META   +15m 60%W +0.1%  +30m 40%W +0.0%  +1h 60%W +0.6%  +2h 80%W +0.5%  +5h 60%W +0.5%  EOD 60%W +0.3%  EOD range -2.4% → +1.2%
  #2 MU     +15m 60%W +0.3%  +30m 60%W +0.1%  +1h 40%W -0.3%  +2h 40%W -0.7%  +5h 40%W -1.2%  EOD 40%W -1.0%  EOD range -3.7% → +3.2%
  Ticker   N          +15m          +30m           +1h           +2h           +5h           EOD           EOD range
  ----------------------------------------------------------------------------------------------------------------------
  META     5    60%W +0.1%    40%W +0.0%    60%W +0.6%    80%W +0.5%    60%W +0.5%    60%W +0.3%       -2.4% → +1.2%
  MU       5    60%W +0.3%    60%W +0.1%    40%W -0.3%    40%W -0.7%    40%W -1.2%    40%W -1.0%       -3.7% → +3.2%
  MRVL     5     0%W -0.2%    20%W +0.0%    40%W -0.3%    40%W -0.3%    60%W +0.2%    40%W -0.4%       -2.7% → +1.1%
  LLY      5    80%W +0.4%    80%W +0.1%    80%W +0.5%    60%W +0.2%    20%W -0.5%    40%W -0.4%       -0.9% → +0.7%
  QCOM     5    40%W -0.1%    20%W -0.2%    20%W -0.3%    20%W -0.3%    40%W -0.8%    40%W -1.4%       -2.8% → +1.8%
  CHTR     5    60%W +0.2%    80%W +0.3%    80%W +0.6%    80%W +0.4%    40%W -0.1%    40%W -0.2%       -0.7% → +0.4%
  TSLA     5    60%W +0.0%    20%W -0.2%    60%W +0.0%    40%W -0.4%     0%W -1.2%    20%W -1.0%       -2.4% → +0.8%
  SNPS     5    60%W +0.1%     0%W -0.2%    20%W -0.2%    20%W -0.2%    20%W -0.8%    20%W -0.4%       -2.7% → +0.3%
  AVGO     5    80%W +0.1%    60%W +0.0%    60%W +0.2%    40%W -0.2%     0%W -1.2%    20%W -2.1%       -2.8% → +0.3%
  AMD      5    20%W -0.6%    20%W -2.5%    20%W -3.2%    20%W -3.0%     0%W -4.7%     0%W -5.7%      -10.5% → -1.4%
Pre-session top-2 (9:25, 20d EOD win rate) — 2016-01-12  OR: 09:30/3b
  #1 META   +15m 50%W -0.0%  +30m 33%W -0.2%  +1h 50%W +0.1%  +2h 67%W +0.3%  +5h 50%W -0.2%  EOD 50%W +0.0%  EOD range -2.4% → +1.2%
  #2 MRVL   +15m 17%W -0.2%  +30m 33%W +0.0%  +1h 50%W -0.1%  +2h 33%W -0.2%  +5h 50%W -0.1%  EOD 50%W +0.2%  EOD range -2.7% → +1.1%
  Ticker   N          +15m          +30m           +1h           +2h           +5h           EOD           EOD range
  ----------------------------------------------------------------------------------------------------------------------
  META     6    50%W -0.0%    33%W -0.2%    50%W +0.1%    67%W +0.3%    50%W -0.2%    50%W +0.0%       -2.4% → +1.2%
  MRVL     6    17%W -0.2%    33%W +0.0%    50%W -0.1%    33%W -0.2%    50%W -0.1%    50%W +0.2%       -2.7% → +1.1%
  CHTR     6    50%W +0.0%    83%W +0.3%    83%W +0.6%    83%W +0.2%    33%W -0.2%    50%W -0.1%       -0.7% → +0.4%
  MU       6    50%W +0.0%    67%W +0.1%    33%W -0.5%    33%W -1.0%    33%W -1.4%    33%W -2.3%       -4.1% → +3.2%
  LLY      6    67%W +0.3%    67%W +0.1%    67%W +0.4%    50%W -0.1%    17%W -0.5%    33%W -0.6%       -0.9% → +0.7%
  QCOM     6    50%W -0.0%    33%W -0.1%    17%W -0.3%    17%W -0.7%    33%W -1.2%    33%W -1.0%       -2.8% → +1.8%
  TSLA     6    50%W -0.4%    17%W -0.6%    50%W -0.5%    33%W -0.8%     0%W -1.3%    17%W -1.1%       -2.4% → +0.8%
  AMD      6    33%W -0.3%    33%W -1.6%    33%W -2.5%    33%W -2.6%    17%W -3.5%    17%W -3.6%      -10.5% → +8.8%
  SNPS     6    50%W +0.0%     0%W -0.2%    17%W -0.2%    17%W -0.3%    17%W -0.8%    17%W -0.6%       -2.7% → +0.3%
  AVGO     6    67%W +0.1%    50%W -0.0%    50%W -0.0%    33%W -0.2%     0%W -1.3%    17%W -1.4%       -2.8% → +0.3%
Pre-session top-2 (9:25, 20d EOD win rate) — 2016-01-13  OR: 09:30/3b
  #1 MRVL   +15m 29%W -0.2%  +30m 43%W +0.0%  +1h 57%W +0.1%  +2h 43%W -0.1%  +5h 43%W -0.1%  EOD 57%W +0.8%  EOD range -2.7% → +1.1%
  #2 META   +15m 43%W -0.1%  +30m 29%W -0.3%  +1h 43%W -0.1%  +2h 57%W +0.1%  +5h 43%W -0.9%  EOD 43%W -0.2%  EOD range -2.4% → +1.2%
  Ticker   N          +15m          +30m           +1h           +2h           +5h           EOD           EOD range
  ----------------------------------------------------------------------------------------------------------------------
  MRVL     7    29%W -0.2%    43%W +0.0%    57%W +0.1%    43%W -0.1%    43%W -0.1%    57%W +0.8%       -2.7% → +1.1%
  META     7    43%W -0.1%    29%W -0.3%    43%W -0.1%    57%W +0.1%    43%W -0.9%    43%W -0.2%       -2.4% → +1.2%
  QCOM     7    43%W -0.1%    29%W -0.2%    14%W -0.3%    14%W -1.1%    29%W -0.8%    43%W -0.7%       -2.8% → +1.8%
  CHTR     7    57%W +0.0%    71%W +0.3%    71%W +0.5%    71%W +0.1%    29%W -0.4%    43%W -0.2%       -1.4% → +0.4%
  MU       7    43%W -0.3%    57%W +0.1%    29%W -0.7%    29%W -1.4%    29%W -1.6%    29%W -2.6%       -4.1% → +3.2%
  AMD      7    29%W -0.4%    43%W -0.7%    43%W -1.8%    43%W -2.2%    14%W -2.3%    29%W -1.6%      -10.5% → +8.8%
  LLY      7    57%W +0.3%    57%W +0.0%    57%W +0.3%    43%W -0.4%    14%W -0.5%    29%W -0.4%       -0.9% → +0.7%
  TSLA     7    43%W -0.4%    14%W -0.8%    43%W -0.8%    29%W -1.2%     0%W -1.4%    14%W -1.3%       -2.4% → +0.8%
  SNPS     7    43%W -0.0%     0%W -0.2%    14%W -0.2%    14%W -0.4%    14%W -0.8%    14%W -0.9%       -2.7% → +0.3%
  AVGO     7    57%W +0.1%    43%W -0.1%    43%W -0.2%    29%W -0.2%     0%W -1.4%    14%W -0.8%       -2.8% → +0.3%
Pre-session top-2 (9:25, 20d EOD win rate) — 2016-01-14  OR: 09:30/3b
  #1 MRVL   +15m 38%W -0.1%  +30m 38%W +0.0%  +1h 50%W -0.1%  +2h 38%W -0.2%  +5h 38%W -0.3%  EOD 50%W +0.2%  EOD range -3.6% → +1.1%
  #2 META   +15m 38%W -0.2%  +30m 25%W -0.3%  +1h 38%W -0.2%  +2h 50%W +0.0%  +5h 38%W -0.9%  EOD 38%W -0.2%  EOD range -3.9% → +1.2%
  Ticker   N          +15m          +30m           +1h           +2h           +5h           EOD           EOD range
  ----------------------------------------------------------------------------------------------------------------------
  MRVL     8    38%W -0.1%    38%W +0.0%    50%W -0.1%    38%W -0.2%    38%W -0.3%    50%W +0.2%       -3.6% → +1.1%
  META     8    38%W -0.2%    25%W -0.3%    38%W -0.2%    50%W +0.0%    38%W -0.9%    38%W -0.2%       -3.9% → +1.2%
  QCOM     8    38%W -0.1%    25%W -0.3%    12%W -0.6%    12%W -1.2%    25%W -1.2%    38%W -1.0%       -3.5% → +1.8%
  CHTR     8    50%W -0.1%    62%W +0.3%    62%W +0.4%    62%W +0.1%    25%W -0.4%    38%W -0.2%       -4.8% → +0.4%
  MU       8    38%W -0.3%    50%W +0.0%    25%W -0.8%    25%W -1.7%    25%W -2.2%    25%W -3.1%       -6.2% → +3.2%
  AMD      8    25%W -0.4%    38%W -0.7%    38%W -2.5%    38%W -2.6%    12%W -3.5%    25%W -3.6%      -10.5% → +8.8%
  LLY      8    50%W +0.1%    50%W -0.0%    50%W +0.0%    38%W -0.3%    12%W -0.6%    25%W -0.6%       -1.5% → +0.7%
  TSLA     8    38%W -0.6%    12%W -0.9%    38%W -0.9%    25%W -1.5%     0%W -1.5%    12%W -1.3%       -5.5% → +0.8%
  SNPS     8    38%W -0.1%     0%W -0.3%    12%W -0.4%    12%W -0.4%    12%W -1.1%    12%W -0.9%       -3.4% → +0.3%
  AVGO     8    50%W -0.1%    38%W -0.3%    38%W -0.4%    25%W -0.7%     0%W -1.5%    12%W -1.5%       -4.6% → +0.3%
Pre-session top-2 (9:25, 20d EOD win rate) — 2016-01-15  OR: 09:30/3b
  #1 MRVL   +15m 33%W -0.2%  +30m 44%W +0.0%  +1h 56%W +0.1%  +2h 33%W -0.3%  +5h 44%W -0.1%  EOD 56%W +0.8%  EOD range -3.6% → +1.1%
  #2 META   +15m 33%W -0.4%  +30m 22%W -0.4%  +1h 44%W -0.1%  +2h 56%W +0.1%  +5h 44%W -0.9%  EOD 44%W -0.2%  EOD range -3.9% → +3.4%
  Ticker   N          +15m          +30m           +1h           +2h           +5h           EOD           EOD range
  ----------------------------------------------------------------------------------------------------------------------
  MRVL     9    33%W -0.2%    44%W +0.0%    56%W +0.1%    33%W -0.3%    44%W -0.1%    56%W +0.8%       -3.6% → +1.1%
  META     9    33%W -0.4%    22%W -0.4%    44%W -0.1%    56%W +0.1%    44%W -0.9%    44%W -0.2%       -3.9% → +3.4%
  QCOM     9    33%W -0.1%    22%W -0.2%    22%W -0.3%    22%W -1.1%    33%W -0.8%    44%W -0.7%       -3.5% → +3.3%
  CHTR     9    44%W -0.2%    67%W +0.2%    67%W +0.5%    67%W +0.1%    33%W -0.4%    44%W -0.2%       -4.8% → +1.4%
  MU       9    33%W -0.3%    44%W -0.0%    33%W -0.7%    22%W -1.5%    33%W -1.6%    33%W -2.6%       -6.2% → +3.2%
  LLY      9    44%W +0.0%    56%W +0.0%    56%W +0.3%    44%W -0.2%    22%W -0.5%    33%W -0.4%       -1.5% → +4.4%
  TSLA     9    33%W -0.7%    11%W -0.8%    44%W -0.8%    33%W -1.2%    11%W -1.4%    22%W -1.3%       -5.5% → +3.8%
  AMD      9    22%W -0.4%    44%W -0.6%    44%W -1.8%    44%W -2.2%    22%W -2.3%    22%W -1.8%      -10.5% → +8.8%
  SNPS     9    33%W -0.1%     0%W -0.2%    22%W -0.2%    22%W -0.4%    22%W -0.8%    22%W -0.9%       -3.4% → +1.8%
  AVGO     9    44%W -0.3%    33%W -0.4%    44%W -0.2%    22%W -0.2%    11%W -1.4%    22%W -0.8%       -4.6% → +2.1%
Pre-session top-2 (9:25, 20d EOD win rate) — 2016-01-19  OR: 09:30/3b
  #1 MRVL   +15m 30%W -0.2%  +30m 40%W +0.0%  +1h 50%W -0.0%  +2h 30%W -0.5%  +5h 40%W -0.3%  EOD 50%W +0.2%  EOD range -3.6% → +1.1%
  #2 META   +15m 30%W -0.2%  +30m 20%W -0.3%  +1h 40%W -0.2%  +2h 50%W +0.0%  +5h 40%W -0.9%  EOD 40%W -0.2%  EOD range -3.9% → +3.4%
  Ticker   N          +15m          +30m           +1h           +2h           +5h           EOD           EOD range
  ----------------------------------------------------------------------------------------------------------------------
  MRVL    10    30%W -0.2%    40%W +0.0%    50%W -0.0%    30%W -0.5%    40%W -0.3%    50%W +0.2%       -3.6% → +1.1%
  META    10    30%W -0.2%    20%W -0.3%    40%W -0.2%    50%W +0.0%    40%W -0.9%    40%W -0.2%       -3.9% → +3.4%
  LLY     10    40%W +0.0%    50%W -0.0%    60%W +0.2%    50%W -0.0%    20%W -0.5%    40%W -0.4%       -1.5% → +4.4%
  QCOM    10    40%W -0.1%    30%W -0.1%    20%W -0.3%    20%W -1.0%    30%W -0.7%    40%W -0.7%       -3.5% → +3.3%
  CHTR    10    40%W -0.1%    60%W +0.2%    60%W +0.3%    60%W +0.1%    30%W -0.4%    40%W -0.2%       -4.8% → +1.4%
  MU      10    30%W -0.3%    40%W -0.2%    30%W -0.8%    20%W -1.8%    30%W -2.2%    30%W -3.1%       -6.2% → +3.2%
  TSLA    10    30%W -0.6%    10%W -0.7%    40%W -0.9%    40%W -0.8%    20%W -1.3%    30%W -1.1%       -5.5% → +3.8%
  SNPS    10    30%W -0.2%     0%W -0.3%    30%W -0.2%    20%W -0.3%    20%W -0.8%    30%W -0.6%       -3.4% → +1.8%
  AMD     10    30%W -0.4%    50%W -0.1%    50%W -0.3%    40%W -1.9%    20%W -2.2%    20%W -1.9%      -10.5% → +8.8%
  AVGO    10    40%W -0.4%    30%W -0.5%    40%W -0.2%    20%W -0.7%    10%W -1.5%    20%W -1.5%       -4.6% → +2.1%
Pre-session top-2 (9:25, 20d EOD win rate) — 2016-01-20  OR: 09:30/3b
  #1 MRVL   +15m 36%W -0.2%  +30m 45%W +0.0%  +1h 45%W -0.1%  +2h 27%W -0.7%  +5h 36%W -0.5%  EOD 45%W -0.4%  EOD range -3.6% → +1.1%
  #2 LLY    +15m 45%W +0.0%  +30m 55%W +0.0%  +1h 64%W +0.3%  +2h 55%W +0.2%  +5h 27%W -0.5%  EOD 45%W -0.3%  EOD range -1.5% → +4.4%
  Ticker   N          +15m          +30m           +1h           +2h           +5h           EOD           EOD range
  ----------------------------------------------------------------------------------------------------------------------
  MRVL    11    36%W -0.2%    45%W +0.0%    45%W -0.1%    27%W -0.7%    36%W -0.5%    45%W -0.4%       -3.6% → +1.1%
  LLY     11    45%W +0.0%    55%W +0.0%    64%W +0.3%    55%W +0.2%    27%W -0.5%    45%W -0.3%       -1.5% → +4.4%
  QCOM    11    45%W -0.1%    27%W -0.1%    18%W -0.3%    27%W -0.9%    27%W -0.8%    45%W -0.6%       -3.5% → +3.3%
  CHTR    11    36%W -0.2%    55%W +0.1%    64%W +0.5%    64%W +0.1%    27%W -0.4%    45%W -0.2%       -4.8% → +1.4%
  META    11    27%W -0.4%    18%W -0.4%    36%W -0.2%    45%W -0.1%    36%W -0.9%    36%W -0.2%       -3.9% → +3.4%
  MU      11    36%W -0.3%    36%W -0.0%    36%W -0.7%    18%W -1.5%    27%W -2.8%    27%W -3.6%       -6.2% → +3.2%
  TSLA    11    27%W -0.7%    18%W -0.7%    45%W -0.8%    45%W -0.4%    18%W -1.4%    27%W -1.0%       -5.5% → +3.8%
  SNPS    11    36%W -0.1%     9%W -0.2%    36%W -0.1%    27%W -0.3%    18%W -0.8%    27%W -0.7%       -3.4% → +1.8%
  AMD     11    36%W -0.4%    45%W +0.0%    45%W -0.2%    36%W -2.2%    18%W -2.3%    18%W -1.9%      -10.5% → +8.8%
  AVGO    11    36%W -0.5%    27%W -0.4%    36%W -0.2%    18%W -0.9%     9%W -1.6%    18%W -2.1%       -4.6% → +2.1%
Pre-session top-2 (9:25, 20d EOD win rate) — 2016-01-21  OR: 09:30/3b
  #1 MRVL   +15m 33%W -0.2%  +30m 42%W +0.0%  +1h 42%W -0.1%  +2h 25%W -0.5%  +5h 42%W -0.3%  EOD 50%W +0.2%  EOD range -3.6% → +6.1%
  #2 LLY    +15m 42%W +0.0%  +30m 58%W +0.1%  +1h 67%W +0.3%  +2h 50%W -0.0%  +5h 25%W -0.4%  EOD 50%W -0.1%  EOD range -1.5% → +4.4%
  Ticker   N          +15m          +30m           +1h           +2h           +5h           EOD           EOD range
  ----------------------------------------------------------------------------------------------------------------------
  MRVL    12    33%W -0.2%    42%W +0.0%    42%W -0.1%    25%W -0.5%    42%W -0.3%    50%W +0.2%       -3.6% → +6.1%
  LLY     12    42%W +0.0%    58%W +0.1%    67%W +0.3%    50%W -0.0%    25%W -0.4%    50%W -0.1%       -1.5% → +4.4%
  QCOM    12    50%W -0.0%    33%W -0.1%    17%W -0.3%    25%W -0.7%    25%W -0.7%    50%W -0.2%       -3.5% → +3.3%
  CHTR    12    42%W -0.1%    50%W +0.0%    58%W +0.3%    58%W +0.1%    33%W -0.2%    50%W -0.1%       -4.8% → +3.7%
  META    12    25%W -0.4%    17%W -0.5%    33%W -0.3%    42%W -0.3%    33%W -0.9%    42%W -0.2%       -3.9% → +3.4%
  TSLA    12    25%W -0.8%    17%W -0.7%    42%W -0.4%    42%W -0.3%    17%W -1.3%    33%W -0.8%       -5.5% → +3.8%
  SNPS    12    33%W -0.2%     8%W -0.3%    33%W -0.2%    33%W -0.3%    25%W -0.8%    33%W -0.5%       -3.4% → +1.8%
  MU      12    33%W -0.3%    33%W -0.2%    33%W -0.8%    17%W -1.8%    25%W -2.3%    25%W -3.1%       -6.2% → +3.2%
  AVGO    12    33%W -0.6%    33%W -0.3%    33%W -0.2%    25%W -0.6%    17%W -1.5%    25%W -1.5%       -4.6% → +4.4%
  AMD     12    42%W -0.2%    50%W +0.2%    42%W -0.1%    33%W -2.3%    17%W -3.2%    17%W -3.2%      -10.5% → +8.8%
Pre-session top-2 (9:25, 20d EOD win rate) — 2016-01-22  OR: 09:30/3b
  #1 MRVL   +15m 31%W -0.2%  +30m 46%W +0.0%  +1h 46%W -0.1%  +2h 31%W -0.3%  +5h 46%W -0.1%  EOD 54%W +0.8%  EOD range -3.6% → +6.1%
  #2 LLY    +15m 46%W +0.0%  +30m 62%W +0.1%  +1h 69%W +0.3%  +2h 54%W +0.2%  +5h 31%W -0.4%  EOD 54%W +0.1%  EOD range -1.5% → +4.4%
  Ticker   N          +15m          +30m           +1h           +2h           +5h           EOD           EOD range
  ----------------------------------------------------------------------------------------------------------------------
  MRVL    13    31%W -0.2%    46%W +0.0%    46%W -0.1%    31%W -0.3%    46%W -0.1%    54%W +0.8%       -3.6% → +6.1%
  LLY     13    46%W +0.0%    62%W +0.1%    69%W +0.3%    54%W +0.2%    31%W -0.4%    54%W +0.1%       -1.5% → +4.4%
  QCOM    13    46%W -0.1%    38%W -0.1%    23%W -0.3%    31%W -0.5%    31%W -0.7%    54%W +0.1%       -3.5% → +3.3%
  CHTR    13    46%W -0.0%    54%W +0.1%    62%W +0.5%    62%W +0.1%    31%W -0.2%    54%W +0.0%       -4.8% → +3.7%
  META    13    31%W -0.4%    23%W -0.4%    38%W -0.2%    46%W -0.1%    38%W -0.9%    46%W -0.2%       -3.9% → +3.4%
  TSLA    13    31%W -0.7%    23%W -0.7%    46%W -0.0%    46%W -0.2%    23%W -1.2%    38%W -0.7%       -5.5% → +3.8%
  MU      13    31%W -0.3%    38%W -0.0%    38%W -0.7%    23%W -1.5%    31%W -1.8%    31%W -2.6%       -6.2% → +3.8%
  SNPS    13    31%W -0.2%    15%W -0.2%    38%W -0.1%    38%W -0.2%    31%W -0.8%    31%W -0.4%       -3.4% → +1.8%
  AVGO    13    31%W -0.6%    38%W -0.1%    38%W -0.1%    31%W -0.2%    23%W -1.4%    31%W -0.8%       -4.6% → +4.4%
  AMD     13    46%W +0.0%    54%W +0.5%    46%W +0.0%    38%W -2.2%    23%W -2.3%    23%W -1.9%     -10.5% → +13.7%
Pre-session top-2 (9:25, 20d EOD win rate) — 2016-01-25  OR: 09:30/3b
  #1 LLY    +15m 50%W +0.0%  +30m 64%W +0.1%  +1h 71%W +0.4%  +2h 50%W +0.0%  +5h 29%W -0.4%  EOD 57%W +0.1%  EOD range -1.5% → +4.4%
  #2 QCOM   +15m 43%W -0.1%  +30m 43%W -0.0%  +1h 21%W -0.3%  +2h 29%W -0.6%  +5h 29%W -0.5%  EOD 57%W +0.1%  EOD range -3.5% → +3.3%
  Ticker   N          +15m          +30m           +1h           +2h           +5h           EOD           EOD range
  ----------------------------------------------------------------------------------------------------------------------
  LLY     14    50%W +0.0%    64%W +0.1%    71%W +0.4%    50%W +0.0%    29%W -0.4%    57%W +0.1%       -1.5% → +4.4%
  QCOM    14    43%W -0.1%    43%W -0.0%    21%W -0.3%    29%W -0.6%    29%W -0.5%    57%W +0.1%       -3.5% → +3.3%
  CHTR    14    50%W +0.0%    50%W +0.0%    57%W +0.3%    57%W +0.1%    36%W -0.1%    57%W +0.1%       -4.8% → +3.7%
  META    14    36%W -0.2%    29%W -0.3%    43%W -0.2%    50%W +0.0%    43%W -0.5%    50%W +0.1%       -3.9% → +3.4%
  MRVL    14    29%W -0.3%    43%W +0.0%    43%W -0.1%    29%W -0.5%    43%W -0.3%    50%W +0.2%       -3.6% → +6.1%
  TSLA    14    29%W -0.6%    29%W -0.5%    50%W -0.0%    43%W -0.3%    21%W -1.0%    36%W -0.6%       -5.5% → +3.8%
  SNPS    14    36%W -0.2%    21%W -0.2%    43%W -0.1%    43%W -0.2%    36%W -0.6%    36%W -0.3%       -3.4% → +1.8%
  MU      14    36%W -0.3%    43%W -0.0%    43%W -0.5%    21%W -1.4%    29%W -2.0%    29%W -2.1%       -6.2% → +3.8%
  AVGO    14    36%W -0.6%    36%W -0.2%    36%W -0.2%    29%W -0.4%    21%W -1.3%    29%W -0.8%       -4.6% → +4.4%
  AMD     14    43%W -0.2%    50%W +0.2%    43%W -0.1%    36%W -2.2%    21%W -2.2%    21%W -1.9%     -10.5% → +13.7%
Pre-session top-2 (9:25, 20d EOD win rate) — 2016-01-26  OR: 09:30/3b
  #1 MRVL   +15m 33%W -0.2%  +30m 47%W +0.0%  +1h 47%W -0.1%  +2h 33%W -0.3%  +5h 47%W -0.1%  EOD 53%W +0.8%  EOD range -3.6% → +6.1%
  #2 LLY    +15m 47%W +0.0%  +30m 60%W +0.1%  +1h 73%W +0.3%  +2h 47%W -0.1%  +5h 27%W -0.4%  EOD 53%W +0.1%  EOD range -1.5% → +4.4%
  Ticker   N          +15m          +30m           +1h           +2h           +5h           EOD           EOD range
  ----------------------------------------------------------------------------------------------------------------------
  MRVL    15    33%W -0.2%    47%W +0.0%    47%W -0.1%    33%W -0.3%    47%W -0.1%    53%W +0.8%       -3.6% → +6.1%
  LLY     15    47%W +0.0%    60%W +0.1%    73%W +0.3%    47%W -0.1%    27%W -0.4%    53%W +0.1%       -1.5% → +4.4%
  QCOM    15    47%W -0.0%    47%W -0.0%    20%W -0.2%    27%W -0.5%    33%W -0.4%    53%W +0.1%       -3.5% → +3.3%
  CHTR    15    53%W +0.0%    47%W -0.0%    53%W +0.2%    53%W +0.1%    33%W -0.2%    53%W +0.0%       -4.8% → +3.7%
  META    15    40%W -0.1%    33%W -0.3%    47%W -0.1%    47%W -0.1%    40%W -0.4%    47%W -0.2%       -3.9% → +3.4%
  TSLA    15    27%W -0.5%    27%W -0.7%    47%W -0.0%    40%W -0.4%    20%W -1.2%    33%W -0.7%       -5.5% → +3.8%
  SNPS    15    33%W -0.1%    20%W -0.2%    40%W -0.1%    40%W -0.2%    33%W -0.5%    33%W -0.4%       -3.4% → +1.8%
  MU      15    33%W -0.3%    40%W -0.0%    40%W -0.7%    20%W -1.5%    27%W -2.1%    27%W -2.6%       -6.2% → +3.8%
  AMD     15    47%W +0.0%    53%W +0.5%    47%W +0.0%    40%W -2.1%    27%W -2.1%    27%W -1.9%     -10.5% → +13.7%
  AVGO    15    33%W -0.5%    33%W -0.2%    33%W -0.1%    27%W -0.3%    20%W -1.2%    27%W -0.8%       -4.6% → +4.4%
Pre-session top-2 (9:25, 20d EOD win rate) — 2016-01-27  OR: 09:30/3b
  #1 MRVL   +15m 38%W -0.2%  +30m 50%W +0.0%  +1h 50%W -0.0%  +2h 38%W -0.2%  +5h 50%W +0.1%  EOD 56%W +0.8%  EOD range -3.6% → +6.1%
  #2 LLY    +15m 44%W +0.0%  +30m 56%W +0.1%  +1h 69%W +0.3%  +2h 44%W -0.1%  +5h 25%W -0.4%  EOD 56%W +0.0%  EOD range -1.5% → +4.4%
  Ticker   N          +15m          +30m           +1h           +2h           +5h           EOD           EOD range
  ----------------------------------------------------------------------------------------------------------------------
  MRVL    16    38%W -0.2%    50%W +0.0%    50%W -0.0%    38%W -0.2%    50%W +0.1%    56%W +0.8%       -3.6% → +6.1%
  LLY     16    44%W +0.0%    56%W +0.1%    69%W +0.3%    44%W -0.1%    25%W -0.4%    56%W +0.0%       -1.5% → +4.4%
  QCOM    16    44%W -0.1%    50%W -0.0%    25%W -0.2%    31%W -0.4%    38%W -0.3%    56%W +0.1%       -3.5% → +3.3%
  META    16    38%W -0.2%    31%W -0.3%    44%W -0.1%    50%W -0.0%    44%W -0.3%    50%W +0.1%       -3.9% → +3.4%
  CHTR    16    50%W -0.0%    44%W -0.1%    50%W +0.1%    50%W +0.0%    31%W -0.2%    50%W -0.1%       -4.8% → +3.7%
  TSLA    16    25%W -0.6%    25%W -0.7%    44%W -0.3%    38%W -0.5%    25%W -1.0%    38%W -0.6%       -5.5% → +3.8%
  SNPS    16    38%W -0.1%    25%W -0.2%    44%W -0.1%    44%W -0.2%    38%W -0.5%    38%W -0.3%       -3.4% → +1.8%
  MU      16    31%W -0.3%    44%W -0.0%    44%W -0.5%    25%W -1.4%    31%W -2.0%    31%W -2.1%       -6.2% → +3.8%
  AMD     16    44%W -0.2%    50%W +0.2%    44%W -0.1%    38%W -1.8%    31%W -2.1%    25%W -1.8%     -10.5% → +13.7%
  AVGO    16    31%W -0.4%    31%W -0.2%    38%W -0.1%    31%W -0.3%    25%W -1.1%    25%W -0.8%       -4.6% → +4.4%
Pre-session top-2 (9:25, 20d EOD win rate) — 2016-01-28  OR: 09:30/3b
  #1 MRVL   +15m 35%W -0.2%  +30m 47%W +0.0%  +1h 47%W -0.1%  +2h 41%W -0.1%  +5h 47%W -0.1%  EOD 53%W +0.8%  EOD range -3.6% → +6.1%
  #2 LLY    +15m 41%W +0.0%  +30m 53%W +0.0%  +1h 65%W +0.2%  +2h 47%W -0.1%  +5h 24%W -0.4%  EOD 53%W +0.0%  EOD range -1.5% → +4.4%
  Ticker   N          +15m          +30m           +1h           +2h           +5h           EOD           EOD range
  ----------------------------------------------------------------------------------------------------------------------
  MRVL    17    35%W -0.2%    47%W +0.0%    47%W -0.1%    41%W -0.1%    47%W -0.1%    53%W +0.8%       -3.6% → +6.1%
  LLY     17    41%W +0.0%    53%W +0.0%    65%W +0.2%    47%W -0.1%    24%W -0.4%    53%W +0.0%       -1.5% → +4.4%
  QCOM    17    41%W -0.1%    47%W -0.0%    29%W -0.2%    35%W -0.3%    35%W -0.3%    53%W +0.1%       -3.5% → +3.3%
  META    17    41%W -0.1%    29%W -0.3%    41%W -0.1%    47%W -0.1%    41%W -0.4%    47%W -0.2%       -3.9% → +3.4%
  CHTR    17    47%W -0.0%    41%W -0.1%    47%W -0.1%    53%W +0.1%    29%W -0.2%    47%W -0.2%       -4.8% → +3.7%
  TSLA    17    24%W -0.6%    24%W -0.8%    41%W -0.6%    41%W -0.4%    24%W -1.2%    35%W -0.7%       -5.5% → +3.8%
  SNPS    17    35%W -0.1%    24%W -0.1%    47%W -0.0%    47%W -0.2%    35%W -0.5%    35%W -0.2%       -3.4% → +1.8%
  MU      17    35%W -0.3%    47%W +0.0%    41%W -0.5%    24%W -1.4%    29%W -2.1%    29%W -2.4%       -6.2% → +3.8%
  AMD     17    41%W -0.2%    47%W +0.0%    47%W +0.0%    41%W -1.5%    35%W -2.1%    29%W -1.8%     -10.5% → +13.7%
  AVGO    17    29%W -0.5%    29%W -0.2%    35%W -0.1%    35%W -0.2%    24%W -1.2%    24%W -0.8%       -4.6% → +4.4%
Pre-session top-2 (9:25, 20d EOD win rate) — 2016-01-29  OR: 09:30/3b
  #1 MRVL   +15m 33%W -0.2%  +30m 44%W +0.0%  +1h 44%W -0.1%  +2h 39%W -0.2%  +5h 50%W +0.1%  EOD 56%W +0.8%  EOD range -3.6% → +6.1%
  #2 META   +15m 39%W -0.1%  +30m 28%W -0.3%  +1h 39%W -0.2%  +2h 50%W -0.0%  +5h 44%W -0.3%  EOD 50%W +0.1%  EOD range -3.9% → +3.4%
  Ticker   N          +15m          +30m           +1h           +2h           +5h           EOD           EOD range
  ----------------------------------------------------------------------------------------------------------------------
  MRVL    18    33%W -0.2%    44%W +0.0%    44%W -0.1%    39%W -0.2%    50%W +0.1%    56%W +0.8%       -3.6% → +6.1%
  META    18    39%W -0.1%    28%W -0.3%    39%W -0.2%    50%W -0.0%    44%W -0.3%    50%W +0.1%       -3.9% → +3.4%
  LLY     18    39%W -0.0%    50%W -0.0%    61%W +0.1%    44%W -0.1%    22%W -0.4%    50%W -0.1%       -5.2% → +4.4%
  QCOM    18    44%W -0.1%    44%W -0.0%    33%W -0.1%    33%W -0.4%    33%W -0.3%    50%W -0.2%       -3.5% → +3.3%
  CHTR    18    50%W -0.0%    39%W -0.1%    44%W -0.1%    56%W +0.1%    33%W -0.2%    50%W -0.1%       -4.8% → +3.7%
  TSLA    18    28%W -0.5%    28%W -0.7%    39%W -0.7%    39%W -0.5%    28%W -1.0%    39%W -0.6%       -5.5% → +3.8%
  SNPS    18    33%W -0.1%    22%W -0.2%    44%W -0.1%    44%W -0.2%    33%W -0.4%    33%W -0.3%       -3.4% → +1.8%
  MU      18    33%W -0.3%    44%W -0.0%    39%W -0.6%    22%W -1.4%    28%W -2.1%    28%W -2.1%       -6.2% → +3.8%
  AMD     18    39%W -0.2%    44%W -0.2%    44%W -0.1%    39%W -1.3%    33%W -2.0%    28%W -1.7%     -10.5% → +13.7%
  AVGO    18    33%W -0.4%    28%W -0.3%    33%W -0.2%    33%W -0.3%    28%W -1.1%    28%W -0.8%       -4.6% → +4.4%

=========================================================================================================================================================================================
Pre-Session Top-2 Performance — 2016-01-04 to 2016-01-29  |  Unconditional OR-close entry  |  OR: 09:30/3b
=========================================================================================================================================================================================
Date         Ticker Rank  At       Entry       +15m       +30m       +45m        +1h     +1h30m        +2h        +3h        +4h        +5h        +6h        +7h        EOD
-----------------------------------------------------------------------------------------------------------------------------------------------------------------------------------------
2016-01-05   META   #1    09:40   102.46    -0.61%L    -0.36%L    +0.10%W    +0.61%W    +0.28%W    +0.12%W    -0.04%L    +0.65%W    +0.69%W    +0.59%W    +0.26%W    +0.26%W
2016-01-05   MU     #2    09:40    14.64    +0.27%W    +0.38%W    +0.55%W    +1.57%W    +2.49%W    +2.56%W    +1.88%W    +1.43%W    +1.30%W    +1.54%W    +1.30%W    +1.30%W
2016-01-06   META   #1    09:40   101.97    +0.09%W    +0.10%W    +0.59%W    +0.84%W    +1.24%W    +1.17%W    +1.26%W    +1.08%W    +0.52%W    +0.90%W    +0.97%W    +0.97%W
2016-01-06   MU     #2    09:40    14.35    +1.05%W    +1.04%W    +1.01%W    -0.35%L    -0.38%L    -0.70%L    -0.77%L    -1.26%L    -1.22%L    -0.84%L    -0.98%L    -0.98%L
2016-01-07   META   #1    09:40   100.17    -0.12%L    +0.04%W    +0.68%W    +0.63%W    +0.79%W    +0.98%W    +0.29%W    -2.14%L    -1.66%L    -1.89%L    -2.25%L    -2.25%L
2016-01-07   MU     #2    09:40    14.20    -0.27%L    -1.01%L    -1.47%L    -1.01%L    -0.94%L    -1.36%L    -1.96%L    -2.92%L    -2.81%L    -3.44%L    -3.72%L    -3.72%L
2016-01-08   META   #1    09:40    99.68    +0.73%W    +0.00%L    +0.59%W    -0.38%L    -0.87%L    -1.46%L    -0.63%L    -0.61%L    -0.92%L    -1.96%L    -2.36%L    -2.36%L
2016-01-08   MU     #2    09:40    13.81    +0.43%W    +0.11%W    -0.25%L    -0.69%L    -1.44%L    -2.10%L    -1.27%L    -1.05%L    -1.56%L    -3.15%L    -3.62%L    -3.62%L
2016-01-11   META   #1    09:40    97.67    -0.75%L    -0.54%L    -0.48%L    -0.50%L    -1.31%L    -0.57%L    -0.99%L    -1.64%L    -0.90%L    +0.03%W    -0.17%L    -0.17%L
2016-01-11   MU     #2    09:40    13.05    -0.31%L    +0.11%W    -3.03%L    -2.64%L    -2.87%L    -3.75%L    -4.33%L    -5.09%L    -4.40%L    -3.87%L    -4.10%L    -4.10%L
2016-01-12   META   #1    09:40    99.51    -0.36%L    -0.26%L    -0.48%L    -0.10%L    -0.80%L    -0.75%L    -0.98%L    -0.69%L    -0.88%L    +0.23%W    -0.15%L    -0.15%L
2016-01-12   MRVL   #2    09:40     8.40    +0.42%W    +0.83%W    +2.38%W    +2.32%W    +1.19%W    +0.48%W    -0.24%L    -0.60%L    -0.12%L    +1.25%W    +1.01%W    +1.01%W
2016-01-13   MRVL   #1    09:40     8.60    +0.06%W    -0.52%L    -0.47%L    -1.80%L    -2.50%L    -2.44%L    -1.98%L    -2.85%L    -3.60%L    -3.26%L    -3.60%L    -3.60%L
2016-01-13   META   #2    09:40    99.29    -0.35%L    -0.98%L    -0.64%L    -0.24%L    -0.33%L    -0.06%L    -1.11%L    -1.98%L    -3.95%L    -3.41%L    -3.87%L    -3.87%L
2016-01-14   MRVL   #1    09:40     8.26    -0.48%L    +0.36%W    +0.67%W    +0.85%W    +0.12%W    -1.33%L    -0.18%L    +0.54%W    +0.97%W    +1.03%W    +1.09%W    +1.09%W
2016-01-14   META   #2    09:40    95.11    -2.33%L    -1.09%L    +0.90%W    +1.14%W    +0.98%W    +0.70%W    +1.22%W    +1.97%W    +3.15%W    +3.34%W    +3.41%W    +3.41%W
2016-01-15   MRVL   #1    09:40     8.21    -0.61%L    -0.24%L    -0.61%L    -0.12%L    -1.10%L    -1.58%L    -2.73%L    -2.44%L    -1.10%L    -1.10%L    -1.22%L    -1.22%L
2016-01-15   META   #2    09:40    95.53    -0.07%L    -0.32%L    -0.12%L    -0.81%L    -1.23%L    -0.63%L    -1.34%L    -0.67%L    -1.15%L    -0.67%L    -0.57%L    -0.57%L
2016-01-19   MRVL   #1    09:40     8.05    +0.87%W    +0.50%W    -0.50%L    -0.99%L    -1.74%L    -1.12%L    -1.99%L    -2.36%L    -3.48%L    -3.17%L    -3.48%L    -3.48%L
2016-01-19   META   #2    09:40    96.93    -0.52%L    -0.96%L    -0.38%L    -0.38%L    -1.15%L    -0.65%L    -1.67%L    -1.86%L    -2.77%L    -1.66%L    -1.72%L    -1.72%L
2016-01-20   MRVL   #1    09:40     7.46    -0.54%L    -0.48%L    -0.47%L    -0.07%L    -0.07%L    -0.07%L    +0.94%W    +3.68%W    +4.22%W    +6.23%W    +6.10%W    +6.10%W
2016-01-20   LLY    #2    09:40    82.42    -0.06%L    +0.75%W    +0.75%W    +0.21%W    -0.56%L    -0.99%L    -2.27%L    +0.50%W    -0.30%L    +0.58%W    +0.25%W    +0.25%W
2016-01-21   MRVL   #1    09:40     7.91    -0.95%L    +0.38%W    +0.00%L    +1.14%W    +1.96%W    +1.01%W    +2.82%W    +2.78%W    +2.72%W    +2.53%W    +2.59%W    +2.59%W
2016-01-21   LLY    #2    09:40    80.92    +0.06%W    +1.36%W    +0.95%W    +1.14%W    +0.84%W    +0.57%W    +0.40%W    +0.77%W    +0.70%W    +1.00%W    +0.61%W    +0.61%W2026-06-02 19:18:50,546 WARNING META 2016-01-04: insufficient history for vol_20day_avg, skipping
2026-06-02 19:18:50,548 WARNING MU 2016-01-04: insufficient history for vol_20day_avg, skipping
2026-06-02 19:18:50,549 WARNING MRVL 2016-01-04: insufficient history for vol_20day_avg, skipping
2026-06-02 19:18:50,550 WARNING TSLA 2016-01-04: insufficient history for vol_20day_avg, skipping
2026-06-02 19:18:50,550 WARNING AMD 2016-01-04: insufficient history for vol_20day_avg, skipping
2026-06-02 19:18:50,552 WARNING SNPS 2016-01-04: insufficient history for vol_20day_avg, skipping
2026-06-02 19:18:50,553 WARNING LLY 2016-01-04: insufficient history for vol_20day_avg, skipping
2026-06-02 19:18:50,553 WARNING QCOM 2016-01-04: insufficient history for vol_20day_avg, skipping
2026-06-02 19:18:50,554 WARNING CHTR 2016-01-04: insufficient history for vol_20day_avg, skipping
2026-06-02 19:18:50,555 WARNING AVGO 2016-01-04: insufficient history for vol_20day_avg, skipping

2016-01-22   MRVL   #1    09:40     8.31    -0.84%L    -0.84%L    -1.14%L    -1.74%L    -1.81%L    -1.44%L    -1.32%L    -1.44%L    -0.84%L    -1.32%L    -1.56%L    -1.56%L
2016-01-22   LLY    #2    09:40    82.46    +0.40%W    +0.44%W    +0.57%W    +0.76%W    +0.12%W    -0.11%L    +0.00%L    +0.35%W    -0.11%L    +0.13%W    +0.06%W    +0.06%W
2016-01-25   LLY    #1    09:40    82.70    -0.18%L    -0.07%L    +0.33%W    +0.02%W    -0.12%L    -0.18%L    +0.08%W    +0.12%W    -0.56%L    -1.23%L    -1.17%L    -1.17%L
2016-01-25   QCOM   #2    09:40    47.86    +0.36%W    +0.27%W    +0.03%W    -0.23%L    -0.54%L    -0.26%L    +0.36%W    +0.99%W    +0.40%W    -0.54%L    -0.59%L    -0.59%L
2016-01-26   MRVL   #1    09:40     8.20    +0.18%W    +1.83%W    +1.71%W    +1.59%W    +2.01%W    +2.07%W    +1.83%W    +1.95%W    +1.71%W    +1.40%W    +1.52%W    +1.52%W
2016-01-26   LLY    #2    09:40    81.96    -1.26%L    -0.39%L    -0.40%L    -0.50%L    -0.52%L    -0.68%L    -0.48%L    -0.51%L    -0.87%L    -0.17%L    +0.01%W    +0.01%W
2016-01-27   MRVL   #1    09:40     8.31    -0.24%L    -0.18%L    -0.48%L    -0.24%L    -0.72%L    +0.36%W    -0.24%L    -0.36%L    -0.60%L    -1.20%L    -1.38%L    -1.38%L
2016-01-27   LLY    #2    09:40    81.90    -0.38%L    -0.45%L    -0.82%L    -0.50%L    +0.09%W    +0.76%W    +1.38%W    +0.98%W    -0.16%L    -0.51%L    -0.17%L    -0.17%L
2016-01-28   MRVL   #1    09:40     8.26    -0.12%L    +0.00%L    -0.06%L    -0.30%L    -0.12%L    -0.67%L    -0.24%L    +0.48%W    +0.91%W    +1.27%W    +1.64%W    +1.64%W
2016-01-28   LLY    #2    09:40    81.06    -1.26%L    -3.65%L    -3.96%L    -4.32%L    -2.26%L    -1.80%L    -2.42%L    -3.82%L    -4.72%L    -5.16%L    -5.23%L    -5.23%L
2016-01-29   MRVL   #1    09:40     8.47    +1.18%W    +1.59%W    +1.18%W    +0.83%W    +0.65%W    +1.18%W    +1.18%W    +2.30%W    +2.60%W    +3.72%W    +4.49%W    +4.49%W
2016-01-29   META   #2    09:40   110.96    -0.11%L    -0.14%L    +0.42%W    +0.56%W    +0.66%W    +0.94%W    +1.21%W    +0.62%W    +0.87%W    +0.91%W    +1.07%W    +1.07%W

========================================================================================
Pre-session picks summary — 36 pick(s) across 19 trading day(s)

Top-2 picks (all days)  (36 signal(s))
  Hold      Count   Win Rate   Avg Gain    Avg Win   Avg Loss ProfitFactor   Sum Ret%
  -------------------------------------------------------------------------
  +15m         36      36.1%     -0.18%     +0.47%     -0.55%        0.48x     -6.62%
  +30m         36      44.4%     -0.07%     +0.63%     -0.63%        0.81x     -2.41%
  +45m         36      47.2%     -0.06%     +0.79%     -0.83%        0.85x     -2.34%
  +1h          36      41.7%     -0.10%     +0.95%     -0.85%        0.79x     -3.72%
  +1h30m       36      38.9%     -0.28%     +0.96%     -1.06%        0.57x     -9.97%
  +2h          36      36.1%     -0.33%     +0.99%     -1.08%        0.52x    -11.84%
  +3h          36      36.1%     -0.40%     +1.14%     -1.27%        0.51x    -14.34%
  +4h          36      47.2%     -0.36%     +1.25%     -1.81%        0.62x    -13.10%
  +5h          36      36.1%     -0.50%     +1.60%     -1.68%        0.54x    -17.93%
  +6h          36      47.2%     -0.33%     +1.57%     -2.03%        0.69x    -11.85%
  +7h          36      44.4%     -0.43%     +1.65%     -2.10%        0.63x    -15.52%
  EOD          36      44.4%     -0.43%     +1.65%     -2.10%        0.63x    -15.52%

=========================================================================================================================================================================================
Signal Analysis — 2016-01-04 to 2016-01-29  |  BULL only  |  Vol ≥ 1.0x 20dAvg
Windows: 09:30/3b  |  Collection: 3 bars  |  Tickers: 10
=========================================================================================================================================================================================
Date         Ticker Window   At       Entry  Vol/20d       +15m       +30m       +45m        +1h     +1h30m        +2h        +3h        +4h        +5h        +6h        +7h        EOD
-----------------------------------------------------------------------------------------------------------------------------------------------------------------------------------------
2016-01-05   LLY    09:30/3b 09:45    84.84    2.48x    +0.35%W    +0.31%W    +0.13%W    -0.04%L    -0.92%L    -0.93%L    -1.26%L    -0.59%L    -0.65%L    -0.86%L    -0.84%L    -0.84%L
2016-01-08   MU     09:30/3b 09:45    13.87    1.27x    +0.25%W    -0.36%L    -0.25%L    -0.83%L    -1.37%L    -2.42%L    -1.51%L    -1.48%L    -2.13%L    -4.07%L    -3.97%L    -3.97%L
2016-01-08   CHTR   09:30/3b 09:50   177.17    1.11x    +0.38%W    +0.54%W    +0.69%W    +0.50%W    +0.40%W    -0.01%L    +0.22%W    +0.12%W    -0.51%L    -1.48%L    -1.29%L    -1.29%L
2016-01-14   SNPS   09:30/3b 09:45    40.58    4.25x    -0.44%L    +0.22%W    +0.79%W    +1.03%W    +0.00%L    +0.44%W    +1.18%W    +1.55%W    +2.39%W    +1.72%W    +1.63%W    +1.63%W
2016-01-14   LLY    09:30/3b 09:45    79.08    1.89x    -0.15%L    +0.46%W    +1.10%W    +1.54%W    +1.75%W    +2.50%W    +3.17%W    +3.62%W    +4.02%W    +4.31%W    +4.36%W    +4.36%W
2016-01-14   QCOM   09:30/3b 09:40    46.19    2.04x    -0.66%L    -0.05%L    +1.21%W    +1.10%W    +0.89%W    +1.15%W    +1.54%W    +3.00%W    +2.87%W    +3.70%W    +3.31%W    +3.31%W
2016-01-15   LLY    09:30/3b 09:40    81.01    3.53x    -0.46%L    -0.26%L    +0.35%W    +0.06%W    -0.07%L    +0.32%W    -0.68%L    -0.70%L    -0.43%L    +0.30%W    +0.30%W    +0.30%W
2016-01-20   LLY    09:30/3b 09:40    82.42    1.05x    -0.06%L    +0.75%W    +0.75%W    +0.21%W    -0.56%L    -0.99%L    -2.27%L    +0.50%W    -0.30%L    +0.58%W    +0.25%W    +0.25%W
2016-01-21   AMD    09:30/3b 09:40     1.83    1.40x    +2.13%W    +5.46%W   +16.39%W   +14.20%W   +13.65%W   +13.38%W   +11.74%W   +13.11%W   +13.65%W   +14.75%W   +13.66%W   +13.66%W
2016-01-21   SNPS   09:30/3b 09:50    40.59    1.01x    +0.74%W    +0.52%W    +0.64%W    +0.84%W    +0.65%W    +1.13%W    +1.11%W    +0.91%W    +0.76%W    +0.42%W    +0.25%W    +0.25%W
2016-01-21   AVGO   09:30/3b 09:40   124.43    1.37x    -0.63%L    +0.61%W    +0.63%W    +0.57%W    +0.28%W    +0.51%W    +0.63%W    +0.27%W    +0.45%W    +0.69%W    +0.08%W    +0.08%W
2016-01-22   SNPS   09:30/3b 09:45    41.21    1.56x    +0.61%W    +0.41%W    +0.27%W    +0.15%W    +0.27%W    +0.05%W    +0.41%W    +0.90%W    +0.97%W    +1.16%W    +1.24%W    +1.24%W
2016-01-25   AMD    09:30/3b 09:40     2.06    1.24x    +3.79%W    +1.94%W    +3.40%W    +1.21%W    +0.97%W    +1.46%W    +1.94%W    +3.16%W    +4.37%W    +3.40%W    +3.16%W    +3.16%W
2016-01-25   AVGO   09:30/3b 09:45   124.80    1.11x    -0.14%L    -0.12%L    -0.17%L    -0.25%L    -0.29%L    -0.34%L    -0.22%L    -0.36%L    -0.28%L    -0.44%L    -0.21%L    -0.21%L
2016-01-27   MU     09:30/3b 09:50    10.78    1.00x    +0.28%W    -0.83%L    -1.67%L    -2.09%L    -2.15%L    -1.58%L    -0.65%L    -1.30%L    -2.87%L    -3.57%L    -3.53%L    -3.53%L
2016-01-29   META   09:30/3b 09:40   110.96    1.58x    -0.11%L    -0.14%L    +0.42%W    +0.56%W    +0.66%W    +0.94%W    +1.21%W    +0.62%W    +0.87%W    +0.91%W    +1.07%W    +1.07%W
2016-01-29   MRVL   09:30/3b 09:45     8.52    1.03x    +0.82%W    +1.41%W    +0.28%W    -0.12%L    +0.29%W    +0.35%W    +0.47%W    +1.88%W    +2.05%W    +3.05%W    +3.87%W    +3.87%W
2016-01-29   LLY    09:30/3b 09:50    78.71    1.22x    -1.05%L    -0.66%L    -0.91%L    -1.36%L    -0.91%L    +0.22%W    +0.25%W    -0.18%L    -0.04%L    +0.43%W    +0.39%W    +0.39%W
2016-01-29   QCOM   09:30/3b 09:40    44.29    1.43x    +0.83%W    +1.33%W    +0.52%W    +0.99%W    +1.47%W    +1.42%W    +1.54%W    +2.19%W    +1.99%W    +1.67%W    +2.37%W    +2.37%W

========================================================================================
Summary — 19 qualifying signal(s) across 19 trading day(s)

Window 09:30/3b  (19 signal(s))
  Hold      Count   Win Rate   Avg Gain    Avg Win   Avg Loss ProfitFactor   Sum Ret%
  -------------------------------------------------------------------------
  +15m         19      52.6%     +0.34%     +1.02%     -0.41%        2.75x     +6.47%
  +30m         19      63.2%     +0.61%     +1.16%     -0.35%        5.73x    +11.52%
  +45m         19      78.9%     +1.29%     +1.84%     -0.75%        9.17x    +24.56%
  +1h          19      68.4%     +0.96%     +1.77%     -0.78%        4.90x    +18.28%
  +1h30m       19      57.9%     +0.79%     +1.93%     -0.78%        3.40x    +15.01%
  +2h          19      68.4%     +0.93%     +1.84%     -1.05%        3.80x    +17.60%
  +3h          19      68.4%     +0.99%     +1.95%     -1.10%        3.85x    +18.81%
  +4h          19      68.4%     +1.43%     +2.45%     -0.77%        6.91x    +27.22%
  +5h          19      57.9%     +1.43%     +3.13%     -0.90%        4.76x    +27.17%
  +6h          19      73.7%     +1.40%     +2.65%     -2.09%        3.56x    +26.67%
  +7h          19      73.7%     +1.37%     +2.57%     -1.96%        3.66x    +26.12%
  EOD          19      73.7%     +1.37%     +2.57%     -1.96%        3.66x    +26.12%
