Fetching 5-min bars (2016-07-18 → 2016-09-30) [alpaca]...
  [cache] loaded 11 tickers from cache
Fetching daily bars (2015-09-02 → 2016-09-30)...

=========================================================================================================================================================================================
Pre-Session Rankings (9:25) — 2016-09-01 to 2016-09-30  |  20d lookback
(Unconditional hold from OR close — no signal or vol filter)
=========================================================================================================================================================================================
Pre-session top-2 (9:25, 20d EOD win rate) — 2016-09-01  OR: 09:30/3b
  #1 META   +15m 50%W +0.0%  +30m 50%W -0.0%  +1h 50%W +0.1%  +2h 50%W +0.1%  +5h 55%W +0.0%  EOD 65%W +0.1%  EOD range -0.7% → +1.1%
  #2 SNPS   +15m 50%W +0.0%  +30m 55%W +0.0%  +1h 65%W +0.1%  +2h 55%W +0.1%  +5h 60%W +0.1%  EOD 65%W +0.1%  EOD range -0.7% → +0.8%
  Ticker   N          +15m          +30m           +1h           +2h           +5h           EOD           EOD range
  ----------------------------------------------------------------------------------------------------------------------
  META    20    50%W +0.0%    50%W -0.0%    50%W +0.1%    50%W +0.1%    55%W +0.0%    65%W +0.1%       -0.7% → +1.1%
  SNPS    20    50%W +0.0%    55%W +0.0%    65%W +0.1%    55%W +0.1%    60%W +0.1%    65%W +0.1%       -0.7% → +0.8%
  AVGO    20    65%W +0.1%    50%W +0.0%    65%W +0.1%    55%W +0.2%    60%W +0.2%    65%W +0.4%       -1.5% → +1.5%
  CHTR    20    45%W -0.0%    40%W -0.1%    40%W -0.2%    40%W -0.2%    30%W -0.3%    50%W +0.0%       -1.3% → +3.9%
  AMD     20    45%W +0.0%    55%W +0.0%    55%W +0.0%    60%W +0.2%    45%W -0.3%    50%W +0.0%       -2.0% → +2.8%
  MU      20    55%W +0.2%    50%W +0.1%    55%W +0.1%    55%W +0.4%    45%W -0.0%    45%W -0.1%       -2.9% → +1.3%
  QCOM    20    40%W -0.0%    40%W -0.0%    55%W +0.1%    65%W +0.1%    50%W +0.0%    40%W -0.1%       -0.6% → +1.1%
  MRVL    20    60%W +0.1%    50%W +0.1%    35%W -0.1%    40%W -0.1%    30%W -0.3%    35%W -0.3%       -1.7% → +3.4%
  LLY     20    40%W -0.0%    40%W -0.1%    45%W -0.1%    45%W -0.0%    20%W -0.2%    30%W -0.3%       -1.6% → +0.7%
  TSLA    20    60%W +0.0%    60%W +0.1%    45%W -0.1%    45%W -0.1%    35%W -0.4%    30%W -0.5%       -1.7% → +3.1%
Pre-session top-2 (9:25, 20d EOD win rate) — 2016-09-02  OR: 09:30/3b
  #1 META   +15m 50%W +0.0%  +30m 50%W -0.0%  +1h 45%W -0.0%  +2h 45%W -0.0%  +5h 50%W +0.0%  EOD 60%W +0.1%  EOD range -0.7% → +0.8%
  #2 SNPS   +15m 45%W -0.0%  +30m 50%W -0.0%  +1h 60%W +0.1%  +2h 50%W +0.0%  +5h 55%W +0.1%  EOD 60%W +0.1%  EOD range -0.7% → +0.8%
  Ticker   N          +15m          +30m           +1h           +2h           +5h           EOD           EOD range
  ----------------------------------------------------------------------------------------------------------------------
  META    20    50%W +0.0%    50%W -0.0%    45%W -0.0%    45%W -0.0%    50%W +0.0%    60%W +0.1%       -0.7% → +0.8%
  SNPS    20    45%W -0.0%    50%W -0.0%    60%W +0.1%    50%W +0.0%    55%W +0.1%    60%W +0.1%       -0.7% → +0.8%
  AVGO    20    65%W +0.1%    50%W +0.0%    65%W +0.1%    55%W +0.2%    55%W +0.2%    60%W +0.3%       -1.5% → +1.5%
  CHTR    20    45%W -0.0%    35%W -0.1%    35%W -0.2%    35%W -0.2%    35%W -0.3%    55%W +0.0%       -1.3% → +3.9%
  AMD     20    50%W +0.0%    60%W +0.1%    55%W +0.0%    55%W +0.2%    45%W -0.1%    55%W +0.1%       -2.0% → +2.8%
  QCOM    20    40%W -0.0%    40%W -0.0%    55%W +0.1%    60%W +0.1%    50%W +0.0%    45%W -0.0%       -0.6% → +1.1%
  MU      20    55%W +0.2%    50%W +0.1%    50%W -0.0%    50%W +0.1%    40%W -0.2%    40%W -0.1%       -2.9% → +1.3%
  MRVL    20    55%W +0.1%    55%W +0.1%    35%W -0.1%    40%W -0.0%    35%W -0.3%    40%W -0.2%       -1.7% → +3.4%
  LLY     20    45%W -0.0%    35%W -0.1%    40%W -0.1%    45%W -0.1%    20%W -0.2%    30%W -0.2%       -1.6% → +0.7%
  TSLA    20    55%W +0.0%    55%W +0.1%    40%W -0.1%    40%W -0.3%    30%W -0.5%    25%W -0.6%       -3.9% → +1.2%
Pre-session top-2 (9:25, 20d EOD win rate) — 2016-09-06  OR: 09:30/3b
  #1 SNPS   +15m 45%W -0.0%  +30m 55%W +0.0%  +1h 65%W +0.1%  +2h 55%W +0.1%  +5h 55%W +0.1%  EOD 60%W +0.1%  EOD range -0.7% → +0.8%
  #2 META   +15m 55%W +0.0%  +30m 50%W -0.0%  +1h 40%W -0.0%  +2h 40%W -0.0%  +5h 45%W -0.0%  EOD 55%W +0.1%  EOD range -0.7% → +0.8%
  Ticker   N          +15m          +30m           +1h           +2h           +5h           EOD           EOD range
  ----------------------------------------------------------------------------------------------------------------------
  SNPS    20    45%W -0.0%    55%W +0.0%    65%W +0.1%    55%W +0.1%    55%W +0.1%    60%W +0.1%       -0.7% → +0.8%
  META    20    55%W +0.0%    50%W -0.0%    40%W -0.0%    40%W -0.0%    45%W -0.0%    55%W +0.1%       -0.7% → +0.8%
  CHTR    20    40%W -0.1%    30%W -0.2%    30%W -0.2%    30%W -0.2%    35%W -0.3%    55%W +0.0%       -1.3% → +3.9%
  AVGO    20    60%W +0.1%    45%W -0.0%    60%W +0.0%    50%W +0.1%    50%W +0.0%    55%W +0.1%       -1.5% → +1.1%
  AMD     20    50%W +0.0%    60%W +0.1%    55%W +0.0%    55%W +0.2%    45%W -0.1%    55%W +0.1%       -2.0% → +2.8%
  MU      20    55%W +0.2%    50%W +0.1%    50%W -0.0%    50%W +0.1%    45%W -0.0%    45%W -0.1%       -2.9% → +1.3%
  MRVL    20    55%W +0.1%    55%W +0.1%    35%W -0.1%    40%W -0.0%    40%W -0.2%    45%W -0.0%       -1.7% → +3.4%
  QCOM    20    40%W -0.0%    40%W -0.0%    55%W +0.1%    60%W +0.1%    50%W +0.0%    45%W -0.0%       -0.6% → +1.1%
  LLY     20    45%W -0.0%    35%W -0.1%    40%W -0.1%    45%W -0.1%    20%W -0.2%    30%W -0.2%       -1.6% → +0.7%
  TSLA    20    55%W +0.0%    55%W +0.1%    40%W -0.1%    40%W -0.3%    30%W -0.5%    25%W -0.7%       -3.9% → +1.2%
Pre-session top-2 (9:25, 20d EOD win rate) — 2016-09-07  OR: 09:30/3b
  #1 SNPS   +15m 50%W +0.0%  +30m 60%W +0.0%  +1h 70%W +0.1%  +2h 60%W +0.1%  +5h 60%W +0.1%  EOD 65%W +0.1%  EOD range -0.7% → +0.8%
  #2 META   +15m 55%W +0.0%  +30m 50%W -0.0%  +1h 45%W -0.0%  +2h 45%W -0.0%  +5h 45%W -0.0%  EOD 55%W +0.1%  EOD range -0.7% → +2.0%
  Ticker   N          +15m          +30m           +1h           +2h           +5h           EOD           EOD range
  ----------------------------------------------------------------------------------------------------------------------
  SNPS    20    50%W +0.0%    60%W +0.0%    70%W +0.1%    60%W +0.1%    60%W +0.1%    65%W +0.1%       -0.7% → +0.8%
  META    20    55%W +0.0%    50%W -0.0%    45%W -0.0%    45%W -0.0%    45%W -0.0%    55%W +0.1%       -0.7% → +2.0%
  CHTR    20    40%W -0.1%    30%W -0.2%    35%W -0.2%    30%W -0.2%    35%W -0.3%    55%W +0.0%       -1.3% → +3.9%
  AVGO    20    65%W +0.1%    50%W +0.0%    65%W +0.1%    50%W +0.1%    50%W +0.0%    55%W +0.1%       -0.9% → +1.1%
  AMD     20    45%W +0.0%    60%W +0.1%    50%W -0.0%    50%W +0.0%    45%W -0.1%    55%W +0.1%       -2.0% → +2.8%
  MU      20    60%W +0.3%    50%W +0.1%    50%W -0.0%    50%W +0.1%    45%W -0.0%    50%W +0.0%       -2.9% → +1.3%
  MRVL    20    60%W +0.1%    60%W +0.2%    40%W -0.1%    45%W +0.0%    45%W -0.1%    50%W +0.0%       -1.7% → +6.4%
  QCOM    20    40%W -0.0%    40%W -0.0%    55%W +0.1%    60%W +0.1%    50%W +0.0%    45%W -0.0%       -0.6% → +1.1%
  LLY     20    45%W +0.0%    35%W -0.1%    40%W -0.1%    50%W -0.0%    15%W -0.2%    30%W -0.2%       -1.6% → +0.7%
  TSLA    20    50%W -0.0%    55%W +0.1%    40%W -0.1%    40%W -0.1%    30%W -0.4%    30%W -0.6%       -3.9% → +1.2%
Pre-session top-2 (9:25, 20d EOD win rate) — 2016-09-08  OR: 09:30/3b
  #1 META   +15m 55%W +0.0%  +30m 50%W -0.0%  +1h 45%W -0.0%  +2h 40%W -0.0%  +5h 45%W -0.0%  EOD 60%W +0.1%  EOD range -0.7% → +2.0%
  #2 SNPS   +15m 50%W +0.0%  +30m 65%W +0.0%  +1h 65%W +0.1%  +2h 55%W +0.1%  +5h 55%W +0.1%  EOD 60%W +0.1%  EOD range -0.7% → +0.8%
  Ticker   N          +15m          +30m           +1h           +2h           +5h           EOD           EOD range
  ----------------------------------------------------------------------------------------------------------------------
  META    20    55%W +0.0%    50%W -0.0%    45%W -0.0%    40%W -0.0%    45%W -0.0%    60%W +0.1%       -0.7% → +2.0%
  SNPS    20    50%W +0.0%    65%W +0.0%    65%W +0.1%    55%W +0.1%    55%W +0.1%    60%W +0.1%       -0.7% → +0.8%
  CHTR    20    45%W -0.0%    30%W -0.2%    35%W -0.2%    30%W -0.2%    35%W -0.3%    55%W +0.0%       -1.3% → +1.6%
  AMD     20    45%W +0.0%    55%W +0.0%    45%W -0.1%    45%W -0.2%    45%W -0.1%    55%W +0.1%       -2.0% → +2.8%
  AVGO    20    65%W +0.1%    45%W -0.0%    60%W +0.0%    45%W -0.0%    45%W -0.1%    50%W -0.0%       -0.9% → +1.1%
  MU      20    60%W +0.3%    45%W -0.1%    45%W -0.3%    45%W -0.2%    40%W -0.1%    45%W -0.1%       -2.9% → +1.3%
  MRVL    20    55%W +0.1%    65%W +0.3%    45%W -0.1%    40%W -0.0%    40%W -0.2%    45%W -0.0%       -1.7% → +6.4%
  QCOM    20    35%W -0.0%    40%W -0.0%    50%W +0.0%    55%W +0.1%    50%W -0.0%    45%W -0.0%       -1.1% → +1.1%
  LLY     20    45%W +0.0%    30%W -0.1%    35%W -0.1%    45%W -0.2%    15%W -0.2%    30%W -0.1%       -1.6% → +0.7%
  TSLA    20    50%W -0.0%    50%W +0.0%    40%W -0.1%    35%W -0.3%    30%W -0.5%    30%W -0.7%       -3.9% → +1.2%
Pre-session top-2 (9:25, 20d EOD win rate) — 2016-09-09  OR: 09:30/3b
  #1 META   +15m 55%W +0.0%  +30m 45%W -0.1%  +1h 45%W -0.0%  +2h 40%W -0.0%  +5h 45%W -0.0%  EOD 60%W +0.1%  EOD range -0.7% → +2.0%
  #2 SNPS   +15m 55%W +0.0%  +30m 65%W +0.0%  +1h 65%W +0.1%  +2h 55%W +0.1%  +5h 50%W -0.0%  EOD 55%W +0.1%  EOD range -0.7% → +0.8%
  Ticker   N          +15m          +30m           +1h           +2h           +5h           EOD           EOD range
  ----------------------------------------------------------------------------------------------------------------------
  META    20    55%W +0.0%    45%W -0.1%    45%W -0.0%    40%W -0.0%    45%W -0.0%    60%W +0.1%       -0.7% → +2.0%
  SNPS    20    55%W +0.0%    65%W +0.0%    65%W +0.1%    55%W +0.1%    50%W -0.0%    55%W +0.1%       -0.7% → +0.8%
  CHTR    20    45%W -0.1%    25%W -0.2%    30%W -0.2%    25%W -0.3%    35%W -0.3%    55%W +0.0%       -2.0% → +1.6%
  MU      20    60%W +0.3%    45%W -0.1%    50%W -0.1%    50%W +0.1%    45%W -0.0%    50%W +0.0%       -2.9% → +2.2%
  QCOM    20    35%W -0.0%    40%W -0.0%    45%W -0.0%    55%W +0.1%    55%W +0.1%    50%W +0.1%       -1.1% → +1.1%
  AVGO    20    65%W +0.1%    45%W -0.0%    60%W +0.0%    50%W +0.0%    45%W -0.1%    50%W -0.0%       -0.9% → +1.1%
  AMD     20    40%W -0.1%    50%W -0.0%    40%W -0.2%    40%W -0.4%    40%W -0.3%    50%W -0.1%       -3.7% → +2.8%
  MRVL    20    60%W +0.2%    70%W +0.3%    50%W +0.0%    45%W +0.0%    40%W -0.2%    45%W -0.0%       -1.7% → +6.4%
  LLY     20    40%W -0.0%    30%W -0.1%    35%W -0.1%    45%W -0.2%    15%W -0.2%    30%W -0.1%       -1.6% → +0.4%
  TSLA    20    50%W -0.0%    50%W +0.0%    40%W -0.1%    40%W -0.1%    30%W -0.5%    30%W -0.6%       -3.9% → +1.2%
Pre-session top-2 (9:25, 20d EOD win rate) — 2016-09-12  OR: 09:30/3b
  #1 META   +15m 55%W +0.0%  +30m 45%W -0.1%  +1h 45%W -0.0%  +2h 40%W -0.1%  +5h 45%W -0.0%  EOD 60%W +0.1%  EOD range -1.9% → +2.0%
  #2 SNPS   +15m 60%W +0.0%  +30m 70%W +0.0%  +1h 65%W +0.1%  +2h 60%W +0.1%  +5h 50%W -0.0%  EOD 55%W +0.1%  EOD range -1.8% → +0.8%
  Ticker   N          +15m          +30m           +1h           +2h           +5h           EOD           EOD range
  ----------------------------------------------------------------------------------------------------------------------
  META    20    55%W +0.0%    45%W -0.1%    45%W -0.0%    40%W -0.1%    45%W -0.0%    60%W +0.1%       -1.9% → +2.0%
  SNPS    20    60%W +0.0%    70%W +0.0%    65%W +0.1%    60%W +0.1%    50%W -0.0%    55%W +0.1%       -1.8% → +0.8%
  QCOM    20    35%W -0.0%    40%W -0.0%    45%W -0.0%    55%W +0.1%    55%W +0.1%    50%W +0.1%       -2.5% → +1.1%
  CHTR    20    45%W -0.1%    25%W -0.2%    30%W -0.2%    25%W -0.3%    35%W -0.3%    50%W +0.0%       -2.0% → +1.6%
  AVGO    20    65%W +0.1%    45%W -0.0%    60%W +0.0%    50%W +0.0%    45%W -0.1%    50%W -0.0%       -3.2% → +1.1%
  MU      20    60%W +0.3%    45%W -0.1%    50%W -0.1%    50%W +0.1%    45%W -0.1%    45%W -0.1%       -4.8% → +2.2%
  MRVL    20    60%W +0.2%    70%W +0.3%    50%W +0.0%    45%W +0.0%    40%W -0.2%    45%W -0.0%       -2.9% → +6.4%
  AMD     20    40%W -0.1%    55%W +0.0%    40%W -0.2%    35%W -0.6%    35%W -0.5%    45%W -0.2%       -3.7% → +2.8%
  TSLA    20    55%W +0.0%    55%W +0.1%    40%W -0.1%    40%W -0.1%    30%W -0.5%    30%W -0.7%       -3.9% → +1.2%
  LLY     20    40%W -0.0%    25%W -0.1%    35%W -0.1%    45%W -0.2%    10%W -0.2%    25%W -0.2%       -1.6% → +0.4%
Pre-session top-2 (9:25, 20d EOD win rate) — 2016-09-13  OR: 09:30/3b
  #1 META   +15m 55%W +0.0%  +30m 50%W +0.0%  +1h 50%W +0.0%  +2h 45%W -0.1%  +5h 45%W -0.0%  EOD 60%W +0.1%  EOD range -1.9% → +2.0%
  #2 SNPS   +15m 55%W +0.0%  +30m 70%W +0.0%  +1h 65%W +0.1%  +2h 60%W +0.1%  +5h 50%W -0.0%  EOD 55%W +0.1%  EOD range -1.8% → +1.4%
  Ticker   N          +15m          +30m           +1h           +2h           +5h           EOD           EOD range
  ----------------------------------------------------------------------------------------------------------------------
  META    20    55%W +0.0%    50%W +0.0%    50%W +0.0%    45%W -0.1%    45%W -0.0%    60%W +0.1%       -1.9% → +2.0%
  SNPS    20    55%W +0.0%    70%W +0.0%    65%W +0.1%    60%W +0.1%    50%W -0.0%    55%W +0.1%       -1.8% → +1.4%
  QCOM    20    40%W -0.0%    40%W -0.0%    45%W -0.0%    55%W +0.1%    60%W +0.2%    55%W +0.3%       -2.5% → +2.9%
  MRVL    20    55%W +0.2%    70%W +0.3%    50%W +0.0%    45%W +0.0%    45%W -0.2%    50%W +0.0%       -2.9% → +6.4%
  CHTR    20    45%W -0.1%    30%W -0.2%    35%W -0.2%    30%W -0.3%    40%W -0.3%    50%W +0.0%       -2.0% → +1.6%
  AVGO    20    70%W +0.1%    50%W +0.0%    60%W +0.0%    55%W +0.2%    50%W -0.1%    50%W -0.0%       -3.2% → +2.1%
  MU      20    65%W +0.3%    50%W +0.1%    50%W -0.1%    50%W +0.1%    45%W -0.1%    45%W -0.1%       -4.8% → +3.5%
  AMD     20    45%W -0.1%    60%W +0.1%    40%W -0.2%    35%W -0.5%    35%W -0.4%    45%W -0.2%       -3.7% → +2.8%
  LLY     20    45%W +0.0%    30%W -0.1%    40%W -0.1%    50%W -0.0%    15%W -0.2%    30%W -0.2%       -1.6% → +1.3%
  TSLA    20    55%W +0.0%    55%W +0.1%    40%W -0.1%    40%W -0.1%    30%W -0.5%    30%W -0.7%       -3.9% → +1.7%
Pre-session top-2 (9:25, 20d EOD win rate) — 2016-09-14  OR: 09:30/3b
  #1 META   +15m 55%W +0.0%  +30m 50%W +0.0%  +1h 50%W +0.0%  +2h 45%W -0.1%  +5h 45%W -0.0%  EOD 60%W +0.1%  EOD range -1.9% → +2.0%
  #2 SNPS   +15m 50%W +0.0%  +30m 65%W +0.0%  +1h 60%W +0.0%  +2h 55%W +0.1%  +5h 45%W -0.0%  EOD 50%W +0.0%  EOD range -1.8% → +1.4%
  Ticker   N          +15m          +30m           +1h           +2h           +5h           EOD           EOD range
  ----------------------------------------------------------------------------------------------------------------------
  META    20    55%W +0.0%    50%W +0.0%    50%W +0.0%    45%W -0.1%    45%W -0.0%    60%W +0.1%       -1.9% → +2.0%
  SNPS    20    50%W +0.0%    65%W +0.0%    60%W +0.0%    55%W +0.1%    45%W -0.0%    50%W +0.0%       -1.8% → +1.4%
  QCOM    20    35%W -0.0%    35%W -0.0%    40%W -0.1%    50%W +0.0%    55%W +0.1%    50%W +0.1%       -2.5% → +2.9%
  CHTR    20    50%W +0.0%    30%W -0.2%    35%W -0.2%    30%W -0.3%    35%W -0.4%    50%W -0.0%       -2.0% → +1.6%
  MRVL    20    50%W +0.0%    65%W +0.2%    45%W -0.1%    40%W -0.0%    40%W -0.2%    45%W -0.2%       -2.9% → +6.4%
  AVGO    20    65%W +0.1%    45%W -0.0%    55%W +0.0%    50%W +0.0%    45%W -0.2%    45%W -0.1%       -3.2% → +2.1%
  MU      20    60%W +0.3%    45%W -0.1%    45%W -0.3%    45%W -0.2%    40%W -0.2%    40%W -0.1%       -4.8% → +3.5%
  AMD     20    40%W -0.1%    55%W +0.0%    35%W -0.2%    30%W -0.6%    30%W -0.5%    40%W -0.2%       -3.7% → +2.8%
  LLY     20    45%W +0.0%    30%W -0.1%    40%W -0.1%    50%W +0.0%    20%W -0.1%    35%W -0.1%       -1.6% → +1.3%
  TSLA    20    50%W -0.0%    50%W +0.0%    35%W -0.2%    35%W -0.3%    30%W -0.5%    30%W -0.6%       -3.9% → +1.7%
Pre-session top-2 (9:25, 20d EOD win rate) — 2016-09-15  OR: 09:30/3b
  #1 META   +15m 50%W +0.0%  +30m 50%W +0.0%  +1h 50%W +0.0%  +2h 40%W -0.1%  +5h 40%W -0.1%  EOD 55%W +0.0%  EOD range -1.9% → +2.0%
  #2 QCOM   +15m 30%W -0.1%  +30m 35%W -0.0%  +1h 40%W -0.1%  +2h 50%W +0.0%  +5h 55%W +0.1%  EOD 55%W +0.3%  EOD range -2.5% → +2.9%
  Ticker   N          +15m          +30m           +1h           +2h           +5h           EOD           EOD range
  ----------------------------------------------------------------------------------------------------------------------
  META    20    50%W +0.0%    50%W +0.0%    50%W +0.0%    40%W -0.1%    40%W -0.1%    55%W +0.0%       -1.9% → +2.0%
  QCOM    20    30%W -0.1%    35%W -0.0%    40%W -0.1%    50%W +0.0%    55%W +0.1%    55%W +0.3%       -2.5% → +2.9%
  CHTR    20    50%W +0.0%    30%W -0.2%    35%W -0.2%    30%W -0.3%    40%W -0.4%    55%W +0.0%       -2.0% → +1.6%
  SNPS    20    45%W -0.0%    60%W +0.0%    60%W +0.0%    55%W +0.1%    40%W -0.0%    50%W +0.0%       -1.8% → +1.4%
  MRVL    20    45%W -0.1%    60%W +0.2%    40%W -0.1%    40%W -0.1%    40%W -0.3%    50%W +0.0%       -2.9% → +6.4%
  AVGO    20    60%W +0.1%    45%W -0.0%    55%W +0.0%    55%W +0.2%    50%W -0.1%    50%W -0.0%       -3.2% → +2.1%
  MU      20    55%W +0.3%    50%W +0.1%    45%W -0.3%    50%W -0.0%    40%W -0.2%    40%W -0.1%       -4.8% → +3.5%
  AMD     20    40%W -0.1%    55%W +0.1%    40%W -0.2%    35%W -0.5%    35%W -0.5%    40%W -0.2%       -3.7% → +3.6%
  LLY     20    40%W -0.0%    25%W -0.1%    40%W -0.1%    45%W -0.1%    20%W -0.2%    35%W -0.1%       -1.6% → +1.3%
  TSLA    20    50%W -0.0%    50%W +0.0%    30%W -0.3%    35%W -0.4%    35%W -0.5%    35%W -0.6%       -3.9% → +1.7%
Pre-session top-2 (9:25, 20d EOD win rate) — 2016-09-16  OR: 09:30/3b
  #1 META   +15m 50%W +0.0%  +30m 55%W +0.0%  +1h 55%W +0.1%  +2h 45%W -0.1%  +5h 40%W -0.1%  EOD 55%W +0.0%  EOD range -1.9% → +2.0%
  #2 QCOM   +15m 25%W -0.1%  +30m 35%W -0.0%  +1h 40%W -0.1%  +2h 50%W +0.0%  +5h 55%W +0.1%  EOD 55%W +0.3%  EOD range -2.5% → +2.9%
  Ticker   N          +15m          +30m           +1h           +2h           +5h           EOD           EOD range
  ----------------------------------------------------------------------------------------------------------------------
  META    20    50%W +0.0%    55%W +0.0%    55%W +0.1%    45%W -0.1%    40%W -0.1%    55%W +0.0%       -1.9% → +2.0%
  QCOM    20    25%W -0.1%    35%W -0.0%    40%W -0.1%    50%W +0.0%    55%W +0.1%    55%W +0.3%       -2.5% → +2.9%
  CHTR    20    55%W +0.1%    35%W -0.1%    40%W -0.2%    35%W -0.2%    40%W -0.4%    55%W +0.0%       -2.0% → +1.6%
  SNPS    20    50%W +0.0%    65%W +0.0%    65%W +0.1%    60%W +0.1%    40%W -0.0%    50%W +0.0%       -1.8% → +1.4%
  MRVL    20    45%W -0.1%    60%W +0.2%    45%W -0.1%    40%W -0.1%    40%W -0.3%    50%W +0.0%       -2.9% → +6.4%
  AVGO    20    65%W +0.1%    50%W +0.0%    55%W +0.1%    60%W +0.2%    50%W -0.1%    50%W -0.0%       -3.2% → +2.1%
  MU      20    55%W +0.2%    50%W +0.1%    45%W -0.3%    50%W -0.0%    40%W -0.2%    45%W -0.1%       -4.8% → +3.5%
  TSLA    20    50%W -0.1%    45%W -0.1%    35%W -0.3%    40%W -0.4%    35%W -0.5%    40%W -0.6%       -3.9% → +1.7%
  AMD     20    40%W -0.1%    60%W +0.1%    40%W -0.2%    35%W -0.3%    35%W -0.7%    40%W -0.3%       -3.7% → +3.6%
  LLY     20    40%W -0.0%    30%W -0.1%    45%W -0.1%    50%W +0.0%    25%W -0.2%    35%W -0.1%       -1.6% → +1.3%
Pre-session top-2 (9:25, 20d EOD win rate) — 2016-09-19  OR: 09:30/3b
  #1 CHTR   +15m 55%W +0.1%  +30m 35%W -0.1%  +1h 40%W -0.1%  +2h 40%W -0.2%  +5h 45%W -0.2%  EOD 60%W +0.1%  EOD range -2.0% → +1.6%
  #2 META   +15m 45%W -0.0%  +30m 50%W +0.0%  +1h 50%W +0.0%  +2h 40%W -0.1%  +5h 35%W -0.1%  EOD 55%W +0.0%  EOD range -1.9% → +2.0%
  Ticker   N          +15m          +30m           +1h           +2h           +5h           EOD           EOD range
  ----------------------------------------------------------------------------------------------------------------------
  CHTR    20    55%W +0.1%    35%W -0.1%    40%W -0.1%    40%W -0.2%    45%W -0.2%    60%W +0.1%       -2.0% → +1.6%
  META    20    45%W -0.0%    50%W +0.0%    50%W +0.0%    40%W -0.1%    35%W -0.1%    55%W +0.0%       -1.9% → +2.0%
  QCOM    20    25%W -0.1%    35%W -0.0%    35%W -0.1%    45%W -0.1%    50%W -0.0%    50%W +0.0%       -2.5% → +2.9%
  SNPS    20    50%W +0.0%    65%W +0.0%    60%W +0.0%    55%W +0.1%    35%W -0.1%    45%W -0.0%       -1.8% → +1.4%
  MRVL    20    45%W -0.1%    60%W +0.2%    45%W -0.1%    40%W -0.0%    35%W -0.3%    45%W -0.2%       -2.9% → +6.4%
  AVGO    20    60%W +0.1%    45%W -0.0%    50%W +0.1%    55%W +0.2%    45%W -0.2%    45%W -0.1%       -3.2% → +2.1%
  MU      20    50%W -0.0%    45%W -0.2%    40%W -0.4%    45%W -0.2%    35%W -0.6%    40%W -0.2%       -4.8% → +3.5%
  LLY     20    40%W -0.0%    35%W -0.0%    50%W -0.0%    55%W +0.1%    30%W -0.1%    40%W -0.1%       -1.6% → +1.3%
  TSLA    20    50%W -0.1%    45%W -0.1%    35%W -0.3%    40%W -0.4%    35%W -0.5%    40%W -0.6%       -3.9% → +3.0%
  AMD     20    40%W -0.1%    60%W +0.1%    35%W -0.2%    30%W -0.3%    30%W -0.7%    35%W -0.5%       -3.7% → +3.6%
Pre-session top-2 (9:25, 20d EOD win rate) — 2016-09-20  OR: 09:30/3b
  #1 CHTR   +15m 60%W +0.1%  +30m 40%W -0.1%  +1h 45%W -0.0%  +2h 45%W -0.1%  +5h 45%W -0.2%  EOD 60%W +0.1%  EOD range -2.0% → +1.6%
  #2 META   +15m 45%W -0.0%  +30m 50%W +0.0%  +1h 45%W -0.0%  +2h 35%W -0.2%  +5h 30%W -0.2%  EOD 50%W -0.0%  EOD range -1.9% → +2.0%
  Ticker   N          +15m          +30m           +1h           +2h           +5h           EOD           EOD range
  ----------------------------------------------------------------------------------------------------------------------
  CHTR    20    60%W +0.1%    40%W -0.1%    45%W -0.0%    45%W -0.1%    45%W -0.2%    60%W +0.1%       -2.0% → +1.6%
  META    20    45%W -0.0%    50%W +0.0%    45%W -0.0%    35%W -0.2%    30%W -0.2%    50%W -0.0%       -1.9% → +2.0%
  SNPS    20    50%W +0.0%    65%W +0.0%    55%W +0.0%    55%W +0.0%    35%W -0.1%    45%W -0.0%       -1.8% → +1.4%
  LLY     20    45%W -0.0%    35%W -0.0%    55%W +0.1%    60%W +0.1%    35%W -0.1%    45%W -0.0%       -1.6% → +1.3%
  MRVL    20    45%W -0.1%    60%W +0.2%    45%W -0.1%    40%W -0.0%    35%W -0.3%    45%W -0.2%       -2.9% → +6.4%
  QCOM    20    30%W -0.1%    40%W -0.0%    35%W -0.1%    45%W -0.1%    45%W -0.1%    45%W -0.2%       -2.5% → +2.9%
  MU      20    50%W -0.0%    50%W -0.2%    35%W -0.4%    40%W -0.3%    35%W -1.0%    40%W -0.3%       -4.8% → +3.5%
  AVGO    20    60%W +0.1%    45%W -0.0%    45%W -0.0%    50%W +0.0%    40%W -0.2%    40%W -0.1%       -3.2% → +2.1%
  TSLA    20    50%W -0.1%    45%W -0.1%    40%W -0.3%    40%W -0.4%    30%W -0.5%    35%W -0.6%       -3.9% → +3.0%
  AMD     20    40%W -0.1%    60%W +0.1%    35%W -0.2%    30%W -0.3%    30%W -0.7%    35%W -0.5%       -3.7% → +3.6%
Pre-session top-2 (9:25, 20d EOD win rate) — 2016-09-21  OR: 09:30/3b
  #1 CHTR   +15m 60%W +0.1%  +30m 45%W -0.0%  +1h 40%W -0.1%  +2h 45%W -0.1%  +5h 50%W -0.1%  EOD 60%W +0.1%  EOD range -2.0% → +1.6%
  #2 LLY    +15m 50%W +0.0%  +30m 40%W +0.0%  +1h 55%W +0.1%  +2h 65%W +0.1%  +5h 40%W -0.1%  EOD 50%W +0.0%  EOD range -1.6% → +1.3%
  Ticker   N          +15m          +30m           +1h           +2h           +5h           EOD           EOD range
  ----------------------------------------------------------------------------------------------------------------------
  CHTR    20    60%W +0.1%    45%W -0.0%    40%W -0.1%    45%W -0.1%    50%W -0.1%    60%W +0.1%       -2.0% → +1.6%
  LLY     20    50%W +0.0%    40%W +0.0%    55%W +0.1%    65%W +0.1%    40%W -0.1%    50%W +0.0%       -1.6% → +1.3%
  META    20    45%W -0.0%    45%W -0.0%    40%W -0.1%    30%W -0.2%    30%W -0.2%    45%W -0.1%       -1.9% → +2.0%
  SNPS    20    50%W +0.0%    65%W +0.0%    50%W -0.0%    55%W +0.0%    35%W -0.1%    45%W -0.0%       -1.8% → +1.4%
  MU      20    50%W +0.0%    50%W -0.2%    35%W -0.5%    40%W -0.3%    35%W -1.0%    40%W -0.3%       -4.8% → +3.5%
  MRVL    20    40%W -0.1%    55%W +0.1%    40%W -0.1%    35%W -0.1%    30%W -0.5%    40%W -0.4%       -2.9% → +6.4%
  QCOM    20    35%W -0.1%    35%W -0.0%    30%W -0.2%    45%W -0.1%    40%W -0.2%    40%W -0.3%       -2.5% → +2.9%
  TSLA    20    45%W -0.2%    45%W -0.2%    35%W -0.4%    40%W -0.4%    30%W -0.6%    35%W -0.7%       -3.9% → +3.0%
  AVGO    20    60%W +0.1%    40%W -0.1%    40%W -0.1%    45%W -0.1%    35%W -0.3%    35%W -0.2%       -3.2% → +2.1%
  AMD     20    40%W -0.1%    55%W +0.1%    35%W -0.3%    30%W -0.3%    25%W -0.9%    30%W -0.5%       -3.7% → +3.6%
Pre-session top-2 (9:25, 20d EOD win rate) — 2016-09-22  OR: 09:30/3b
  #1 CHTR   +15m 65%W +0.1%  +30m 50%W +0.0%  +1h 45%W -0.0%  +2h 50%W -0.1%  +5h 55%W +0.1%  EOD 65%W +0.2%  EOD range -2.0% → +2.4%
  #2 LLY    +15m 50%W +0.0%  +30m 40%W +0.0%  +1h 50%W +0.0%  +2h 60%W +0.1%  +5h 45%W -0.1%  EOD 55%W +0.1%  EOD range -1.6% → +1.3%
  Ticker   N          +15m          +30m           +1h           +2h           +5h           EOD           EOD range
  ----------------------------------------------------------------------------------------------------------------------
  CHTR    20    65%W +0.1%    50%W +0.0%    45%W -0.0%    50%W -0.1%    55%W +0.1%    65%W +0.2%       -2.0% → +2.4%
  LLY     20    50%W +0.0%    40%W +0.0%    50%W +0.0%    60%W +0.1%    45%W -0.1%    55%W +0.1%       -1.6% → +1.3%
  META    20    45%W -0.0%    50%W -0.0%    45%W -0.0%    30%W -0.2%    35%W -0.2%    50%W -0.0%       -1.9% → +2.0%
  SNPS    20    50%W +0.0%    65%W +0.0%    50%W -0.0%    50%W -0.1%    35%W -0.2%    45%W -0.0%       -1.8% → +1.4%
  MU      20    50%W +0.0%    50%W -0.2%    35%W -0.5%    45%W -0.3%    40%W -0.5%    45%W -0.1%       -4.8% → +3.5%
  MRVL    20    45%W -0.1%    60%W +0.2%    45%W -0.1%    40%W -0.0%    35%W -0.3%    45%W -0.2%       -2.9% → +6.4%
  QCOM    20    35%W -0.1%    35%W -0.0%    35%W -0.1%    50%W +0.0%    45%W -0.1%    45%W -0.2%       -2.5% → +2.9%
  AVGO    20    60%W +0.1%    45%W -0.1%    45%W -0.1%    40%W -0.1%    35%W -0.3%    35%W -0.2%       -3.2% → +2.1%
  TSLA    20    45%W -0.2%    45%W -0.2%    30%W -0.4%    35%W -0.7%    30%W -0.6%    30%W -0.7%       -3.9% → +3.0%
  AMD     20    45%W +0.0%    55%W +0.1%    40%W -0.2%    25%W -0.3%    25%W -0.9%    30%W -0.5%       -3.7% → +3.6%
Pre-session top-2 (9:25, 20d EOD win rate) — 2016-09-23  OR: 09:30/3b
  #1 CHTR   +15m 65%W +0.1%  +30m 50%W +0.0%  +1h 50%W -0.0%  +2h 55%W +0.0%  +5h 60%W +0.2%  EOD 70%W +0.3%  EOD range -2.0% → +2.4%
  #2 LLY    +15m 50%W +0.0%  +30m 40%W +0.0%  +1h 50%W +0.0%  +2h 60%W +0.1%  +5h 45%W -0.1%  EOD 60%W +0.1%  EOD range -1.0% → +1.3%
  Ticker   N          +15m          +30m           +1h           +2h           +5h           EOD           EOD range
  ----------------------------------------------------------------------------------------------------------------------
  CHTR    20    65%W +0.1%    50%W +0.0%    50%W -0.0%    55%W +0.0%    60%W +0.2%    70%W +0.3%       -2.0% → +2.4%
  LLY     20    50%W +0.0%    40%W +0.0%    50%W +0.0%    60%W +0.1%    45%W -0.1%    60%W +0.1%       -1.0% → +1.3%
  META    20    45%W -0.0%    55%W +0.0%    45%W -0.0%    35%W -0.1%    35%W -0.1%    50%W +0.0%       -1.9% → +2.0%
  SNPS    20    55%W +0.1%    65%W +0.0%    50%W -0.0%    55%W +0.0%    40%W -0.1%    50%W +0.0%       -1.8% → +1.4%
  MU      20    50%W +0.0%    45%W -0.4%    35%W -0.5%    45%W -0.3%    40%W -0.5%    45%W -0.1%       -4.8% → +3.5%
  MRVL    20    45%W -0.1%    55%W +0.1%    45%W -0.1%    40%W -0.0%    40%W -0.3%    45%W -0.1%       -2.9% → +6.4%
  QCOM    20    35%W -0.1%    35%W -0.0%    35%W -0.2%    50%W +0.0%    45%W -0.1%    45%W -0.2%       -2.5% → +2.9%
  TSLA    20    40%W -0.2%    45%W -0.2%    30%W -0.4%    35%W -0.5%    35%W -0.5%    35%W -0.5%       -3.9% → +3.0%
  AVGO    20    60%W +0.1%    45%W -0.1%    45%W -0.2%    35%W -0.2%    35%W -0.3%    35%W -0.2%       -3.2% → +2.1%
  AMD     20    50%W +0.0%    55%W +0.1%    45%W -0.2%    25%W -0.2%    30%W -0.7%    30%W -0.5%       -3.7% → +3.6%
Pre-session top-2 (9:25, 20d EOD win rate) — 2016-09-26  OR: 09:30/3b
  #1 CHTR   +15m 60%W +0.1%  +30m 50%W +0.0%  +1h 50%W -0.0%  +2h 55%W +0.1%  +5h 60%W +0.2%  EOD 70%W +0.3%  EOD range -2.0% → +2.4%
  #2 LLY    +15m 55%W +0.1%  +30m 40%W -0.0%  +1h 45%W -0.0%  +2h 60%W +0.1%  +5h 50%W +0.1%  EOD 65%W +0.2%  EOD range -1.0% → +1.3%
  Ticker   N          +15m          +30m           +1h           +2h           +5h           EOD           EOD range
  ----------------------------------------------------------------------------------------------------------------------
  CHTR    20    60%W +0.1%    50%W +0.0%    50%W -0.0%    55%W +0.1%    60%W +0.2%    70%W +0.3%       -2.0% → +2.4%
  LLY     20    55%W +0.1%    40%W -0.0%    45%W -0.0%    60%W +0.1%    50%W +0.1%    65%W +0.2%       -1.0% → +1.3%
  META    20    45%W -0.0%    50%W -0.0%    40%W -0.0%    35%W -0.1%    35%W -0.1%    50%W +0.0%       -1.9% → +2.0%
  SNPS    20    55%W +0.1%    65%W +0.0%    50%W -0.0%    55%W +0.0%    35%W -0.2%    50%W +0.0%       -1.8% → +1.4%
  MRVL    20    50%W -0.0%    60%W +0.2%    50%W +0.1%    45%W +0.0%    45%W -0.2%    50%W +0.0%       -2.9% → +6.4%
  MU      20    50%W +0.0%    40%W -0.4%    35%W -0.5%    45%W -0.3%    35%W -0.6%    45%W -0.2%       -4.8% → +3.5%
  QCOM    20    35%W -0.1%    30%W -0.0%    35%W -0.3%    45%W -0.2%    45%W -0.2%    45%W -0.2%       -2.5% → +2.9%
  TSLA    20    40%W -0.2%    40%W -0.2%    30%W -0.4%    35%W -0.5%    40%W -0.4%    40%W -0.3%       -3.9% → +3.0%
  AVGO    20    55%W +0.0%    40%W -0.1%    40%W -0.2%    35%W -0.2%    30%W -0.6%    30%W -0.3%       -3.2% → +2.1%
  AMD     20    50%W +0.1%    55%W +0.1%    45%W -0.2%    25%W -0.2%    30%W -0.7%    30%W -0.5%       -3.7% → +3.6%
Pre-session top-2 (9:25, 20d EOD win rate) — 2016-09-27  OR: 09:30/3b
  #1 CHTR   +15m 65%W +0.1%  +30m 45%W -0.0%  +1h 45%W -0.1%  +2h 50%W -0.0%  +5h 60%W +0.2%  EOD 65%W +0.3%  EOD range -2.0% → +2.4%
  #2 LLY    +15m 50%W +0.0%  +30m 35%W -0.0%  +1h 40%W -0.0%  +2h 55%W +0.1%  +5h 50%W +0.1%  EOD 60%W +0.1%  EOD range -1.2% → +1.3%
  Ticker   N          +15m          +30m           +1h           +2h           +5h           EOD           EOD range
  ----------------------------------------------------------------------------------------------------------------------
  CHTR    20    65%W +0.1%    45%W -0.0%    45%W -0.1%    50%W -0.0%    60%W +0.2%    65%W +0.3%       -2.0% → +2.4%
  LLY     20    50%W +0.0%    35%W -0.0%    40%W -0.0%    55%W +0.1%    50%W +0.1%    60%W +0.1%       -1.2% → +1.3%
  META    20    45%W -0.0%    50%W -0.0%    40%W -0.0%    35%W -0.1%    40%W -0.1%    50%W +0.0%       -1.9% → +2.0%
  SNPS    20    55%W +0.1%    65%W +0.1%    50%W -0.0%    55%W +0.0%    40%W -0.1%    50%W +0.0%       -1.8% → +1.4%
  MU      20    45%W -0.1%    40%W -0.4%    35%W -0.5%    45%W -0.3%    40%W -0.2%    50%W -0.1%       -4.8% → +3.5%
  QCOM    20    40%W -0.0%    35%W -0.0%    35%W -0.3%    45%W -0.2%    50%W +0.0%    50%W +0.0%       -2.5% → +2.9%
  MRVL    20    50%W -0.0%    60%W +0.2%    50%W +0.1%    45%W +0.0%    50%W -0.1%    45%W -0.1%       -2.9% → +6.4%
  TSLA    20    40%W -0.2%    40%W -0.2%    35%W -0.4%    35%W -0.2%    40%W -0.2%    45%W -0.1%       -3.9% → +3.0%
  AVGO    20    60%W +0.1%    45%W -0.1%    40%W -0.2%    35%W -0.2%    35%W -0.3%    30%W -0.3%       -3.2% → +2.1%
  AMD     20    50%W +0.1%    55%W +0.1%    45%W -0.2%    25%W -0.2%    30%W -0.8%    30%W -0.5%       -3.7% → +3.6%
Pre-session top-2 (9:25, 20d EOD win rate) — 2016-09-28  OR: 09:30/3b
  #1 CHTR   +15m 65%W +0.1%  +30m 50%W +0.0%  +1h 50%W -0.0%  +2h 55%W +0.1%  +5h 65%W +0.4%  EOD 70%W +0.4%  EOD range -2.0% → +2.4%
  #2 LLY    +15m 55%W +0.1%  +30m 40%W -0.0%  +1h 45%W -0.0%  +2h 55%W +0.1%  +5h 50%W +0.1%  EOD 60%W +0.1%  EOD range -1.2% → +1.4%
  Ticker   N          +15m          +30m           +1h           +2h           +5h           EOD           EOD range
  ----------------------------------------------------------------------------------------------------------------------
  CHTR    20    65%W +0.1%    50%W +0.0%    50%W -0.0%    55%W +0.1%    65%W +0.4%    70%W +0.4%       -2.0% → +2.4%
  LLY     20    55%W +0.1%    40%W -0.0%    45%W -0.0%    55%W +0.1%    50%W +0.1%    60%W +0.1%       -1.2% → +1.4%
  META    20    50%W +0.0%    55%W +0.0%    45%W -0.0%    40%W -0.1%    40%W -0.1%    50%W +0.0%       -1.9% → +2.0%
  SNPS    20    60%W +0.1%    65%W +0.1%    45%W -0.0%    50%W +0.0%    40%W -0.1%    50%W +0.0%       -1.8% → +1.4%
  MU      20    50%W +0.0%    40%W -0.3%    35%W -0.5%    45%W -0.3%    40%W -0.2%    50%W -0.1%       -4.8% → +3.5%
  MRVL    20    55%W +0.1%    65%W +0.3%    55%W +0.2%    50%W +0.1%    55%W +0.1%    50%W +0.0%       -2.9% → +6.4%
  QCOM    20    45%W -0.0%    40%W -0.0%    40%W -0.3%    45%W -0.2%    50%W +0.0%    50%W +0.0%       -2.5% → +2.9%
  TSLA    20    40%W -0.2%    40%W -0.2%    35%W -0.4%    35%W -0.2%    40%W -0.2%    45%W -0.1%       -3.9% → +3.0%
  AVGO    20    60%W +0.1%    45%W -0.1%    40%W -0.2%    35%W -0.2%    35%W -0.3%    35%W -0.3%       -3.2% → +2.1%
  AMD     20    55%W +0.2%    60%W +0.3%    45%W -0.2%    30%W -0.2%    35%W -0.6%    35%W -0.5%       -3.7% → +3.6%
Pre-session top-2 (9:25, 20d EOD win rate) — 2016-09-29  OR: 09:30/3b
  #1 CHTR   +15m 60%W +0.1%  +30m 50%W +0.0%  +1h 50%W -0.0%  +2h 55%W +0.1%  +5h 65%W +0.3%  EOD 70%W +0.4%  EOD range -2.0% → +2.4%
  #2 LLY    +15m 55%W +0.1%  +30m 35%W -0.0%  +1h 40%W -0.0%  +2h 55%W +0.1%  +5h 50%W +0.1%  EOD 60%W +0.1%  EOD range -1.2% → +1.4%
  Ticker   N          +15m          +30m           +1h           +2h           +5h           EOD           EOD range
  ----------------------------------------------------------------------------------------------------------------------
  CHTR    20    60%W +0.1%    50%W +0.0%    50%W -0.0%    55%W +0.1%    65%W +0.3%    70%W +0.4%       -2.0% → +2.4%
  LLY     20    55%W +0.1%    35%W -0.0%    40%W -0.0%    55%W +0.1%    50%W +0.1%    60%W +0.1%       -1.2% → +1.4%
  META    20    45%W -0.0%    55%W +0.0%    50%W +0.0%    40%W -0.1%    45%W -0.0%    55%W +0.1%       -1.9% → +2.0%
  SNPS    20    65%W +0.1%    70%W +0.1%    45%W -0.0%    50%W +0.0%    45%W -0.0%    55%W +0.1%       -1.8% → +1.4%
  MU      20    45%W -0.1%    35%W -0.4%    35%W -0.5%    45%W -0.3%    40%W -0.2%    50%W -0.3%       -4.8% → +3.5%
  MRVL    20    55%W +0.1%    60%W +0.2%    55%W +0.2%    50%W +0.1%    55%W +0.1%    50%W -0.1%       -2.9% → +6.4%
  QCOM    20    40%W -0.1%    40%W -0.1%    40%W -0.3%    45%W -0.2%    50%W +0.0%    50%W +0.0%       -2.5% → +2.9%
  TSLA    20    45%W -0.1%    45%W -0.2%    35%W -0.4%    35%W -0.1%    40%W -0.2%    45%W -0.1%       -3.9% → +3.0%
  AVGO    20    55%W +0.1%    45%W -0.1%    40%W -0.2%    35%W -0.2%    35%W -0.3%    35%W -0.3%       -3.2% → +2.1%
  AMD     20    60%W +0.2%    60%W +0.3%    45%W -0.1%    30%W -0.2%    35%W -0.4%    35%W -0.5%       -3.7% → +3.6%
Pre-session top-2 (9:25, 20d EOD win rate) — 2016-09-30  OR: 09:30/3b
  #1 CHTR   +15m 60%W +0.0%  +30m 50%W +0.0%  +1h 50%W -0.0%  +2h 55%W +0.1%  +5h 65%W +0.3%  EOD 65%W +0.4%  EOD range -2.0% → +2.4%
  #2 LLY    +15m 55%W +0.1%  +30m 35%W -0.0%  +1h 40%W -0.0%  +2h 50%W -0.0%  +5h 50%W +0.1%  EOD 60%W +0.1%  EOD range -1.2% → +1.4%
  Ticker   N          +15m          +30m           +1h           +2h           +5h           EOD           EOD range
  ----------------------------------------------------------------------------------------------------------------------
  CHTR    20    60%W +0.0%    50%W +0.0%    50%W -0.0%    55%W +0.1%    65%W +0.3%    65%W +0.4%       -2.0% → +2.4%
  LLY     20    55%W +0.1%    35%W -0.0%    40%W -0.0%    50%W -0.0%    50%W +0.1%    60%W +0.1%       -1.2% → +1.4%
  MRVL    20    55%W +0.1%    65%W +0.3%    60%W +0.3%    55%W +0.2%    60%W +0.2%    55%W +0.1%       -2.9% → +6.4%
  META    20    45%W -0.0%    50%W -0.0%    45%W -0.0%    35%W -0.2%    40%W -0.1%    50%W +0.0%       -1.9% → +2.0%
  SNPS    20    65%W +0.1%    65%W +0.1%    45%W -0.0%    45%W -0.0%    45%W -0.1%    50%W +0.1%       -1.8% → +1.4%
  QCOM    20    40%W -0.1%    40%W -0.1%    40%W -0.3%    40%W -0.3%    50%W +0.0%    50%W +0.0%       -2.5% → +6.8%
  MU      20    40%W -0.2%    35%W -0.4%    35%W -0.4%    45%W -0.2%    45%W -0.2%    45%W -0.4%       -4.8% → +3.5%
  TSLA    20    40%W -0.2%    40%W -0.3%    30%W -0.5%    30%W -0.2%    35%W -0.3%    40%W -0.3%       -3.9% → +3.0%
  AVGO    20    55%W +0.1%    45%W -0.1%    40%W -0.2%    40%W -0.2%    40%W -0.3%    40%W -0.3%       -3.2% → +2.1%
  AMD     20    65%W +0.2%    60%W +0.3%    50%W +0.0%    35%W -0.1%    40%W -0.4%    40%W -0.5%       -3.7% → +3.6%

=========================================================================================================================================================================================
Pre-Session Top-2 Performance — 2016-09-01 to 2016-09-30  |  Unconditional OR-close entry  |  OR: 09:30/3b
=========================================================================================================================================================================================
Date         Ticker Rank  At       Entry       +15m       +30m       +45m        +1h     +1h30m        +2h        +3h        +4h        +5h        +6h        +7h        EOD
-----------------------------------------------------------------------------------------------------------------------------------------------------------------------------------------
2016-09-01   META   #1    09:40   126.53    -0.14%L    -0.25%L    -0.43%L    -0.51%L    -0.60%L    -0.43%L    -0.13%L    -0.13%L    -0.25%L    -0.20%L    -0.28%L    -0.28%L
2016-09-01   SNPS   #2    09:40    59.35    -0.00%L    -0.12%L    -0.34%L    -0.44%L    -0.47%L    -0.61%L    -0.29%L    -0.39%L    -0.59%L    -0.49%L    -0.37%L    -0.37%L
2016-09-02   META   #1    09:40   126.58    +0.14%W    +0.06%W    +0.13%W    -0.02%L    -0.23%L    -0.16%L    -0.10%L    -0.40%L    -0.06%L    -0.15%L    -0.07%L    -0.07%L
2016-09-02   SNPS   #2    09:40    59.50    +0.34%W    +0.39%W    +0.49%W    +0.49%W    +0.39%W    +0.43%W    +0.37%W    +0.11%W    +0.24%W    +0.24%W    +0.29%W    +0.29%W
2016-09-06   SNPS   #1    09:40    59.60    +0.23%W    +0.20%W    +0.08%W    +0.01%W    +0.13%W    +0.18%W    +0.15%W    -0.07%L    +0.02%W    +0.22%W    +0.34%W    +0.34%W
2016-09-06   META   #2    09:40   127.11    +0.36%W    +0.34%W    +0.27%W    +0.44%W    +0.65%W    +1.16%W    +1.91%W    +1.83%W    +1.96%W    +1.80%W    +2.05%W    +2.05%W
2016-09-07   SNPS   #1    09:40    59.96    -0.06%L    +0.00%W    -0.02%L    -0.20%L    -0.28%L    -0.28%L    -0.14%L    -0.07%L    -0.05%L    -0.03%L    -0.05%L    -0.05%L
2016-09-07   META   #2    09:40   130.97    +0.48%W    +0.46%W    +0.71%W    +0.08%W    -0.24%L    -0.14%L    -0.50%L    -0.37%L    -0.31%L    -0.02%L    +0.06%W    +0.06%W
2016-09-08   META   #1    09:40   130.47    -0.19%L    -0.38%L    -0.33%L    -0.28%L    +0.14%W    -0.18%L    -0.40%L    -0.30%L    -0.14%L    +0.04%W    -0.16%L    -0.16%L
2016-09-08   SNPS   #2    09:40    59.80    +0.15%W    +0.22%W    +0.20%W    +0.22%W    +0.28%W    +0.27%W    +0.09%W    +0.01%W    -0.17%L    -0.13%L    -0.14%L    -0.14%L
2016-09-09   META   #1    09:40   129.56    -0.52%L    -0.45%L    -0.61%L    -0.61%L    -0.94%L    -1.00%L    -1.18%L    -1.55%L    -1.29%L    -1.46%L    -1.89%L    -1.89%L
2016-09-09   SNPS   #2    09:40    59.36    +0.07%W    +0.05%W    +0.08%W    -0.05%L    +0.05%W    +0.07%W    -0.27%L    -0.72%L    -0.94%L    -1.28%L    -1.75%L    -1.75%L
2016-09-12   META   #1    09:40   126.92    -0.13%L    +0.04%W    +0.37%W    +0.53%W    +0.67%W    +0.76%W    +0.49%W    +0.91%W    +1.25%W    +1.42%W    +1.39%W    +1.39%W
2016-09-12   SNPS   #2    09:40    58.30    -0.07%L    +0.22%W    +0.36%W    +0.30%W    +0.22%W    +0.43%W    +0.43%W    +0.60%W    +1.18%W    +1.37%W    +1.36%W    +1.36%W
2016-09-13   META   #1    09:40   127.70    -0.31%L    -0.23%L    -0.45%L    -0.36%L    -0.62%L    -0.63%L    -0.58%L    -0.38%L    -0.52%L    -0.51%L    -0.38%L    -0.38%L
2016-09-13   SNPS   #2    09:40    58.55    -0.19%L    -0.27%L    -0.32%L    -0.22%L    -0.48%L    -0.60%L    -0.61%L    -0.55%L    -0.73%L    -1.02%L    -1.06%L    -1.06%L
2016-09-14   META   #1    09:40   128.24    -0.01%L    +0.19%W    +0.24%W    +0.25%W    -0.16%L    -0.45%L    -0.28%L    -0.06%L    -0.37%L    -0.45%L    -0.36%L    -0.36%L
2016-09-14   SNPS   #2    09:40    58.12    -0.34%L    -0.27%L    -0.30%L    -0.35%L    -0.52%L    -0.32%L    -0.54%L    -0.49%L    -0.59%L    -0.56%L    -0.68%L    -0.68%L
2016-09-15   META   #1    09:40   127.99    +0.15%W    +0.59%W    +0.61%W    +0.45%W    +0.82%W    +0.48%W    +0.41%W    +0.56%W    +0.66%W    +0.28%W    +0.28%W    +0.28%W
2016-09-15   QCOM   #2    09:40    62.02    -0.26%L    +0.29%W    +0.35%W    +0.45%W    +0.57%W    +0.60%W    +0.63%W    +0.86%W    +0.84%W    +0.98%W    +0.84%W    +0.84%W
2016-09-16   META   #1    09:40   128.90    -0.05%L    -0.19%L    -0.22%L    -0.15%L    -0.26%L    -0.36%L    -0.18%L    -0.33%L    -0.14%L    -0.11%L    +0.12%W    +0.12%W
2016-09-16   QCOM   #2    09:40    63.07    -0.29%L    -0.70%L    -0.84%L    -0.82%L    -1.06%L    -0.73%L    -0.54%L    -0.73%L    -0.40%L    -0.28%L    -0.19%L    -0.19%L
2016-09-19   CHTR   #1    09:40   266.11    +0.39%W    +0.33%W    +0.29%W    +0.02%W    +0.24%W    +0.19%W    -0.51%L    -1.00%L    -1.02%L    -0.91%L    -1.19%L    -1.19%L
2016-09-19   META   #2    09:40   129.72    -0.17%L    -0.48%L    -0.37%L    -0.48%L    -0.32%L    -0.30%L    -0.57%L    -1.08%L    -0.70%L    -0.89%L    -0.83%L    -0.83%L
2016-09-20   CHTR   #1    09:40   263.99    -0.09%L    +0.03%W    -0.03%L    -0.26%L    -0.30%L    -0.38%L    -0.13%L    +0.03%W    +0.45%W    +0.40%W    +0.22%W    +0.22%W
2016-09-20   META   #2    09:40   128.95    +0.10%W    -0.05%L    -0.10%L    -0.41%L    -0.35%L    -0.65%L    -0.27%L    -0.23%L    -0.18%L    -0.19%L    -0.24%L    -0.24%L
2016-09-21   CHTR   #1    09:40   267.86    +1.02%W    +0.75%W    +0.63%W    +0.53%W    +0.63%W    +0.90%W    +1.31%W    +1.22%W    +1.65%W    +2.34%W    +2.37%W    +2.37%W
2016-09-21   LLY    #2    09:40    80.08    +0.37%W    +0.35%W    +0.12%W    -0.12%L    -0.27%L    -0.17%L    -0.44%L    -0.44%L    +0.29%W    +1.01%W    +0.97%W    +0.97%W
2016-09-22   CHTR   #1    09:40   274.34    -0.13%L    +0.22%W    +0.35%W    +0.27%W    +0.10%W    +0.06%W    +0.73%W    +1.06%W    +0.77%W    +0.99%W    +0.87%W    +0.87%W
2016-09-22   LLY    #2    09:40    81.23    -0.53%L    -0.38%L    -0.04%L    -0.15%L    -0.15%L    -0.25%L    -0.09%L    +0.03%W    -0.21%L    +0.15%W    +0.06%W    +0.06%W
2016-09-23   CHTR   #1    09:40   275.44    -0.07%L    +0.13%W    +0.23%W    +0.17%W    +0.03%W    +0.18%W    +0.24%W    +0.03%W    +0.13%W    +0.29%W    +0.23%W    +0.23%W
2016-09-23   LLY    #2    09:40    81.08    +0.06%W    -0.27%L    -0.12%L    -0.05%L    +0.09%W    +0.06%W    +0.33%W    +0.26%W    +0.32%W    +0.23%W    +0.11%W    +0.11%W
2016-09-26   CHTR   #1    09:40   274.49    +0.02%W    -0.28%L    -0.18%L    -0.50%L    -0.23%L    -0.38%L    -0.56%L    -0.66%L    -0.34%L    -0.23%L    -0.24%L    -0.24%L
2016-09-26   LLY    #2    09:40    80.57    -0.02%L    -0.02%L    -0.09%L    -0.01%L    -0.48%L    -0.71%L    -0.64%L    -1.07%L    -1.25%L    -1.25%L    -1.22%L    -1.22%L
2016-09-27   CHTR   #1    09:40   273.74    +0.23%W    +0.34%W    +0.75%W    +0.69%W    +0.62%W    +0.94%W    +1.19%W    +1.23%W    +1.00%W    +0.70%W    +0.61%W    +0.61%W
2016-09-27   LLY    #2    09:40    79.78    +0.46%W    +0.18%W    +0.23%W    +0.40%W    +0.30%W    +0.28%W    +0.96%W    +1.05%W    +1.15%W    +1.43%W    +1.38%W    +1.38%W
2016-09-28   CHTR   #1    09:40   275.41    -0.08%L    -0.25%L    -0.17%L    -0.27%L    -0.50%L    -0.41%L    -0.38%L    +0.18%W    +0.19%W    +0.14%W    +0.42%W    +0.42%W
2016-09-28   LLY    #2    09:40    80.99    -0.15%L    -0.80%L    -0.83%L    -0.95%L    -1.01%L    -0.62%L    -0.62%L    -0.57%L    -0.27%L    -0.36%L    -0.36%L    -0.36%L
2016-09-29   CHTR   #1    09:40   274.68    +0.01%W    -0.54%L    -0.57%L    -0.61%L    -0.66%L    -0.87%L    -1.25%L    -1.63%L    -1.00%L    -0.72%L    -1.04%L    -1.04%L
2016-09-29   LLY    #2    09:40    80.00    +0.06%W    -0.12%L    +0.24%W    +0.14%W    +0.01%W    -0.20%L    -0.14%L    -0.61%L    -0.04%L    -0.16%L    -0.34%L    -0.34%L
2016-09-30   CHTR   #1    09:40   270.90    -0.26%L    -0.19%L    -0.41%L    -0.29%L    +0.04%W    -0.19%L    +0.18%W    +0.28%W    +0.04%W    -0.12%L    -0.35%L    -0.35%L
2016-09-30   LLY    #2    09:40    80.28    -0.31%L    +0.10%W    -0.01%L    -0.12%L    +0.39%W    +0.06%W    +0.01%W    +0.21%W    +0.22%W    +0.30%W    -0.06%L    -0.06%L

========================================================================================
Pre-session picks summary — 42 pick(s) across 21 trading day(s)

Top-2 picks (all days)  (42 signal(s))
  Hold      Count   Win Rate   Avg Gain    Avg Win   Avg Loss ProfitFactor   Sum Ret%
  -------------------------------------------------------------------------
  +15m         42      42.9%     +0.01%     +0.26%     -0.18%        1.06x     +0.28%
  +30m         42      52.4%     -0.02%     +0.25%     -0.31%        0.87x     -0.79%
  +45m         42      47.6%     -0.00%     +0.34%     -0.31%        0.99x     -0.05%
  +1h          42      40.5%     -0.07%     +0.32%     -0.33%        0.66x     -2.81%
  +1h30m       42      47.6%     -0.09%     +0.32%     -0.46%        0.63x     -3.76%
  +2h          42      40.5%     -0.09%     +0.41%     -0.44%        0.64x     -3.95%
  +3h          42      38.1%     -0.04%     +0.59%     -0.44%        0.83x     -1.89%
  +4h          42      42.9%     -0.08%     +0.58%     -0.58%        0.76x     -3.37%
  +5h          42      42.9%     +0.02%     +0.69%     -0.48%        1.07x     +0.82%
  +6h          42      45.2%     +0.07%     +0.75%     -0.50%        1.24x     +2.82%
  +7h          42      45.2%     +0.02%     +0.74%     -0.58%        1.06x     +0.73%
  EOD          42      45.2%     +0.02%     +0.74%     -0.58%        1.06x     +0.73%

=========================================================================================================================================================================================
Signal Analysis — 2016-09-01 to 2016-09-30  |  BULL only  |  Vol ≥ 1.0x 20dAvg
Windows: 09:30/3b  |  Collection: 3 bars  |  Tickers: 10
=========================================================================================================================================================================================
Date         Ticker Window   At       Entry  Vol/20d       +15m       +30m       +45m        +1h     +1h30m        +2h        +3h        +4h        +5h        +6h        +7h        EOD
-----------------------------------------------------------------------------------------------------------------------------------------------------------------------------------------
2016-09-01   MRVL   09:30/3b 09:40    12.53    1.19x    -0.16%L    +0.04%W    -0.40%L    -0.24%L    +0.16%W    +0.00%L    +1.00%W    +1.96%W    +1.76%W    +2.63%W    +2.71%W    +2.71%W
2016-09-01   QCOM   09:30/3b 09:45    63.06    1.04x    -0.02%L    -0.22%L    -0.78%L    -0.65%L    -0.40%L    -0.02%L    +0.51%W    +0.56%W    +0.66%W    +0.48%W    +0.65%W    +0.65%W
2016-09-01   AVGO   09:30/3b 09:40   177.51    1.29x    -0.34%L    -0.35%L    -1.21%L    -1.07%L    -1.26%L    -1.25%L    -1.02%L    -0.50%L    -0.34%L    -0.36%L    -0.38%L    -0.38%L
2016-09-01   AMD    09:30/3b 09:40     7.35    1.23x    +0.42%W    +0.83%W    -0.80%L    -0.93%L    -0.73%L    -0.67%L    -0.16%L    -0.16%L    -0.21%L    +0.01%W    +0.01%W    +0.01%W
2016-09-02   SNPS   09:30/3b 09:40    59.50    1.08x    +0.34%W    +0.39%W    +0.49%W    +0.49%W    +0.39%W    +0.43%W    +0.37%W    +0.11%W    +0.24%W    +0.24%W    +0.29%W    +0.29%W
2016-09-02   CHTR   09:30/3b 09:40   272.02    2.81x    -0.17%L    -0.15%L    -0.27%L    -0.50%L    -0.84%L    -0.69%L    -0.74%L    -0.65%L    -0.34%L    -0.19%L    -0.08%L    -0.08%L
2016-09-02   TSLA   09:30/3b 09:40   202.28    2.33x    -0.31%L    -0.29%L    -0.48%L    -0.99%L    -1.92%L    -1.78%L    -1.95%L    -2.67%L    -2.81%L    -2.31%L    -2.23%L    -2.23%L
2016-09-06   META   09:30/3b 09:40   127.11    2.45x    +0.36%W    +0.34%W    +0.27%W    +0.44%W    +0.65%W    +1.16%W    +1.91%W    +1.83%W    +1.96%W    +1.80%W    +2.05%W    +2.05%W
2016-09-06   MU     09:30/3b 09:50    17.00    1.06x    -0.29%L    -0.59%L    -0.62%L    -0.82%L    -0.53%L    -0.23%L    -0.12%L    +0.18%W    -0.09%L    +0.21%W    +0.06%W    +0.06%W
2016-09-06   LLY    09:30/3b 09:45    78.16    1.81x    -0.03%L    -0.15%L    -0.18%L    -0.46%L    -0.08%L    +0.52%W    +0.37%W    +0.32%W    +0.14%W    +0.36%W    +0.46%W    +0.46%W
2016-09-06   QCOM   09:30/3b 09:40    63.30    1.23x    -0.17%L    -0.08%L    -0.39%L    -0.30%L    -0.43%L    -0.65%L    -0.46%L    -0.56%L    -0.41%L    -0.38%L    -0.33%L    -0.33%L
2016-09-06   TSLA   09:30/3b 09:40   202.63    3.72x    -0.18%L    -1.13%L    -1.02%L    -0.60%L    -0.44%L    -0.01%L    +0.00%W    -0.30%L    -0.31%L    -0.18%L    +0.09%W    +0.09%W
2016-09-07   META   09:30/3b 09:50   131.24    2.95x    +0.35%W    +0.46%W    -0.02%L    -0.09%L    -0.49%L    -0.46%L    -0.79%L    -0.45%L    -0.42%L    -0.26%L    -0.14%L    -0.14%L
2016-09-07   LLY    09:30/3b 09:40    78.69    4.51x    +0.05%W    -0.02%L    +0.13%W    -0.09%L    -0.25%L    -0.25%L    -0.40%L    -0.36%L    -0.23%L    -0.15%L    -0.10%L    -0.10%L
2016-09-07   MRVL   09:30/3b 09:40    12.74    2.92x    -0.12%L    +0.20%W    -0.04%L    +0.31%W    -0.27%L    -0.24%L    -0.51%L    -0.39%L    -1.30%L    -1.06%L    -0.86%L    -0.86%L
2016-09-08   MRVL   09:30/3b 09:40    12.60    1.38x    +0.48%W    +0.36%W    +0.75%W    +0.71%W    +1.55%W    +1.15%W    +0.79%W    +0.63%W    -0.24%L    -0.04%L    -0.40%L    -0.40%L
2016-09-08   QCOM   09:30/3b 09:40    62.49    1.82x    -0.66%L    -0.62%L    -0.54%L    -0.31%L    -0.09%L    -0.35%L    -0.24%L    -0.15%L    +0.11%W    +0.50%W    +0.32%W    +0.32%W
2016-09-09   MU     09:30/3b 09:40    17.66    2.27x    -1.67%L    -1.64%L    -1.67%L    -2.71%L    -3.14%L    -3.76%L    -4.22%L    -4.51%L    -4.90%L    -4.66%L    -4.84%L    -4.84%L
2016-09-09   MRVL   09:30/3b 09:40    12.68    1.10x    -1.18%L    -1.30%L    -1.74%L    -1.78%L    -2.60%L    -2.96%L    -3.20%L    -4.02%L    -3.43%L    -3.12%L    -2.88%L    -2.88%L
2016-09-09   TSLA   09:30/3b 09:45   199.62    1.44x    -0.26%L    -0.16%L    -0.61%L    -1.38%L    -1.32%L    -1.07%L    -1.56%L    -1.83%L    -2.09%L    -2.59%L    -2.58%L    -2.58%L
2016-09-12   CHTR   09:30/3b 09:40   265.27    1.60x    -0.12%L    +0.51%W    +0.61%W    +0.77%W    +0.96%W    +0.98%W    +1.17%W    +0.92%W    +1.36%W    +1.61%W    +1.53%W    +1.53%W
2016-09-12   AVGO   09:30/3b 09:40   161.17    1.14x    +1.34%W    +1.56%W    +1.71%W    +1.76%W    +1.64%W    +1.96%W    +1.69%W    +1.23%W    +2.13%W    +2.12%W    +2.06%W    +2.06%W
2016-09-12   AMD    09:30/3b 09:40     5.97    2.01x    +1.01%W    +0.17%W    +1.10%W    -0.17%L    -0.75%L    -0.35%L    -1.51%L    -2.18%L    -0.42%L    -0.50%L    -0.50%L    -0.50%L
2016-09-13   MRVL   09:30/3b 09:45    12.55    1.03x    -0.80%L    -0.72%L    -0.64%L    -0.64%L    -0.88%L    -1.31%L    -1.04%L    -0.88%L    -0.72%L    -0.84%L    -0.76%L    -0.76%L
2016-09-13   QCOM   09:30/3b 09:40    62.08    1.11x    -0.42%L    -0.77%L    -0.76%L    -0.63%L    -1.26%L    -1.18%L    -1.11%L    -1.13%L    -1.43%L    -1.50%L    -1.27%L    -1.27%L
2016-09-13   AVGO   09:30/3b 09:40   166.72    1.89x    -0.84%L    -0.88%L    -0.73%L    -0.45%L    -0.97%L    -0.69%L    -0.91%L    -0.58%L    -0.87%L    -1.00%L    -0.85%L    -0.85%L
2016-09-14   META   09:30/3b 09:40   128.24    1.30x    -0.01%L    +0.19%W    +0.24%W    +0.25%W    -0.16%L    -0.45%L    -0.28%L    -0.06%L    -0.37%L    -0.45%L    -0.36%L    -0.36%L
2016-09-14   AVGO   09:30/3b 09:40   166.64    1.05x    -0.26%L    +0.20%W    +0.28%W    +0.66%W    +0.73%W    +1.18%W    +1.55%W    +1.25%W    +1.46%W    +1.61%W    +1.78%W    +1.78%W
2016-09-14   AMD    09:30/3b 09:40     5.83    1.15x    +0.43%W    +0.86%W    +0.34%W    +0.26%W    -0.52%L    +0.94%W    +2.14%W    +2.83%W    +3.60%W    +3.60%W    +3.60%W    +3.60%W
2016-09-15   QCOM   09:30/3b 09:40    62.02    1.16x    -0.26%L    +0.29%W    +0.35%W    +0.45%W    +0.57%W    +0.60%W    +0.63%W    +0.86%W    +0.84%W    +0.98%W    +0.84%W    +0.84%W
2016-09-16   META   09:30/3b 09:40   128.90    1.06x    -0.05%L    -0.19%L    -0.22%L    -0.15%L    -0.26%L    -0.36%L    -0.18%L    -0.33%L    -0.14%L    -0.11%L    +0.12%W    +0.12%W
2016-09-19   MRVL   09:30/3b 09:45    12.96    1.01x    +0.15%W    +0.42%W    -0.46%L    -0.77%L    -1.04%L    -0.19%L    +0.12%W    -0.93%L    -0.27%L    -0.15%L    -0.46%L    -0.46%L
2016-09-19   TSLA   09:30/3b 09:50   208.74    1.13x    -0.02%L    -0.82%L    -0.48%L    -0.73%L    -0.49%L    -0.68%L    -1.43%L    -1.59%L    -1.16%L    -1.19%L    -1.15%L    -1.15%L
2016-09-20   LLY    09:30/3b 09:50    80.17    2.74x    -0.27%L    -0.26%L    -0.43%L    -0.24%L    +0.02%W    -0.07%L    +0.10%W    +0.06%W    +0.01%W    -0.24%L    -0.35%L    -0.35%L
2016-09-21   SNPS   09:30/3b 09:45    58.81    1.10x    +0.16%W    +0.13%W    +0.06%W    +0.06%W    -0.23%L    -0.21%L    -0.47%L    -0.56%L    -0.38%L    +0.28%W    +0.30%W    +0.30%W
2016-09-23   QCOM   09:30/3b 09:40    63.42    1.45x    -0.32%L    -0.36%L    -0.50%L    -0.44%L    -0.63%L    -0.30%L    -0.40%L    -0.65%L    -0.99%L    -1.03%L    -1.09%L    -1.09%L
2016-09-23   TSLA   09:30/3b 09:45   207.19    1.08x    -0.10%L    -0.41%L    -0.13%L    +0.45%W    +1.04%W    +0.94%W    +0.57%W    +0.37%W    +0.51%W    +0.46%W    +0.13%W    +0.13%W
2016-09-26   TSLA   09:30/3b 09:50   210.80    1.06x    -0.27%L    -0.45%L    -0.76%L    -1.26%L    -1.18%L    -1.01%L    -0.99%L    -0.81%L    -1.16%L    -0.78%L    -0.84%L    -0.84%L
2016-09-27   QCOM   09:30/3b 09:40    62.79    1.14x    +0.43%W    +0.47%W    +0.44%W    +0.13%W    +0.10%W    +0.40%W    +0.64%W    +0.87%W    +0.79%W    +0.90%W    +0.85%W    +0.85%W
2016-09-28   MRVL   09:30/3b 09:40    13.26    1.92x    +1.21%W    +0.00%L    +0.41%W    -0.11%L    -0.08%L    -0.41%L    -0.94%L    -0.79%L    -0.68%L    -0.60%L    -0.68%L    -0.68%L
2016-09-28   TSLA   09:30/3b 09:50   207.52    1.01x    -0.09%L    -0.34%L    -0.50%L    -0.88%L    -0.41%L    -0.14%L    -0.06%L    -0.35%L    -0.51%L    -0.46%L    -0.60%L    -0.60%L
2016-09-30   MRVL   09:30/3b 09:45    13.52    1.69x    -0.18%L    +0.04%W    -0.59%L    -0.85%L    -0.85%L    -1.11%L    -0.96%L    -1.11%L    -1.29%L    -1.66%L    -1.85%L    -1.85%L

========================================================================================
Summary — 42 qualifying signal(s) across 21 trading day(s)

Window 09:30/3b  (42 signal(s))
  Hold      Count   Win Rate   Avg Gain    Avg Win   Avg Loss ProfitFactor   Sum Ret%
  -------------------------------------------------------------------------
  +15m         42      31.0%     -0.07%     +0.52%     -0.33%        0.70x     -2.86%
  +30m         42      42.9%     -0.11%     +0.41%     -0.50%        0.63x     -4.47%
  +45m         42      33.3%     -0.23%     +0.51%     -0.61%        0.42x     -9.78%
  +1h          42      31.0%     -0.32%     +0.52%     -0.70%        0.33x    -13.49%
  +1h30m       42      26.2%     -0.40%     +0.71%     -0.79%        0.32x    -16.69%
  +2h          42      26.2%     -0.30%     +0.93%     -0.74%        0.45x    -12.58%
  +3h          42      38.1%     -0.29%     +0.85%     -0.99%        0.53x    -12.06%
  +4h          42      35.7%     -0.35%     +0.93%     -1.06%        0.49x    -14.51%
  +5h          42      33.3%     -0.28%     +1.11%     -0.98%        0.57x    -11.94%
  +6h          42      38.1%     -0.19%     +1.11%     -0.99%        0.69x     -8.01%
  +7h          42      42.9%     -0.18%     +0.99%     -1.07%        0.70x     -7.73%
  EOD          42      42.9%     -0.18%     +0.99%     -1.07%        0.70x     -7.73%
