Fetching 5-min bars (2022-03-02 → 2022-04-29) [alpaca]...
  [cache] fetching 9 tickers from alpaca (cache miss)
  [cache] loaded 10 tickers from cache
Fetching daily bars (2021-04-01 → 2022-04-29)...

=========================================================================================================================================================================================
Pre-Session Rankings (9:25) — 2022-04-01 to 2022-04-29  |  20d lookback
=========================================================================================================================================================================================
Pre-session top-2 (9:25, 20d EOD win rate) — 2022-04-01  OR: 09:30/3b
  #1 APP    +15m 55%W +0.1%  +30m 65%W +0.5%  +1h 60%W +0.4%  +2h 55%W +1.0%  +5h 70%W +0.7%  EOD 65%W +0.6%  EOD range -6.2% → +5.0%
  #2 MU     +15m 50%W +0.1%  +30m 60%W +0.3%  +1h 50%W +0.1%  +2h 50%W -0.4%  +5h 50%W +0.1%  EOD 65%W +0.6%  EOD range -6.8% → +6.2%
  Ticker   N          +15m          +30m           +1h           +2h           +5h           EOD           EOD range
  ----------------------------------------------------------------------------------------------------------------------
  APP     20  55%W +0.1%  65%W +0.5%  60%W +0.4%  55%W +1.0%  70%W +0.7%  65%W +0.6%       -6.2% → +5.0%
  MU      20  50%W +0.1%  60%W +0.3%  50%W +0.1%  50%W -0.4%  50%W +0.1%  65%W +0.6%       -6.8% → +6.2%
  SNPS    20  45%W -0.2%  50%W -0.0%  50%W +0.2%  50%W -0.0%  65%W +0.5%  65%W +0.6%       -5.1% → +4.7%
  QCOM    20  60%W +0.1%  65%W +0.4%  60%W +0.4%  60%W +0.2%  65%W +0.5%  65%W +0.7%       -5.9% → +3.3%
  AVGO    20  45%W -0.0%  55%W +0.2%  70%W +0.4%  55%W +0.3%  65%W +0.2%  65%W +0.8%       -4.0% → +3.6%
  DDOG    20  55%W +0.2%  55%W +0.5%  60%W +0.9%  55%W +0.2%  60%W +1.5%  65%W +1.5%       -7.4% → +7.9%
  MRVL    20  45%W -0.2%  55%W +0.2%  50%W +0.2%  55%W +0.2%  45%W -0.2%  60%W +0.6%       -6.4% → +6.7%
  CRWD    20  60%W +0.2%  50%W -0.0%  55%W +0.2%  55%W +1.0%  60%W +1.0%  60%W +0.6%       -5.0% → +7.2%
  TSLA    20  55%W +0.1%  65%W +0.8%  70%W +0.7%  70%W +0.9%  60%W +0.4%  60%W +0.5%       -6.3% → +7.1%
  SPOT    20  42%W -0.2%  47%W -0.7%  42%W -0.4%  47%W -0.4%  58%W +0.4%  58%W +0.2%       -6.1% → +7.1%
  META    20  35%W -0.2%  50%W +0.1%  70%W +0.2%  50%W +0.1%  65%W +0.5%  55%W +0.4%       -4.3% → +4.0%
  PLTR    20  60%W +0.1%  50%W +0.0%  65%W +0.7%  55%W +0.5%  55%W +0.6%  55%W +0.5%       -7.5% → +4.9%
  AMD     20  55%W +0.0%  45%W -0.0%  65%W +0.3%  55%W +0.4%  45%W -0.3%  50%W +0.2%       -4.4% → +7.0%
  LLY     20  68%W +0.2%  53%W +0.1%  42%W -0.1%  53%W +0.1%  47%W -0.1%  47%W -0.3%       -1.4% → +1.4%
  SNOW    20  60%W +0.0%  50%W +0.1%  55%W +0.4%  60%W +0.3%  50%W +0.1%  45%W -0.4%       -9.1% → +9.0%
  CHTR    20  65%W +0.3%  65%W +0.3%  60%W +0.4%  50%W -0.1%  40%W -0.2%  40%W -0.1%       -3.6% → +3.3%
Pre-session top-2 (9:25, 20d EOD win rate) — 2022-04-04  OR: 09:30/3b
  #1 DDOG   +15m 55%W +0.2%  +30m 60%W +0.5%  +1h 65%W +1.2%  +2h 60%W +0.3%  +5h 60%W +1.5%  EOD 70%W +1.5%  EOD range -7.4% → +7.9%
  #2 APP    +15m 55%W +0.2%  +30m 70%W +0.5%  +1h 65%W +0.6%  +2h 55%W +1.0%  +5h 70%W +0.7%  EOD 65%W +0.6%  EOD range -6.2% → +5.0%
  Ticker   N          +15m          +30m           +1h           +2h           +5h           EOD           EOD range
  ----------------------------------------------------------------------------------------------------------------------
  DDOG    20  55%W +0.2%  60%W +0.5%  65%W +1.2%  60%W +0.3%  60%W +1.5%  70%W +1.5%       -7.4% → +7.9%
  APP     20  55%W +0.2%  70%W +0.5%  65%W +0.6%  55%W +1.0%  70%W +0.7%  65%W +0.6%       -6.2% → +5.0%
  MU      20  45%W -0.1%  60%W +0.3%  50%W +0.1%  50%W -0.4%  50%W +0.1%  65%W +0.6%       -6.8% → +6.2%
  QCOM    20  55%W +0.0%  60%W +0.4%  60%W +0.4%  55%W +0.2%  65%W +0.5%  65%W +0.7%       -5.9% → +3.3%
  SPOT    20  47%W -0.0%  53%W +0.3%  47%W -0.4%  53%W +0.5%  63%W +0.4%  63%W +0.3%       -6.1% → +7.1%
  MRVL    20  50%W -0.1%  55%W +0.2%  55%W +0.5%  55%W +0.2%  45%W -0.2%  60%W +0.6%       -6.4% → +6.7%
  CRWD    20  65%W +0.3%  55%W +0.3%  60%W +0.4%  60%W +1.0%  60%W +1.0%  60%W +0.6%       -5.0% → +7.2%
  PLTR    20  60%W +0.1%  50%W +0.0%  70%W +0.7%  60%W +0.5%  55%W +0.6%  60%W +0.5%       -7.5% → +4.9%
  TSLA    20  50%W +0.0%  65%W +0.7%  70%W +0.8%  75%W +0.9%  65%W +0.5%  60%W +0.8%       -6.3% → +7.1%
  SNPS    20  40%W -0.3%  50%W -0.0%  50%W +0.2%  50%W -0.2%  60%W +0.4%  60%W +0.6%       -5.1% → +4.7%
  AVGO    20  40%W -0.0%  50%W -0.0%  65%W +0.4%  50%W +0.1%  60%W +0.2%  60%W +0.7%       -4.0% → +3.6%
  META    20  30%W -0.2%  55%W +0.2%  75%W +0.2%  50%W +0.1%  65%W +0.5%  55%W +0.4%       -4.3% → +4.0%
  AMD     20  50%W -0.0%  45%W -0.0%  65%W +0.3%  55%W +0.4%  45%W -0.3%  50%W +0.3%       -4.4% → +7.0%
  LLY     20  68%W +0.3%  58%W +0.2%  47%W -0.0%  53%W +0.1%  47%W -0.1%  47%W -0.3%       -1.4% → +1.9%
  CHTR    20  65%W +0.3%  60%W +0.2%  60%W +0.3%  50%W -0.1%  45%W -0.1%  45%W -0.1%       -3.6% → +3.3%
  SNOW    20  65%W +0.1%  55%W +0.4%  60%W +1.2%  65%W +0.4%  50%W +0.1%  45%W -0.2%       -9.1% → +9.0%
Pre-session top-2 (9:25, 20d EOD win rate) — 2022-04-05  OR: 09:30/3b
  #1 DDOG   +15m 55%W +0.2%  +30m 60%W +0.5%  +1h 65%W +1.2%  +2h 60%W +0.3%  +5h 65%W +1.5%  EOD 75%W +1.5%  EOD range -6.6% → +7.9%
  #2 APP    +15m 55%W +0.2%  +30m 75%W +0.7%  +1h 70%W +0.9%  +2h 60%W +1.3%  +5h 75%W +1.1%  EOD 70%W +0.8%  EOD range -6.2% → +5.0%
  Ticker   N          +15m          +30m           +1h           +2h           +5h           EOD           EOD range
  ----------------------------------------------------------------------------------------------------------------------
  DDOG    20  55%W +0.2%  60%W +0.5%  65%W +1.2%  60%W +0.3%  65%W +1.5%  75%W +1.5%       -6.6% → +7.9%
  APP     20  55%W +0.2%  75%W +0.7%  70%W +0.9%  60%W +1.3%  75%W +1.1%  70%W +0.8%       -6.2% → +5.0%
  MU      20  50%W +0.0%  65%W +0.4%  50%W +0.1%  50%W +0.0%  50%W +0.1%  70%W +0.6%       -6.8% → +6.2%
  QCOM    20  60%W +0.1%  65%W +0.6%  65%W +0.4%  60%W +0.4%  70%W +0.7%  70%W +0.9%       -3.9% → +3.5%
  SPOT    20  47%W -0.0%  53%W +0.3%  47%W -0.4%  58%W +0.6%  68%W +0.5%  68%W +0.5%       -6.1% → +7.1%
  MRVL    20  55%W +0.1%  60%W +0.4%  60%W +0.6%  60%W +0.6%  50%W +0.2%  65%W +0.8%       -4.5% → +6.7%
  CRWD    20  65%W +0.3%  55%W +0.3%  65%W +0.5%  60%W +1.0%  65%W +1.0%  65%W +0.6%       -4.0% → +7.2%
  PLTR    20  55%W +0.1%  50%W +0.0%  70%W +0.7%  65%W +0.9%  60%W +0.7%  65%W +1.2%       -7.5% → +4.9%
  TSLA    20  55%W +0.1%  70%W +0.8%  75%W +1.0%  80%W +1.0%  70%W +0.9%  65%W +1.0%       -4.1% → +7.1%
  SNPS    20  40%W -0.3%  50%W -0.0%  50%W +0.2%  50%W -0.0%  60%W +0.4%  65%W +0.6%       -5.1% → +4.7%
  AVGO    20  45%W -0.0%  55%W +0.2%  70%W +0.4%  55%W +0.3%  65%W +0.2%  65%W +0.8%       -1.8% → +3.6%
  META    20  35%W -0.2%  60%W +0.2%  80%W +0.4%  55%W +0.4%  70%W +0.5%  60%W +0.6%       -2.4% → +4.0%
  AMD     20  45%W -0.1%  45%W -0.0%  65%W +0.3%  55%W +0.8%  50%W +0.1%  55%W +0.8%       -4.4% → +7.0%
  SNOW    20  60%W +0.0%  60%W +0.5%  65%W +1.2%  70%W +0.7%  55%W +0.5%  50%W +0.4%       -9.1% → +9.0%
  LLY     20  68%W +0.4%  58%W +0.3%  42%W -0.1%  53%W +0.1%  42%W -0.1%  42%W -0.3%       -1.4% → +1.9%
  CHTR    20  70%W +0.3%  60%W +0.2%  55%W +0.2%  45%W -0.2%  40%W -0.1%  40%W -0.1%       -3.6% → +3.3%
Pre-session top-2 (9:25, 20d EOD win rate) — 2022-04-06  OR: 09:30/3b
  #1 DDOG   +15m 50%W +0.0%  +30m 55%W +0.1%  +1h 60%W +1.2%  +2h 55%W +0.3%  +5h 60%W +0.9%  EOD 70%W +1.1%  EOD range -6.6% → +7.9%
  #2 APP    +15m 55%W +0.2%  +30m 70%W +0.5%  +1h 65%W +0.9%  +2h 55%W +1.3%  +5h 70%W +0.7%  EOD 65%W +0.6%  EOD range -6.2% → +5.0%
  Ticker   N          +15m          +30m           +1h           +2h           +5h           EOD           EOD range
  ----------------------------------------------------------------------------------------------------------------------
  DDOG    20  50%W +0.0%  55%W +0.1%  60%W +1.2%  55%W +0.3%  60%W +0.9%  70%W +1.1%       -6.6% → +7.9%
  APP     20  55%W +0.2%  70%W +0.5%  65%W +0.9%  55%W +1.3%  70%W +0.7%  65%W +0.6%       -6.2% → +5.0%
  MU      20  50%W +0.0%  60%W +0.3%  45%W -0.3%  45%W -0.4%  45%W -0.1%  65%W +0.5%       -6.8% → +6.2%
  CRWD    20  65%W +0.3%  55%W +0.3%  65%W +0.5%  60%W +1.0%  65%W +1.0%  65%W +0.6%       -4.0% → +7.2%
  PLTR    20  55%W +0.1%  50%W +0.0%  70%W +0.7%  60%W +0.9%  60%W +0.7%  65%W +1.2%       -7.5% → +4.9%
  SPOT    20  45%W -0.1%  50%W -0.2%  45%W -0.4%  55%W +0.5%  65%W +0.4%  65%W +0.4%       -6.1% → +7.1%
  QCOM    20  60%W +0.1%  65%W +0.6%  65%W +0.4%  60%W +0.4%  65%W +0.5%  65%W +0.9%       -3.9% → +3.5%
  MRVL    20  55%W +0.1%  55%W +0.3%  55%W +0.6%  55%W +0.2%  45%W -0.2%  60%W +0.6%       -4.5% → +6.7%
  TSLA    20  55%W +0.1%  65%W +0.7%  70%W +0.8%  75%W +0.9%  65%W +0.5%  60%W +0.8%       -4.5% → +7.1%
  SNPS    20  40%W -0.3%  50%W -0.0%  50%W +0.2%  50%W -0.0%  55%W +0.3%  60%W +0.5%       -5.1% → +4.7%
  AVGO    20  45%W -0.0%  55%W +0.2%  65%W +0.4%  50%W +0.1%  60%W +0.2%  60%W +0.7%       -1.9% → +3.6%
  META    20  35%W -0.1%  55%W +0.1%  75%W +0.4%  50%W +0.1%  65%W +0.5%  55%W +0.6%       -2.4% → +4.0%
  AMD     20  45%W -0.1%  45%W -0.0%  60%W +0.2%  50%W -0.1%  45%W -0.3%  50%W +0.3%       -4.4% → +7.0%
  SNOW    20  60%W +0.0%  60%W +0.5%  65%W +1.2%  70%W +0.7%  55%W +0.5%  50%W +0.4%       -8.0% → +9.0%
  CHTR    20  75%W +0.3%  55%W +0.2%  50%W -0.0%  45%W -0.2%  40%W -0.1%  40%W -0.1%       -3.6% → +3.3%
  LLY     20  70%W +0.3%  55%W +0.2%  40%W -0.1%  55%W +0.1%  40%W -0.2%  40%W -0.3%       -1.4% → +1.9%
Pre-session top-2 (9:25, 20d EOD win rate) — 2022-04-07  OR: 09:30/3b
  #1 DDOG   +15m 45%W -0.3%  +30m 50%W -0.1%  +1h 60%W +0.8%  +2h 55%W +0.3%  +5h 60%W +0.8%  EOD 70%W +0.8%  EOD range -6.6% → +5.0%
  #2 APP    +15m 50%W -0.1%  +30m 65%W +0.3%  +1h 60%W +0.6%  +2h 55%W +0.7%  +5h 70%W +0.6%  EOD 65%W +0.6%  EOD range -6.2% → +5.0%
  Ticker   N          +15m          +30m           +1h           +2h           +5h           EOD           EOD range
  ----------------------------------------------------------------------------------------------------------------------
  DDOG    20  45%W -0.3%  50%W -0.1%  60%W +0.8%  55%W +0.3%  60%W +0.8%  70%W +0.8%       -6.6% → +5.0%
  APP     20  50%W -0.1%  65%W +0.3%  60%W +0.6%  55%W +0.7%  70%W +0.6%  65%W +0.6%       -6.2% → +5.0%
  MU      20  50%W -0.0%  60%W +0.3%  45%W -0.2%  45%W -0.2%  45%W -0.1%  65%W +0.5%       -6.8% → +6.2%
  CRWD    20  60%W +0.2%  55%W +0.3%  65%W +0.5%  60%W +1.0%  65%W +1.0%  65%W +0.6%       -4.0% → +6.5%
  SPOT    20  40%W -0.3%  45%W -0.5%  40%W -0.4%  50%W +0.0%  60%W +0.3%  65%W +0.5%       -6.1% → +7.1%
  QCOM    20  55%W +0.0%  65%W +0.4%  65%W +0.4%  60%W +0.2%  60%W +0.4%  65%W +0.7%       -3.9% → +3.5%
  MRVL    20  50%W -0.1%  50%W +0.1%  55%W +0.4%  55%W +0.2%  45%W -0.2%  60%W +0.5%       -4.5% → +6.7%
  PLTR    20  50%W -0.2%  50%W +0.0%  65%W +0.6%  55%W +0.4%  55%W +0.7%  60%W +1.0%       -7.5% → +4.9%
  SNPS    20  35%W -0.3%  50%W -0.0%  50%W +0.2%  50%W -0.0%  55%W +0.3%  60%W +0.5%       -5.1% → +4.7%
  AVGO    20  40%W -0.0%  55%W +0.2%  65%W +0.4%  50%W +0.1%  60%W +0.2%  60%W +0.7%       -1.9% → +3.6%
  TSLA    20  50%W +0.0%  60%W +0.5%  65%W +0.7%  70%W +0.9%  60%W +0.4%  55%W +0.4%       -4.5% → +7.1%
  META    20  30%W -0.2%  50%W +0.0%  70%W +0.2%  45%W -0.2%  60%W +0.4%  50%W +0.1%       -2.4% → +4.0%
  AMD     20  40%W -0.1%  40%W -0.1%  55%W +0.1%  50%W -0.3%  45%W -0.3%  50%W +0.1%       -4.4% → +7.0%
  SNOW    20  60%W +0.0%  60%W +0.5%  65%W +1.2%  70%W +0.7%  55%W +0.5%  50%W +0.4%       -8.0% → +9.0%
  LLY     20  65%W +0.2%  55%W +0.2%  40%W -0.1%  55%W +0.1%  45%W -0.1%  45%W -0.3%       -1.4% → +3.1%
  CHTR    20  75%W +0.3%  55%W +0.2%  45%W -0.2%  45%W -0.2%  40%W -0.1%  40%W -0.1%       -3.6% → +3.3%
Pre-session top-2 (9:25, 20d EOD win rate) — 2022-04-08  OR: 09:30/3b
  #1 DDOG   +15m 50%W +0.0%  +30m 50%W -0.1%  +1h 60%W +0.6%  +2h 55%W +0.3%  +5h 60%W +0.4%  EOD 70%W +0.6%  EOD range -6.6% → +5.0%
  #2 MU     +15m 55%W +0.2%  +30m 60%W +0.3%  +1h 45%W -0.2%  +2h 45%W -0.2%  +5h 45%W -0.1%  EOD 65%W +0.5%  EOD range -6.8% → +6.2%
  Ticker   N          +15m          +30m           +1h           +2h           +5h           EOD           EOD range
  ----------------------------------------------------------------------------------------------------------------------
  DDOG    20  50%W +0.0%  50%W -0.1%  60%W +0.6%  55%W +0.3%  60%W +0.4%  70%W +0.6%       -6.6% → +5.0%
  MU      20  55%W +0.2%  60%W +0.3%  45%W -0.2%  45%W -0.2%  45%W -0.1%  65%W +0.5%       -6.8% → +6.2%
  CRWD    20  60%W +0.2%  55%W +0.3%  65%W +0.5%  55%W +0.6%  65%W +0.7%  65%W +0.6%       -4.0% → +6.5%
  APP     20  55%W +0.2%  60%W +0.3%  65%W +0.6%  55%W +0.7%  65%W +0.6%  60%W +0.4%       -6.2% → +5.0%
  MRVL    20  50%W -0.1%  50%W +0.1%  55%W +0.4%  55%W +0.2%  45%W -0.2%  60%W +0.5%       -4.5% → +6.7%
  TSLA    20  55%W +0.1%  60%W +0.7%  65%W +0.7%  70%W +0.9%  60%W +0.4%  60%W +0.4%       -4.5% → +7.1%
  SNPS    20  40%W -0.3%  50%W -0.0%  55%W +0.3%  55%W +0.1%  55%W +0.3%  60%W +0.5%       -5.1% → +4.7%
  SPOT    20  45%W -0.1%  45%W -0.5%  45%W -0.2%  50%W +0.0%  55%W +0.2%  60%W +0.4%       -6.1% → +7.1%
  QCOM    20  55%W +0.0%  65%W +0.3%  60%W +0.4%  60%W +0.2%  60%W +0.3%  60%W +0.7%       -3.9% → +3.5%
  AVGO    20  40%W -0.0%  55%W +0.2%  60%W +0.4%  45%W -0.2%  60%W +0.2%  60%W +0.6%       -1.9% → +3.6%
  PLTR    20  50%W -0.2%  50%W +0.0%  60%W +0.3%  55%W +0.4%  50%W +0.3%  55%W +0.4%       -7.5% → +4.9%
  AMD     20  45%W -0.1%  45%W -0.1%  55%W +0.1%  50%W -0.3%  50%W +0.0%  55%W +0.3%       -4.4% → +7.0%
  SNOW    20  65%W +0.1%  60%W +0.6%  65%W +1.2%  70%W +0.7%  60%W +0.6%  55%W +1.0%       -8.0% → +9.0%
  META    20  35%W -0.2%  50%W +0.0%  70%W +0.2%  45%W -0.2%  55%W +0.4%  50%W +0.0%       -2.4% → +4.0%
  LLY     20  65%W +0.3%  60%W +0.3%  45%W -0.0%  60%W +0.2%  40%W -0.1%  40%W -0.3%       -1.4% → +3.1%
  CHTR    20  75%W +0.3%  55%W +0.2%  40%W -0.2%  40%W -0.3%  35%W -0.2%  35%W -0.1%       -3.6% → +3.3%
Pre-session top-2 (9:25, 20d EOD win rate) — 2022-04-11  OR: 09:30/3b
  #1 MU     +15m 50%W -0.1%  +30m 55%W +0.3%  +1h 45%W -0.2%  +2h 45%W -0.2%  +5h 50%W +0.1%  EOD 70%W +0.6%  EOD range -6.8% → +6.2%
  #2 DDOG   +15m 50%W +0.0%  +30m 50%W -0.0%  +1h 60%W +0.6%  +2h 60%W +0.4%  +5h 65%W +0.6%  EOD 70%W +0.6%  EOD range -5.6% → +5.0%
  Ticker   N          +15m          +30m           +1h           +2h           +5h           EOD           EOD range
  ----------------------------------------------------------------------------------------------------------------------
  MU      20  50%W -0.1%  55%W +0.3%  45%W -0.2%  45%W -0.2%  50%W +0.1%  70%W +0.6%       -6.8% → +6.2%
  DDOG    20  50%W +0.0%  50%W -0.0%  60%W +0.6%  60%W +0.4%  65%W +0.6%  70%W +0.6%       -5.6% → +5.0%
  CRWD    20  55%W +0.2%  55%W +0.3%  65%W +0.5%  50%W -0.1%  60%W +0.7%  65%W +0.6%       -4.0% → +6.5%
  APP     20  50%W -0.1%  55%W +0.2%  65%W +0.4%  55%W +0.7%  60%W +0.4%  60%W +0.4%       -6.2% → +5.0%
  MRVL    20  50%W -0.1%  50%W +0.1%  55%W +0.4%  55%W +0.2%  45%W -0.2%  60%W +0.5%       -4.2% → +6.7%
  TSLA    20  55%W +0.1%  60%W +0.7%  65%W +0.7%  70%W +0.9%  60%W +0.4%  60%W +0.4%       -4.5% → +7.1%
  SNPS    20  40%W -0.3%  55%W +0.1%  60%W +0.3%  60%W +0.2%  60%W +0.4%  60%W +0.5%       -5.1% → +4.7%
  SPOT    20  45%W -0.1%  45%W -0.4%  50%W +0.3%  55%W +0.5%  55%W +0.2%  60%W +0.4%       -4.9% → +7.1%
  QCOM    20  60%W +0.1%  65%W +0.3%  60%W +0.4%  65%W +0.3%  60%W +0.3%  60%W +0.7%       -3.9% → +3.5%
  AVGO    20  40%W -0.0%  55%W +0.2%  60%W +0.4%  45%W -0.2%  60%W +0.2%  60%W +0.6%       -1.9% → +3.6%
  META    20  35%W -0.2%  50%W +0.0%  70%W +0.2%  50%W +0.1%  55%W +0.4%  55%W +0.2%       -2.4% → +4.0%
  PLTR    20  50%W -0.2%  50%W +0.0%  60%W +0.3%  55%W +0.4%  50%W +0.3%  55%W +0.4%       -7.5% → +4.9%
  AMD     20  45%W -0.1%  45%W -0.1%  50%W -0.0%  50%W -0.2%  50%W +0.0%  55%W +0.3%       -4.4% → +7.0%
  SNOW    20  65%W +0.1%  60%W +0.6%  70%W +1.2%  75%W +0.9%  60%W +0.6%  55%W +1.0%       -8.0% → +9.0%
  LLY     20  65%W +0.2%  60%W +0.2%  40%W -0.1%  60%W +0.2%  40%W -0.1%  45%W -0.3%       -1.4% → +3.1%
  CHTR    20  75%W +0.3%  60%W +0.3%  45%W -0.2%  45%W -0.2%  40%W -0.1%  40%W -0.1%       -3.6% → +3.3%
Pre-session top-2 (9:25, 20d EOD win rate) — 2022-04-12  OR: 09:30/3b
  #1 MU     +15m 50%W -0.1%  +30m 55%W +0.3%  +1h 45%W -0.2%  +2h 50%W +0.1%  +5h 55%W +0.5%  EOD 75%W +0.8%  EOD range -6.8% → +6.2%
  #2 DDOG   +15m 55%W +0.5%  +30m 55%W +0.1%  +1h 60%W +0.6%  +2h 65%W +0.5%  +5h 70%W +0.8%  EOD 75%W +0.6%  EOD range -5.3% → +5.0%
  Ticker   N          +15m          +30m           +1h           +2h           +5h           EOD           EOD range
  ----------------------------------------------------------------------------------------------------------------------
  MU      20  50%W -0.1%  55%W +0.3%  45%W -0.2%  50%W +0.1%  55%W +0.5%  75%W +0.8%       -6.8% → +6.2%
  DDOG    20  55%W +0.5%  55%W +0.1%  60%W +0.6%  65%W +0.5%  70%W +0.8%  75%W +0.6%       -5.3% → +5.0%
  CRWD    20  55%W +0.2%  60%W +0.3%  65%W +0.5%  55%W +0.6%  65%W +1.1%  70%W +0.7%       -3.5% → +6.5%
  APP     20  55%W +0.3%  55%W +0.2%  65%W +0.4%  55%W +0.7%  60%W +0.4%  60%W +0.4%       -3.7% → +5.0%
  MRVL    20  50%W -0.1%  45%W -0.2%  55%W +0.4%  55%W +0.2%  45%W -0.2%  60%W +0.5%       -4.2% → +6.7%
  PLTR    20  55%W +0.1%  55%W +0.1%  65%W +0.3%  60%W +0.9%  55%W +0.7%  60%W +1.0%       -6.1% → +4.9%
  TSLA    20  60%W +0.1%  60%W +0.6%  65%W +0.7%  70%W +0.9%  60%W +0.4%  60%W +0.4%       -4.5% → +7.1%
  SNOW    20  70%W +0.2%  65%W +0.6%  70%W +1.2%  80%W +1.1%  65%W +0.8%  60%W +1.0%       -4.5% → +9.0%
  SNPS    20  40%W -0.3%  50%W +0.1%  60%W +0.3%  60%W +0.2%  60%W +0.4%  60%W +0.5%       -2.1% → +4.7%
  SPOT    20  50%W +0.0%  45%W -0.2%  50%W +0.3%  55%W +0.5%  60%W +0.3%  60%W +0.4%       -4.8% → +7.1%
  QCOM    20  60%W +0.1%  60%W +0.2%  55%W +0.4%  70%W +0.3%  60%W +0.3%  60%W +0.7%       -3.9% → +3.5%
  AVGO    20  40%W -0.0%  50%W -0.0%  55%W +0.4%  45%W -0.2%  60%W +0.2%  60%W +0.6%       -1.9% → +3.6%
  META    20  40%W -0.1%  50%W +0.0%  70%W +0.2%  50%W +0.1%  55%W +0.4%  55%W +0.2%       -1.7% → +4.0%
  AMD     20  45%W -0.1%  40%W -0.2%  45%W -0.1%  50%W -0.2%  55%W +0.1%  55%W +0.3%       -4.4% → +7.0%
  CHTR    20  75%W +0.3%  60%W +0.3%  45%W -0.2%  45%W -0.2%  45%W -0.0%  40%W -0.1%       -3.6% → +3.3%
  LLY     20  60%W +0.2%  55%W +0.2%  40%W -0.1%  60%W +0.2%  40%W -0.1%  40%W -0.3%       -1.4% → +3.1%
Pre-session top-2 (9:25, 20d EOD win rate) — 2022-04-13  OR: 09:30/3b
  #1 MU     +15m 50%W -0.1%  +30m 50%W +0.1%  +1h 40%W -0.3%  +2h 45%W -0.2%  +5h 50%W +0.1%  EOD 70%W +0.6%  EOD range -6.8% → +3.1%
  #2 DDOG   +15m 55%W +0.5%  +30m 55%W +0.1%  +1h 55%W +0.1%  +2h 65%W +0.5%  +5h 65%W +0.6%  EOD 70%W +0.4%  EOD range -5.3% → +5.0%
  Ticker   N          +15m          +30m           +1h           +2h           +5h           EOD           EOD range
  ----------------------------------------------------------------------------------------------------------------------
  MU      20  50%W -0.1%  50%W +0.1%  40%W -0.3%  45%W -0.2%  50%W +0.1%  70%W +0.6%       -6.8% → +3.1%
  DDOG    20  55%W +0.5%  55%W +0.1%  55%W +0.1%  65%W +0.5%  65%W +0.6%  70%W +0.4%       -5.3% → +5.0%
  CRWD    20  55%W +0.2%  55%W +0.2%  60%W +0.3%  50%W -0.1%  60%W +0.7%  65%W +0.6%       -4.4% → +6.5%
  APP     20  55%W +0.3%  55%W +0.2%  60%W +0.4%  55%W +0.5%  55%W +0.1%  55%W +0.3%       -3.7% → +5.0%
  MRVL    20  45%W -0.3%  40%W -0.3%  50%W +0.1%  50%W -0.0%  40%W -0.3%  55%W +0.4%       -4.2% → +5.9%
  PLTR    20  55%W +0.1%  55%W +0.1%  60%W +0.1%  60%W +0.4%  50%W +0.3%  55%W +0.4%       -6.1% → +4.9%
  TSLA    20  60%W +0.1%  60%W +0.4%  60%W +0.5%  65%W +0.8%  55%W +0.2%  55%W +0.1%       -4.5% → +7.1%
  SNOW    20  70%W +0.4%  70%W +0.7%  70%W +0.6%  80%W +1.3%  60%W +0.8%  55%W +0.8%       -4.5% → +9.0%
  SNPS    20  40%W -0.3%  45%W -0.1%  55%W +0.3%  55%W +0.1%  55%W +0.3%  55%W +0.2%       -2.4% → +4.7%
  SPOT    20  50%W +0.0%  45%W -0.2%  45%W -0.2%  50%W +0.1%  55%W +0.2%  55%W +0.2%       -4.8% → +7.1%
  QCOM    20  55%W +0.0%  55%W +0.1%  50%W +0.1%  65%W +0.2%  55%W +0.1%  55%W +0.3%       -3.9% → +3.5%
  AVGO    20  35%W -0.1%  45%W -0.2%  50%W +0.0%  40%W -0.3%  55%W +0.1%  55%W +0.5%       -2.1% → +3.6%
  META    20  45%W -0.1%  55%W +0.1%  65%W +0.2%  45%W -0.2%  50%W +0.1%  50%W +0.0%       -2.3% → +4.0%
  AMD     20  45%W -0.1%  35%W -0.3%  40%W -0.2%  45%W -0.8%  50%W +0.0%  50%W +0.1%       -4.4% → +4.6%
  CHTR    20  75%W +0.3%  60%W +0.2%  40%W -0.2%  40%W -0.3%  45%W -0.0%  40%W -0.1%       -3.6% → +3.3%
  LLY     20  55%W +0.1%  50%W +0.0%  35%W -0.1%  60%W +0.2%  40%W -0.1%  40%W -0.3%       -1.4% → +3.1%
Pre-session top-2 (9:25, 20d EOD win rate) — 2022-04-14  OR: 09:30/3b
  #1 CRWD   +15m 60%W +0.2%  +30m 55%W +0.3%  +1h 65%W +0.5%  +2h 55%W +0.6%  +5h 65%W +1.1%  EOD 70%W +0.7%  EOD range -4.4% → +6.5%
  #2 DDOG   +15m 55%W +0.5%  +30m 55%W +0.1%  +1h 55%W +0.1%  +2h 65%W +0.5%  +5h 65%W +0.7%  EOD 70%W +0.4%  EOD range -5.3% → +5.0%
  Ticker   N          +15m          +30m           +1h           +2h           +5h           EOD           EOD range
  ----------------------------------------------------------------------------------------------------------------------
  CRWD    20  60%W +0.2%  55%W +0.3%  65%W +0.5%  55%W +0.6%  65%W +1.1%  70%W +0.7%       -4.4% → +6.5%
  DDOG    20  55%W +0.5%  55%W +0.1%  55%W +0.1%  65%W +0.5%  65%W +0.7%  70%W +0.4%       -5.3% → +5.0%
  MU      20  50%W -0.1%  50%W +0.1%  45%W -0.3%  40%W -0.2%  50%W +0.1%  65%W +0.5%       -6.8% → +3.1%
  APP     20  55%W +0.3%  55%W +0.2%  60%W +0.4%  55%W +0.5%  55%W +0.1%  55%W +0.3%       -3.7% → +5.0%
  MRVL    20  40%W -0.4%  40%W -0.3%  50%W +0.1%  50%W -0.0%  45%W -0.2%  55%W +0.4%       -4.2% → +5.9%
  PLTR    20  60%W +0.2%  55%W +0.1%  60%W +0.1%  60%W +0.4%  50%W +0.3%  55%W +0.4%       -6.1% → +4.8%
  TSLA    20  60%W +0.1%  60%W +0.4%  60%W +0.5%  65%W +0.8%  55%W +0.2%  55%W +0.1%       -4.5% → +7.1%
  SNOW    20  75%W +0.4%  70%W +0.7%  70%W +0.6%  80%W +1.1%  60%W +0.6%  55%W +0.5%       -4.5% → +7.2%
  SPOT    20  50%W +0.0%  45%W -0.2%  45%W -0.2%  50%W +0.1%  55%W +0.2%  55%W +0.2%       -4.8% → +7.1%
  QCOM    20  50%W -0.0%  55%W +0.1%  50%W +0.1%  65%W +0.2%  60%W +0.3%  55%W +0.3%       -3.9% → +3.5%
  AVGO    20  30%W -0.2%  45%W -0.2%  45%W -0.2%  45%W -0.2%  60%W +0.1%  55%W +0.2%       -2.1% → +3.6%
  META    20  45%W -0.1%  55%W +0.1%  60%W +0.2%  45%W -0.2%  45%W -0.1%  50%W -0.1%       -2.3% → +3.7%
  AMD     20  50%W -0.1%  35%W -0.3%  40%W -0.2%  45%W -0.8%  50%W +0.0%  50%W +0.1%       -4.4% → +4.6%
  SNPS    20  40%W -0.3%  50%W +0.0%  60%W +0.3%  60%W +0.2%  55%W +0.3%  50%W +0.0%       -2.7% → +4.7%
  CHTR    20  80%W +0.3%  65%W +0.3%  40%W -0.2%  45%W -0.2%  50%W +0.0%  45%W -0.0%       -3.6% → +3.3%
  LLY     20  50%W +0.0%  45%W -0.1%  35%W -0.1%  60%W +0.2%  40%W -0.1%  40%W -0.3%       -1.4% → +3.1%
Pre-session top-2 (9:25, 20d EOD win rate) — 2022-04-18  OR: 09:30/3b
  #1 CRWD   +15m 60%W +0.2%  +30m 50%W +0.0%  +1h 60%W +0.3%  +2h 50%W +0.1%  +5h 60%W +0.7%  EOD 65%W +0.6%  EOD range -4.4% → +4.0%
  #2 DDOG   +15m 55%W +0.5%  +30m 50%W -0.0%  +1h 50%W -0.2%  +2h 60%W +0.5%  +5h 60%W +0.4%  EOD 65%W +0.4%  EOD range -5.3% → +5.0%
  Ticker   N          +15m          +30m           +1h           +2h           +5h           EOD           EOD range
  ----------------------------------------------------------------------------------------------------------------------
  CRWD    20  60%W +0.2%  50%W +0.0%  60%W +0.3%  50%W +0.1%  60%W +0.7%  65%W +0.6%       -4.4% → +4.0%
  DDOG    20  55%W +0.5%  50%W -0.0%  50%W -0.2%  60%W +0.5%  60%W +0.4%  65%W +0.4%       -5.3% → +5.0%
  MU      20  50%W -0.1%  55%W +0.3%  50%W +0.0%  40%W -0.2%  45%W -0.1%  60%W +0.4%       -6.8% → +3.1%
  AVGO    20  30%W -0.2%  45%W -0.2%  45%W -0.2%  45%W -0.2%  60%W +0.1%  55%W +0.2%       -2.5% → +3.6%
  APP     20  55%W +0.3%  50%W +0.1%  55%W +0.4%  50%W +0.1%  50%W -0.0%  50%W +0.1%       -3.7% → +4.6%
  MRVL    20  40%W -0.4%  40%W -0.4%  50%W +0.1%  50%W -0.0%  40%W -0.3%  50%W +0.1%       -4.2% → +5.9%
  PLTR    20  60%W +0.2%  50%W +0.0%  55%W +0.0%  55%W +0.2%  45%W -0.2%  50%W -0.1%       -6.1% → +4.8%
  TSLA    20  60%W +0.1%  55%W +0.2%  55%W +0.3%  60%W +0.6%  50%W -0.0%  50%W -0.0%       -4.5% → +7.1%
  AMD     20  45%W -0.2%  30%W -0.4%  40%W -0.2%  45%W -0.8%  50%W +0.0%  50%W +0.1%       -4.4% → +4.6%
  SNOW    20  70%W +0.2%  65%W +0.6%  65%W +0.4%  75%W +0.9%  55%W +0.3%  50%W +0.1%       -4.5% → +6.3%
  SPOT    20  45%W -0.0%  40%W -0.4%  40%W -0.4%  45%W -0.5%  50%W +0.0%  50%W -0.1%       -4.8% → +7.1%
  QCOM    20  50%W -0.0%  50%W -0.1%  50%W +0.1%  60%W +0.1%  55%W +0.1%  50%W -0.0%       -3.9% → +3.5%
  META    20  45%W -0.1%  55%W +0.0%  55%W +0.2%  40%W -0.3%  40%W -0.2%  45%W -0.2%       -2.3% → +3.7%
  SNPS    20  40%W -0.3%  45%W -0.1%  55%W +0.3%  55%W +0.1%  50%W +0.0%  45%W -0.1%       -2.7% → +4.7%
  CHTR    20  80%W +0.3%  60%W +0.2%  35%W -0.2%  40%W -0.3%  45%W -0.0%  40%W -0.1%       -3.6% → +2.4%
  LLY     20  45%W -0.0%  40%W -0.2%  40%W -0.1%  60%W +0.2%  40%W -0.1%  40%W -0.3%       -1.4% → +3.1%
Pre-session top-2 (9:25, 20d EOD win rate) — 2022-04-19  OR: 09:30/3b
  #1 DDOG   +15m 55%W +0.5%  +30m 50%W -0.0%  +1h 50%W -0.2%  +2h 55%W +0.3%  +5h 60%W +0.4%  EOD 65%W +0.4%  EOD range -5.3% → +5.0%
  #2 MU     +15m 50%W -0.1%  +30m 55%W +0.3%  +1h 50%W +0.0%  +2h 40%W -0.2%  +5h 45%W -0.1%  EOD 60%W +0.4%  EOD range -6.8% → +3.1%
  Ticker   N          +15m          +30m           +1h           +2h           +5h           EOD           EOD range
  ----------------------------------------------------------------------------------------------------------------------
  DDOG    20  55%W +0.5%  50%W -0.0%  50%W -0.2%  55%W +0.3%  60%W +0.4%  65%W +0.4%       -5.3% → +5.0%
  MU      20  50%W -0.1%  55%W +0.3%  50%W +0.0%  40%W -0.2%  45%W -0.1%  60%W +0.4%       -6.8% → +3.1%
  CRWD    20  60%W +0.2%  50%W +0.0%  60%W +0.3%  50%W +0.1%  55%W +0.7%  60%W +0.5%       -4.4% → +4.0%
  AVGO    20  30%W -0.2%  45%W -0.2%  45%W -0.2%  45%W -0.2%  60%W +0.1%  55%W +0.2%       -2.5% → +3.6%
  MRVL    20  40%W -0.4%  40%W -0.4%  50%W +0.1%  50%W -0.0%  40%W -0.3%  50%W +0.1%       -4.2% → +5.9%
  PLTR    20  60%W +0.2%  50%W +0.0%  55%W +0.0%  50%W +0.1%  45%W -0.2%  50%W -0.1%       -6.1% → +4.8%
  TSLA    20  60%W +0.1%  55%W +0.2%  55%W +0.3%  60%W +0.6%  50%W -0.0%  50%W -0.0%       -4.5% → +7.1%
  AMD     20  45%W -0.2%  30%W -0.4%  40%W -0.2%  45%W -0.8%  50%W +0.0%  50%W +0.1%       -4.4% → +4.6%
  SPOT    20  45%W -0.0%  40%W -0.4%  45%W -0.2%  50%W -0.0%  50%W +0.0%  50%W +0.0%       -4.8% → +7.1%
  QCOM    20  50%W -0.0%  50%W -0.1%  50%W +0.1%  55%W +0.1%  55%W +0.1%  50%W -0.0%       -3.9% → +3.5%
  APP     20  55%W +0.3%  50%W +0.1%  55%W +0.4%  45%W -0.1%  50%W -0.0%  45%W -0.1%       -3.7% → +4.6%
  META    20  45%W -0.1%  55%W +0.0%  55%W +0.2%  35%W -0.3%  40%W -0.2%  45%W -0.2%       -2.3% → +1.7%
  SNOW    20  70%W +0.2%  65%W +0.6%  60%W +0.3%  70%W +0.7%  55%W +0.1%  45%W -0.2%       -4.5% → +6.3%
  SNPS    20  40%W -0.3%  45%W -0.1%  55%W +0.3%  55%W +0.1%  50%W +0.0%  45%W -0.1%       -2.7% → +3.5%
  LLY     20  45%W -0.0%  40%W -0.2%  40%W -0.1%  60%W +0.2%  40%W -0.1%  40%W -0.3%       -1.4% → +3.1%
  CHTR    20  80%W +0.3%  55%W +0.1%  30%W -0.3%  35%W -0.3%  40%W -0.2%  35%W -0.3%       -3.6% → +2.4%
Pre-session top-2 (9:25, 20d EOD win rate) — 2022-04-20  OR: 09:30/3b
  #1 DDOG   +15m 60%W +0.5%  +30m 55%W +0.1%  +1h 55%W +0.1%  +2h 60%W +0.5%  +5h 65%W +0.6%  EOD 70%W +0.4%  EOD range -5.3% → +5.0%
  #2 MU     +15m 55%W +0.1%  +30m 60%W +0.4%  +1h 55%W +0.3%  +2h 45%W -0.1%  +5h 50%W +0.1%  EOD 60%W +0.4%  EOD range -6.8% → +3.1%
  Ticker   N          +15m          +30m           +1h           +2h           +5h           EOD           EOD range
  ----------------------------------------------------------------------------------------------------------------------
  DDOG    20  60%W +0.5%  55%W +0.1%  55%W +0.1%  60%W +0.5%  65%W +0.6%  70%W +0.4%       -5.3% → +5.0%
  MU      20  55%W +0.1%  60%W +0.4%  55%W +0.3%  45%W -0.1%  50%W +0.1%  60%W +0.4%       -6.8% → +3.1%
  CRWD    20  65%W +0.2%  55%W +0.2%  60%W +0.5%  50%W +0.1%  55%W +0.7%  60%W +0.5%       -4.4% → +4.0%
  PLTR    20  60%W +0.3%  55%W +0.1%  60%W +0.1%  50%W +0.1%  50%W +0.3%  55%W +0.4%       -6.1% → +4.8%
  TSLA    20  65%W +0.1%  60%W +0.4%  60%W +0.5%  60%W +0.8%  55%W +0.2%  55%W +0.1%       -4.5% → +7.1%
  SPOT    20  50%W +0.0%  45%W -0.2%  50%W +0.3%  50%W -0.0%  55%W +0.2%  55%W +0.4%       -4.8% → +7.1%
  AVGO    20  35%W -0.2%  50%W -0.0%  50%W +0.1%  45%W -0.2%  65%W +0.2%  55%W +0.2%       -2.5% → +3.6%
  META    20  50%W +0.0%  60%W +0.1%  60%W +0.2%  40%W -0.2%  45%W -0.1%  50%W -0.1%       -2.3% → +3.2%
  MRVL    20  45%W -0.3%  45%W -0.2%  55%W +0.4%  50%W -0.0%  45%W -0.2%  50%W +0.1%       -4.2% → +5.9%
  AMD     20  50%W -0.1%  35%W -0.3%  45%W -0.1%  45%W -0.8%  55%W +0.1%  50%W +0.1%       -4.4% → +4.6%
  SNOW    20  70%W +0.2%  70%W +0.6%  65%W +0.4%  70%W +0.9%  60%W +0.3%  50%W +0.1%       -4.5% → +6.3%
  QCOM    20  55%W +0.0%  55%W +0.1%  55%W +0.4%  55%W +0.1%  55%W +0.3%  50%W -0.0%       -3.9% → +3.5%
  APP     20  55%W +0.1%  50%W +0.1%  55%W +0.4%  45%W -0.1%  50%W +0.0%  45%W -0.1%       -3.7% → +4.6%
  SNPS    20  45%W -0.3%  50%W +0.1%  60%W +0.3%  55%W +0.1%  55%W +0.3%  45%W -0.1%       -2.7% → +3.5%
  CHTR    20  80%W +0.3%  55%W +0.1%  30%W -0.3%  35%W -0.3%  45%W -0.0%  40%W -0.1%       -3.6% → +2.4%
  LLY     20  50%W +0.0%  40%W -0.1%  45%W -0.0%  60%W +0.2%  40%W -0.1%  40%W -0.3%       -1.2% → +3.1%
Pre-session top-2 (9:25, 20d EOD win rate) — 2022-04-21  OR: 09:30/3b
  #1 DDOG   +15m 55%W +0.5%  +30m 50%W -0.0%  +1h 50%W -0.2%  +2h 55%W +0.3%  +5h 60%W +0.4%  EOD 65%W +0.4%  EOD range -5.3% → +5.0%
  #2 CRWD   +15m 60%W +0.2%  +30m 50%W +0.0%  +1h 60%W +0.5%  +2h 45%W -0.2%  +5h 55%W +0.6%  EOD 60%W +0.5%  EOD range -4.4% → +4.0%
  Ticker   N          +15m          +30m           +1h           +2h           +5h           EOD           EOD range
  ----------------------------------------------------------------------------------------------------------------------
  DDOG    20  55%W +0.5%  50%W -0.0%  50%W -0.2%  55%W +0.3%  60%W +0.4%  65%W +0.4%       -5.3% → +5.0%
  CRWD    20  60%W +0.2%  50%W +0.0%  60%W +0.5%  45%W -0.2%  55%W +0.6%  60%W +0.5%       -4.4% → +4.0%
  MU      20  50%W -0.1%  55%W +0.3%  50%W +0.0%  40%W -0.2%  45%W -0.1%  55%W +0.3%       -6.8% → +3.1%
  PLTR    20  55%W +0.1%  50%W +0.0%  60%W +0.1%  45%W -0.2%  45%W -0.2%  50%W -0.1%       -6.1% → +4.7%
  TSLA    20  60%W +0.1%  55%W +0.2%  55%W +0.3%  55%W +0.6%  50%W -0.0%  50%W -0.0%       -4.5% → +6.2%
  AMD     20  45%W -0.2%  30%W -0.4%  40%W -0.2%  40%W -1.1%  55%W +0.1%  50%W +0.1%       -4.4% → +4.6%
  SPOT    20  50%W +0.0%  45%W -0.2%  50%W +0.3%  50%W -0.0%  50%W +0.0%  50%W +0.0%       -4.8% → +2.7%
  AVGO    20  30%W -0.2%  45%W -0.2%  45%W -0.2%  40%W -0.4%  60%W +0.1%  50%W -0.1%       -2.5% → +3.6%
  META    20  45%W -0.0%  55%W +0.0%  55%W +0.2%  35%W -0.3%  40%W -0.2%  45%W -0.2%       -3.2% → +3.2%
  MRVL    20  40%W -0.4%  40%W -0.2%  55%W +0.2%  45%W -0.3%  40%W -0.3%  45%W -0.1%       -4.2% → +5.9%
  SNOW    20  65%W +0.2%  65%W +0.6%  65%W +0.4%  65%W +0.7%  55%W +0.1%  45%W -0.2%       -4.5% → +4.9%
  SNPS    20  40%W -0.3%  50%W +0.1%  60%W +0.3%  55%W +0.1%  55%W +0.3%  45%W -0.1%       -2.7% → +3.1%
  QCOM    20  50%W -0.0%  50%W -0.1%  50%W +0.1%  50%W +0.0%  50%W +0.0%  45%W -0.1%       -3.9% → +3.5%
  APP     20  50%W -0.1%  45%W -0.1%  50%W +0.1%  40%W -0.1%  45%W -0.3%  40%W -0.3%       -3.7% → +4.6%
  LLY     20  55%W +0.1%  45%W -0.1%  50%W +0.0%  60%W +0.2%  40%W -0.1%  40%W -0.3%       -1.2% → +3.1%
  CHTR    20  75%W +0.2%  50%W -0.0%  30%W -0.3%  35%W -0.4%  40%W -0.2%  35%W -0.3%       -3.6% → +2.4%
Pre-session top-2 (9:25, 20d EOD win rate) — 2022-04-22  OR: 09:30/3b
  #1 DDOG   +15m 55%W +0.5%  +30m 45%W -0.2%  +1h 45%W -0.5%  +2h 50%W +0.1%  +5h 55%W +0.2%  EOD 60%W +0.3%  EOD range -9.7% → +5.0%
  #2 MU     +15m 55%W +0.1%  +30m 50%W +0.1%  +1h 45%W -0.2%  +2h 35%W -0.3%  +5h 45%W -0.1%  EOD 55%W +0.3%  EOD range -6.8% → +3.1%
  Ticker   N          +15m          +30m           +1h           +2h           +5h           EOD           EOD range
  ----------------------------------------------------------------------------------------------------------------------
  DDOG    20  55%W +0.5%  45%W -0.2%  45%W -0.5%  50%W +0.1%  55%W +0.2%  60%W +0.3%       -9.7% → +5.0%
  MU      20  55%W +0.1%  50%W +0.1%  45%W -0.2%  35%W -0.3%  45%W -0.1%  55%W +0.3%       -6.8% → +3.1%
  CRWD    20  55%W +0.2%  45%W -0.2%  55%W +0.3%  40%W -0.4%  50%W +0.2%  55%W +0.5%       -6.4% → +4.0%
  AVGO    20  30%W -0.2%  45%W -0.2%  45%W -0.2%  35%W -0.5%  55%W +0.1%  50%W -0.1%       -2.8% → +3.6%
  META    20  45%W -0.1%  50%W +0.0%  50%W +0.1%  30%W -0.4%  35%W -0.2%  45%W -0.4%       -6.3% → +3.2%
  MRVL    20  40%W -0.4%  35%W -0.4%  50%W +0.0%  40%W -0.7%  35%W -0.4%  45%W -0.1%       -6.6% → +5.9%
  PLTR    20  55%W +0.1%  45%W -0.1%  55%W +0.0%  40%W -0.3%  40%W -0.5%  45%W -0.8%       -6.1% → +4.7%
  TSLA    20  55%W +0.0%  50%W -0.1%  50%W +0.1%  50%W +0.1%  45%W -0.1%  45%W -0.2%       -7.0% → +6.2%
  AMD     20  45%W -0.2%  25%W -0.5%  35%W -0.4%  35%W -1.1%  50%W -0.4%  45%W -0.2%       -5.3% → +4.6%
  SNPS    20  40%W -0.2%  45%W -0.1%  55%W +0.3%  50%W -0.0%  50%W +0.0%  45%W -0.1%       -4.9% → +3.1%
  SPOT    20  45%W -0.0%  40%W -0.4%  45%W -0.2%  45%W -0.5%  45%W -0.3%  45%W -0.3%       -8.1% → +2.7%
  LLY     20  60%W +0.1%  50%W +0.0%  55%W +0.1%  65%W +0.2%  45%W -0.1%  45%W -0.2%       -1.1% → +3.1%
  QCOM    20  45%W -0.1%  45%W -0.2%  45%W -0.2%  45%W -0.1%  45%W -0.1%  45%W -0.1%       -4.3% → +3.5%
  SNOW    20  60%W +0.1%  60%W +0.5%  60%W +0.3%  60%W +0.4%  50%W -0.1%  40%W -0.5%       -7.5% → +4.9%
  APP     20  55%W +0.1%  40%W -0.1%  45%W -0.0%  35%W -0.2%  40%W -0.8%  35%W -0.7%       -7.0% → +4.6%
  CHTR    20  75%W +0.2%  50%W -0.0%  30%W -0.4%  30%W -0.5%  40%W -0.2%  35%W -0.3%       -3.6% → +2.4%
Pre-session top-2 (9:25, 20d EOD win rate) — 2022-04-25  OR: 09:30/3b
  #1 DDOG   +15m 55%W +0.3%  +30m 45%W -0.2%  +1h 40%W -0.5%  +2h 45%W -0.2%  +5h 50%W +0.1%  EOD 55%W +0.2%  EOD range -9.7% → +4.3%
  #2 MU     +15m 50%W -0.1%  +30m 45%W -0.2%  +1h 40%W -0.2%  +2h 30%W -0.5%  +5h 40%W -0.4%  EOD 50%W +0.0%  EOD range -6.8% → +2.3%
  Ticker   N          +15m          +30m           +1h           +2h           +5h           EOD           EOD range
  ----------------------------------------------------------------------------------------------------------------------
  DDOG    20  55%W +0.3%  45%W -0.2%  40%W -0.5%  45%W -0.2%  50%W +0.1%  55%W +0.2%       -9.7% → +4.3%
  MU      20  50%W -0.1%  45%W -0.2%  40%W -0.2%  30%W -0.5%  40%W -0.4%  50%W +0.0%       -6.8% → +2.3%
  CRWD    20  55%W +0.1%  45%W -0.2%  50%W +0.0%  35%W -0.5%  45%W -0.2%  50%W +0.2%       -6.4% → +4.0%
  AVGO    20  30%W -0.2%  45%W -0.2%  45%W -0.2%  30%W -0.5%  50%W -0.1%  45%W -0.6%       -2.8% → +2.1%
  META    20  40%W -0.1%  50%W -0.1%  45%W -0.1%  25%W -0.5%  30%W -0.3%  40%W -0.9%       -6.3% → +3.2%
  MRVL    20  35%W -0.4%  30%W -0.5%  45%W -0.0%  35%W -1.0%  30%W -0.7%  40%W -0.9%       -6.6% → +3.5%
  PLTR    20  55%W +0.1%  45%W -0.1%  50%W +0.0%  35%W -0.4%  35%W -0.5%  40%W -1.2%       -6.1% → +4.7%
  TSLA    20  60%W +0.1%  55%W +0.2%  55%W +0.3%  50%W +0.1%  40%W -0.2%  40%W -0.3%       -7.0% → +6.2%
  AMD     20  45%W -0.2%  25%W -0.4%  35%W -0.4%  30%W -1.1%  45%W -0.9%  40%W -0.7%       -5.3% → +2.5%
  SNPS    20  35%W -0.2%  45%W -0.0%  55%W +0.1%  45%W -0.2%  45%W -0.3%  40%W -0.5%       -4.9% → +3.1%
  SPOT    20  50%W +0.1%  40%W -0.2%  45%W -0.1%  45%W -0.5%  40%W -0.8%  40%W -0.4%       -8.1% → +2.7%
  LLY     20  55%W +0.1%  45%W -0.1%  50%W +0.0%  60%W +0.2%  40%W -0.1%  40%W -0.3%       -3.1% → +3.1%
  QCOM    20  45%W -0.1%  45%W -0.2%  45%W -0.2%  40%W -0.4%  40%W -0.2%  40%W -0.4%       -4.3% → +3.5%
  CHTR    20  70%W +0.2%  45%W -0.1%  25%W -0.4%  30%W -0.6%  40%W -0.2%  35%W -0.3%       -3.6% → +2.4%
  SNOW    20  60%W +0.2%  60%W +0.5%  60%W +0.3%  55%W +0.4%  45%W -0.2%  35%W -0.8%       -7.5% → +4.9%
  APP     20  55%W +0.1%  40%W -0.1%  50%W +0.1%  35%W -0.4%  35%W -1.0%  30%W -1.0%       -7.0% → +4.6%
Pre-session top-2 (9:25, 20d EOD win rate) — 2022-04-26  OR: 09:30/3b
  #1 DDOG   +15m 55%W +0.3%  +30m 45%W -0.2%  +1h 40%W -0.2%  +2h 45%W -0.2%  +5h 50%W +0.1%  EOD 55%W +0.2%  EOD range -9.7% → +4.3%
  #2 MU     +15m 50%W -0.1%  +30m 50%W +0.1%  +1h 45%W -0.1%  +2h 30%W -0.3%  +5h 40%W -0.4%  EOD 50%W +0.0%  EOD range -6.8% → +2.3%
  Ticker   N          +15m          +30m           +1h           +2h           +5h           EOD           EOD range
  ----------------------------------------------------------------------------------------------------------------------
  DDOG    20  55%W +0.3%  45%W -0.2%  40%W -0.2%  45%W -0.2%  50%W +0.1%  55%W +0.2%       -9.7% → +4.3%
  MU      20  50%W -0.1%  50%W +0.1%  45%W -0.1%  30%W -0.3%  40%W -0.4%  50%W +0.0%       -6.8% → +2.3%
  CRWD    20  55%W +0.1%  45%W -0.1%  55%W +0.3%  35%W -0.4%  50%W +0.1%  50%W +0.2%       -6.4% → +4.0%
  META    20  40%W -0.1%  50%W -0.1%  50%W -0.1%  25%W -0.5%  35%W -0.2%  45%W -0.4%       -6.3% → +3.2%
  PLTR    20  60%W +0.3%  50%W +0.0%  55%W +0.1%  40%W -0.3%  40%W -0.5%  45%W -0.8%       -6.1% → +4.7%
  TSLA    20  65%W +0.1%  60%W +0.4%  55%W +0.3%  55%W +0.4%  45%W -0.1%  45%W -0.2%       -7.0% → +6.2%
  AMD     20  45%W -0.2%  25%W -0.4%  40%W -0.2%  30%W -1.1%  50%W -0.4%  45%W -0.2%       -5.3% → +2.5%
  SNPS    20  35%W -0.2%  50%W +0.0%  60%W +0.3%  45%W -0.2%  50%W +0.0%  45%W -0.1%       -4.9% → +3.1%
  SPOT    20  55%W +0.3%  45%W -0.0%  50%W +0.3%  50%W -0.0%  45%W -0.3%  45%W -0.3%       -8.1% → +2.7%
  LLY     20  55%W +0.1%  40%W -0.1%  50%W +0.0%  60%W +0.2%  45%W -0.1%  45%W -0.2%       -3.1% → +3.1%
  AVGO    20  30%W -0.2%  45%W -0.0%  45%W -0.2%  30%W -0.4%  50%W -0.1%  45%W -0.6%       -2.8% → +2.1%
  MRVL    20  35%W -0.4%  35%W -0.4%  45%W -0.0%  40%W -0.7%  35%W -0.7%  40%W -0.9%       -6.6% → +3.5%
  SNOW    20  65%W +0.4%  65%W +0.6%  65%W +0.4%  60%W +0.4%  50%W -0.1%  40%W -0.5%       -7.5% → +4.9%
  QCOM    20  40%W -0.2%  40%W -0.2%  45%W -0.2%  40%W -0.4%  40%W -0.2%  40%W -0.4%       -4.3% → +3.5%
  CHTR    20  65%W +0.1%  40%W -0.1%  25%W -0.4%  30%W -0.6%  40%W -0.2%  35%W -0.3%       -3.6% → +2.4%
  APP     20  60%W +0.2%  40%W -0.1%  50%W +0.1%  40%W -0.2%  40%W -0.8%  30%W -0.7%       -7.0% → +4.6%
Pre-session top-2 (9:25, 20d EOD win rate) — 2022-04-27  OR: 09:30/3b
  #1 CRWD   +15m 55%W +0.1%  +30m 45%W -0.1%  +1h 55%W +0.3%  +2h 35%W -0.4%  +5h 50%W +0.1%  EOD 50%W +0.2%  EOD range -6.4% → +4.0%
  #2 DDOG   +15m 55%W +0.3%  +30m 45%W -0.2%  +1h 40%W -0.2%  +2h 45%W -0.2%  +5h 50%W +0.1%  EOD 50%W +0.1%  EOD range -9.7% → +4.3%
  Ticker   N          +15m          +30m           +1h           +2h           +5h           EOD           EOD range
  ----------------------------------------------------------------------------------------------------------------------
  CRWD    20  55%W +0.1%  45%W -0.1%  55%W +0.3%  35%W -0.4%  50%W +0.1%  50%W +0.2%       -6.4% → +4.0%
  DDOG    20  55%W +0.3%  45%W -0.2%  40%W -0.2%  45%W -0.2%  50%W +0.1%  50%W +0.1%       -9.7% → +4.3%
  MU      20  45%W -0.2%  45%W -0.2%  40%W -0.2%  30%W -0.3%  40%W -0.6%  45%W -0.7%       -6.8% → +2.3%
  SPOT    20  55%W +0.3%  45%W -0.0%  50%W +0.3%  50%W +0.1%  45%W -0.3%  45%W -0.3%       -8.1% → +2.7%
  META    20  40%W -0.1%  50%W -0.1%  45%W -0.2%  25%W -0.5%  35%W -0.2%  40%W -0.7%       -6.3% → +3.2%
  PLTR    20  55%W +0.2%  45%W -0.1%  50%W +0.0%  40%W -0.3%  35%W -0.5%  40%W -1.2%       -6.1% → +4.7%
  TSLA    20  65%W +0.1%  60%W +0.4%  50%W -0.2%  50%W +0.0%  40%W -0.2%  40%W -0.6%       -9.0% → +6.2%
  AMD     20  40%W -0.3%  25%W -0.5%  35%W -0.4%  30%W -1.1%  45%W -0.9%  40%W -0.7%       -5.3% → +2.5%
  SNPS    20  30%W -0.2%  45%W -0.0%  60%W +0.1%  40%W -0.3%  45%W -0.3%  40%W -0.5%       -4.9% → +3.1%
  LLY     20  55%W +0.1%  40%W -0.1%  50%W +0.0%  60%W +0.2%  45%W -0.1%  40%W -0.3%       -3.1% → +3.1%
  AVGO    20  30%W -0.2%  45%W -0.0%  50%W -0.0%  30%W -0.3%  45%W -0.3%  40%W -0.9%       -2.8% → +2.1%
  MRVL    20  35%W -0.4%  35%W -0.4%  45%W -0.0%  40%W -0.7%  35%W -1.1%  35%W -1.9%       -6.6% → +3.5%
  SNOW    20  60%W +0.2%  60%W +0.6%  60%W +0.3%  55%W +0.4%  45%W -0.2%  35%W -0.8%       -7.5% → +4.0%
  QCOM    20  35%W -0.2%  35%W -0.2%  40%W -0.3%  40%W -0.4%  45%W -0.2%  35%W -0.8%       -4.3% → +3.5%
  CHTR    20  60%W +0.1%  35%W -0.2%  20%W -0.4%  30%W -0.7%  35%W -0.5%  30%W -0.5%       -3.6% → +2.4%
  APP     20  60%W +0.2%  40%W -0.3%  50%W +0.1%  40%W -0.2%  40%W -1.0%  25%W -1.0%       -7.0% → +4.6%
Pre-session top-2 (9:25, 20d EOD win rate) — 2022-04-28  OR: 09:30/3b
  #1 CRWD   +15m 55%W +0.1%  +30m 45%W -0.1%  +1h 50%W +0.2%  +2h 30%W -0.4%  +5h 45%W -0.1%  EOD 45%W -0.5%  EOD range -6.4% → +4.0%
  #2 LLY    +15m 60%W +0.1%  +30m 40%W -0.1%  +1h 55%W +0.1%  +2h 65%W +0.2%  +5h 50%W -0.0%  EOD 45%W -0.2%  EOD range -3.1% → +3.1%
  Ticker   N          +15m          +30m           +1h           +2h           +5h           EOD           EOD range
  ----------------------------------------------------------------------------------------------------------------------
  CRWD    20  55%W +0.1%  45%W -0.1%  50%W +0.2%  30%W -0.4%  45%W -0.1%  45%W -0.5%       -6.4% → +4.0%
  LLY     20  60%W +0.1%  40%W -0.1%  55%W +0.1%  65%W +0.2%  50%W -0.0%  45%W -0.2%       -3.1% → +3.1%
  DDOG    20  50%W -0.0%  45%W -0.2%  40%W -0.2%  40%W -0.7%  45%W -0.5%  45%W -0.4%       -9.7% → +4.3%
  MU      20  45%W -0.2%  45%W -0.2%  40%W -0.2%  25%W -0.5%  35%W -1.1%  40%W -1.3%       -6.8% → +2.0%
  SPOT    20  50%W +0.1%  45%W -0.0%  45%W -0.1%  45%W -0.3%  40%W -0.8%  40%W -0.6%       -8.1% → +2.7%
  META    20  40%W -0.1%  50%W -0.1%  40%W -0.3%  20%W -0.7%  30%W -0.3%  35%W -0.9%       -6.3% → +3.2%
  PLTR    20  50%W +0.1%  45%W -0.1%  45%W -0.1%  35%W -0.4%  30%W -0.6%  35%W -1.3%       -6.1% → +4.7%
  TSLA    20  60%W +0.1%  60%W +0.4%  45%W -0.7%  45%W -0.4%  35%W -0.4%  35%W -0.9%       -9.0% → +6.2%
  AMD     20  35%W -0.4%  25%W -0.7%  30%W -0.5%  25%W -1.1%  40%W -1.4%  35%W -1.6%       -5.3% → +2.5%
  SNOW    20  55%W +0.1%  60%W +0.6%  55%W +0.3%  50%W +0.1%  45%W -0.3%  35%W -0.8%       -7.5% → +4.0%
  SNPS    20  30%W -0.2%  45%W -0.0%  60%W +0.1%  40%W -0.3%  45%W -0.3%  35%W -0.8%       -4.9% → +3.1%
  AVGO    20  30%W -0.3%  45%W -0.0%  50%W -0.0%  30%W -0.3%  40%W -0.4%  35%W -0.9%       -2.8% → +2.1%
  MRVL    20  30%W -0.5%  35%W -0.4%  45%W -0.3%  35%W -1.0%  30%W -1.4%  30%W -2.2%       -6.6% → +3.5%
  CHTR    20  65%W +0.1%  35%W -0.4%  20%W -0.4%  30%W -0.7%  40%W -0.5%  30%W -0.7%       -3.6% → +2.4%
  QCOM    20  35%W -0.2%  35%W -0.2%  40%W -0.3%  35%W -0.4%  45%W -0.2%  30%W -0.8%       -4.3% → +3.5%
  APP     20  55%W +0.1%  40%W -0.3%  45%W -0.1%  35%W -0.4%  35%W -1.4%  20%W -1.1%       -7.0% → +4.6%
Pre-session top-2 (9:25, 20d EOD win rate) — 2022-04-29  OR: 09:30/3b
  #1 CRWD   +15m 55%W +0.2%  +30m 45%W -0.1%  +1h 45%W -0.1%  +2h 30%W -0.4%  +5h 50%W +0.2%  EOD 50%W +0.2%  EOD range -6.4% → +4.0%
  #2 DDOG   +15m 50%W +0.0%  +30m 45%W -0.2%  +1h 35%W -0.5%  +2h 40%W -0.8%  +5h 50%W +0.1%  EOD 50%W +0.1%  EOD range -9.7% → +4.3%
  Ticker   N          +15m          +30m           +1h           +2h           +5h           EOD           EOD range
  ----------------------------------------------------------------------------------------------------------------------
  CRWD    20  55%W +0.2%  45%W -0.1%  45%W -0.1%  30%W -0.4%  50%W +0.2%  50%W +0.2%       -6.4% → +4.0%
  DDOG    20  50%W +0.0%  45%W -0.2%  35%W -0.5%  40%W -0.8%  50%W +0.1%  50%W +0.1%       -9.7% → +4.3%
  MU      20  40%W -0.2%  50%W +0.1%  40%W -0.2%  25%W -0.4%  40%W -0.6%  45%W -0.7%       -3.2% → +3.6%
  SPOT    20  55%W +0.4%  50%W +0.2%  50%W +0.3%  50%W +0.1%  45%W -0.3%  45%W -0.3%       -8.1% → +7.6%
  LLY     20  55%W +0.0%  40%W -0.1%  50%W +0.0%  60%W +0.2%  55%W +0.0%  45%W -0.2%       -3.1% → +3.1%
  META    20  40%W -0.1%  55%W +0.0%  35%W -0.3%  25%W -0.7%  35%W -0.3%  40%W -0.9%       -6.3% → +4.3%
  PLTR    20  50%W +0.2%  50%W -0.1%  40%W -0.3%  35%W -0.4%  35%W -0.5%  40%W -1.2%       -6.1% → +4.7%
  TSLA    20  55%W +0.0%  60%W +0.4%  40%W -0.8%  40%W -0.4%  40%W -0.4%  40%W -0.9%       -9.0% → +6.2%
  AMD     20  30%W -0.4%  30%W -0.7%  30%W -0.6%  25%W -1.1%  45%W -0.9%  40%W -0.7%       -5.3% → +4.2%
  SNOW    20  60%W +0.2%  60%W +0.4%  50%W +0.0%  55%W +0.2%  50%W -0.1%  40%W -0.5%       -7.5% → +6.5%
  SNPS    20  30%W -0.2%  45%W -0.0%  55%W +0.0%  40%W -0.3%  50%W +0.0%  40%W -0.5%       -4.9% → +3.1%
  AVGO    20  30%W -0.3%  45%W -0.0%  45%W -0.2%  30%W -0.3%  45%W -0.3%  40%W -0.9%       -2.8% → +2.8%
  MRVL    20  35%W -0.4%  40%W -0.4%  45%W -0.7%  40%W -0.7%  35%W -1.1%  35%W -1.9%       -6.6% → +5.5%
  QCOM    20  35%W -0.2%  35%W -0.3%  40%W -0.4%  40%W -0.2%  50%W +0.0%  35%W -0.6%       -4.3% → +3.5%
  APP     20  60%W +0.2%  40%W -0.3%  40%W -0.1%  35%W -0.6%  40%W -1.4%  25%W -1.0%       -7.0% → +4.6%
  CHTR    20  60%W +0.1%  30%W -0.5%  20%W -0.5%  30%W -0.9%  40%W -0.5%  25%W -0.7%       -3.6% → +2.4%

=========================================================================================================================================================================================
Pre-Session Top-2 Performance — 2022-04-01 to 2022-04-29  |  Unconditional OR-close entry  |  OR: 09:30/3b
=========================================================================================================================================================================================
Date         Ticker Rank  At       Entry       +15m       +30m       +45m        +1h     +1h30m        +2h        +3h        +4h        +5h        +6h        +7h        EOD
-----------------------------------------------------------------------------------------------------------------------------------------------------------------------------------------
2022-04-01   APP    #1    09:45    55.30    +0.96%W    +0.16%W    +0.52%W    +2.17%W    +0.07%W    -1.13%L    -2.91%L    -3.09%L    -3.46%L    -4.28%L    -3.71%L    -3.71%L
2022-04-01   MU     #2    09:45    77.25    -0.58%L    -1.64%L    -1.55%L    -2.49%L    -2.62%L    -3.29%L    -3.71%L    -3.17%L    -2.43%L    -2.31%L    -1.37%L    -1.37%L
2022-04-04   DDOG   #1    09:45   156.26    -1.19%L    -0.70%L    -1.02%L    -0.60%L    -0.72%L    -0.04%L    +0.74%W    +0.30%W    +0.24%W    +0.20%W    +0.16%W    +0.16%W
2022-04-04   APP    #2    09:45    56.08    -0.53%L    +1.47%W    +1.70%W    +1.90%W    +1.63%W    +3.31%W    +3.27%W    +3.22%W    +3.26%W    +2.84%W    +3.02%W    +3.02%W
2022-04-05   DDOG   #1    09:45   155.11    -1.70%L    -3.68%L    -3.52%L    -3.74%L    -5.07%L    -6.30%L    -6.13%L    -6.15%L    -4.43%L    -5.54%L    -5.29%L    -5.29%L
2022-04-05   APP    #2    09:45    56.91    -0.97%L    -1.97%L    -1.95%L    -2.96%L    -2.22%L    -3.15%L    -3.81%L    -4.09%L    -2.86%L    -3.44%L    -3.44%L    -3.44%L
2022-04-06   DDOG   #1    09:45   136.61    -1.56%L    -0.32%L    -1.03%L    +0.06%W    -0.17%L    +0.53%W    -0.69%L    +1.79%W    +0.89%W    +0.75%W    +0.34%W    +0.34%W
2022-04-06   APP    #2    09:45    52.08    -1.36%L    -0.39%L    -1.04%L    -0.07%L    -0.70%L    +0.26%W    -0.93%L    +1.49%W    +0.57%W    +1.16%W    +0.60%W    +0.60%W
2022-04-07   DDOG   #1    09:45   136.51    +2.52%W    +1.30%W    +1.52%W    +0.11%W    -0.09%L    -1.22%L    -2.63%L    -0.66%L    +0.21%W    +1.04%W    +0.46%W    +0.46%W
2022-04-07   APP    #2    09:45    52.38    +1.25%W    -0.03%L    +1.23%W    +0.30%W    +0.09%W    -0.07%L    -3.08%L    -2.13%L    -2.07%L    -0.56%L    -0.93%L    -0.93%L
2022-04-08   DDOG   #1    09:45   134.38    -0.57%L    -0.19%L    +0.57%W    -0.65%L    +0.05%W    +0.68%W    +1.47%W    +0.02%W    +0.47%W    -0.13%L    -0.06%L    -0.06%L
2022-04-08   MU     #2    09:45    71.66    -0.52%L    -0.51%L    +0.73%W    +0.33%W    +0.59%W    +0.44%W    +1.24%W    +0.58%W    +0.68%W    +0.94%W    +0.68%W    +0.68%W
2022-04-11   MU     #1    09:45    70.95    +0.20%W    +0.92%W    +1.51%W    +0.82%W    +0.99%W    +1.08%W    +1.92%W    +2.21%W    +2.47%W    +1.75%W    +1.52%W    +1.52%W
2022-04-11   DDOG   #2    09:45   134.77    +0.87%W    +0.30%W    +1.41%W    -1.41%L    -0.36%L    +0.52%W    +0.82%W    +0.14%W    +1.49%W    +0.07%W    +0.27%W    +0.27%W
2022-04-12   MU     #1    09:45    73.34    +0.15%W    -0.84%L    -0.53%L    -1.52%L    -1.35%L    -0.94%L    -0.45%L    -1.18%L    -1.67%L    -1.63%L    -1.89%L    -1.89%L
2022-04-12   DDOG   #2    09:45   140.23    +2.92%W    +1.91%W    +1.06%W    -0.39%L    +0.63%W    +0.62%W    -0.85%L    -1.63%L    -2.80%L    -2.85%L    -3.37%L    -3.37%L
2022-04-13   MU     #1    09:45    73.24    -0.27%L    +0.46%W    +0.38%W    +0.32%W    +0.46%W    -0.10%L    -0.61%L    -1.15%L    -1.13%L    -1.15%L    -1.20%L    -1.20%L
2022-04-13   DDOG   #2    09:45   139.70    +0.62%W    +1.30%W    +1.16%W    +1.19%W    +2.03%W    +1.98%W    +2.36%W    +1.91%W    +2.52%W    +2.68%W    +2.17%W    +2.17%W
2022-04-14   CRWD   #1    09:45   237.19    +0.17%W    -0.08%L    +0.05%W    -0.05%L    -0.20%L    -0.09%L    -0.80%L    +0.32%W    -0.19%L    -0.41%L    -0.83%L    -0.83%L
2022-04-14   DDOG   #2    09:45   138.44    +0.54%W    -0.28%L    -0.10%L    -1.12%L    -1.08%L    -0.44%L    -1.41%L    -0.88%L    -0.92%L    -1.70%L    -1.73%L    -1.73%L
2022-04-18   CRWD   #1    09:45   229.71    +0.80%W    +0.24%W    +0.12%W    -0.05%L    -1.06%L    -2.75%L    -2.57%L    -1.63%L    -1.35%L    -2.13%L    -2.02%L    -2.02%L
2022-04-18   DDOG   #2    09:45   130.45    +1.58%W    +1.27%W    +0.65%W    +1.06%W    +0.05%W    -1.23%L    -2.20%L    -0.01%L    +0.81%W    -0.23%L    +0.53%W    +0.53%W
2022-04-19   DDOG   #1    09:45   131.62    +1.10%W    +1.81%W    +1.30%W    +2.88%W    +2.49%W    +3.64%W    +4.51%W    +4.21%W    +4.49%W    +5.06%W    +4.30%W    +4.30%W
2022-04-19   MU     #2    09:45    71.43    +0.57%W    +1.01%W    +1.06%W    +1.73%W    +2.04%W    +2.72%W    +2.02%W    +1.61%W    +1.43%W    +1.70%W    +1.83%W    +1.83%W
2022-04-20   DDOG   #1    09:45   133.71    -1.03%L    -1.18%L    -0.72%L    -0.64%L    -1.25%L    -1.26%L    -1.54%L    -0.10%L    -0.93%L    -0.80%L    -1.53%L    -1.53%L
2022-04-20   MU     #2    09:45    74.97    -0.47%L    -0.32%L    -0.67%L    -0.35%L    -1.84%L    -1.75%L    -1.64%L    -1.90%L    -2.49%L    -2.04%L    -2.35%L    -2.35%L
2022-04-21   DDOG   #1    09:45   134.82    -2.28%L    -2.53%L    -2.19%L    -4.16%L    -3.86%L    -5.19%L    -6.03%L    -6.86%L    -8.74%L    -9.97%L    -9.68%L    -9.68%L
2022-04-21   CRWD   #2    09:45   224.20    -0.55%L    -0.95%L    -0.52%L    -2.31%L    -2.06%L    -3.43%L    -3.59%L    -4.46%L    -5.59%L    -7.14%L    -6.37%L    -6.37%L
2022-04-22   DDOG   #1    09:45   123.38    +0.17%W    -0.25%L    -0.50%L    -0.02%L    -0.31%L    -1.60%L    -2.70%L    -3.38%L    -3.99%L    -3.68%L    -4.04%L    -4.04%L
2022-04-22   MU     #2    09:45    70.36    -0.18%L    -0.47%L    -0.65%L    -0.07%L    +0.07%W    -0.67%L    -0.31%L    -0.70%L    -0.98%L    -1.09%L    -1.35%L    -1.35%L
2022-04-25   DDOG   #1    09:45   122.70    -0.26%L    -0.24%L    +0.61%W    -0.02%L    -0.64%L    -1.48%L    -0.99%L    -1.11%L    -0.95%L    -1.37%L    -0.84%L    -0.84%L
2022-04-25   MU     #2    09:45    68.76    -0.21%L    +0.31%W    +1.74%W    +1.65%W    +0.50%W    -0.13%L    +1.31%W    +0.81%W    +1.74%W    +1.15%W    +2.00%W    +2.00%W
2022-04-26   DDOG   #1    09:45   123.48    -2.70%L    -2.40%L    -2.74%L    -2.28%L    -4.18%L    -2.64%L    -1.86%L    -3.38%L    -2.20%L    -3.43%L    -3.38%L    -3.38%L
2022-04-26   MU     #2    09:45    68.73    -0.90%L    -0.87%L    -1.09%L    -0.71%L    -2.08%L    -1.45%L    -0.96%L    -1.45%L    -1.22%L    -1.88%L    -2.46%L    -2.46%L
2022-04-27   CRWD   #1    09:45   204.40    +0.88%W    -1.18%L    -1.88%L    -0.26%L    -0.42%L    -0.15%L    -0.38%L    -0.54%L    -0.05%L    -1.61%L    -1.61%L    -1.61%L
2022-04-27   DDOG   #2    09:45   125.67    -1.52%L    -4.05%L    -3.87%L    -1.78%L    -2.76%L    -3.93%L    -2.72%L    -3.57%L    -2.56%L    -4.06%L    -4.11%L    -4.11%L
2022-04-28   CRWD   #1    09:45   200.91    +0.39%W    +0.46%W    -0.77%L    -0.79%L    +1.22%W    -0.37%L    +2.10%W    +3.18%W    +4.32%W    +3.01%W    +3.04%W    +3.04%W
2022-04-28   LLY    #2    09:45   293.20    -0.19%L    -0.04%L    -0.30%L    -0.85%L    -0.14%L    -0.22%L    -0.08%L    +1.51%W    +1.62%W    +1.73%W    +1.39%W    +1.39%W
2022-04-29   CRWD   #1    09:45   208.27    +1.41%W    -0.32%L    +0.23%W    +0.12%W    -0.71%L    +0.18%W    -1.93%L    -2.53%L    -3.21%L    -4.47%L    -4.57%L    -4.57%L
2022-04-29   DDOG   #2    09:45   129.15    +0.93%W    -1.04%L    -0.74%L    -1.49%L    -1.25%L    -0.91%L    -2.37%L    -3.73%L    -4.46%L    -5.86%L    -6.49%L    -6.49%L

========================================================================================
Pre-session picks summary — 40 pick(s) across 20 trading day(s)

Top-2 picks (all days)  (40 signal(s))
  Hold      Count   Win Rate   Avg Gain    Avg Win   Avg Loss  Exp Value  Total P&L
  ------------------------------------------------------------------------------------
  +15m         40      47.5%      -0.04%      +0.95%      -0.93%      -0.04%      -1.50%
  +30m         40      35.0%      -0.34%      +0.92%      -1.02%      -0.34%     -13.55%
  +45m         40      47.5%      -0.25%      +0.92%      -1.30%      -0.25%      -9.81%
  +1h          40      35.0%      -0.40%      +1.04%      -1.18%      -0.40%     -16.18%
  +1h30m       40      37.5%      -0.61%      +0.86%      -1.49%      -0.61%     -24.22%
  +2h          40      30.0%      -0.75%      +1.33%      -1.64%      -0.75%     -29.96%
  +3h          40      27.5%      -0.95%      +1.98%      -2.07%      -0.95%     -38.14%
  +4h          40      37.5%      -0.90%      +1.55%      -2.38%      -0.90%     -36.17%
  +5h          40      40.0%      -0.84%      +1.70%      -2.53%      -0.84%     -33.48%
  +6h          40      35.0%      -1.24%      +1.72%      -2.84%      -1.24%     -49.69%
  +7h          40      37.5%      -1.31%      +1.49%      -2.99%      -1.31%     -52.31%
  EOD          40      37.5%      -1.31%      +1.49%      -2.99%      -1.31%     -52.31%

=========================================================================================================================================================================================
Signal Analysis — 2022-04-01 to 2022-04-29  |  BULL only  |  Vol ≥ 1.0x 20dAvg
Windows: 09:30/3b  |  Collection: 3 bars  |  Tickers: 19
=========================================================================================================================================================================================
Date         Ticker Window   At       Entry  Vol/20d       +15m       +30m       +45m        +1h     +1h30m        +2h        +3h        +4h        +5h        +6h        +7h        EOD
-----------------------------------------------------------------------------------------------------------------------------------------------------------------------------------------
2022-04-01   CHTR   09:30/3b 09:40   548.25    1.40x    +0.25%W    +0.18%W    -0.06%L    +0.12%W    +0.72%W    +0.61%W    +0.92%W    +1.34%W    +2.11%W    +1.84%W    +2.47%W    +2.47%W
2022-04-01   SNPS   09:30/3b 09:40   337.12    1.19x    +0.10%W    -0.16%L    -0.80%L    -0.67%L    -0.41%L    -1.62%L    -1.70%L    -1.17%L    -0.45%L    -1.20%L    -0.60%L    -0.60%L
2022-04-01   DDOG   09:30/3b 09:40   153.02    1.57x    +0.53%W    +0.47%W    +0.26%W    +1.37%W    +1.06%W    -0.08%L    -0.67%L    -0.48%L    -0.14%L    -0.82%L    +0.31%W    +0.31%W
2022-04-04   APP    09:30/3b 09:40    56.01    1.21x    -0.13%L    +0.75%W    +1.89%W    +2.09%W    +2.00%W    +3.08%W    +3.34%W    +3.28%W    +3.30%W    +2.96%W    +3.14%W    +3.14%W
2022-04-04   LLY    09:30/3b 09:40   293.36    1.03x    +0.23%W    -0.01%L    +0.01%W    -0.53%L    -0.30%L    -0.12%L    -0.25%L    -0.43%L    -0.38%L    -0.69%L    -0.68%L    -0.68%L
2022-04-05   PLTR   09:30/3b 09:40    14.82    2.04x    -0.59%L    -2.62%L    -3.02%L    -4.10%L    -3.26%L    -4.95%L    -6.43%L    -5.96%L    -5.73%L    -6.26%L    -6.33%L    -6.33%L
2022-04-06   CHTR   09:30/3b 09:40   560.90    1.09x    +1.06%W    +0.44%W    +0.14%W    -0.15%L    -0.12%L    +0.54%W    +0.04%W    +0.04%W    -0.53%L    -0.26%L    +0.06%W    +0.06%W
2022-04-07   SNOW   09:30/3b 09:50   215.14    1.01x    -0.67%L    -1.19%L    -1.47%L    -2.00%L    -2.57%L    -4.20%L    -4.76%L    -2.05%L    -0.62%L    -0.66%L    -0.57%L    -0.57%L
2022-04-07   LLY    09:30/3b 09:50   311.36    1.62x    +0.60%W    +0.31%W    +0.25%W    +0.22%W    +0.13%W    -0.17%L    -0.54%L    -0.43%L    -0.82%L    -0.81%L    -0.95%L    -0.95%L
2022-04-11   CHTR   09:30/3b 09:40   563.91    1.09x    +0.42%W    +0.89%W    +0.90%W    +0.99%W    +1.28%W    +0.56%W    +0.06%W    -0.10%L    -0.34%L    -0.53%L    -0.71%L    -0.71%L
2022-04-12   APP    09:30/3b 09:45    51.17    1.56x    +2.12%W    +0.94%W    +0.79%W    -0.08%L    +0.24%W    +0.84%W    -1.17%L    -1.54%L    -2.81%L    -3.05%L    -3.32%L    -3.32%L
2022-04-12   MRVL   09:30/3b 09:45    62.50    1.38x    -0.45%L    -1.60%L    -1.49%L    -2.53%L    -2.51%L    -1.42%L    -1.84%L    -2.21%L    -3.88%L    -3.34%L    -3.78%L    -3.78%L
2022-04-12   QCOM   09:30/3b 09:40   139.10    1.12x    +0.40%W    +0.24%W    -0.35%L    -1.04%L    -1.48%L    -0.59%L    -0.80%L    -0.93%L    -1.87%L    -2.44%L    -2.18%L    -2.18%L
2022-04-13   CRWD   09:30/3b 09:40   228.28    1.53x    +2.03%W    +3.27%W    +2.50%W    +3.87%W    +3.92%W    +3.46%W    +4.21%W    +4.26%W    +4.89%W    +5.38%W    +5.08%W    +5.08%W
2022-04-13   SNPS   09:30/3b 09:40   313.53    1.49x    +0.22%W    +0.36%W    +1.11%W    +1.44%W    +2.28%W    +2.53%W    +2.40%W    -4.34%L    -2.17%L    -1.44%L    -2.21%L    -2.21%L
2022-04-19   CHTR   09:30/3b 09:40   548.50    1.43x    -0.09%L    +0.70%W    +1.15%W    +1.23%W    +1.66%W    +1.40%W    +1.82%W    +1.37%W    +1.87%W    +1.75%W    +1.69%W    +1.69%W
2022-04-19   AMD    09:30/3b 09:40    94.58    1.03x    +0.54%W    +1.08%W    +1.22%W    +1.95%W    +2.03%W    +2.28%W    +1.27%W    +1.49%W    +1.81%W    +2.29%W    +2.48%W    +2.48%W
2022-04-21   META   09:30/3b 09:40   201.70    1.27x    -1.35%L    -1.67%L    -1.92%L    -2.21%L    -3.53%L    -5.00%L    -5.56%L    -5.86%L    -6.90%L    -6.77%L    -6.78%L    -6.78%L
2022-04-22   AMD    09:30/3b 09:45    90.08    1.03x    +0.64%W    -0.20%L    -0.32%L    +0.32%W    +0.14%W    -0.24%L    -0.83%L    -1.51%L    -1.88%L    -2.02%L    -2.15%L    -2.15%L
2022-04-22   SPOT   09:30/3b 09:40   114.20    1.18x    -0.51%L    +0.52%W    -0.81%L    -0.88%L    -1.11%L    -2.60%L    -3.16%L    -3.56%L    -3.51%L    -2.97%L    -3.50%L    -3.50%L
2022-04-22   AVGO   09:30/3b 09:45   592.36    1.04x    +0.31%W    -0.04%L    +0.03%W    +0.18%W    +0.55%W    -0.24%L    +0.32%W    +0.02%W    -0.21%L    -0.43%L    -0.92%L    -0.92%L
2022-04-25   APP    09:30/3b 09:40    41.43    1.30x    -0.72%L    -0.87%L    +0.05%W    -0.65%L    -0.43%L    -0.05%L    -0.27%L    -0.11%L    +0.14%W    -0.37%L    -0.70%L    -0.70%L
2022-04-25   META   09:30/3b 09:45   184.65    1.31x    -0.34%L    -0.32%L    +1.28%W    +0.49%W    -1.26%L    -1.53%L    -0.03%L    -0.42%L    +0.77%W    +0.70%W    +1.29%W    +1.29%W
2022-04-25   PLTR   09:30/3b 09:50    11.86    1.08x    +0.37%W    -0.14%L    +1.68%W    +0.66%W    +1.17%W    +0.81%W    +1.42%W    +1.63%W    +2.48%W    +2.10%W    +2.18%W    +2.18%W
2022-04-25   SNOW   09:30/3b 09:45   179.37    1.04x    +0.79%W    +1.47%W    +4.81%W    +4.96%W    +2.49%W    +3.92%W    +5.75%W    +5.35%W    +4.97%W    +3.79%W    +4.04%W    +4.04%W
2022-04-25   SNPS   09:30/3b 09:45   287.32    1.22x    -0.19%L    +0.02%W    +1.27%W    +1.07%W    -0.41%L    -0.60%L    +0.52%W    +0.42%W    +1.07%W    +0.89%W    +1.24%W    +1.24%W
2022-04-25   SPOT   09:30/3b 09:40   109.62    1.75x    +0.65%W    +2.28%W    +2.84%W    +2.80%W    +2.26%W    +2.75%W    +2.86%W    +2.72%W    +2.85%W    +2.40%W    +2.35%W    +2.35%W
2022-04-25   QCOM   09:30/3b 09:45   133.59    1.02x    -0.31%L    -0.52%L    +0.64%W    +0.99%W    -0.42%L    -0.56%L    +0.77%W    +0.37%W    +1.55%W    +1.79%W    +2.25%W    +2.25%W
2022-04-25   DDOG   09:30/3b 09:40   122.30    2.39x    -0.94%L    +0.04%W    +0.74%W    -0.01%L    -0.04%L    -0.53%L    -0.72%L    -0.69%L    -0.99%L    -0.90%L    -0.52%L    -0.52%L
2022-04-26   LLY    09:30/3b 09:45   287.92    1.10x    +0.18%W    -0.61%L    -0.32%L    -0.41%L    -0.20%L    -1.04%L    -0.95%L    -1.08%L    -1.27%L    -1.57%L    -1.73%L    -1.73%L
2022-04-26   DDOG   09:30/3b 09:40   121.97    2.00x    +0.21%W    -1.02%L    -1.36%L    -1.00%L    -2.37%L    -1.15%L    -0.78%L    -1.91%L    -1.08%L    -2.09%L    -2.18%L    -2.18%L
2022-04-27   APP    09:30/3b 09:40    39.58    1.27x    -1.49%L    -5.57%L    -6.97%L    -5.61%L    -5.56%L    -6.27%L    -5.08%L    -4.96%L    -3.28%L    -4.62%L    -4.84%L    -4.84%L
2022-04-27   MRVL   09:30/3b 09:40    59.47    1.01x    -0.99%L    -3.35%L    -4.00%L    -3.56%L    -4.20%L    -3.06%L    -2.32%L    -3.13%L    -2.68%L    -4.12%L    -4.71%L    -4.71%L
2022-04-27   CHTR   09:30/3b 09:40   487.43    1.04x    +0.55%W    -0.70%L    -1.44%L    -0.44%L    -1.16%L    -0.55%L    -0.36%L    -1.06%L    +0.07%W    -0.56%L    -1.10%L    -1.10%L
2022-04-27   TSLA   09:30/3b 09:40   915.27    1.23x    -1.53%L    -2.93%L    -3.14%L    -1.89%L    -1.66%L    -0.79%L    -1.33%L    -1.93%L    -2.33%L    -3.63%L    -3.65%L    -3.65%L
2022-04-27   AMD    09:30/3b 09:40    87.47    1.06x    -0.26%L    -2.58%L    -2.94%L    -2.18%L    -2.53%L    -2.17%L    -1.31%L    -2.25%L    -1.55%L    -2.53%L    -2.94%L    -2.94%L
2022-04-29   META   09:30/3b 09:40   209.00    2.45x    +1.20%W    +0.82%W    -0.67%L    -0.98%L    -1.02%L    -0.77%L    -1.93%L    -0.83%L    -2.60%L    -3.26%L    -4.07%L    -4.07%L
2022-04-29   TSLA   09:30/3b 09:50   918.87    1.10x    +0.67%W    +0.20%W    -0.46%L    -1.61%L    -1.21%L    -0.31%L    -2.46%L    -2.55%L    -4.30%L    -5.10%L    -5.30%L    -5.30%L
2022-04-29   SNOW   09:30/3b 09:40   189.86    1.10x    +2.61%W    -1.09%L    -2.75%L    -3.62%L    -4.69%L    -2.90%L    -5.45%L    -6.60%L    -7.83%L    -8.48%L    -9.63%L    -9.63%L

========================================================================================
Summary — 39 qualifying signal(s) across 20 trading day(s)

Window 09:30/3b  (39 signal(s))
  Hold      Count   Win Rate   Avg Gain    Avg Win   Avg Loss  Exp Value  Total P&L
  ------------------------------------------------------------------------------------
  +15m         39      59.0%      +0.16%      +0.73%      -0.66%      +0.16%      +6.11%
  +30m         39      48.7%      -0.31%      +0.79%      -1.36%      -0.31%     -12.21%
  +45m         39      51.3%      -0.28%      +1.18%      -1.81%      -0.28%     -10.75%
  +1h          39      43.6%      -0.29%      +1.46%      -1.64%      -0.29%     -11.39%
  +1h30m       39      38.5%      -0.53%      +1.46%      -1.77%      -0.53%     -20.54%
  +2h          39      30.8%      -0.53%      +1.90%      -1.61%      -0.53%     -20.72%
  +3h          39      35.9%      -0.64%      +1.84%      -2.03%      -0.64%     -25.00%
  +4h          39      30.8%      -0.92%      +1.86%      -2.15%      -0.92%     -35.80%
  +5h          39      33.3%      -0.83%      +2.14%      -2.31%      -0.83%     -32.27%
  +6h          39      28.2%      -1.15%      +2.36%      -2.53%      -1.15%     -45.03%
  +7h          39      33.3%      -1.22%      +2.20%      -2.92%      -1.22%     -47.45%
  EOD          39      33.3%      -1.22%      +2.20%      -2.92%      -1.22%     -47.45%
