Fetching 5-min bars (2022-09-03 → 2022-10-31) [alpaca]...
  [cache] fetching 9 tickers from alpaca (cache miss)
  [cache] loaded 10 tickers from cache
Fetching daily bars (2021-10-03 → 2022-10-31)...

=========================================================================================================================================================================================
Pre-Session Rankings (9:25) — 2022-10-03 to 2022-10-31  |  20d lookback
=========================================================================================================================================================================================
Pre-session top-2 (9:25, 20d EOD win rate) — 2022-10-03  OR: 09:30/3b
  #1 DDOG   +15m 40%W -0.2%  +30m 45%W -0.0%  +1h 65%W +0.2%  +2h 60%W +0.2%  +5h 55%W +0.5%  EOD 55%W +0.2%  EOD range -3.9% → +2.8%
  #2 MU     +15m 45%W -0.0%  +30m 60%W +0.2%  +1h 60%W +0.2%  +2h 60%W +0.4%  +5h 55%W +0.1%  EOD 50%W -0.1%  EOD range -3.9% → +2.6%
  Ticker   N          +15m          +30m           +1h           +2h           +5h           EOD           EOD range
  ----------------------------------------------------------------------------------------------------------------------
  DDOG    20  40%W -0.2%  45%W -0.0%  65%W +0.2%  60%W +0.2%  55%W +0.5%  55%W +0.2%       -3.9% → +2.8%
  MU      20  45%W -0.0%  60%W +0.2%  60%W +0.2%  60%W +0.4%  55%W +0.1%  50%W -0.1%       -3.9% → +2.6%
  CRWD    20  30%W -0.1%  50%W +0.0%  55%W +0.1%  70%W +0.5%  55%W +0.3%  50%W +0.1%       -3.0% → +2.4%
  PLTR    20  35%W -0.4%  60%W +0.3%  75%W +0.5%  60%W +0.2%  60%W +0.4%  50%W +0.3%       -3.2% → +3.2%
  SNOW    20  35%W -0.3%  55%W +0.1%  60%W +0.2%  70%W +0.2%  45%W -0.0%  50%W +0.1%       -4.6% → +5.2%
  SNPS    20  30%W -0.1%  45%W -0.1%  50%W +0.1%  55%W +0.1%  50%W -0.0%  50%W -0.1%       -1.9% → +1.7%
  AVGO    20  45%W -0.0%  60%W +0.1%  60%W +0.1%  45%W -0.1%  50%W -0.2%  50%W -0.1%       -2.1% → +2.0%
  APP     20  15%W -0.4%  50%W +0.1%  45%W -0.2%  40%W -0.5%  40%W -0.2%  45%W -0.5%       -4.8% → +2.9%
  TSLA    20  40%W -0.1%  65%W +0.2%  55%W +0.2%  65%W +0.2%  55%W +0.6%  45%W -0.1%       -2.9% → +3.0%
  AMD     20  50%W -0.0%  65%W +0.2%  65%W +0.3%  50%W +0.1%  45%W -0.2%  45%W -0.5%       -3.8% → +2.2%
  MRVL    20  45%W -0.1%  60%W +0.3%  65%W +0.6%  50%W +0.1%  40%W -0.2%  40%W -0.3%       -3.6% → +2.9%
  LLY     20  30%W -0.2%  35%W -0.2%  75%W +0.4%  65%W +0.4%  55%W +0.1%  40%W -0.3%       -1.9% → +2.8%
  QCOM    20  35%W -0.3%  50%W +0.0%  60%W +0.3%  65%W +0.2%  35%W -0.3%  40%W -0.2%       -3.0% → +1.7%
  META    20  20%W -0.2%  40%W -0.1%  45%W -0.1%  35%W -0.3%  40%W -0.8%  30%W -0.6%       -3.6% → +3.9%
  CHTR    20  40%W -0.1%  45%W -0.1%  45%W -0.1%  40%W -0.2%  35%W -1.0%  30%W -1.3%       -3.5% → +3.3%
  SPOT    20  25%W -0.3%  60%W +0.2%  60%W +0.4%  60%W +0.2%  40%W -0.6%  30%W -0.4%       -2.8% → +3.1%
Pre-session top-2 (9:25, 20d EOD win rate) — 2022-10-04  OR: 09:30/3b
  #1 DDOG   +15m 40%W -0.2%  +30m 40%W -0.2%  +1h 60%W +0.1%  +2h 55%W +0.2%  +5h 60%W +0.6%  EOD 60%W +0.3%  EOD range -3.9% → +2.8%
  #2 CRWD   +15m 30%W -0.1%  +30m 45%W -0.1%  +1h 50%W -0.0%  +2h 65%W +0.4%  +5h 60%W +0.4%  EOD 55%W +0.3%  EOD range -3.0% → +2.4%
  Ticker   N          +15m          +30m           +1h           +2h           +5h           EOD           EOD range
  ----------------------------------------------------------------------------------------------------------------------
  DDOG    20  40%W -0.2%  40%W -0.2%  60%W +0.1%  55%W +0.2%  60%W +0.6%  60%W +0.3%       -3.9% → +2.8%
  CRWD    20  30%W -0.1%  45%W -0.1%  50%W -0.0%  65%W +0.4%  60%W +0.4%  55%W +0.3%       -3.0% → +2.4%
  PLTR    20  35%W -0.3%  60%W +0.3%  70%W +0.5%  55%W +0.2%  65%W +0.7%  55%W +0.7%       -3.2% → +3.2%
  SNOW    20  35%W -0.3%  55%W +0.1%  55%W +0.1%  65%W +0.2%  50%W +0.0%  55%W +0.6%       -4.6% → +5.2%
  SNPS    20  35%W -0.1%  45%W -0.1%  50%W +0.1%  55%W +0.1%  50%W +0.0%  55%W +0.0%       -1.9% → +1.7%
  AVGO    20  45%W -0.0%  60%W +0.1%  60%W +0.1%  45%W -0.1%  55%W +0.0%  55%W +0.1%       -2.1% → +2.0%
  APP     20  15%W -0.4%  45%W -0.0%  45%W -0.2%  40%W -0.5%  45%W -0.1%  50%W +0.0%       -4.8% → +3.3%
  MU      20  50%W +0.0%  60%W +0.2%  60%W +0.2%  60%W +0.4%  60%W +0.3%  50%W -0.1%       -3.9% → +2.6%
  AMD     20  55%W +0.0%  65%W +0.2%  65%W +0.3%  50%W +0.1%  50%W +0.1%  50%W -0.1%       -3.8% → +2.2%
  MRVL    20  50%W -0.0%  60%W +0.3%  65%W +0.6%  50%W +0.1%  45%W -0.1%  45%W -0.1%       -3.6% → +2.9%
  TSLA    20  45%W -0.0%  60%W +0.1%  50%W +0.2%  60%W +0.2%  55%W +0.6%  45%W -0.1%       -2.9% → +3.0%
  QCOM    20  40%W -0.1%  50%W +0.0%  60%W +0.3%  65%W +0.2%  40%W -0.2%  45%W -0.1%       -3.0% → +2.3%
  LLY     20  25%W -0.3%  30%W -0.2%  70%W +0.4%  60%W +0.3%  55%W +0.1%  40%W -0.3%       -1.6% → +2.8%
  META    20  25%W -0.2%  35%W -0.1%  40%W -0.2%  35%W -0.4%  45%W -0.5%  35%W -0.5%       -3.6% → +3.9%
  CHTR    20  45%W -0.0%  45%W -0.1%  45%W -0.1%  40%W -0.2%  40%W -0.6%  35%W -1.1%       -3.5% → +4.4%
  SPOT    20  30%W -0.2%  60%W +0.2%  55%W +0.3%  55%W +0.2%  45%W -0.3%  35%W -0.3%       -2.8% → +3.1%
Pre-session top-2 (9:25, 20d EOD win rate) — 2022-10-05  OR: 09:30/3b
  #1 DDOG   +15m 45%W -0.1%  +30m 45%W -0.0%  +1h 65%W +0.2%  +2h 60%W +0.2%  +5h 65%W +0.7%  EOD 65%W +0.4%  EOD range -3.9% → +2.8%
  #2 SNOW   +15m 40%W -0.3%  +30m 60%W +0.1%  +1h 60%W +0.2%  +2h 65%W +0.2%  +5h 50%W +0.0%  EOD 60%W +0.7%  EOD range -4.6% → +5.2%
  Ticker   N          +15m          +30m           +1h           +2h           +5h           EOD           EOD range
  ----------------------------------------------------------------------------------------------------------------------
  DDOG    20  45%W -0.1%  45%W -0.0%  65%W +0.2%  60%W +0.2%  65%W +0.7%  65%W +0.4%       -3.9% → +2.8%
  SNOW    20  40%W -0.3%  60%W +0.1%  60%W +0.2%  65%W +0.2%  50%W +0.0%  60%W +0.7%       -4.6% → +5.2%
  MU      20  55%W +0.1%  65%W +0.2%  65%W +0.3%  65%W +0.5%  65%W +0.5%  55%W +0.2%       -3.9% → +2.6%
  CRWD    20  35%W -0.1%  50%W +0.0%  55%W +0.1%  60%W +0.4%  55%W +0.4%  55%W +0.3%       -3.0% → +2.4%
  PLTR    20  35%W -0.2%  60%W +0.3%  75%W +0.5%  60%W +0.2%  70%W +0.7%  55%W +0.7%       -3.2% → +3.2%
  SNPS    20  40%W -0.1%  50%W -0.0%  55%W +0.3%  60%W +0.1%  50%W +0.1%  55%W +0.0%       -1.9% → +1.7%
  AVGO    20  50%W +0.0%  65%W +0.2%  60%W +0.2%  45%W -0.1%  55%W +0.0%  55%W +0.1%       -2.1% → +2.0%
  MRVL    20  55%W +0.1%  65%W +0.3%  70%W +0.7%  55%W +0.3%  50%W +0.2%  50%W +0.2%       -3.6% → +2.9%
  AMD     20  60%W +0.1%  70%W +0.3%  70%W +0.3%  55%W +0.2%  50%W +0.1%  50%W -0.1%       -3.8% → +2.2%
  QCOM    20  45%W -0.0%  55%W +0.1%  65%W +0.3%  65%W +0.3%  45%W -0.2%  50%W +0.1%       -3.0% → +2.3%
  APP     20  15%W -0.4%  45%W -0.0%  45%W -0.3%  35%W -0.5%  40%W -0.1%  45%W -0.4%       -4.8% → +3.3%
  LLY     20  30%W -0.2%  35%W -0.2%  70%W +0.4%  60%W +0.3%  55%W +0.2%  45%W -0.2%       -1.6% → +2.8%
  TSLA    20  50%W +0.0%  65%W +0.2%  55%W +0.5%  60%W +0.2%  50%W +0.2%  40%W -0.3%       -2.9% → +3.0%
  META    20  30%W -0.2%  40%W -0.1%  45%W -0.0%  35%W -0.3%  50%W -0.1%  35%W -0.3%       -3.6% → +3.9%
  CHTR    20  50%W +0.0%  45%W -0.1%  40%W -0.2%  40%W -0.2%  40%W -0.4%  35%W -0.7%       -3.5% → +4.4%
  SPOT    20  35%W -0.2%  60%W +0.2%  55%W +0.3%  60%W +0.2%  45%W -0.3%  35%W -0.3%       -2.8% → +3.1%
Pre-session top-2 (9:25, 20d EOD win rate) — 2022-10-06  OR: 09:30/3b
  #1 DDOG   +15m 45%W -0.1%  +30m 45%W -0.0%  +1h 65%W +0.2%  +2h 60%W +0.2%  +5h 65%W +0.7%  EOD 65%W +0.4%  EOD range -3.9% → +2.8%
  #2 PLTR   +15m 35%W -0.2%  +30m 60%W +0.3%  +1h 75%W +0.5%  +2h 60%W +0.2%  +5h 75%W +0.8%  EOD 60%W +0.9%  EOD range -3.2% → +3.2%
  Ticker   N          +15m          +30m           +1h           +2h           +5h           EOD           EOD range
  ----------------------------------------------------------------------------------------------------------------------
  DDOG    20  45%W -0.1%  45%W -0.0%  65%W +0.2%  60%W +0.2%  65%W +0.7%  65%W +0.4%       -3.9% → +2.8%
  PLTR    20  35%W -0.2%  60%W +0.3%  75%W +0.5%  60%W +0.2%  75%W +0.8%  60%W +0.9%       -3.2% → +3.2%
  SNOW    20  40%W -0.3%  60%W +0.1%  60%W +0.2%  60%W +0.2%  50%W +0.0%  60%W +0.7%       -4.6% → +5.2%
  MU      20  55%W +0.1%  65%W +0.2%  65%W +0.3%  65%W +0.5%  65%W +0.5%  55%W +0.3%       -3.9% → +3.3%
  CRWD    20  35%W -0.1%  50%W +0.0%  55%W +0.1%  60%W +0.4%  60%W +0.6%  55%W +0.5%       -3.0% → +2.4%
  SNPS    20  40%W -0.1%  50%W -0.0%  55%W +0.3%  60%W +0.1%  50%W +0.1%  55%W +0.0%       -1.9% → +1.7%
  AVGO    20  45%W -0.0%  60%W +0.2%  55%W +0.2%  45%W -0.1%  55%W +0.0%  55%W +0.1%       -2.1% → +2.0%
  MRVL    20  55%W +0.1%  65%W +0.3%  70%W +0.7%  55%W +0.3%  50%W +0.2%  50%W +0.2%       -3.6% → +5.0%
  AMD     20  60%W +0.1%  70%W +0.3%  70%W +0.3%  60%W +0.3%  50%W +0.1%  50%W -0.1%       -3.8% → +3.5%
  QCOM    20  45%W -0.0%  55%W +0.1%  65%W +0.3%  65%W +0.3%  45%W -0.2%  50%W +0.1%       -3.0% → +2.3%
  LLY     20  25%W -0.2%  30%W -0.3%  65%W +0.3%  60%W +0.2%  55%W +0.2%  45%W -0.2%       -1.6% → +2.8%
  APP     20  15%W -0.4%  45%W -0.0%  45%W -0.3%  35%W -0.5%  45%W -0.1%  40%W -0.4%       -4.8% → +3.3%
  CHTR    20  45%W -0.0%  45%W -0.3%  45%W -0.1%  40%W -0.3%  40%W -0.4%  40%W -0.7%       -3.5% → +4.4%
  TSLA    20  50%W -0.0%  65%W +0.2%  55%W +0.5%  55%W +0.2%  45%W -0.3%  40%W -0.3%       -2.9% → +3.0%
  META    20  30%W -0.2%  40%W -0.1%  45%W -0.0%  35%W -0.3%  50%W -0.1%  35%W -0.3%       -3.6% → +3.9%
  SPOT    20  35%W -0.2%  60%W +0.2%  55%W +0.3%  60%W +0.2%  40%W -0.5%  30%W -0.4%       -2.8% → +3.1%
Pre-session top-2 (9:25, 20d EOD win rate) — 2022-10-07  OR: 09:30/3b
  #1 SNOW   +15m 40%W -0.3%  +30m 55%W +0.1%  +1h 55%W +0.1%  +2h 60%W +0.3%  +5h 55%W +0.2%  EOD 60%W +0.9%  EOD range -4.6% → +5.2%
  #2 DDOG   +15m 45%W -0.1%  +30m 40%W -0.2%  +1h 60%W +0.1%  +2h 55%W +0.2%  +5h 60%W +0.7%  EOD 60%W +0.3%  EOD range -3.9% → +2.8%
  Ticker   N          +15m          +30m           +1h           +2h           +5h           EOD           EOD range
  ----------------------------------------------------------------------------------------------------------------------
  SNOW    20  40%W -0.3%  55%W +0.1%  55%W +0.1%  60%W +0.3%  55%W +0.2%  60%W +0.9%       -4.6% → +5.2%
  DDOG    20  45%W -0.1%  40%W -0.2%  60%W +0.1%  55%W +0.2%  60%W +0.7%  60%W +0.3%       -3.9% → +2.8%
  MU      20  55%W +0.1%  60%W +0.2%  60%W +0.2%  60%W +0.4%  65%W +0.3%  55%W +0.2%       -3.9% → +3.3%
  PLTR    20  35%W -0.2%  55%W +0.2%  70%W +0.5%  55%W +0.2%  70%W +0.7%  55%W +0.7%       -3.2% → +3.2%
  CRWD    20  35%W -0.1%  45%W -0.1%  50%W +0.0%  55%W +0.3%  55%W +0.4%  50%W +0.2%       -3.0% → +2.4%
  SNPS    20  40%W -0.1%  45%W -0.1%  50%W +0.1%  60%W +0.1%  45%W -0.2%  50%W -0.1%       -1.9% → +1.7%
  AVGO    20  45%W -0.0%  55%W +0.1%  50%W +0.0%  40%W -0.2%  50%W -0.2%  50%W -0.1%       -2.1% → +2.0%
  MRVL    20  55%W +0.1%  60%W +0.3%  65%W +0.6%  50%W +0.1%  45%W -0.1%  45%W -0.1%       -3.6% → +5.0%
  AMD     20  60%W +0.1%  65%W +0.2%  65%W +0.3%  55%W +0.2%  45%W -0.2%  45%W -0.5%       -3.8% → +3.5%
  QCOM    20  45%W -0.0%  50%W -0.0%  60%W +0.3%  65%W +0.3%  40%W -0.2%  45%W -0.1%       -3.0% → +2.3%
  LLY     20  30%W -0.2%  35%W -0.3%  65%W +0.2%  55%W +0.1%  50%W +0.1%  40%W -0.3%       -1.6% → +2.8%
  APP     20  15%W -0.5%  40%W -0.1%  40%W -0.5%  30%W -0.7%  40%W -0.2%  35%W -0.6%       -4.8% → +3.3%
  META    20  30%W -0.2%  35%W -0.1%  40%W -0.1%  35%W -0.3%  50%W -0.1%  35%W -0.3%       -3.6% → +3.9%
  CHTR    20  40%W -0.1%  40%W -0.3%  40%W -0.3%  35%W -0.8%  35%W -0.7%  35%W -1.0%       -3.5% → +4.4%
  TSLA    20  50%W -0.0%  60%W +0.1%  50%W +0.3%  50%W -0.1%  40%W -0.3%  35%W -0.6%       -2.9% → +3.0%
  SPOT    20  35%W -0.2%  55%W +0.2%  50%W +0.0%  55%W +0.2%  40%W -0.5%  30%W -0.4%       -2.8% → +3.1%
Pre-session top-2 (9:25, 20d EOD win rate) — 2022-10-10  OR: 09:30/3b
  #1 SNOW   +15m 40%W -0.3%  +30m 60%W +0.1%  +1h 60%W +0.2%  +2h 60%W +0.3%  +5h 50%W +0.0%  EOD 55%W +0.7%  EOD range -4.6% → +5.2%
  #2 DDOG   +15m 40%W -0.1%  +30m 45%W -0.2%  +1h 60%W +0.2%  +2h 50%W +0.0%  +5h 60%W +0.7%  EOD 55%W +0.2%  EOD range -3.9% → +2.8%
  Ticker   N          +15m          +30m           +1h           +2h           +5h           EOD           EOD range
  ----------------------------------------------------------------------------------------------------------------------
  SNOW    20  40%W -0.3%  60%W +0.1%  60%W +0.2%  60%W +0.3%  50%W +0.0%  55%W +0.7%       -4.6% → +5.2%
  DDOG    20  40%W -0.1%  45%W -0.2%  60%W +0.2%  50%W +0.0%  60%W +0.7%  55%W +0.2%       -3.9% → +2.8%
  MU      20  50%W -0.0%  60%W +0.2%  55%W +0.2%  55%W +0.2%  60%W +0.1%  50%W -0.1%       -3.9% → +3.3%
  PLTR    20  35%W -0.2%  60%W +0.4%  70%W +0.5%  55%W +0.2%  70%W +0.7%  50%W +0.4%       -3.2% → +3.2%
  CRWD    20  35%W -0.1%  50%W +0.0%  50%W +0.0%  50%W +0.1%  50%W +0.1%  45%W -0.0%       -3.0% → +2.4%
  SNPS    20  35%W -0.1%  40%W -0.1%  50%W +0.0%  55%W +0.0%  40%W -0.3%  45%W -0.3%       -1.9% → +1.7%
  AVGO    20  40%W -0.1%  55%W +0.0%  45%W -0.0%  35%W -0.4%  45%W -0.4%  45%W -0.5%       -2.1% → +2.0%
  MRVL    20  50%W -0.0%  60%W +0.2%  60%W +0.5%  45%W -0.1%  40%W -0.2%  40%W -0.3%       -6.1% → +5.0%
  AMD     20  55%W +0.0%  65%W +0.3%  60%W +0.2%  50%W +0.1%  40%W -0.4%  40%W -0.6%       -6.3% → +3.5%
  QCOM    20  40%W -0.1%  50%W -0.0%  60%W +0.3%  60%W +0.3%  35%W -0.3%  40%W -0.2%       -3.0% → +2.3%
  LLY     20  25%W -0.2%  35%W -0.3%  65%W +0.2%  55%W +0.1%  45%W -0.0%  35%W -0.3%       -1.6% → +2.8%
  APP     20  15%W -0.5%  40%W -0.1%  35%W -0.6%  25%W -0.9%  35%W -0.2%  30%W -0.9%       -4.8% → +3.3%
  META    20  30%W -0.2%  40%W -0.1%  40%W -0.1%  30%W -0.4%  45%W -0.5%  30%W -0.5%       -3.6% → +3.9%
  CHTR    20  35%W -0.3%  35%W -0.4%  35%W -0.4%  35%W -1.2%  30%W -1.0%  30%W -1.2%       -3.5% → +4.4%
  TSLA    20  45%W -0.1%  55%W +0.1%  45%W -0.1%  45%W -0.4%  35%W -0.4%  30%W -0.7%       -3.5% → +3.0%
  SPOT    20  40%W -0.2%  60%W +0.4%  50%W +0.0%  55%W +0.2%  35%W -0.6%  25%W -0.4%       -2.8% → +3.1%
Pre-session top-2 (9:25, 20d EOD win rate) — 2022-10-11  OR: 09:30/3b
  #1 SNOW   +15m 35%W -0.3%  +30m 55%W +0.1%  +1h 55%W +0.1%  +2h 55%W +0.2%  +5h 45%W -0.0%  EOD 50%W +0.1%  EOD range -8.0% → +5.2%
  #2 DDOG   +15m 35%W -0.2%  +30m 40%W -0.3%  +1h 55%W +0.2%  +2h 45%W -0.2%  +5h 55%W +0.5%  EOD 50%W -0.1%  EOD range -3.9% → +2.8%
  Ticker   N          +15m          +30m           +1h           +2h           +5h           EOD           EOD range
  ----------------------------------------------------------------------------------------------------------------------
  SNOW    20  35%W -0.3%  55%W +0.1%  55%W +0.1%  55%W +0.2%  45%W -0.0%  50%W +0.1%       -8.0% → +5.2%
  DDOG    20  35%W -0.2%  40%W -0.3%  55%W +0.2%  45%W -0.2%  55%W +0.5%  50%W -0.1%       -3.9% → +2.8%
  MU      20  45%W -0.1%  55%W +0.2%  50%W +0.0%  50%W -0.0%  55%W +0.1%  45%W -0.3%       -3.9% → +3.3%
  PLTR    20  30%W -0.3%  55%W +0.2%  65%W +0.5%  55%W +0.2%  65%W +0.5%  45%W -0.1%       -3.2% → +3.2%
  SNPS    20  30%W -0.1%  35%W -0.1%  50%W +0.0%  55%W +0.0%  40%W -0.3%  45%W -0.3%       -2.5% → +1.7%
  MRVL    20  45%W -0.1%  55%W +0.1%  55%W +0.3%  45%W -0.0%  45%W -0.1%  40%W -0.3%       -6.1% → +5.0%
  CRWD    20  30%W -0.1%  50%W -0.1%  45%W -0.1%  45%W -0.1%  45%W -0.2%  40%W -0.4%       -3.9% → +2.4%
  AMD     20  50%W -0.0%  65%W +0.3%  60%W +0.2%  50%W +0.1%  45%W -0.4%  40%W -0.6%       -6.3% → +3.5%
  QCOM    20  35%W -0.3%  45%W -0.1%  55%W +0.2%  55%W +0.3%  35%W -0.4%  40%W -0.6%       -3.0% → +2.3%
  AVGO    20  35%W -0.1%  50%W +0.0%  40%W -0.1%  35%W -0.4%  45%W -0.5%  40%W -0.8%       -3.1% → +2.0%
  CHTR    20  40%W -0.1%  35%W -0.3%  35%W -0.3%  35%W -0.8%  30%W -0.7%  35%W -1.0%       -3.5% → +4.4%
  LLY     20  25%W -0.2%  35%W -0.3%  65%W +0.2%  55%W +0.1%  50%W +0.1%  35%W -0.3%       -1.6% → +2.8%
  META    20  25%W -0.2%  35%W -0.1%  40%W -0.1%  30%W -0.4%  45%W -0.5%  30%W -0.5%       -3.6% → +3.9%
  TSLA    20  40%W -0.1%  50%W -0.0%  45%W -0.3%  45%W -0.4%  35%W -0.5%  30%W -0.9%       -3.5% → +3.0%
  APP     20  15%W -0.5%  35%W -0.3%  35%W -0.8%  25%W -0.9%  35%W -0.6%  25%W -1.3%       -4.8% → +3.3%
  SPOT    20  40%W -0.2%  60%W +0.4%  50%W +0.0%  60%W +0.3%  35%W -0.5%  25%W -0.4%       -2.8% → +3.1%
Pre-session top-2 (9:25, 20d EOD win rate) — 2022-10-12  OR: 09:30/3b
  #1 DDOG   +15m 35%W -0.3%  +30m 35%W -0.3%  +1h 50%W +0.0%  +2h 45%W -0.2%  +5h 60%W +0.7%  EOD 55%W +0.2%  EOD range -3.9% → +2.8%
  #2 MU     +15m 45%W -0.1%  +30m 60%W +0.2%  +1h 55%W +0.2%  +2h 55%W +0.3%  +5h 60%W +0.3%  EOD 50%W -0.1%  EOD range -2.2% → +5.3%
  Ticker   N          +15m          +30m           +1h           +2h           +5h           EOD           EOD range
  ----------------------------------------------------------------------------------------------------------------------
  DDOG    20  35%W -0.3%  35%W -0.3%  50%W +0.0%  45%W -0.2%  60%W +0.7%  55%W +0.2%       -3.9% → +2.8%
  MU      20  45%W -0.1%  60%W +0.2%  55%W +0.2%  55%W +0.3%  60%W +0.3%  50%W -0.1%       -2.2% → +5.3%
  PLTR    20  30%W -0.3%  50%W +0.0%  70%W +0.6%  60%W +0.3%  70%W +0.8%  50%W +0.4%       -3.2% → +3.2%
  SNOW    20  35%W -0.3%  50%W -0.1%  60%W +0.2%  55%W +0.3%  45%W -0.0%  50%W +0.2%       -8.0% → +5.2%
  CRWD    20  30%W -0.2%  45%W -0.2%  45%W -0.1%  50%W +0.1%  45%W -0.0%  45%W -0.0%       -3.9% → +2.4%
  AMD     20  50%W -0.0%  65%W +0.3%  60%W +0.2%  55%W +0.2%  50%W -0.0%  45%W -0.5%       -6.3% → +3.5%
  SNPS    20  30%W -0.1%  35%W -0.2%  50%W +0.0%  55%W +0.0%  40%W -0.3%  45%W -0.3%       -3.3% → +1.7%
  AVGO    20  35%W -0.1%  50%W +0.0%  45%W -0.0%  40%W -0.4%  50%W -0.2%  45%W -0.5%       -3.1% → +2.0%
  MRVL    20  45%W -0.1%  55%W +0.1%  55%W +0.3%  50%W +0.1%  45%W -0.1%  40%W -0.3%       -6.1% → +5.0%
  LLY     20  30%W -0.2%  35%W -0.2%  70%W +0.3%  60%W +0.2%  55%W +0.2%  40%W -0.2%       -1.6% → +2.8%
  QCOM    20  35%W -0.3%  45%W -0.2%  55%W +0.2%  60%W +0.3%  35%W -0.4%  40%W -0.4%       -2.5% → +2.3%
  META    20  25%W -0.2%  35%W -0.1%  45%W -0.0%  35%W -0.3%  50%W -0.1%  35%W -0.3%       -3.3% → +3.9%
  CHTR    20  40%W -0.3%  30%W -0.3%  35%W -0.2%  40%W -0.3%  30%W -0.7%  35%W -1.0%       -3.5% → +4.4%
  APP     20  15%W -0.5%  30%W -0.4%  40%W -0.6%  30%W -0.9%  40%W -0.2%  30%W -0.9%       -4.8% → +3.3%
  TSLA    20  40%W -0.1%  45%W -0.1%  45%W -0.1%  50%W -0.1%  35%W -0.5%  30%W -0.9%       -3.5% → +3.0%
  SPOT    20  40%W -0.2%  60%W +0.3%  55%W +0.3%  65%W +0.3%  40%W -0.5%  30%W -0.4%       -2.8% → +3.1%
Pre-session top-2 (9:25, 20d EOD win rate) — 2022-10-13  OR: 09:30/3b
  #1 DDOG   +15m 35%W -0.3%  +30m 30%W -0.5%  +1h 45%W -0.1%  +2h 40%W -0.5%  +5h 55%W +0.7%  EOD 55%W +0.2%  EOD range -3.9% → +2.8%
  #2 MU     +15m 45%W -0.1%  +30m 60%W +0.2%  +1h 55%W +0.2%  +2h 60%W +0.4%  +5h 60%W +0.3%  EOD 50%W -0.1%  EOD range -2.2% → +5.3%
  Ticker   N          +15m          +30m           +1h           +2h           +5h           EOD           EOD range
  ----------------------------------------------------------------------------------------------------------------------
  DDOG    20  35%W -0.3%  30%W -0.5%  45%W -0.1%  40%W -0.5%  55%W +0.7%  55%W +0.2%       -3.9% → +2.8%
  MU      20  45%W -0.1%  60%W +0.2%  55%W +0.2%  60%W +0.4%  60%W +0.3%  50%W -0.1%       -2.2% → +5.3%
  PLTR    20  30%W -0.4%  45%W -0.2%  65%W +0.6%  60%W +0.3%  70%W +0.8%  50%W +0.4%       -3.2% → +2.7%
  SNOW    20  30%W -0.3%  45%W -0.3%  55%W +0.1%  55%W +0.3%  45%W -0.0%  50%W +0.2%       -8.0% → +4.5%
  AMD     20  45%W -0.0%  60%W +0.3%  55%W +0.0%  50%W +0.1%  50%W -0.0%  45%W -0.5%       -6.3% → +3.5%
  CRWD    20  30%W -0.3%  40%W -0.3%  40%W -0.1%  45%W -0.1%  45%W -0.0%  40%W -0.4%       -3.9% → +2.4%
  SNPS    20  25%W -0.2%  30%W -0.2%  45%W -0.1%  55%W +0.0%  40%W -0.4%  40%W -0.6%       -3.3% → +1.7%
  AVGO    20  30%W -0.1%  45%W -0.0%  40%W -0.1%  40%W -0.4%  50%W -0.2%  40%W -0.6%       -3.1% → +2.0%
  META    20  30%W -0.2%  35%W -0.1%  45%W -0.0%  40%W -0.2%  50%W -0.1%  35%W -0.3%       -3.3% → +3.9%
  MRVL    20  40%W -0.2%  50%W -0.0%  50%W +0.0%  45%W -0.0%  40%W -0.3%  35%W -0.5%       -6.1% → +5.0%
  LLY     20  25%W -0.2%  30%W -0.3%  65%W +0.2%  55%W +0.1%  50%W +0.1%  35%W -0.3%       -2.6% → +2.8%
  QCOM    20  30%W -0.3%  40%W -0.3%  50%W -0.0%  55%W +0.3%  30%W -0.6%  35%W -0.7%       -2.5% → +2.3%
  APP     20  20%W -0.4%  35%W -0.3%  40%W -0.4%  35%W -0.7%  40%W -0.2%  30%W -0.9%       -4.8% → +3.3%
  CHTR    20  45%W -0.0%  30%W -0.4%  35%W -0.2%  40%W -0.3%  30%W -0.7%  30%W -1.0%       -3.5% → +4.4%
  TSLA    20  35%W -0.2%  40%W -0.1%  40%W -0.2%  50%W -0.1%  35%W -0.5%  30%W -0.9%       -3.5% → +3.0%
  SPOT    20  40%W -0.2%  55%W +0.2%  50%W +0.0%  65%W +0.3%  40%W -0.5%  30%W -0.4%       -2.8% → +2.5%
Pre-session top-2 (9:25, 20d EOD win rate) — 2022-10-14  OR: 09:30/3b
  #1 DDOG   +15m 30%W -0.3%  +30m 30%W -0.5%  +1h 50%W +0.0%  +2h 45%W -0.2%  +5h 60%W +0.9%  EOD 60%W +0.3%  EOD range -3.6% → +4.0%
  #2 MU     +15m 50%W -0.0%  +30m 65%W +0.2%  +1h 60%W +0.4%  +2h 65%W +0.5%  +5h 65%W +0.5%  EOD 55%W +0.2%  EOD range -2.2% → +5.8%
  Ticker   N          +15m          +30m           +1h           +2h           +5h           EOD           EOD range
  ----------------------------------------------------------------------------------------------------------------------
  DDOG    20  30%W -0.3%  30%W -0.5%  50%W +0.0%  45%W -0.2%  60%W +0.9%  60%W +0.3%       -3.6% → +4.0%
  MU      20  50%W -0.0%  65%W +0.2%  60%W +0.4%  65%W +0.5%  65%W +0.5%  55%W +0.2%       -2.2% → +5.8%
  SNOW    20  30%W -0.3%  45%W -0.3%  60%W +0.2%  60%W +0.4%  50%W +0.0%  55%W +0.9%       -8.0% → +5.4%
  PLTR    20  30%W -0.4%  45%W -0.2%  65%W +0.5%  60%W +0.3%  70%W +0.8%  50%W +0.4%       -3.2% → +4.7%
  AMD     20  45%W -0.0%  60%W +0.3%  60%W +0.2%  55%W +0.2%  55%W +0.3%  50%W -0.2%       -6.3% → +5.5%
  CRWD    20  30%W -0.3%  40%W -0.3%  45%W -0.1%  50%W +0.2%  50%W +0.1%  45%W -0.0%       -3.9% → +3.5%
  SNPS    20  25%W -0.2%  30%W -0.2%  50%W +0.0%  60%W +0.0%  45%W -0.2%  45%W -0.3%       -3.3% → +6.0%
  AVGO    20  35%W -0.1%  50%W +0.0%  45%W -0.0%  45%W -0.2%  55%W +0.0%  45%W -0.5%       -3.1% → +4.5%
  META    20  35%W -0.2%  40%W -0.1%  50%W +0.0%  45%W -0.1%  55%W +0.1%  40%W -0.1%       -3.3% → +4.3%
  MRVL    20  40%W -0.1%  50%W -0.0%  55%W +0.3%  50%W +0.1%  45%W -0.1%  40%W -0.3%       -6.1% → +9.0%
  QCOM    20  35%W -0.3%  45%W -0.2%  55%W +0.2%  60%W +0.3%  35%W -0.4%  40%W -0.4%       -2.5% → +6.3%
  APP     20  20%W -0.5%  35%W -0.3%  45%W -0.3%  40%W -0.5%  45%W -0.2%  35%W -0.6%       -4.3% → +5.2%
  CHTR    20  50%W +0.0%  35%W -0.3%  40%W -0.2%  45%W -0.2%  35%W -0.4%  35%W -0.6%       -3.5% → +5.9%
  TSLA    20  35%W -0.2%  40%W -0.1%  45%W -0.1%  55%W +0.2%  40%W -0.5%  35%W -0.8%       -3.5% → +6.2%
  SPOT    20  40%W -0.3%  55%W +0.2%  55%W +0.3%  65%W +0.4%  45%W -0.3%  35%W -0.4%       -2.8% → +2.8%
  LLY     20  30%W -0.2%  30%W -0.2%  65%W +0.2%  55%W +0.1%  50%W +0.1%  35%W -0.3%       -2.6% → +3.4%
Pre-session top-2 (9:25, 20d EOD win rate) — 2022-10-17  OR: 09:30/3b
  #1 SNOW   +15m 30%W -0.3%  +30m 45%W -0.3%  +1h 60%W +0.2%  +2h 60%W +0.4%  +5h 50%W +0.0%  EOD 55%W +0.9%  EOD range -8.0% → +5.4%
  #2 DDOG   +15m 30%W -0.3%  +30m 30%W -0.7%  +1h 45%W -0.1%  +2h 45%W -0.2%  +5h 60%W +0.9%  EOD 55%W +0.2%  EOD range -6.5% → +4.0%
  Ticker   N          +15m          +30m           +1h           +2h           +5h           EOD           EOD range
  ----------------------------------------------------------------------------------------------------------------------
  SNOW    20  30%W -0.3%  45%W -0.3%  60%W +0.2%  60%W +0.4%  50%W +0.0%  55%W +0.9%       -8.0% → +5.4%
  DDOG    20  30%W -0.3%  30%W -0.7%  45%W -0.1%  45%W -0.2%  60%W +0.9%  55%W +0.2%       -6.5% → +4.0%
  MU      20  50%W -0.0%  60%W +0.2%  55%W +0.2%  60%W +0.5%  60%W +0.3%  50%W -0.1%       -2.6% → +5.8%
  CRWD    20  25%W -0.4%  35%W -0.5%  40%W -0.1%  45%W -0.1%  50%W +0.1%  45%W -0.4%       -4.4% → +3.5%
  PLTR    20  25%W -0.4%  40%W -0.4%  60%W +0.3%  55%W +0.2%  65%W +0.5%  45%W -0.1%       -6.6% → +4.7%
  AMD     20  45%W -0.0%  55%W +0.1%  55%W +0.0%  55%W +0.2%  50%W -0.1%  45%W -0.6%       -6.3% → +5.5%
  META    20  35%W -0.2%  35%W -0.1%  50%W +0.0%  45%W -0.1%  55%W +0.1%  40%W -0.3%       -3.3% → +4.3%
  SNPS    20  25%W -0.2%  25%W -0.2%  45%W -0.1%  55%W +0.0%  40%W -0.4%  40%W -0.6%       -3.3% → +6.0%
  AVGO    20  35%W -0.1%  45%W -0.0%  40%W -0.1%  45%W -0.2%  50%W -0.2%  40%W -0.6%       -3.1% → +4.5%
  APP     20  20%W -0.7%  30%W -0.4%  40%W -0.4%  40%W -0.5%  45%W -0.2%  35%W -0.8%       -4.3% → +5.2%
  MRVL    20  40%W -0.2%  45%W -0.1%  50%W +0.0%  45%W -0.0%  40%W -0.3%  35%W -0.5%       -6.1% → +9.0%
  SPOT    20  40%W -0.4%  50%W -0.1%  50%W +0.1%  60%W +0.3%  45%W -0.3%  35%W -0.4%       -3.3% → +2.8%
  LLY     20  30%W -0.2%  30%W -0.2%  65%W +0.2%  55%W +0.1%  45%W -0.0%  35%W -0.3%       -2.6% → +3.4%
  QCOM    20  30%W -0.3%  40%W -0.3%  50%W -0.0%  60%W +0.3%  30%W -0.6%  35%W -0.7%       -2.5% → +6.3%
  CHTR    20  45%W -0.0%  30%W -0.4%  35%W -0.2%  50%W -0.0%  30%W -0.6%  30%W -0.9%       -3.5% → +5.9%
  TSLA    20  35%W -0.4%  40%W -0.1%  45%W -0.2%  50%W -0.2%  35%W -0.7%  30%W -1.1%       -6.9% → +6.2%
Pre-session top-2 (9:25, 20d EOD win rate) — 2022-10-18  OR: 09:30/3b
  #1 SNOW   +15m 35%W -0.3%  +30m 50%W -0.1%  +1h 60%W +0.2%  +2h 65%W +0.5%  +5h 50%W +0.0%  EOD 55%W +0.9%  EOD range -8.0% → +6.2%
  #2 DDOG   +15m 30%W -0.3%  +30m 35%W -0.5%  +1h 45%W -0.1%  +2h 50%W +0.1%  +5h 60%W +0.9%  EOD 55%W +0.2%  EOD range -6.5% → +4.0%
  Ticker   N          +15m          +30m           +1h           +2h           +5h           EOD           EOD range
  ----------------------------------------------------------------------------------------------------------------------
  SNOW    20  35%W -0.3%  50%W -0.1%  60%W +0.2%  65%W +0.5%  50%W +0.0%  55%W +0.9%       -8.0% → +6.2%
  DDOG    20  30%W -0.3%  35%W -0.5%  45%W -0.1%  50%W +0.1%  60%W +0.9%  55%W +0.2%       -6.5% → +4.0%
  MU      20  45%W -0.1%  55%W +0.2%  50%W +0.0%  60%W +0.5%  60%W +0.3%  50%W -0.1%       -2.6% → +5.8%
  CRWD    20  25%W -0.4%  40%W -0.5%  40%W -0.1%  45%W -0.1%  50%W +0.1%  45%W -0.4%       -4.4% → +3.5%
  PLTR    20  25%W -0.4%  45%W -0.2%  65%W +0.5%  60%W +0.3%  65%W +0.8%  45%W -0.1%       -6.6% → +4.7%
  META    20  35%W -0.2%  40%W -0.1%  50%W -0.0%  50%W +0.1%  55%W +0.2%  40%W -0.3%       -3.3% → +4.3%
  AMD     20  40%W -0.1%  50%W -0.2%  50%W -0.1%  55%W +0.2%  45%W -0.2%  40%W -0.6%       -6.3% → +5.5%
  MRVL    20  40%W -0.2%  50%W -0.0%  50%W -0.0%  45%W -0.0%  40%W -0.3%  35%W -0.6%       -6.1% → +9.0%
  CHTR    20  45%W -0.0%  30%W -0.3%  40%W -0.2%  55%W +0.2%  35%W -0.4%  35%W -0.6%       -3.5% → +5.9%
  SNPS    20  30%W -0.2%  30%W -0.2%  45%W -0.1%  55%W +0.0%  35%W -0.4%  35%W -0.6%       -3.3% → +6.0%
  SPOT    20  40%W -0.4%  50%W -0.1%  50%W +0.1%  60%W +0.4%  45%W -0.3%  35%W -0.4%       -3.3% → +2.8%
  AVGO    20  30%W -0.2%  40%W -0.1%  35%W -0.1%  45%W -0.4%  45%W -0.5%  35%W -0.8%       -3.1% → +4.5%
  APP     20  25%W -0.5%  35%W -0.3%  45%W -0.3%  40%W -0.4%  40%W -0.2%  30%W -1.3%       -4.3% → +5.2%
  TSLA    20  40%W -0.4%  40%W -0.1%  45%W -0.2%  50%W -0.2%  35%W -0.7%  30%W -1.1%       -6.9% → +6.2%
  LLY     20  35%W -0.2%  35%W -0.1%  65%W +0.2%  50%W -0.1%  40%W -0.1%  30%W -0.3%       -2.6% → +3.4%
  QCOM    20  30%W -0.3%  35%W -0.3%  45%W -0.2%  55%W +0.3%  25%W -0.6%  30%W -0.9%       -2.5% → +6.3%
Pre-session top-2 (9:25, 20d EOD win rate) — 2022-10-19  OR: 09:30/3b
  #1 SNOW   +15m 35%W -0.3%  +30m 50%W -0.1%  +1h 55%W +0.1%  +2h 60%W +0.4%  +5h 50%W +0.0%  EOD 55%W +0.9%  EOD range -8.0% → +6.2%
  #2 MU     +15m 40%W -0.2%  +30m 50%W +0.1%  +1h 45%W -0.1%  +2h 55%W +0.5%  +5h 60%W +0.3%  EOD 50%W -0.1%  EOD range -2.8% → +5.8%
  Ticker   N          +15m          +30m           +1h           +2h           +5h           EOD           EOD range
  ----------------------------------------------------------------------------------------------------------------------
  SNOW    20  35%W -0.3%  50%W -0.1%  55%W +0.1%  60%W +0.4%  50%W +0.0%  55%W +0.9%       -8.0% → +6.2%
  MU      20  40%W -0.2%  50%W +0.1%  45%W -0.1%  55%W +0.5%  60%W +0.3%  50%W -0.1%       -2.8% → +5.8%
  DDOG    20  25%W -0.5%  30%W -0.5%  40%W -0.3%  45%W -0.4%  55%W +0.7%  50%W -0.1%       -6.5% → +4.0%
  CRWD    20  20%W -0.4%  40%W -0.5%  40%W -0.1%  40%W -0.3%  50%W +0.1%  45%W -0.8%       -4.4% → +3.5%
  PLTR    20  25%W -0.4%  45%W -0.2%  65%W +0.5%  55%W +0.2%  65%W +0.8%  45%W -0.1%       -6.6% → +4.7%
  META    20  35%W -0.2%  40%W -0.1%  45%W -0.1%  45%W -0.1%  55%W +0.2%  40%W -0.3%       -3.3% → +4.3%
  AMD     20  40%W -0.2%  45%W -0.2%  45%W -0.5%  50%W +0.0%  45%W -0.3%  40%W -0.7%       -6.3% → +5.5%
  APP     20  25%W -0.5%  35%W -0.3%  50%W -0.2%  40%W -0.4%  40%W -0.2%  35%W -0.8%       -4.3% → +5.2%
  MRVL    20  35%W -0.5%  45%W -0.1%  45%W -0.2%  40%W -0.2%  40%W -0.7%  35%W -0.7%       -6.1% → +9.0%
  CHTR    20  40%W -0.1%  25%W -0.4%  35%W -0.2%  50%W -0.0%  35%W -0.6%  35%W -0.9%       -3.5% → +5.9%
  SPOT    20  40%W -0.4%  50%W -0.1%  45%W -0.2%  55%W +0.3%  45%W -0.5%  35%W -0.5%       -3.3% → +2.8%
  AVGO    20  30%W -0.2%  40%W -0.1%  35%W -0.1%  45%W -0.4%  45%W -0.6%  35%W -1.0%       -3.1% → +4.5%
  SNPS    20  30%W -0.3%  30%W -0.3%  45%W -0.1%  50%W -0.1%  30%W -0.5%  30%W -0.8%       -3.3% → +6.0%
  LLY     20  35%W -0.2%  40%W -0.1%  60%W +0.1%  45%W -0.2%  35%W -0.1%  30%W -0.3%       -2.6% → +3.4%
  QCOM    20  30%W -0.3%  35%W -0.3%  45%W -0.2%  55%W +0.3%  25%W -0.7%  30%W -0.9%       -2.7% → +6.3%
  TSLA    20  35%W -0.5%  40%W -0.1%  40%W -0.4%  45%W -0.5%  30%W -1.0%  25%W -1.3%       -6.9% → +6.2%
Pre-session top-2 (9:25, 20d EOD win rate) — 2022-10-20  OR: 09:30/3b
  #1 SNOW   +15m 40%W -0.2%  +30m 50%W -0.1%  +1h 55%W +0.1%  +2h 60%W +0.4%  +5h 50%W +0.0%  EOD 60%W +1.0%  EOD range -8.0% → +6.2%
  #2 MU     +15m 40%W -0.2%  +30m 50%W +0.1%  +1h 45%W -0.1%  +2h 55%W +0.5%  +5h 60%W +0.3%  EOD 55%W +0.2%  EOD range -2.8% → +5.8%
  Ticker   N          +15m          +30m           +1h           +2h           +5h           EOD           EOD range
  ----------------------------------------------------------------------------------------------------------------------
  SNOW    20  40%W -0.2%  50%W -0.1%  55%W +0.1%  60%W +0.4%  50%W +0.0%  60%W +1.0%       -8.0% → +6.2%
  MU      20  40%W -0.2%  50%W +0.1%  45%W -0.1%  55%W +0.5%  60%W +0.3%  55%W +0.2%       -2.8% → +5.8%
  DDOG    20  25%W -0.3%  30%W -0.5%  40%W -0.3%  45%W -0.4%  50%W +0.2%  50%W -0.1%       -6.5% → +4.0%
  CRWD    20  25%W -0.3%  45%W -0.3%  45%W -0.1%  45%W -0.2%  45%W -0.2%  45%W -0.8%       -4.4% → +3.5%
  PLTR    20  30%W -0.4%  50%W -0.0%  65%W +0.5%  55%W +0.2%  60%W +0.5%  45%W -0.1%       -6.6% → +4.7%
  AMD     20  40%W -0.2%  45%W -0.2%  45%W -0.5%  50%W +0.0%  45%W -0.3%  45%W -0.5%       -6.3% → +5.5%
  META    20  35%W -0.2%  45%W -0.1%  50%W -0.0%  50%W +0.1%  50%W -0.1%  40%W -0.2%       -3.3% → +4.3%
  MRVL    20  35%W -0.5%  45%W -0.1%  45%W -0.2%  40%W -0.2%  40%W -0.7%  40%W -0.5%       -6.1% → +9.0%
  CHTR    20  40%W -0.1%  25%W -0.4%  40%W -0.2%  50%W -0.0%  35%W -0.6%  40%W -0.6%       -3.5% → +5.9%
  SPOT    20  40%W -0.4%  50%W -0.1%  45%W -0.2%  55%W +0.3%  45%W -0.5%  40%W -0.4%       -3.3% → +2.8%
  AVGO    20  30%W -0.2%  40%W -0.1%  35%W -0.1%  45%W -0.4%  45%W -0.6%  40%W -0.7%       -3.1% → +4.5%
  APP     20  30%W -0.4%  40%W -0.3%  50%W -0.1%  40%W -0.5%  35%W -0.2%  35%W -0.8%       -4.3% → +5.2%
  SNPS    20  30%W -0.3%  30%W -0.3%  45%W -0.1%  50%W -0.1%  30%W -0.5%  35%W -0.6%       -3.3% → +6.0%
  QCOM    20  30%W -0.3%  35%W -0.3%  45%W -0.2%  55%W +0.3%  25%W -0.7%  35%W -0.7%       -2.7% → +6.3%
  TSLA    20  40%W -0.4%  45%W -0.1%  45%W -0.2%  50%W -0.3%  30%W -1.0%  30%W -1.1%       -6.9% → +6.2%
  LLY     20  30%W -0.2%  35%W -0.2%  55%W +0.1%  40%W -0.3%  35%W -0.2%  30%W -0.3%       -2.6% → +3.4%
Pre-session top-2 (9:25, 20d EOD win rate) — 2022-10-21  OR: 09:30/3b
  #1 SNOW   +15m 40%W -0.2%  +30m 50%W -0.1%  +1h 55%W +0.2%  +2h 60%W +0.6%  +5h 50%W +0.0%  EOD 65%W +1.0%  EOD range -8.0% → +6.2%
  #2 DDOG   +15m 30%W -0.3%  +30m 35%W -0.2%  +1h 45%W -0.1%  +2h 50%W +0.1%  +5h 50%W +0.2%  EOD 55%W +0.2%  EOD range -6.5% → +4.0%
  Ticker   N          +15m          +30m           +1h           +2h           +5h           EOD           EOD range
  ----------------------------------------------------------------------------------------------------------------------
  SNOW    20  40%W -0.2%  50%W -0.1%  55%W +0.2%  60%W +0.6%  50%W +0.0%  65%W +1.0%       -8.0% → +6.2%
  DDOG    20  30%W -0.3%  35%W -0.2%  45%W -0.1%  50%W +0.1%  50%W +0.2%  55%W +0.2%       -6.5% → +4.0%
  MU      20  40%W -0.2%  50%W +0.1%  45%W -0.1%  55%W +0.5%  55%W +0.1%  50%W -0.1%       -2.8% → +5.8%
  CRWD    20  30%W -0.3%  50%W -0.1%  50%W -0.0%  50%W +0.2%  45%W -0.2%  50%W -0.3%       -4.4% → +3.5%
  PLTR    20  35%W -0.4%  50%W +0.1%  65%W +0.7%  60%W +0.3%  65%W +0.5%  50%W +0.3%       -6.6% → +4.7%
  CHTR    20  45%W -0.0%  30%W -0.3%  45%W -0.2%  55%W +0.2%  40%W -0.3%  45%W -0.2%       -3.5% → +5.9%
  AMD     20  40%W -0.2%  50%W -0.1%  50%W -0.1%  55%W +0.2%  45%W -0.3%  45%W -0.5%       -6.3% → +5.5%
  APP     20  35%W -0.4%  45%W -0.2%  55%W +0.1%  45%W -0.2%  35%W -0.2%  40%W -0.4%       -4.3% → +5.2%
  MRVL    20  40%W -0.3%  50%W -0.0%  50%W -0.0%  45%W -0.0%  40%W -0.7%  40%W -0.5%       -6.1% → +9.0%
  SPOT    20  45%W -0.4%  50%W -0.1%  45%W -0.2%  55%W +0.4%  45%W -0.5%  40%W -0.4%       -3.3% → +2.8%
  META    20  40%W -0.1%  50%W +0.0%  50%W -0.0%  50%W +0.1%  45%W -0.3%  35%W -0.3%       -3.3% → +4.3%
  TSLA    20  45%W -0.4%  50%W -0.0%  50%W -0.0%  55%W +0.2%  35%W -0.7%  35%W -0.8%       -6.9% → +6.2%
  SNPS    20  35%W -0.3%  35%W -0.3%  50%W +0.0%  55%W +0.0%  30%W -0.5%  35%W -0.5%       -3.3% → +6.0%
  AVGO    20  30%W -0.2%  45%W -0.1%  40%W -0.1%  50%W -0.2%  40%W -1.0%  35%W -1.0%       -3.1% → +4.5%
  LLY     20  25%W -0.2%  30%W -0.2%  55%W +0.1%  40%W -0.3%  35%W -0.2%  30%W -0.3%       -2.6% → +3.4%
  QCOM    20  35%W -0.3%  40%W -0.3%  50%W -0.0%  60%W +0.3%  25%W -0.7%  30%W -0.9%       -2.7% → +6.3%
Pre-session top-2 (9:25, 20d EOD win rate) — 2022-10-24  OR: 09:30/3b
  #1 SNOW   +15m 45%W -0.2%  +30m 55%W +0.1%  +1h 55%W +0.2%  +2h 60%W +0.7%  +5h 55%W +0.2%  EOD 65%W +1.0%  EOD range -8.0% → +6.2%
  #2 DDOG   +15m 35%W -0.3%  +30m 40%W -0.2%  +1h 45%W -0.1%  +2h 55%W +0.3%  +5h 55%W +0.7%  EOD 60%W +0.3%  EOD range -6.5% → +4.0%
  Ticker   N          +15m          +30m           +1h           +2h           +5h           EOD           EOD range
  ----------------------------------------------------------------------------------------------------------------------
  SNOW    20  45%W -0.2%  55%W +0.1%  55%W +0.2%  60%W +0.7%  55%W +0.2%  65%W +1.0%       -8.0% → +6.2%
  DDOG    20  35%W -0.3%  40%W -0.2%  45%W -0.1%  55%W +0.3%  55%W +0.7%  60%W +0.3%       -6.5% → +4.0%
  MU      20  40%W -0.2%  50%W +0.1%  45%W -0.1%  55%W +0.5%  55%W +0.1%  50%W -0.1%       -2.8% → +5.8%
  CRWD    20  35%W -0.3%  55%W +0.1%  50%W -0.0%  50%W +0.2%  45%W -0.2%  50%W -0.3%       -4.4% → +3.8%
  PLTR    20  40%W -0.2%  55%W +0.5%  70%W +0.9%  60%W +0.5%  65%W +0.6%  50%W +0.3%       -6.6% → +5.3%
  CHTR    20  50%W +0.0%  35%W -0.3%  45%W -0.2%  60%W +0.2%  45%W -0.0%  50%W +0.1%       -3.5% → +5.9%
  AMD     20  45%W -0.1%  55%W +0.2%  50%W -0.1%  60%W +0.5%  50%W +0.0%  45%W -0.5%       -6.3% → +5.5%
  SPOT    20  50%W -0.2%  55%W +0.2%  50%W +0.1%  60%W +0.8%  50%W -0.2%  45%W -0.3%       -3.3% → +3.4%
  APP     20  40%W -0.3%  50%W +0.1%  50%W +0.0%  45%W -0.2%  35%W -0.2%  40%W -0.4%       -4.3% → +5.2%
  META    20  45%W -0.0%  55%W +0.1%  55%W +0.2%  55%W +0.4%  50%W -0.1%  40%W -0.3%       -3.3% → +4.3%
  MRVL    20  45%W -0.1%  55%W +0.1%  50%W -0.0%  50%W +0.3%  45%W -0.5%  40%W -0.5%       -6.1% → +9.0%
  TSLA    20  45%W -0.4%  50%W -0.0%  50%W -0.0%  55%W +0.2%  40%W -0.7%  40%W -0.8%       -6.9% → +6.2%
  SNPS    20  40%W -0.2%  40%W -0.2%  55%W +0.2%  60%W +0.1%  35%W -0.4%  40%W -0.5%       -3.3% → +6.0%
  AVGO    20  35%W -0.1%  50%W +0.0%  45%W -0.1%  55%W +0.2%  45%W -0.6%  40%W -0.8%       -3.1% → +4.5%
  LLY     20  30%W -0.2%  30%W -0.2%  55%W +0.1%  45%W -0.2%  40%W -0.0%  35%W -0.3%       -2.6% → +3.4%
  QCOM    20  40%W -0.3%  45%W -0.2%  50%W -0.0%  60%W +0.4%  30%W -0.7%  30%W -0.9%       -2.7% → +6.3%
Pre-session top-2 (9:25, 20d EOD win rate) — 2022-10-25  OR: 09:30/3b
  #1 SNOW   +15m 45%W -0.2%  +30m 50%W -0.1%  +1h 55%W +0.2%  +2h 60%W +0.7%  +5h 60%W +0.5%  EOD 70%W +1.0%  EOD range -8.0% → +6.2%
  #2 DDOG   +15m 30%W -0.3%  +30m 35%W -0.5%  +1h 45%W -0.1%  +2h 60%W +0.3%  +5h 60%W +0.9%  EOD 65%W +0.4%  EOD range -6.5% → +4.0%
  Ticker   N          +15m          +30m           +1h           +2h           +5h           EOD           EOD range
  ----------------------------------------------------------------------------------------------------------------------
  SNOW    20  45%W -0.2%  50%W -0.1%  55%W +0.2%  60%W +0.7%  60%W +0.5%  70%W +1.0%       -8.0% → +6.2%
  DDOG    20  30%W -0.3%  35%W -0.5%  45%W -0.1%  60%W +0.3%  60%W +0.9%  65%W +0.4%       -6.5% → +4.0%
  MU      20  40%W -0.4%  45%W -0.3%  45%W -0.1%  55%W +0.5%  60%W +0.3%  55%W +0.2%       -2.8% → +5.8%
  CRWD    20  30%W -0.3%  50%W -0.1%  50%W -0.0%  55%W +0.4%  50%W +0.1%  55%W +0.2%       -4.4% → +3.8%
  PLTR    20  35%W -0.4%  50%W +0.1%  65%W +0.7%  60%W +0.5%  70%W +1.1%  55%W +0.9%       -6.6% → +5.3%
  CHTR    20  50%W +0.0%  35%W -0.3%  45%W -0.2%  60%W +0.2%  45%W -0.0%  55%W +0.2%       -3.3% → +5.9%
  AMD     20  40%W -0.3%  50%W -0.1%  50%W -0.2%  65%W +0.8%  55%W +0.2%  50%W -0.1%       -6.3% → +5.5%
  SPOT    20  45%W -0.4%  50%W -0.1%  50%W +0.1%  65%W +1.2%  55%W +0.3%  50%W +0.2%      -3.3% → +10.1%
  APP     20  35%W -0.3%  50%W +0.1%  55%W +0.3%  50%W +0.1%  40%W -0.1%  45%W -0.3%       -4.3% → +5.2%
  META    20  40%W -0.1%  55%W +0.1%  60%W +0.3%  60%W +0.5%  55%W +0.2%  45%W -0.2%       -2.4% → +4.3%
  TSLA    20  40%W -0.5%  45%W -0.1%  45%W -0.2%  55%W +0.1%  40%W -0.7%  45%W -0.8%       -6.9% → +6.2%
  SNPS    20  35%W -0.3%  35%W -0.3%  55%W +0.2%  65%W +0.1%  40%W -0.3%  45%W -0.3%       -3.3% → +6.0%
  AVGO    20  35%W -0.2%  45%W -0.1%  45%W -0.1%  60%W +0.2%  50%W -0.2%  45%W -0.5%       -3.1% → +4.5%
  MRVL    20  40%W -0.3%  50%W -0.0%  50%W -0.1%  50%W +0.3%  45%W -0.2%  40%W -0.3%       -6.1% → +9.0%
  LLY     20  35%W -0.2%  25%W -0.2%  55%W +0.1%  45%W -0.2%  45%W -0.0%  35%W -0.3%       -2.6% → +3.4%
  QCOM    20  40%W -0.4%  40%W -0.3%  50%W -0.0%  65%W +0.4%  35%W -0.7%  35%W -0.7%       -2.7% → +6.3%
Pre-session top-2 (9:25, 20d EOD win rate) — 2022-10-26  OR: 09:30/3b
  #1 SNOW   +15m 45%W -0.2%  +30m 50%W -0.1%  +1h 50%W -0.1%  +2h 65%W +0.7%  +5h 60%W +0.5%  EOD 75%W +1.0%  EOD range -8.0% → +6.2%
  #2 DDOG   +15m 30%W -0.3%  +30m 35%W -0.5%  +1h 45%W -0.1%  +2h 60%W +0.6%  +5h 60%W +1.0%  EOD 70%W +0.6%  EOD range -6.5% → +4.0%
  Ticker   N          +15m          +30m           +1h           +2h           +5h           EOD           EOD range
  ----------------------------------------------------------------------------------------------------------------------
  SNOW    20  45%W -0.2%  50%W -0.1%  50%W -0.1%  65%W +0.7%  60%W +0.5%  75%W +1.0%       -8.0% → +6.2%
  DDOG    20  30%W -0.3%  35%W -0.5%  45%W -0.1%  60%W +0.6%  60%W +1.0%  70%W +0.6%       -6.5% → +4.0%
  PLTR    20  35%W -0.4%  45%W -0.3%  60%W +0.5%  65%W +0.5%  75%W +1.1%  60%W +1.0%       -6.6% → +5.3%
  CHTR    20  55%W +0.1%  35%W -0.3%  45%W -0.2%  65%W +0.3%  50%W +0.0%  60%W +0.2%       -3.3% → +5.9%
  AMD     20  45%W -0.1%  55%W +0.2%  50%W -0.1%  70%W +0.9%  60%W +0.3%  55%W +0.3%       -6.3% → +5.5%
  APP     20  35%W -0.4%  45%W -0.1%  50%W +0.0%  50%W +0.1%  40%W -0.1%  50%W +0.2%       -4.3% → +5.2%
  META    20  40%W -0.1%  55%W +0.1%  55%W +0.2%  65%W +0.5%  60%W +0.4%  50%W +0.0%       -2.4% → +4.3%
  MU      20  40%W -0.4%  45%W -0.3%  45%W -0.3%  55%W +0.5%  55%W +0.2%  50%W -0.1%       -2.8% → +5.8%
  CRWD    20  25%W -0.3%  45%W -0.3%  45%W -0.1%  50%W +0.1%  45%W -0.2%  50%W -0.3%       -4.4% → +3.8%
  TSLA    20  45%W -0.4%  45%W -0.1%  45%W -0.2%  60%W +0.7%  45%W -0.4%  50%W -0.3%       -6.9% → +6.2%
  SPOT    20  50%W -0.2%  45%W -0.2%  45%W -0.2%  70%W +1.2%  55%W +0.3%  50%W +0.2%      -3.3% → +10.1%
  MRVL    20  45%W -0.1%  55%W +0.1%  50%W -0.1%  55%W +0.7%  50%W -0.1%  45%W -0.2%       -6.1% → +9.0%
  AVGO    20  35%W -0.1%  45%W -0.1%  45%W -0.2%  60%W +0.2%  50%W -0.4%  45%W -0.6%       -3.1% → +4.5%
  SNPS    20  35%W -0.3%  35%W -0.3%  50%W +0.0%  65%W +0.1%  35%W -0.5%  40%W -0.5%       -3.3% → +6.0%
  LLY     20  40%W -0.1%  30%W -0.2%  55%W +0.1%  50%W -0.1%  45%W -0.0%  40%W -0.2%       -2.6% → +3.4%
  QCOM    20  40%W -0.3%  40%W -0.3%  45%W -0.3%  65%W +0.4%  35%W -0.6%  35%W -0.4%       -2.7% → +6.3%
Pre-session top-2 (9:25, 20d EOD win rate) — 2022-10-27  OR: 09:30/3b
  #1 SNOW   +15m 50%W -0.0%  +30m 55%W +0.2%  +1h 50%W -0.1%  +2h 65%W +0.9%  +5h 60%W +0.5%  EOD 70%W +1.0%  EOD range -8.0% → +6.2%
  #2 DDOG   +15m 35%W -0.3%  +30m 40%W -0.2%  +1h 45%W -0.1%  +2h 60%W +0.8%  +5h 55%W +0.7%  EOD 65%W +0.4%  EOD range -6.5% → +4.0%
  Ticker   N          +15m          +30m           +1h           +2h           +5h           EOD           EOD range
  ----------------------------------------------------------------------------------------------------------------------
  SNOW    20  50%W -0.0%  55%W +0.2%  50%W -0.1%  65%W +0.9%  60%W +0.5%  70%W +1.0%       -8.0% → +6.2%
  DDOG    20  35%W -0.3%  40%W -0.2%  45%W -0.1%  60%W +0.8%  55%W +0.7%  65%W +0.4%       -6.5% → +4.0%
  PLTR    20  35%W -0.4%  45%W -0.3%  60%W +0.5%  65%W +0.5%  70%W +0.7%  55%W +0.9%       -6.6% → +5.3%
  CHTR    20  50%W +0.0%  30%W -0.3%  40%W -0.3%  60%W +0.2%  45%W -0.0%  55%W +0.2%       -3.3% → +5.9%
  AMD     20  45%W -0.1%  55%W +0.3%  50%W -0.1%  70%W +1.0%  55%W +0.2%  50%W -0.1%       -6.3% → +5.5%
  APP     20  35%W -0.4%  45%W -0.2%  50%W +0.0%  50%W +0.1%  35%W -0.2%  45%W -0.3%       -4.3% → +5.2%
  META    20  35%W -0.1%  55%W +0.1%  55%W +0.2%  65%W +0.5%  55%W +0.2%  45%W -0.2%       -2.4% → +4.3%
  MU      20  45%W -0.3%  50%W +0.1%  45%W -0.3%  55%W +0.5%  55%W +0.2%  45%W -0.4%       -2.8% → +5.8%
  CRWD    20  30%W -0.3%  50%W -0.2%  45%W -0.1%  50%W +0.1%  40%W -0.4%  45%W -0.6%       -4.4% → +3.8%
  TSLA    20  40%W -0.5%  45%W -0.1%  45%W -0.2%  60%W +0.3%  40%W -0.6%  45%W -0.8%       -6.9% → +6.2%
  SPOT    20  50%W -0.2%  50%W +0.0%  45%W -0.2%  65%W +1.0%  50%W -0.2%  45%W -0.3%      -4.5% → +10.1%
  LLY     20  45%W -0.1%  35%W -0.1%  55%W +0.1%  50%W -0.1%  50%W +0.1%  45%W -0.1%       -2.6% → +3.4%
  AVGO    20  40%W -0.1%  50%W -0.1%  45%W -0.2%  60%W +0.2%  50%W -0.4%  45%W -0.6%       -3.1% → +4.5%
  MRVL    20  45%W -0.1%  55%W +0.1%  50%W -0.1%  55%W +0.7%  45%W -0.6%  40%W -0.3%       -6.1% → +9.0%
  QCOM    20  45%W -0.2%  45%W -0.3%  45%W -0.3%  65%W +0.4%  40%W -0.6%  40%W -0.3%       -2.7% → +6.3%
  SNPS    20  40%W -0.2%  40%W -0.3%  50%W +0.0%  65%W +0.1%  30%W -0.5%  35%W -0.5%       -3.3% → +6.0%
Pre-session top-2 (9:25, 20d EOD win rate) — 2022-10-28  OR: 09:30/3b
  #1 SNOW   +15m 45%W -0.2%  +30m 60%W +0.4%  +1h 50%W -0.1%  +2h 60%W +0.7%  +5h 55%W +0.2%  EOD 65%W +0.9%  EOD range -8.0% → +6.2%
  #2 DDOG   +15m 35%W -0.4%  +30m 45%W -0.1%  +1h 45%W -0.2%  +2h 55%W +0.1%  +5h 50%W +0.4%  EOD 60%W +0.3%  EOD range -6.5% → +4.0%
  Ticker   N          +15m          +30m           +1h           +2h           +5h           EOD           EOD range
  ----------------------------------------------------------------------------------------------------------------------
  SNOW    20  45%W -0.2%  60%W +0.4%  50%W -0.1%  60%W +0.7%  55%W +0.2%  65%W +0.9%       -8.0% → +6.2%
  DDOG    20  35%W -0.4%  45%W -0.1%  45%W -0.2%  55%W +0.1%  50%W +0.4%  60%W +0.3%       -6.5% → +4.0%
  PLTR    20  35%W -0.4%  50%W -0.1%  60%W +0.5%  65%W +0.5%  65%W +0.4%  50%W +0.4%       -6.6% → +5.3%
  CHTR    20  55%W +0.1%  30%W -0.3%  40%W -0.3%  55%W +0.1%  45%W -0.1%  50%W +0.1%       -3.3% → +5.9%
  AMD     20  45%W -0.1%  60%W +0.5%  50%W -0.1%  70%W +1.0%  55%W +0.2%  50%W -0.1%       -6.3% → +5.5%
  SPOT    20  50%W -0.2%  55%W +0.2%  50%W +0.1%  70%W +1.4%  55%W +0.3%  50%W +0.0%      -4.5% → +10.1%
  LLY     20  50%W +0.0%  40%W -0.1%  60%W +0.1%  55%W +0.2%  55%W +0.3%  50%W -0.0%       -2.6% → +3.4%
  APP     20  35%W -0.4%  45%W -0.2%  50%W +0.0%  50%W +0.1%  35%W -0.2%  45%W -0.3%       -4.7% → +5.2%
  META    20  40%W -0.0%  60%W +0.2%  60%W +0.3%  65%W +0.4%  55%W +0.2%  45%W -0.2%       -2.4% → +4.3%
  TSLA    20  40%W -0.5%  50%W +0.0%  45%W -0.2%  60%W +0.3%  40%W -0.6%  45%W -0.7%       -6.9% → +6.2%
  AVGO    20  40%W -0.2%  55%W +0.0%  50%W +0.0%  60%W +0.2%  50%W -0.4%  45%W -0.6%       -3.1% → +4.5%
  MU      20  45%W -0.3%  55%W +0.2%  40%W -0.3%  50%W +0.1%  50%W -0.4%  40%W -0.7%       -4.0% → +5.8%
  MRVL    20  45%W -0.2%  60%W +0.2%  55%W +0.2%  55%W +0.7%  45%W -0.6%  40%W -0.5%       -6.1% → +9.0%
  CRWD    20  30%W -0.3%  55%W +0.1%  45%W -0.1%  45%W -0.2%  35%W -0.4%  40%W -0.6%       -4.4% → +3.8%
  QCOM    20  50%W -0.0%  50%W -0.0%  50%W -0.0%  60%W +0.3%  40%W -0.6%  40%W -0.7%       -2.7% → +6.3%
  SNPS    20  40%W -0.3%  45%W -0.2%  50%W +0.0%  60%W +0.1%  30%W -0.7%  30%W -0.6%       -3.3% → +6.0%
Pre-session top-2 (9:25, 20d EOD win rate) — 2022-10-31  OR: 09:30/3b
  #1 SNOW   +15m 40%W -0.4%  +30m 55%W +0.2%  +1h 45%W -0.4%  +2h 55%W +0.5%  +5h 50%W +0.2%  EOD 65%W +0.9%  EOD range -8.0% → +6.2%
  #2 DDOG   +15m 30%W -0.6%  +30m 45%W -0.2%  +1h 45%W -0.2%  +2h 55%W +0.1%  +5h 50%W +0.4%  EOD 60%W +0.4%  EOD range -6.5% → +4.0%
  Ticker   N          +15m          +30m           +1h           +2h           +5h           EOD           EOD range
  ----------------------------------------------------------------------------------------------------------------------
  SNOW    20  40%W -0.4%  55%W +0.2%  45%W -0.4%  55%W +0.5%  50%W +0.2%  65%W +0.9%       -8.0% → +6.2%
  DDOG    20  30%W -0.6%  45%W -0.2%  45%W -0.2%  55%W +0.1%  50%W +0.4%  60%W +0.4%       -6.5% → +4.0%
  PLTR    20  30%W -0.4%  45%W -0.4%  55%W +0.3%  60%W +0.4%  65%W +0.4%  55%W +0.8%       -6.6% → +5.3%
  CHTR    20  55%W +0.1%  35%W -0.3%  40%W -0.3%  55%W +0.1%  50%W +0.0%  55%W +0.2%       -3.3% → +5.9%
  AMD     20  40%W -0.3%  55%W +0.3%  50%W -0.1%  70%W +1.0%  55%W +0.3%  55%W +0.3%       -6.3% → +5.5%
  SPOT    20  45%W -0.2%  55%W +0.1%  50%W +0.1%  70%W +1.3%  55%W +0.3%  55%W +0.5%      -4.5% → +10.1%
  LLY     20  50%W +0.0%  45%W -0.1%  65%W +0.3%  60%W +0.2%  60%W +0.3%  55%W +0.1%       -2.6% → +3.4%
  APP     20  30%W -0.5%  40%W -0.4%  45%W -0.2%  45%W -0.3%  40%W -0.1%  50%W +0.2%       -4.7% → +5.2%
  TSLA    20  35%W -0.5%  45%W -0.1%  45%W -0.2%  60%W +0.3%  45%W -0.5%  50%W -0.3%       -6.9% → +6.2%
  AVGO    20  35%W -0.2%  50%W -0.1%  50%W +0.0%  60%W +0.2%  55%W +0.1%  50%W -0.2%       -3.1% → +4.5%
  META    20  35%W -0.1%  55%W +0.1%  55%W +0.2%  60%W +0.3%  50%W -0.1%  45%W -0.2%       -2.4% → +4.3%
  MU      20  40%W -0.3%  50%W -0.1%  35%W -0.4%  50%W +0.1%  50%W -0.4%  45%W -0.6%       -4.0% → +5.8%
  MRVL    20  40%W -0.5%  55%W +0.1%  55%W +0.2%  55%W +0.7%  45%W -0.6%  45%W -0.5%       -6.1% → +9.0%
  CRWD    20  30%W -0.4%  50%W -0.2%  40%W -0.1%  40%W -0.4%  40%W -0.4%  45%W -0.5%       -4.4% → +3.8%
  QCOM    20  45%W -0.2%  45%W -0.3%  50%W -0.0%  60%W +0.3%  45%W -0.6%  45%W -0.3%       -2.7% → +6.3%
  SNPS    20  40%W -0.4%  45%W -0.2%  50%W +0.0%  60%W +0.1%  35%W -0.4%  35%W -0.5%       -3.3% → +6.0%

=========================================================================================================================================================================================
Pre-Session Top-2 Performance — 2022-10-03 to 2022-10-31  |  Unconditional OR-close entry  |  OR: 09:30/3b
=========================================================================================================================================================================================
Date         Ticker Rank  At       Entry       +15m       +30m       +45m        +1h     +1h30m        +2h        +3h        +4h        +5h        +6h        +7h        EOD
-----------------------------------------------------------------------------------------------------------------------------------------------------------------------------------------
2022-10-03   DDOG   #1    09:45    90.20    -0.55%L    -3.51%L    -1.50%L    -1.32%L    -0.75%L    -1.21%L    -0.69%L    +0.59%W    +1.03%W    +1.24%W    +0.80%W    +0.80%W
2022-10-03   MU     #2    09:45    51.87    +1.10%W    +0.80%W    +1.74%W    +1.19%W    +1.91%W    +0.54%W    +0.02%W    +0.37%W    +0.62%W    +0.08%W    -0.29%L    -0.29%L
2022-10-04   DDOG   #1    09:45    94.82    +1.45%W    +0.75%W    +0.09%W    +1.66%W    +1.94%W    +1.40%W    +1.54%W    +1.58%W    +1.09%W    +0.24%W    +0.50%W    +0.50%W
2022-10-04   CRWD   #2    09:45   176.64    +0.80%W    +0.04%W    -0.02%L    +0.77%W    +0.58%W    -0.46%L    -1.00%L    -1.18%L    -0.58%L    -1.40%L    -0.90%L    -0.90%L
2022-10-05   DDOG   #1    09:45    93.24    -1.16%L    -1.52%L    -1.97%L    -2.22%L    -2.25%L    -2.10%L    +1.11%W    +1.75%W    +2.40%W    +2.60%W    +1.94%W    +1.94%W
2022-10-05   SNOW   #2    09:45   181.37    -1.12%L    -1.63%L    -2.12%L    -2.08%L    -1.67%L    -1.29%L    +1.08%W    +1.44%W    +1.44%W    +2.52%W    +2.24%W    +2.24%W
2022-10-06   DDOG   #1    09:45    95.74    -1.26%L    -1.99%L    -2.30%L    -1.38%L    -1.26%L    -0.70%L    -0.90%L    -1.03%L    -1.96%L    -1.84%L    -2.17%L    -2.17%L
2022-10-06   PLTR   #2    09:45     8.48    -1.00%L    -1.30%L    -1.47%L    -0.77%L    -0.65%L    -0.65%L    -0.41%L    +0.71%W    -0.24%L    +0.00%L    -0.12%L    -0.12%L
2022-10-07   SNOW   #1    09:45   179.44    -0.45%L    +0.51%W    -0.18%L    +0.40%W    -0.16%L    -0.55%L    -2.38%L    -1.50%L    -2.48%L    -2.40%L    -2.43%L    -2.43%L
2022-10-07   DDOG   #2    09:45    89.43    -0.03%L    +0.91%W    +0.37%W    +0.55%W    -0.28%L    -0.64%L    -2.01%L    -1.15%L    -1.63%L    -1.86%L    -1.53%L    -1.53%L
2022-10-10   SNOW   #1    09:45   172.91    -1.88%L    -2.64%L    -3.40%L    -4.75%L    -7.40%L    -6.15%L    -8.51%L    -7.40%L    -8.02%L    -8.00%L    -7.97%L    -7.97%L
2022-10-10   DDOG   #2    09:45    86.02    -1.20%L    -1.47%L    -2.06%L    -3.54%L    -4.77%L    -3.31%L    -4.49%L    -3.06%L    -2.90%L    -1.73%L    -2.47%L    -2.47%L
2022-10-11   SNOW   #1    09:45   149.63    -2.28%L    -0.84%L    +0.29%W    +0.38%W    +1.90%W    +3.69%W    +4.14%W    +3.23%W    +2.41%W    +2.59%W    +2.59%W    +2.59%W
2022-10-11   DDOG   #2    09:45    81.51    -1.02%L    -0.73%L    -0.13%L    -0.07%L    +1.26%W    +3.19%W    +3.59%W    +2.13%W    +0.90%W    +1.46%W    +1.56%W    +1.56%W
2022-10-12   DDOG   #1    09:45    82.25    -1.46%L    -1.91%L    -1.77%L    -1.60%L    -1.39%L    -1.08%L    -0.98%L    -0.87%L    -0.18%L    +0.26%W    +0.13%W    +0.13%W
2022-10-12   MU     #2    09:45    53.28    -0.07%L    -0.53%L    -0.61%L    -0.38%L    +0.67%W    +0.39%W    +0.31%W    +0.11%W    -0.76%L    -0.44%L    -1.02%L    -1.02%L
2022-10-13   DDOG   #1    09:45    77.76    -0.31%L    +0.21%W    -0.27%L    +0.60%W    +4.00%W    +4.24%W    +3.50%W    +4.62%W    +4.24%W    +4.44%W    +4.04%W    +4.04%W
2022-10-13   MU     #2    09:45    51.87    +0.90%W    +2.56%W    +1.48%W    +2.30%W    +6.47%W    +5.63%W    +4.91%W    +5.93%W    +5.45%W    +5.78%W    +5.78%W    +5.78%W
2022-10-14   DDOG   #1    09:45    80.98    -0.70%L    -1.78%L    -2.01%L    -3.03%L    -3.77%L    -4.33%L    -5.40%L    -5.17%L    -5.99%L    -6.14%L    -6.50%L    -6.50%L
2022-10-14   MU     #2    09:45    54.16    -1.37%L    -2.04%L    -1.76%L    -2.17%L    -1.96%L    -2.03%L    -1.81%L    -1.22%L    -1.98%L    -2.18%L    -2.62%L    -2.62%L
2022-10-17   SNOW   #1    09:45   157.92    +1.99%W    +3.23%W    +3.61%W    +4.95%W    +3.87%W    +5.67%W    +5.33%W    +5.22%W    +5.68%W    +6.31%W    +6.16%W    +6.16%W
2022-10-17   DDOG   #2    09:45    79.63    +1.57%W    +1.42%W    +1.14%W    +1.92%W    +0.80%W    +2.03%W    +1.80%W    +2.01%W    +2.67%W    +1.59%W    +1.44%W    +1.44%W
2022-10-18   SNOW   #1    09:45   176.00    +0.11%W    +0.91%W    -1.32%L    -0.36%L    -1.64%L    -1.30%L    -0.70%L    -1.38%L    -2.25%L    -1.38%L    -1.61%L    -1.61%L
2022-10-18   DDOG   #2    09:45    84.81    -0.96%L    -0.12%L    -2.06%L    -1.41%L    -2.49%L    -2.85%L    -2.56%L    -2.92%L    -3.97%L    -3.40%L    -3.57%L    -3.57%L
2022-10-19   SNOW   #1    09:45   169.49    +1.19%W    +1.38%W    +2.21%W    +1.31%W    +1.78%W    +1.41%W    +0.18%W    -0.16%L    +0.60%W    +0.43%W    +0.91%W    +0.91%W
2022-10-19   MU     #2    09:45    52.23    +0.81%W    +1.60%W    +1.91%W    +0.78%W    +1.29%W    +2.07%W    +0.65%W    +0.74%W    +1.68%W    +1.17%W    +1.55%W    +1.55%W
2022-10-20   SNOW   #1    09:45   172.97    +1.46%W    +2.89%W    +2.97%W    +3.67%W    +3.08%W    +3.83%W    +2.09%W    +0.24%W    -0.57%L    +0.29%W    +0.49%W    +0.49%W
2022-10-20   MU     #2    09:45    54.25    +0.98%W    +1.25%W    +0.33%W    +0.46%W    +0.65%W    +1.01%W    -0.35%L    -1.42%L    -1.11%L    -0.92%L    -1.01%L    -1.01%L
2022-10-21   SNOW   #1    09:45   170.13    +1.06%W    +1.21%W    -1.03%L    -1.30%L    -0.88%L    +1.15%W    +2.08%W    +2.56%W    +3.31%W    +3.99%W    +4.07%W    +4.07%W
2022-10-21   DDOG   #2    09:45    79.10    +0.79%W    +2.05%W    -0.28%L    -0.70%L    -0.80%L    +1.34%W    +2.49%W    +3.26%W    +3.65%W    +3.99%W    +3.81%W    +3.81%W
2022-10-24   SNOW   #1    09:45   173.22    -0.62%L    -0.88%L    -1.20%L    -1.44%L    -1.03%L    -0.03%L    +1.44%W    -0.29%L    +0.64%W    +0.88%W    +0.84%W    +0.84%W
2022-10-24   DDOG   #2    09:45    81.10    -1.23%L    -0.94%L    -1.37%L    -0.92%L    -0.41%L    +0.02%W    +1.29%W    +0.23%W    +1.44%W    +1.46%W    +1.64%W    +1.64%W
2022-10-25   SNOW   #1    09:45   180.97    +0.17%W    +0.29%W    -0.31%L    -0.52%L    -0.11%L    +0.71%W    +0.33%W    -0.28%L    -0.10%L    +0.67%W    +0.53%W    +0.53%W
2022-10-25   DDOG   #2    09:45    85.90    +1.15%W    +1.36%W    +0.52%W    +0.10%W    +0.57%W    +1.41%W    +1.00%W    +1.66%W    +1.93%W    +3.64%W    +3.32%W    +3.32%W
2022-10-26   SNOW   #1    09:45   173.88    +0.65%W    +1.12%W    +2.09%W    +2.65%W    +3.06%W    +1.88%W    +0.56%W    -1.26%L    -1.23%L    -1.61%L    -2.53%L    -2.53%L
2022-10-26   DDOG   #2    09:45    83.59    +1.99%W    +1.90%W    +1.81%W    +2.69%W    +2.61%W    +2.78%W    +0.30%W    -1.91%L    -1.76%L    -1.84%L    -2.39%L    -2.39%L
2022-10-27   SNOW   #1    09:45   172.25    -0.84%L    +0.43%W    +1.21%W    +0.17%W    -0.37%L    -0.93%L    -1.10%L    -1.30%L    -1.76%L    -1.30%L    -1.92%L    -1.92%L
2022-10-27   DDOG   #2    09:45    83.21    -1.36%L    +0.06%W    +0.99%W    -0.39%L    -1.04%L    -1.23%L    -0.81%L    -0.96%L    -1.88%L    -1.02%L    -1.20%L    -1.20%L
2022-10-28   SNOW   #1    09:45   161.13    -1.48%L    -2.66%L    -2.59%L    -1.47%L    -1.88%L    -2.31%L    -1.68%L    -1.30%L    -0.36%L    -0.68%L    -0.81%L    -0.81%L
2022-10-28   DDOG   #2    09:45    78.09    -0.88%L    -1.64%L    -1.34%L    +0.35%W    +0.50%W    +0.52%W    +1.90%W    +2.86%W    +3.84%W    +3.97%W    +3.85%W    +3.85%W
2022-10-31   SNOW   #1    09:45   158.43    +1.67%W    +0.69%W    -1.16%L    -0.37%L    +0.34%W    +1.47%W    +0.76%W    +1.01%W    +0.81%W    +1.38%W    +1.31%W    +1.31%W
2022-10-31   DDOG   #2    09:45    80.69    +1.93%W    +1.40%W    -0.11%L    +0.06%W    -0.08%L    +0.89%W    +0.33%W    +0.35%W    +0.17%W    -0.17%L    -0.21%L    -0.21%L

========================================================================================
Pre-session picks summary — 42 pick(s) across 21 trading day(s)

Top-2 picks (all days)  (42 signal(s))
  Hold      Count   Win Rate   Avg Gain    Avg Win   Avg Loss  Exp Value  Total P&L
  ------------------------------------------------------------------------------------
  +15m         42      45.2%      -0.03%      +1.15%      -1.01%      -0.03%      -1.45%
  +30m         42      57.1%      +0.02%      +1.21%      -1.56%      +0.02%      +0.82%
  +45m         42      38.1%      -0.28%      +1.42%      -1.32%      -0.28%     -11.56%
  +1h          42      47.6%      -0.12%      +1.35%      -1.46%      -0.12%      -5.22%
  +1h30m       42      45.2%      +0.01%      +1.96%      -1.61%      +0.01%      +0.23%
  +2h          42      54.8%      +0.34%      +2.06%      -1.74%      +0.34%     +14.14%
  +3h          42      59.5%      +0.16%      +1.71%      -2.10%      +0.16%      +6.93%
  +4h          42      52.4%      +0.16%      +1.94%      -1.79%      +0.16%      +6.85%
  +5h          42      50.0%      +0.10%      +2.19%      -1.99%      +0.10%      +4.29%
  +6h          42      54.8%      +0.30%      +2.22%      -2.02%      +0.30%     +12.71%
  +7h          42      52.4%      +0.15%      +2.25%      -2.16%      +0.15%      +6.22%
  EOD          42      52.4%      +0.15%      +2.25%      -2.16%      +0.15%      +6.22%

=========================================================================================================================================================================================
Signal Analysis — 2022-10-03 to 2022-10-31  |  BULL only  |  Vol ≥ 1.0x 20dAvg
Windows: 09:30/3b  |  Collection: 3 bars  |  Tickers: 19
=========================================================================================================================================================================================
Date         Ticker Window   At       Entry  Vol/20d       +15m       +30m       +45m        +1h     +1h30m        +2h        +3h        +4h        +5h        +6h        +7h        EOD
-----------------------------------------------------------------------------------------------------------------------------------------------------------------------------------------
2022-10-03   MU     09:30/3b 09:40    51.59    1.54x    +0.87%W    +1.40%W    +2.07%W    +1.90%W    +2.50%W    +1.26%W    +0.64%W    +1.10%W    +0.99%W    +0.75%W    +0.25%W    +0.25%W
2022-10-03   PLTR   09:30/3b 09:45     8.16    1.10x    -0.12%L    -1.59%L    +0.04%W    -0.80%L    +0.25%W    -1.16%L    -0.92%L    +0.18%W    +1.35%W    +1.16%W    +0.98%W    +0.98%W
2022-10-03   AMD    09:30/3b 09:40    64.23    1.14x    +1.11%W    +1.94%W    +2.66%W    +2.39%W    +2.92%W    +2.35%W    +2.24%W    +3.07%W    +3.43%W    +3.32%W    +2.90%W    +2.90%W
2022-10-03   SPOT   09:30/3b 09:45    87.80    1.37x    +0.19%W    -1.03%L    -0.33%L    -0.96%L    -0.64%L    -0.99%L    -1.32%L    -0.54%L    +0.07%W    +1.45%W    +1.37%W    +1.37%W
2022-10-04   CHTR   09:30/3b 09:50   328.84    1.44x    +0.14%W    -0.37%L    -0.54%L    -0.84%L    -1.16%L    -0.94%L    -0.12%L    -0.27%L    -0.11%L    -0.15%L    -0.12%L    -0.12%L
2022-10-06   MRVL   09:30/3b 09:40    49.12    1.13x    -0.57%L    -2.24%L    -2.87%L    -2.10%L    -1.73%L    -1.69%L    -1.12%L    -1.46%L    -2.00%L    -2.13%L    -2.38%L    -2.38%L
2022-10-06   AMD    09:30/3b 09:40    70.11    1.50x    -0.64%L    -2.65%L    -3.43%L    -2.56%L    -1.85%L    -1.69%L    -1.74%L    -1.60%L    -2.64%L    -2.85%L    -3.24%L    -3.24%L
2022-10-06   SNPS   09:30/3b 09:40   325.03    1.08x    -0.47%L    -1.30%L    -1.60%L    -0.98%L    -0.46%L    -0.21%L    -0.18%L    -0.48%L    -0.89%L    -0.76%L    -0.94%L    -0.94%L
2022-10-06   LLY    09:30/3b 09:40   335.15    2.12x    +0.15%W    +1.05%W    -0.25%L    -0.20%L    -0.43%L    -0.55%L    -0.23%L    -0.39%L    -0.53%L    -0.66%L    -0.71%L    -0.71%L
2022-10-07   MU     09:30/3b 09:40    54.02    1.03x    -2.41%L    -1.81%L    -1.15%L    -1.50%L    -1.05%L    -1.98%L    -0.98%L    -0.73%L    -2.05%L    -2.05%L    -2.05%L    -2.05%L
2022-10-10   META   09:30/3b 09:40   134.82    1.01x    -0.36%L    -0.16%L    -0.04%L    -0.65%L    -0.72%L    -0.64%L    -1.86%L    -1.19%L    -0.39%L    -0.65%L    -0.80%L    -0.80%L
2022-10-10   TSLA   09:30/3b 09:40   222.50    1.43x    +0.92%W    +0.27%W    +1.29%W    -0.13%L    -0.19%L    +0.70%W    +0.45%W    +0.38%W    +0.60%W    +0.49%W    +0.20%W    +0.20%W
2022-10-11   TSLA   09:30/3b 09:40   222.44    1.19x    -0.65%L    -0.31%L    -0.04%L    +0.33%W    +0.31%W    +0.77%W    +0.60%W    -0.57%L    -1.74%L    -2.79%L    -2.63%L    -2.63%L
2022-10-11   AMD    09:30/3b 09:40    57.86    1.14x    -2.38%L    -2.28%L    -2.23%L    -1.16%L    -1.39%L    -0.07%L    +1.27%W    +0.47%W    +0.41%W    -0.85%L    -0.39%L    -0.39%L
2022-10-12   META   09:30/3b 09:40   128.70    1.00x    -0.54%L    -1.11%L    -0.51%L    -1.24%L    -0.78%L    -0.22%L    -1.30%L    -1.60%L    -0.78%L    -0.48%L    -0.95%L    -0.95%L
2022-10-12   MRVL   09:30/3b 09:40    38.46    2.53x    -0.91%L    -2.26%L    -2.37%L    -2.13%L    -1.59%L    -1.31%L    -1.96%L    -1.86%L    -1.24%L    -0.94%L    -1.25%L    -1.25%L
2022-10-12   CRWD   09:30/3b 09:40   155.58    1.00x    -2.06%L    -3.33%L    -3.42%L    -3.64%L    -2.21%L    -1.30%L    -2.11%L    -1.29%L    -0.36%L    -1.00%L    -1.70%L    -1.70%L
2022-10-12   TSLA   09:30/3b 09:40   216.12    1.03x    -0.93%L    -1.54%L    -1.34%L    -1.45%L    -0.23%L    +0.27%W    -0.40%L    -0.28%L    +0.80%W    +0.49%W    +0.51%W    +0.51%W
2022-10-12   AMD    09:30/3b 09:40    57.76    1.09x    -0.74%L    -2.03%L    -1.85%L    -2.08%L    -0.94%L    -0.22%L    -0.48%L    -0.33%L    +0.62%W    +0.57%W    +0.14%W    +0.14%W
2022-10-12   SNOW   09:30/3b 09:40   155.50    1.05x    -2.57%L    -4.23%L    -3.65%L    -4.42%L    -2.35%L    -0.92%L    -1.02%L    +0.24%W    +1.59%W    +1.63%W    +1.94%W    +1.94%W
2022-10-12   SNPS   09:30/3b 09:40   279.18    2.26x    +0.05%W    -0.53%L    -0.02%L    -0.25%L    -0.28%L    +0.40%W    -0.03%L    +0.02%W    -0.08%L    -0.35%L    -1.10%L    -1.10%L
2022-10-12   SPOT   09:30/3b 09:40    82.00    1.51x    -0.88%L    -1.00%L    -0.49%L    -1.02%L    -0.23%L    +2.16%W    +1.88%W    +2.24%W    +3.27%W    +0.74%W    +1.37%W    +1.37%W
2022-10-12   DDOG   09:30/3b 09:40    83.49    1.28x    -2.58%L    -3.51%L    -3.17%L    -3.58%L    -2.92%L    -2.49%L    -2.81%L    -2.42%L    -1.40%L    -1.20%L    -1.35%L    -1.35%L
2022-10-17   CRWD   09:30/3b 09:40   149.61    1.26x    +0.92%W    +2.14%W    +2.32%W    +2.46%W    +2.16%W    +2.53%W    +1.96%W    +1.59%W    +1.88%W    +1.42%W    +1.36%W    +1.36%W
2022-10-17   TSLA   09:30/3b 09:40   212.86    1.17x    +0.86%W    +2.34%W    +2.03%W    +2.37%W    +2.42%W    +3.39%W    +3.57%W    +3.30%W    +2.92%W    +3.30%W    +3.11%W    +3.11%W
2022-10-17   AMD    09:30/3b 09:40    58.06    1.02x    -0.59%L    +0.03%W    -0.65%L    -0.50%L    -0.95%L    +0.07%W    -0.05%L    +0.12%W    +0.06%W    -0.03%L    -0.19%L    -0.19%L
2022-10-20   APP    09:30/3b 09:40    17.81    1.23x    -0.62%L    +0.62%W    +2.53%W    +3.26%W    +2.86%W    +3.09%W    +0.06%W    -1.63%L    -0.73%L    -0.25%L    -0.06%L    -0.06%L
2022-10-20   CHTR   09:30/3b 09:40   325.07    1.18x    -0.21%L    +0.69%W    +0.87%W    +0.70%W    +1.92%W    +1.58%W    +0.74%W    +0.80%W    +0.55%W    +1.02%W    +0.94%W    +0.94%W
2022-10-20   AMD    09:30/3b 09:40    58.33    1.06x    +1.27%W    +1.89%W    +3.07%W    +2.79%W    +2.30%W    +2.33%W    +0.22%W    -0.45%L    -1.36%L    -1.00%L    -1.01%L    -1.01%L
2022-10-20   QCOM   09:30/3b 09:40   113.55    1.36x    +0.97%W    +1.12%W    +1.62%W    +1.44%W    +2.17%W    +1.43%W    +0.00%W    -0.71%L    -1.52%L    -1.11%L    -1.45%L    -1.45%L
2022-10-20   AVGO   09:30/3b 09:40   434.17    1.16x    +0.42%W    +0.44%W    +1.01%W    +1.06%W    +1.71%W    +1.54%W    -0.02%L    -0.81%L    -1.30%L    -0.98%L    -0.91%L    -0.91%L
2022-10-20   DDOG   09:30/3b 09:40    82.02    1.50x    +0.77%W    +1.77%W    +3.03%W    +4.03%W    +4.64%W    +4.81%W    +1.80%W    +0.52%W    -0.98%L    +0.14%W    +0.36%W    +0.36%W
2022-10-21   CRWD   09:30/3b 09:50   150.96    1.07x    +0.98%W    +0.29%W    -0.75%L    -0.12%L    -0.04%L    +1.36%W    +2.55%W    +2.82%W    +3.14%W    +3.83%W    +3.57%W    +3.57%W
2022-10-21   QCOM   09:30/3b 09:40   112.55    1.21x    +0.42%W    +1.03%W    +0.17%W    +0.44%W    +0.12%W    +1.33%W    +1.13%W    +1.54%W    +2.00%W    +2.87%W    +2.83%W    +2.83%W
2022-10-25   META   09:30/3b 09:40   133.78    1.28x    -0.03%L    +0.49%W    +0.35%W    -0.26%L    +0.44%W    +1.17%W    +1.47%W    +1.37%W    +2.55%W    +3.00%W    +2.78%W    +2.78%W
2022-10-25   CHTR   09:30/3b 09:50   344.18    1.95x    -0.70%L    -0.95%L    -0.82%L    -0.02%L    +0.45%W    +1.14%W    +0.38%W    -0.08%L    +0.15%W    +0.71%W    +0.74%W    +0.74%W
2022-10-25   TSLA   09:30/3b 09:40   215.12    1.39x    +1.07%W    +1.26%W    +2.15%W    +1.60%W    +3.20%W    +3.21%W    +4.09%W    +1.79%W    +2.95%W    +3.51%W    +3.39%W    +3.39%W
2022-10-25   AMD    09:30/3b 09:40    60.30    1.03x    +0.42%W    +1.49%W    +1.32%W    +0.58%W    +1.46%W    +2.39%W    +1.64%W    +2.07%W    +2.40%W    +2.11%W    +1.93%W    +1.93%W
2022-10-25   QCOM   09:30/3b 09:40   118.15    1.62x    +1.43%W    +0.73%W    +0.73%W    +0.36%W    +0.44%W    +0.77%W    +0.30%W    +0.05%W    +0.41%W    +0.64%W    +0.86%W    +0.86%W
2022-10-25   DDOG   09:30/3b 09:50    86.15    1.65x    +0.96%W    +0.47%W    -0.39%L    -0.41%L    +0.38%W    +1.39%W    +0.70%W    +1.47%W    +1.75%W    +3.08%W    +3.02%W    +3.02%W
2022-10-26   META   09:30/3b 09:40   132.00    1.41x    +0.11%W    +0.74%W    +0.93%W    +1.90%W    +2.27%W    +2.12%W    +0.37%W    -1.23%L    -2.52%L    -1.53%L    -1.68%L    -1.68%L
2022-10-26   MU     09:30/3b 09:40    56.33    1.16x    +1.00%W    +1.64%W    +0.92%W    -0.54%L    +0.52%W    -0.64%L    -0.70%L    -2.12%L    -1.69%L    -1.20%L    -1.55%L    -1.55%L
2022-10-26   PLTR   09:30/3b 09:40     8.64    1.01x    +0.73%W    +1.40%W    +1.50%W    +2.60%W    +3.64%W    +3.93%W    +1.45%W    +0.23%W    -0.17%L    -0.29%L    -0.75%L    -0.75%L
2022-10-26   TSLA   09:30/3b 09:40   225.23    1.27x    +0.04%W    +0.76%W    +1.18%W    +1.81%W    +2.14%W    +1.67%W    +1.40%W    +0.58%W    -0.05%L    -0.11%L    -0.28%L    -0.28%L
2022-10-26   AVGO   09:30/3b 09:45   457.15    5.05x    +1.09%W    +1.41%W    +1.81%W    +2.40%W    +2.90%W    +2.75%W    +2.11%W    +1.09%W    +1.10%W    +1.00%W    +0.86%W    +0.86%W
2022-10-27   APP    09:30/3b 09:40    18.83    1.42x    -4.73%L    -3.72%L    -2.07%L    -3.66%L    -3.45%L    -4.28%L    -5.55%L    -4.41%L    -5.68%L    -5.92%L    -6.69%L    -6.69%L
2022-10-27   CRWD   09:30/3b 09:40   167.36    1.33x    -1.65%L    -0.89%L    +0.21%W    -0.96%L    -1.66%L    -2.27%L    -2.52%L    -2.03%L    -1.99%L    -1.46%L    -1.54%L    -1.54%L
2022-10-27   TSLA   09:30/3b 09:40   230.77    1.03x    -2.54%L    -1.44%L    -2.00%L    -2.91%L    -2.83%L    -2.55%L    -2.61%L    -2.14%L    -2.55%L    -2.23%L    -2.46%L    -2.46%L
2022-10-28   META   09:30/3b 09:40   100.16    2.82x    -0.21%L    -0.18%L    -0.14%L    -0.53%L    -0.27%L    -1.66%L    -1.33%L    -1.02%L    -1.02%L    -0.69%L    -0.98%L    -0.98%L
2022-10-28   MU     09:30/3b 09:40    52.70    1.10x    +0.24%W    -0.56%L    -0.23%L    -0.61%L    +2.33%W    +2.37%W    +3.06%W    +2.46%W    +1.93%W    +2.25%W    +2.50%W    +2.50%W
2022-10-28   CHTR   09:30/3b 09:40   356.80    2.95x    +4.83%W    +4.48%W    +4.04%W    +4.98%W    +3.06%W    +4.11%W    +3.53%W    +3.27%W    +3.43%W    +3.36%W    +3.18%W    +3.18%W
2022-10-28   AMD    09:30/3b 09:40    61.33    1.16x    -0.63%L    -2.41%L    -1.04%L    -0.45%L    -0.06%L    +1.02%W    +1.07%W    +0.75%W    +0.56%W    +1.07%W    +1.10%W    +1.10%W
2022-10-28   SPOT   09:30/3b 09:40    81.62    1.38x    -0.21%L    -0.15%L    -0.01%L    +0.39%W    +1.58%W    +1.20%W    +0.58%W    +0.44%W    +0.74%W    +1.40%W    +2.12%W    +2.12%W
2022-10-28   QCOM   09:30/3b 09:40   115.56    1.98x    -0.20%L    -1.18%L    +0.01%W    +0.53%W    +1.78%W    +2.40%W    +2.62%W    +2.63%W    +2.81%W    +3.18%W    +3.16%W    +3.16%W
2022-10-28   AVGO   09:30/3b 09:40   462.99    1.42x    -0.08%L    -0.41%L    +0.42%W    +0.84%W    +1.50%W    +1.59%W    +1.80%W    +1.57%W    +1.73%W    +2.02%W    +2.13%W    +2.13%W
2022-10-31   MU     09:30/3b 09:40    54.42    1.04x    -2.14%L    -0.70%L    -0.40%L    -1.08%L    -0.99%L    +0.48%W    -0.59%L    +0.65%W    +0.37%W    -0.30%L    -0.61%L    -0.61%L

========================================================================================
Summary — 56 qualifying signal(s) across 21 trading day(s)

Window 09:30/3b  (56 signal(s))
  Hold      Count   Win Rate   Avg Gain    Avg Win   Avg Loss  Exp Value  Total P&L
  ------------------------------------------------------------------------------------
  +15m         56      46.4%      -0.20%      +0.84%      -1.11%      -0.20%     -11.37%
  +30m         56      46.4%      -0.25%      +1.23%      -1.53%      -0.25%     -13.99%
  +45m         56      46.4%      +0.01%      +1.47%      -1.26%      +0.01%      +0.50%
  +1h          56      41.1%      -0.05%      +1.79%      -1.33%      -0.05%      -2.56%
  +1h30m       56      51.8%      +0.41%      +1.87%      -1.16%      +0.41%     +22.92%
  +2h          56      62.5%      +0.67%      +1.86%      -1.32%      +0.67%     +37.32%
  +3h          56      55.4%      +0.25%      +1.47%      -1.28%      +0.25%     +13.73%
  +4h          56      53.6%      +0.13%      +1.29%      -1.22%      +0.13%      +7.17%
  +5h          56      53.6%      +0.19%      +1.55%      -1.38%      +0.19%     +10.77%
  +6h          56      50.0%      +0.30%      +1.80%      -1.21%      +0.30%     +16.58%
  +7h          56      50.0%      +0.18%      +1.77%      -1.42%      +0.18%      +9.80%
  EOD          56      50.0%      +0.18%      +1.77%      -1.42%      +0.18%      +9.80%
