Fetching 5-min bars (2022-10-02 → 2022-11-30) [alpaca]...
  [cache] fetching 9 tickers from alpaca (cache miss)
  [cache] loaded 10 tickers from cache
Fetching daily bars (2021-11-01 → 2022-11-30)...

=========================================================================================================================================================================================
Pre-Session Rankings (9:25) — 2022-11-01 to 2022-11-30  |  20d lookback
=========================================================================================================================================================================================
Pre-session top-2 (9:25, 20d EOD win rate) — 2022-11-01  OR: 09:30/3b
  #1 SNOW   +15m 45%W -0.2%  +30m 60%W +0.4%  +1h 45%W -0.4%  +2h 60%W +0.7%  +5h 50%W +0.2%  EOD 65%W +0.9%  EOD range -8.0% → +6.2%
  #2 LLY    +15m 55%W +0.1%  +30m 50%W -0.0%  +1h 70%W +0.3%  +2h 65%W +0.4%  +5h 65%W +0.4%  EOD 60%W +0.3%  EOD range -2.6% → +3.4%
  Ticker   N          +15m          +30m           +1h           +2h           +5h           EOD           EOD range
  ----------------------------------------------------------------------------------------------------------------------
  SNOW    20  45%W -0.2%  60%W +0.4%  45%W -0.4%  60%W +0.7%  50%W +0.2%  65%W +0.9%       -8.0% → +6.2%
  LLY     20  55%W +0.1%  50%W -0.0%  70%W +0.3%  65%W +0.4%  65%W +0.4%  60%W +0.3%       -2.6% → +3.4%
  PLTR    20  35%W -0.4%  50%W -0.1%  60%W +0.5%  65%W +0.5%  65%W +0.4%  55%W +0.8%       -6.6% → +5.3%
  CHTR    20  50%W -0.0%  30%W -0.3%  40%W -0.3%  55%W +0.1%  50%W +0.0%  55%W +0.2%       -3.3% → +5.9%
  TSLA    20  30%W -0.5%  45%W -0.1%  45%W -0.2%  65%W +0.5%  50%W +0.1%  55%W +0.4%       -6.9% → +6.2%
  AMD     20  40%W -0.3%  55%W +0.3%  50%W -0.1%  70%W +0.9%  55%W +0.3%  55%W +0.1%       -6.3% → +5.5%
  DDOG    20  35%W -0.5%  50%W -0.0%  50%W -0.0%  60%W +0.4%  50%W -0.0%  55%W +0.3%       -6.5% → +4.0%
  APP     20  35%W -0.5%  45%W -0.2%  45%W -0.2%  45%W -0.3%  40%W -0.1%  50%W +0.2%       -4.7% → +5.2%
  MU      20  40%W -0.3%  50%W -0.1%  35%W -0.4%  50%W +0.1%  50%W -0.4%  50%W -0.4%       -4.0% → +5.8%
  SPOT    20  45%W -0.2%  55%W +0.1%  50%W +0.1%  70%W +1.3%  50%W +0.1%  50%W +0.0%      -4.5% → +10.1%
  AVGO    20  35%W -0.2%  50%W -0.1%  50%W +0.0%  60%W +0.2%  55%W +0.1%  50%W -0.2%       -3.1% → +4.5%
  MRVL    20  40%W -0.5%  55%W +0.1%  50%W -0.1%  55%W +0.8%  45%W -0.6%  45%W -0.5%       -6.1% → +9.0%
  CRWD    20  35%W -0.4%  55%W +0.1%  45%W -0.1%  45%W -0.2%  40%W -0.4%  45%W -0.5%       -4.4% → +3.8%
  QCOM    20  45%W -0.2%  45%W -0.3%  50%W -0.0%  60%W +0.3%  45%W -0.6%  45%W -0.3%       -2.7% → +6.3%
  META    20  35%W -0.1%  55%W +0.1%  55%W +0.2%  60%W +0.3%  45%W -0.3%  40%W -0.3%       -3.3% → +4.3%
  SNPS    20  40%W -0.4%  45%W -0.2%  45%W -0.2%  60%W +0.1%  35%W -0.4%  30%W -0.5%       -3.3% → +6.0%
Pre-session top-2 (9:25, 20d EOD win rate) — 2022-11-02  OR: 09:30/3b
  #1 SNOW   +15m 40%W -0.4%  +30m 55%W +0.4%  +1h 40%W -0.4%  +2h 55%W +0.7%  +5h 50%W +0.1%  EOD 60%W +0.7%  EOD range -8.0% → +6.2%
  #2 LLY    +15m 55%W +0.1%  +30m 45%W -0.1%  +1h 65%W +0.3%  +2h 60%W +0.2%  +5h 60%W +0.3%  EOD 60%W +0.3%  EOD range -2.6% → +3.4%
  Ticker   N          +15m          +30m           +1h           +2h           +5h           EOD           EOD range
  ----------------------------------------------------------------------------------------------------------------------
  SNOW    20  40%W -0.4%  55%W +0.4%  40%W -0.4%  55%W +0.7%  50%W +0.1%  60%W +0.7%       -8.0% → +6.2%
  LLY     20  55%W +0.1%  45%W -0.1%  65%W +0.3%  60%W +0.2%  60%W +0.3%  60%W +0.3%       -2.6% → +3.4%
  PLTR    20  35%W -0.6%  50%W -0.1%  55%W +0.3%  60%W +0.4%  60%W +0.2%  55%W +0.8%       -6.6% → +5.3%
  CHTR    20  45%W -0.2%  30%W -0.3%  40%W -0.3%  55%W +0.1%  50%W +0.0%  55%W +0.2%       -5.6% → +5.9%
  TSLA    20  25%W -0.5%  40%W -0.1%  40%W -0.6%  60%W +0.3%  50%W +0.1%  55%W +0.4%       -6.9% → +6.2%
  AMD     20  35%W -0.4%  50%W +0.1%  45%W -0.5%  65%W +0.9%  55%W +0.3%  55%W +0.1%       -6.3% → +5.5%
  APP     20  35%W -0.5%  45%W -0.2%  45%W -0.2%  45%W -0.3%  40%W -0.4%  50%W +0.2%       -6.7% → +5.2%
  DDOG    20  30%W -0.8%  45%W -0.2%  45%W -0.2%  55%W +0.1%  45%W -0.5%  50%W -0.0%       -6.5% → +4.0%
  META    20  35%W -0.1%  50%W +0.1%  55%W +0.2%  65%W +0.3%  45%W -0.3%  45%W -0.3%       -3.3% → +4.3%
  MU      20  35%W -0.5%  45%W -0.6%  30%W -0.5%  45%W -0.3%  45%W -0.5%  45%W -0.7%       -4.0% → +5.8%
  CRWD    20  30%W -0.5%  50%W -0.2%  40%W -0.1%  45%W -0.2%  40%W -0.4%  45%W -0.5%       -4.4% → +3.8%
  SPOT    20  40%W -0.4%  55%W +0.1%  50%W +0.0%  65%W +0.8%  45%W -0.5%  45%W -0.4%      -4.8% → +10.1%
  AVGO    20  30%W -0.3%  45%W -0.2%  45%W -0.2%  55%W +0.2%  50%W -0.4%  45%W -0.6%       -3.1% → +4.5%
  MRVL    20  35%W -0.6%  50%W -0.0%  45%W -0.3%  50%W +0.4%  40%W -1.0%  40%W -0.8%       -6.1% → +9.0%
  QCOM    20  40%W -0.3%  40%W -0.5%  45%W -0.4%  55%W +0.1%  40%W -0.7%  40%W -0.7%       -2.7% → +6.3%
  SNPS    20  35%W -0.5%  40%W -0.4%  40%W -0.4%  55%W +0.0%  35%W -0.7%  30%W -0.6%       -3.3% → +6.0%
Pre-session top-2 (9:25, 20d EOD win rate) — 2022-11-03  OR: 09:30/3b
  #1 LLY    +15m 60%W +0.2%  +30m 50%W -0.0%  +1h 70%W +0.3%  +2h 60%W +0.4%  +5h 60%W +0.3%  EOD 60%W +0.2%  EOD range -2.6% → +3.4%
  #2 SNOW   +15m 40%W -0.2%  +30m 55%W +0.4%  +1h 40%W -0.4%  +2h 55%W +0.7%  +5h 45%W -0.2%  EOD 55%W +0.5%  EOD range -8.0% → +6.2%
  Ticker   N          +15m          +30m           +1h           +2h           +5h           EOD           EOD range
  ----------------------------------------------------------------------------------------------------------------------
  LLY     20  60%W +0.2%  50%W -0.0%  70%W +0.3%  60%W +0.4%  60%W +0.3%  60%W +0.2%       -2.6% → +3.4%
  SNOW    20  40%W -0.2%  55%W +0.4%  40%W -0.4%  55%W +0.7%  45%W -0.2%  55%W +0.5%       -8.0% → +6.2%
  APP     20  35%W -0.4%  45%W -0.2%  50%W +0.0%  45%W -0.3%  40%W -0.4%  50%W -0.4%       -6.7% → +5.2%
  PLTR    20  35%W -0.4%  50%W -0.1%  55%W +0.3%  60%W +0.4%  55%W +0.1%  50%W +0.4%       -6.6% → +5.3%
  CHTR    20  45%W -0.1%  30%W -0.3%  35%W -0.3%  55%W +0.1%  45%W -0.1%  50%W +0.1%       -5.6% → +5.9%
  TSLA    20  30%W -0.5%  40%W -0.1%  40%W -0.5%  60%W +0.3%  50%W -0.1%  50%W -0.0%       -6.9% → +6.2%
  AMD     20  35%W -0.4%  50%W +0.1%  45%W -0.5%  60%W +0.6%  50%W +0.0%  50%W -0.2%       -7.8% → +5.5%
  SPOT    20  45%W -0.2%  55%W +0.1%  50%W +0.0%  65%W +0.8%  45%W -0.5%  45%W -0.4%      -4.8% → +10.1%
  DDOG    20  30%W -0.5%  45%W -0.2%  45%W -0.1%  55%W +0.1%  40%W -0.9%  45%W -0.5%       -6.5% → +4.0%
  META    20  40%W -0.0%  55%W +0.1%  60%W +0.3%  70%W +0.3%  45%W -0.3%  40%W -0.6%       -3.3% → +4.3%
  MU      20  40%W -0.3%  50%W -0.1%  35%W -0.4%  45%W -0.3%  45%W -0.5%  40%W -1.0%       -4.0% → +5.8%
  CRWD    20  30%W -0.5%  50%W -0.2%  40%W -0.1%  45%W -0.2%  35%W -0.8%  40%W -0.6%       -6.1% → +3.8%
  AVGO    20  30%W -0.3%  50%W -0.1%  45%W -0.1%  50%W -0.0%  50%W -0.4%  40%W -0.7%       -3.1% → +4.5%
  MRVL    20  35%W -0.5%  50%W -0.2%  45%W -0.5%  45%W -0.4%  35%W -1.0%  35%W -1.0%       -6.1% → +9.0%
  QCOM    20  40%W -0.3%  40%W -0.4%  45%W -0.4%  50%W -0.0%  35%W -0.7%  35%W -0.9%       -4.6% → +6.3%
  SNPS    20  35%W -0.4%  45%W -0.2%  45%W -0.2%  55%W +0.0%  30%W -0.7%  25%W -0.8%       -3.3% → +6.0%
Pre-session top-2 (9:25, 20d EOD win rate) — 2022-11-04  OR: 09:30/3b
  #1 LLY    +15m 60%W +0.2%  +30m 50%W -0.0%  +1h 70%W +0.4%  +2h 65%W +0.4%  +5h 65%W +0.4%  EOD 65%W +0.4%  EOD range -2.6% → +3.4%
  #2 PLTR   +15m 35%W -0.4%  +30m 55%W +0.1%  +1h 60%W +0.6%  +2h 65%W +0.5%  +5h 60%W +0.2%  EOD 55%W +0.8%  EOD range -6.6% → +5.3%
  Ticker   N          +15m          +30m           +1h           +2h           +5h           EOD           EOD range
  ----------------------------------------------------------------------------------------------------------------------
  LLY     20  60%W +0.2%  50%W -0.0%  70%W +0.4%  65%W +0.4%  65%W +0.4%  65%W +0.4%       -2.6% → +3.4%
  PLTR    20  35%W -0.4%  55%W +0.1%  60%W +0.6%  65%W +0.5%  60%W +0.2%  55%W +0.8%       -6.6% → +5.3%
  CHTR    20  45%W -0.1%  30%W -0.3%  35%W -0.3%  55%W +0.1%  50%W +0.0%  55%W +0.2%       -5.6% → +5.9%
  AMD     20  40%W -0.3%  55%W +0.5%  50%W -0.1%  65%W +1.1%  55%W +0.3%  55%W +0.1%       -7.8% → +5.5%
  APP     20  40%W -0.3%  50%W -0.0%  55%W +0.2%  50%W +0.1%  40%W -0.1%  50%W -0.3%       -6.7% → +5.2%
  TSLA    20  35%W -0.5%  45%W -0.1%  45%W -0.2%  65%W +0.4%  55%W +0.3%  50%W +0.3%       -6.9% → +6.2%
  SNOW    20  40%W -0.2%  55%W +0.4%  45%W -0.4%  50%W +0.3%  45%W -0.2%  50%W -0.2%       -8.0% → +6.2%
  SPOT    20  45%W -0.2%  55%W +0.1%  55%W +0.4%  65%W +0.8%  45%W -0.5%  45%W -0.5%      -4.8% → +10.1%
  AVGO    20  35%W -0.2%  55%W +0.0%  50%W +0.1%  55%W +0.2%  55%W +0.1%  45%W -0.6%       -3.1% → +4.5%
  DDOG    20  30%W -0.5%  45%W -0.2%  50%W -0.0%  55%W +0.1%  40%W -0.9%  45%W -0.5%       -6.5% → +4.0%
  MU      20  45%W -0.1%  55%W +0.2%  40%W -0.3%  50%W -0.0%  45%W -0.5%  40%W -1.0%       -4.0% → +5.8%
  CRWD    20  30%W -0.5%  50%W -0.2%  45%W -0.1%  45%W -0.5%  35%W -0.5%  40%W -0.6%       -6.1% → +3.8%
  QCOM    20  45%W -0.2%  45%W -0.3%  50%W +0.0%  50%W -0.0%  40%W -0.7%  40%W -0.7%       -4.6% → +6.3%
  META    20  40%W -0.0%  55%W +0.1%  65%W +0.3%  65%W +0.3%  45%W -0.3%  35%W -0.6%       -3.3% → +4.3%
  MRVL    20  40%W -0.3%  55%W +0.1%  50%W -0.1%  50%W +0.4%  35%W -1.0%  35%W -1.0%       -6.1% → +9.0%
  SNPS    20  40%W -0.3%  50%W +0.1%  50%W +0.0%  55%W +0.2%  35%W -0.4%  30%W -0.6%       -3.3% → +6.0%
Pre-session top-2 (9:25, 20d EOD win rate) — 2022-11-07  OR: 09:30/3b
  #1 LLY    +15m 65%W +0.2%  +30m 50%W -0.0%  +1h 70%W +0.3%  +2h 60%W +0.3%  +5h 65%W +0.4%  EOD 65%W +0.4%  EOD range -2.6% → +3.4%
  #2 PLTR   +15m 40%W -0.3%  +30m 55%W +0.1%  +1h 60%W +0.6%  +2h 60%W +0.4%  +5h 55%W +0.2%  EOD 60%W +0.8%  EOD range -6.6% → +5.3%
  Ticker   N          +15m          +30m           +1h           +2h           +5h           EOD           EOD range
  ----------------------------------------------------------------------------------------------------------------------
  LLY     20  65%W +0.2%  50%W -0.0%  70%W +0.3%  60%W +0.3%  65%W +0.4%  65%W +0.4%       -2.6% → +3.4%
  PLTR    20  40%W -0.3%  55%W +0.1%  60%W +0.6%  60%W +0.4%  55%W +0.2%  60%W +0.8%       -6.6% → +5.3%
  CHTR    20  50%W -0.0%  35%W -0.2%  40%W -0.2%  60%W +0.2%  55%W +0.1%  60%W +0.3%       -5.6% → +5.9%
  AMD     20  45%W -0.3%  55%W +0.5%  55%W +0.4%  70%W +1.2%  60%W +0.4%  60%W +0.3%       -7.8% → +5.5%
  APP     20  45%W -0.2%  55%W +0.2%  60%W +0.2%  50%W +0.1%  40%W -0.1%  50%W -0.3%       -6.7% → +5.2%
  TSLA    20  40%W -0.4%  50%W +0.0%  50%W -0.0%  65%W +0.4%  55%W +0.3%  50%W +0.3%       -6.9% → +6.2%
  SNOW    20  45%W -0.1%  55%W +0.4%  45%W -0.4%  50%W +0.3%  45%W -0.2%  50%W -0.2%       -8.0% → +6.2%
  SPOT    20  45%W -0.2%  55%W +0.1%  55%W +0.4%  65%W +1.3%  50%W +0.1%  50%W -0.1%      -4.8% → +10.1%
  AVGO    20  40%W -0.2%  55%W +0.0%  55%W +0.3%  60%W +0.6%  60%W +0.2%  50%W -0.2%       -3.1% → +4.5%
  MU      20  50%W +0.0%  55%W +0.4%  45%W -0.2%  50%W +0.2%  45%W -0.4%  45%W -0.7%       -4.0% → +5.8%
  QCOM    20  50%W -0.0%  45%W -0.3%  50%W +0.0%  50%W -0.0%  45%W -0.6%  45%W -0.3%       -4.6% → +6.3%
  DDOG    20  30%W -0.8%  40%W -0.2%  50%W -0.0%  55%W +0.1%  40%W -0.9%  45%W -0.5%       -6.5% → +4.0%
  META    20  45%W -0.0%  55%W +0.1%  65%W +0.4%  70%W +0.3%  50%W +0.1%  40%W -0.3%       -3.3% → +4.3%
  MRVL    20  45%W -0.1%  55%W +0.2%  55%W +0.2%  50%W +0.4%  35%W -0.6%  40%W -0.8%       -5.8% → +9.0%
  CRWD    20  30%W -0.7%  45%W -0.4%  45%W -0.1%  45%W -0.6%  35%W -0.5%  40%W -0.6%       -6.1% → +3.8%
  SNPS    20  45%W -0.2%  50%W +0.1%  50%W +0.0%  55%W +0.2%  35%W -0.4%  35%W -0.5%       -3.3% → +6.0%
Pre-session top-2 (9:25, 20d EOD win rate) — 2022-11-08  OR: 09:30/3b
  #1 LLY    +15m 70%W +0.2%  +30m 55%W +0.1%  +1h 75%W +0.4%  +2h 65%W +0.4%  +5h 65%W +0.5%  EOD 70%W +0.5%  EOD range -2.6% → +3.4%
  #2 PLTR   +15m 45%W -0.2%  +30m 60%W +0.3%  +1h 60%W +0.6%  +2h 60%W +0.4%  +5h 55%W +0.2%  EOD 60%W +0.8%  EOD range -6.6% → +5.3%
  Ticker   N          +15m          +30m           +1h           +2h           +5h           EOD           EOD range
  ----------------------------------------------------------------------------------------------------------------------
  LLY     20  70%W +0.2%  55%W +0.1%  75%W +0.4%  65%W +0.4%  65%W +0.5%  70%W +0.5%       -2.6% → +3.4%
  PLTR    20  45%W -0.2%  60%W +0.3%  60%W +0.6%  60%W +0.4%  55%W +0.2%  60%W +0.8%       -6.6% → +5.3%
  CHTR    20  45%W -0.1%  35%W -0.3%  40%W -0.3%  60%W +0.2%  60%W +0.1%  60%W +0.4%       -5.6% → +5.9%
  AMD     20  50%W +0.0%  55%W +0.6%  55%W +0.5%  70%W +1.1%  60%W +0.4%  60%W +0.3%       -7.8% → +5.5%
  APP     20  50%W +0.1%  55%W +0.2%  60%W +0.2%  50%W +0.1%  45%W -0.1%  55%W +0.4%       -6.7% → +5.2%
  SNOW    20  50%W +0.0%  60%W +0.5%  50%W -0.1%  55%W +0.9%  50%W +0.2%  55%W +0.5%       -4.4% → +6.2%
  SPOT    20  50%W -0.0%  60%W +0.2%  60%W +0.5%  65%W +1.5%  55%W +0.6%  55%W +0.5%      -4.8% → +10.1%
  AVGO    20  45%W -0.1%  60%W +0.1%  60%W +0.3%  65%W +0.9%  65%W +0.2%  55%W +0.1%       -3.1% → +4.5%
  MU      20  55%W +0.1%  60%W +0.4%  45%W -0.1%  55%W +0.4%  50%W +0.1%  50%W -0.1%       -4.0% → +5.8%
  TSLA    20  45%W -0.2%  55%W +0.2%  50%W -0.0%  65%W +0.4%  55%W +0.3%  50%W +0.3%       -6.9% → +6.2%
  QCOM    20  55%W +0.1%  50%W +0.1%  55%W +0.3%  55%W +0.3%  50%W -0.2%  50%W +0.1%       -4.6% → +6.3%
  DDOG    20  35%W -0.5%  45%W -0.2%  55%W +0.1%  60%W +0.4%  45%W -0.5%  50%W -0.0%       -6.5% → +4.0%
  META    20  50%W +0.1%  60%W +0.2%  70%W +0.4%  75%W +0.3%  55%W +0.5%  45%W -0.2%       -3.3% → +4.3%
  CRWD    20  35%W -0.5%  50%W -0.1%  50%W +0.0%  50%W -0.0%  40%W -0.4%  45%W -0.5%       -6.1% → +3.8%
  MRVL    20  50%W -0.0%  60%W +0.2%  55%W +0.2%  55%W +0.7%  35%W -0.6%  40%W -0.8%       -5.8% → +9.0%
  SNPS    20  50%W +0.0%  55%W +0.2%  50%W +0.0%  60%W +0.3%  40%W -0.1%  40%W -0.4%       -3.3% → +6.0%
Pre-session top-2 (9:25, 20d EOD win rate) — 2022-11-09  OR: 09:30/3b
  #1 LLY    +15m 65%W +0.2%  +30m 55%W +0.1%  +1h 75%W +0.3%  +2h 65%W +0.4%  +5h 65%W +0.5%  EOD 70%W +0.5%  EOD range -2.6% → +3.4%
  #2 CHTR   +15m 50%W -0.0%  +30m 40%W -0.2%  +1h 45%W -0.2%  +2h 60%W +0.2%  +5h 65%W +0.4%  EOD 65%W +0.7%  EOD range -5.6% → +5.9%
  Ticker   N          +15m          +30m           +1h           +2h           +5h           EOD           EOD range
  ----------------------------------------------------------------------------------------------------------------------
  LLY     20  65%W +0.2%  55%W +0.1%  75%W +0.3%  65%W +0.4%  65%W +0.5%  70%W +0.5%       -2.6% → +3.4%
  CHTR    20  50%W -0.0%  40%W -0.2%  45%W -0.2%  60%W +0.2%  65%W +0.4%  65%W +0.7%       -5.6% → +5.9%
  PLTR    20  50%W +0.0%  65%W +0.3%  60%W +0.6%  60%W +0.4%  55%W +0.2%  60%W +0.8%       -6.6% → +5.3%
  AMD     20  50%W +0.1%  60%W +0.8%  60%W +0.6%  70%W +1.1%  55%W +0.3%  60%W +0.3%       -7.8% → +5.5%
  APP     20  55%W +0.3%  60%W +0.4%  60%W +0.4%  50%W +0.1%  45%W -0.1%  55%W +0.4%       -6.7% → +5.2%
  TSLA    20  50%W +0.0%  55%W +0.2%  55%W +0.3%  65%W +0.5%  60%W +0.7%  55%W +0.9%       -6.9% → +6.2%
  SNOW    20  55%W +0.1%  65%W +0.6%  50%W -0.1%  55%W +0.9%  50%W +0.2%  55%W +0.5%       -4.4% → +6.2%
  SPOT    20  55%W +0.1%  60%W +0.2%  60%W +0.5%  65%W +1.5%  50%W +0.3%  55%W +0.5%      -4.8% → +10.1%
  QCOM    20  60%W +0.2%  55%W +0.5%  60%W +0.6%  55%W +0.3%  50%W -0.1%  55%W +0.4%       -4.6% → +6.3%
  AVGO    20  45%W -0.1%  60%W +0.2%  60%W +0.5%  65%W +0.9%  60%W +0.2%  55%W +0.2%       -3.1% → +4.5%
  DDOG    20  40%W -0.3%  50%W -0.0%  60%W +0.1%  60%W +0.4%  45%W -0.5%  50%W -0.0%       -6.5% → +4.0%
  META    20  50%W +0.1%  65%W +0.2%  70%W +0.4%  75%W +0.3%  50%W +0.2%  45%W -0.2%       -3.3% → +4.3%
  MU      20  55%W +0.1%  55%W +0.4%  40%W -0.2%  50%W +0.2%  45%W -0.4%  45%W -0.4%       -4.0% → +5.8%
  MRVL    20  50%W -0.0%  60%W +0.2%  60%W +0.4%  55%W +0.7%  35%W -0.2%  45%W -0.6%       -5.8% → +9.0%
  CRWD    20  40%W -0.4%  55%W +0.2%  55%W +0.3%  50%W -0.0%  45%W -0.4%  45%W -0.5%       -6.1% → +3.9%
  SNPS    20  55%W +0.2%  60%W +0.3%  55%W +0.1%  65%W +0.5%  45%W -0.1%  45%W -0.2%       -3.3% → +6.0%
Pre-session top-2 (9:25, 20d EOD win rate) — 2022-11-10  OR: 09:30/3b
  #1 CHTR   +15m 50%W -0.0%  +30m 45%W -0.2%  +1h 50%W +0.0%  +2h 60%W +0.3%  +5h 65%W +0.4%  EOD 70%W +0.7%  EOD range -5.6% → +5.9%
  #2 LLY    +15m 70%W +0.2%  +30m 55%W +0.1%  +1h 75%W +0.3%  +2h 65%W +0.4%  +5h 65%W +0.5%  EOD 70%W +0.5%  EOD range -1.5% → +3.4%
  Ticker   N          +15m          +30m           +1h           +2h           +5h           EOD           EOD range
  ----------------------------------------------------------------------------------------------------------------------
  CHTR    20  50%W -0.0%  45%W -0.2%  50%W +0.0%  60%W +0.3%  65%W +0.4%  70%W +0.7%       -5.6% → +5.9%
  LLY     20  70%W +0.2%  55%W +0.1%  75%W +0.3%  65%W +0.4%  65%W +0.5%  70%W +0.5%       -1.5% → +3.4%
  PLTR    20  50%W +0.0%  70%W +0.3%  60%W +0.6%  60%W +0.4%  50%W -0.2%  55%W +0.6%       -6.6% → +5.3%
  AMD     20  50%W +0.1%  60%W +0.8%  60%W +0.6%  70%W +1.1%  50%W +0.0%  55%W +0.1%       -7.8% → +5.5%
  SNOW    20  55%W +0.1%  70%W +0.6%  55%W +0.3%  55%W +0.9%  45%W -0.2%  55%W +0.5%       -4.4% → +6.2%
  SPOT    20  55%W +0.1%  65%W +0.3%  65%W +0.5%  60%W +1.3%  45%W -0.3%  55%W +0.4%      -4.8% → +10.1%
  QCOM    20  60%W +0.2%  60%W +0.6%  60%W +0.6%  60%W +0.6%  50%W -0.1%  55%W +0.4%       -4.6% → +6.3%
  AVGO    20  50%W +0.0%  65%W +0.3%  65%W +0.5%  65%W +0.9%  55%W +0.2%  55%W +0.2%       -3.1% → +4.5%
  APP     20  55%W +0.2%  60%W +0.4%  60%W +0.4%  45%W -0.1%  40%W -0.1%  50%W -0.3%       -6.7% → +5.2%
  TSLA    20  50%W +0.0%  60%W +0.3%  55%W +0.3%  60%W +0.4%  55%W +0.3%  50%W +0.3%       -7.3% → +6.2%
  SNPS    20  60%W +0.2%  60%W +0.3%  55%W +0.1%  65%W +0.6%  45%W -0.1%  50%W -0.0%       -3.3% → +6.0%
  META    20  50%W +0.1%  70%W +0.3%  75%W +0.5%  75%W +0.3%  50%W +0.2%  45%W -0.2%       -3.3% → +4.3%
  MU      20  55%W +0.1%  55%W +0.4%  40%W -0.2%  45%W -0.1%  45%W -0.4%  45%W -0.4%       -4.0% → +5.8%
  MRVL    20  50%W -0.0%  60%W +0.2%  60%W +0.4%  55%W +0.7%  35%W -0.2%  45%W -0.6%       -5.8% → +9.0%
  CRWD    20  40%W -0.3%  60%W +0.4%  60%W +0.5%  55%W +0.4%  40%W -0.5%  45%W -0.3%       -6.1% → +3.9%
  DDOG    20  40%W -0.2%  55%W +0.1%  65%W +0.2%  65%W +0.7%  45%W -0.9%  45%W -0.5%       -6.5% → +4.0%
Pre-session top-2 (9:25, 20d EOD win rate) — 2022-11-11  OR: 09:30/3b
  #1 CHTR   +15m 50%W -0.0%  +30m 40%W -0.2%  +1h 50%W +0.0%  +2h 60%W +0.3%  +5h 65%W +0.4%  EOD 70%W +0.7%  EOD range -5.6% → +1.6%
  #2 LLY    +15m 70%W +0.2%  +30m 60%W +0.2%  +1h 70%W +0.3%  +2h 60%W +0.3%  +5h 60%W +0.3%  EOD 70%W +0.5%  EOD range -1.5% → +2.4%
  Ticker   N          +15m          +30m           +1h           +2h           +5h           EOD           EOD range
  ----------------------------------------------------------------------------------------------------------------------
  CHTR    20  50%W -0.0%  40%W -0.2%  50%W +0.0%  60%W +0.3%  65%W +0.4%  70%W +0.7%       -5.6% → +1.6%
  LLY     20  70%W +0.2%  60%W +0.2%  70%W +0.3%  60%W +0.3%  60%W +0.3%  70%W +0.5%       -1.5% → +2.4%
  AMD     20  50%W +0.1%  60%W +0.8%  60%W +0.6%  70%W +1.1%  50%W +0.0%  55%W +0.1%       -7.8% → +5.6%
  SNOW    20  60%W +0.4%  70%W +0.6%  55%W +0.4%  55%W +0.9%  40%W -0.3%  55%W +0.5%       -4.4% → +6.2%
  SPOT    20  60%W +0.3%  65%W +0.4%  65%W +0.5%  60%W +1.3%  45%W -0.3%  55%W +0.4%      -4.8% → +10.1%
  QCOM    20  60%W +0.2%  60%W +0.6%  60%W +0.6%  60%W +0.6%  50%W -0.1%  55%W +0.4%       -4.6% → +4.3%
  AVGO    20  50%W +0.0%  65%W +0.2%  65%W +0.5%  65%W +0.9%  55%W +0.2%  55%W +0.2%       -3.1% → +3.5%
  APP     20  60%W +0.3%  60%W +0.4%  60%W +0.4%  45%W -0.1%  40%W -0.1%  50%W -0.3%       -6.7% → +8.5%
  PLTR    20  55%W +0.2%  70%W +0.4%  60%W +0.6%  55%W +0.2%  45%W -0.6%  50%W +0.3%       -6.6% → +5.3%
  TSLA    20  50%W +0.0%  60%W +0.3%  55%W +0.4%  60%W +0.4%  50%W -0.3%  50%W +0.3%       -7.3% → +3.8%
  SNPS    20  55%W +0.1%  55%W +0.2%  50%W +0.0%  60%W +0.5%  45%W -0.1%  50%W -0.0%       -3.3% → +3.3%
  META    20  50%W +0.1%  70%W +0.5%  75%W +0.5%  75%W +0.3%  50%W +0.2%  45%W -0.2%       -3.3% → +4.8%
  MU      20  55%W +0.1%  55%W +0.4%  40%W -0.2%  45%W -0.1%  45%W -0.4%  45%W -0.4%       -4.0% → +2.9%
  MRVL    20  55%W +0.0%  60%W +0.2%  60%W +0.4%  55%W +0.7%  35%W -0.2%  45%W -0.6%       -5.8% → +5.4%
  CRWD    20  45%W -0.2%  60%W +0.4%  55%W +0.3%  55%W +0.4%  35%W -0.5%  45%W -0.3%       -6.1% → +3.9%
  DDOG    20  40%W -0.1%  55%W +0.3%  65%W +0.2%  65%W +0.7%  40%W -0.9%  45%W -0.5%       -6.5% → +3.9%
Pre-session top-2 (9:25, 20d EOD win rate) — 2022-11-14  OR: 09:30/3b
  #1 CHTR   +15m 55%W +0.1%  +30m 45%W -0.1%  +1h 55%W +0.3%  +2h 60%W +0.6%  +5h 70%W +0.6%  EOD 75%W +0.8%  EOD range -5.6% → +4.7%
  #2 LLY    +15m 70%W +0.2%  +30m 60%W +0.2%  +1h 70%W +0.3%  +2h 60%W +0.3%  +5h 60%W +0.3%  EOD 70%W +0.5%  EOD range -2.2% → +2.4%
  Ticker   N          +15m          +30m           +1h           +2h           +5h           EOD           EOD range
  ----------------------------------------------------------------------------------------------------------------------
  CHTR    20  55%W +0.1%  45%W -0.1%  55%W +0.3%  60%W +0.6%  70%W +0.6%  75%W +0.8%       -5.6% → +4.7%
  LLY     20  70%W +0.2%  60%W +0.2%  70%W +0.3%  60%W +0.3%  60%W +0.3%  70%W +0.5%       -2.2% → +2.4%
  AMD     20  50%W +0.2%  65%W +0.9%  65%W +0.9%  75%W +1.2%  55%W +0.3%  60%W +0.3%       -7.8% → +5.6%
  SNOW    20  65%W +0.4%  75%W +0.7%  60%W +0.7%  60%W +1.2%  45%W -0.2%  60%W +0.6%       -4.4% → +7.3%
  SPOT    20  60%W +0.3%  70%W +0.7%  70%W +0.6%  65%W +1.5%  50%W +0.3%  60%W +0.6%      -4.8% → +10.1%
  QCOM    20  65%W +0.2%  65%W +0.6%  65%W +0.7%  65%W +0.6%  55%W +0.3%  60%W +0.6%       -4.6% → +4.3%
  AVGO    20  55%W +0.2%  70%W +0.3%  70%W +0.5%  70%W +0.9%  60%W +0.4%  60%W +0.4%       -3.1% → +3.5%
  APP     20  60%W +0.3%  65%W +0.5%  65%W +0.6%  50%W +0.1%  45%W -0.1%  55%W +0.4%       -6.7% → +8.5%
  PLTR    20  55%W +0.2%  75%W +0.8%  65%W +0.8%  60%W +0.4%  50%W -0.2%  55%W +0.6%       -5.4% → +9.2%
  TSLA    20  50%W +0.1%  65%W +0.4%  60%W +0.8%  65%W +0.5%  55%W +0.3%  55%W +0.9%       -7.3% → +5.6%
  SNPS    20  55%W +0.1%  60%W +0.3%  55%W +0.1%  65%W +0.6%  50%W +0.0%  55%W +0.2%       -3.3% → +3.3%
  META    20  50%W +0.1%  75%W +0.5%  80%W +0.6%  75%W +0.3%  55%W +0.6%  50%W +0.2%       -3.3% → +4.8%
  MU      20  60%W +0.3%  60%W +0.7%  45%W -0.1%  50%W +0.2%  50%W +0.1%  50%W +0.0%       -4.0% → +3.3%
  MRVL    20  55%W +0.0%  65%W +0.3%  65%W +0.4%  55%W +0.7%  40%W -0.1%  50%W -0.1%       -5.8% → +5.4%
  CRWD    20  50%W -0.1%  65%W +0.6%  60%W +0.5%  60%W +0.5%  40%W -0.4%  50%W -0.0%       -6.1% → +3.9%
  DDOG    20  40%W -0.1%  60%W +0.7%  70%W +0.3%  70%W +0.9%  45%W -0.9%  50%W +0.0%       -4.0% → +3.9%
Pre-session top-2 (9:25, 20d EOD win rate) — 2022-11-15  OR: 09:30/3b
  #1 LLY    +15m 70%W +0.2%  +30m 60%W +0.2%  +1h 70%W +0.4%  +2h 65%W +0.4%  +5h 65%W +0.5%  EOD 75%W +0.6%  EOD range -2.2% → +2.8%
  #2 CHTR   +15m 60%W +0.2%  +30m 50%W +0.0%  +1h 55%W +0.5%  +2h 60%W +0.4%  +5h 70%W +0.4%  EOD 70%W +0.7%  EOD range -5.6% → +4.7%
  Ticker   N          +15m          +30m           +1h           +2h           +5h           EOD           EOD range
  ----------------------------------------------------------------------------------------------------------------------
  LLY     20  70%W +0.2%  60%W +0.2%  70%W +0.4%  65%W +0.4%  65%W +0.5%  75%W +0.6%       -2.2% → +2.8%
  CHTR    20  60%W +0.2%  50%W +0.0%  55%W +0.5%  60%W +0.4%  70%W +0.4%  70%W +0.7%       -5.6% → +4.7%
  AMD     20  55%W +0.4%  70%W +1.1%  70%W +0.9%  75%W +1.3%  60%W +0.7%  65%W +0.3%       -7.8% → +5.6%
  SNOW    20  65%W +0.4%  75%W +0.7%  60%W +0.7%  60%W +1.2%  45%W -0.2%  60%W +0.6%       -4.4% → +7.3%
  SNPS    20  55%W +0.1%  60%W +0.3%  55%W +0.1%  65%W +0.6%  55%W +0.2%  60%W +0.2%       -3.3% → +3.3%
  SPOT    20  60%W +0.3%  70%W +0.8%  65%W +0.5%  65%W +1.4%  50%W +0.2%  60%W +0.4%      -4.8% → +10.1%
  QCOM    20  65%W +0.2%  70%W +0.7%  70%W +0.7%  70%W +0.9%  60%W +0.4%  60%W +0.6%       -4.6% → +4.3%
  AVGO    20  60%W +0.2%  75%W +0.4%  75%W +0.6%  75%W +0.9%  65%W +0.4%  60%W +0.4%       -3.1% → +3.5%
  APP     20  60%W +0.3%  65%W +0.6%  65%W +0.6%  50%W +0.1%  45%W -0.1%  55%W +0.4%       -6.7% → +8.5%
  MU      20  65%W +0.4%  65%W +0.7%  50%W +0.1%  55%W +0.5%  55%W +0.4%  55%W +0.5%       -4.0% → +3.3%
  MRVL    20  55%W +0.2%  65%W +0.3%  65%W +0.4%  60%W +1.0%  45%W -0.0%  55%W +0.4%       -5.8% → +5.4%
  PLTR    20  55%W +0.2%  75%W +0.8%  65%W +0.8%  60%W +0.4%  50%W -0.2%  55%W +0.6%       -5.4% → +9.2%
  TSLA    20  50%W +0.1%  65%W +0.4%  60%W +0.8%  65%W +0.5%  55%W +0.3%  55%W +0.9%       -7.3% → +5.6%
  META    20  55%W +0.2%  75%W +0.6%  80%W +0.7%  75%W +0.3%  55%W +0.6%  50%W +0.2%       -3.3% → +4.8%
  CRWD    20  50%W -0.1%  65%W +0.6%  60%W +0.4%  60%W +0.5%  40%W -0.4%  50%W -0.0%       -6.1% → +3.9%
  DDOG    20  40%W -0.1%  60%W +0.7%  70%W +0.2%  70%W +0.9%  45%W -0.9%  45%W -0.1%       -4.0% → +3.9%
Pre-session top-2 (9:25, 20d EOD win rate) — 2022-11-16  OR: 09:30/3b
  #1 CHTR   +15m 65%W +0.3%  +30m 55%W +0.4%  +1h 60%W +0.7%  +2h 65%W +0.7%  +5h 70%W +0.4%  EOD 70%W +0.7%  EOD range -5.6% → +4.7%
  #2 LLY    +15m 70%W +0.2%  +30m 55%W +0.2%  +1h 70%W +0.4%  +2h 65%W +0.4%  +5h 65%W +0.5%  EOD 70%W +0.5%  EOD range -2.2% → +2.8%
  Ticker   N          +15m          +30m           +1h           +2h           +5h           EOD           EOD range
  ----------------------------------------------------------------------------------------------------------------------
  CHTR    20  65%W +0.3%  55%W +0.4%  60%W +0.7%  65%W +0.7%  70%W +0.4%  70%W +0.7%       -5.6% → +4.7%
  LLY     20  70%W +0.2%  55%W +0.2%  70%W +0.4%  65%W +0.4%  65%W +0.5%  70%W +0.5%       -2.2% → +2.8%
  AMD     20  60%W +0.5%  75%W +1.4%  75%W +0.9%  80%W +1.3%  60%W +0.7%  65%W +0.3%       -7.8% → +5.6%
  SNOW    20  65%W +0.7%  75%W +0.7%  65%W +0.9%  65%W +1.3%  50%W +0.1%  65%W +0.7%       -4.4% → +7.3%
  SNPS    20  60%W +0.2%  65%W +0.4%  60%W +0.2%  70%W +0.6%  60%W +0.2%  65%W +0.2%       -3.3% → +3.3%
  SPOT    20  65%W +0.5%  70%W +0.8%  65%W +0.5%  70%W +1.4%  55%W +0.5%  65%W +0.6%      -4.8% → +10.1%
  QCOM    20  70%W +0.3%  75%W +0.7%  75%W +0.7%  75%W +1.1%  60%W +0.4%  65%W +0.6%       -4.6% → +4.3%
  PLTR    20  55%W +0.2%  75%W +0.8%  65%W +0.9%  65%W +0.7%  55%W +0.2%  60%W +0.8%       -5.4% → +9.2%
  AVGO    20  65%W +0.3%  80%W +0.4%  75%W +0.6%  80%W +0.9%  65%W +0.4%  60%W +0.4%       -3.1% → +3.5%
  META    20  60%W +0.2%  75%W +0.6%  80%W +0.7%  80%W +0.3%  55%W +0.6%  55%W +0.4%       -3.3% → +4.8%
  MU      20  70%W +0.5%  70%W +0.7%  55%W +0.4%  60%W +0.5%  55%W +0.4%  55%W +0.5%       -4.0% → +3.3%
  MRVL    20  60%W +0.5%  70%W +0.5%  70%W +0.4%  65%W +1.2%  45%W -0.0%  55%W +0.4%       -5.8% → +5.4%
  CRWD    20  55%W +0.0%  65%W +0.6%  60%W +0.5%  65%W +0.6%  45%W -0.4%  55%W +0.2%       -6.1% → +3.9%
  TSLA    20  55%W +0.2%  70%W +0.4%  65%W +1.0%  70%W +0.7%  55%W +0.3%  55%W +0.9%       -7.3% → +5.6%
  APP     20  60%W +0.3%  65%W +0.6%  60%W +0.4%  45%W -0.1%  45%W -0.1%  50%W +0.0%       -6.7% → +8.5%
  DDOG    20  45%W -0.1%  65%W +1.0%  75%W +0.3%  75%W +0.9%  50%W -0.3%  50%W +0.1%       -4.0% → +3.9%
Pre-session top-2 (9:25, 20d EOD win rate) — 2022-11-17  OR: 09:30/3b
  #1 CHTR   +15m 65%W +0.3%  +30m 50%W +0.1%  +1h 55%W +0.5%  +2h 65%W +0.4%  +5h 65%W +0.4%  EOD 70%W +0.7%  EOD range -5.6% → +4.7%
  #2 LLY    +15m 70%W +0.2%  +30m 55%W +0.2%  +1h 75%W +0.4%  +2h 65%W +0.4%  +5h 65%W +0.5%  EOD 70%W +0.5%  EOD range -2.2% → +2.8%
  Ticker   N          +15m          +30m           +1h           +2h           +5h           EOD           EOD range
  ----------------------------------------------------------------------------------------------------------------------
  CHTR    20  65%W +0.3%  50%W +0.1%  55%W +0.5%  65%W +0.4%  65%W +0.4%  70%W +0.7%       -5.6% → +4.7%
  LLY     20  70%W +0.2%  55%W +0.2%  75%W +0.4%  65%W +0.4%  65%W +0.5%  70%W +0.5%       -2.2% → +2.8%
  SNPS    20  60%W +0.2%  60%W +0.3%  55%W +0.1%  70%W +0.6%  60%W +0.3%  65%W +0.2%       -3.3% → +3.3%
  PLTR    20  55%W +0.4%  70%W +0.5%  60%W +0.8%  60%W +0.7%  55%W +0.2%  60%W +0.8%       -5.4% → +9.2%
  AMD     20  60%W +0.6%  70%W +1.1%  70%W +0.9%  80%W +1.3%  55%W +0.7%  60%W +0.2%       -7.8% → +5.6%
  SNOW    20  65%W +0.7%  70%W +0.6%  60%W +0.7%  60%W +1.2%  45%W -0.2%  60%W +0.6%       -4.4% → +7.3%
  SPOT    20  65%W +0.5%  70%W +0.7%  65%W +0.5%  70%W +1.1%  50%W +0.2%  60%W +0.4%      -4.8% → +10.1%
  QCOM    20  70%W +0.3%  70%W +0.7%  70%W +0.7%  70%W +0.8%  55%W +0.3%  60%W +0.4%       -4.6% → +4.3%
  META    20  65%W +0.3%  75%W +0.5%  75%W +0.6%  75%W +0.3%  55%W +0.6%  55%W +0.4%       -3.3% → +4.8%
  CRWD    20  50%W +0.0%  60%W +0.6%  55%W +0.4%  60%W +0.6%  45%W -0.4%  55%W +0.2%       -6.1% → +3.9%
  AVGO    20  65%W +0.2%  75%W +0.4%  70%W +0.5%  80%W +0.9%  60%W +0.2%  55%W +0.2%       -3.1% → +3.5%
  APP     20  60%W +0.3%  60%W +0.6%  55%W +0.2%  50%W +0.1%  50%W +0.2%  50%W +0.1%       -6.7% → +8.5%
  MU      20  70%W +0.4%  65%W +0.7%  50%W +0.1%  55%W +0.5%  50%W +0.1%  50%W +0.0%       -4.0% → +3.3%
  MRVL    20  60%W +0.5%  65%W +0.3%  65%W +0.4%  60%W +1.0%  40%W -0.1%  50%W -0.1%       -5.8% → +5.4%
  TSLA    20  50%W +0.1%  65%W +0.4%  60%W +0.7%  65%W +0.5%  50%W -0.3%  50%W +0.3%       -7.3% → +5.6%
  DDOG    20  50%W +0.1%  65%W +1.0%  70%W +0.3%  70%W +0.9%  50%W -0.3%  50%W +0.1%       -4.0% → +3.9%
Pre-session top-2 (9:25, 20d EOD win rate) — 2022-11-18  OR: 09:30/3b
  #1 CHTR   +15m 60%W +0.2%  +30m 50%W +0.1%  +1h 55%W +0.4%  +2h 65%W +0.3%  +5h 65%W +0.4%  EOD 70%W +0.6%  EOD range -5.6% → +4.7%
  #2 SNPS   +15m 55%W +0.1%  +30m 60%W +0.2%  +1h 50%W +0.0%  +2h 65%W +0.4%  +5h 65%W +0.3%  EOD 70%W +0.2%  EOD range -3.3% → +3.3%
  Ticker   N          +15m          +30m           +1h           +2h           +5h           EOD           EOD range
  ----------------------------------------------------------------------------------------------------------------------
  CHTR    20  60%W +0.2%  50%W +0.1%  55%W +0.4%  65%W +0.3%  65%W +0.4%  70%W +0.6%       -5.6% → +4.7%
  SNPS    20  55%W +0.1%  60%W +0.2%  50%W +0.0%  65%W +0.4%  65%W +0.3%  70%W +0.2%       -3.3% → +3.3%
  LLY     20  70%W +0.2%  55%W +0.2%  75%W +0.4%  65%W +0.4%  65%W +0.5%  70%W +0.6%       -2.2% → +2.8%
  AMD     20  55%W +0.4%  65%W +0.9%  65%W +0.7%  75%W +1.2%  55%W +0.7%  65%W +0.4%       -7.8% → +5.6%
  SPOT    20  60%W +0.3%  65%W +0.4%  60%W +0.5%  65%W +0.8%  55%W +0.5%  65%W +0.5%      -4.8% → +10.1%
  QCOM    20  65%W +0.2%  70%W +0.6%  65%W +0.6%  65%W +0.8%  60%W +0.3%  65%W +0.6%       -4.6% → +4.3%
  META    20  60%W +0.2%  75%W +0.5%  75%W +0.5%  75%W +0.3%  60%W +0.6%  60%W +0.6%       -3.3% → +4.8%
  AVGO    20  60%W +0.1%  75%W +0.4%  65%W +0.5%  75%W +0.8%  60%W +0.2%  60%W +0.4%       -3.1% → +3.5%
  MU      20  65%W +0.4%  65%W +0.6%  45%W -0.1%  50%W +0.2%  55%W +0.4%  55%W +0.5%       -4.0% → +3.3%
  MRVL    20  55%W +0.2%  60%W +0.2%  65%W +0.3%  60%W +0.7%  45%W -0.0%  55%W +0.4%       -5.8% → +5.4%
  PLTR    20  50%W +0.1%  65%W +0.1%  55%W +0.5%  55%W +0.4%  50%W -0.1%  55%W +0.6%       -5.4% → +9.2%
  SNOW    20  60%W +0.4%  65%W +0.5%  55%W +0.4%  55%W +0.9%  45%W -0.2%  55%W +0.6%       -4.4% → +7.3%
  APP     20  55%W +0.2%  55%W +0.4%  50%W +0.1%  45%W -0.1%  55%W +0.3%  50%W +0.1%       -6.7% → +8.5%
  CRWD    20  45%W -0.1%  55%W +0.4%  50%W +0.1%  55%W +0.5%  45%W -0.4%  50%W -0.0%       -6.1% → +3.9%
  TSLA    20  45%W -0.0%  60%W +0.3%  55%W +0.4%  60%W +0.4%  45%W -0.7%  45%W -0.4%       -7.3% → +5.6%
  DDOG    20  45%W -0.1%  60%W +0.7%  65%W +0.2%  65%W +0.9%  50%W -0.4%  45%W -0.1%       -4.0% → +3.9%
Pre-session top-2 (9:25, 20d EOD win rate) — 2022-11-21  OR: 09:30/3b
  #1 CHTR   +15m 55%W +0.1%  +30m 45%W -0.1%  +1h 55%W +0.4%  +2h 60%W +0.3%  +5h 60%W +0.2%  EOD 65%W +0.5%  EOD range -5.6% → +4.7%
  #2 SNPS   +15m 50%W +0.0%  +30m 55%W +0.1%  +1h 45%W -0.1%  +2h 60%W +0.3%  +5h 60%W +0.3%  EOD 65%W +0.2%  EOD range -3.3% → +2.9%
  Ticker   N          +15m          +30m           +1h           +2h           +5h           EOD           EOD range
  ----------------------------------------------------------------------------------------------------------------------
  CHTR    20  55%W +0.1%  45%W -0.1%  55%W +0.4%  60%W +0.3%  60%W +0.2%  65%W +0.5%       -5.6% → +4.7%
  SNPS    20  50%W +0.0%  55%W +0.1%  45%W -0.1%  60%W +0.3%  60%W +0.3%  65%W +0.2%       -3.3% → +2.9%
  LLY     20  65%W +0.2%  50%W -0.0%  70%W +0.4%  60%W +0.3%  60%W +0.3%  65%W +0.5%       -2.2% → +2.8%
  QCOM    20  60%W +0.1%  65%W +0.4%  65%W +0.5%  60%W +0.4%  60%W +0.3%  65%W +0.6%       -4.6% → +4.3%
  AMD     20  50%W +0.1%  60%W +0.8%  60%W +0.5%  70%W +1.1%  50%W +0.2%  60%W +0.2%       -7.8% → +5.6%
  SPOT    20  55%W +0.1%  60%W +0.2%  55%W +0.4%  60%W +0.4%  50%W +0.2%  60%W +0.4%      -4.8% → +10.1%
  AVGO    20  55%W +0.1%  70%W +0.4%  60%W +0.4%  70%W +0.7%  55%W +0.2%  60%W +0.2%       -3.1% → +3.5%
  META    20  55%W +0.2%  70%W +0.4%  70%W +0.4%  70%W +0.2%  55%W +0.5%  55%W +0.4%       -3.3% → +4.8%
  MU      20  60%W +0.2%  60%W +0.4%  45%W -0.1%  45%W -0.1%  50%W +0.1%  50%W +0.0%       -4.0% → +3.3%
  MRVL    20  50%W -0.0%  55%W +0.2%  65%W +0.2%  60%W +0.6%  40%W -0.1%  50%W -0.1%       -5.8% → +5.4%
  PLTR    20  45%W -0.2%  60%W +0.1%  50%W +0.1%  50%W +0.1%  45%W -0.6%  50%W +0.3%       -5.4% → +9.2%
  SNOW    20  55%W +0.2%  60%W +0.4%  55%W +0.4%  50%W +0.3%  40%W -0.3%  50%W -0.1%       -4.4% → +7.3%
  APP     20  50%W +0.1%  50%W +0.1%  50%W -0.0%  40%W -0.2%  50%W +0.2%  45%W -0.3%       -6.7% → +8.5%
  CRWD    20  40%W -0.2%  50%W +0.0%  50%W +0.1%  50%W +0.1%  40%W -0.5%  45%W -0.3%       -6.1% → +3.9%
  TSLA    20  40%W -0.1%  55%W +0.2%  50%W -0.2%  55%W +0.2%  40%W -0.8%  40%W -0.4%       -7.3% → +5.6%
  DDOG    20  40%W -0.2%  55%W +0.3%  65%W +0.2%  60%W +0.7%  45%W -0.9%  40%W -0.4%       -4.0% → +3.9%
Pre-session top-2 (9:25, 20d EOD win rate) — 2022-11-22  OR: 09:30/3b
  #1 LLY    +15m 65%W +0.2%  +30m 55%W +0.2%  +1h 70%W +0.4%  +2h 60%W +0.3%  +5h 60%W +0.5%  EOD 70%W +0.6%  EOD range -2.2% → +2.8%
  #2 SNPS   +15m 50%W +0.0%  +30m 60%W +0.2%  +1h 45%W -0.1%  +2h 60%W +0.3%  +5h 60%W +0.3%  EOD 65%W +0.2%  EOD range -3.3% → +2.9%
  Ticker   N          +15m          +30m           +1h           +2h           +5h           EOD           EOD range
  ----------------------------------------------------------------------------------------------------------------------
  LLY     20  65%W +0.2%  55%W +0.2%  70%W +0.4%  60%W +0.3%  60%W +0.5%  70%W +0.6%       -2.2% → +2.8%
  SNPS    20  50%W +0.0%  60%W +0.2%  45%W -0.1%  60%W +0.3%  60%W +0.3%  65%W +0.2%       -3.3% → +2.9%
  CHTR    20  55%W +0.1%  45%W -0.1%  55%W +0.4%  60%W +0.3%  60%W +0.2%  60%W +0.5%       -5.6% → +4.7%
  QCOM    20  60%W +0.1%  65%W +0.4%  65%W +0.5%  55%W +0.4%  55%W +0.2%  60%W +0.4%       -4.6% → +4.3%
  AVGO    20  55%W +0.1%  70%W +0.4%  60%W +0.4%  70%W +0.7%  55%W +0.2%  60%W +0.2%       -3.1% → +3.5%
  AMD     20  50%W +0.1%  60%W +0.8%  60%W +0.5%  65%W +0.9%  45%W -0.2%  55%W +0.0%       -7.8% → +5.6%
  SPOT    20  55%W +0.1%  60%W +0.2%  55%W +0.4%  55%W +0.2%  45%W -0.1%  55%W +0.2%       -4.8% → +5.4%
  META    20  55%W +0.2%  65%W +0.2%  65%W +0.3%  65%W +0.2%  50%W +0.2%  50%W -0.0%       -3.3% → +4.8%
  MRVL    20  50%W -0.0%  55%W +0.2%  65%W +0.2%  60%W +0.6%  40%W -0.1%  50%W -0.1%       -5.8% → +5.4%
  PLTR    20  45%W -0.2%  60%W +0.1%  50%W +0.1%  50%W +0.1%  40%W -0.6%  50%W +0.1%       -5.4% → +9.2%
  MU      20  65%W +0.3%  65%W +0.4%  45%W -0.1%  45%W -0.0%  45%W -0.3%  45%W -0.2%       -4.0% → +3.3%
  SNOW    20  55%W +0.2%  60%W +0.4%  55%W +0.4%  50%W +0.3%  35%W -0.5%  45%W -0.8%       -4.4% → +7.3%
  APP     20  50%W -0.0%  45%W -0.1%  45%W -0.4%  35%W -0.3%  45%W -0.2%  40%W -0.7%       -6.7% → +8.5%
  CRWD    20  40%W -0.2%  50%W +0.1%  50%W +0.1%  45%W -0.3%  35%W -0.5%  40%W -0.5%       -6.1% → +3.9%
  TSLA    20  40%W -0.1%  55%W +0.2%  50%W -0.2%  50%W +0.1%  35%W -1.0%  35%W -0.9%       -7.3% → +5.6%
  DDOG    20  40%W -0.2%  55%W +0.3%  65%W +0.2%  55%W +0.7%  40%W -1.0%  35%W -0.7%       -4.0% → +3.9%
Pre-session top-2 (9:25, 20d EOD win rate) — 2022-11-23  OR: 09:30/3b
  #1 SNPS   +15m 55%W +0.0%  +30m 60%W +0.2%  +1h 50%W -0.0%  +2h 60%W +0.3%  +5h 65%W +0.3%  EOD 70%W +0.2%  EOD range -3.3% → +2.9%
  #2 LLY    +15m 60%W +0.2%  +30m 50%W +0.0%  +1h 70%W +0.3%  +2h 55%W +0.1%  +5h 55%W +0.3%  EOD 70%W +0.5%  EOD range -2.2% → +2.8%
  Ticker   N          +15m          +30m           +1h           +2h           +5h           EOD           EOD range
  ----------------------------------------------------------------------------------------------------------------------
  SNPS    20  55%W +0.0%  60%W +0.2%  50%W -0.0%  60%W +0.3%  65%W +0.3%  70%W +0.2%       -3.3% → +2.9%
  LLY     20  60%W +0.2%  50%W +0.0%  70%W +0.3%  55%W +0.1%  55%W +0.3%  70%W +0.5%       -2.2% → +2.8%
  QCOM    20  60%W +0.1%  65%W +0.4%  70%W +0.6%  60%W +0.6%  60%W +0.3%  65%W +0.7%       -4.6% → +4.3%
  AVGO    20  60%W +0.1%  75%W +0.4%  65%W +0.5%  75%W +0.7%  60%W +0.4%  65%W +0.4%       -3.1% → +3.5%
  CHTR    20  55%W +0.2%  50%W +0.1%  60%W +0.6%  60%W +0.3%  60%W +0.4%  60%W +0.5%       -5.6% → +4.7%
  SPOT    20  55%W +0.3%  65%W +0.4%  60%W +0.5%  55%W +0.2%  50%W +0.2%  60%W +0.4%       -4.8% → +7.0%
  AMD     20  50%W +0.1%  60%W +0.8%  60%W +0.5%  65%W +0.9%  45%W -0.2%  55%W +0.0%       -7.8% → +5.6%
  META    20  60%W +0.2%  70%W +0.4%  70%W +0.4%  65%W +0.2%  50%W +0.2%  50%W -0.0%       -3.3% → +4.8%
  MU      20  70%W +0.3%  70%W +0.6%  50%W -0.0%  50%W +0.2%  50%W +0.1%  50%W +0.3%       -4.0% → +3.3%
  MRVL    20  50%W -0.0%  55%W +0.2%  65%W +0.2%  60%W +0.6%  40%W -0.1%  50%W -0.1%       -5.8% → +5.4%
  PLTR    20  50%W +0.1%  65%W +0.1%  55%W +0.5%  50%W +0.1%  40%W -0.6%  50%W +0.1%       -5.4% → +9.2%
  CRWD    20  45%W -0.1%  55%W +0.4%  55%W +0.4%  50%W +0.2%  40%W -0.5%  45%W -0.3%       -6.1% → +3.9%
  SNOW    20  55%W +0.4%  60%W +0.5%  60%W +0.7%  50%W +0.6%  40%W -0.5%  45%W -0.8%       -4.4% → +7.3%
  APP     20  55%W +0.2%  50%W +0.1%  50%W -0.0%  40%W -0.2%  50%W +0.2%  40%W -0.7%       -6.7% → +8.5%
  TSLA    20  40%W -0.1%  55%W +0.2%  50%W -0.2%  45%W -0.2%  30%W -1.0%  35%W -0.9%       -7.3% → +5.6%
  DDOG    20  40%W -0.2%  55%W +0.1%  65%W +0.3%  55%W +0.3%  40%W -1.0%  35%W -0.7%       -4.0% → +3.9%
Pre-session top-2 (9:25, 20d EOD win rate) — 2022-11-25  OR: 09:30/3b
  #1 SNPS   +15m 55%W +0.0%  +30m 60%W +0.2%  +1h 50%W -0.0%  +2h 60%W +0.3%  +5h 70%W +0.3%  EOD 75%W +0.2%  EOD range -3.3% → +2.9%
  #2 LLY    +15m 55%W +0.0%  +30m 45%W -0.0%  +1h 70%W +0.2%  +2h 50%W +0.0%  +5h 55%W +0.2%  EOD 70%W +0.4%  EOD range -2.2% → +2.8%
  Ticker   N          +15m          +30m           +1h           +2h           +5h           EOD           EOD range
  ----------------------------------------------------------------------------------------------------------------------
  SNPS    20  55%W +0.0%  60%W +0.2%  50%W -0.0%  60%W +0.3%  70%W +0.3%  75%W +0.2%       -3.3% → +2.9%
  LLY     20  55%W +0.0%  45%W -0.0%  70%W +0.2%  50%W +0.0%  55%W +0.2%  70%W +0.4%       -2.2% → +2.8%
  CHTR    20  55%W +0.2%  55%W +0.1%  65%W +0.7%  65%W +0.4%  65%W +0.5%  65%W +0.6%       -5.6% → +4.7%
  SPOT    20  55%W +0.3%  65%W +0.7%  60%W +0.5%  60%W +0.7%  55%W +0.5%  65%W +0.5%       -4.8% → +7.0%
  QCOM    20  60%W +0.1%  65%W +0.4%  70%W +0.6%  60%W +0.4%  55%W +0.2%  60%W +0.7%       -4.6% → +4.3%
  AVGO    20  60%W +0.1%  75%W +0.4%  65%W +0.4%  70%W +0.6%  55%W +0.2%  60%W +0.2%       -3.1% → +3.5%
  META    20  65%W +0.3%  70%W +0.5%  70%W +0.4%  60%W +0.1%  55%W +0.5%  55%W +0.3%       -3.3% → +4.8%
  MU      20  65%W +0.2%  65%W +0.4%  50%W -0.0%  50%W +0.2%  55%W +0.3%  55%W +0.6%       -4.0% → +3.3%
  PLTR    20  50%W +0.2%  65%W +0.5%  55%W +0.5%  50%W +0.1%  45%W -0.5%  55%W +0.4%       -5.4% → +9.2%
  AMD     20  50%W +0.1%  60%W +0.8%  60%W +0.5%  60%W +0.8%  45%W -0.2%  55%W +0.0%       -7.8% → +5.6%
  MRVL    20  50%W -0.0%  55%W +0.2%  65%W +0.2%  60%W +0.4%  40%W -0.1%  50%W +0.0%       -5.8% → +5.4%
  CRWD    20  45%W -0.1%  55%W +0.4%  55%W +0.4%  50%W +0.2%  45%W -0.5%  50%W -0.0%       -6.1% → +3.9%
  SNOW    20  55%W +0.5%  60%W +0.5%  60%W +0.7%  50%W +0.6%  45%W -0.3%  50%W -0.1%       -4.4% → +7.3%
  APP     20  55%W +0.2%  50%W +0.1%  50%W -0.1%  40%W -0.2%  55%W +0.3%  45%W -0.3%       -6.7% → +8.5%
  TSLA    20  45%W -0.0%  55%W +0.2%  50%W -0.2%  45%W -0.2%  35%W -1.0%  40%W -0.4%       -7.3% → +5.6%
  DDOG    20  40%W -0.2%  55%W +0.1%  65%W +0.3%  55%W +0.3%  45%W -0.9%  40%W -0.4%       -4.0% → +4.2%
Pre-session top-2 (9:25, 20d EOD win rate) — 2022-11-28  OR: 09:30/3b
  #1 SNPS   +15m 60%W +0.1%  +30m 60%W +0.2%  +1h 55%W +0.0%  +2h 65%W +0.3%  +5h 74%W +0.4%  EOD 75%W +0.2%  EOD range -3.3% → +2.9%
  #2 CHTR   +15m 55%W +0.2%  +30m 55%W +0.1%  +1h 65%W +0.7%  +2h 70%W +0.6%  +5h 68%W +0.6%  EOD 70%W +0.6%  EOD range -5.6% → +4.7%
  Ticker   N          +15m          +30m           +1h           +2h           +5h           EOD           EOD range
  ----------------------------------------------------------------------------------------------------------------------
  SNPS    20  60%W +0.1%  60%W +0.2%  55%W +0.0%  65%W +0.3%  74%W +0.4%  75%W +0.2%       -3.3% → +2.9%
  CHTR    20  55%W +0.2%  55%W +0.1%  65%W +0.7%  70%W +0.6%  68%W +0.6%  70%W +0.6%       -5.6% → +4.7%
  LLY     20  55%W +0.0%  45%W -0.0%  70%W +0.2%  50%W +0.0%  53%W +0.1%  70%W +0.4%       -2.2% → +2.8%
  SPOT    20  55%W +0.3%  65%W +0.4%  60%W +0.4%  55%W +0.2%  53%W +0.4%  60%W +0.5%       -4.8% → +7.0%
  QCOM    20  60%W +0.1%  65%W +0.4%  70%W +0.5%  60%W +0.4%  55%W +0.2%  60%W +0.7%       -4.6% → +4.3%
  AVGO    20  65%W +0.2%  75%W +0.4%  65%W +0.3%  75%W +0.6%  55%W +0.2%  60%W +0.2%       -3.1% → +3.5%
  META    20  60%W +0.2%  65%W +0.3%  65%W +0.3%  55%W +0.0%  55%W +0.5%  55%W +0.3%       -3.3% → +4.8%
  MU      20  65%W +0.2%  65%W +0.3%  55%W +0.3%  55%W +0.5%  55%W +0.3%  55%W +0.6%       -3.0% → +3.3%
  CRWD    20  50%W +0.0%  55%W +0.5%  60%W +0.7%  55%W +0.6%  50%W -0.1%  55%W +0.2%       -6.1% → +3.9%
  PLTR    20  55%W +0.5%  65%W +0.1%  50%W +0.1%  45%W -0.1%  45%W -0.2%  55%W +0.4%       -5.4% → +9.2%
  AMD     20  55%W +0.4%  60%W +0.7%  65%W +0.5%  65%W +0.8%  45%W -0.1%  55%W +0.0%       -7.8% → +5.6%
  SNOW    20  60%W +0.8%  60%W +0.6%  60%W +0.9%  55%W +1.3%  50%W +0.0%  55%W +0.7%       -4.4% → +7.3%
  APP     20  60%W +0.2%  55%W +0.2%  55%W +0.1%  45%W -0.1%  58%W +0.4%  50%W +0.1%       -6.7% → +8.5%
  MRVL    20  55%W +0.1%  55%W +0.2%  65%W +0.2%  65%W +0.6%  42%W -0.1%  50%W +0.0%       -5.8% → +5.4%
  TSLA    20  50%W +0.1%  55%W +0.4%  55%W +0.4%  50%W +0.1%  40%W -0.9%  45%W -0.1%       -7.3% → +5.6%
  DDOG    20  45%W -0.1%  55%W +0.4%  70%W +0.4%  60%W +0.7%  50%W -0.4%  45%W -0.1%       -4.0% → +4.2%
Pre-session top-2 (9:25, 20d EOD win rate) — 2022-11-29  OR: 09:30/3b
  #1 SNPS   +15m 65%W +0.1%  +30m 60%W +0.2%  +1h 50%W -0.1%  +2h 60%W +0.2%  +5h 68%W +0.3%  EOD 70%W +0.2%  EOD range -3.3% → +2.9%
  #2 CHTR   +15m 55%W +0.1%  +30m 55%W +0.1%  +1h 65%W +0.6%  +2h 70%W +0.5%  +5h 63%W +0.5%  EOD 65%W +0.5%  EOD range -5.6% → +4.7%
  Ticker   N          +15m          +30m           +1h           +2h           +5h           EOD           EOD range
  ----------------------------------------------------------------------------------------------------------------------
  SNPS    20  65%W +0.1%  60%W +0.2%  50%W -0.1%  60%W +0.2%  68%W +0.3%  70%W +0.2%       -3.3% → +2.9%
  CHTR    20  55%W +0.1%  55%W +0.1%  65%W +0.6%  70%W +0.5%  63%W +0.5%  65%W +0.5%       -5.6% → +4.7%
  LLY     20  55%W +0.0%  40%W -0.0%  70%W +0.2%  45%W -0.0%  47%W -0.0%  65%W +0.4%       -2.2% → +2.8%
  META    20  60%W +0.2%  65%W +0.3%  65%W +0.3%  55%W +0.0%  55%W +0.5%  55%W +0.3%       -3.3% → +4.8%
  CRWD    20  55%W +0.1%  55%W +0.5%  60%W +0.7%  55%W +0.6%  45%W -0.5%  55%W +0.2%       -6.1% → +3.9%
  SNOW    20  60%W +0.8%  65%W +0.6%  60%W +0.9%  55%W +1.3%  50%W +0.0%  55%W +0.7%       -4.4% → +7.3%
  SPOT    20  60%W +0.3%  60%W +0.4%  55%W +0.2%  50%W -0.1%  47%W -0.0%  55%W +0.2%       -4.8% → +7.0%
  QCOM    20  65%W +0.1%  65%W +0.4%  65%W +0.4%  55%W +0.3%  50%W -0.1%  55%W +0.4%       -4.6% → +4.3%
  AVGO    20  70%W +0.2%  80%W +0.4%  60%W +0.3%  75%W +0.6%  50%W -0.0%  55%W +0.0%       -3.1% → +3.5%
  MU      20  65%W +0.2%  65%W +0.3%  55%W +0.3%  50%W +0.2%  50%W -0.1%  50%W +0.2%       -3.0% → +3.3%
  PLTR    20  55%W +0.5%  65%W +0.1%  50%W +0.1%  45%W -0.1%  40%W -0.5%  50%W +0.1%       -5.4% → +9.2%
  AMD     20  60%W +0.4%  60%W +0.7%  60%W +0.5%  60%W +0.6%  40%W -0.3%  50%W -0.1%       -7.8% → +5.6%
  APP     20  65%W +0.2%  55%W +0.2%  55%W +0.1%  45%W -0.1%  53%W +0.4%  45%W -0.3%       -6.7% → +8.5%
  MRVL    20  60%W +0.1%  55%W +0.2%  60%W +0.2%  60%W +0.4%  37%W -0.1%  45%W -0.2%       -5.8% → +5.4%
  TSLA    20  55%W +0.2%  60%W +0.4%  55%W +0.4%  50%W +0.1%  40%W -0.9%  40%W -0.1%       -7.3% → +5.6%
  DDOG    20  50%W +0.0%  60%W +0.4%  65%W +0.4%  60%W +0.6%  45%W -0.6%  40%W -0.4%       -4.0% → +4.2%
Pre-session top-2 (9:25, 20d EOD win rate) — 2022-11-30  OR: 09:30/3b
  #1 SNPS   +15m 65%W +0.1%  +30m 55%W +0.1%  +1h 50%W -0.0%  +2h 55%W +0.1%  +5h 63%W +0.3%  EOD 70%W +0.2%  EOD range -3.3% → +2.9%
  #2 CHTR   +15m 60%W +0.2%  +30m 60%W +0.3%  +1h 65%W +0.6%  +2h 70%W +0.4%  +5h 63%W +0.3%  EOD 65%W +0.5%  EOD range -5.6% → +4.7%
  Ticker   N          +15m          +30m           +1h           +2h           +5h           EOD           EOD range
  ----------------------------------------------------------------------------------------------------------------------
  SNPS    20  65%W +0.1%  55%W +0.1%  50%W -0.0%  55%W +0.1%  63%W +0.3%  70%W +0.2%       -3.3% → +2.9%
  CHTR    20  60%W +0.2%  60%W +0.3%  65%W +0.6%  70%W +0.4%  63%W +0.3%  65%W +0.5%       -5.6% → +4.7%
  LLY     20  50%W +0.0%  40%W -0.0%  70%W +0.1%  45%W -0.0%  47%W -0.0%  65%W +0.4%       -2.2% → +2.8%
  META    20  55%W +0.2%  65%W +0.3%  70%W +0.3%  55%W +0.0%  55%W +0.5%  55%W +0.3%       -2.6% → +4.8%
  SPOT    20  60%W +0.4%  65%W +0.4%  60%W +0.4%  50%W -0.1%  47%W -0.0%  55%W +0.2%       -4.8% → +7.0%
  CRWD    20  50%W +0.0%  50%W +0.1%  55%W +0.4%  50%W +0.2%  40%W -0.5%  50%W -0.0%       -6.1% → +3.9%
  SNOW    20  60%W +0.7%  65%W +0.5%  65%W +0.9%  50%W +0.6%  45%W -0.5%  50%W -0.1%       -4.4% → +7.3%
  QCOM    20  65%W +0.1%  65%W +0.4%  65%W +0.4%  50%W +0.1%  45%W -0.3%  50%W +0.0%       -4.6% → +4.3%
  AVGO    20  70%W +0.2%  80%W +0.3%  60%W +0.3%  70%W +0.4%  45%W -0.3%  50%W -0.1%       -3.1% → +3.5%
  MU      20  65%W +0.1%  65%W +0.2%  55%W +0.3%  45%W -0.0%  45%W -0.3%  45%W -0.2%       -3.0% → +3.3%
  PLTR    20  50%W +0.2%  60%W +0.1%  50%W +0.1%  40%W -0.1%  35%W -0.6%  45%W -0.1%       -5.4% → +9.2%
  AMD     20  55%W +0.3%  60%W +0.6%  60%W +0.5%  55%W +0.6%  35%W -0.4%  45%W -0.2%       -7.8% → +5.6%
  APP     20  60%W +0.2%  50%W +0.1%  55%W +0.2%  40%W -0.2%  47%W +0.0%  40%W -0.6%       -6.7% → +8.5%
  MRVL    20  60%W +0.1%  55%W +0.2%  65%W +0.2%  55%W +0.2%  32%W -0.1%  40%W -0.2%       -5.8% → +5.4%
  DDOG    20  45%W -0.1%  55%W +0.2%  65%W +0.4%  55%W +0.1%  40%W -0.9%  40%W -0.7%       -4.0% → +4.2%
  TSLA    20  55%W +0.2%  65%W +0.6%  60%W +0.6%  45%W -0.2%  35%W -1.2%  35%W -0.5%       -7.3% → +5.6%

=========================================================================================================================================================================================
Pre-Session Top-2 Performance — 2022-11-01 to 2022-11-30  |  Unconditional OR-close entry  |  OR: 09:30/3b
=========================================================================================================================================================================================
Date         Ticker Rank  At       Entry       +15m       +30m       +45m        +1h     +1h30m        +2h        +3h        +4h        +5h        +6h        +7h        EOD
-----------------------------------------------------------------------------------------------------------------------------------------------------------------------------------------
2022-11-01   SNOW   #1    09:45   165.07    -1.38%L    -1.86%L    -1.02%L    -1.99%L    -2.30%L    -2.06%L    -2.90%L    -2.86%L    -3.48%L    -3.20%L    -3.37%L    -3.37%L
2022-11-01   LLY    #2    09:45   350.54    +0.56%W    -0.38%L    -1.72%L    -1.30%L    -1.87%L    -1.78%L    -1.59%L    -1.14%L    -0.66%L    +0.69%W    +0.68%W    +0.68%W
2022-11-02   SNOW   #1    09:45   154.57    -0.08%L    -0.59%L    -0.85%L    -0.50%L    -2.19%L    -2.69%L    -1.77%L    -0.48%L    -0.70%L    -4.40%L    -4.42%L    -4.42%L
2022-11-02   LLY    #2    09:45   353.52    +1.06%W    +0.77%W    +1.42%W    +1.61%W    +1.36%W    +1.60%W    +1.88%W    +1.92%W    +1.57%W    +0.70%W    +0.40%W    +0.40%W
2022-11-03   LLY    #1    09:45   355.02    +0.41%W    +0.47%W    +0.74%W    +0.70%W    +0.33%W    +0.14%W    +1.42%W    +1.64%W    +2.10%W    +1.97%W    +1.87%W    +1.87%W
2022-11-03   SNOW   #2    09:45   152.23    -2.28%L    -1.83%L    -0.65%L    +1.80%W    +0.50%W    -0.06%L    +0.18%W    +1.40%W    +0.48%W    -0.44%L    -1.13%L    -1.13%L
2022-11-04   LLY    #1    09:45   358.65    +0.01%W    -0.04%L    -0.05%L    +0.14%W    +0.13%W    -0.48%L    -0.92%L    -1.11%L    -1.27%L    -0.57%L    -0.31%L    -0.31%L
2022-11-04   PLTR   #2    09:45     7.89    +0.51%W    +1.65%W    +2.85%W    +2.98%W    +1.33%W    -0.06%L    -1.52%L    -2.57%L    -0.57%L    +0.70%W    +0.51%W    +0.51%W
2022-11-07   LLY    #1    09:45   360.85    +0.68%W    +1.37%W    +1.49%W    +1.45%W    +0.88%W    +1.03%W    +0.59%W    +0.22%W    +0.78%W    +1.15%W    +1.16%W    +1.16%W
2022-11-07   PLTR   #2    09:45     7.23    +2.16%W    +1.42%W    -0.24%L    -1.21%L    -2.83%L    -3.63%L    -4.66%L    -4.18%L    -2.59%L    -2.52%L    -3.00%L    -3.00%L
2022-11-08   LLY    #1    09:45   364.48    -0.16%L    -0.39%L    +0.24%W    +0.25%W    +0.16%W    +0.55%W    +0.58%W    +0.49%W    +0.54%W    +0.97%W    +0.61%W    +0.61%W
2022-11-08   PLTR   #2    09:45     7.00    +1.04%W    +0.07%W    +0.36%W    +0.79%W    +3.50%W    +3.43%W    +4.94%W    +3.93%W    +2.86%W    +3.07%W    +2.86%W    +2.86%W
2022-11-09   LLY    #1    09:45   368.85    +0.07%W    -0.08%L    -0.17%L    -0.39%L    -0.11%L    -0.22%L    -0.38%L    -0.72%L    -1.26%L    -1.88%L    -1.49%L    -1.49%L
2022-11-09   CHTR   #2    09:45   348.37    +0.68%W    +1.27%W    +0.57%W    +0.79%W    +1.19%W    +1.51%W    +0.83%W    +0.03%W    +0.29%W    +0.42%W    +0.44%W    +0.44%W
2022-11-10   CHTR   #1    09:45   367.10    +0.29%W    -0.09%L    -0.56%L    +0.33%W    +0.85%W    +1.40%W    +0.70%W    +1.24%W    +0.98%W    +1.47%W    +1.63%W    +1.63%W
2022-11-10   LLY    #2    09:45   366.38    +0.24%W    +0.32%W    -0.34%L    -0.14%L    -0.34%L    -0.05%L    -0.81%L    -0.31%L    -0.00%L    +0.63%W    +0.54%W    +0.54%W
2022-11-11   CHTR   #1    09:45   376.72    +0.08%W    +0.18%W    +0.34%W    +1.00%W    +1.01%W    +2.17%W    +3.76%W    +3.95%W    +5.39%W    +5.05%W    +4.75%W    +4.75%W
2022-11-11   LLY    #2    09:45   360.29    -0.49%L    -1.84%L    -2.15%L    -3.32%L    -3.10%L    -2.66%L    -4.01%L    -3.66%L    -2.43%L    -1.90%L    -2.20%L    -2.20%L
2022-11-14   CHTR   #1    09:45   390.48    +0.91%W    +1.26%W    +1.16%W    +0.75%W    -0.08%L    +0.46%W    +0.17%W    +0.63%W    +0.12%W    -0.58%L    -0.67%L    -0.67%L
2022-11-14   LLY    #2    09:45   346.33    +0.85%W    +1.63%W    +1.81%W    +1.74%W    +2.14%W    +2.76%W    +3.28%W    +3.28%W    +3.55%W    +3.24%W    +2.84%W    +2.84%W
2022-11-15   LLY    #1    09:45   354.51    -0.70%L    -0.67%L    -0.42%L    -0.45%L    -0.60%L    -0.91%L    -1.54%L    -1.81%L    -1.72%L    -0.91%L    -1.23%L    -1.23%L
2022-11-15   CHTR   #2    09:45   394.34    +1.30%W    +0.76%W    +1.97%W    +1.69%W    +1.30%W    +1.69%W    +0.89%W    -1.16%L    -0.48%L    -0.46%L    -0.54%L    -0.54%L
2022-11-16   CHTR   #1    09:45   388.18    +0.37%W    -0.03%L    -0.18%L    -0.19%L    -0.08%L    +0.21%W    -0.03%L    -0.37%L    -0.29%L    +0.16%W    +0.19%W    +0.19%W
2022-11-16   LLY    #2    09:45   355.43    -0.74%L    -0.29%L    +0.15%W    +0.35%W    -0.08%L    -0.41%L    -0.09%L    -0.87%L    -1.06%L    -0.72%L    -0.70%L    -0.70%L
2022-11-17   CHTR   #1    09:45   381.46    -0.08%L    +0.60%W    +0.15%W    +0.55%W    +0.18%W    +0.01%W    +0.33%W    +0.82%W    +0.46%W    +0.15%W    +0.74%W    +0.74%W
2022-11-17   LLY    #2    09:45   355.57    -0.11%L    -0.29%L    +0.11%W    +0.17%W    +0.45%W    +0.78%W    +1.80%W    +1.48%W    +1.51%W    +1.41%W    +1.46%W    +1.46%W
2022-11-18   CHTR   #1    09:45   386.06    -0.98%L    -1.31%L    -1.41%L    -1.28%L    -2.62%L    -3.91%L    -3.49%L    -3.42%L    -3.16%L    -2.96%L    -3.04%L    -3.04%L
2022-11-18   SNPS   #2    09:45   326.29    -0.31%L    -0.30%L    -0.27%L    -0.55%L    -0.42%L    -0.39%L    -0.68%L    -0.92%L    -0.72%L    +0.18%W    -0.10%L    -0.10%L
2022-11-21   CHTR   #1    09:45   370.56    -0.57%L    -0.70%L    -0.74%L    -0.68%L    -0.35%L    -0.37%L    -1.45%L    -0.89%L    -0.94%L    -0.15%L    -0.41%L    -0.41%L
2022-11-21   SNPS   #2    09:45   324.23    -0.09%L    +0.26%W    +0.05%W    -0.18%L    +0.55%W    +0.59%W    +0.58%W    +0.73%W    +0.54%W    +0.32%W    +0.16%W    +0.16%W
2022-11-22   LLY    #1    09:45   360.29    -0.08%L    -0.03%L    +0.10%W    +0.04%W    +0.05%W    -0.04%L    -0.69%L    -0.22%L    -0.07%L    -0.02%L    +0.17%W    +0.17%W
2022-11-22   SNPS   #2    09:45   323.06    +0.00%W    -0.35%L    -0.46%L    +0.01%W    -0.01%L    -0.08%L    -0.16%L    +0.13%W    +0.59%W    +1.13%W    +1.21%W    +1.21%W
2022-11-23   SNPS   #1    09:45   329.55    +0.82%W    +1.16%W    +1.77%W    +1.75%W    +1.81%W    +1.48%W    +0.91%W    +1.11%W    +1.61%W    +1.18%W    +1.50%W    +1.50%W
2022-11-23   LLY    #2    09:45   360.81    -0.07%L    -0.22%L    -0.23%L    +0.12%W    +0.24%W    -0.31%L    -0.17%L    +0.27%W    +0.34%W    +0.12%W    +0.30%W    +0.30%W
2022-11-25   SNPS   #1    09:45   332.76    +0.36%W    +0.29%W    +0.46%W    +0.43%W    +0.35%W    +0.26%W    -0.08%L    -0.04%L    -0.04%L    -0.04%L    -0.04%L    -0.04%L
2022-11-25   LLY    #2    09:45   363.19    +0.07%W    +0.28%W    +0.44%W    +0.49%W    +0.44%W    +0.51%W    +0.46%W    +0.45%W    +0.45%W    +0.45%W    +0.45%W    +0.45%W
2022-11-28   SNPS   #1    09:45   335.36    +0.14%W    -0.09%L    -0.42%L    -0.32%L    -0.34%L    -0.50%L    -0.24%L    -0.62%L    -1.40%L    -2.11%L    -1.85%L    -1.85%L
2022-11-28   CHTR   #2    09:45   385.59    +0.18%W    +0.56%W    +0.16%W    +0.17%W    +0.39%W    +0.53%W    +0.14%W    -0.27%L    -0.52%L    -0.48%L    -0.22%L    -0.22%L
2022-11-29   SNPS   #1    09:45   327.10    +0.01%W    -0.25%L    -0.03%L    -0.04%L    -1.50%L    -1.72%L    -1.41%L    -1.37%L    -1.28%L    -1.21%L    -1.05%L    -1.05%L
2022-11-29   CHTR   #2    09:45   383.58    +0.48%W    +0.50%W    +0.64%W    +0.64%W    +0.08%W    +0.20%W    +0.63%W    +0.26%W    +0.25%W    +0.45%W    +0.49%W    +0.49%W
2022-11-30   SNPS   #1    09:45   323.69    +0.41%W    +0.34%W    +0.50%W    +0.07%W    -0.03%L    +0.14%W    -0.04%L    +1.14%W    +3.65%W    +4.02%W    +4.82%W    +4.82%W
2022-11-30   CHTR   #2    09:45   374.22    -0.02%L    +0.81%W    +0.77%W    +0.93%W    +2.34%W    +2.63%W    +1.48%W    +2.67%W    +4.40%W    +4.86%W    +4.59%W    +4.59%W

========================================================================================
Pre-session picks summary — 42 pick(s) across 21 trading day(s)

Top-2 picks (all days)  (42 signal(s))
  Hold      Count   Win Rate   Avg Gain    Avg Win   Avg Loss  Exp Value  Total P&L
  ------------------------------------------------------------------------------------
  +15m         42      61.9%      +0.13%      +0.53%      -0.51%      +0.13%      +5.56%
  +30m         42      50.0%      +0.10%      +0.76%      -0.55%      +0.10%      +4.32%
  +45m         42      54.8%      +0.15%      +0.79%      -0.63%      +0.15%      +6.36%
  +1h          42      64.3%      +0.22%      +0.80%      -0.84%      +0.22%      +9.20%
  +1h30m       42      57.1%      +0.06%      +0.90%      -1.05%      +0.06%      +2.70%
  +2h          42      52.4%      +0.04%      +1.09%      -1.12%      +0.04%      +1.75%
  +3h          42      47.6%      -0.07%      +1.28%      -1.30%      -0.07%      -3.10%
  +4h          42      50.0%      -0.03%      +1.32%      -1.38%      -0.03%      -1.20%
  +5h          42      50.0%      +0.19%      +1.55%      -1.17%      +0.19%      +7.82%
  +6h          42      57.1%      +0.24%      +1.44%      -1.36%      +0.24%      +9.96%
  +7h          42      57.1%      +0.20%      +1.43%      -1.43%      +0.20%      +8.59%
  EOD          42      57.1%      +0.20%      +1.43%      -1.43%      +0.20%      +8.59%

=========================================================================================================================================================================================
Signal Analysis — 2022-11-01 to 2022-11-30  |  BULL only  |  Vol ≥ 1.0x 20dAvg
Windows: 09:30/3b  |  Collection: 3 bars  |  Tickers: 19
=========================================================================================================================================================================================
Date         Ticker Window   At       Entry  Vol/20d       +15m       +30m       +45m        +1h     +1h30m        +2h        +3h        +4h        +5h        +6h        +7h        EOD
-----------------------------------------------------------------------------------------------------------------------------------------------------------------------------------------
2022-11-01   SPOT   09:30/3b 09:40    83.72    2.04x    -0.02%L    -1.04%L    -0.50%L    -1.91%L    -2.34%L    -3.17%L    -2.63%L    -2.48%L    -3.49%L    -3.91%L    -4.22%L    -4.22%L
2022-11-02   QCOM   09:30/3b 09:40   118.41    1.12x    -0.68%L    -1.11%L    -1.08%L    -0.89%L    -1.04%L    -1.22%L    -2.08%L    -1.85%L    -1.00%L    -4.21%L    -4.93%L    -4.93%L
2022-11-03   SNOW   09:30/3b 09:40   152.16    1.25x    -2.30%L    -2.26%L    -1.09%L    +0.32%W    +0.80%W    +0.23%W    +0.58%W    +0.88%W    +0.54%W    -0.34%L    -1.08%L    -1.08%L
2022-11-03   DDOG   09:30/3b 09:40    77.96    2.08x    -2.54%L    -2.01%L    -1.34%L    -0.96%L    -1.35%L    -2.51%L    -1.98%L    -2.67%L    -2.64%L    -3.89%L    -3.77%L    -3.77%L
2022-11-08   CRWD   09:30/3b 09:50   124.33    1.60x    -0.42%L    +0.95%W    +1.55%W    +1.43%W    +3.71%W    +3.94%W    +2.69%W    +2.28%W    +1.57%W    +2.15%W    +2.18%W    +2.18%W
2022-11-08   PLTR   09:30/3b 09:45     7.00    1.80x    +1.04%W    +0.07%W    +0.36%W    +0.79%W    +3.50%W    +3.43%W    +4.94%W    +3.93%W    +2.86%W    +3.07%W    +2.86%W    +2.86%W
2022-11-09   APP    09:30/3b 09:50    14.36    4.48x    -0.56%L    -0.28%L    -1.39%L    -2.44%L    -5.08%L    -6.06%L    -7.35%L    -5.61%L    -5.85%L    -4.35%L    -4.39%L    -4.39%L
2022-11-09   TSLA   09:30/3b 09:40   193.67    1.46x    -1.45%L    -0.94%L    -1.39%L    -2.57%L    -2.81%L    -2.97%L    -5.07%L    -6.98%L    -7.16%L    -7.68%L    -8.30%L    -8.30%L
2022-11-10   TSLA   09:30/3b 09:45   187.31    2.24x    -0.93%L    +0.45%W    -0.23%L    +0.30%W    +0.45%W    +1.73%W    +0.17%W    +0.72%W    -0.69%L    +1.31%W    +1.76%W    +1.76%W
2022-11-10   LLY    09:30/3b 09:45   366.38    1.23x    +0.24%W    +0.32%W    -0.34%L    -0.14%L    -0.34%L    -0.05%L    -0.81%L    -0.31%L    -0.00%L    +0.63%W    +0.54%W    +0.54%W
2022-11-11   APP    09:30/3b 09:40    15.76    1.53x    +2.79%W    +3.87%W    +5.84%W    +6.41%W    +6.15%W    +6.73%W    +7.74%W    +8.41%W    +9.64%W    +8.06%W    +7.49%W    +7.49%W
2022-11-11   CRWD   09:30/3b 09:45   139.62    1.89x    +0.01%W    +1.23%W    +2.01%W    +3.22%W    +2.16%W    +1.40%W    +2.26%W    +2.91%W    +3.45%W    +2.40%W    +2.49%W    +2.49%W
2022-11-11   PLTR   09:30/3b 09:40     7.54    1.08x    +0.93%W    +3.18%W    +5.63%W    +6.36%W    +6.46%W    +5.50%W    +8.68%W    +9.41%W   +10.93%W   +11.16%W   +11.46%W   +11.46%W
2022-11-11   AMD    09:30/3b 09:40    69.42    1.17x    +0.87%W    +1.76%W    +2.25%W    +1.73%W    +3.10%W    +2.87%W    +3.82%W    +4.83%W    +5.40%W    +4.60%W    +4.29%W    +4.29%W
2022-11-11   SNOW   09:30/3b 09:45   148.63    1.06x    +0.16%W    +2.52%W    +4.11%W    +6.27%W    +6.82%W    +5.87%W    +6.84%W    +7.70%W    +8.77%W    +7.55%W    +7.27%W    +7.27%W
2022-11-11   SNPS   09:30/3b 09:40   322.10    1.22x    +0.25%W    +0.82%W    +1.53%W    +1.55%W    +1.19%W    +0.89%W    +1.25%W    +1.75%W    +2.07%W    +2.40%W    +2.89%W    +2.89%W
2022-11-11   QCOM   09:30/3b 09:40   120.80    1.02x    -0.41%L    +0.24%W    +0.31%W    +0.23%W    +0.28%W    -0.12%L    -0.17%L    +0.57%W    +0.93%W    +0.41%W    +0.50%W    +0.50%W
2022-11-11   DDOG   09:30/3b 09:40    78.34    1.22x    +0.98%W    +2.99%W    +5.12%W    +5.72%W    +4.44%W    +3.82%W    +4.50%W    +5.24%W    +6.33%W    +5.04%W    +5.11%W    +5.11%W
2022-11-16   LLY    09:30/3b 09:40   354.59    1.43x    -0.44%L    -0.22%L    +0.07%W    +0.50%W    +0.21%W    -0.18%L    -0.00%L    -0.56%L    -0.83%L    -0.44%L    -0.47%L    -0.47%L
2022-11-17   AMD    09:30/3b 09:40    72.27    1.09x    +0.42%W    +0.34%W    +2.15%W    +2.04%W    +0.94%W    +1.82%W    +2.03%W    +2.56%W    +1.71%W    +1.82%W    +2.30%W    +2.30%W
2022-11-21   QCOM   09:30/3b 09:45   121.43    1.32x    -0.21%L    -0.37%L    -0.47%L    -0.96%L    -0.57%L    -0.40%L    -0.92%L    -0.62%L    -0.61%L    -0.66%L    -1.02%L    -1.02%L
2022-11-22   PLTR   09:30/3b 09:45     7.09    1.10x    +0.56%W    +1.62%W    +1.55%W    +1.61%W    +0.85%W    +0.42%W    +0.63%W    +1.51%W    +1.34%W    +1.76%W    +1.83%W    +1.83%W
2022-11-22   TSLA   09:30/3b 09:45   168.56    1.08x    +0.31%W    +0.76%W    -0.12%L    +0.68%W    -0.00%L    -0.14%L    +0.11%W    +0.22%W    -0.10%L    +0.58%W    +0.80%W    +0.80%W
2022-11-23   AMD    09:30/3b 09:50    77.63    1.08x    +0.50%W    +0.31%W    +0.35%W    -0.29%L    -1.30%L    -2.46%L    -2.11%L    -1.76%L    -1.87%L    -1.89%L    -1.61%L    -1.61%L
2022-11-28   SNPS   09:30/3b 09:40   335.59    1.40x    -0.10%L    -0.11%L    -0.44%L    -0.40%L    -0.51%L    -0.63%L    -0.31%L    -0.72%L    -1.62%L    -1.96%L    -1.92%L    -1.92%L
2022-11-30   APP    09:30/3b 09:40    13.44    1.40x    +0.10%W    +1.12%W    +2.38%W    +2.01%W    +2.12%W    +2.16%W    +1.12%W    +1.90%W    +4.43%W    +5.62%W    +7.22%W    +7.22%W
2022-11-30   SNPS   09:30/3b 09:40   324.77    1.68x    +0.07%W    +0.20%W    +0.34%W    +0.07%W    -0.39%L    -0.11%L    -0.37%L    +0.93%W    +2.97%W    +3.76%W    +4.47%W    +4.47%W
2022-11-30   QCOM   09:30/3b 09:40   119.30    1.21x    -0.63%L    -0.64%L    -0.30%L    -0.22%L    -0.60%L    -0.09%L    -0.56%L    +1.22%W    +3.70%W    +5.21%W    +6.07%W    +6.07%W

========================================================================================
Summary — 28 qualifying signal(s) across 21 trading day(s)

Window 09:30/3b  (28 signal(s))
  Hold      Count   Win Rate   Avg Gain    Avg Win   Avg Loss  Exp Value  Total P&L
  ------------------------------------------------------------------------------------
  +15m         28      53.6%      -0.05%      +0.62%      -0.82%      -0.05%      -1.46%
  +30m         28      64.3%      +0.49%      +1.26%      -0.90%      +0.49%     +13.76%
  +45m         28      57.1%      +0.96%      +2.22%      -0.73%      +0.96%     +26.85%
  +1h          28      64.3%      +1.09%      +2.29%      -1.08%      +1.09%     +30.45%
  +1h30m       28      57.1%      +0.96%      +2.70%      -1.36%      +0.96%     +26.86%
  +2h          28      50.0%      +0.74%      +2.91%      -1.44%      +0.74%     +20.68%
  +3h          28      53.6%      +0.82%      +3.16%      -1.87%      +0.82%     +22.99%
  +4h          28      64.3%      +1.19%      +3.16%      -2.36%      +1.19%     +33.40%
  +5h          28      57.1%      +1.46%      +4.17%      -2.15%      +1.46%     +40.80%
  +6h          28      64.3%      +1.36%      +3.75%      -2.93%      +1.36%     +38.22%
  +7h          28      64.3%      +1.42%      +3.97%      -3.17%      +1.42%     +39.83%
  EOD          28      64.3%      +1.42%      +3.97%      -3.17%      +1.42%     +39.83%
