Fetching 5-min bars (2021-08-17 → 2021-10-29) [alpaca]...
  [cache] fetching 2 tickers from alpaca (cache miss)
  [cache] loaded 16 tickers from cache
Fetching daily bars (2020-10-01 → 2021-10-29)...

=========================================================================================================================================================================================
Pre-Session Rankings (9:25) — 2021-10-01 to 2021-10-29  |  20d lookback
(Unconditional hold from OR close — no signal or vol filter)
=========================================================================================================================================================================================
Pre-session top-2 (9:25, 20d EOD win rate) — 2021-10-01  OR: 09:30/3b
  #1 DDOG   +15m 60%W +0.1%  +30m 40%W -0.3%  +1h 55%W +0.0%  +2h 55%W +0.3%  +5h 70%W +0.5%  EOD 80%W +0.4%  EOD range -3.7% → +3.0%
  #2 SNOW   +15m 45%W -0.1%  +30m 40%W -0.2%  +1h 55%W +0.1%  +2h 60%W +0.2%  +5h 70%W +0.6%  EOD 70%W +0.4%  EOD range -1.7% → +2.6%
  Ticker   N          +15m          +30m           +1h           +2h           +5h           EOD           EOD range
  ----------------------------------------------------------------------------------------------------------------------
  DDOG    20    60%W +0.1%    40%W -0.3%    55%W +0.0%    55%W +0.3%    70%W +0.5%    80%W +0.4%       -3.7% → +3.0%
  SNOW    20    45%W -0.1%    40%W -0.2%    55%W +0.1%    60%W +0.2%    70%W +0.6%    70%W +0.4%       -1.7% → +2.6%
  MU      20    50%W +0.0%    45%W -0.2%    45%W -0.0%    50%W +0.1%    55%W +0.2%    65%W +0.3%       -2.1% → +1.7%
  MRVL    20    70%W +0.2%    65%W +0.1%    65%W +0.2%    60%W +0.1%    50%W +0.0%    55%W +0.3%       -1.9% → +2.3%
  PLTR    20    60%W +0.2%    60%W +0.4%    55%W +0.3%    50%W -0.1%    60%W +0.3%    50%W -0.2%       -4.1% → +3.5%
  AVGO    20    55%W +0.1%    35%W -0.1%    40%W -0.2%    40%W -0.1%    55%W +0.1%    50%W -0.0%       -1.4% → +1.7%
  AMD     20    60%W +0.1%    40%W -0.1%    55%W +0.1%    55%W +0.1%    60%W +0.3%    50%W +0.0%       -4.0% → +4.2%
  SNPS    20    50%W +0.0%    40%W -0.1%    40%W -0.1%    40%W -0.1%    45%W -0.1%    45%W -0.0%       -2.0% → +1.6%
  CRWD    20    60%W +0.2%    30%W -0.3%    50%W -0.1%    35%W -0.1%    50%W -0.1%    45%W -0.3%       -2.5% → +2.7%
  TSLA    20    65%W +0.1%    65%W +0.2%    55%W +0.0%    45%W -0.1%    50%W -0.0%    45%W -0.1%       -2.9% → +3.7%
  APP     20    60%W +0.0%    55%W +0.3%    40%W -0.1%    50%W -0.1%    40%W -0.4%    40%W -0.5%       -4.2% → +9.5%
  SPOT    20    40%W -0.0%    30%W -0.5%    40%W -0.1%    30%W -0.3%    40%W -0.3%    40%W -0.5%       -3.0% → +2.3%
  META    20    45%W -0.0%    40%W -0.1%    40%W -0.2%    35%W -0.2%    50%W -0.0%    35%W -0.2%       -1.2% → +2.3%
  LLY     20    40%W -0.1%    45%W -0.1%    50%W +0.0%    35%W -0.2%    30%W -0.5%    30%W -0.8%       -4.8% → +2.4%
  CHTR    20    55%W +0.0%    40%W -0.1%    25%W -0.5%    35%W -0.6%    30%W -0.3%    15%W -0.3%       -2.0% → +0.6%
  QCOM    20    45%W -0.0%    25%W -0.2%    25%W -0.3%    30%W -0.5%    25%W -0.5%    15%W -0.4%       -1.5% → +0.7%
Pre-session top-2 (9:25, 20d EOD win rate) — 2021-10-04  OR: 09:30/3b
  #1 DDOG   +15m 55%W +0.0%  +30m 35%W -0.4%  +1h 50%W -0.1%  +2h 55%W +0.2%  +5h 70%W +0.5%  EOD 80%W +0.4%  EOD range -3.7% → +3.0%
  #2 SNOW   +15m 40%W -0.2%  +30m 40%W -0.2%  +1h 50%W -0.1%  +2h 60%W +0.2%  +5h 70%W +0.5%  EOD 70%W +0.4%  EOD range -1.7% → +2.6%
  Ticker   N          +15m          +30m           +1h           +2h           +5h           EOD           EOD range
  ----------------------------------------------------------------------------------------------------------------------
  DDOG    20    55%W +0.0%    35%W -0.4%    50%W -0.1%    55%W +0.2%    70%W +0.5%    80%W +0.4%       -3.7% → +3.0%
  SNOW    20    40%W -0.2%    40%W -0.2%    50%W -0.1%    60%W +0.2%    70%W +0.5%    70%W +0.4%       -1.7% → +2.6%
  MU      20    55%W +0.1%    45%W -0.2%    40%W -0.1%    50%W +0.1%    55%W +0.2%    65%W +0.3%       -2.1% → +1.6%
  MRVL    20    65%W +0.2%    60%W +0.1%    60%W +0.2%    60%W +0.1%    55%W +0.0%    55%W +0.3%       -1.9% → +2.3%
  AVGO    20    60%W +0.1%    35%W -0.1%    40%W -0.2%    45%W -0.1%    60%W +0.1%    55%W +0.1%       -1.4% → +1.7%
  AMD     20    65%W +0.1%    45%W -0.1%    50%W -0.0%    55%W +0.1%    65%W +0.4%    55%W +0.5%       -4.0% → +4.2%
  PLTR    20    55%W +0.1%    55%W +0.3%    50%W -0.0%    50%W -0.1%    60%W +0.4%    50%W -0.2%       -4.1% → +3.5%
  TSLA    20    60%W +0.1%    60%W +0.1%    50%W -0.0%    45%W -0.1%    50%W -0.0%    50%W +0.2%       -2.9% → +3.7%
  SNPS    20    55%W +0.2%    45%W -0.1%    40%W -0.1%    45%W -0.1%    45%W -0.1%    45%W -0.0%       -2.0% → +1.6%
  CRWD    20    60%W +0.2%    25%W -0.3%    45%W -0.2%    35%W -0.1%    50%W -0.1%    45%W -0.3%       -2.5% → +2.7%
  APP     20    65%W +0.0%    50%W +0.1%    35%W -0.2%    50%W -0.1%    40%W -0.4%    40%W -0.5%       -4.2% → +9.5%
  META    20    50%W -0.0%    45%W -0.1%    40%W -0.2%    40%W -0.2%    55%W +0.1%    40%W -0.1%       -1.2% → +2.3%
  SPOT    20    35%W -0.1%    25%W -0.5%    35%W -0.2%    30%W -0.3%    40%W -0.3%    40%W -0.5%       -3.0% → +2.3%
  LLY     20    40%W -0.1%    45%W -0.1%    45%W -0.2%    35%W -0.2%    30%W -0.5%    30%W -0.8%       -4.8% → +2.4%
  CHTR    20    55%W +0.0%    35%W -0.1%    25%W -0.5%    40%W -0.5%    35%W -0.3%    20%W -0.3%       -2.0% → +0.6%
  QCOM    20    45%W -0.0%    25%W -0.2%    25%W -0.4%    35%W -0.5%    30%W -0.4%    20%W -0.3%       -1.5% → +0.8%
Pre-session top-2 (9:25, 20d EOD win rate) — 2021-10-05  OR: 09:30/3b
  #1 DDOG   +15m 55%W +0.0%  +30m 35%W -0.4%  +1h 50%W -0.2%  +2h 50%W +0.0%  +5h 70%W +0.5%  EOD 80%W +0.4%  EOD range -3.7% → +3.0%
  #2 MU     +15m 55%W +0.1%  +30m 50%W +0.0%  +1h 45%W -0.0%  +2h 50%W +0.1%  +5h 60%W +0.2%  EOD 70%W +0.3%  EOD range -2.1% → +1.6%
  Ticker   N          +15m          +30m           +1h           +2h           +5h           EOD           EOD range
  ----------------------------------------------------------------------------------------------------------------------
  DDOG    20    55%W +0.0%    35%W -0.4%    50%W -0.2%    50%W +0.0%    70%W +0.5%    80%W +0.4%       -3.7% → +3.0%
  MU      20    55%W +0.1%    50%W +0.0%    45%W -0.0%    50%W +0.1%    60%W +0.2%    70%W +0.3%       -2.1% → +1.6%
  SNOW    20    40%W -0.2%    35%W -0.2%    45%W -0.2%    60%W +0.2%    65%W +0.4%    65%W +0.3%       -1.7% → +2.6%
  MRVL    20    60%W +0.1%    55%W +0.1%    60%W +0.2%    60%W +0.1%    55%W +0.0%    55%W +0.3%       -1.9% → +2.3%
  AVGO    20    60%W +0.1%    35%W -0.1%    40%W -0.2%    45%W -0.1%    60%W +0.1%    55%W +0.1%       -1.5% → +1.7%
  AMD     20    65%W +0.1%    45%W -0.1%    50%W -0.0%    50%W -0.0%    60%W +0.3%    50%W +0.2%       -4.0% → +4.2%
  SNPS    20    50%W +0.0%    40%W -0.1%    40%W -0.1%    40%W -0.2%    45%W -0.1%    45%W -0.0%       -2.5% → +1.6%
  CRWD    20    60%W +0.2%    30%W -0.3%    40%W -0.2%    30%W -0.3%    45%W -0.3%    45%W -0.3%       -2.5% → +2.7%
  PLTR    20    55%W +0.1%    55%W +0.2%    45%W -0.2%    45%W -0.2%    55%W +0.3%    45%W -0.5%       -4.1% → +3.5%
  TSLA    20    60%W +0.1%    60%W +0.1%    50%W -0.0%    45%W -0.1%    50%W -0.0%    45%W -0.1%       -2.9% → +3.7%
  APP     20    70%W +0.1%    55%W +0.2%    35%W -0.2%    50%W -0.1%    40%W -0.4%    40%W -0.5%       -4.2% → +9.5%
  SPOT    20    35%W -0.1%    25%W -0.5%    35%W -0.2%    30%W -0.3%    40%W -0.3%    40%W -0.5%       -3.0% → +2.3%
  META    20    50%W -0.0%    45%W -0.1%    35%W -0.2%    35%W -0.3%    50%W -0.0%    35%W -0.2%       -1.2% → +2.3%
  LLY     20    45%W -0.1%    50%W -0.0%    40%W -0.3%    30%W -0.5%    25%W -0.6%    25%W -0.8%       -4.8% → +2.4%
  CHTR    20    55%W +0.0%    35%W -0.1%    25%W -0.5%    40%W -0.5%    35%W -0.3%    25%W -0.2%       -2.0% → +0.6%
  QCOM    20    45%W -0.0%    25%W -0.1%    25%W -0.4%    35%W -0.5%    30%W -0.4%    20%W -0.3%       -1.5% → +0.8%
Pre-session top-2 (9:25, 20d EOD win rate) — 2021-10-06  OR: 09:30/3b
  #1 DDOG   +15m 55%W +0.0%  +30m 35%W -0.4%  +1h 50%W -0.2%  +2h 50%W +0.0%  +5h 70%W +0.5%  EOD 80%W +0.6%  EOD range -3.7% → +3.0%
  #2 MU     +15m 55%W +0.1%  +30m 50%W +0.1%  +1h 50%W +0.0%  +2h 55%W +0.3%  +5h 65%W +0.4%  EOD 75%W +0.3%  EOD range -2.1% → +1.6%
  Ticker   N          +15m          +30m           +1h           +2h           +5h           EOD           EOD range
  ----------------------------------------------------------------------------------------------------------------------
  DDOG    20    55%W +0.0%    35%W -0.4%    50%W -0.2%    50%W +0.0%    70%W +0.5%    80%W +0.6%       -3.7% → +3.0%
  MU      20    55%W +0.1%    50%W +0.1%    50%W +0.0%    55%W +0.3%    65%W +0.4%    75%W +0.3%       -2.1% → +1.6%
  SNOW    20    45%W -0.1%    40%W -0.2%    50%W -0.1%    60%W +0.2%    65%W +0.5%    65%W +0.4%       -1.7% → +2.6%
  MRVL    20    65%W +0.2%    60%W +0.1%    60%W +0.2%    60%W +0.2%    60%W +0.2%    60%W +0.3%       -1.9% → +2.3%
  AVGO    20    60%W +0.1%    40%W -0.0%    40%W -0.2%    45%W -0.1%    60%W +0.1%    55%W +0.1%       -1.5% → +1.7%
  AMD     20    65%W +0.1%    50%W -0.0%    55%W +0.1%    50%W -0.0%    65%W +0.4%    55%W +0.5%       -4.0% → +4.2%
  CRWD    20    65%W +0.2%    30%W -0.1%    45%W -0.2%    35%W -0.3%    50%W -0.1%    50%W -0.0%       -2.5% → +2.7%
  APP     20    70%W +0.1%    55%W +0.2%    30%W -0.4%    45%W -0.4%    40%W -0.4%    45%W -0.2%       -4.2% → +9.5%
  SNPS    20    50%W +0.0%    45%W -0.1%    40%W -0.1%    40%W -0.2%    45%W -0.1%    45%W -0.0%       -2.5% → +1.6%
  SPOT    20    40%W -0.0%    30%W -0.5%    40%W -0.1%    35%W -0.2%    45%W -0.2%    45%W -0.4%       -2.9% → +2.3%
  TSLA    20    60%W +0.1%    60%W +0.1%    50%W -0.0%    45%W -0.1%    45%W -0.1%    45%W -0.1%       -2.9% → +3.7%
  PLTR    20    60%W +0.2%    60%W +0.3%    40%W -0.2%    45%W -0.2%    50%W +0.0%    40%W -0.6%       -4.1% → +3.5%
  META    20    50%W +0.0%    50%W -0.0%    35%W -0.2%    35%W -0.3%    50%W -0.0%    35%W -0.2%       -1.2% → +2.3%
  LLY     20    45%W -0.1%    50%W -0.0%    40%W -0.3%    35%W -0.5%    30%W -0.5%    30%W -0.8%       -4.8% → +2.4%
  CHTR    20    60%W +0.1%    40%W -0.1%    30%W -0.5%    45%W -0.3%    40%W -0.2%    30%W -0.2%       -2.0% → +0.9%
  QCOM    20    45%W -0.0%    25%W -0.1%    30%W -0.3%    40%W -0.4%    35%W -0.2%    25%W -0.2%       -1.5% → +0.8%
Pre-session top-2 (9:25, 20d EOD win rate) — 2021-10-07  OR: 09:30/3b
  #1 DDOG   +15m 55%W +0.0%  +30m 35%W -0.4%  +1h 55%W +0.1%  +2h 50%W +0.0%  +5h 70%W +0.5%  EOD 75%W +0.4%  EOD range -3.7% → +2.1%
  #2 MU     +15m 55%W +0.1%  +30m 50%W +0.1%  +1h 50%W +0.0%  +2h 55%W +0.3%  +5h 65%W +0.4%  EOD 70%W +0.3%  EOD range -2.1% → +1.6%
  Ticker   N          +15m          +30m           +1h           +2h           +5h           EOD           EOD range
  ----------------------------------------------------------------------------------------------------------------------
  DDOG    20    55%W +0.0%    35%W -0.4%    55%W +0.1%    50%W +0.0%    70%W +0.5%    75%W +0.4%       -3.7% → +2.1%
  MU      20    55%W +0.1%    50%W +0.1%    50%W +0.0%    55%W +0.3%    65%W +0.4%    70%W +0.3%       -2.1% → +1.6%
  SNOW    20    40%W -0.2%    35%W -0.2%    55%W +0.2%    60%W +0.2%    65%W +0.5%    65%W +0.4%       -1.7% → +2.6%
  MRVL    20    65%W +0.2%    55%W +0.1%    65%W +0.2%    65%W +0.4%    65%W +0.4%    65%W +0.4%       -1.9% → +6.6%
  AVGO    20    60%W +0.1%    40%W -0.1%    40%W -0.1%    45%W -0.1%    65%W +0.3%    60%W +0.1%       -1.5% → +1.7%
  AMD     20    65%W +0.1%    50%W -0.0%    55%W +0.1%    50%W -0.0%    70%W +0.6%    60%W +0.8%       -4.0% → +4.2%
  APP     20    70%W +0.1%    60%W +0.2%    30%W -0.3%    50%W -0.1%    45%W -0.2%    50%W +0.1%       -3.2% → +9.5%
  SPOT    20    40%W -0.0%    30%W -0.5%    45%W -0.0%    40%W -0.2%    50%W +0.0%    50%W -0.1%       -2.9% → +2.3%
  CRWD    20    65%W +0.2%    30%W -0.3%    45%W -0.1%    35%W -0.3%    50%W -0.1%    50%W -0.0%       -2.5% → +2.7%
  SNPS    20    45%W -0.1%    40%W -0.1%    40%W -0.1%    35%W -0.3%    45%W -0.1%    45%W -0.0%       -2.5% → +1.6%
  TSLA    20    60%W +0.1%    55%W +0.1%    50%W -0.0%    45%W -0.1%    45%W -0.1%    45%W -0.1%       -2.9% → +3.7%
  META    20    50%W +0.0%    50%W -0.0%    40%W -0.2%    40%W -0.2%    55%W +0.1%    40%W -0.1%       -1.2% → +2.3%
  PLTR    20    55%W +0.2%    55%W +0.2%    40%W -0.2%    45%W -0.2%    50%W +0.0%    40%W -0.6%       -4.3% → +3.5%
  CHTR    20    55%W +0.1%    40%W -0.1%    30%W -0.6%    45%W -0.6%    40%W -0.2%    30%W -0.2%       -2.0% → +0.9%
  QCOM    20    45%W -0.0%    25%W -0.2%    30%W -0.3%    40%W -0.4%    40%W -0.2%    30%W -0.2%       -1.5% → +0.8%
  LLY     20    45%W -0.1%    50%W -0.0%    40%W -0.3%    35%W -0.7%    25%W -0.6%    25%W -0.8%       -4.8% → +2.4%
Pre-session top-2 (9:25, 20d EOD win rate) — 2021-10-08  OR: 09:30/3b
  #1 DDOG   +15m 50%W +0.0%  +30m 30%W -0.4%  +1h 50%W -0.1%  +2h 55%W +0.2%  +5h 70%W +0.5%  EOD 75%W +0.4%  EOD range -3.7% → +2.1%
  #2 SNOW   +15m 40%W -0.2%  +30m 35%W -0.2%  +1h 55%W +0.2%  +2h 60%W +0.2%  +5h 65%W +0.5%  EOD 65%W +0.4%  EOD range -1.7% → +2.6%
  Ticker   N          +15m          +30m           +1h           +2h           +5h           EOD           EOD range
  ----------------------------------------------------------------------------------------------------------------------
  DDOG    20    50%W +0.0%    30%W -0.4%    50%W -0.1%    55%W +0.2%    70%W +0.5%    75%W +0.4%       -3.7% → +2.1%
  SNOW    20    40%W -0.2%    35%W -0.2%    55%W +0.2%    60%W +0.2%    65%W +0.5%    65%W +0.4%       -1.7% → +2.6%
  MU      20    55%W +0.2%    50%W +0.1%    50%W +0.0%    55%W +0.3%    60%W +0.2%    65%W +0.3%       -2.1% → +1.6%
  AMD     20    70%W +0.1%    55%W +0.0%    60%W +0.2%    55%W +0.2%    75%W +0.7%    65%W +0.8%       -4.0% → +4.2%
  MRVL    20    60%W +0.2%    55%W +0.1%    65%W +0.2%    65%W +0.4%    60%W +0.2%    60%W +0.4%       -1.9% → +6.6%
  AVGO    20    65%W +0.1%    45%W -0.0%    45%W -0.1%    50%W -0.0%    70%W +0.3%    60%W +0.1%       -1.5% → +1.7%
  APP     20    70%W +0.1%    65%W +0.3%    30%W -0.3%    50%W -0.1%    45%W -0.2%    50%W +0.1%       -3.2% → +9.5%
  SPOT    20    35%W -0.1%    30%W -0.4%    45%W -0.0%    40%W -0.2%    50%W +0.0%    50%W -0.1%       -2.9% → +2.3%
  CRWD    20    65%W +0.2%    25%W -0.3%    45%W -0.1%    35%W -0.3%    50%W -0.1%    50%W -0.0%       -2.5% → +2.7%
  TSLA    20    60%W +0.1%    60%W +0.1%    55%W +0.0%    50%W -0.0%    50%W -0.0%    50%W +0.2%       -2.9% → +3.7%
  SNPS    20    50%W -0.0%    45%W -0.1%    45%W -0.1%    40%W -0.2%    45%W -0.1%    45%W -0.0%       -2.5% → +1.6%
  META    20    50%W +0.0%    45%W -0.1%    35%W -0.2%    40%W -0.3%    55%W +0.1%    40%W -0.1%       -2.4% → +2.3%
  PLTR    20    55%W +0.2%    55%W +0.2%    40%W -0.2%    45%W -0.2%    45%W -0.4%    35%W -0.6%       -4.3% → +3.5%
  LLY     20    45%W -0.1%    55%W +0.1%    45%W -0.2%    40%W -0.5%    30%W -0.5%    30%W -0.8%       -1.9% → +2.4%
  CHTR    20    55%W +0.1%    45%W -0.1%    30%W -0.5%    45%W -0.5%    40%W -0.2%    30%W -0.2%       -2.0% → +0.9%
  QCOM    20    50%W +0.1%    30%W -0.1%    35%W -0.3%    45%W -0.4%    40%W -0.2%    30%W -0.2%       -1.7% → +0.8%
Pre-session top-2 (9:25, 20d EOD win rate) — 2021-10-11  OR: 09:30/3b
  #1 DDOG   +15m 50%W +0.0%  +30m 35%W -0.3%  +1h 50%W -0.1%  +2h 55%W +0.2%  +5h 70%W +0.5%  EOD 75%W +0.4%  EOD range -2.0% → +2.1%
  #2 MU     +15m 55%W +0.2%  +30m 50%W +0.2%  +1h 50%W +0.0%  +2h 55%W +0.3%  +5h 60%W +0.2%  EOD 65%W +0.3%  EOD range -1.2% → +1.6%
  Ticker   N          +15m          +30m           +1h           +2h           +5h           EOD           EOD range
  ----------------------------------------------------------------------------------------------------------------------
  DDOG    20    50%W +0.0%    35%W -0.3%    50%W -0.1%    55%W +0.2%    70%W +0.5%    75%W +0.4%       -2.0% → +2.1%
  MU      20    55%W +0.2%    50%W +0.2%    50%W +0.0%    55%W +0.3%    60%W +0.2%    65%W +0.3%       -1.2% → +1.6%
  AMD     20    70%W +0.1%    55%W +0.0%    60%W +0.2%    55%W +0.2%    75%W +0.7%    65%W +0.8%       -4.0% → +4.2%
  SNOW    20    35%W -0.3%    30%W -0.2%    50%W -0.1%    55%W +0.1%    60%W +0.4%    60%W +0.3%       -2.5% → +2.6%
  MRVL    20    60%W +0.2%    60%W +0.1%    70%W +0.2%    70%W +0.4%    65%W +0.5%    60%W +0.4%       -1.9% → +6.6%
  AVGO    20    60%W +0.1%    45%W -0.0%    45%W -0.1%    45%W -0.1%    65%W +0.1%    60%W +0.1%       -1.5% → +1.7%
  TSLA    20    60%W +0.1%    65%W +0.3%    55%W +0.0%    50%W -0.0%    55%W +0.2%    55%W +0.2%       -1.8% → +3.7%
  APP     20    65%W +0.1%    65%W +0.3%    30%W -0.3%    45%W -0.4%    45%W -0.2%    50%W +0.1%       -3.2% → +5.3%
  SPOT    20    30%W -0.2%    35%W -0.3%    45%W -0.0%    35%W -0.3%    45%W -0.2%    50%W -0.1%       -2.9% → +2.3%
  CRWD    20    60%W +0.2%    30%W -0.2%    45%W -0.1%    35%W -0.3%    50%W -0.1%    50%W -0.0%       -1.5% → +2.7%
  SNPS    20    50%W -0.0%    45%W -0.2%    45%W -0.1%    40%W -0.2%    45%W -0.1%    45%W -0.0%       -2.5% → +1.6%
  META    20    45%W -0.0%    40%W -0.2%    35%W -0.2%    40%W -0.2%    55%W +0.1%    40%W -0.1%       -2.4% → +2.3%
  LLY     20    45%W -0.1%    55%W +0.1%    45%W -0.3%    40%W -0.5%    35%W -0.5%    35%W -0.7%       -1.9% → +2.4%
  PLTR    20    50%W +0.1%    50%W +0.0%    40%W -0.3%    40%W -0.4%    40%W -0.7%    35%W -0.5%       -4.3% → +3.5%
  QCOM    20    45%W -0.0%    35%W -0.1%    35%W -0.3%    45%W -0.2%    45%W -0.1%    30%W -0.2%       -1.7% → +0.8%
  CHTR    20    55%W +0.1%    45%W -0.1%    30%W -0.6%    40%W -0.6%    35%W -0.3%    25%W -0.2%       -2.0% → +0.9%
Pre-session top-2 (9:25, 20d EOD win rate) — 2021-10-12  OR: 09:30/3b
  #1 DDOG   +15m 55%W +0.0%  +30m 40%W -0.2%  +1h 50%W -0.1%  +2h 55%W +0.2%  +5h 70%W +0.5%  EOD 75%W +0.4%  EOD range -2.0% → +2.1%
  #2 MU     +15m 55%W +0.2%  +30m 50%W +0.2%  +1h 50%W +0.1%  +2h 60%W +0.4%  +5h 60%W +0.2%  EOD 60%W +0.3%  EOD range -1.2% → +1.6%
  Ticker   N          +15m          +30m           +1h           +2h           +5h           EOD           EOD range
  ----------------------------------------------------------------------------------------------------------------------
  DDOG    20    55%W +0.0%    40%W -0.2%    50%W -0.1%    55%W +0.2%    70%W +0.5%    75%W +0.4%       -2.0% → +2.1%
  MU      20    55%W +0.2%    50%W +0.2%    50%W +0.1%    60%W +0.4%    60%W +0.2%    60%W +0.3%       -1.2% → +1.6%
  AMD     20    70%W +0.1%    60%W +0.0%    60%W +0.2%    55%W +0.2%    70%W +0.6%    60%W +0.6%       -4.0% → +4.2%
  APP     20    70%W +0.1%    70%W +0.4%    35%W -0.2%    50%W -0.1%    50%W +0.1%    55%W +0.4%       -3.2% → +5.3%
  SNOW    20    35%W -0.3%    30%W -0.2%    50%W -0.1%    55%W +0.1%    55%W +0.2%    55%W +0.1%       -2.5% → +2.6%
  MRVL    20    60%W +0.2%    65%W +0.2%    65%W +0.2%    70%W +0.4%    60%W +0.3%    55%W +0.3%       -1.9% → +6.6%
  AVGO    20    60%W +0.1%    50%W +0.0%    50%W -0.0%    50%W +0.0%    70%W +0.3%    55%W +0.1%       -1.5% → +1.7%
  CRWD    20    65%W +0.2%    35%W -0.1%    50%W -0.0%    40%W -0.1%    50%W -0.1%    50%W -0.1%       -1.5% → +2.7%
  TSLA    20    65%W +0.2%    70%W +0.3%    50%W -0.0%    45%W -0.1%    55%W +0.1%    50%W -0.0%       -1.8% → +3.7%
  SNPS    20    55%W +0.1%    50%W -0.0%    50%W -0.0%    45%W -0.1%    50%W -0.1%    45%W -0.0%       -2.5% → +1.6%
  SPOT    20    35%W -0.1%    40%W -0.3%    45%W -0.0%    35%W -0.3%    45%W -0.2%    45%W -0.4%       -2.9% → +2.3%
  META    20    50%W +0.0%    45%W -0.1%    40%W -0.1%    45%W -0.1%    55%W +0.1%    40%W -0.2%       -2.4% → +2.3%
  LLY     20    50%W -0.0%    60%W +0.2%    50%W -0.1%    45%W -0.2%    35%W -0.5%    35%W -0.7%       -1.9% → +2.4%
  PLTR    20    55%W +0.1%    55%W +0.2%    45%W -0.2%    45%W -0.2%    40%W -0.7%    30%W -0.6%       -4.3% → +3.5%
  QCOM    20    45%W -0.0%    40%W -0.1%    40%W -0.3%    45%W -0.1%    45%W -0.1%    30%W -0.2%       -1.7% → +0.8%
  CHTR    20    55%W +0.1%    45%W -0.1%    30%W -0.6%    35%W -0.6%    40%W -0.2%    25%W -0.3%       -2.0% → +0.9%
Pre-session top-2 (9:25, 20d EOD win rate) — 2021-10-13  OR: 09:30/3b
  #1 DDOG   +15m 55%W +0.0%  +30m 40%W -0.1%  +1h 50%W -0.0%  +2h 60%W +0.2%  +5h 70%W +0.5%  EOD 75%W +0.6%  EOD range -2.0% → +2.1%
  #2 SNOW   +15m 35%W -0.2%  +30m 35%W -0.2%  +1h 55%W +0.1%  +2h 60%W +0.2%  +5h 60%W +0.4%  EOD 60%W +0.3%  EOD range -2.5% → +2.6%
  Ticker   N          +15m          +30m           +1h           +2h           +5h           EOD           EOD range
  ----------------------------------------------------------------------------------------------------------------------
  DDOG    20    55%W +0.0%    40%W -0.1%    50%W -0.0%    60%W +0.2%    70%W +0.5%    75%W +0.6%       -2.0% → +2.1%
  SNOW    20    35%W -0.2%    35%W -0.2%    55%W +0.1%    60%W +0.2%    60%W +0.4%    60%W +0.3%       -2.5% → +2.6%
  MRVL    20    60%W +0.2%    65%W +0.2%    65%W +0.2%    65%W +0.4%    65%W +0.5%    60%W +0.3%       -1.9% → +6.6%
  AMD     20    65%W +0.1%    65%W +0.1%    60%W +0.1%    50%W -0.0%    70%W +0.4%    60%W +0.4%       -4.0% → +4.2%
  APP     20    70%W +0.1%    70%W +0.4%    35%W -0.2%    50%W -0.1%    50%W +0.1%    55%W +0.4%       -3.2% → +5.3%
  MU      20    55%W +0.2%    50%W +0.2%    50%W +0.1%    55%W +0.3%    55%W +0.1%    55%W +0.2%       -2.2% → +1.6%
  CRWD    20    70%W +0.2%    40%W -0.0%    55%W +0.0%    45%W -0.1%    50%W +0.0%    55%W +0.1%       -1.5% → +3.3%
  TSLA    20    65%W +0.2%    65%W +0.2%    55%W +0.1%    40%W -0.1%    60%W +0.2%    55%W +0.1%       -1.8% → +3.7%
  SPOT    20    35%W -0.1%    45%W -0.1%    45%W -0.0%    40%W -0.2%    50%W +0.0%    50%W -0.1%       -2.9% → +2.3%
  AVGO    20    60%W +0.1%    50%W +0.0%    50%W -0.0%    45%W -0.1%    65%W +0.3%    50%W -0.0%       -1.6% → +1.7%
  META    20    50%W +0.0%    45%W -0.1%    40%W -0.1%    50%W -0.1%    55%W +0.2%    45%W -0.2%       -2.4% → +2.3%
  SNPS    20    55%W +0.1%    50%W -0.0%    50%W -0.0%    40%W -0.2%    55%W +0.0%    40%W -0.1%       -2.5% → +1.6%
  LLY     20    45%W -0.1%    60%W +0.2%    55%W +0.1%    50%W -0.0%    35%W -0.4%    35%W -0.5%       -1.4% → +2.4%
  PLTR    20    50%W +0.0%    50%W +0.0%    45%W -0.3%    40%W -0.4%    45%W -0.4%    35%W -0.5%       -4.3% → +3.5%
  CHTR    20    55%W +0.1%    50%W +0.0%    35%W -0.4%    40%W -0.5%    45%W -0.0%    30%W -0.2%       -2.0% → +0.9%
  QCOM    20    45%W -0.0%    40%W -0.1%    40%W -0.3%    40%W -0.3%    45%W -0.1%    30%W -0.2%       -1.7% → +0.8%
Pre-session top-2 (9:25, 20d EOD win rate) — 2021-10-14  OR: 09:30/3b
  #1 DDOG   +15m 55%W +0.0%  +30m 45%W -0.0%  +1h 50%W -0.0%  +2h 65%W +0.3%  +5h 70%W +0.5%  EOD 75%W +0.6%  EOD range -2.0% → +4.4%
  #2 SNOW   +15m 40%W -0.2%  +30m 35%W -0.2%  +1h 55%W +0.1%  +2h 60%W +0.2%  +5h 60%W +0.4%  EOD 60%W +0.3%  EOD range -2.5% → +3.3%
  Ticker   N          +15m          +30m           +1h           +2h           +5h           EOD           EOD range
  ----------------------------------------------------------------------------------------------------------------------
  DDOG    20    55%W +0.0%    45%W -0.0%    50%W -0.0%    65%W +0.3%    70%W +0.5%    75%W +0.6%       -2.0% → +4.4%
  SNOW    20    40%W -0.2%    35%W -0.2%    55%W +0.1%    60%W +0.2%    60%W +0.4%    60%W +0.3%       -2.5% → +3.3%
  AMD     20    65%W +0.1%    60%W +0.0%    60%W +0.3%    50%W +0.1%    70%W +0.4%    60%W +0.4%       -4.0% → +4.2%
  APP     20    65%W +0.1%    70%W +0.3%    35%W -0.2%    45%W -0.3%    50%W +0.1%    55%W +0.4%       -3.2% → +5.3%
  MRVL    20    55%W +0.1%    60%W +0.2%    60%W +0.1%    60%W +0.4%    60%W +0.2%    55%W +0.2%       -1.9% → +6.6%
  CRWD    20    75%W +0.3%    45%W -0.0%    55%W +0.0%    50%W -0.0%    55%W +0.4%    55%W +0.1%       -1.5% → +4.3%
  TSLA    20    60%W +0.2%    60%W +0.2%    50%W -0.0%    35%W -0.1%    55%W +0.1%    55%W +0.1%       -1.8% → +3.7%
  SPOT    20    35%W -0.2%    45%W -0.1%    45%W -0.0%    40%W -0.2%    50%W +0.0%    50%W -0.1%       -2.9% → +2.3%
  MU      20    50%W +0.0%    45%W -0.1%    45%W -0.1%    50%W +0.1%    50%W -0.0%    50%W -0.0%       -2.2% → +1.6%
  AVGO    20    55%W +0.0%    50%W -0.0%    50%W -0.0%    45%W -0.1%    65%W +0.2%    50%W -0.0%       -1.6% → +1.7%
  META    20    50%W +0.0%    45%W -0.1%    40%W -0.1%    50%W -0.1%    50%W -0.0%    40%W -0.4%       -2.4% → +2.3%
  LLY     20    45%W -0.1%    55%W +0.1%    55%W +0.1%    55%W +0.2%    40%W -0.2%    40%W -0.4%       -1.4% → +2.4%
  SNPS    20    50%W -0.0%    45%W -0.2%    45%W -0.1%    35%W -0.2%    50%W -0.1%    35%W -0.3%       -2.5% → +1.6%
  CHTR    20    50%W +0.0%    45%W -0.1%    40%W -0.4%    35%W -0.5%    45%W -0.0%    35%W -0.2%       -2.0% → +0.9%
  PLTR    20    45%W -0.0%    45%W -0.2%    40%W -0.5%    35%W -0.9%    40%W -0.7%    30%W -0.5%       -4.3% → +2.9%
  QCOM    20    45%W -0.0%    40%W -0.1%    45%W -0.2%    40%W -0.2%    45%W -0.1%    30%W -0.2%       -1.7% → +0.8%
Pre-session top-2 (9:25, 20d EOD win rate) — 2021-10-15  OR: 09:30/3b
  #1 DDOG   +15m 55%W +0.0%  +30m 40%W -0.2%  +1h 45%W -0.2%  +2h 60%W +0.2%  +5h 65%W +0.5%  EOD 70%W +0.2%  EOD range -3.6% → +4.4%
  #2 APP    +15m 70%W +0.1%  +30m 75%W +0.3%  +1h 40%W -0.1%  +2h 50%W -0.2%  +5h 55%W +0.4%  EOD 60%W +0.5%  EOD range -3.2% → +5.3%
  Ticker   N          +15m          +30m           +1h           +2h           +5h           EOD           EOD range
  ----------------------------------------------------------------------------------------------------------------------
  DDOG    20    55%W +0.0%    40%W -0.2%    45%W -0.2%    60%W +0.2%    65%W +0.5%    70%W +0.2%       -3.6% → +4.4%
  APP     20    70%W +0.1%    75%W +0.3%    40%W -0.1%    50%W -0.2%    55%W +0.4%    60%W +0.5%       -3.2% → +5.3%
  AMD     20    60%W +0.1%    60%W +0.1%    60%W +0.3%    50%W +0.2%    70%W +0.4%    60%W +0.4%       -4.0% → +4.2%
  SNOW    20    45%W -0.2%    40%W -0.1%    60%W +0.1%    65%W +0.2%    60%W +0.4%    55%W +0.2%       -2.5% → +3.3%
  CRWD    20    75%W +0.2%    45%W -0.0%    55%W +0.0%    50%W -0.0%    55%W +0.4%    55%W +0.1%       -1.5% → +4.3%
  TSLA    20    65%W +0.2%    65%W +0.2%    45%W -0.0%    40%W -0.1%    55%W +0.1%    55%W +0.1%       -1.8% → +3.7%
  SPOT    20    40%W -0.1%    50%W +0.0%    45%W -0.0%    45%W -0.2%    55%W +0.1%    50%W -0.1%       -2.9% → +2.3%
  MU      20    50%W +0.0%    45%W -0.1%    45%W -0.1%    50%W +0.2%    50%W -0.0%    50%W -0.0%       -2.2% → +1.6%
  MRVL    20    50%W +0.1%    55%W +0.2%    55%W +0.1%    55%W +0.3%    55%W +0.0%    50%W +0.1%       -1.9% → +6.6%
  AVGO    20    55%W +0.0%    55%W +0.1%    55%W +0.1%    50%W +0.0%    65%W +0.2%    50%W -0.0%       -1.6% → +1.7%
  LLY     20    45%W -0.1%    55%W +0.1%    55%W +0.1%    60%W +0.3%    45%W -0.1%    45%W -0.2%       -1.4% → +2.4%
  META    20    55%W +0.0%    50%W -0.0%    45%W -0.1%    50%W +0.0%    50%W -0.0%    40%W -0.4%       -2.4% → +2.3%
  SNPS    20    50%W -0.0%    50%W -0.0%    50%W -0.0%    40%W -0.1%    50%W -0.1%    40%W -0.3%       -2.5% → +1.6%
  CHTR    20    55%W +0.0%    50%W +0.0%    45%W -0.3%    40%W -0.3%    50%W +0.0%    40%W -0.2%       -2.0% → +0.9%
  QCOM    20    40%W -0.0%    45%W -0.1%    50%W -0.1%    45%W -0.1%    50%W +0.0%    35%W -0.2%       -1.7% → +1.0%
  PLTR    20    50%W +0.0%    45%W -0.2%    40%W -0.5%    35%W -0.9%    40%W -0.7%    25%W -0.5%       -4.3% → +2.9%
Pre-session top-2 (9:25, 20d EOD win rate) — 2021-10-18  OR: 09:30/3b
  #1 DDOG   +15m 55%W +0.0%  +30m 45%W -0.0%  +1h 50%W -0.0%  +2h 65%W +0.3%  +5h 70%W +0.5%  EOD 75%W +0.6%  EOD range -3.6% → +4.4%
  #2 AMD    +15m 65%W +0.2%  +30m 60%W +0.2%  +1h 65%W +0.4%  +2h 55%W +0.4%  +5h 75%W +0.4%  EOD 65%W +0.4%  EOD range -4.0% → +4.2%
  Ticker   N          +15m          +30m           +1h           +2h           +5h           EOD           EOD range
  ----------------------------------------------------------------------------------------------------------------------
  DDOG    20    55%W +0.0%    45%W -0.0%    50%W -0.0%    65%W +0.3%    70%W +0.5%    75%W +0.6%       -3.6% → +4.4%
  AMD     20    65%W +0.2%    60%W +0.2%    65%W +0.4%    55%W +0.4%    75%W +0.4%    65%W +0.4%       -4.0% → +4.2%
  APP     20    70%W +0.1%    80%W +0.4%    45%W -0.1%    55%W +0.0%    55%W +0.5%    60%W +0.5%       -3.2% → +5.3%
  SNOW    20    50%W +0.0%    45%W -0.1%    65%W +0.2%    70%W +0.4%    60%W +0.4%    60%W +0.6%       -2.5% → +3.3%
  CRWD    20    75%W +0.2%    50%W +0.0%    60%W +0.1%    55%W +0.1%    60%W +0.5%    60%W +0.2%       -1.5% → +4.3%
  MRVL    20    55%W +0.1%    60%W +0.2%    60%W +0.1%    60%W +0.4%    60%W +0.2%    55%W +0.2%       -1.9% → +6.6%
  TSLA    20    65%W +0.2%    65%W +0.1%    50%W +0.0%    45%W -0.0%    60%W +0.2%    55%W +0.1%       -1.8% → +3.7%
  LLY     20    50%W +0.0%    60%W +0.2%    60%W +0.1%    65%W +0.3%    50%W +0.2%    50%W -0.1%       -1.4% → +2.4%
  SNPS    20    55%W +0.1%    55%W +0.1%    55%W +0.0%    40%W -0.1%    55%W +0.1%    45%W -0.1%       -2.5% → +1.6%
  SPOT    20    35%W -0.2%    45%W -0.1%    40%W -0.1%    45%W -0.2%    50%W +0.0%    45%W -0.3%       -2.9% → +2.3%
  MU      20    55%W +0.2%    45%W -0.1%    45%W -0.0%    50%W +0.2%    50%W -0.0%    45%W -0.3%       -2.2% → +1.6%
  AVGO    20    55%W +0.0%    55%W +0.0%    55%W +0.1%    45%W -0.1%    60%W +0.1%    45%W -0.1%       -1.6% → +1.7%
  META    20    55%W +0.0%    50%W -0.0%    45%W -0.1%    50%W +0.0%    50%W -0.0%    40%W -0.3%       -2.4% → +2.3%
  CHTR    20    60%W +0.1%    55%W +0.2%    50%W -0.1%    40%W -0.2%    50%W +0.0%    40%W -0.2%       -2.0% → +0.9%
  QCOM    20    45%W -0.0%    50%W -0.0%    55%W +0.1%    50%W +0.1%    55%W +0.1%    40%W -0.2%       -1.7% → +1.0%
  PLTR    20    55%W +0.1%    50%W +0.0%    40%W -0.3%    35%W -0.7%    35%W -0.9%    25%W -0.5%       -4.3% → +2.9%
Pre-session top-2 (9:25, 20d EOD win rate) — 2021-10-19  OR: 09:30/3b
  #1 AMD    +15m 65%W +0.2%  +30m 65%W +0.3%  +1h 70%W +0.5%  +2h 60%W +0.6%  +5h 80%W +0.6%  EOD 70%W +0.6%  EOD range -4.0% → +4.2%
  #2 DDOG   +15m 50%W +0.0%  +30m 45%W -0.0%  +1h 50%W -0.0%  +2h 65%W +0.3%  +5h 70%W +0.5%  EOD 70%W +0.6%  EOD range -3.6% → +4.4%
  Ticker   N          +15m          +30m           +1h           +2h           +5h           EOD           EOD range
  ----------------------------------------------------------------------------------------------------------------------
  AMD     20    65%W +0.2%    65%W +0.3%    70%W +0.5%    60%W +0.6%    80%W +0.6%    70%W +0.6%       -4.0% → +4.2%
  DDOG    20    50%W +0.0%    45%W -0.0%    50%W -0.0%    65%W +0.3%    70%W +0.5%    70%W +0.6%       -3.6% → +4.4%
  CRWD    20    70%W +0.2%    55%W +0.1%    65%W +0.1%    60%W +0.2%    65%W +0.5%    65%W +0.4%       -1.5% → +4.3%
  APP     20    65%W +0.1%    75%W +0.3%    45%W -0.1%    60%W +0.1%    60%W +0.5%    60%W +0.5%       -2.2% → +5.3%
  SNOW    20    55%W +0.2%    50%W +0.1%    65%W +0.2%    70%W +0.4%    60%W +0.4%    60%W +0.6%       -2.5% → +3.3%
  TSLA    20    65%W +0.2%    70%W +0.2%    55%W +0.1%    45%W -0.0%    65%W +0.4%    60%W +0.2%       -1.8% → +3.7%
  MRVL    20    55%W +0.1%    60%W +0.1%    60%W +0.1%    65%W +0.4%    65%W +0.5%    55%W +0.2%       -1.9% → +6.6%
  SNPS    20    55%W +0.1%    60%W +0.2%    55%W +0.0%    45%W -0.0%    60%W +0.2%    50%W +0.1%       -2.5% → +1.6%
  SPOT    20    40%W -0.1%    50%W +0.0%    40%W -0.1%    45%W -0.2%    55%W +0.1%    50%W -0.1%       -2.9% → +2.3%
  AVGO    20    55%W +0.0%    60%W +0.1%    60%W +0.2%    50%W +0.1%    65%W +0.2%    50%W -0.0%       -1.6% → +1.7%
  META    20    60%W +0.0%    50%W -0.0%    50%W +0.0%    55%W +0.2%    55%W +0.1%    45%W -0.2%       -2.4% → +2.3%
  MU      20    55%W +0.2%    45%W -0.1%    50%W +0.1%    55%W +0.4%    55%W +0.1%    45%W -0.3%       -2.2% → +1.6%
  LLY     20    55%W +0.1%    60%W +0.2%    60%W +0.1%    65%W +0.3%    45%W -0.1%    45%W -0.1%       -1.4% → +2.4%
  CHTR    20    60%W +0.1%    60%W +0.4%    55%W +0.1%    45%W -0.1%    55%W +0.2%    45%W -0.2%       -2.0% → +1.9%
  QCOM    20    50%W +0.1%    55%W +0.1%    60%W +0.2%    55%W +0.2%    60%W +0.1%    45%W -0.1%       -1.7% → +1.0%
  PLTR    20    55%W +0.1%    45%W -0.2%    35%W -0.3%    35%W -0.7%    35%W -0.7%    25%W -0.4%       -4.3% → +2.9%
Pre-session top-2 (9:25, 20d EOD win rate) — 2021-10-20  OR: 09:30/3b
  #1 AMD    +15m 65%W +0.2%  +30m 70%W +0.3%  +1h 70%W +0.5%  +2h 60%W +0.6%  +5h 80%W +0.6%  EOD 70%W +0.6%  EOD range -4.0% → +4.2%
  #2 DDOG   +15m 50%W +0.0%  +30m 50%W +0.1%  +1h 55%W +0.1%  +2h 65%W +0.3%  +5h 70%W +0.6%  EOD 70%W +0.9%  EOD range -3.6% → +4.4%
  Ticker   N          +15m          +30m           +1h           +2h           +5h           EOD           EOD range
  ----------------------------------------------------------------------------------------------------------------------
  AMD     20    65%W +0.2%    70%W +0.3%    70%W +0.5%    60%W +0.6%    80%W +0.6%    70%W +0.6%       -4.0% → +4.2%
  DDOG    20    50%W +0.0%    50%W +0.1%    55%W +0.1%    65%W +0.3%    70%W +0.6%    70%W +0.9%       -3.6% → +4.4%
  CRWD    20    65%W +0.2%    50%W +0.0%    60%W +0.1%    60%W +0.2%    65%W +0.5%    65%W +0.4%       -1.1% → +4.3%
  APP     20    65%W +0.2%    75%W +0.3%    45%W -0.1%    60%W +0.1%    60%W +0.5%    60%W +0.5%       -2.2% → +5.3%
  SNOW    20    55%W +0.2%    50%W +0.1%    60%W +0.1%    65%W +0.4%    55%W +0.2%    55%W +0.6%       -2.5% → +3.3%
  SNPS    20    55%W +0.1%    65%W +0.2%    55%W +0.1%    45%W -0.0%    65%W +0.4%    55%W +0.3%       -2.5% → +1.6%
  SPOT    20    40%W -0.1%    50%W +0.0%    40%W -0.1%    50%W +0.0%    60%W +0.2%    55%W +0.2%       -2.9% → +2.4%
  MRVL    20    55%W +0.1%    65%W +0.1%    60%W +0.1%    65%W +0.4%    65%W +0.5%    55%W +0.2%       -1.9% → +6.6%
  TSLA    20    60%W +0.2%    65%W +0.1%    50%W +0.0%    45%W -0.0%    60%W +0.2%    55%W +0.1%       -1.8% → +3.7%
  AVGO    20    60%W +0.1%    65%W +0.3%    65%W +0.4%    50%W +0.1%    65%W +0.3%    55%W +0.2%       -1.6% → +1.7%
  META    20    60%W +0.0%    55%W +0.0%    50%W +0.0%    55%W +0.2%    55%W +0.2%    50%W -0.1%       -2.4% → +2.3%
  MU      20    55%W +0.2%    50%W +0.0%    50%W +0.1%    55%W +0.5%    55%W +0.1%    50%W -0.0%       -2.2% → +1.6%
  LLY     20    60%W +0.2%    65%W +0.2%    65%W +0.2%    70%W +0.4%    50%W +0.2%    50%W +0.0%       -1.4% → +2.4%
  CHTR    20    65%W +0.1%    65%W +0.4%    60%W +0.3%    50%W +0.0%    60%W +0.3%    50%W +0.0%       -2.0% → +1.9%
  QCOM    20    55%W +0.2%    60%W +0.1%    60%W +0.2%    55%W +0.2%    65%W +0.1%    50%W +0.0%       -1.7% → +1.0%
  PLTR    20    60%W +0.2%    45%W -0.2%    35%W -0.3%    35%W -0.5%    35%W -0.5%    25%W -0.4%       -4.3% → +2.9%
Pre-session top-2 (9:25, 20d EOD win rate) — 2021-10-21  OR: 09:30/3b
  #1 DDOG   +15m 45%W -0.1%  +30m 45%W -0.0%  +1h 50%W -0.0%  +2h 60%W +0.2%  +5h 70%W +0.5%  EOD 70%W +0.5%  EOD range -3.6% → +4.4%
  #2 AMD    +15m 60%W +0.1%  +30m 65%W +0.2%  +1h 65%W +0.5%  +2h 55%W +0.4%  +5h 75%W +0.4%  EOD 65%W +0.4%  EOD range -4.0% → +4.2%
  Ticker   N          +15m          +30m           +1h           +2h           +5h           EOD           EOD range
  ----------------------------------------------------------------------------------------------------------------------
  DDOG    20    45%W -0.1%    45%W -0.0%    50%W -0.0%    60%W +0.2%    70%W +0.5%    70%W +0.5%       -3.6% → +4.4%
  AMD     20    60%W +0.1%    65%W +0.2%    65%W +0.5%    55%W +0.4%    75%W +0.4%    65%W +0.4%       -4.0% → +4.2%
  APP     20    60%W +0.1%    70%W +0.2%    40%W -0.2%    55%W +0.0%    60%W +0.5%    60%W +0.5%       -4.4% → +5.3%
  CRWD    20    60%W +0.2%    45%W -0.0%    55%W +0.0%    55%W +0.1%    60%W +0.4%    60%W +0.2%       -1.1% → +4.3%
  SNPS    20    50%W +0.0%    60%W +0.2%    50%W +0.0%    45%W -0.0%    60%W +0.2%    55%W +0.2%       -2.5% → +1.6%
  SPOT    20    40%W -0.2%    50%W -0.1%    40%W -0.2%    45%W -0.2%    60%W +0.2%    55%W +0.2%       -2.9% → +2.4%
  CHTR    20    65%W +0.1%    65%W +0.4%    60%W +0.3%    50%W +0.0%    60%W +0.3%    55%W +0.2%       -2.0% → +2.2%
  TSLA    20    55%W +0.1%    60%W +0.1%    50%W +0.0%    45%W -0.0%    60%W +0.2%    55%W +0.1%       -1.8% → +3.7%
  META    20    60%W +0.0%    55%W +0.0%    55%W +0.0%    60%W +0.2%    55%W +0.2%    50%W -0.1%       -2.4% → +2.3%
  SNOW    20    50%W -0.0%    45%W -0.1%    55%W +0.1%    60%W +0.2%    50%W -0.1%    50%W +0.2%       -2.5% → +3.3%
  MU      20    55%W +0.2%    50%W +0.0%    50%W +0.1%    55%W +0.5%    55%W +0.1%    50%W -0.0%       -2.2% → +1.5%
  LLY     20    60%W +0.1%    65%W +0.2%    60%W +0.2%    65%W +0.3%    50%W +0.2%    50%W +0.0%       -1.4% → +2.4%
  MRVL    20    50%W +0.1%    60%W +0.1%    55%W +0.1%    60%W +0.4%    60%W +0.2%    50%W +0.1%       -1.9% → +6.6%
  AVGO    20    55%W +0.0%    65%W +0.3%    65%W +0.3%    50%W +0.1%    65%W +0.2%    50%W -0.0%       -1.6% → +1.7%
  QCOM    20    50%W +0.1%    55%W +0.1%    60%W +0.1%    55%W +0.2%    60%W +0.1%    50%W +0.0%       -1.7% → +1.0%
  PLTR    20    55%W +0.1%    40%W -0.3%    30%W -0.5%    30%W -0.7%    30%W -0.7%    20%W -0.4%       -4.3% → +2.9%
Pre-session top-2 (9:25, 20d EOD win rate) — 2021-10-22  OR: 09:30/3b
  #1 DDOG   +15m 50%W +0.0%  +30m 50%W +0.1%  +1h 50%W +0.1%  +2h 60%W +0.2%  +5h 70%W +0.6%  EOD 70%W +0.6%  EOD range -3.6% → +4.4%
  #2 AMD    +15m 60%W +0.1%  +30m 65%W +0.2%  +1h 65%W +0.5%  +2h 55%W +0.4%  +5h 75%W +0.4%  EOD 65%W +0.4%  EOD range -4.0% → +4.2%
  Ticker   N          +15m          +30m           +1h           +2h           +5h           EOD           EOD range
  ----------------------------------------------------------------------------------------------------------------------
  DDOG    20    50%W +0.0%    50%W +0.1%    50%W +0.1%    60%W +0.2%    70%W +0.6%    70%W +0.6%       -3.6% → +4.4%
  AMD     20    60%W +0.1%    65%W +0.2%    65%W +0.5%    55%W +0.4%    75%W +0.4%    65%W +0.4%       -4.0% → +4.2%
  APP     20    55%W +0.1%    65%W +0.2%    40%W -0.4%    50%W -0.2%    60%W +0.7%    60%W +0.5%       -4.4% → +5.3%
  CHTR    20    60%W +0.1%    60%W +0.4%    60%W +0.3%    50%W +0.0%    60%W +0.3%    60%W +0.2%       -1.5% → +2.2%
  TSLA    20    55%W +0.1%    60%W +0.1%    55%W +0.1%    50%W +0.1%    65%W +0.3%    60%W +0.2%       -1.8% → +3.7%
  SNPS    20    50%W +0.0%    60%W +0.2%    50%W +0.0%    45%W -0.0%    60%W +0.2%    55%W +0.2%       -2.5% → +1.7%
  SPOT    20    45%W -0.2%    50%W -0.1%    45%W -0.1%    50%W +0.1%    65%W +0.2%    55%W +0.2%       -2.9% → +2.4%
  MU      20    55%W +0.2%    50%W +0.0%    50%W +0.1%    55%W +0.5%    55%W +0.1%    55%W +0.2%       -2.2% → +1.5%
  CRWD    20    55%W +0.1%    45%W -0.0%    55%W +0.0%    55%W +0.1%    60%W +0.4%    55%W +0.1%       -1.1% → +4.3%
  AVGO    20    60%W +0.1%    65%W +0.1%    65%W +0.3%    55%W +0.2%    70%W +0.3%    55%W +0.2%       -1.6% → +1.7%
  QCOM    20    50%W +0.0%    50%W -0.0%    60%W +0.1%    55%W +0.1%    60%W +0.1%    55%W +0.1%       -1.7% → +1.0%
  META    20    60%W +0.0%    55%W +0.0%    55%W +0.0%    60%W +0.2%    55%W +0.3%    50%W -0.0%       -2.4% → +2.3%
  SNOW    20    50%W -0.0%    45%W -0.1%    55%W +0.1%    60%W +0.4%    50%W -0.1%    50%W +0.2%       -2.5% → +3.3%
  MRVL    20    50%W +0.0%    60%W +0.1%    55%W +0.1%    60%W +0.3%    60%W +0.5%    50%W +0.1%       -1.9% → +6.6%
  LLY     20    55%W +0.1%    60%W +0.1%    60%W +0.2%    60%W +0.3%    45%W -0.2%    45%W -0.0%       -1.4% → +2.4%
  PLTR    20    50%W +0.0%    40%W -0.3%    30%W -0.5%    30%W -0.7%    30%W -0.7%    20%W -0.4%       -4.3% → +1.4%
Pre-session top-2 (9:25, 20d EOD win rate) — 2021-10-25  OR: 09:30/3b
  #1 DDOG   +15m 50%W +0.0%  +30m 50%W +0.1%  +1h 55%W +0.2%  +2h 60%W +0.2%  +5h 70%W +0.8%  EOD 70%W +0.6%  EOD range -3.6% → +4.4%
  #2 TSLA   +15m 55%W +0.1%  +30m 60%W +0.1%  +1h 55%W +0.1%  +2h 45%W -0.0%  +5h 65%W +0.3%  EOD 60%W +0.2%  EOD range -1.8% → +2.4%
  Ticker   N          +15m          +30m           +1h           +2h           +5h           EOD           EOD range
  ----------------------------------------------------------------------------------------------------------------------
  DDOG    20    50%W +0.0%    50%W +0.1%    55%W +0.2%    60%W +0.2%    70%W +0.8%    70%W +0.6%       -3.6% → +4.4%
  TSLA    20    55%W +0.1%    60%W +0.1%    55%W +0.1%    45%W -0.0%    65%W +0.3%    60%W +0.2%       -1.8% → +2.4%
  AMD     20    55%W +0.1%    65%W +0.2%    65%W +0.5%    55%W +0.4%    70%W +0.4%    60%W +0.4%       -4.0% → +4.2%
  APP     20    55%W +0.1%    65%W +0.2%    40%W -0.4%    50%W -0.1%    55%W +0.6%    55%W +0.4%       -4.4% → +5.3%
  SPOT    20    50%W -0.0%    50%W -0.1%    50%W -0.0%    50%W +0.1%    70%W +0.3%    55%W +0.2%       -2.9% → +2.4%
  CHTR    20    60%W +0.1%    65%W +0.4%    65%W +0.4%    55%W +0.1%    60%W +0.3%    55%W +0.2%       -1.5% → +2.2%
  SNOW    20    50%W -0.0%    45%W -0.1%    55%W +0.1%    60%W +0.4%    50%W -0.1%    50%W +0.2%       -2.5% → +3.3%
  SNPS    20    55%W +0.1%    65%W +0.2%    55%W +0.1%    45%W -0.0%    60%W +0.2%    50%W -0.0%       -2.5% → +1.7%
  MU      20    50%W +0.0%    45%W -0.1%    45%W -0.1%    50%W +0.2%    50%W -0.0%    50%W -0.0%       -2.2% → +1.5%
  LLY     20    55%W +0.0%    60%W +0.1%    60%W +0.3%    65%W +0.3%    50%W +0.2%    50%W +0.0%       -1.4% → +2.4%
  CRWD    20    55%W +0.1%    45%W -0.0%    50%W -0.0%    50%W -0.0%    55%W +0.3%    50%W -0.1%       -2.3% → +4.3%
  AVGO    20    60%W +0.1%    70%W +0.3%    70%W +0.4%    55%W +0.2%    70%W +0.3%    50%W -0.1%       -1.6% → +1.7%
  QCOM    20    45%W -0.0%    50%W -0.0%    55%W +0.0%    50%W -0.0%    55%W +0.1%    50%W -0.1%       -1.7% → +1.0%
  META    20    55%W +0.0%    50%W -0.0%    50%W +0.0%    55%W +0.1%    50%W -0.0%    45%W -0.2%       -2.4% → +2.0%
  MRVL    20    50%W +0.0%    65%W +0.1%    55%W +0.1%    55%W +0.1%    55%W +0.2%    45%W -0.1%       -1.9% → +6.6%
  PLTR    20    45%W -0.0%    40%W -0.3%    25%W -0.5%    25%W -0.9%    25%W -0.8%    15%W -0.5%       -4.3% → +1.4%
Pre-session top-2 (9:25, 20d EOD win rate) — 2021-10-26  OR: 09:30/3b
  #1 DDOG   +15m 50%W +0.0%  +30m 55%W +0.2%  +1h 60%W +0.3%  +2h 65%W +0.3%  +5h 75%W +1.0%  EOD 70%W +0.6%  EOD range -3.6% → +4.4%
  #2 CHTR   +15m 60%W +0.1%  +30m 65%W +0.4%  +1h 65%W +0.4%  +2h 55%W +0.1%  +5h 65%W +0.3%  EOD 60%W +0.3%  EOD range -1.5% → +2.2%
  Ticker   N          +15m          +30m           +1h           +2h           +5h           EOD           EOD range
  ----------------------------------------------------------------------------------------------------------------------
  DDOG    20    50%W +0.0%    55%W +0.2%    60%W +0.3%    65%W +0.3%    75%W +1.0%    70%W +0.6%       -3.6% → +4.4%
  CHTR    20    60%W +0.1%    65%W +0.4%    65%W +0.4%    55%W +0.1%    65%W +0.3%    60%W +0.3%       -1.5% → +2.2%
  TSLA    20    50%W +0.1%    65%W +0.1%    55%W +0.1%    45%W -0.0%    65%W +0.3%    60%W +0.2%       -1.8% → +7.0%
  AMD     20    50%W -0.0%    60%W +0.1%    65%W +0.5%    55%W +0.4%    70%W +0.4%    60%W +0.4%       -4.0% → +2.7%
  SNPS    20    55%W +0.1%    65%W +0.2%    55%W +0.1%    50%W +0.0%    60%W +0.4%    55%W +0.2%       -2.5% → +1.7%
  SPOT    20    47%W -0.1%    47%W -0.2%    47%W -0.1%    47%W -0.2%    68%W +0.3%    53%W +0.2%       -2.9% → +2.4%
  LLY     20    58%W +0.0%    63%W +0.1%    63%W +0.3%    68%W +0.4%    53%W +0.6%    53%W +0.0%       -1.4% → +2.4%
  APP     20    55%W +0.1%    65%W +0.2%    45%W -0.4%    50%W -0.1%    55%W +0.6%    50%W +0.1%       -4.4% → +5.3%
  CRWD    20    60%W +0.2%    50%W +0.0%    55%W +0.0%    55%W +0.1%    60%W +0.3%    50%W -0.1%       -2.3% → +4.3%
  AVGO    20    60%W +0.1%    70%W +0.3%    70%W +0.4%    55%W +0.2%    70%W +0.3%    50%W -0.1%       -1.6% → +1.7%
  QCOM    20    45%W -0.0%    45%W -0.1%    55%W +0.0%    45%W -0.0%    55%W +0.1%    50%W -0.1%       -1.7% → +1.0%
  SNOW    20    47%W -0.2%    42%W -0.1%    53%W +0.0%    58%W +0.3%    47%W -0.3%    47%W -0.3%       -2.5% → +3.3%
  META    20    60%W +0.0%    50%W -0.0%    50%W +0.0%    55%W +0.1%    50%W -0.0%    45%W -0.2%       -2.4% → +2.6%
  MU      20    45%W -0.1%    40%W -0.1%    40%W -0.2%    45%W -0.1%    45%W -0.1%    45%W -0.3%       -2.2% → +1.0%
  MRVL    20    55%W +0.1%    65%W +0.1%    55%W +0.1%    55%W +0.1%    55%W +0.2%    45%W -0.1%       -1.9% → +6.6%
  PLTR    20    47%W -0.0%    42%W -0.3%    26%W -0.6%    26%W -1.0%    26%W -0.7%    16%W -0.5%       -4.3% → +1.4%
Pre-session top-2 (9:25, 20d EOD win rate) — 2021-10-27  OR: 09:30/3b
  #1 DDOG   +15m 45%W +0.0%  +30m 55%W +0.2%  +1h 60%W +0.3%  +2h 65%W +0.2%  +5h 75%W +0.8%  EOD 70%W +0.6%  EOD range -3.6% → +4.4%
  #2 CHTR   +15m 60%W +0.1%  +30m 65%W +0.4%  +1h 65%W +0.4%  +2h 55%W +0.1%  +5h 65%W +0.3%  EOD 60%W +0.3%  EOD range -1.5% → +2.2%
  Ticker   N          +15m          +30m           +1h           +2h           +5h           EOD           EOD range
  ----------------------------------------------------------------------------------------------------------------------
  DDOG    20    45%W +0.0%    55%W +0.2%    60%W +0.3%    65%W +0.2%    75%W +0.8%    70%W +0.6%       -3.6% → +4.4%
  CHTR    20    60%W +0.1%    65%W +0.4%    65%W +0.4%    55%W +0.1%    65%W +0.3%    60%W +0.3%       -1.5% → +2.2%
  TSLA    20    55%W +0.1%    70%W +0.2%    60%W +0.2%    45%W -0.0%    65%W +0.3%    60%W +0.2%       -2.6% → +7.0%
  AMD     20    55%W +0.1%    65%W +0.2%    70%W +0.5%    60%W +0.5%    70%W +0.4%    60%W +0.4%       -1.4% → +2.7%
  LLY     20    63%W +0.1%    68%W +0.2%    68%W +0.3%    74%W +0.4%    58%W +0.6%    58%W +0.5%       -1.4% → +4.1%
  SNPS    20    50%W +0.0%    65%W +0.2%    55%W +0.1%    55%W +0.2%    65%W +0.4%    55%W +0.2%       -2.5% → +1.7%
  AVGO    20    55%W +0.0%    65%W +0.1%    65%W +0.3%    60%W +0.2%    75%W +0.3%    55%W +0.3%       -1.6% → +1.7%
  SPOT    20    53%W +0.1%    53%W +0.1%    53%W +0.0%    53%W +0.0%    63%W +0.3%    53%W +0.2%       -2.9% → +2.4%
  APP     20    60%W +0.2%    70%W +0.2%    45%W -0.2%    50%W -0.1%    55%W +0.6%    50%W +0.1%       -4.4% → +5.3%
  CRWD    20    60%W +0.2%    55%W +0.2%    60%W +0.1%    60%W +0.2%    55%W +0.2%    50%W -0.1%       -2.3% → +4.3%
  QCOM    20    40%W -0.0%    40%W -0.1%    60%W +0.1%    45%W -0.0%    55%W +0.1%    50%W -0.1%       -1.7% → +1.0%
  SNOW    20    47%W -0.1%    47%W -0.0%    53%W +0.0%    58%W +0.3%    47%W -0.4%    47%W -0.0%       -2.5% → +3.3%
  META    20    55%W +0.0%    50%W -0.0%    50%W +0.0%    55%W +0.1%    50%W -0.0%    45%W -0.2%       -3.4% → +2.6%
  MU      20    50%W +0.0%    45%W -0.1%    45%W -0.1%    50%W +0.2%    40%W -0.1%    45%W -0.2%       -2.2% → +1.0%
  MRVL    20    50%W +0.0%    60%W +0.1%    55%W +0.1%    60%W +0.2%    55%W +0.2%    45%W -0.1%       -1.9% → +6.6%
  PLTR    20    47%W -0.0%    47%W -0.2%    32%W -0.3%    32%W -0.8%    26%W -0.7%    16%W -0.4%       -4.3% → +1.4%
Pre-session top-2 (9:25, 20d EOD win rate) — 2021-10-28  OR: 09:30/3b
  #1 DDOG   +15m 40%W -0.0%  +30m 50%W +0.1%  +1h 55%W +0.2%  +2h 60%W +0.1%  +5h 70%W +0.6%  EOD 65%W +0.3%  EOD range -3.7% → +4.4%
  #2 TSLA   +15m 55%W +0.1%  +30m 65%W +0.1%  +1h 60%W +0.2%  +2h 50%W +0.1%  +5h 60%W +0.3%  EOD 60%W +0.2%  EOD range -2.6% → +7.0%
  Ticker   N          +15m          +30m           +1h           +2h           +5h           EOD           EOD range
  ----------------------------------------------------------------------------------------------------------------------
  DDOG    20    40%W -0.0%    50%W +0.1%    55%W +0.2%    60%W +0.1%    70%W +0.6%    65%W +0.3%       -3.7% → +4.4%
  TSLA    20    55%W +0.1%    65%W +0.1%    60%W +0.2%    50%W +0.1%    60%W +0.3%    60%W +0.2%       -2.6% → +7.0%
  AMD     20    50%W -0.0%    60%W +0.1%    65%W +0.5%    60%W +0.5%    65%W +0.4%    60%W +0.4%       -3.3% → +2.7%
  SPOT    20    53%W +0.1%    47%W -0.2%    47%W -0.1%    58%W +0.3%    68%W +0.3%    58%W +0.2%       -2.8% → +2.6%
  CHTR    20    60%W +0.1%    65%W +0.4%    65%W +0.4%    55%W +0.1%    60%W +0.2%    55%W +0.2%       -1.5% → +2.2%
  LLY     20    63%W +0.1%    68%W +0.2%    68%W +0.3%    74%W +0.4%    53%W +0.6%    53%W +0.0%       -1.4% → +4.1%
  APP     20    60%W +0.1%    65%W +0.2%    40%W -0.4%    45%W -0.3%    50%W -0.0%    50%W +0.0%       -4.4% → +5.3%
  SNPS    20    45%W -0.1%    60%W +0.2%    50%W +0.0%    55%W +0.2%    60%W +0.4%    50%W +0.0%       -2.8% → +1.7%
  CRWD    20    55%W +0.1%    55%W +0.2%    60%W +0.1%    60%W +0.2%    55%W +0.2%    50%W -0.1%       -4.0% → +4.3%
  AVGO    20    55%W +0.0%    65%W +0.1%    60%W +0.2%    65%W +0.2%    70%W +0.3%    50%W +0.2%       -1.6% → +1.7%
  QCOM    20    40%W -0.0%    40%W -0.1%    60%W +0.0%    50%W +0.0%    55%W +0.1%    50%W -0.0%       -1.7% → +1.0%
  SNOW    20    47%W -0.1%    53%W +0.0%    53%W +0.0%    63%W +0.3%    53%W +0.1%    47%W -0.0%       -2.5% → +3.3%
  META    20    55%W +0.0%    50%W -0.0%    50%W -0.0%    55%W +0.1%    50%W -0.0%    45%W -0.2%       -3.4% → +2.6%
  MRVL    20    50%W +0.0%    55%W +0.1%    50%W +0.1%    60%W +0.2%    55%W +0.5%    45%W -0.1%       -1.9% → +6.6%
  MU      20    45%W -0.1%    40%W -0.1%    40%W -0.2%    45%W -0.1%    40%W -0.1%    40%W -0.3%       -2.2% → +1.0%
  PLTR    20    42%W -0.1%    42%W -0.3%    26%W -0.6%    32%W -0.8%    26%W -0.7%    16%W -0.4%       -4.3% → +1.4%
Pre-session top-2 (9:25, 20d EOD win rate) — 2021-10-29  OR: 09:30/3b
  #1 TSLA   +15m 50%W +0.1%  +30m 60%W +0.1%  +1h 60%W +0.2%  +2h 50%W +0.1%  +5h 60%W +0.3%  EOD 65%W +0.3%  EOD range -2.6% → +7.0%
  #2 DDOG   +15m 40%W -0.0%  +30m 50%W +0.1%  +1h 55%W +0.2%  +2h 65%W +0.2%  +5h 70%W +0.8%  EOD 65%W +0.6%  EOD range -3.7% → +4.4%
  Ticker   N          +15m          +30m           +1h           +2h           +5h           EOD           EOD range
  ----------------------------------------------------------------------------------------------------------------------
  TSLA    20    50%W +0.1%    60%W +0.1%    60%W +0.2%    50%W +0.1%    60%W +0.3%    65%W +0.3%       -2.6% → +7.0%
  DDOG    20    40%W -0.0%    50%W +0.1%    55%W +0.2%    65%W +0.2%    70%W +0.8%    65%W +0.6%       -3.7% → +4.4%
  CHTR    20    60%W +0.1%    70%W +0.4%    70%W +0.5%    60%W +0.2%    65%W +0.3%    60%W +0.3%       -1.5% → +2.2%
  AMD     20    45%W -0.2%    65%W +0.2%    70%W +0.5%    60%W +0.5%    60%W +0.3%    60%W +0.4%       -3.3% → +2.7%
  SPOT    20    58%W +0.1%    53%W +0.1%    47%W -0.1%    58%W +0.3%    68%W +0.3%    58%W +0.2%       -2.8% → +2.6%
  SNPS    20    45%W -0.0%    65%W +0.2%    55%W +0.1%    60%W +0.3%    65%W +0.4%    55%W +0.2%       -2.8% → +1.7%
  AVGO    20    55%W +0.0%    65%W +0.1%    60%W +0.2%    70%W +0.2%    70%W +0.3%    55%W +0.6%       -1.6% → +1.7%
  QCOM    20    40%W -0.1%    40%W -0.1%    60%W +0.0%    50%W +0.0%    60%W +0.1%    55%W +0.1%       -1.7% → +1.0%
  LLY     20    58%W +0.0%    63%W +0.1%    63%W +0.3%    74%W +0.4%    53%W +0.6%    53%W +0.0%       -1.3% → +4.1%
  APP     20    65%W +0.1%    65%W +0.2%    45%W -0.2%    45%W -0.2%    50%W -0.2%    50%W +0.0%       -4.4% → +5.3%
  META    20    50%W -0.0%    50%W -0.0%    50%W -0.0%    55%W +0.1%    50%W -0.0%    50%W -0.0%       -3.4% → +2.6%
  MRVL    20    45%W -0.1%    50%W +0.0%    55%W +0.1%    65%W +0.2%    55%W +0.5%    50%W +0.1%       -1.9% → +6.6%
  CRWD    20    60%W +0.1%    60%W +0.3%    60%W +0.1%    60%W +0.2%    55%W +0.2%    50%W -0.1%       -4.0% → +4.3%
  SNOW    20    53%W +0.2%    58%W +0.2%    53%W +0.0%    63%W +0.5%    53%W +0.1%    47%W -0.0%       -2.5% → +3.3%
  MU      20    50%W +0.0%    40%W -0.1%    40%W -0.2%    45%W -0.1%    40%W -0.1%    40%W -0.2%       -2.2% → +1.0%
  PLTR    20    47%W -0.0%    47%W -0.2%    32%W -0.3%    37%W -0.6%    32%W -0.6%    21%W -0.4%       -4.3% → +1.6%

=========================================================================================================================================================================================
Pre-Session Top-2 Performance — 2021-10-01 to 2021-10-29  |  Unconditional OR-close entry  |  OR: 09:30/3b
=========================================================================================================================================================================================
Date         Ticker Rank  At       Entry       +15m       +30m       +45m        +1h     +1h30m        +2h        +3h        +4h        +5h        +6h        +7h        EOD
-----------------------------------------------------------------------------------------------------------------------------------------------------------------------------------------
2021-10-01   DDOG   #1    09:40   143.18    -0.98%L    -0.47%L    -1.24%L    -1.13%L    +0.06%W    +0.16%W    +0.15%W    +0.66%W    +0.67%W    +0.97%W    +0.97%W    +0.97%W
2021-10-01   SNOW   #2    09:40   301.91    -0.66%L    -0.60%L    -0.77%L    -0.97%L    +0.20%W    +1.07%W    +0.11%W    +0.24%W    +0.10%W    +0.82%W    +0.68%W    +0.68%W
2021-10-04   DDOG   #1    09:40   138.56    +0.61%W    -1.67%L    -1.57%L    -1.69%L    -1.09%L    -2.20%L    -2.25%L    -1.80%L    -1.58%L    -1.61%L    -1.04%L    -1.04%L
2021-10-04   SNOW   #2    09:40   295.50    +0.76%W    -0.11%L    -1.01%L    -0.98%L    -0.43%L    -1.25%L    -1.24%L    -0.58%L    -0.43%L    -0.45%L    -0.31%L    -0.31%L
2021-10-05   DDOG   #1    09:40   139.63    +0.49%W    +1.33%W    +0.99%W    +1.22%W    +1.96%W    +1.26%W    +0.51%W    +1.41%W    +1.79%W    +1.81%W    +1.60%W    +1.60%W
2021-10-05   MU     #2    09:40    70.27    -0.71%L    -0.11%L    +0.11%W    +0.80%W    +0.84%W    +0.48%W    +0.84%W    +1.01%W    +0.67%W    +0.64%W    +0.31%W    +0.31%W
2021-10-06   DDOG   #1    09:40   143.64    -0.51%L    -0.72%L    -0.04%L    +1.11%W    +0.91%W    +0.38%W    +0.64%W    -0.13%L    +0.21%W    -0.21%L    -0.23%L    -0.23%L
2021-10-06   MU     #2    09:40    70.14    -0.75%L    -0.43%L    -0.14%L    -0.63%L    -0.42%L    -1.08%L    -0.93%L    -0.46%L    -0.25%L    -0.71%L    -0.28%L    -0.28%L
2021-10-07   DDOG   #1    09:40   144.98    +0.00%L    -0.01%L    -0.44%L    -0.32%L    +0.39%W    +0.41%W    -0.10%L    +0.09%W    -1.27%L    -1.81%L    -1.99%L    -1.99%L
2021-10-07   MU     #2    09:40    71.01    +0.49%W    +0.34%W    +0.72%W    +0.69%W    +0.33%W    +0.77%W    +0.53%W    +0.32%W    -0.16%L    -0.44%L    -0.65%L    -0.65%L
2021-10-08   DDOG   #1    09:40   142.84    -0.81%L    +0.16%W    +0.08%W    -1.56%L    -0.63%L    -1.59%L    -0.98%L    -1.58%L    -1.74%L    -1.81%L    -1.79%L    -1.79%L
2021-10-08   SNOW   #2    09:40   321.10    -0.92%L    -0.55%L    -0.81%L    -1.64%L    -1.31%L    -2.02%L    -1.49%L    -1.70%L    -1.78%L    -2.15%L    -2.46%L    -2.46%L
2021-10-11   DDOG   #1    09:40   139.79    +0.22%W    +0.86%W    +1.15%W    +1.35%W    +1.81%W    +3.09%W    +2.72%W    +2.73%W    +2.24%W    +2.24%W    +1.50%W    +1.50%W
2021-10-11   MU     #2    09:40    69.78    +0.64%W    +0.55%W    +0.42%W    +0.18%W    +0.41%W    +0.59%W    +0.22%W    +0.06%W    -0.04%L    -0.38%L    -0.79%L    -0.79%L
2021-10-12   DDOG   #1    09:40   142.79    -0.76%L    -0.07%L    +0.26%W    -0.04%L    -0.54%L    +0.18%W    +1.28%W    +2.14%W    +2.07%W    +2.17%W    +1.96%W    +1.96%W
2021-10-12   MU     #2    09:40    68.26    -0.48%L    -1.36%L    -1.90%L    -2.24%L    -2.04%L    -2.64%L    -2.94%L    -3.24%L    -2.70%L    -2.66%L    -2.24%L    -2.24%L
2021-10-13   DDOG   #1    09:40   149.30    +0.79%W    +0.85%W    +1.60%W    +1.30%W    +1.57%W    +1.58%W    +2.90%W    +3.52%W    +3.88%W    +4.56%W    +4.42%W    +4.42%W
2021-10-13   SNOW   #2    09:40   317.50    +0.76%W    +0.99%W    +1.70%W    +1.11%W    +1.44%W    +1.30%W    +1.44%W    +2.67%W    +2.36%W    +3.23%W    +3.32%W    +3.32%W
2021-10-14   DDOG   #1    09:40   159.00    +0.50%W    -0.74%L    -1.41%L    -0.71%L    -1.04%L    -1.33%L    -0.69%L    -2.65%L    -2.86%L    -3.41%L    -3.61%L    -3.61%L
2021-10-14   SNOW   #2    09:40   334.75    +0.63%W    +0.29%W    -0.41%L    +0.30%W    +0.36%W    +0.03%W    +0.35%W    -0.15%L    -0.90%L    -0.97%L    -0.82%L    -0.82%L
2021-10-15   DDOG   #1    09:40   151.54    +2.23%W    +2.45%W    +2.65%W    +2.45%W    +2.89%W    +2.36%W    +2.23%W    +1.67%W    +1.89%W    +1.72%W    +1.94%W    +1.94%W
2021-10-15   APP    #2    09:40    90.28    +1.75%W    +1.85%W    +0.98%W    +0.85%W    +1.15%W    +0.84%W    +1.25%W    +1.03%W    +1.63%W    +1.68%W    +1.69%W    +1.69%W
2021-10-18   DDOG   #1    09:40   158.44    -0.47%L    -0.71%L    -0.49%L    -1.05%L    -0.78%L    -0.50%L    -0.56%L    -1.34%L    -0.37%L    -0.72%L    -0.64%L    -0.64%L
2021-10-18   AMD    #2    09:40   113.34    +0.48%W    +0.37%W    +0.80%W    +0.68%W    +0.68%W    +2.14%W    +2.47%W    +2.79%W    +2.55%W    +2.66%W    +2.74%W    +2.74%W
2021-10-19   AMD    #1    09:40   115.12    -0.28%L    +0.08%W    +0.38%W    +0.50%W    +0.73%W    +1.65%W    +1.38%W    +1.33%W    +0.87%W    +0.86%W    +1.04%W    +1.04%W
2021-10-19   DDOG   #2    09:40   156.92    -0.14%L    +0.32%W    +0.55%W    +0.25%W    +1.00%W    +1.45%W    +1.37%W    +0.40%W    +1.04%W    +1.20%W    +0.78%W    +0.78%W
2021-10-20   AMD    #1    09:40   118.07    -0.62%L    -0.78%L    -0.70%L    -1.05%L    -1.06%L    -0.95%L    -1.41%L    -1.84%L    -1.60%L    -1.47%L    -1.40%L    -1.40%L
2021-10-20   DDOG   #2    09:40   158.44    -1.10%L    -1.90%L    -1.10%L    -1.15%L    -1.28%L    -0.48%L    -0.03%L    -0.27%L    +0.50%W    +0.17%W    +0.26%W    +0.26%W
2021-10-21   DDOG   #1    09:40   160.23    +0.21%W    +0.49%W    +0.07%W    +0.20%W    +0.16%W    -0.03%L    +0.77%W    +1.07%W    +1.04%W    +0.67%W    +0.32%W    +0.32%W
2021-10-21   AMD    #2    09:40   117.58    +0.08%W    +0.58%W    +0.43%W    +0.64%W    +0.83%W    +0.55%W    +0.40%W    +0.63%W    +0.60%W    +1.57%W    +1.50%W    +1.50%W
2021-10-22   DDOG   #1    09:40   160.78    -0.02%L    -0.09%L    +0.66%W    +0.38%W    +1.10%W    +0.01%W    +0.92%W    +0.93%W    +1.01%W    +1.00%W    +0.95%W    +0.95%W
2021-10-22   AMD    #2    09:40   121.20    -0.90%L    -1.37%L    -0.79%L    -1.26%L    -1.01%L    -2.07%L    -1.03%L    -1.11%L    -0.82%L    -1.08%L    -1.13%L    -1.13%L
2021-10-25   DDOG   #1    09:40   161.03    -0.17%L    +1.69%W    +1.36%W    +0.95%W    +1.08%W    +1.08%W    +1.00%W    +0.54%W    +1.02%W    +0.78%W    +0.38%W    +0.38%W
2021-10-25   TSLA   #2    09:40   957.45    -0.46%L    +0.15%W    +1.89%W    +1.23%W    +1.18%W    +1.50%W    +3.82%W    +3.91%W    +6.29%W    +7.17%W    +7.04%W    +7.04%W
2021-10-26   DDOG   #1    09:40   162.45    +0.00%L    +0.94%W    +1.00%W    +1.20%W    +0.44%W    +0.07%W    -1.05%L    -0.28%L    +0.09%W    +0.94%W    +0.89%W    +0.89%W
2021-10-26   CHTR   #2    09:40   729.29    +0.52%W    +0.75%W    +0.71%W    +0.45%W    +0.54%W    +0.63%W    +0.39%W    -0.05%L    -0.51%L    +0.12%W    -0.12%L    -0.12%L
2021-10-27   DDOG   #1    09:40   163.14    -1.26%L    -3.86%L    -3.96%L    -3.11%L    -2.31%L    -2.34%L    -3.65%L    -2.43%L    -2.95%L    -3.36%L    -3.68%L    -3.68%L
2021-10-27   CHTR   #2    09:40   721.37    +0.11%W    +0.20%W    +0.16%W    +0.53%W    +0.10%W    +0.44%W    +0.06%W    -0.25%L    -0.06%L    -0.68%L    -0.95%L    -0.95%L
2021-10-28   DDOG   #1    09:40   157.70    +0.13%W    +0.93%W    +1.01%W    +1.14%W    +1.75%W    +1.52%W    +1.81%W    +1.75%W    +1.19%W    +1.76%W    +2.15%W    +2.15%W
2021-10-28   TSLA   #2    09:40  1064.15    -0.41%L    -0.26%L    -0.36%L    +0.57%W    +0.53%W    +0.76%W    +1.01%W    +0.60%W    +0.31%W    +0.34%W    +1.22%W    +1.22%W
2021-10-29   TSLA   #1    09:40  1080.40    +1.51%W    +0.77%W    +0.74%W    +0.87%W    +0.76%W    +1.05%W    +1.24%W    +1.51%W    +1.53%W    +2.05%W    +3.13%W    +3.13%W
2021-10-29   DDOG   #2    09:40   166.12    +0.11%W    +0.51%W    +0.50%W    +0.08%W    +0.26%W    +0.19%W    +1.35%W    +1.44%W    +1.12%W    +0.90%W    +0.57%W    +0.57%W

========================================================================================
Pre-session picks summary — 42 pick(s) across 21 trading day(s)

Top-2 picks (all days)  (42 signal(s))
  Hold      Count   Win Rate   Avg Gain    Avg Win   Avg Loss ProfitFactor   Sum Ret%
  -------------------------------------------------------------------------
  +15m         42      47.6%     +0.01%     +0.65%     -0.56%        1.05x     +0.61%
  +30m         42      54.8%     +0.04%     +0.76%     -0.83%        1.10x     +1.63%
  +45m         42      59.5%     +0.09%     +0.84%     -1.01%        1.22x     +3.79%
  +1h          42      61.9%     +0.04%     +0.81%     -1.22%        1.08x     +1.50%
  +1h30m       42      69.0%     +0.27%     +0.88%     -1.07%        1.83x    +11.52%
  +2h          42      69.0%     +0.22%     +0.95%     -1.42%        1.49x     +9.04%
  +3h          42      66.7%     +0.35%     +1.18%     -1.31%        1.81x    +14.81%
  +4h          42      59.5%     +0.35%     +1.38%     -1.17%        1.74x    +14.60%
  +5h          42      59.5%     +0.40%     +1.47%     -1.18%        1.83x    +16.62%
  +6h          42      59.5%     +0.43%     +1.68%     -1.41%        1.76x    +18.17%
  +7h          42      57.1%     +0.41%     +1.72%     -1.34%        1.71x    +17.23%
  EOD          42      57.1%     +0.41%     +1.72%     -1.34%        1.71x    +17.23%

=========================================================================================================================================================================================
Signal Analysis — 2021-10-01 to 2021-10-29  |  BULL only  |  Vol ≥ 1.0x 20dAvg
Windows: 09:30/3b  |  Collection: 3 bars  |  Tickers: 19
=========================================================================================================================================================================================
Date         Ticker Window   At       Entry  Vol/20d       +15m       +30m       +45m        +1h     +1h30m        +2h        +3h        +4h        +5h        +6h        +7h        EOD
-----------------------------------------------------------------------------------------------------------------------------------------------------------------------------------------
2021-10-01   DDOG   09:30/3b 09:40   143.18    2.29x    -0.98%L    -0.47%L    -1.24%L    -1.13%L    +0.06%W    +0.16%W    +0.15%W    +0.66%W    +0.67%W    +0.97%W    +0.97%W    +0.97%W
2021-10-05   MRVL   09:30/3b 09:40    58.85    2.20x    +0.49%W    +1.07%W    +0.75%W    +1.12%W    +1.56%W    +1.19%W    +1.34%W    +1.80%W    +1.49%W    +1.22%W    +0.92%W    +0.92%W
2021-10-05   TSLA   09:30/3b 09:40   789.87    1.06x    +0.67%W    +0.46%W    -0.11%L    +0.11%W    -0.47%L    -1.24%L    -1.44%L    -1.45%L    -0.67%L    -0.98%L    -1.17%L    -1.17%L
2021-10-05   QCOM   09:30/3b 09:40   126.51    1.01x    -0.54%L    -0.31%L    -0.02%L    +0.16%W    +0.89%W    +0.51%W    +1.18%W    +1.39%W    +1.71%W    +1.24%W    +0.83%W    +0.83%W
2021-10-06   SPOT   09:30/3b 09:45   229.99    1.88x    -2.07%L    -1.02%L    +0.10%W    +0.30%W    -0.51%L    +0.46%W    +0.05%W    +0.98%W    +1.05%W    +1.02%W    +0.85%W    +0.85%W
2021-10-06   MRVL   09:30/3b 09:40    59.82    2.72x    -0.77%L    -0.07%L    +0.32%W    +0.13%W    -0.10%L    +3.32%W    +3.77%W    +5.02%W    +7.22%W    +6.19%W    +6.59%W    +6.59%W
2021-10-06   CRWD   09:30/3b 09:40   250.20    1.46x    -1.13%L    -1.24%L    -0.41%L    -0.04%L    -0.47%L    -0.37%L    -0.39%L    -0.57%L    -0.19%L    -1.03%L    -0.79%L    -0.79%L
2021-10-07   SPOT   09:30/3b 09:40   237.86    1.17x    -0.29%L    -0.24%L    -0.87%L    -0.58%L    -1.06%L    -0.88%L    -0.62%L    -0.19%L    -1.28%L    -1.30%L    -1.32%L    -1.32%L
2021-10-08   META   09:30/3b 09:40   332.02    1.57x    -0.48%L    -0.40%L    +0.37%W    -0.13%L    +0.11%W    -0.21%L    -0.01%L    -0.42%L    -0.18%L    -0.51%L    -0.61%L    -0.61%L
2021-10-08   CRWD   09:30/3b 09:40   247.90    1.09x    -0.36%L    +0.60%W    +0.06%W    -1.13%L    -0.48%L    -1.33%L    -0.67%L    -1.41%L    -0.93%L    -1.17%L    -1.13%L    -1.13%L
2021-10-11   TSLA   09:30/3b 09:40   796.05    1.24x    +0.17%W    +0.10%W    -0.14%L    -0.51%L    -0.05%L    -0.39%L    -0.07%L    -0.22%L    +0.11%W    -0.15%L    -0.55%L    -0.55%L
2021-10-11   AVGO   09:30/3b 09:40   494.81    1.13x    +0.45%W    +0.70%W    +0.77%W    +0.61%W    +0.88%W    +0.86%W    +0.39%W    +0.17%W    +0.37%W    -0.06%L    -0.53%L    -0.53%L
2021-10-12   SNPS   09:30/3b 09:40   292.60    1.01x    -0.52%L    +0.07%W    +0.25%W    -0.04%L    -0.09%L    -0.49%L    +0.04%W    +0.44%W    +0.46%W    -0.36%L    -0.19%L    -0.19%L
2021-10-12   TSLA   09:30/3b 09:40   804.65    2.08x    +0.15%W    -0.08%L    +0.10%W    +0.19%W    +0.34%W    -0.02%L    +0.38%W    +0.73%W    +0.76%W    -0.14%L    +0.13%W    +0.13%W
2021-10-13   CRWD   09:30/3b 09:40   259.37    1.34x    +0.77%W    +1.71%W    +2.66%W    +3.01%W    +2.77%W    +2.72%W    +3.31%W    +3.43%W    +3.54%W    +4.45%W    +4.27%W    +4.27%W
2021-10-13   DDOG   09:30/3b 09:45   149.84    1.88x    +0.41%W    +0.65%W    +0.74%W    +1.11%W    +1.71%W    +1.63%W    +2.56%W    +3.11%W    +3.56%W    +4.31%W    +4.04%W    +4.04%W
2021-10-14   SPOT   09:30/3b 09:40   244.85    1.08x    +0.07%W    +0.39%W    -0.33%L    -0.34%L    +0.15%W    +0.37%W    +1.12%W    +1.20%W    +0.96%W    +0.98%W    +0.96%W    +0.96%W
2021-10-14   MU     09:30/3b 09:40    67.38    1.34x    +0.15%W    +0.56%W    +0.78%W    +0.70%W    +0.44%W    +0.73%W    +0.83%W    +0.88%W    +0.88%W    +0.45%W    +0.62%W    +0.62%W
2021-10-14   CRWD   09:30/3b 09:40   271.17    2.77x    +0.23%W    +0.37%W    +0.65%W    +0.69%W    +0.28%W    +1.04%W    +1.42%W    +1.15%W    +1.37%W    +1.77%W    +1.78%W    +1.78%W
2021-10-14   DDOG   09:30/3b 09:40   159.00    2.27x    +0.50%W    -0.74%L    -1.41%L    -0.71%L    -1.04%L    -1.33%L    -0.69%L    -2.65%L    -2.86%L    -3.41%L    -3.61%L    -3.61%L
2021-10-15   AMD    09:30/3b 09:45   112.27    1.07x    +0.06%W    -0.05%L    -0.06%L    +0.12%W    +0.13%W    -0.21%L    -0.28%L    -0.17%L    -0.24%L    -0.23%L    -0.14%L    -0.14%L
2021-10-18   SNOW   09:30/3b 09:40   338.98    2.71x    +0.18%W    +0.24%W    -0.36%L    -0.89%L    -0.61%L    -0.88%L    -0.46%L    -0.40%L    -0.62%L    -0.58%L    -0.30%L    -0.30%L
2021-10-18   LLY    09:30/3b 09:40   238.98    1.98x    +0.64%W    +0.98%W    +1.46%W    +0.63%W    +0.50%W    +0.70%W    +0.16%W    -0.36%L    -0.44%L    -0.06%L    -0.02%L    -0.02%L
2021-10-18   CRWD   09:30/3b 09:40   282.06    3.86x    -0.28%L    +0.28%W    +0.86%W    +0.41%W    +0.40%W    +0.46%W    +0.57%W    -0.23%L    +0.35%W    +0.86%W    +1.27%W    +1.27%W
2021-10-18   AMD    09:30/3b 09:40   113.34    1.42x    +0.48%W    +0.37%W    +0.80%W    +0.68%W    +0.68%W    +2.14%W    +2.47%W    +2.79%W    +2.55%W    +2.66%W    +2.74%W    +2.74%W
2021-10-18   DDOG   09:30/3b 09:40   158.44    1.05x    -0.47%L    -0.71%L    -0.49%L    -1.05%L    -0.78%L    -0.50%L    -0.56%L    -1.34%L    -0.37%L    -0.72%L    -0.64%L    -0.64%L
2021-10-19   SPOT   09:30/3b 09:40   249.54    1.38x    +0.10%W    +0.25%W    +1.59%W    +1.48%W    +2.03%W    +1.27%W    +2.08%W    +2.34%W    +1.74%W    +2.13%W    +2.40%W    +2.40%W
2021-10-19   CRWD   09:30/3b 09:40   283.40    1.37x    -0.35%L    -0.50%L    -0.24%L    -0.85%L    +0.22%W    -0.08%L    -0.14%L    +0.07%W    -0.38%L    -0.05%L    -0.35%L    -0.35%L
2021-10-19   PLTR   09:30/3b 09:50    25.02    1.30x    -0.89%L    -1.58%L    -1.68%L    -1.38%L    -1.36%L    -1.16%L    -1.18%L    -0.96%L    -1.52%L    -1.46%L    -1.28%L    -1.28%L
2021-10-19   DDOG   09:30/3b 09:45   158.39    2.52x    -0.98%L    -0.60%L    -0.57%L    -0.46%L    -0.15%L    +0.75%W    +0.25%W    -0.51%L    -0.34%L    +0.03%W    -0.15%L    -0.15%L
2021-10-20   MU     09:30/3b 09:50    67.96    1.02x    +0.46%W    +1.10%W    +1.71%W    +1.58%W    +1.08%W    +1.32%W    +0.96%W    +0.44%W    +0.68%W    +0.38%W    +0.46%W    +0.46%W
2021-10-20   AMD    09:30/3b 09:40   118.07    1.33x    -0.62%L    -0.78%L    -0.70%L    -1.05%L    -1.06%L    -0.95%L    -1.41%L    -1.84%L    -1.60%L    -1.47%L    -1.40%L    -1.40%L
2021-10-21   APP    09:30/3b 09:40    94.28    4.17x    -0.79%L    -0.78%L    -1.41%L    -1.13%L    -0.92%L    -0.40%L    +0.30%W    +1.67%W    +1.07%W    +2.05%W    +2.23%W    +2.23%W
2021-10-21   CRWD   09:30/3b 09:40   284.85    1.25x    -0.28%L    +0.24%W    -0.14%L    +0.16%W    -0.22%L    -0.39%L    -0.13%L    +0.64%W    +0.37%W    +0.21%W    -0.27%L    -0.27%L
2021-10-21   TSLA   09:30/3b 09:40   884.18    3.95x    -0.25%L    +0.79%W    +1.25%W    +1.56%W    +1.36%W    +0.86%W    +1.29%W    +0.86%W    +1.14%W    +1.19%W    +1.07%W    +1.07%W
2021-10-21   DDOG   09:30/3b 09:40   160.23    1.04x    +0.21%W    +0.49%W    +0.07%W    +0.20%W    +0.16%W    -0.03%L    +0.77%W    +1.07%W    +1.04%W    +0.67%W    +0.32%W    +0.32%W
2021-10-22   SNPS   09:30/3b 09:40   324.68    1.06x    +0.44%W    +0.33%W    +0.63%W    +0.18%W    -0.02%L    -0.62%L    -0.16%L    -0.62%L    -0.50%L    -0.93%L    -1.19%L    -1.19%L
2021-10-22   MU     09:30/3b 09:40    68.81    1.05x    -0.74%L    -0.68%L    -0.67%L    -1.13%L    -1.67%L    -2.25%L    -1.95%L    -1.89%L    -1.48%L    -1.85%L    -1.89%L    -1.89%L
2021-10-22   LLY    09:30/3b 09:50   240.87    1.24x    -0.36%L    -0.12%L    +0.26%W    +0.52%W    +0.55%W    +0.41%W    +0.48%W    +0.64%W    +0.76%W    +1.21%W    +1.16%W    +1.16%W
2021-10-22   CRWD   09:30/3b 09:40   289.89    1.07x    -0.37%L    -0.63%L    -0.02%L    -1.07%L    -0.85%L    -2.53%L    -2.46%L    -2.72%L    -2.44%L    -2.26%L    -2.32%L    -2.32%L
2021-10-22   TSLA   09:30/3b 09:40   901.25    1.19x    +0.42%W    +0.65%W    +0.87%W    +0.51%W    +0.39%W    -0.17%L    +0.62%W    +0.44%W    +0.49%W    +0.73%W    +0.92%W    +0.92%W
2021-10-25   APP    09:30/3b 09:40    95.18    1.21x    +0.35%W    +1.07%W    +0.89%W    +0.75%W    -0.17%L    -0.30%L    -1.13%L    -1.28%L    -1.78%L    -1.39%L    -1.71%L    -1.71%L
2021-10-25   META   09:30/3b 09:45   323.61    1.25x    +0.77%W    +0.03%W    +0.10%W    +0.07%W    +0.33%W    +0.04%W    +0.80%W    +0.24%W    +0.67%W    +1.49%W    +1.67%W    +1.67%W
2021-10-26   META   09:30/3b 09:40   327.02    2.67x    -1.14%L    -0.87%L    -1.08%L    -1.92%L    -2.07%L    -2.56%L    -4.43%L    -4.08%L    -4.38%L    -3.11%L    -3.43%L    -3.43%L
2021-10-26   CRWD   09:30/3b 09:40   292.50    3.95x    +0.76%W    +1.01%W    +1.34%W    +1.40%W    +0.77%W    +0.56%W    -2.11%L    -1.95%L    -2.23%L    -1.58%L    -1.84%L    -1.84%L
2021-10-26   TSLA   09:30/3b 09:40  1045.14    2.39x    +2.48%W    +2.81%W    +3.40%W    +3.70%W    -0.03%L    -0.93%L    -2.67%L    -2.68%L    -1.39%L    -2.48%L    -2.59%L    -2.59%L
2021-10-26   AVGO   09:30/3b 09:40   529.79    2.83x    -0.68%L    -0.42%L    -0.37%L    -0.50%L    +0.10%W    +0.18%W    -0.10%L    +0.19%W    +0.54%W    +0.86%W    +0.82%W    +0.82%W
2021-10-26   AMD    09:30/3b 09:50   124.81    1.20x    +0.29%W    +1.40%W    +1.46%W    +1.03%W    +0.28%W    -0.10%L    -1.37%L    -0.77%L    -1.29%L    -1.59%L    -1.47%L    -1.47%L
2021-10-27   APP    09:30/3b 09:50    98.27    1.04x    -0.57%L    -1.28%L    -1.92%L    -2.81%L    -2.13%L    -2.36%L    -2.04%L    -2.29%L    -2.39%L    -3.00%L    -3.32%L    -3.32%L
2021-10-27   META   09:30/3b 09:40   316.65    1.69x    -0.66%L    -1.09%L    -0.44%L    -0.12%L    -0.50%L    -0.50%L    -0.29%L    -0.14%L    -0.49%L    -0.79%L    -1.40%L    -1.40%L
2021-10-27   SNOW   09:30/3b 09:40   348.84    1.12x    +0.42%W    +0.05%W    +0.13%W    -0.10%L    -0.14%L    +0.13%W    +0.13%W    +0.34%W    +0.30%W    -0.35%L    -0.50%L    -0.50%L
2021-10-27   LLY    09:30/3b 09:45   251.63    1.70x    +0.68%W    +0.73%W    +0.27%W    +0.56%W    +0.57%W    +0.09%W    -0.52%L    -0.68%L    -0.57%L    -0.53%L    -0.58%L    -0.58%L
2021-10-27   MRVL   09:30/3b 09:45    68.29    1.06x    -0.13%L    -0.37%L    -0.59%L    -1.42%L    -0.44%L    -0.59%L    -0.19%L    -0.04%L    +0.27%W    -0.78%L    -0.85%L    -0.85%L
2021-10-27   AVGO   09:30/3b 09:40   530.64    1.32x    +0.33%W    +0.26%W    +0.24%W    -0.06%L    +0.54%W    +0.69%W    -0.38%L    -0.15%L    -0.35%L    -0.82%L    -1.43%L    -1.43%L
2021-10-27   AMD    09:30/3b 09:40   126.45    3.72x    -1.57%L    -3.14%L    -1.09%L    -1.80%L    -0.93%L    -1.37%L    -2.27%L    -1.92%L    -2.11%L    -3.06%L    -3.31%L    -3.31%L
2021-10-28   APP    09:30/3b 09:40    99.04    1.41x    +0.19%W    +0.76%W    +0.98%W    +1.04%W    -0.31%L    -0.05%L    -0.57%L    -0.90%L    -1.26%L    -1.14%L    -1.05%L    -1.05%L
2021-10-28   SNPS   09:30/3b 09:40   324.15    1.10x    -0.02%L    +0.13%W    +0.12%W    +0.09%W    +0.17%W    +0.32%W    +0.56%W    +0.54%W    +0.64%W    +0.43%W    +0.88%W    +0.88%W
2021-10-28   SPOT   09:30/3b 09:40   282.44    6.21x    +0.15%W    +1.14%W    +1.57%W    +3.64%W    +1.63%W    +3.06%W    +1.44%W    +1.46%W    +1.06%W    +2.75%W    +2.28%W    +2.28%W
2021-10-28   LLY    09:30/3b 09:40   255.67    1.27x    -0.39%L    -0.91%L    -0.73%L    -0.64%L    -0.64%L    -1.03%L    -1.11%L    -1.36%L    -1.20%L    -1.21%L    -0.96%L    -0.96%L
2021-10-28   AVGO   09:30/3b 09:40   526.95    1.00x    -0.08%L    -0.21%L    +0.09%W    -0.17%L    -0.02%L    +0.03%W    +0.04%W    -0.05%L    -0.01%L    +0.05%W    +0.51%W    +0.51%W
2021-10-28   AMD    09:30/3b 09:40   122.07    1.55x    -0.70%L    +0.47%W    +0.52%W    +0.25%W    -0.54%L    -0.57%L    -0.84%L    -0.88%L    -1.11%L    -1.25%L    -0.75%L    -0.75%L
2021-10-29   META   09:30/3b 09:40   324.75    2.33x    -0.47%L    -0.16%L    -0.35%L    -0.76%L    +0.07%W    +0.01%W    -0.17%L    +0.07%W    -0.49%L    -0.67%L    -0.36%L    -0.36%L
2021-10-29   SNPS   09:30/3b 09:45   326.78    1.00x    +0.28%W    +0.51%W    +1.03%W    +1.46%W    +1.13%W    +1.15%W    +1.87%W    +2.01%W    +1.91%W    +1.89%W    +1.96%W    +1.96%W
2021-10-29   MRVL   09:30/3b 09:40    68.63    1.33x    -0.26%L    -0.54%L    -0.55%L    -0.19%L    +0.00%L    -0.46%L    +0.05%W    +0.10%W    +0.25%W    -0.25%L    -0.19%L    -0.19%L
2021-10-29   TSLA   09:30/3b 09:50  1090.22    1.34x    +0.67%W    -0.30%L    +0.04%W    +0.33%W    +0.11%W    +0.10%W    +0.38%W    +0.79%W    +0.62%W    +1.88%W    +2.20%W    +2.20%W
2021-10-29   AMD    09:30/3b 09:40   122.39    1.16x    -0.48%L    -0.74%L    -1.34%L    -1.37%L    -1.69%L    -1.70%L    -0.90%L    -1.21%L    -1.18%L    -1.72%L    -1.76%L    -1.76%L
2021-10-29   DDOG   09:30/3b 09:50   165.88    1.73x    +1.16%W    +0.71%W    +0.50%W    +0.07%W    +0.42%W    +0.32%W    +1.30%W    +1.47%W    +1.34%W    +0.64%W    +0.71%W    +0.71%W

========================================================================================
Summary — 67 qualifying signal(s) across 21 trading day(s)

Window 09:30/3b  (67 signal(s))
  Hold      Count   Win Rate   Avg Gain    Avg Win   Avg Loss ProfitFactor   Sum Ret%
  -------------------------------------------------------------------------
  +15m         67      49.3%     -0.08%     +0.47%     -0.61%        0.75x     -5.13%
  +30m         67      53.7%     +0.04%     +0.65%     -0.68%        1.12x     +2.44%
  +45m         67      56.7%     +0.16%     +0.78%     -0.67%        1.54x    +10.40%
  +1h          67      53.7%     +0.08%     +0.85%     -0.82%        1.20x     +5.05%
  +1h30m       67      50.7%     +0.02%     +0.67%     -0.65%        1.06x     +1.29%
  +2h          67      47.8%     -0.02%     +0.86%     -0.83%        0.95x     -1.38%
  +3h          67      49.3%     -0.01%     +1.00%     -0.99%        0.98x     -0.64%
  +4h          67      49.3%     +0.01%     +1.19%     -1.13%        1.02x     +0.82%
  +5h          67      50.7%     +0.05%     +1.23%     -1.16%        1.09x     +3.63%
  +6h          67      43.3%     +0.00%     +1.54%     -1.17%        1.01x     +0.25%
  +7h          67      41.8%     -0.03%     +1.63%     -1.21%        0.96x     -1.82%
  EOD          67      41.8%     -0.03%     +1.63%     -1.21%        0.96x     -1.82%
