Fetching 5-min bars (2022-11-19 → 2023-01-31) [alpaca]...
  [cache] fetching 2 tickers from alpaca (cache miss)
  [cache] loaded 17 tickers from cache
Fetching daily bars (2022-01-03 → 2023-01-31)...

=========================================================================================================================================================================================
Pre-Session Rankings (9:25) — 2023-01-03 to 2023-01-31  |  20d lookback
(Unconditional hold from OR close — no signal or vol filter)
=========================================================================================================================================================================================
Pre-session top-2 (9:25, 20d EOD win rate) — 2023-01-03  OR: 09:30/3b
  #1 META   +15m 50%W +0.0%  +30m 60%W +0.2%  +1h 60%W +0.2%  +2h 45%W -0.1%  +5h 45%W -0.2%  EOD 60%W +0.2%  EOD range -2.5% → +3.7%
  #2 CHTR   +15m 40%W -0.1%  +30m 60%W +0.3%  +1h 75%W +0.5%  +2h 65%W +0.4%  +5h 45%W -0.1%  EOD 60%W +0.4%  EOD range -5.6% → +2.7%
  Ticker   N          +15m          +30m           +1h           +2h           +5h           EOD           EOD range
  ----------------------------------------------------------------------------------------------------------------------
  META    20    50%W +0.0%    60%W +0.2%    60%W +0.2%    45%W -0.1%    45%W -0.2%    60%W +0.2%       -2.5% → +3.7%
  CHTR    20    40%W -0.1%    60%W +0.3%    75%W +0.5%    65%W +0.4%    45%W -0.1%    60%W +0.4%       -5.6% → +2.7%
  SNOW    20    60%W +0.4%    60%W +0.4%    70%W +0.5%    60%W +0.3%    50%W +0.0%    55%W +0.6%       -5.9% → +4.6%
  SPOT    20    50%W +0.0%    75%W +0.4%    75%W +0.5%    65%W +1.1%    65%W +0.4%    55%W +0.8%       -6.6% → +3.6%
  LLY     20    50%W -0.0%    65%W +0.1%    70%W +0.4%    55%W +0.2%    40%W -0.0%    55%W +0.1%       -3.5% → +1.5%
  APP     20    40%W -0.1%    45%W -0.1%    55%W +0.6%    45%W -0.2%    45%W -0.2%    50%W +0.0%       -9.4% → +7.5%
  PLTR    20    40%W -0.2%    40%W -0.4%    45%W -0.2%    35%W -0.3%    40%W -0.6%    50%W -0.1%       -5.2% → +4.8%
  SNPS    20    40%W -0.0%    55%W +0.1%    70%W +0.3%    50%W +0.0%    35%W -0.3%    45%W -0.2%       -2.4% → +1.7%
  MU      20    50%W +0.0%    60%W +0.1%    60%W +0.3%    50%W +0.1%    45%W -0.6%    45%W -0.2%       -4.1% → +3.0%
  MRVL    20    55%W +0.0%    50%W +0.1%    50%W -0.0%    55%W +0.5%    45%W -0.4%    45%W -0.3%       -3.9% → +4.4%
  CRWD    20    40%W -0.3%    45%W -0.3%    50%W -0.0%    35%W -0.8%    35%W -0.5%    45%W -0.2%       -5.0% → +3.3%
  QCOM    20    40%W -0.1%    45%W -0.1%    45%W -0.1%    50%W -0.1%    40%W -0.4%    45%W -0.8%       -3.1% → +3.2%
  AVGO    20    50%W +0.0%    55%W +0.0%    55%W +0.2%    55%W +0.2%    40%W -0.3%    45%W -0.1%       -2.0% → +2.5%
  AMD     20    50%W +0.0%    55%W +0.1%    50%W -0.0%    50%W -0.0%    35%W -0.3%    40%W -0.5%       -4.6% → +3.9%
  DDOG    20    55%W +0.2%    50%W +0.2%    45%W -0.1%    35%W -0.4%    30%W -0.7%    40%W -0.6%       -5.1% → +5.2%
  TSLA    20    20%W -0.6%    25%W -0.9%    30%W -1.2%    20%W -1.7%    25%W -1.9%    15%W -1.4%       -6.9% → +2.2%
Pre-session top-2 (9:25, 20d EOD win rate) — 2023-01-04  OR: 09:30/3b
  #1 META   +15m 45%W -0.2%  +30m 55%W +0.1%  +1h 55%W +0.1%  +2h 40%W -0.2%  +5h 40%W -0.2%  EOD 55%W +0.1%  EOD range -2.5% → +3.6%
  #2 SPOT   +15m 50%W +0.0%  +30m 70%W +0.4%  +1h 70%W +0.5%  +2h 60%W +0.8%  +5h 60%W +0.2%  EOD 55%W +0.4%  EOD range -6.6% → +3.6%
  Ticker   N          +15m          +30m           +1h           +2h           +5h           EOD           EOD range
  ----------------------------------------------------------------------------------------------------------------------
  META    20    45%W -0.2%    55%W +0.1%    55%W +0.1%    40%W -0.2%    40%W -0.2%    55%W +0.1%       -2.5% → +3.6%
  SPOT    20    50%W +0.0%    70%W +0.4%    70%W +0.5%    60%W +0.8%    60%W +0.2%    55%W +0.4%       -6.6% → +3.6%
  CHTR    20    40%W -0.1%    55%W +0.1%    70%W +0.3%    60%W +0.4%    40%W -0.4%    55%W +0.3%       -5.6% → +2.2%
  SNOW    20    55%W +0.2%    55%W +0.2%    65%W +0.4%    55%W +0.1%    45%W -0.2%    50%W +0.1%       -8.9% → +4.6%
  MU      20    50%W +0.0%    60%W +0.1%    60%W +0.3%    50%W +0.1%    50%W -0.3%    50%W -0.1%       -4.1% → +3.0%
  LLY     20    50%W -0.0%    65%W +0.1%    65%W +0.2%    50%W +0.0%    35%W -0.1%    50%W +0.1%       -3.5% → +1.2%
  APP     20    35%W -0.2%    40%W -0.4%    50%W +0.2%    40%W -0.4%    40%W -0.5%    45%W -0.5%       -9.4% → +7.5%
  CRWD    20    40%W -0.3%    45%W -0.4%    50%W -0.0%    35%W -0.8%    35%W -0.5%    45%W -0.3%       -5.0% → +3.3%
  PLTR    20    40%W -0.2%    35%W -0.7%    40%W -0.5%    30%W -0.4%    40%W -0.9%    45%W -0.4%       -5.2% → +4.8%
  SNPS    20    40%W -0.0%    55%W +0.1%    65%W +0.2%    45%W -0.2%    30%W -0.6%    40%W -0.4%       -2.4% → +1.7%
  MRVL    20    55%W +0.0%    50%W +0.1%    50%W -0.0%    50%W +0.2%    40%W -0.6%    40%W -0.5%       -4.7% → +3.8%
  QCOM    20    40%W -0.1%    40%W -0.1%    40%W -0.2%    45%W -0.3%    40%W -0.7%    40%W -0.8%       -3.1% → +3.2%
  AVGO    20    50%W +0.0%    50%W -0.1%    50%W -0.0%    50%W +0.0%    40%W -0.3%    40%W -0.2%       -2.0% → +2.5%
  AMD     20    50%W +0.0%    55%W +0.1%    50%W -0.0%    50%W -0.0%    35%W -0.3%    40%W -0.5%       -4.6% → +3.9%
  DDOG    20    55%W +0.2%    45%W -0.3%    45%W -0.1%    35%W -0.6%    30%W -0.7%    40%W -0.8%       -5.8% → +5.2%
  TSLA    20    20%W -0.6%    20%W -1.0%    30%W -1.4%    20%W -2.0%    25%W -2.2%    15%W -1.9%       -6.9% → +2.2%
Pre-session top-2 (9:25, 20d EOD win rate) — 2023-01-05  OR: 09:30/3b
  #1 CHTR   +15m 45%W -0.1%  +30m 55%W +0.1%  +1h 75%W +0.5%  +2h 65%W +0.4%  +5h 45%W -0.1%  EOD 60%W +0.4%  EOD range -5.6% → +2.2%
  #2 META   +15m 40%W -0.2%  +30m 50%W -0.0%  +1h 50%W -0.2%  +2h 45%W -0.1%  +5h 40%W -0.2%  EOD 55%W +0.1%  EOD range -2.5% → +3.6%
  Ticker   N          +15m          +30m           +1h           +2h           +5h           EOD           EOD range
  ----------------------------------------------------------------------------------------------------------------------
  CHTR    20    45%W -0.1%    55%W +0.1%    75%W +0.5%    65%W +0.4%    45%W -0.1%    60%W +0.4%       -5.6% → +2.2%
  META    20    40%W -0.2%    50%W -0.0%    50%W -0.2%    45%W -0.1%    40%W -0.2%    55%W +0.1%       -2.5% → +3.6%
  SNOW    20    60%W +0.4%    60%W +0.4%    70%W +0.6%    60%W +0.3%    50%W +0.0%    55%W +0.9%       -8.9% → +4.6%
  SPOT    20    55%W +0.1%    70%W +0.4%    70%W +0.5%    65%W +0.8%    60%W +0.2%    55%W +0.4%       -6.6% → +3.6%
  MU      20    50%W +0.0%    60%W +0.1%    60%W +0.3%    55%W +0.6%    55%W +0.1%    55%W +0.0%       -4.1% → +3.0%
  LLY     20    55%W +0.0%    65%W +0.1%    60%W +0.2%    55%W +0.1%    35%W -0.1%    50%W +0.1%       -3.5% → +1.2%
  CRWD    20    45%W -0.1%    45%W -0.3%    55%W +0.3%    40%W -0.5%    35%W -0.2%    50%W -0.0%       -5.0% → +3.3%
  PLTR    20    45%W -0.1%    35%W -0.4%    45%W -0.2%    35%W -0.3%    45%W -0.6%    50%W -0.0%       -4.6% → +4.8%
  APP     20    35%W -0.2%    40%W -0.4%    50%W +0.2%    45%W -0.2%    45%W -0.2%    45%W -0.3%       -9.4% → +7.5%
  MRVL    20    55%W +0.0%    50%W +0.1%    50%W -0.0%    55%W +0.6%    45%W -0.4%    45%W -0.3%       -4.7% → +3.8%
  QCOM    20    35%W -0.2%    40%W -0.3%    40%W -0.4%    50%W -0.1%    45%W -0.4%    45%W -0.8%       -3.1% → +3.2%
  SNPS    20    40%W -0.0%    55%W +0.1%    65%W +0.2%    45%W -0.2%    30%W -0.6%    40%W -0.4%       -2.4% → +1.7%
  AVGO    20    55%W +0.1%    50%W -0.1%    45%W -0.1%    50%W +0.0%    40%W -0.3%    40%W -0.2%       -2.0% → +2.5%
  AMD     20    50%W +0.0%    50%W -0.1%    50%W -0.0%    55%W +0.3%    35%W -0.2%    40%W -0.2%       -4.6% → +3.9%
  DDOG    20    55%W +0.2%    45%W -0.3%    45%W -0.1%    40%W -0.4%    30%W -0.5%    40%W -0.8%       -5.8% → +5.2%
  TSLA    20    20%W -0.6%    20%W -1.0%    35%W -1.2%    25%W -1.7%    30%W -1.9%    20%W -1.4%       -6.9% → +2.5%
Pre-session top-2 (9:25, 20d EOD win rate) — 2023-01-06  OR: 09:30/3b
  #1 CHTR   +15m 45%W -0.1%  +30m 55%W +0.1%  +1h 70%W +0.5%  +2h 70%W +0.6%  +5h 50%W -0.0%  EOD 65%W +0.5%  EOD range -5.6% → +2.2%
  #2 META   +15m 45%W -0.2%  +30m 55%W +0.1%  +1h 50%W -0.1%  +2h 50%W +0.3%  +5h 45%W -0.2%  EOD 60%W +0.2%  EOD range -2.5% → +3.6%
  Ticker   N          +15m          +30m           +1h           +2h           +5h           EOD           EOD range
  ----------------------------------------------------------------------------------------------------------------------
  CHTR    20    45%W -0.1%    55%W +0.1%    70%W +0.5%    70%W +0.6%    50%W -0.0%    65%W +0.5%       -5.6% → +2.2%
  META    20    45%W -0.2%    55%W +0.1%    50%W -0.1%    50%W +0.3%    45%W -0.2%    60%W +0.2%       -2.5% → +3.6%
  SPOT    20    60%W +0.1%    75%W +0.4%    75%W +0.5%    70%W +1.1%    65%W +0.4%    60%W +0.9%       -6.6% → +3.6%
  MU      20    55%W +0.0%    60%W +0.2%    60%W +0.3%    55%W +0.6%    60%W +0.4%    60%W +0.2%       -4.1% → +3.0%
  PLTR    20    45%W -0.1%    40%W -0.2%    50%W +0.1%    40%W -0.3%    50%W -0.1%    55%W +0.2%       -4.6% → +4.8%
  APP     20    40%W -0.1%    40%W -0.2%    50%W +0.2%    50%W +0.1%    50%W +0.0%    50%W +0.0%       -8.3% → +7.5%
  SNOW    20    65%W +0.4%    65%W +0.7%    70%W +0.6%    55%W +0.1%    45%W -0.2%    50%W +0.1%       -8.9% → +4.6%
  LLY     20    60%W +0.0%    70%W +0.1%    60%W +0.2%    55%W +0.1%    40%W -0.0%    50%W +0.1%       -3.5% → +1.2%
  CRWD    20    50%W +0.1%    50%W -0.0%    60%W +0.5%    45%W -0.4%    40%W -0.1%    50%W -0.0%       -5.0% → +3.3%
  SNPS    20    45%W -0.0%    60%W +0.2%    65%W +0.2%    45%W -0.2%    35%W -0.3%    45%W -0.4%       -2.4% → +1.7%
  MRVL    20    60%W +0.1%    50%W +0.1%    55%W +0.4%    60%W +0.6%    45%W -0.4%    45%W -0.3%       -4.7% → +3.8%
  QCOM    20    40%W -0.1%    45%W -0.1%    45%W -0.3%    55%W +0.3%    50%W -0.1%    45%W -0.4%       -3.1% → +3.2%
  AVGO    20    60%W +0.1%    55%W +0.0%    50%W +0.1%    55%W +0.2%    45%W -0.3%    45%W -0.1%       -2.0% → +2.5%
  AMD     20    55%W +0.1%    55%W +0.2%    50%W +0.0%    60%W +0.5%    40%W -0.2%    40%W -0.2%       -4.6% → +3.9%
  DDOG    20    55%W +0.2%    50%W +0.1%    45%W -0.2%    40%W -0.6%    30%W -0.5%    40%W -0.8%       -5.8% → +5.2%
  TSLA    20    20%W -0.5%    25%W -1.0%    35%W -1.2%    25%W -1.7%    30%W -1.9%    20%W -1.4%       -6.9% → +2.5%
Pre-session top-2 (9:25, 20d EOD win rate) — 2023-01-09  OR: 09:30/3b
  #1 META   +15m 50%W -0.1%  +30m 55%W +0.1%  +1h 55%W +0.1%  +2h 55%W +0.6%  +5h 50%W +0.1%  EOD 65%W +0.4%  EOD range -2.5% → +3.6%
  #2 CHTR   +15m 45%W -0.1%  +30m 60%W +0.3%  +1h 70%W +0.8%  +2h 70%W +0.7%  +5h 50%W -0.0%  EOD 65%W +0.5%  EOD range -5.6% → +2.2%
  Ticker   N          +15m          +30m           +1h           +2h           +5h           EOD           EOD range
  ----------------------------------------------------------------------------------------------------------------------
  META    20    50%W -0.1%    55%W +0.1%    55%W +0.1%    55%W +0.6%    50%W +0.1%    65%W +0.4%       -2.5% → +3.6%
  CHTR    20    45%W -0.1%    60%W +0.3%    70%W +0.8%    70%W +0.7%    50%W -0.0%    65%W +0.5%       -5.6% → +2.2%
  SPOT    20    60%W +0.1%    70%W +0.4%    75%W +0.6%    70%W +1.0%    65%W +0.4%    60%W +0.9%       -6.6% → +3.6%
  MU      20    60%W +0.1%    60%W +0.2%    60%W +0.3%    55%W +0.6%    60%W +0.4%    60%W +0.2%       -4.1% → +4.8%
  PLTR    20    45%W -0.1%    45%W -0.1%    55%W +0.3%    45%W -0.1%    55%W +0.3%    60%W +0.4%       -4.6% → +4.8%
  APP     20    40%W -0.1%    40%W -0.2%    55%W +0.6%    50%W +0.1%    55%W +0.2%    55%W +0.5%       -8.3% → +7.5%
  SNOW    20    65%W +0.4%    70%W +0.7%    75%W +0.8%    55%W +0.3%    50%W +0.0%    55%W +0.9%       -8.9% → +4.6%
  SNPS    20    45%W -0.0%    65%W +0.3%    70%W +0.3%    50%W +0.1%    40%W -0.3%    50%W -0.1%       -2.4% → +2.1%
  LLY     20    60%W +0.0%    70%W +0.1%    60%W +0.2%    55%W +0.1%    40%W -0.0%    50%W +0.1%       -3.5% → +1.3%
  MRVL    20    60%W +0.1%    50%W +0.1%    60%W +0.7%    65%W +0.9%    50%W -0.0%    50%W -0.0%       -4.7% → +5.2%
  CRWD    20    50%W +0.1%    50%W +0.1%    65%W +0.7%    50%W +0.2%    45%W -0.0%    50%W -0.0%       -5.0% → +3.3%
  QCOM    20    45%W -0.0%    50%W +0.0%    50%W +0.3%    60%W +0.6%    55%W +0.2%    50%W -0.1%       -3.1% → +4.5%
  AVGO    20    65%W +0.2%    55%W +0.0%    55%W +0.3%    60%W +0.2%    50%W -0.1%    50%W +0.1%       -2.0% → +4.1%
  AMD     20    55%W +0.1%    60%W +0.2%    55%W +0.3%    65%W +0.6%    45%W -0.1%    45%W -0.1%       -4.6% → +5.4%
  DDOG    20    55%W +0.2%    50%W +0.1%    50%W +0.2%    45%W -0.3%    35%W -0.2%    45%W -0.8%       -5.8% → +5.2%
  TSLA    20    25%W -0.4%    30%W -0.9%    40%W -1.0%    30%W -1.4%    35%W -1.5%    25%W -1.0%       -6.9% → +8.5%
Pre-session top-2 (9:25, 20d EOD win rate) — 2023-01-10  OR: 09:30/3b
  #1 CHTR   +15m 45%W -0.1%  +30m 60%W +0.3%  +1h 65%W +0.5%  +2h 65%W +0.5%  +5h 50%W -0.0%  EOD 65%W +0.5%  EOD range -5.6% → +2.2%
  #2 META   +15m 50%W -0.1%  +30m 55%W +0.1%  +1h 55%W +0.1%  +2h 50%W +0.3%  +5h 45%W -0.2%  EOD 60%W +0.2%  EOD range -2.5% → +3.6%
  Ticker   N          +15m          +30m           +1h           +2h           +5h           EOD           EOD range
  ----------------------------------------------------------------------------------------------------------------------
  CHTR    20    45%W -0.1%    60%W +0.3%    65%W +0.5%    65%W +0.5%    50%W -0.0%    65%W +0.5%       -5.6% → +2.2%
  META    20    50%W -0.1%    55%W +0.1%    55%W +0.1%    50%W +0.3%    45%W -0.2%    60%W +0.2%       -2.5% → +3.6%
  SPOT    20    60%W +0.1%    70%W +0.4%    75%W +0.5%    70%W +1.0%    65%W +0.4%    60%W +0.7%       -6.6% → +2.9%
  MU      20    60%W +0.1%    60%W +0.2%    60%W +0.3%    55%W +0.6%    60%W +0.4%    60%W +0.2%       -4.1% → +4.8%
  APP     20    40%W -0.1%    40%W -0.2%    55%W +0.6%    50%W +0.1%    55%W +0.2%    55%W +0.5%       -8.3% → +7.5%
  SNOW    20    65%W +0.4%    70%W +0.7%    75%W +0.8%    55%W +0.3%    50%W +0.0%    55%W +0.9%       -8.9% → +4.8%
  PLTR    20    45%W -0.1%    40%W -0.1%    55%W +0.2%    45%W -0.1%    55%W +0.2%    55%W +0.2%       -4.6% → +4.8%
  SNPS    20    45%W -0.0%    65%W +0.3%    70%W +0.3%    50%W +0.1%    40%W -0.3%    45%W -0.3%       -2.4% → +2.1%
  LLY     20    55%W +0.0%    65%W +0.1%    55%W +0.1%    50%W +0.0%    35%W -0.1%    45%W -0.2%       -4.1% → +1.3%
  MRVL    20    60%W +0.1%    50%W +0.1%    60%W +0.6%    65%W +0.9%    50%W -0.0%    45%W -0.3%       -4.7% → +5.2%
  CRWD    20    50%W +0.1%    50%W +0.1%    65%W +0.7%    50%W +0.2%    45%W -0.0%    45%W -0.2%       -5.0% → +3.3%
  QCOM    20    45%W -0.0%    50%W +0.0%    50%W +0.3%    60%W +0.6%    50%W -0.1%    45%W -0.5%       -3.1% → +4.5%
  AVGO    20    65%W +0.2%    55%W +0.0%    55%W +0.3%    60%W +0.2%    50%W -0.1%    45%W -0.1%       -2.9% → +4.1%
  AMD     20    55%W +0.1%    60%W +0.2%    55%W +0.3%    65%W +0.6%    45%W -0.1%    45%W -0.1%       -4.6% → +5.4%
  DDOG    20    55%W +0.2%    50%W +0.1%    50%W +0.2%    45%W -0.3%    35%W -0.2%    45%W -0.8%       -5.8% → +3.6%
  TSLA    20    25%W -0.4%    30%W -0.9%    40%W -1.0%    30%W -1.4%    35%W -1.5%    25%W -1.0%       -6.9% → +8.5%
Pre-session top-2 (9:25, 20d EOD win rate) — 2023-01-11  OR: 09:30/3b
  #1 SPOT   +15m 60%W +0.1%  +30m 70%W +0.4%  +1h 75%W +0.6%  +2h 75%W +1.1%  +5h 65%W +0.6%  EOD 65%W +1.1%  EOD range -6.6% → +5.8%
  #2 MU     +15m 60%W +0.1%  +30m 60%W +0.2%  +1h 55%W +0.3%  +2h 55%W +0.2%  +5h 60%W +0.3%  EOD 65%W +0.5%  EOD range -4.1% → +4.8%
  Ticker   N          +15m          +30m           +1h           +2h           +5h           EOD           EOD range
  ----------------------------------------------------------------------------------------------------------------------
  SPOT    20    60%W +0.1%    70%W +0.4%    75%W +0.6%    75%W +1.1%    65%W +0.6%    65%W +1.1%       -6.6% → +5.8%
  MU      20    60%W +0.1%    60%W +0.2%    55%W +0.3%    55%W +0.2%    60%W +0.3%    65%W +0.5%       -4.1% → +4.8%
  CHTR    20    45%W -0.1%    60%W +0.3%    60%W +0.1%    65%W +0.5%    50%W -0.0%    65%W +0.5%       -5.6% → +2.2%
  APP     20    45%W +0.0%    45%W -0.1%    55%W +0.6%    55%W +0.3%    60%W +0.4%    60%W +0.7%       -8.3% → +7.5%
  META    20    55%W +0.2%    55%W +0.1%    55%W +0.1%    50%W +0.3%    45%W -0.2%    60%W +0.3%       -2.5% → +3.6%
  SNOW    20    60%W +0.3%    70%W +0.7%    70%W +0.6%    60%W +0.3%    55%W +0.3%    60%W +1.0%       -8.9% → +4.8%
  PLTR    20    50%W +0.0%    45%W -0.0%    55%W +0.2%    50%W +0.1%    60%W +0.3%    60%W +0.4%       -4.6% → +4.8%
  SNPS    20    45%W -0.0%    60%W +0.3%    65%W +0.2%    50%W -0.0%    40%W -0.2%    50%W -0.2%       -2.4% → +2.1%
  LLY     20    60%W +0.0%    65%W +0.1%    55%W +0.1%    55%W +0.1%    40%W -0.0%    50%W +0.1%       -4.1% → +1.9%
  MRVL    20    60%W +0.1%    50%W +0.1%    55%W +0.6%    60%W +0.6%    55%W +0.3%    50%W -0.0%       -4.7% → +5.2%
  QCOM    20    50%W +0.0%    55%W +0.2%    50%W +0.3%    60%W +0.6%    55%W +0.2%    50%W -0.1%       -3.1% → +4.5%
  AVGO    20    65%W +0.2%    50%W -0.1%    55%W +0.3%    55%W +0.2%    55%W +0.1%    50%W +0.1%       -2.9% → +4.1%
  AMD     20    60%W +0.2%    65%W +0.4%    50%W +0.2%    65%W +0.5%    50%W -0.0%    50%W +0.1%       -4.6% → +5.4%
  DDOG    20    50%W +0.1%    50%W +0.1%    45%W -0.2%    45%W -0.3%    40%W -0.2%    50%W -0.3%       -5.8% → +3.6%
  CRWD    20    45%W -0.1%    45%W -0.2%    60%W +0.5%    45%W -0.5%    45%W -0.0%    45%W -0.2%       -5.0% → +3.3%
  TSLA    20    25%W -0.4%    35%W -0.9%    35%W -1.2%    25%W -1.7%    30%W -1.6%    25%W -1.0%       -6.9% → +8.5%
Pre-session top-2 (9:25, 20d EOD win rate) — 2023-01-12  OR: 09:30/3b
  #1 SPOT   +15m 60%W +0.1%  +30m 65%W +0.4%  +1h 70%W +0.5%  +2h 70%W +1.1%  +5h 60%W +0.3%  EOD 65%W +0.7%  EOD range -6.6% → +5.8%
  #2 MU     +15m 55%W +0.1%  +30m 55%W +0.1%  +1h 50%W +0.1%  +2h 50%W -0.1%  +5h 60%W +0.3%  EOD 65%W +0.5%  EOD range -4.1% → +4.8%
  Ticker   N          +15m          +30m           +1h           +2h           +5h           EOD           EOD range
  ----------------------------------------------------------------------------------------------------------------------
  SPOT    20    60%W +0.1%    65%W +0.4%    70%W +0.5%    70%W +1.1%    60%W +0.3%    65%W +0.7%       -6.6% → +5.8%
  MU      20    55%W +0.1%    55%W +0.1%    50%W +0.1%    50%W -0.1%    60%W +0.3%    65%W +0.5%       -4.1% → +4.8%
  CHTR    20    45%W -0.1%    65%W +0.3%    65%W +0.4%    65%W +0.7%    55%W +0.2%    65%W +0.7%       -5.6% → +2.2%
  APP     20    40%W -0.1%    45%W -0.1%    55%W +0.3%    55%W +0.3%    60%W +0.3%    60%W +0.7%       -8.3% → +7.5%
  META    20    55%W +0.1%    60%W +0.1%    55%W +0.1%    55%W +0.5%    50%W -0.0%    60%W +0.3%       -2.5% → +3.6%
  SNOW    20    60%W +0.2%    70%W +0.7%    70%W +0.4%    60%W +0.3%    55%W +0.3%    60%W +0.9%       -8.9% → +4.8%
  PLTR    20    50%W +0.0%    45%W -0.0%    55%W +0.2%    50%W +0.1%    60%W +0.3%    60%W +0.4%       -4.6% → +4.8%
  SNPS    20    45%W -0.0%    60%W +0.1%    65%W +0.2%    50%W -0.0%    40%W -0.2%    50%W -0.2%       -2.4% → +2.1%
  LLY     20    65%W +0.0%    65%W +0.1%    55%W +0.1%    60%W +0.2%    45%W -0.0%    50%W +0.1%       -4.1% → +2.3%
  MRVL    20    60%W +0.1%    50%W +0.0%    50%W +0.2%    60%W +0.6%    55%W +0.3%    50%W -0.0%       -4.7% → +5.2%
  QCOM    20    45%W -0.0%    50%W +0.0%    45%W -0.2%    55%W +0.4%    55%W +0.2%    50%W -0.1%       -3.1% → +4.5%
  AVGO    20    60%W +0.1%    50%W -0.1%    50%W +0.1%    55%W +0.2%    55%W +0.1%    50%W +0.1%       -2.9% → +4.1%
  AMD     20    55%W +0.1%    60%W +0.2%    45%W -0.1%    60%W +0.3%    50%W -0.0%    50%W +0.1%       -4.6% → +5.4%
  DDOG    20    45%W -0.1%    50%W +0.1%    45%W -0.2%    45%W -0.3%    40%W -0.2%    50%W -0.3%       -5.8% → +3.6%
  CRWD    20    45%W -0.1%    45%W -0.2%    60%W +0.4%    45%W -0.5%    45%W -0.0%    45%W -0.2%       -5.0% → +3.3%
  TSLA    20    30%W -0.3%    40%W -0.8%    40%W -1.0%    30%W -1.7%    35%W -1.3%    30%W -1.0%       -6.9% → +8.5%
Pre-session top-2 (9:25, 20d EOD win rate) — 2023-01-13  OR: 09:30/3b
  #1 SPOT   +15m 60%W +0.1%  +30m 70%W +0.5%  +1h 75%W +0.8%  +2h 75%W +1.1%  +5h 65%W +0.6%  EOD 70%W +1.1%  EOD range -6.0% → +5.8%
  #2 MU     +15m 60%W +0.1%  +30m 60%W +0.2%  +1h 55%W +0.3%  +2h 55%W +0.2%  +5h 65%W +0.4%  EOD 70%W +0.8%  EOD range -3.4% → +4.8%
  Ticker   N          +15m          +30m           +1h           +2h           +5h           EOD           EOD range
  ----------------------------------------------------------------------------------------------------------------------
  SPOT    20    60%W +0.1%    70%W +0.5%    75%W +0.8%    75%W +1.1%    65%W +0.6%    70%W +1.1%       -6.0% → +5.8%
  MU      20    60%W +0.1%    60%W +0.2%    55%W +0.3%    55%W +0.2%    65%W +0.4%    70%W +0.8%       -3.4% → +4.8%
  CHTR    20    50%W +0.0%    70%W +0.3%    70%W +0.6%    70%W +0.8%    60%W +0.7%    70%W +1.0%       -5.6% → +2.2%
  APP     20    40%W -0.1%    50%W -0.0%    60%W +0.6%    60%W +0.4%    65%W +0.5%    65%W +0.9%       -3.1% → +7.5%
  META    20    55%W +0.1%    65%W +0.2%    60%W +0.4%    60%W +0.6%    55%W +0.2%    65%W +0.5%       -2.5% → +3.6%
  SNOW    20    60%W +0.2%    75%W +0.7%    75%W +0.6%    65%W +0.7%    60%W +0.6%    65%W +1.0%       -8.9% → +4.8%
  PLTR    20    50%W -0.0%    50%W +0.0%    60%W +0.2%    55%W +0.4%    65%W +0.4%    65%W +0.8%       -4.1% → +4.8%
  SNPS    20    45%W -0.0%    60%W +0.2%    65%W +0.2%    55%W +0.2%    45%W -0.0%    55%W +0.1%       -2.4% → +2.1%
  LLY     20    70%W +0.1%    70%W +0.1%    60%W +0.2%    65%W +0.2%    50%W +0.0%    55%W +0.4%       -4.1% → +2.3%
  MRVL    20    65%W +0.1%    55%W +0.1%    55%W +0.6%    65%W +0.8%    60%W +0.4%    55%W +0.4%       -4.7% → +5.2%
  QCOM    20    50%W +0.0%    55%W +0.2%    50%W +0.3%    60%W +0.6%    60%W +0.4%    55%W +0.3%       -2.9% → +4.5%
  AVGO    20    55%W +0.1%    55%W +0.0%    55%W +0.3%    60%W +0.2%    60%W +0.2%    55%W +0.3%       -2.9% → +4.1%
  AMD     20    60%W +0.2%    65%W +0.4%    50%W +0.2%    65%W +0.5%    55%W +0.1%    55%W +0.4%       -3.6% → +5.4%
  DDOG    20    45%W -0.1%    55%W +0.4%    45%W -0.1%    50%W +0.5%    45%W -0.2%    55%W +0.2%       -5.8% → +3.6%
  CRWD    20    45%W -0.1%    50%W +0.1%    65%W +0.6%    50%W +0.3%    50%W +0.2%    50%W -0.0%       -5.0% → +4.1%
  TSLA    20    35%W -0.2%    45%W -0.4%    45%W -0.8%    35%W -1.3%    40%W -1.2%    35%W -0.9%       -6.2% → +8.5%
Pre-session top-2 (9:25, 20d EOD win rate) — 2023-01-17  OR: 09:30/3b
  #1 SPOT   +15m 60%W +0.2%  +30m 70%W +0.5%  +1h 70%W +0.5%  +2h 70%W +1.1%  +5h 70%W +0.8%  EOD 75%W +1.2%  EOD range -6.0% → +5.8%
  #2 MU     +15m 65%W +0.2%  +30m 60%W +0.3%  +1h 55%W +0.2%  +2h 50%W -0.1%  +5h 70%W +0.4%  EOD 75%W +0.8%  EOD range -3.4% → +4.8%
  Ticker   N          +15m          +30m           +1h           +2h           +5h           EOD           EOD range
  ----------------------------------------------------------------------------------------------------------------------
  SPOT    20    60%W +0.2%    70%W +0.5%    70%W +0.5%    70%W +1.1%    70%W +0.8%    75%W +1.2%       -6.0% → +5.8%
  MU      20    65%W +0.2%    60%W +0.3%    55%W +0.2%    50%W -0.1%    70%W +0.4%    75%W +0.8%       -3.4% → +4.8%
  CHTR    20    55%W +0.1%    65%W +0.3%    70%W +0.4%    70%W +0.7%    65%W +0.8%    75%W +1.0%       -5.6% → +2.2%
  PLTR    20    50%W +0.1%    50%W +0.1%    60%W +0.3%    60%W +0.4%    70%W +0.6%    70%W +1.0%       -4.1% → +4.8%
  APP     20    45%W +0.0%    55%W +0.1%    60%W +0.6%    60%W +0.4%    65%W +0.5%    65%W +1.0%       -3.1% → +7.5%
  META    20    60%W +0.2%    65%W +0.2%    60%W +0.4%    60%W +0.5%    55%W +0.2%    65%W +0.8%       -2.5% → +3.6%
  SNOW    20    55%W +0.1%    70%W +0.6%    70%W +0.6%    65%W +0.7%    60%W +0.6%    65%W +1.0%       -8.9% → +4.8%
  SNPS    20    40%W -0.0%    60%W +0.2%    70%W +0.2%    55%W +0.2%    50%W +0.0%    60%W +0.3%       -1.6% → +2.1%
  MRVL    20    65%W +0.1%    55%W +0.1%    55%W +0.6%    65%W +0.8%    65%W +0.5%    60%W +0.9%       -4.7% → +5.2%
  QCOM    20    55%W +0.1%    55%W +0.2%    55%W +0.7%    65%W +0.6%    60%W +0.4%    60%W +0.3%       -2.6% → +4.5%
  AVGO    20    55%W +0.1%    55%W +0.0%    55%W +0.3%    60%W +0.2%    65%W +0.2%    60%W +0.3%       -2.9% → +4.1%
  AMD     20    60%W +0.2%    65%W +0.4%    50%W +0.3%    65%W +0.4%    60%W +0.3%    60%W +0.9%       -3.6% → +5.4%
  DDOG    20    45%W -0.1%    60%W +0.5%    50%W +0.2%    55%W +1.0%    50%W -0.0%    60%W +0.5%       -5.8% → +3.6%
  LLY     20    70%W +0.1%    70%W +0.1%    60%W +0.2%    65%W +0.2%    55%W +0.1%    55%W +0.3%       -4.1% → +2.3%
  CRWD    20    45%W -0.1%    50%W +0.1%    70%W +0.6%    50%W +0.3%    55%W +0.7%    55%W +0.2%       -5.0% → +4.1%
  TSLA    20    40%W -0.1%    50%W -0.0%    50%W -0.4%    40%W -0.9%    45%W -0.9%    40%W -0.5%       -6.2% → +8.5%
Pre-session top-2 (9:25, 20d EOD win rate) — 2023-01-18  OR: 09:30/3b
  #1 SPOT   +15m 65%W +0.3%  +30m 75%W +0.5%  +1h 70%W +0.5%  +2h 75%W +1.1%  +5h 75%W +0.8%  EOD 80%W +1.2%  EOD range -1.5% → +5.8%
  #2 CHTR   +15m 55%W +0.1%  +30m 70%W +0.3%  +1h 70%W +0.5%  +2h 70%W +0.7%  +5h 70%W +0.8%  EOD 80%W +1.0%  EOD range -1.7% → +2.2%
  Ticker   N          +15m          +30m           +1h           +2h           +5h           EOD           EOD range
  ----------------------------------------------------------------------------------------------------------------------
  SPOT    20    65%W +0.3%    75%W +0.5%    70%W +0.5%    75%W +1.1%    75%W +0.8%    80%W +1.2%       -1.5% → +5.8%
  CHTR    20    55%W +0.1%    70%W +0.3%    70%W +0.5%    70%W +0.7%    70%W +0.8%    80%W +1.0%       -1.7% → +2.2%
  MU      20    60%W +0.1%    55%W +0.3%    50%W +0.1%    50%W -0.1%    70%W +0.4%    75%W +0.8%       -3.4% → +4.8%
  PLTR    20    55%W +0.2%    55%W +0.3%    65%W +0.4%    65%W +0.7%    75%W +0.7%    75%W +1.1%       -4.1% → +4.8%
  APP     20    50%W +0.1%    55%W +0.1%    60%W +0.6%    60%W +0.4%    70%W +0.7%    70%W +1.3%       -3.1% → +7.5%
  SNOW    20    60%W +0.2%    75%W +0.7%    75%W +0.8%    70%W +1.0%    65%W +0.9%    70%W +1.1%       -8.9% → +4.8%
  META    20    65%W +0.2%    70%W +0.3%    60%W +0.4%    60%W +0.5%    60%W +0.3%    65%W +0.8%       -2.5% → +3.6%
  SNPS    20    45%W -0.0%    65%W +0.2%    70%W +0.2%    60%W +0.2%    55%W +0.3%    65%W +0.4%       -1.6% → +2.1%
  MRVL    20    70%W +0.2%    60%W +0.1%    60%W +0.6%    70%W +0.8%    70%W +0.8%    65%W +1.0%       -4.7% → +5.2%
  AMD     20    65%W +0.3%    70%W +0.5%    50%W +0.3%    65%W +0.4%    65%W +0.5%    65%W +0.9%       -3.6% → +5.4%
  DDOG    20    50%W +0.1%    65%W +0.5%    55%W +0.6%    60%W +1.0%    55%W +0.8%    65%W +0.8%       -5.8% → +5.2%
  CRWD    20    50%W +0.1%    55%W +0.4%    75%W +0.7%    55%W +1.1%    60%W +1.1%    60%W +0.4%       -4.4% → +5.5%
  QCOM    20    55%W +0.1%    60%W +0.3%    55%W +0.7%    65%W +0.6%    60%W +0.4%    60%W +0.3%       -2.6% → +4.5%
  AVGO    20    60%W +0.1%    60%W +0.1%    55%W +0.3%    60%W +0.2%    65%W +0.2%    60%W +0.3%       -2.9% → +4.1%
  LLY     20    70%W +0.1%    70%W +0.1%    60%W +0.2%    65%W +0.2%    55%W +0.1%    55%W +0.3%       -4.1% → +2.3%
  TSLA    20    45%W -0.0%    55%W +0.0%    55%W +0.2%    45%W -0.2%    50%W -0.3%    45%W -0.3%       -6.2% → +8.5%
Pre-session top-2 (9:25, 20d EOD win rate) — 2023-01-19  OR: 09:30/3b
  #1 SPOT   +15m 65%W +0.4%  +30m 70%W +0.5%  +1h 65%W +0.5%  +2h 70%W +1.0%  +5h 75%W +0.8%  EOD 80%W +1.0%  EOD range -1.5% → +5.8%
  #2 CHTR   +15m 60%W +0.2%  +30m 75%W +0.3%  +1h 70%W +0.5%  +2h 70%W +0.7%  +5h 70%W +0.8%  EOD 80%W +1.0%  EOD range -1.4% → +2.2%
  Ticker   N          +15m          +30m           +1h           +2h           +5h           EOD           EOD range
  ----------------------------------------------------------------------------------------------------------------------
  SPOT    20    65%W +0.4%    70%W +0.5%    65%W +0.5%    70%W +1.0%    75%W +0.8%    80%W +1.0%       -1.5% → +5.8%
  CHTR    20    60%W +0.2%    75%W +0.3%    70%W +0.5%    70%W +0.7%    70%W +0.8%    80%W +1.0%       -1.4% → +2.2%
  MU      20    60%W +0.1%    60%W +0.3%    50%W +0.1%    50%W -0.1%    70%W +0.4%    75%W +0.8%       -3.4% → +4.8%
  PLTR    20    60%W +0.3%    60%W +0.5%    65%W +0.4%    65%W +0.7%    75%W +0.7%    75%W +1.1%       -4.1% → +4.8%
  APP     20    50%W +0.1%    60%W +0.5%    60%W +0.6%    60%W +0.4%    70%W +0.7%    70%W +1.3%       -3.7% → +7.5%
  SNOW    20    65%W +0.3%    80%W +0.7%    75%W +0.8%    70%W +1.0%    65%W +0.9%    70%W +1.1%       -8.9% → +4.8%
  META    20    65%W +0.2%    75%W +0.3%    60%W +0.4%    60%W +0.5%    60%W +0.3%    65%W +0.8%       -2.5% → +3.6%
  SNPS    20    45%W -0.0%    65%W +0.2%    65%W +0.2%    60%W +0.2%    55%W +0.3%    65%W +0.4%       -2.0% → +2.1%
  MRVL    20    70%W +0.2%    60%W +0.1%    60%W +0.6%    70%W +0.8%    70%W +0.8%    65%W +1.0%       -4.7% → +5.2%
  AMD     20    70%W +0.3%    75%W +0.5%    50%W +0.3%    65%W +0.4%    65%W +0.5%    65%W +0.9%       -3.6% → +5.4%
  DDOG    20    55%W +0.2%    70%W +0.7%    55%W +0.6%    60%W +1.0%    55%W +0.8%    65%W +0.8%       -5.8% → +5.2%
  CRWD    20    55%W +0.1%    60%W +0.6%    75%W +0.7%    55%W +1.1%    60%W +1.1%    60%W +0.4%       -4.4% → +5.5%
  QCOM    20    55%W +0.1%    65%W +0.3%    60%W +0.7%    70%W +0.6%    65%W +0.5%    60%W +0.3%       -2.6% → +4.5%
  AVGO    20    60%W +0.1%    65%W +0.1%    55%W +0.3%    60%W +0.2%    65%W +0.2%    60%W +0.3%       -2.9% → +4.1%
  LLY     20    75%W +0.1%    75%W +0.1%    60%W +0.2%    65%W +0.2%    50%W +0.1%    50%W +0.0%       -4.1% → +2.3%
  TSLA    20    50%W +0.0%    55%W +0.0%    55%W +0.2%    45%W -0.2%    50%W -0.3%    45%W -0.3%       -6.2% → +8.5%
Pre-session top-2 (9:25, 20d EOD win rate) — 2023-01-20  OR: 09:30/3b
  #1 SPOT   +15m 65%W +0.4%  +30m 70%W +0.5%  +1h 65%W +0.5%  +2h 70%W +1.0%  +5h 80%W +0.8%  EOD 85%W +1.2%  EOD range -1.0% → +5.8%
  #2 MU     +15m 60%W +0.1%  +30m 60%W +0.3%  +1h 50%W +0.1%  +2h 50%W -0.1%  +5h 75%W +0.7%  EOD 80%W +0.9%  EOD range -3.4% → +4.8%
  Ticker   N          +15m          +30m           +1h           +2h           +5h           EOD           EOD range
  ----------------------------------------------------------------------------------------------------------------------
  SPOT    20    65%W +0.4%    70%W +0.5%    65%W +0.5%    70%W +1.0%    80%W +0.8%    85%W +1.2%       -1.0% → +5.8%
  MU      20    60%W +0.1%    60%W +0.3%    50%W +0.1%    50%W -0.1%    75%W +0.7%    80%W +0.9%       -3.4% → +4.8%
  CHTR    20    65%W +0.2%    70%W +0.3%    65%W +0.3%    65%W +0.7%    75%W +1.1%    80%W +1.2%       -1.4% → +2.2%
  PLTR    20    65%W +0.3%    60%W +0.5%    65%W +0.4%    65%W +0.7%    75%W +0.7%    75%W +1.1%       -3.0% → +4.8%
  APP     20    50%W +0.1%    60%W +0.3%    55%W +0.4%    60%W +0.4%    65%W +0.5%    70%W +1.3%       -3.7% → +7.5%
  META    20    70%W +0.2%    80%W +0.3%    65%W +0.8%    65%W +0.6%    65%W +0.6%    70%W +1.2%       -2.3% → +3.6%
  SNOW    20    70%W +0.4%    85%W +0.7%    70%W +0.8%    70%W +1.0%    65%W +0.9%    70%W +1.1%       -8.9% → +4.8%
  SNPS    20    45%W -0.0%    60%W +0.2%    60%W +0.1%    60%W +0.2%    55%W +0.3%    65%W +0.4%       -2.0% → +2.1%
  MRVL    20    70%W +0.2%    60%W +0.1%    60%W +0.6%    70%W +0.8%    70%W +0.8%    65%W +1.0%       -4.7% → +5.2%
  DDOG    20    60%W +0.2%    70%W +0.6%    50%W +0.2%    60%W +1.0%    55%W +0.8%    65%W +0.8%       -5.8% → +5.2%
  CRWD    20    55%W +0.1%    55%W +0.4%    70%W +0.6%    55%W +1.1%    60%W +1.1%    60%W +0.4%       -4.4% → +5.5%
  QCOM    20    55%W +0.1%    65%W +0.3%    60%W +0.7%    70%W +0.6%    70%W +0.5%    60%W +0.3%       -2.6% → +4.5%
  AVGO    20    60%W +0.1%    65%W +0.1%    55%W +0.3%    60%W +0.2%    70%W +0.2%    60%W +0.3%       -2.9% → +4.1%
  AMD     20    75%W +0.3%    75%W +0.5%    50%W +0.3%    65%W +0.4%    60%W +0.5%    60%W +0.9%       -3.6% → +5.4%
  LLY     20    70%W +0.1%    70%W +0.1%    55%W +0.1%    60%W +0.2%    45%W -0.1%    45%W -0.4%       -4.1% → +2.3%
  TSLA    20    55%W +0.1%    60%W +0.2%    55%W +0.2%    45%W -0.2%    55%W +0.0%    45%W -0.3%       -6.2% → +8.5%
Pre-session top-2 (9:25, 20d EOD win rate) — 2023-01-23  OR: 09:30/3b
  #1 SPOT   +15m 65%W +0.3%  +30m 70%W +0.5%  +1h 65%W +0.5%  +2h 70%W +0.8%  +5h 80%W +0.7%  EOD 85%W +1.1%  EOD range -1.0% → +5.8%
  #2 MU     +15m 60%W +0.1%  +30m 60%W +0.3%  +1h 50%W +0.1%  +2h 55%W +0.1%  +5h 80%W +0.7%  EOD 85%W +1.1%  EOD range -3.4% → +4.8%
  Ticker   N          +15m          +30m           +1h           +2h           +5h           EOD           EOD range
  ----------------------------------------------------------------------------------------------------------------------
  SPOT    20    65%W +0.3%    70%W +0.5%    65%W +0.5%    70%W +0.8%    80%W +0.7%    85%W +1.1%       -1.0% → +5.8%
  MU      20    60%W +0.1%    60%W +0.3%    50%W +0.1%    55%W +0.1%    80%W +0.7%    85%W +1.1%       -3.4% → +4.8%
  CHTR    20    65%W +0.2%    70%W +0.3%    65%W +0.3%    65%W +0.7%    75%W +1.1%    80%W +1.2%       -1.4% → +2.4%
  PLTR    20    65%W +0.3%    55%W +0.3%    65%W +0.4%    65%W +0.7%    75%W +0.9%    75%W +1.2%       -3.0% → +4.8%
  APP     20    50%W +0.1%    60%W +0.3%    55%W +0.4%    60%W +0.4%    65%W +0.5%    70%W +1.3%       -3.7% → +7.5%
  META    20    70%W +0.2%    80%W +0.3%    65%W +0.4%    65%W +0.6%    65%W +0.6%    70%W +1.2%       -2.3% → +3.1%
  SNOW    20    70%W +0.3%    85%W +0.7%    70%W +0.8%    70%W +1.0%    65%W +0.9%    70%W +1.1%       -8.9% → +6.2%
  SNPS    20    40%W -0.0%    60%W +0.1%    60%W +0.1%    60%W +0.2%    55%W +0.3%    65%W +0.4%       -2.0% → +3.0%
  MRVL    20    70%W +0.1%    60%W +0.1%    55%W +0.4%    65%W +0.7%    70%W +0.8%    65%W +1.0%       -4.7% → +5.2%
  AVGO    20    55%W +0.1%    60%W +0.1%    50%W +0.1%    55%W +0.1%    70%W +0.3%    65%W +0.3%       -2.9% → +4.1%
  DDOG    20    55%W +0.2%    65%W +0.5%    45%W -0.1%    60%W +1.0%    55%W +0.9%    65%W +0.8%       -5.8% → +5.2%
  CRWD    20    55%W +0.1%    50%W +0.1%    65%W +0.4%    55%W +0.7%    60%W +1.1%    60%W +0.4%       -4.4% → +5.5%
  QCOM    20    50%W +0.0%    60%W +0.3%    55%W +0.7%    65%W +0.5%    70%W +0.5%    60%W +0.3%       -2.6% → +4.5%
  AMD     20    70%W +0.3%    70%W +0.4%    45%W -0.1%    65%W +0.4%    60%W +0.5%    60%W +0.9%       -3.6% → +5.4%
  TSLA    20    55%W +0.1%    60%W +0.2%    55%W +0.2%    50%W +0.4%    60%W +0.4%    50%W +0.1%       -6.2% → +8.5%
  LLY     20    65%W +0.0%    70%W +0.1%    55%W +0.1%    55%W +0.1%    40%W -0.3%    40%W -0.4%       -4.1% → +2.3%
Pre-session top-2 (9:25, 20d EOD win rate) — 2023-01-24  OR: 09:30/3b
  #1 SPOT   +15m 60%W +0.3%  +30m 65%W +0.4%  +1h 60%W +0.3%  +2h 65%W +0.5%  +5h 75%W +0.7%  EOD 85%W +1.1%  EOD range -1.7% → +5.8%
  #2 MU     +15m 65%W +0.2%  +30m 60%W +0.3%  +1h 50%W +0.1%  +2h 55%W +0.1%  +5h 80%W +0.8%  EOD 85%W +1.2%  EOD range -3.4% → +4.8%
  Ticker   N          +15m          +30m           +1h           +2h           +5h           EOD           EOD range
  ----------------------------------------------------------------------------------------------------------------------
  SPOT    20    60%W +0.3%    65%W +0.4%    60%W +0.3%    65%W +0.5%    75%W +0.7%    85%W +1.1%       -1.7% → +5.8%
  MU      20    65%W +0.2%    60%W +0.3%    50%W +0.1%    55%W +0.1%    80%W +0.8%    85%W +1.2%       -3.4% → +4.8%
  APP     20    55%W +0.2%    65%W +0.5%    60%W +0.7%    60%W +0.8%    70%W +1.5%    75%W +1.7%       -3.7% → +7.5%
  PLTR    20    60%W +0.2%    55%W +0.3%    65%W +0.4%    65%W +0.7%    75%W +0.9%    75%W +1.2%       -3.0% → +4.4%
  CHTR    20    70%W +0.2%    70%W +0.3%    65%W +0.2%    60%W +0.5%    70%W +0.8%    75%W +1.0%       -1.4% → +2.4%
  META    20    70%W +0.2%    80%W +0.3%    65%W +0.4%    65%W +0.6%    65%W +0.6%    70%W +1.2%       -2.3% → +3.1%
  SNOW    20    70%W +0.3%    85%W +0.6%    70%W +0.8%    70%W +1.0%    65%W +0.9%    70%W +1.1%       -8.9% → +6.2%
  SNPS    20    40%W -0.0%    60%W +0.1%    60%W +0.1%    60%W +0.2%    55%W +0.3%    65%W +0.4%       -2.0% → +3.0%
  MRVL    20    75%W +0.2%    60%W +0.1%    55%W +0.4%    65%W +0.9%    70%W +1.0%    65%W +1.2%       -4.7% → +5.2%
  AVGO    20    55%W +0.0%    55%W +0.0%    50%W -0.0%    55%W +0.1%    70%W +0.3%    65%W +0.3%       -2.9% → +4.1%
  DDOG    20    55%W +0.2%    65%W +0.5%    45%W -0.1%    60%W +1.0%    55%W +0.9%    65%W +0.8%       -5.8% → +6.6%
  CRWD    20    55%W +0.1%    50%W +0.1%    65%W +0.4%    55%W +0.7%    60%W +1.1%    60%W +0.4%       -4.4% → +5.5%
  QCOM    20    50%W +0.0%    60%W +0.3%    55%W +0.7%    65%W +0.5%    70%W +0.5%    60%W +0.3%       -2.6% → +4.5%
  AMD     20    75%W +0.3%    70%W +0.4%    45%W -0.1%    65%W +0.4%    60%W +0.5%    60%W +0.9%       -3.6% → +5.4%
  TSLA    20    55%W +0.2%    60%W +0.2%    55%W +0.8%    55%W +1.1%    60%W +0.8%    55%W +0.8%       -6.2% → +8.5%
  LLY     20    65%W +0.0%    70%W +0.1%    55%W +0.1%    50%W +0.0%    35%W -0.3%    35%W -0.4%       -4.1% → +2.3%
Pre-session top-2 (9:25, 20d EOD win rate) — 2023-01-25  OR: 09:30/3b
  #1 SPOT   +15m 55%W +0.2%  +30m 65%W +0.4%  +1h 60%W +0.5%  +2h 65%W +0.5%  +5h 75%W +0.8%  EOD 85%W +0.9%  EOD range -1.7% → +5.8%
  #2 MU     +15m 60%W +0.2%  +30m 65%W +0.3%  +1h 45%W -0.0%  +2h 60%W +0.3%  +5h 85%W +0.8%  EOD 80%W +1.2%  EOD range -3.4% → +4.8%
  Ticker   N          +15m          +30m           +1h           +2h           +5h           EOD           EOD range
  ----------------------------------------------------------------------------------------------------------------------
  SPOT    20    55%W +0.2%    65%W +0.4%    60%W +0.5%    65%W +0.5%    75%W +0.8%    85%W +0.9%       -1.7% → +5.8%
  MU      20    60%W +0.2%    65%W +0.3%    45%W -0.0%    60%W +0.3%    85%W +0.8%    80%W +1.2%       -3.4% → +4.8%
  PLTR    20    65%W +0.3%    60%W +0.5%    70%W +0.5%    65%W +0.7%    75%W +0.9%    75%W +1.2%       -3.0% → +4.4%
  APP     20    50%W +0.1%    65%W +0.5%    60%W +0.7%    60%W +0.8%    65%W +1.5%    70%W +1.5%       -3.7% → +7.5%
  SNOW    20    65%W +0.3%    80%W +0.6%    65%W +0.8%    65%W +1.0%    65%W +0.9%    70%W +1.1%       -8.9% → +6.2%
  SNPS    20    35%W -0.1%    65%W +0.2%    60%W +0.1%    65%W +0.2%    55%W +0.3%    70%W +0.4%       -2.0% → +3.0%
  CHTR    20    65%W +0.2%    65%W +0.2%    65%W +0.2%    65%W +0.5%    65%W +0.8%    70%W +0.8%       -1.4% → +2.4%
  META    20    70%W +0.2%    85%W +0.4%    65%W +0.4%    70%W +0.6%    65%W +0.6%    65%W +1.2%       -2.3% → +3.1%
  MRVL    20    75%W +0.2%    65%W +0.1%    55%W +0.4%    65%W +0.9%    70%W +1.0%    65%W +1.2%       -4.7% → +5.2%
  AVGO    20    55%W +0.0%    60%W +0.1%    55%W +0.2%    60%W +0.2%    75%W +0.4%    65%W +0.4%       -2.9% → +4.1%
  AMD     20    80%W +0.3%    75%W +0.5%    45%W -0.1%    65%W +0.4%    60%W +0.5%    65%W +0.9%       -3.6% → +5.4%
  DDOG    20    50%W +0.1%    65%W +0.5%    45%W -0.1%    60%W +1.0%    55%W +0.9%    65%W +0.8%       -5.8% → +6.6%
  CRWD    20    55%W +0.1%    50%W +0.1%    65%W +0.4%    55%W +0.7%    60%W +1.1%    60%W +0.4%       -4.4% → +5.5%
  QCOM    20    55%W +0.1%    65%W +0.3%    60%W +0.7%    65%W +0.5%    70%W +0.5%    60%W +0.3%       -2.6% → +4.5%
  TSLA    20    55%W +0.3%    60%W +0.2%    55%W +0.8%    55%W +1.1%    60%W +0.8%    55%W +0.8%       -6.2% → +8.5%
  LLY     20    65%W +0.0%    65%W +0.1%    50%W -0.0%    50%W +0.0%    40%W -0.2%    40%W -0.3%       -4.1% → +2.3%
Pre-session top-2 (9:25, 20d EOD win rate) — 2023-01-26  OR: 09:30/3b
  #1 SPOT   +15m 55%W +0.2%  +30m 60%W +0.3%  +1h 60%W +0.3%  +2h 65%W +0.5%  +5h 75%W +0.8%  EOD 85%W +0.9%  EOD range -1.7% → +5.8%
  #2 MU     +15m 65%W +0.3%  +30m 60%W +0.2%  +1h 40%W -0.0%  +2h 55%W +0.1%  +5h 85%W +0.7%  EOD 80%W +1.1%  EOD range -3.4% → +4.8%
  Ticker   N          +15m          +30m           +1h           +2h           +5h           EOD           EOD range
  ----------------------------------------------------------------------------------------------------------------------
  SPOT    20    55%W +0.2%    60%W +0.3%    60%W +0.3%    65%W +0.5%    75%W +0.8%    85%W +0.9%       -1.7% → +5.8%
  MU      20    65%W +0.3%    60%W +0.2%    40%W -0.0%    55%W +0.1%    85%W +0.7%    80%W +1.1%       -3.4% → +4.8%
  PLTR    20    65%W +0.3%    60%W +0.5%    65%W +0.5%    70%W +0.7%    75%W +1.1%    75%W +1.4%       -3.0% → +4.9%
  APP     20    50%W +0.1%    60%W +0.3%    55%W +0.4%    60%W +0.8%    65%W +2.4%    70%W +2.1%       -3.7% → +7.5%
  SNOW    20    65%W +0.3%    80%W +0.6%    60%W +0.6%    70%W +1.3%    65%W +1.5%    70%W +1.3%       -8.9% → +6.2%
  SNPS    20    35%W -0.1%    65%W +0.2%    60%W +0.1%    65%W +0.2%    55%W +0.3%    70%W +0.4%       -2.0% → +3.0%
  CHTR    20    70%W +0.2%    65%W +0.2%    65%W +0.1%    65%W +0.5%    65%W +0.8%    70%W +0.8%       -1.4% → +2.9%
  MRVL    20    70%W +0.2%    60%W +0.1%    50%W +0.1%    60%W +0.4%    70%W +1.0%    65%W +1.2%       -4.7% → +5.2%
  CRWD    20    55%W +0.1%    50%W +0.1%    60%W +0.3%    55%W +0.7%    65%W +1.2%    65%W +0.6%       -4.4% → +5.5%
  AVGO    20    60%W +0.1%    60%W +0.1%    55%W +0.1%    60%W +0.3%    75%W +0.5%    65%W +0.4%       -2.9% → +4.1%
  AMD     20    75%W +0.3%    70%W +0.4%    40%W -0.1%    60%W +0.2%    60%W +0.5%    65%W +0.9%       -3.6% → +5.4%
  DDOG    20    50%W +0.1%    65%W +0.5%    40%W -0.2%    65%W +1.1%    55%W +2.1%    65%W +1.8%       -5.8% → +6.6%
  META    20    75%W +0.2%    85%W +0.4%    60%W +0.2%    70%W +0.5%    65%W +0.4%    60%W +0.6%       -2.3% → +3.1%
  QCOM    20    60%W +0.1%    65%W +0.3%    55%W +0.5%    65%W +0.3%    70%W +0.5%    60%W +0.3%       -2.6% → +4.5%
  TSLA    20    55%W +0.3%    60%W +0.2%    50%W -0.2%    60%W +1.1%    60%W +1.3%    60%W +1.3%       -6.2% → +8.5%
  LLY     20    70%W +0.1%    65%W +0.1%    50%W -0.0%    50%W +0.0%    40%W -0.2%    40%W -0.3%       -4.1% → +2.3%
Pre-session top-2 (9:25, 20d EOD win rate) — 2023-01-27  OR: 09:30/3b
  #1 SPOT   +15m 55%W +0.2%  +30m 55%W +0.1%  +1h 55%W +0.2%  +2h 65%W +0.4%  +5h 75%W +0.7%  EOD 85%W +0.8%  EOD range -1.7% → +5.8%
  #2 MU     +15m 60%W +0.2%  +30m 55%W +0.1%  +1h 35%W -0.1%  +2h 50%W -0.0%  +5h 85%W +0.7%  EOD 80%W +1.0%  EOD range -3.4% → +4.8%
  Ticker   N          +15m          +30m           +1h           +2h           +5h           EOD           EOD range
  ----------------------------------------------------------------------------------------------------------------------
  SPOT    20    55%W +0.2%    55%W +0.1%    55%W +0.2%    65%W +0.4%    75%W +0.7%    85%W +0.8%       -1.7% → +5.8%
  MU      20    60%W +0.2%    55%W +0.1%    35%W -0.1%    50%W -0.0%    85%W +0.7%    80%W +1.0%       -3.4% → +4.8%
  CHTR    20    75%W +0.2%    70%W +0.2%    65%W +0.1%    60%W +0.3%    70%W +0.8%    75%W +0.8%       -1.4% → +2.9%
  APP     20    50%W +0.1%    65%W +0.4%    55%W +0.3%    55%W +0.8%    65%W +2.4%    70%W +2.1%       -3.7% → +7.5%
  SNOW    20    60%W +0.2%    75%W +0.6%    55%W +0.3%    65%W +1.0%    65%W +1.4%    70%W +1.3%       -8.9% → +6.2%
  SNPS    20    40%W -0.1%    70%W +0.2%    55%W +0.1%    60%W +0.2%    60%W +0.4%    70%W +0.5%       -2.0% → +3.0%
  PLTR    20    60%W +0.2%    55%W +0.3%    60%W +0.3%    65%W +0.7%    70%W +1.1%    70%W +1.4%       -3.0% → +4.9%
  MRVL    20    65%W +0.1%    55%W +0.1%    45%W -0.3%    55%W +0.0%    70%W +1.0%    65%W +1.5%       -4.7% → +5.2%
  CRWD    20    50%W +0.0%    45%W -0.1%    60%W +0.2%    55%W +0.3%    65%W +1.1%    65%W +0.7%       -4.4% → +5.5%
  TSLA    20    55%W +0.3%    60%W +0.2%    55%W +0.3%    60%W +1.1%    65%W +1.3%    65%W +1.6%       -6.2% → +8.5%
  AVGO    20    60%W +0.1%    60%W +0.1%    50%W -0.0%    55%W +0.1%    75%W +0.4%    65%W +0.6%       -2.9% → +4.1%
  AMD     20    70%W +0.3%    65%W +0.3%    35%W -0.2%    55%W +0.1%    60%W +0.5%    65%W +0.9%       -3.6% → +5.4%
  DDOG    20    45%W -0.1%    65%W +0.4%    40%W -0.2%    60%W +1.0%    60%W +2.4%    65%W +2.9%       -5.8% → +6.6%
  META    20    75%W +0.2%    80%W +0.4%    55%W +0.1%    70%W +0.4%    70%W +0.6%    60%W +1.2%       -2.3% → +3.1%
  QCOM    20    60%W +0.1%    60%W +0.3%    50%W +0.0%    60%W +0.2%    65%W +0.5%    60%W +0.6%       -2.6% → +4.5%
  LLY     20    65%W +0.1%    60%W +0.1%    45%W -0.1%    45%W -0.0%    40%W -0.2%    40%W -0.3%       -4.1% → +2.3%
Pre-session top-2 (9:25, 20d EOD win rate) — 2023-01-30  OR: 09:30/3b
  #1 SPOT   +15m 50%W +0.1%  +30m 50%W +0.0%  +1h 55%W +0.1%  +2h 70%W +0.5%  +5h 80%W +0.8%  EOD 90%W +0.9%  EOD range -1.7% → +5.8%
  #2 MU     +15m 65%W +0.3%  +30m 60%W +0.2%  +1h 40%W -0.0%  +2h 55%W +0.1%  +5h 90%W +0.8%  EOD 85%W +1.1%  EOD range -2.6% → +4.8%
  Ticker   N          +15m          +30m           +1h           +2h           +5h           EOD           EOD range
  ----------------------------------------------------------------------------------------------------------------------
  SPOT    20    50%W +0.1%    50%W +0.0%    55%W +0.1%    70%W +0.5%    80%W +0.8%    90%W +0.9%       -1.7% → +5.8%
  MU      20    65%W +0.3%    60%W +0.2%    40%W -0.0%    55%W +0.1%    90%W +0.8%    85%W +1.1%       -2.6% → +4.8%
  SNPS    20    40%W -0.1%    70%W +0.2%    55%W +0.2%    65%W +0.2%    65%W +0.5%    75%W +0.5%       -2.0% → +3.0%
  CHTR    20    75%W +0.2%    75%W +0.2%    65%W +0.1%    60%W +0.3%    70%W +0.8%    75%W +0.8%       -2.3% → +2.9%
  APP     20    55%W +0.3%    70%W +0.4%    60%W +0.3%    60%W +1.2%    70%W +2.6%    70%W +2.5%       -3.7% → +7.5%
  SNOW    20    60%W +0.2%    75%W +0.6%    55%W +0.3%    65%W +1.3%    65%W +1.8%    70%W +1.7%       -8.9% → +6.2%
  MRVL    20    60%W +0.1%    60%W +0.1%    50%W +0.1%    60%W +0.3%    75%W +1.1%    70%W +1.5%       -4.7% → +5.2%
  CRWD    20    50%W +0.0%    45%W -0.1%    60%W +0.3%    60%W +0.5%    70%W +1.2%    70%W +0.7%       -4.4% → +5.5%
  PLTR    20    60%W +0.2%    60%W +0.4%    65%W +0.3%    70%W +0.7%    70%W +1.4%    70%W +2.0%       -3.0% → +4.9%
  TSLA    20    60%W +0.4%    65%W +0.5%    60%W +0.8%    65%W +1.4%    70%W +1.8%    70%W +1.8%       -6.2% → +8.5%
  AMD     20    70%W +0.3%    65%W +0.3%    40%W -0.1%    60%W +0.2%    65%W +0.7%    70%W +1.2%       -3.6% → +5.4%
  DDOG    20    45%W -0.1%    65%W +0.6%    45%W -0.2%    65%W +1.1%    65%W +2.5%    70%W +2.9%       -5.8% → +6.6%
  META    20    75%W +0.2%    80%W +0.4%    55%W +0.2%    75%W +0.5%    75%W +1.0%    65%W +1.4%       -2.3% → +3.1%
  QCOM    20    65%W +0.1%    65%W +0.3%    55%W +0.3%    65%W +0.3%    70%W +0.6%    65%W +0.6%       -2.2% → +4.5%
  AVGO    20    65%W +0.1%    65%W +0.2%    55%W +0.0%    60%W +0.1%    80%W +0.4%    65%W +0.6%       -2.9% → +4.1%
  LLY     20    65%W +0.1%    60%W +0.1%    45%W -0.2%    45%W -0.0%    40%W -0.3%    40%W -0.4%       -4.1% → +2.3%
Pre-session top-2 (9:25, 20d EOD win rate) — 2023-01-31  OR: 09:30/3b
  #1 SPOT   +15m 55%W +0.2%  +30m 50%W +0.0%  +1h 50%W -0.1%  +2h 70%W +0.4%  +5h 80%W +0.8%  EOD 85%W +0.9%  EOD range -1.7% → +5.8%
  #2 MU     +15m 65%W +0.3%  +30m 60%W +0.2%  +1h 35%W -0.1%  +2h 55%W +0.1%  +5h 85%W +0.8%  EOD 80%W +1.0%  EOD range -2.6% → +4.8%
  Ticker   N          +15m          +30m           +1h           +2h           +5h           EOD           EOD range
  ----------------------------------------------------------------------------------------------------------------------
  SPOT    20    55%W +0.2%    50%W +0.0%    50%W -0.1%    70%W +0.4%    80%W +0.8%    85%W +0.9%       -1.7% → +5.8%
  MU      20    65%W +0.3%    60%W +0.2%    35%W -0.1%    55%W +0.1%    85%W +0.8%    80%W +1.0%       -2.6% → +4.8%
  CHTR    20    75%W +0.2%    75%W +0.2%    65%W +0.1%    60%W +0.3%    70%W +0.6%    75%W +0.7%       -2.3% → +2.9%
  SNPS    20    45%W -0.1%    70%W +0.2%    50%W +0.1%    65%W +0.2%    60%W +0.4%    70%W +0.5%       -2.0% → +3.0%
  APP     20    55%W +0.3%    70%W +0.4%    55%W +0.1%    55%W +0.8%    65%W +2.4%    65%W +2.1%       -3.7% → +7.5%
  SNOW    20    55%W +0.2%    70%W +0.5%    50%W +0.1%    60%W +0.6%    60%W +1.4%    65%W +1.4%       -8.9% → +6.2%
  MRVL    20    60%W +0.1%    60%W +0.1%    45%W -0.3%    55%W +0.0%    70%W +1.1%    65%W +1.5%       -4.7% → +5.2%
  CRWD    20    50%W +0.0%    40%W -0.1%    55%W +0.2%    55%W +0.3%    65%W +1.1%    65%W +0.4%       -4.4% → +5.5%
  QCOM    20    65%W +0.1%    65%W +0.3%    50%W +0.0%    60%W +0.2%    65%W +0.6%    65%W +0.4%       -2.2% → +4.5%
  PLTR    20    60%W +0.2%    60%W +0.4%    60%W +0.2%    70%W +0.6%    65%W +1.3%    65%W +1.6%       -3.0% → +4.9%
  TSLA    20    65%W +0.4%    65%W +0.4%    55%W +0.3%    60%W +1.2%    70%W +1.8%    65%W +1.8%       -6.2% → +8.5%
  AMD     20    70%W +0.3%    65%W +0.3%    35%W -0.3%    55%W +0.1%    60%W +0.5%    65%W +0.9%       -3.6% → +5.4%
  DDOG    20    40%W -0.1%    60%W +0.3%    40%W -0.4%    60%W +1.0%    60%W +2.4%    65%W +2.9%       -5.8% → +6.6%
  META    20    75%W +0.2%    80%W +0.4%    50%W +0.0%    70%W +0.4%    70%W +0.6%    60%W +1.2%       -2.3% → +3.1%
  AVGO    20    65%W +0.1%    65%W +0.2%    50%W -0.0%    55%W +0.0%    75%W +0.4%    60%W +0.6%       -2.9% → +4.1%
  LLY     20    65%W +0.1%    55%W +0.0%    40%W -0.4%    40%W -0.1%    40%W -0.3%    40%W -0.4%       -4.1% → +2.3%

=========================================================================================================================================================================================
Pre-Session Top-2 Performance — 2023-01-03 to 2023-01-31  |  Unconditional OR-close entry  |  OR: 09:30/3b
=========================================================================================================================================================================================
Date         Ticker Rank  At       Entry       +15m       +30m       +45m        +1h     +1h30m        +2h        +3h        +4h        +5h        +6h        +7h        EOD
-----------------------------------------------------------------------------------------------------------------------------------------------------------------------------------------
2023-01-03   META   #1    09:40   125.08    -1.78%L    -1.96%L    -1.58%L    -1.46%L    -0.83%L    -1.11%L    -0.82%L    -0.50%L    -0.24%L    -0.32%L    -0.25%L    -0.25%L
2023-01-03   CHTR   #2    09:40   344.01    -0.71%L    -1.06%L    -0.63%L    -0.23%L    -0.73%L    -0.89%L    -1.84%L    -0.84%L    -0.74%L    -0.67%L    -0.71%L    -0.71%L
2023-01-04   META   #1    09:40   127.84    -0.73%L    -1.09%L    -1.07%L    -0.48%L    -0.28%L    +0.61%W    +0.72%W    +0.11%W    -0.50%L    -0.97%L    -0.38%L    -0.38%L
2023-01-04   SPOT   #2    09:40    82.21    +0.13%W    -1.01%L    -0.84%L    -0.29%L    -0.10%L    +0.40%W    -0.47%L    -0.30%L    -0.81%L    -1.50%L    -1.05%L    -1.05%L
2023-01-05   CHTR   #1    09:40   358.10    +0.20%W    +0.45%W    +0.15%W    -0.20%L    -0.38%L    +0.91%W    +0.26%W    +1.66%W    +1.87%W    +0.98%W    +0.96%W    +0.96%W
2023-01-05   META   #2    09:40   125.23    +0.07%W    +0.12%W    -0.06%L    -0.23%L    +0.27%W    +1.25%W    +0.53%W    +1.89%W    +2.34%W    +1.79%W    +1.37%W    +1.37%W
2023-01-06   CHTR   #1    09:40   362.58    -0.41%L    +0.26%W    +0.21%W    +0.93%W    +0.68%W    +0.68%W    +1.37%W    +1.91%W    +1.99%W    +1.67%W    +1.42%W    +1.42%W
2023-01-06   META   #2    09:40   126.44    +0.32%W    +1.09%W    +1.30%W    +1.43%W    +1.71%W    +1.91%W    +1.94%W    +2.26%W    +2.54%W    +2.97%W    +2.85%W    +2.85%W
2023-01-09   META   #1    09:40   131.24    +0.35%W    +0.25%W    -0.01%L    +0.64%W    -0.10%L    -0.23%L    -0.27%L    -0.21%L    -0.49%L    -1.03%L    -1.35%L    -1.35%L
2023-01-09   CHTR   #2    09:40   365.43    +0.25%W    +0.25%W    -0.24%L    -0.42%L    -0.11%L    -0.01%L    +0.44%W    +0.07%W    +0.35%W    +0.61%W    +0.48%W    +0.48%W
2023-01-10   CHTR   #1    09:40   369.00    +0.45%W    +1.14%W    +0.56%W    -0.17%L    +0.64%W    +0.74%W    +1.20%W    +0.98%W    +1.12%W    +1.23%W    +1.51%W    +1.51%W
2023-01-10   META   #2    09:40   129.24    +0.48%W    +1.52%W    +1.34%W    +1.05%W    +1.82%W    +1.76%W    +2.04%W    +1.97%W    +2.27%W    +2.73%W    +2.90%W    +2.90%W
2023-01-11   SPOT   #1    09:40    91.70    +0.44%W    -0.20%L    -0.63%L    -0.52%L    +0.01%W    -0.53%L    -0.49%L    -0.54%L    -0.37%L    -0.24%L    +0.05%W    +0.05%W
2023-01-11   MU     #2    09:40    57.59    -0.07%L    -0.31%L    +0.15%W    -0.42%L    -0.17%L    -0.52%L    -0.17%L    +0.33%W    +0.76%W    +0.36%W    +0.86%W    +0.86%W
2023-01-12   SPOT   #1    09:40    89.34    -0.22%L    +2.21%W    +1.51%W    +1.53%W    +1.48%W    +1.96%W    +2.04%W    +1.70%W    +2.15%W    +1.85%W    +2.06%W    +2.06%W
2023-01-12   MU     #2    09:40    56.51    +0.46%W    +0.56%W    +0.65%W    +0.78%W    +0.30%W    +0.46%W    +2.30%W    +1.63%W    +1.59%W    +1.26%W    +1.38%W    +1.38%W
2023-01-13   SPOT   #1    09:40    90.96    +0.27%W    +0.55%W    +0.47%W    -0.32%L    +0.11%W    -0.29%L    +0.34%W    +0.44%W    +0.79%W    +0.91%W    +1.20%W    +1.20%W
2023-01-13   MU     #2    09:40    56.56    +0.28%W    +0.37%W    +0.55%W    +0.25%W    -0.18%L    -0.52%L    -0.19%L    -0.19%L    +0.02%W    +0.27%W    +0.64%W    +0.64%W
2023-01-17   SPOT   #1    09:40    91.05    +0.44%W    +0.63%W    +0.51%W    -0.34%L    -0.03%L    +0.33%W    +0.43%W    +1.11%W    +0.83%W    +0.72%W    +0.77%W    +0.77%W
2023-01-17   MU     #2    09:40    58.40    -0.96%L    -1.23%L    -1.92%L    -2.41%L    -3.04%L    -2.76%L    -2.69%L    -2.08%L    -2.57%L    -2.58%L    -2.64%L    -2.64%L
2023-01-18   SPOT   #1    09:40    92.18    +0.48%W    -0.04%L    +0.38%W    -0.76%L    -0.84%L    -1.30%L    -0.24%L    +0.01%W    +0.15%W    +0.63%W    +0.56%W    +0.56%W
2023-01-18   CHTR   #2    09:40   387.49    +0.17%W    +0.11%W    +0.41%W    -0.26%L    -0.39%L    -1.12%L    -0.73%L    -0.94%L    -1.44%L    -1.33%L    -1.45%L    -1.45%L
2023-01-19   SPOT   #1    09:40    92.20    -0.39%L    -0.52%L    -0.85%L    -0.40%L    -0.69%L    -0.94%L    -0.56%L    -0.43%L    +0.23%W    +2.49%W    +1.48%W    +1.48%W
2023-01-19   CHTR   #2    09:40   377.80    +0.20%W    -0.12%L    -0.41%L    -0.42%L    -0.33%L    -0.75%L    +0.11%W    +0.32%W    +1.03%W    +1.48%W    +1.80%W    +1.80%W
2023-01-20   SPOT   #1    09:40    96.98    +0.40%W    +0.71%W    +0.37%W    +0.54%W    +0.62%W    +0.38%W    +0.68%W    +0.71%W    +0.69%W    +1.19%W    +0.98%W    +0.98%W
2023-01-20   MU     #2    09:40    57.25    +0.58%W    +0.28%W    +0.12%W    -0.37%L    +0.28%W    +0.10%W    +1.09%W    +1.09%W    +1.26%W    +1.90%W    +2.08%W    +2.08%W
2023-01-23   SPOT   #1    09:40   101.65    -1.80%L    -1.41%L    -1.69%L    -0.91%L    -0.64%L    -0.47%L    -0.99%L    -1.68%L    -1.62%L    -1.80%L    -1.67%L    -1.67%L
2023-01-23   MU     #2    09:40    59.56    +1.78%W    +2.19%W    +2.28%W    +2.24%W    +2.74%W    +3.06%W    +3.22%W    +3.69%W    +2.33%W    +3.01%W    +3.81%W    +3.81%W
2023-01-24   SPOT   #1    09:40    99.09    +0.00%L    +0.53%W    +0.77%W    +0.66%W    +0.72%W    +0.83%W    +0.07%W    +0.84%W    +1.04%W    +0.49%W    +0.19%W    +0.19%W
2023-01-24   MU     #2    09:40    61.28    -0.46%L    +0.20%W    -0.16%L    -0.05%L    +0.34%W    +0.46%W    +0.07%W    +0.02%W    +0.18%W    -0.24%L    -0.03%L    -0.03%L
2023-01-25   SPOT   #1    09:40    96.64    -0.99%L    -1.08%L    -0.21%L    +0.02%W    +1.34%W    +0.88%W    +1.47%W    +2.32%W    +2.50%W    +2.47%W    +3.49%W    +3.49%W
2023-01-25   MU     #2    09:40    60.99    +0.26%W    -0.42%L    -0.54%L    -0.31%L    -0.03%L    -0.10%L    -0.11%L    +0.04%W    +0.39%W    +0.56%W    +0.93%W    +0.93%W
2023-01-26   SPOT   #1    09:40   100.59    +0.00%L    -0.68%L    -0.72%L    -0.45%L    +0.27%W    +0.32%W    +0.57%W    +0.52%W    +0.57%W    +0.42%W    +0.68%W    +0.68%W
2023-01-26   MU     #2    09:40    62.20    -1.02%L    -0.54%L    -0.43%L    -0.78%L    -0.94%L    -0.15%L    +0.57%W    +0.76%W    +1.25%W    +0.58%W    +0.97%W    +0.97%W
2023-01-27   SPOT   #1    09:40   101.02    -0.30%L    -0.02%L    -0.01%L    +0.20%W    -0.31%L    +0.66%W    +0.99%W    +1.99%W    +1.46%W    +1.58%W    +1.20%W    +1.20%W
2023-01-27   MU     #2    09:40    62.57    +0.91%W    +1.31%W    +1.80%W    +1.43%W    +1.24%W    +0.95%W    +1.04%W    +2.14%W    +2.13%W    +2.58%W    +2.04%W    +2.04%W
2023-01-30   SPOT   #1    09:40   100.33    +1.56%W    +1.61%W    +0.75%W    -0.31%L    +0.47%W    +0.37%W    +0.51%W    +0.49%W    +0.48%W    +0.08%W    -0.31%L    -0.31%L
2023-01-30   MU     #2    09:40    62.34    +0.65%W    +1.29%W    -0.02%L    -0.43%L    +0.14%W    +0.20%W    -0.53%L    -0.67%L    -0.33%L    -0.56%L    -1.02%L    -1.02%L
2023-01-31   SPOT   #1    09:40   108.52    -0.35%L    +0.43%W    +0.51%W    -0.02%L    +1.67%W    +2.29%W    +3.63%W    +3.17%W    +3.24%W    +3.45%W    +3.86%W    +3.86%W
2023-01-31   MU     #2    09:40    59.42    -0.39%L    +0.17%W    +0.96%W    +0.42%W    +0.82%W    +0.81%W    +0.81%W    +0.44%W    +0.81%W    +0.97%W    +1.50%W    +1.50%W

========================================================================================
Pre-session picks summary — 40 pick(s) across 20 trading day(s)

Top-2 picks (all days)  (40 signal(s))
  Hold      Count   Win Rate   Avg Gain    Avg Win   Avg Loss ProfitFactor   Sum Ret%
  -------------------------------------------------------------------------
  +15m         40      57.5%     +0.01%     +0.48%     -0.62%        1.05x     +0.57%
  +30m         40      60.0%     +0.16%     +0.76%     -0.73%        1.56x     +6.55%
  +45m         40      52.5%     +0.09%     +0.75%     -0.63%        1.31x     +3.72%
  +1h          40      35.0%     -0.02%     +0.87%     -0.50%        0.94x     -0.84%
  +1h30m       40      52.5%     +0.19%     +0.84%     -0.53%        1.75x     +7.54%
  +2h          40      60.0%     +0.27%     +0.93%     -0.73%        1.91x    +10.61%
  +3h          40      65.0%     +0.46%     +1.09%     -0.72%        2.81x    +18.32%
  +4h          40      72.5%     +0.66%     +1.19%     -0.76%        4.13x    +26.24%
  +5h          40      75.0%     +0.73%     +1.28%     -0.91%        4.20x    +29.20%
  +6h          40      72.5%     +0.75%     +1.42%     -1.02%        3.67x    +30.00%
  +7h          40      72.5%     +0.83%     +1.52%     -0.99%        4.06x    +33.18%
  EOD          40      72.5%     +0.83%     +1.52%     -0.99%        4.06x    +33.18%

=========================================================================================================================================================================================
Signal Analysis — 2023-01-03 to 2023-01-31  |  BULL only  |  Vol ≥ 1.0x 20dAvg
Windows: 09:30/3b  |  Collection: 3 bars  |  Tickers: 19
=========================================================================================================================================================================================
Date         Ticker Window   At       Entry  Vol/20d       +15m       +30m       +45m        +1h     +1h30m        +2h        +3h        +4h        +5h        +6h        +7h        EOD
-----------------------------------------------------------------------------------------------------------------------------------------------------------------------------------------
2023-01-03   LLY    09:30/3b 09:40   366.92    2.12x    +0.21%W    +0.12%W    -0.12%L    -0.48%L    -1.13%L    -1.20%L    -1.19%L    -1.35%L    -1.09%L    -0.78%L    -0.57%L    -0.57%L
2023-01-04   TSLA   09:30/3b 09:40   110.92    1.61x    -1.15%L    -1.38%L    -0.20%L    +0.41%W    +0.87%W    +2.61%W    +1.05%W    +1.89%W    +1.79%W    +1.41%W    +2.45%W    +2.45%W
2023-01-05   MU     09:30/3b 09:50    54.55    1.10x    -0.48%L    -0.04%L    +0.80%W    +0.45%W    -0.02%L    +0.51%W    +0.50%W    +0.55%W    +0.90%W    +0.29%W    +0.28%W    +0.28%W
2023-01-09   SNPS   09:30/3b 09:50   332.41    1.96x    -0.68%L    -1.38%L    -0.73%L    -0.45%L    -0.21%L    -0.29%L    -0.04%L    -1.39%L    -1.57%L    -2.19%L    -1.94%L    -1.94%L
2023-01-09   CRWD   09:30/3b 09:40    96.81    1.04x    +1.65%W    +1.39%W    +1.38%W    +0.99%W    +1.09%W    +1.31%W    +1.34%W    +2.02%W    +1.64%W    -0.06%L    -0.23%L    -0.23%L
2023-01-09   QCOM   09:30/3b 09:50   117.83    1.14x    -0.31%L    -0.43%L    +0.48%W    +0.60%W    +0.65%W    +0.58%W    -0.42%L    -1.35%L    -1.82%L    -2.86%L    -2.72%L    -2.72%L
2023-01-09   AVGO   09:30/3b 09:45   596.68    1.03x    +0.29%W    -0.20%L    -0.03%L    +0.27%W    +0.42%W    +0.50%W    -0.09%L    -0.71%L    -0.29%L    -1.24%L    -3.34%L    -3.34%L
2023-01-09   DDOG   09:30/3b 09:50    66.38    1.17x    +1.42%W    +0.49%W    +0.53%W    -0.16%L    +0.52%W    +1.00%W    +1.09%W    +0.98%W    +0.98%W    -0.84%L    -0.66%L    -0.66%L
2023-01-10   SPOT   09:30/3b 09:50    86.41    1.10x    +1.20%W    +1.64%W    +1.70%W    +2.23%W    +3.14%W    +3.44%W    +3.58%W    +4.04%W    +4.17%W    +5.13%W    +5.08%W    +5.08%W
2023-01-11   META   09:30/3b 09:40   132.59    1.37x    +0.14%W    +0.12%W    -0.15%L    -0.20%L    -0.21%L    +0.44%W    +0.54%W    +0.63%W    +0.15%W    +0.02%W    +0.20%W    +0.20%W
2023-01-11   SPOT   09:30/3b 09:45    92.19    1.19x    -0.10%L    -0.35%L    -0.47%L    -0.89%L    -0.63%L    -0.87%L    -1.18%L    -1.25%L    -1.08%L    -0.62%L    -0.48%L    -0.48%L
2023-01-11   CRWD   09:30/3b 09:40    96.70    1.41x    +0.65%W    +1.08%W    +1.68%W    +0.51%W    +1.18%W    +1.26%W    +1.01%W    +0.91%W    +0.51%W    +0.33%W    +0.31%W    +0.31%W
2023-01-13   SPOT   09:30/3b 09:40    90.96    1.30x    +0.27%W    +0.55%W    +0.47%W    -0.32%L    +0.11%W    -0.29%L    +0.34%W    +0.44%W    +0.79%W    +0.91%W    +1.20%W    +1.20%W
2023-01-13   LLY    09:30/3b 09:50   362.52    1.18x    -0.15%L    -0.26%L    -0.25%L    -0.03%L    +0.02%W    -0.37%L    -0.31%L    -0.51%L    -0.42%L    -0.01%L    -0.25%L    -0.25%L
2023-01-17   SNOW   09:30/3b 09:40   141.12    1.12x    +2.39%W    +2.47%W    +2.35%W    +1.57%W    +1.62%W    +2.15%W    +3.68%W    +3.50%W    +3.59%W    +3.42%W    +3.26%W    +3.26%W
2023-01-17   SNPS   09:30/3b 09:40   333.54    1.62x    +0.89%W    +1.29%W    +1.75%W    +1.52%W    +1.33%W    +1.68%W    +1.48%W    +1.62%W    +1.56%W    +1.15%W    +1.13%W    +1.13%W
2023-01-17   MU     09:30/3b 09:40    58.40    1.06x    -0.96%L    -1.23%L    -1.92%L    -2.41%L    -3.04%L    -2.76%L    -2.69%L    -2.08%L    -2.57%L    -2.58%L    -2.64%L    -2.64%L
2023-01-17   LLY    09:30/3b 09:50   360.95    1.18x    -0.22%L    -0.90%L    -0.54%L    -0.53%L    -0.45%L    -0.23%L    -0.33%L    -0.34%L    -0.36%L    -1.13%L    -0.87%L    -0.87%L
2023-01-17   QCOM   09:30/3b 09:45   120.38    1.02x    +0.54%W    +0.39%W    -0.09%L    -0.51%L    -0.85%L    -0.26%L    -0.20%L    +0.27%W    +0.02%W    -0.12%L    -0.08%L    -0.08%L
2023-01-17   PLTR   09:30/3b 09:50     6.92    1.22x    +0.22%W    +0.22%W    -0.80%L    -0.43%L    -0.22%L    +0.65%W    +1.01%W    +1.74%W    +2.82%W    +2.24%W    +2.24%W    +2.24%W
2023-01-17   AVGO   09:30/3b 09:40   581.29    1.09x    +0.22%W    +0.56%W    +0.03%W    -0.48%L    -1.07%L    -0.47%L    -0.55%L    -0.38%L    -0.18%L    -0.39%L    -0.30%L    -0.30%L
2023-01-17   AMD    09:30/3b 09:40    71.53    1.02x    +0.77%W    +1.10%W    +0.60%W    -0.17%L    -1.07%L    -0.01%L    +0.31%W    +0.99%W    +0.48%W    -0.03%L    +0.10%W    +0.10%W
2023-01-17   DDOG   09:30/3b 09:45    70.18    1.23x    +1.96%W    +2.49%W    +1.55%W    +1.75%W    +1.90%W    +2.05%W    +2.96%W    +4.13%W    +4.99%W    +4.10%W    +4.10%W    +4.10%W
2023-01-18   SNPS   09:30/3b 09:50   344.78    1.25x    +0.28%W    -0.79%L    -1.19%L    -1.38%L    -2.15%L    -2.30%L    -2.28%L    -2.40%L    -2.32%L    -2.58%L    -2.71%L    -2.71%L
2023-01-19   SNPS   09:30/3b 09:45   335.05    1.02x    +0.01%W    -0.11%L    -0.43%L    -0.70%L    -0.72%L    -1.32%L    -0.97%L    -1.02%L    -0.52%L    -1.07%L    -1.12%L    -1.12%L
2023-01-19   LLY    09:30/3b 09:40   354.50    1.51x    -0.29%L    -0.76%L    -0.81%L    -0.69%L    -0.64%L    -0.84%L    -1.05%L    -0.81%L    -0.57%L    -0.58%L    -0.92%L    -0.92%L
2023-01-20   META   09:30/3b 09:40   136.74    1.10x    +0.50%W    +0.86%W    +0.84%W    +0.23%W    +0.97%W    +0.68%W    +1.05%W    +1.44%W    +1.78%W    +1.85%W    +1.88%W    +1.88%W
2023-01-20   SNPS   09:30/3b 09:40   332.50    2.34x    -0.42%L    +0.01%W    +0.31%W    +0.52%W    +1.08%W    +1.48%W    +1.28%W    +1.99%W    +2.61%W    +3.06%W    +2.95%W    +2.95%W
2023-01-20   CHTR   09:30/3b 09:40   387.06    1.05x    +1.74%W    +1.92%W    +2.67%W    +2.15%W    +3.20%W    +2.38%W    +2.73%W    +2.16%W    +2.30%W    +2.25%W    +2.36%W    +2.36%W
2023-01-23   META   09:30/3b 09:45   140.71    1.21x    +0.41%W    +0.78%W    +0.98%W    +0.92%W    +1.76%W    +1.44%W    +1.21%W    +1.60%W    +1.09%W    +1.66%W    +1.82%W    +1.82%W
2023-01-23   CHTR   09:30/3b 09:50   400.12    1.34x    -0.42%L    +0.07%W    -0.49%L    -0.77%L    -0.31%L    -1.88%L    -2.22%L    -1.25%L    -1.64%L    -1.21%L    -1.03%L    -1.03%L
2023-01-24   META   09:30/3b 09:40   143.84    1.03x    +0.43%W    +0.39%W    +0.12%W    -0.17%L    +0.25%W    +0.42%W    -0.32%L    +0.26%W    -0.30%L    -0.91%L    -0.50%L    -0.50%L
2023-01-24   LLY    09:30/3b 09:40   343.36    2.40x    +0.46%W    -0.25%L    -0.37%L    -0.48%L    -0.33%L    -0.06%L    +0.04%W    +0.61%W    +0.82%W    +0.46%W    +0.87%W    +0.87%W
2023-01-24   MRVL   09:30/3b 09:45    43.16    1.23x    -1.83%L    -2.06%L    -1.90%L    -2.27%L    -2.66%L    -2.24%L    -1.83%L    -2.11%L    -2.12%L    -2.14%L    -1.48%L    -1.48%L
2023-01-24   QCOM   09:30/3b 09:40   131.71    1.02x    +0.08%W    +0.59%W    +0.43%W    +0.31%W    +0.27%W    -0.04%L    -0.24%L    -0.33%L    -0.90%L    -1.05%L    -0.77%L    -0.77%L
2023-01-24   TSLA   09:30/3b 09:45   145.75    1.08x    -2.49%L    -2.40%L    -2.19%L    -1.77%L    -1.01%L    -0.96%L    -1.72%L    -1.33%L    -1.50%L    -1.68%L    -1.26%L    -1.26%L
2023-01-24   DDOG   09:30/3b 09:40    75.19    1.02x    -0.13%L    -0.50%L    -1.18%L    -1.55%L    -1.32%L    -1.76%L    -1.67%L    -0.55%L    -1.16%L    -1.75%L    -1.97%L    -1.97%L
2023-01-25   MRVL   09:30/3b 09:45    41.76    1.13x    -1.21%L    -1.56%L    -2.05%L    -2.13%L    +0.32%W    +0.12%W    +0.12%W    +1.34%W    +1.65%W    +2.29%W    +2.37%W    +2.37%W
2023-01-25   CHTR   09:30/3b 09:40   392.56    1.09x    +0.70%W    +0.24%W    +0.22%W    +0.06%W    +0.91%W    +1.13%W    +1.45%W    +1.84%W    +2.85%W    +2.66%W    +2.87%W    +2.87%W
2023-01-25   AMD    09:30/3b 09:40    73.65    1.13x    -1.33%L    -1.96%L    -1.55%L    -1.54%L    -0.57%L    -0.60%L    -0.22%L    +0.56%W    +1.17%W    +1.56%W    +1.71%W    +1.71%W
2023-01-26   CHTR   09:30/3b 09:40   407.96    1.46x    +0.60%W    +0.38%W    +0.82%W    +0.72%W    -0.19%L    -0.29%L    +0.20%W    +0.57%W    +0.36%W    +0.68%W    +0.61%W    +0.61%W
2023-01-27   SNPS   09:30/3b 09:40   355.54    1.09x    +0.23%W    +0.62%W    +0.38%W    +0.13%W    -0.06%L    +0.38%W    +0.53%W    +0.76%W    +0.83%W    +0.95%W    +0.47%W    +0.47%W
2023-01-27   AMD    09:30/3b 09:40    74.29    1.31x    +0.36%W    +1.12%W    +1.25%W    +1.71%W    +0.98%W    +2.26%W    +1.96%W    +3.17%W    +2.79%W    +2.49%W    +1.47%W    +1.47%W
2023-01-27   DDOG   09:30/3b 09:40    75.03    1.13x    +1.39%W    +1.33%W    +0.59%W    +2.09%W    +0.85%W    +3.25%W    +3.29%W    +4.43%W    +3.87%W    +3.62%W    +2.93%W    +2.93%W
2023-01-30   PLTR   09:30/3b 09:50     7.52    1.02x    +0.80%W    -0.53%L    -1.36%L    -1.13%L    -0.47%L    -0.80%L    -0.86%L    -1.12%L    -1.26%L    -1.99%L    -2.06%L    -2.06%L
2023-01-30   TSLA   09:30/3b 09:45   177.19    1.25x    +0.02%W    -1.40%L    -2.51%L    -4.07%L    -2.55%L    -2.67%L    -2.69%L    -4.22%L    -4.57%L    -5.37%L    -5.92%L    -5.92%L
2023-01-31   SNPS   09:30/3b 09:40   352.99    1.69x    -0.38%L    -0.14%L    -0.00%L    +0.14%W    +0.02%W    +0.23%W    +0.59%W    +0.43%W    +0.53%W    -0.31%L    +0.20%W    +0.20%W
2023-01-31   PLTR   09:30/3b 09:40     7.47    1.42x    -0.87%L    -0.54%L    +0.13%W    +2.41%W    +2.41%W    +3.10%W    +3.08%W    +2.96%W    +3.95%W    +3.75%W    +4.21%W    +4.21%W
2023-01-31   TSLA   09:30/3b 09:40   166.29    1.03x    +0.87%W    +1.24%W    +1.73%W    +2.30%W    +3.30%W    +3.71%W    +3.87%W    +2.98%W    +3.90%W    +3.49%W    +4.21%W    +4.21%W
2023-01-31   AMD    09:30/3b 09:40    73.17    1.09x    -0.62%L    +0.00%L    +0.74%W    +1.09%W    +1.41%W    +1.10%W    +1.64%W    +2.15%W    +2.27%W    +2.00%W    +2.77%W    +2.77%W

========================================================================================
Summary — 50 qualifying signal(s) across 20 trading day(s)

Window 09:30/3b  (50 signal(s))
  Hold      Count   Win Rate   Avg Gain    Avg Win   Avg Loss ProfitFactor   Sum Ret%
  -------------------------------------------------------------------------
  +15m         50      62.0%     +0.15%     +0.70%     -0.74%        1.55x     +7.67%
  +30m         50      54.0%     +0.09%     +0.87%     -0.83%        1.22x     +4.30%
  +45m         50      52.0%     +0.06%     +0.94%     -0.89%        1.15x     +3.21%
  +1h          50      48.0%     -0.01%     +1.05%     -0.99%        0.98x     -0.64%
  +1h30m       50      52.0%     +0.17%     +1.18%     -0.91%        1.40x     +8.67%
  +2h          50      54.0%     +0.35%     +1.48%     -0.98%        1.77x    +17.36%
  +3h          50      56.0%     +0.38%     +1.50%     -1.05%        1.82x    +18.85%
  +4h          50      62.0%     +0.57%     +1.71%     -1.29%        2.16x    +28.44%
  +5h          50      60.0%     +0.62%     +1.91%     -1.31%        2.18x    +30.90%
  +6h          50      50.0%     +0.37%     +2.07%     -1.34%        1.55x    +18.27%
  +7h          50      54.0%     +0.40%     +2.00%     -1.47%        1.60x    +20.20%
  EOD          50      54.0%     +0.40%     +2.00%     -1.47%        1.60x    +20.20%
