Fetching 5-min bars (2023-04-17 → 2023-06-30) [alpaca]...
  [cache] fetching 2 tickers from alpaca (cache miss)
  [cache] loaded 17 tickers from cache
Fetching daily bars (2022-06-01 → 2023-06-30)...

=========================================================================================================================================================================================
Pre-Session Rankings (9:25) — 2023-06-01 to 2023-06-30  |  20d lookback
(Unconditional hold from OR close — no signal or vol filter)
=========================================================================================================================================================================================
Pre-session top-2 (9:25, 20d EOD win rate) — 2023-06-01  OR: 09:30/3b
  #1 MRVL   +15m 40%W -0.2%  +30m 50%W +0.0%  +1h 50%W +0.0%  +2h 70%W +0.4%  +5h 60%W +0.6%  EOD 75%W +0.9%  EOD range -6.2% → +8.2%
  #2 SNOW   +15m 65%W +0.3%  +30m 45%W -0.0%  +1h 60%W +0.6%  +2h 75%W +0.7%  +5h 65%W +0.9%  EOD 70%W +0.9%  EOD range -2.4% → +3.3%
  Ticker   N          +15m          +30m           +1h           +2h           +5h           EOD           EOD range
  ----------------------------------------------------------------------------------------------------------------------
  MRVL    20    40%W -0.2%    50%W +0.0%    50%W +0.0%    70%W +0.4%    60%W +0.6%    75%W +0.9%       -6.2% → +8.2%
  SNOW    20    65%W +0.3%    45%W -0.0%    60%W +0.6%    75%W +0.7%    65%W +0.9%    70%W +0.9%       -2.4% → +3.3%
  LLY     20    65%W +0.1%    60%W +0.1%    65%W +0.2%    50%W +0.0%    65%W +0.6%    65%W +0.6%       -3.6% → +2.2%
  PLTR    20    60%W +0.2%    45%W +0.0%    40%W -0.4%    45%W -0.2%    70%W +1.4%    65%W +1.0%      -4.5% → +10.0%
  TSLA    20    35%W -0.1%    45%W -0.1%    50%W -0.0%    60%W +0.4%    60%W +0.2%    65%W +0.4%       -5.1% → +3.0%
  AVGO    20    45%W -0.1%    45%W -0.1%    50%W -0.0%    60%W +0.2%    65%W +0.5%    65%W +0.5%       -9.2% → +7.7%
  META    20    35%W -0.2%    45%W -0.1%    45%W -0.0%    65%W +0.2%    60%W +0.5%    60%W +0.4%       -1.3% → +3.0%
  SNPS    20    70%W +0.1%    40%W -0.1%    40%W -0.1%    55%W +0.1%    60%W +0.2%    60%W +0.0%       -1.2% → +2.4%
  MU      20    55%W +0.0%    50%W +0.0%    50%W +0.1%    75%W +0.5%    65%W +0.6%    60%W +0.6%       -2.7% → +4.1%
  AMD     20    55%W +0.0%    60%W +0.3%    55%W +0.6%    60%W +0.7%    60%W +1.4%    60%W +1.1%       -3.6% → +6.3%
  DDOG    20    55%W +0.1%    40%W -0.6%    60%W +0.2%    50%W +0.1%    65%W +0.6%    60%W +0.1%       -2.6% → +3.3%
  QCOM    20    35%W -0.1%    45%W -0.2%    25%W -0.2%    35%W -0.4%    55%W +0.3%    55%W +0.5%       -3.1% → +3.9%
  SPOT    20    40%W -0.1%    60%W +0.3%    65%W +0.3%    75%W +0.3%    65%W +0.5%    50%W +0.0%       -1.6% → +3.5%
  CRWD    20    55%W +0.2%    45%W -0.0%    45%W -0.1%    60%W +0.3%    55%W +0.1%    50%W +0.2%       -2.0% → +3.3%
  APP     20    50%W -0.2%    50%W +0.1%    55%W +0.5%    55%W +0.3%    60%W +0.1%    45%W -0.1%       -2.5% → +3.8%
  CHTR    20    20%W -0.5%    25%W -0.5%    25%W -0.3%    35%W -0.2%    30%W -0.3%    30%W -0.4%       -2.8% → +2.3%
Pre-session top-2 (9:25, 20d EOD win rate) — 2023-06-02  OR: 09:30/3b
  #1 SNOW   +15m 70%W +0.5%  +30m 50%W +0.0%  +1h 65%W +0.7%  +2h 75%W +0.9%  +5h 65%W +1.0%  EOD 75%W +1.3%  EOD range -2.4% → +3.3%
  #2 MRVL   +15m 40%W -0.2%  +30m 55%W +0.1%  +1h 50%W +0.0%  +2h 70%W +0.4%  +5h 60%W +0.6%  EOD 75%W +0.9%  EOD range -6.2% → +8.2%
  Ticker   N          +15m          +30m           +1h           +2h           +5h           EOD           EOD range
  ----------------------------------------------------------------------------------------------------------------------
  SNOW    20    70%W +0.5%    50%W +0.0%    65%W +0.7%    75%W +0.9%    65%W +1.0%    75%W +1.3%       -2.4% → +3.3%
  MRVL    20    40%W -0.2%    55%W +0.1%    50%W +0.0%    70%W +0.4%    60%W +0.6%    75%W +0.9%       -6.2% → +8.2%
  PLTR    20    65%W +0.4%    50%W +0.0%    45%W -0.2%    50%W -0.0%    75%W +1.4%    70%W +1.1%      -4.5% → +10.0%
  TSLA    20    35%W -0.1%    45%W -0.1%    50%W -0.0%    60%W +0.4%    60%W +0.2%    70%W +0.5%       -5.1% → +3.2%
  META    20    35%W -0.3%    50%W +0.0%    45%W -0.0%    60%W +0.2%    65%W +0.6%    65%W +0.5%       -1.2% → +3.0%
  SNPS    20    65%W +0.1%    40%W -0.1%    40%W -0.1%    60%W +0.1%    60%W +0.2%    65%W +0.1%       -1.2% → +2.4%
  MU      20    50%W -0.0%    50%W +0.0%    45%W -0.0%    75%W +0.5%    65%W +0.4%    65%W +0.6%       -2.7% → +4.1%
  LLY     20    60%W +0.1%    65%W +0.2%    65%W +0.2%    50%W +0.0%    65%W +0.6%    65%W +0.6%       -3.6% → +2.0%
  AVGO    20    40%W -0.1%    45%W -0.1%    50%W -0.0%    65%W +0.4%    65%W +0.5%    65%W +0.5%       -9.2% → +7.7%
  AMD     20    55%W +0.0%    65%W +0.3%    55%W +0.3%    65%W +0.8%    65%W +1.7%    65%W +1.1%       -3.6% → +6.3%
  QCOM    20    30%W -0.1%    45%W -0.2%    25%W -0.1%    40%W -0.2%    60%W +0.5%    60%W +0.5%       -2.2% → +3.9%
  DDOG    20    60%W +0.1%    45%W -0.4%    60%W +0.2%    50%W +0.1%    65%W +0.6%    60%W +0.1%       -2.6% → +3.3%
  SPOT    20    40%W -0.1%    65%W +0.3%    70%W +0.4%    75%W +0.4%    65%W +0.5%    55%W +0.3%       -1.6% → +3.5%
  CRWD    20    60%W +0.5%    50%W +0.1%    50%W +0.1%    60%W +0.6%    55%W +0.6%    55%W +0.7%       -2.0% → +5.2%
  APP     20    55%W +0.1%    55%W +0.2%    60%W +0.6%    60%W +0.5%    60%W +0.1%    50%W +0.2%       -2.5% → +3.8%
  CHTR    20    15%W -0.6%    25%W -0.5%    30%W -0.3%    40%W -0.2%    30%W -0.3%    35%W -0.4%       -2.8% → +2.3%
Pre-session top-2 (9:25, 20d EOD win rate) — 2023-06-05  OR: 09:30/3b
  #1 TSLA   +15m 30%W -0.1%  +30m 50%W -0.0%  +1h 55%W +0.1%  +2h 60%W +0.4%  +5h 60%W +0.4%  EOD 75%W +0.6%  EOD range -5.1% → +3.2%
  #2 SNOW   +15m 65%W +0.5%  +30m 45%W -0.0%  +1h 60%W +0.6%  +2h 70%W +0.7%  +5h 60%W +0.9%  EOD 70%W +0.9%  EOD range -2.8% → +3.3%
  Ticker   N          +15m          +30m           +1h           +2h           +5h           EOD           EOD range
  ----------------------------------------------------------------------------------------------------------------------
  TSLA    20    30%W -0.1%    50%W -0.0%    55%W +0.1%    60%W +0.4%    60%W +0.4%    75%W +0.6%       -5.1% → +3.2%
  SNOW    20    65%W +0.5%    45%W -0.0%    60%W +0.6%    70%W +0.7%    60%W +0.9%    70%W +0.9%       -2.8% → +3.3%
  LLY     20    55%W +0.0%    60%W +0.1%    60%W +0.2%    55%W +0.2%    70%W +0.6%    70%W +0.6%       -3.6% → +2.0%
  MRVL    20    40%W -0.2%    50%W +0.0%    45%W -0.1%    65%W +0.2%    55%W +0.4%    70%W +0.6%       -6.2% → +8.2%
  PLTR    20    60%W +0.2%    45%W +0.0%    45%W -0.3%    50%W -0.0%    75%W +1.4%    70%W +1.1%      -4.5% → +10.0%
  META    20    30%W -0.3%    50%W -0.0%    45%W -0.0%    55%W +0.1%    60%W +0.6%    65%W +0.5%       -1.2% → +3.0%
  SNPS    20    60%W +0.1%    35%W -0.1%    35%W -0.2%    55%W +0.1%    55%W +0.1%    60%W +0.1%       -1.3% → +2.4%
  MU      20    45%W -0.1%    50%W +0.0%    45%W -0.1%    70%W +0.5%    60%W +0.4%    60%W +0.5%       -2.7% → +4.1%
  AVGO    20    35%W -0.1%    40%W -0.1%    45%W -0.1%    60%W +0.2%    60%W +0.4%    60%W +0.3%       -9.2% → +7.7%
  AMD     20    50%W +0.0%    60%W +0.3%    55%W +0.3%    65%W +0.8%    60%W +1.4%    60%W +1.0%       -3.6% → +6.3%
  CRWD    20    60%W +0.5%    45%W -0.0%    55%W +0.4%    60%W +0.8%    55%W +0.6%    55%W +0.7%       -2.5% → +5.2%
  QCOM    20    30%W -0.1%    40%W -0.3%    25%W -0.1%    35%W -0.2%    55%W +0.3%    55%W +0.5%       -2.2% → +3.9%
  DDOG    20    55%W +0.1%    40%W -0.6%    55%W +0.1%    45%W -0.1%    60%W +0.5%    55%W +0.0%       -2.6% → +3.3%
  APP     20    50%W -0.2%    50%W +0.1%    55%W +0.5%    55%W +0.3%    55%W +0.1%    50%W +0.2%       -2.5% → +3.8%
  SPOT    20    35%W -0.2%    60%W +0.3%    65%W +0.4%    70%W +0.2%    60%W +0.2%    50%W +0.0%       -1.8% → +3.5%
  CHTR    20    20%W -0.5%    30%W -0.4%    35%W -0.2%    45%W -0.2%    35%W -0.2%    40%W -0.3%       -2.8% → +2.3%
Pre-session top-2 (9:25, 20d EOD win rate) — 2023-06-06  OR: 09:30/3b
  #1 SNOW   +15m 65%W +0.5%  +30m 45%W -0.0%  +1h 60%W +0.6%  +2h 70%W +0.8%  +5h 60%W +1.0%  EOD 75%W +1.3%  EOD range -2.8% → +3.3%
  #2 PLTR   +15m 60%W +0.5%  +30m 45%W +0.0%  +1h 50%W +0.2%  +2h 55%W +0.2%  +5h 75%W +1.5%  EOD 75%W +1.3%  EOD range -4.5% → +10.0%
  Ticker   N          +15m          +30m           +1h           +2h           +5h           EOD           EOD range
  ----------------------------------------------------------------------------------------------------------------------
  SNOW    20    65%W +0.5%    45%W -0.0%    60%W +0.6%    70%W +0.8%    60%W +1.0%    75%W +1.3%       -2.8% → +3.3%
  PLTR    20    60%W +0.5%    45%W +0.0%    50%W +0.2%    55%W +0.2%    75%W +1.5%    75%W +1.3%      -4.5% → +10.0%
  LLY     20    55%W +0.0%    60%W +0.1%    60%W +0.2%    55%W +0.2%    65%W +0.4%    70%W +0.6%       -3.6% → +2.0%
  TSLA    20    30%W -0.2%    45%W -0.1%    50%W -0.0%    55%W +0.2%    55%W +0.2%    70%W +0.5%       -5.1% → +3.2%
  MRVL    20    35%W -0.2%    45%W -0.2%    40%W -0.4%    60%W +0.1%    50%W +0.0%    65%W +0.3%       -6.2% → +8.2%
  META    20    25%W -0.3%    55%W +0.0%    50%W -0.0%    55%W +0.1%    55%W +0.5%    60%W +0.4%       -1.2% → +3.0%
  SNPS    20    55%W +0.1%    30%W -0.2%    30%W -0.2%    55%W +0.1%    55%W +0.1%    60%W +0.1%       -1.3% → +2.4%
  AVGO    20    30%W -0.1%    35%W -0.2%    40%W -0.2%    55%W +0.1%    55%W +0.3%    60%W +0.2%       -9.2% → +7.7%
  DDOG    20    50%W -0.1%    35%W -0.7%    55%W +0.1%    45%W -0.1%    65%W +0.6%    60%W +0.1%       -2.6% → +3.3%
  MU      20    40%W -0.1%    45%W -0.0%    40%W -0.3%    65%W +0.5%    55%W +0.3%    55%W +0.3%       -2.7% → +4.1%
  CRWD    20    55%W +0.2%    40%W -0.1%    55%W +0.2%    60%W +0.8%    55%W +0.6%    55%W +0.7%       -2.5% → +5.2%
  AMD     20    45%W -0.0%    55%W +0.3%    50%W -0.0%    65%W +0.8%    55%W +0.8%    55%W +0.8%       -3.6% → +6.3%
  APP     20    50%W -0.2%    50%W +0.1%    55%W +0.5%    55%W +0.4%    55%W +0.1%    50%W +0.2%       -2.5% → +5.4%
  SPOT    20    40%W -0.1%    60%W +0.3%    65%W +0.4%    70%W +0.2%    60%W +0.2%    50%W +0.0%       -1.8% → +3.5%
  QCOM    20    25%W -0.2%    35%W -0.3%    20%W -0.2%    30%W -0.4%    50%W -0.1%    50%W +0.1%       -2.5% → +3.9%
  CHTR    20    25%W -0.5%    35%W -0.3%    40%W -0.2%    50%W +0.0%    40%W -0.1%    45%W -0.2%       -2.8% → +2.3%
Pre-session top-2 (9:25, 20d EOD win rate) — 2023-06-07  OR: 09:30/3b
  #1 PLTR   +15m 55%W +0.3%  +30m 45%W +0.0%  +1h 55%W +0.6%  +2h 60%W +0.4%  +5h 75%W +1.6%  EOD 75%W +1.4%  EOD range -4.5% → +10.0%
  #2 SNOW   +15m 70%W +0.5%  +30m 45%W -0.0%  +1h 65%W +0.6%  +2h 75%W +0.8%  +5h 65%W +1.0%  EOD 70%W +1.3%  EOD range -2.8% → +3.3%
  Ticker   N          +15m          +30m           +1h           +2h           +5h           EOD           EOD range
  ----------------------------------------------------------------------------------------------------------------------
  PLTR    20    55%W +0.3%    45%W +0.0%    55%W +0.6%    60%W +0.4%    75%W +1.6%    75%W +1.4%      -4.5% → +10.0%
  SNOW    20    70%W +0.5%    45%W -0.0%    65%W +0.6%    75%W +0.8%    65%W +1.0%    70%W +1.3%       -2.8% → +3.3%
  TSLA    20    30%W -0.2%    45%W -0.1%    55%W +0.1%    55%W +0.2%    55%W +0.3%    70%W +0.6%       -5.1% → +3.8%
  LLY     20    55%W +0.0%    55%W +0.0%    55%W +0.2%    50%W +0.0%    60%W +0.3%    65%W +0.5%       -3.6% → +2.0%
  MRVL    20    35%W -0.2%    45%W -0.2%    40%W -0.3%    60%W +0.1%    45%W -0.1%    65%W +0.3%       -6.2% → +8.2%
  DDOG    20    55%W +0.1%    40%W -0.6%    55%W +0.2%    50%W +0.1%    65%W +0.6%    60%W +0.1%       -2.6% → +3.3%
  META    20    30%W -0.3%    60%W +0.0%    55%W +0.0%    55%W +0.1%    55%W +0.3%    55%W +0.2%       -1.2% → +3.0%
  SNPS    20    60%W +0.1%    30%W -0.2%    30%W -0.2%    50%W +0.0%    50%W -0.1%    55%W +0.0%       -1.3% → +2.4%
  MU      20    40%W -0.1%    45%W -0.0%    40%W -0.3%    65%W +0.5%    55%W +0.3%    55%W +0.5%       -2.7% → +4.1%
  AVGO    20    30%W -0.1%    30%W -0.2%    35%W -0.2%    50%W +0.0%    50%W +0.1%    55%W +0.0%       -9.2% → +7.7%
  AMD     20    50%W +0.0%    55%W +0.3%    50%W -0.0%    65%W +0.8%    55%W +0.8%    55%W +0.8%       -3.6% → +4.3%
  CRWD    20    55%W +0.2%    45%W -0.1%    55%W +0.2%    60%W +0.8%    55%W +0.1%    50%W +0.1%       -2.5% → +5.2%
  QCOM    20    30%W -0.1%    40%W -0.3%    20%W -0.2%    30%W -0.4%    50%W -0.1%    50%W +0.1%       -2.5% → +3.9%
  APP     20    45%W -0.4%    45%W -0.1%    50%W +0.1%    50%W -0.0%    50%W -0.0%    45%W -0.1%       -7.9% → +5.4%
  SPOT    20    40%W -0.1%    60%W +0.2%    60%W +0.3%    65%W +0.1%    55%W +0.1%    45%W -0.1%       -1.8% → +3.5%
  CHTR    20    30%W -0.5%    40%W -0.2%    45%W -0.1%    50%W +0.0%    40%W -0.1%    45%W -0.3%       -2.8% → +2.3%
Pre-session top-2 (9:25, 20d EOD win rate) — 2023-06-08  OR: 09:30/3b
  #1 PLTR   +15m 55%W +0.3%  +30m 45%W +0.0%  +1h 50%W -0.2%  +2h 55%W +0.2%  +5h 70%W +1.5%  EOD 70%W +1.3%  EOD range -10.7% → +10.0%
  #2 SNOW   +15m 65%W +0.3%  +30m 50%W +0.0%  +1h 60%W +0.5%  +2h 70%W +0.8%  +5h 60%W +0.6%  EOD 65%W +0.9%  EOD range -6.8% → +3.3%
  Ticker   N          +15m          +30m           +1h           +2h           +5h           EOD           EOD range
  ----------------------------------------------------------------------------------------------------------------------
  PLTR    20    55%W +0.3%    45%W +0.0%    50%W -0.2%    55%W +0.2%    70%W +1.5%    70%W +1.3%     -10.7% → +10.0%
  SNOW    20    65%W +0.3%    50%W +0.0%    60%W +0.5%    70%W +0.8%    60%W +0.6%    65%W +0.9%       -6.8% → +3.3%
  LLY     20    50%W -0.0%    50%W -0.1%    50%W -0.0%    50%W +0.0%    60%W +0.3%    65%W +0.5%       -3.6% → +2.0%
  TSLA    20    30%W -0.2%    50%W +0.1%    55%W +0.1%    55%W +0.2%    55%W +0.3%    65%W +0.6%       -5.1% → +3.8%
  MRVL    20    30%W -0.2%    40%W -0.3%    35%W -0.5%    55%W +0.1%    40%W -0.1%    60%W +0.3%       -6.2% → +8.2%
  DDOG    20    50%W -0.1%    40%W -0.6%    55%W +0.2%    50%W -0.1%    60%W +0.5%    60%W +0.1%       -7.3% → +3.3%
  SNPS    20    55%W +0.1%    30%W -0.2%    30%W -0.3%    45%W -0.0%    50%W -0.1%    55%W +0.0%       -2.1% → +2.4%
  AVGO    20    30%W -0.1%    35%W -0.2%    40%W -0.2%    55%W +0.1%    50%W +0.1%    55%W +0.0%       -9.2% → +7.7%
  META    20    25%W -0.3%    55%W +0.0%    50%W -0.0%    50%W +0.0%    50%W -0.0%    50%W -0.1%       -3.6% → +3.0%
  MU      20    40%W -0.1%    45%W -0.0%    35%W -0.3%    60%W +0.4%    50%W -0.0%    50%W -0.0%       -2.7% → +4.1%
  CRWD    20    50%W +0.0%    45%W -0.1%    55%W +0.2%    60%W +0.8%    55%W +0.1%    50%W +0.1%       -3.4% → +5.2%
  QCOM    20    30%W -0.1%    45%W -0.2%    25%W -0.1%    35%W -0.4%    50%W -0.1%    50%W +0.1%       -2.5% → +3.9%
  CHTR    20    35%W -0.4%    45%W -0.1%    50%W +0.0%    55%W +0.3%    45%W -0.0%    50%W +0.1%       -2.8% → +2.3%
  AMD     20    45%W -0.1%    55%W +0.2%    45%W -0.2%    60%W +0.5%    50%W +0.2%    50%W +0.1%       -4.9% → +4.3%
  APP     20    40%W -0.5%    40%W -0.2%    45%W -0.3%    45%W -0.3%    45%W -0.1%    45%W -0.2%       -7.9% → +5.4%
  SPOT    20    40%W -0.2%    55%W +0.1%    55%W +0.2%    60%W +0.1%    55%W +0.1%    45%W -0.2%       -4.4% → +3.5%
Pre-session top-2 (9:25, 20d EOD win rate) — 2023-06-09  OR: 09:30/3b
  #1 PLTR   +15m 50%W -0.1%  +30m 40%W -0.1%  +1h 50%W -0.2%  +2h 55%W +0.3%  +5h 70%W +1.6%  EOD 70%W +1.4%  EOD range -10.7% → +10.0%
  #2 TSLA   +15m 30%W -0.2%  +30m 50%W +0.1%  +1h 60%W +0.3%  +2h 60%W +0.6%  +5h 60%W +0.7%  EOD 70%W +0.7%  EOD range -5.1% → +3.8%
  Ticker   N          +15m          +30m           +1h           +2h           +5h           EOD           EOD range
  ----------------------------------------------------------------------------------------------------------------------
  PLTR    20    50%W -0.1%    40%W -0.1%    50%W -0.2%    55%W +0.3%    70%W +1.6%    70%W +1.4%     -10.7% → +10.0%
  TSLA    20    30%W -0.2%    50%W +0.1%    60%W +0.3%    60%W +0.6%    60%W +0.7%    70%W +0.7%       -5.1% → +3.8%
  SNOW    20    65%W +0.3%    50%W +0.0%    60%W +0.5%    70%W +0.8%    60%W +0.6%    65%W +0.9%       -6.8% → +4.1%
  LLY     20    50%W -0.0%    50%W -0.1%    50%W -0.0%    50%W +0.0%    60%W +0.3%    65%W +0.5%       -3.6% → +1.4%
  MRVL    20    30%W -0.2%    40%W -0.5%    40%W -0.3%    55%W +0.1%    45%W -0.1%    65%W +0.6%       -6.2% → +8.2%
  DDOG    20    55%W +0.1%    40%W -0.6%    55%W +0.2%    50%W -0.1%    60%W +0.5%    60%W +0.1%       -7.3% → +3.7%
  META    20    25%W -0.3%    55%W +0.0%    55%W +0.0%    55%W +0.1%    55%W +0.3%    55%W +0.3%       -3.6% → +3.0%
  QCOM    20    30%W -0.1%    40%W -0.3%    25%W -0.2%    40%W -0.4%    55%W +0.3%    55%W +0.5%       -2.5% → +3.9%
  CHTR    20    35%W -0.4%    50%W -0.1%    55%W +0.1%    60%W +0.3%    50%W +0.1%    55%W +0.4%       -2.8% → +2.3%
  AVGO    20    25%W -0.1%    30%W -0.2%    45%W -0.1%    55%W +0.1%    50%W +0.1%    55%W +0.0%       -9.2% → +7.7%
  AMD     20    45%W -0.1%    55%W +0.2%    45%W -0.2%    60%W +0.5%    55%W +0.8%    55%W +0.8%       -4.9% → +4.3%
  APP     20    40%W -0.5%    40%W -0.2%    45%W -0.3%    50%W +0.2%    45%W -0.1%    50%W +0.1%       -7.9% → +5.4%
  SNPS    20    50%W +0.0%    25%W -0.2%    30%W -0.3%    45%W -0.0%    50%W -0.1%    50%W -0.0%       -2.1% → +2.4%
  MU      20    40%W -0.1%    45%W -0.0%    35%W -0.3%    60%W +0.4%    50%W -0.0%    50%W -0.0%       -1.5% → +4.1%
  CRWD    20    50%W +0.0%    40%W -0.2%    50%W -0.0%    60%W +0.6%    55%W +0.0%    50%W +0.0%       -3.4% → +5.2%
  SPOT    20    40%W -0.2%    55%W +0.1%    55%W +0.2%    65%W +0.1%    55%W +0.1%    40%W -0.3%       -4.4% → +3.5%
Pre-session top-2 (9:25, 20d EOD win rate) — 2023-06-12  OR: 09:30/3b
  #1 PLTR   +15m 55%W +0.3%  +30m 45%W -0.1%  +1h 55%W +0.5%  +2h 55%W +0.3%  +5h 70%W +1.6%  EOD 70%W +1.4%  EOD range -10.7% → +10.0%
  #2 LLY    +15m 50%W -0.0%  +30m 50%W -0.1%  +1h 50%W -0.0%  +2h 50%W +0.0%  +5h 60%W +0.3%  EOD 65%W +0.4%  EOD range -3.6% → +1.4%
  Ticker   N          +15m          +30m           +1h           +2h           +5h           EOD           EOD range
  ----------------------------------------------------------------------------------------------------------------------
  PLTR    20    55%W +0.3%    45%W -0.1%    55%W +0.5%    55%W +0.3%    70%W +1.6%    70%W +1.4%     -10.7% → +10.0%
  LLY     20    50%W -0.0%    50%W -0.1%    50%W -0.0%    50%W +0.0%    60%W +0.3%    65%W +0.4%       -3.6% → +1.4%
  MRVL    20    30%W -0.2%    35%W -0.6%    40%W -0.3%    55%W +0.1%    45%W -0.2%    65%W +0.6%       -6.2% → +8.2%
  TSLA    20    30%W -0.1%    50%W +0.1%    60%W +0.3%    60%W +0.3%    55%W +0.3%    65%W +0.6%       -5.1% → +3.8%
  SNOW    20    60%W +0.3%    45%W -0.0%    55%W +0.5%    65%W +0.8%    55%W +0.6%    60%W +0.9%       -6.8% → +4.1%
  QCOM    20    35%W -0.1%    45%W -0.2%    30%W -0.1%    45%W -0.1%    60%W +0.4%    60%W +0.5%       -2.5% → +3.9%
  AMD     20    45%W -0.1%    55%W +0.2%    50%W -0.0%    65%W +0.8%    60%W +0.8%    60%W +0.8%       -4.9% → +4.3%
  META    20    25%W -0.3%    55%W +0.0%    60%W +0.1%    55%W +0.1%    55%W +0.2%    55%W +0.5%       -3.6% → +3.0%
  DDOG    20    55%W +0.1%    40%W -0.6%    50%W -0.2%    45%W -0.4%    55%W +0.2%    55%W +0.0%       -7.3% → +3.7%
  SNPS    20    55%W +0.1%    25%W -0.2%    30%W -0.3%    45%W -0.2%    45%W -0.2%    50%W -0.1%       -2.1% → +2.4%
  CRWD    20    50%W +0.0%    40%W -0.3%    50%W -0.0%    60%W +0.6%    55%W +0.0%    50%W +0.0%       -3.4% → +5.2%
  CHTR    20    35%W -0.4%    50%W -0.1%    55%W +0.1%    60%W +0.3%    50%W +0.0%    50%W +0.0%       -2.8% → +2.3%
  AVGO    20    30%W -0.1%    35%W -0.1%    45%W -0.0%    55%W +0.1%    45%W -0.1%    50%W -0.1%       -9.2% → +7.7%
  APP     20    40%W -0.5%    35%W -0.2%    40%W -0.3%    45%W -0.3%    45%W -0.5%    45%W -0.4%       -7.9% → +5.4%
  SPOT    20    35%W -0.2%    55%W +0.1%    60%W +0.2%    70%W +0.2%    60%W +0.2%    45%W -0.2%       -4.4% → +3.5%
  MU      20    45%W -0.1%    50%W +0.0%    35%W -0.2%    55%W +0.2%    45%W -0.2%    45%W -0.1%       -1.5% → +4.1%
Pre-session top-2 (9:25, 20d EOD win rate) — 2023-06-13  OR: 09:30/3b
  #1 LLY    +15m 55%W +0.0%  +30m 55%W +0.0%  +1h 55%W +0.2%  +2h 55%W +0.2%  +5h 65%W +0.4%  EOD 70%W +0.6%  EOD range -3.6% → +1.4%
  #2 PLTR   +15m 55%W +0.3%  +30m 45%W -0.1%  +1h 55%W +0.5%  +2h 55%W +0.3%  +5h 70%W +1.6%  EOD 70%W +1.4%  EOD range -10.7% → +10.0%
  Ticker   N          +15m          +30m           +1h           +2h           +5h           EOD           EOD range
  ----------------------------------------------------------------------------------------------------------------------
  LLY     20    55%W +0.0%    55%W +0.0%    55%W +0.2%    55%W +0.2%    65%W +0.4%    70%W +0.6%       -3.6% → +1.4%
  PLTR    20    55%W +0.3%    45%W -0.1%    55%W +0.5%    55%W +0.3%    70%W +1.6%    70%W +1.4%     -10.7% → +10.0%
  TSLA    20    35%W -0.1%    55%W +0.2%    65%W +0.3%    65%W +0.4%    60%W +0.7%    70%W +0.7%       -1.9% → +3.8%
  SNOW    20    65%W +0.4%    50%W +0.0%    60%W +0.5%    70%W +0.8%    60%W +0.7%    65%W +1.3%       -6.8% → +4.1%
  MRVL    20    30%W -0.2%    35%W -0.6%    45%W -0.1%    60%W +0.5%    50%W +0.1%    65%W +0.6%       -6.2% → +8.2%
  QCOM    20    40%W -0.1%    50%W -0.0%    35%W -0.1%    50%W +0.0%    65%W +0.5%    65%W +0.5%       -2.5% → +3.9%
  META    20    30%W -0.3%    60%W +0.1%    65%W +0.2%    60%W +0.2%    60%W +0.4%    60%W +0.6%       -3.6% → +3.0%
  AMD     20    45%W -0.1%    55%W +0.2%    50%W -0.0%    65%W +0.8%    60%W +0.8%    60%W +0.8%       -4.9% → +4.3%
  DDOG    20    55%W +0.1%    40%W -0.6%    55%W +0.2%    50%W -0.1%    60%W +0.3%    60%W +0.1%       -7.3% → +3.7%
  CRWD    20    50%W +0.0%    40%W -0.3%    55%W +0.1%    60%W +0.6%    55%W +0.0%    55%W +0.3%       -3.4% → +5.2%
  CHTR    20    40%W -0.3%    55%W +0.0%    55%W +0.1%    60%W +0.3%    50%W +0.0%    55%W +0.5%       -2.8% → +2.3%
  SNPS    20    55%W +0.1%    25%W -0.3%    35%W -0.2%    50%W -0.0%    50%W -0.1%    50%W -0.1%       -2.1% → +2.4%
  SPOT    20    35%W -0.2%    55%W +0.1%    60%W +0.2%    70%W +0.2%    60%W +0.2%    50%W -0.1%       -4.4% → +3.5%
  MU      20    45%W -0.1%    50%W +0.0%    35%W -0.2%    60%W +0.4%    50%W +0.0%    50%W +0.1%       -1.5% → +4.1%
  AVGO    20    30%W -0.1%    35%W -0.1%    45%W -0.0%    60%W +0.2%    50%W +0.1%    50%W -0.1%       -9.2% → +7.7%
  APP     20    40%W -0.5%    35%W -0.2%    40%W -0.3%    45%W -0.3%    45%W -0.5%    45%W -0.4%       -7.9% → +5.4%
Pre-session top-2 (9:25, 20d EOD win rate) — 2023-06-14  OR: 09:30/3b
  #1 TSLA   +15m 35%W -0.1%  +30m 55%W +0.2%  +1h 65%W +0.3%  +2h 70%W +0.4%  +5h 65%W +0.8%  EOD 75%W +0.8%  EOD range -1.9% → +3.8%
  #2 PLTR   +15m 55%W +0.3%  +30m 45%W -0.1%  +1h 55%W +0.5%  +2h 55%W +0.3%  +5h 65%W +1.5%  EOD 70%W +1.3%  EOD range -10.7% → +10.0%
  Ticker   N          +15m          +30m           +1h           +2h           +5h           EOD           EOD range
  ----------------------------------------------------------------------------------------------------------------------
  TSLA    20    35%W -0.1%    55%W +0.2%    65%W +0.3%    70%W +0.4%    65%W +0.8%    75%W +0.8%       -1.9% → +3.8%
  PLTR    20    55%W +0.3%    45%W -0.1%    55%W +0.5%    55%W +0.3%    65%W +1.5%    70%W +1.3%     -10.7% → +10.0%
  SNOW    20    65%W +0.4%    50%W +0.0%    60%W +0.5%    70%W +0.6%    60%W +0.3%    65%W +1.1%       -6.8% → +4.1%
  LLY     20    55%W +0.0%    50%W -0.1%    50%W -0.0%    60%W +0.2%    60%W +0.3%    65%W +0.4%       -3.6% → +1.4%
  MRVL    20    30%W -0.3%    35%W -0.8%    45%W -0.2%    60%W +0.1%    45%W -0.2%    65%W +0.4%       -6.2% → +8.2%
  QCOM    20    40%W -0.1%    45%W -0.0%    35%W -0.1%    50%W +0.0%    65%W +0.4%    65%W +0.5%       -2.5% → +3.9%
  DDOG    20    55%W +0.1%    40%W -0.6%    55%W +0.2%    50%W -0.1%    55%W +0.2%    60%W +0.1%       -7.3% → +3.7%
  META    20    30%W -0.3%    60%W +0.1%    60%W +0.1%    55%W +0.1%    55%W +0.2%    55%W +0.5%       -3.6% → +3.0%
  CRWD    20    45%W -0.1%    35%W -0.3%    60%W +0.1%    60%W +0.4%    50%W +0.0%    55%W +0.3%       -3.4% → +5.2%
  AMD     20    45%W -0.1%    55%W +0.2%    50%W -0.0%    60%W +0.8%    55%W +0.2%    55%W +0.3%       -4.9% → +4.3%
  SNPS    20    50%W +0.0%    20%W -0.3%    30%W -0.3%    45%W -0.1%    45%W -0.1%    50%W -0.1%       -2.1% → +2.4%
  SPOT    20    40%W -0.1%    60%W +0.2%    60%W +0.2%    70%W +0.2%    60%W +0.2%    50%W -0.1%       -4.4% → +3.5%
  CHTR    20    40%W -0.3%    60%W +0.1%    60%W +0.2%    60%W +0.3%    45%W -0.2%    50%W +0.0%       -2.8% → +2.3%
  MU      20    45%W -0.1%    50%W +0.0%    30%W -0.2%    55%W +0.2%    45%W -0.2%    45%W -0.1%       -1.5% → +4.1%
  AVGO    20    30%W -0.1%    35%W -0.1%    45%W -0.0%    60%W +0.1%    45%W -0.1%    45%W -0.1%       -9.2% → +7.7%
  APP     20    45%W -0.5%    40%W -0.2%    40%W -0.3%    40%W -0.3%    40%W -0.9%    40%W -0.5%       -7.9% → +5.4%
Pre-session top-2 (9:25, 20d EOD win rate) — 2023-06-15  OR: 09:30/3b
  #1 MRVL   +15m 30%W -0.3%  +30m 35%W -0.8%  +1h 45%W -0.4%  +2h 55%W +0.1%  +5h 45%W -0.2%  EOD 70%W +0.5%  EOD range -6.2% → +8.2%
  #2 QCOM   +15m 45%W -0.1%  +30m 50%W +0.0%  +1h 40%W -0.1%  +2h 55%W +0.2%  +5h 65%W +0.4%  EOD 70%W +0.5%  EOD range -2.5% → +3.9%
  Ticker   N          +15m          +30m           +1h           +2h           +5h           EOD           EOD range
  ----------------------------------------------------------------------------------------------------------------------
  MRVL    20    30%W -0.3%    35%W -0.8%    45%W -0.4%    55%W +0.1%    45%W -0.2%    70%W +0.5%       -6.2% → +8.2%
  QCOM    20    45%W -0.1%    50%W +0.0%    40%W -0.1%    55%W +0.2%    65%W +0.4%    70%W +0.5%       -2.5% → +3.9%
  TSLA    20    40%W -0.1%    60%W +0.3%    65%W +0.3%    70%W +0.3%    60%W +0.7%    70%W +0.8%       -1.9% → +3.8%
  SNOW    20    60%W +0.3%    50%W +0.0%    60%W +0.5%    70%W +1.0%    60%W +0.3%    65%W +1.1%       -6.8% → +4.1%
  LLY     20    55%W +0.0%    50%W -0.1%    45%W -0.1%    55%W +0.2%    60%W +0.3%    65%W +0.4%       -3.6% → +1.4%
  PLTR    20    55%W +0.1%    40%W -0.2%    60%W +0.6%    55%W +0.3%    60%W +1.5%    65%W +1.3%     -10.7% → +10.0%
  CRWD    20    45%W -0.1%    35%W -0.3%    60%W +0.1%    65%W +0.4%    50%W +0.0%    60%W +0.4%       -3.4% → +5.2%
  META    20    35%W -0.3%    65%W +0.1%    65%W +0.2%    55%W +0.1%    50%W -0.0%    55%W +0.3%       -3.6% → +3.0%
  AMD     20    45%W -0.1%    50%W -0.1%    50%W -0.0%    60%W +0.7%    55%W +0.2%    55%W +0.5%       -4.9% → +4.3%
  DDOG    20    50%W -0.1%    40%W -0.6%    55%W +0.1%    55%W +0.3%    50%W +0.1%    55%W +0.0%       -7.3% → +3.7%
  MU      20    45%W -0.1%    50%W +0.0%    30%W -0.2%    55%W +0.3%    50%W +0.0%    50%W +0.1%       -1.5% → +4.1%
  CHTR    20    45%W -0.1%    65%W +0.1%    65%W +0.2%    65%W +0.4%    45%W -0.1%    50%W +0.0%       -2.8% → +2.3%
  AVGO    20    35%W -0.1%    40%W -0.1%    50%W +0.0%    60%W +0.3%    45%W -0.1%    50%W -0.0%       -9.2% → +7.7%
  SNPS    20    45%W -0.1%    20%W -0.3%    30%W -0.4%    40%W -0.2%    40%W -0.3%    45%W -0.2%       -2.1% → +2.4%
  SPOT    20    35%W -0.2%    55%W +0.1%    55%W +0.1%    65%W +0.2%    55%W +0.1%    45%W -0.2%       -4.4% → +3.5%
  APP     20    45%W -0.5%    40%W -0.2%    35%W -0.3%    35%W -0.4%    35%W -1.1%    35%W -0.7%       -7.9% → +5.4%
Pre-session top-2 (9:25, 20d EOD win rate) — 2023-06-16  OR: 09:30/3b
  #1 QCOM   +15m 50%W +0.0%  +30m 50%W +0.0%  +1h 45%W -0.0%  +2h 55%W +0.2%  +5h 65%W +0.5%  EOD 70%W +0.6%  EOD range -2.5% → +3.9%
  #2 TSLA   +15m 45%W -0.1%  +30m 60%W +0.3%  +1h 65%W +0.3%  +2h 70%W +0.3%  +5h 60%W +0.7%  EOD 70%W +0.8%  EOD range -1.9% → +3.8%
  Ticker   N          +15m          +30m           +1h           +2h           +5h           EOD           EOD range
  ----------------------------------------------------------------------------------------------------------------------
  QCOM    20    50%W +0.0%    50%W +0.0%    45%W -0.0%    55%W +0.2%    65%W +0.5%    70%W +0.6%       -2.5% → +3.9%
  TSLA    20    45%W -0.1%    60%W +0.3%    65%W +0.3%    70%W +0.3%    60%W +0.7%    70%W +0.8%       -1.9% → +3.8%
  SNOW    20    65%W +0.4%    55%W +0.0%    55%W +0.5%    70%W +1.1%    60%W +0.3%    65%W +1.2%       -6.8% → +4.4%
  LLY     20    55%W +0.0%    50%W -0.1%    45%W -0.1%    50%W +0.0%    60%W +0.2%    65%W +0.3%       -3.6% → +1.4%
  MRVL    20    30%W -0.3%    30%W -0.8%    40%W -0.6%    50%W -0.0%    45%W -0.2%    65%W +0.4%       -6.2% → +8.2%
  PLTR    20    55%W +0.1%    45%W -0.1%    60%W +0.6%    55%W +0.3%    60%W +1.5%    65%W +1.3%     -10.7% → +10.0%
  CRWD    20    50%W +0.0%    40%W -0.3%    60%W +0.1%    65%W +0.4%    50%W +0.0%    60%W +0.4%       -3.4% → +5.2%
  META    20    40%W -0.3%    65%W +0.2%    70%W +0.3%    55%W +0.1%    50%W -0.0%    55%W +0.3%       -3.6% → +3.0%
  DDOG    20    50%W -0.1%    40%W -0.6%    50%W -0.1%    55%W +0.2%    50%W +0.1%    55%W +0.0%       -7.3% → +3.7%
  SNPS    20    45%W -0.1%    20%W -0.2%    30%W -0.3%    40%W -0.1%    40%W -0.3%    50%W -0.1%       -2.1% → +2.4%
  SPOT    20    35%W -0.2%    60%W +0.2%    60%W +0.2%    65%W +0.2%    55%W +0.1%    50%W -0.1%       -4.4% → +3.5%
  MU      20    45%W -0.1%    45%W -0.1%    25%W -0.2%    55%W +0.3%    50%W +0.0%    50%W +0.0%       -1.5% → +4.1%
  CHTR    20    50%W +0.0%    70%W +0.2%    65%W +0.3%    65%W +0.5%    45%W -0.1%    50%W +0.0%       -2.8% → +2.9%
  AVGO    20    35%W -0.1%    40%W -0.1%    45%W -0.1%    60%W +0.3%    45%W -0.1%    50%W -0.0%       -9.2% → +7.7%
  AMD     20    45%W -0.1%    45%W -0.4%    45%W -0.2%    55%W +0.5%    50%W -0.0%    50%W -0.0%       -4.9% → +4.3%
  APP     20    45%W -0.4%    40%W -0.2%    35%W -0.3%    40%W -0.3%    40%W -0.9%    40%W -0.5%       -7.9% → +5.4%
Pre-session top-2 (9:25, 20d EOD win rate) — 2023-06-20  OR: 09:30/3b
  #1 QCOM   +15m 45%W -0.0%  +30m 50%W +0.0%  +1h 45%W -0.0%  +2h 55%W +0.2%  +5h 65%W +0.3%  EOD 70%W +0.5%  EOD range -2.5% → +3.9%
  #2 TSLA   +15m 50%W +0.0%  +30m 65%W +0.4%  +1h 65%W +0.6%  +2h 70%W +0.3%  +5h 60%W +0.7%  EOD 70%W +0.8%  EOD range -1.9% → +3.8%
  Ticker   N          +15m          +30m           +1h           +2h           +5h           EOD           EOD range
  ----------------------------------------------------------------------------------------------------------------------
  QCOM    20    45%W -0.0%    50%W +0.0%    45%W -0.0%    55%W +0.2%    65%W +0.3%    70%W +0.5%       -2.5% → +3.9%
  TSLA    20    50%W +0.0%    65%W +0.4%    65%W +0.6%    70%W +0.3%    60%W +0.7%    70%W +0.8%       -1.9% → +3.8%
  SNOW    20    65%W +0.3%    55%W +0.0%    55%W +0.5%    65%W +1.1%    55%W +0.2%    60%W +0.7%       -6.8% → +4.4%
  LLY     20    50%W -0.0%    45%W -0.2%    40%W -0.2%    45%W -0.1%    55%W +0.1%    60%W +0.3%       -3.6% → +1.4%
  MRVL    20    25%W -0.5%    25%W -0.8%    35%W -0.6%    45%W -0.2%    40%W -0.4%    60%W +0.3%       -6.2% → +8.2%
  PLTR    20    50%W -0.1%    40%W -0.1%    55%W +0.4%    50%W -0.1%    55%W +0.9%    60%W +1.1%      -10.7% → +4.7%
  META    20    45%W -0.1%    70%W +0.2%    75%W +0.3%    60%W +0.3%    55%W +0.2%    55%W +0.1%       -3.6% → +3.0%
  MU      20    45%W -0.1%    45%W -0.1%    30%W -0.2%    55%W +0.3%    55%W +0.3%    55%W +0.2%       -1.5% → +4.1%
  CRWD    20    45%W -0.1%    35%W -0.4%    55%W +0.1%    60%W +0.3%    45%W -0.1%    55%W +0.3%       -3.4% → +5.2%
  SPOT    20    40%W -0.1%    60%W +0.2%    60%W +0.2%    65%W +0.2%    55%W +0.1%    50%W -0.1%       -4.4% → +3.9%
  DDOG    20    50%W -0.0%    40%W -0.7%    45%W -0.3%    50%W -0.1%    45%W -0.1%    50%W -0.4%       -7.3% → +3.7%
  SNPS    20    40%W -0.2%    15%W -0.3%    25%W -0.3%    35%W -0.1%    35%W -0.3%    45%W -0.3%       -2.1% → +2.1%
  CHTR    20    50%W +0.0%    70%W +0.2%    60%W +0.2%    60%W +0.4%    45%W -0.1%    45%W -0.5%       -2.8% → +2.9%
  AVGO    20    35%W -0.1%    40%W -0.1%    45%W -0.1%    60%W +0.2%    40%W -0.2%    45%W -0.1%       -9.2% → +7.7%
  AMD     20    40%W -0.2%    40%W -0.5%    40%W -0.2%    50%W +0.2%    45%W -0.1%    45%W -0.2%       -4.9% → +4.3%
  APP     20    45%W -0.4%    40%W -0.2%    35%W -0.3%    40%W -0.3%    40%W -0.9%    40%W -0.5%       -7.9% → +5.4%
Pre-session top-2 (9:25, 20d EOD win rate) — 2023-06-21  OR: 09:30/3b
  #1 QCOM   +15m 45%W -0.0%  +30m 45%W -0.0%  +1h 45%W -0.0%  +2h 55%W +0.2%  +5h 65%W +0.3%  EOD 70%W +0.5%  EOD range -2.5% → +3.9%
  #2 TSLA   +15m 55%W +0.1%  +30m 60%W +0.4%  +1h 60%W +0.3%  +2h 75%W +0.3%  +5h 65%W +0.9%  EOD 70%W +0.9%  EOD range -1.9% → +3.8%
  Ticker   N          +15m          +30m           +1h           +2h           +5h           EOD           EOD range
  ----------------------------------------------------------------------------------------------------------------------
  QCOM    20    45%W -0.0%    45%W -0.0%    45%W -0.0%    55%W +0.2%    65%W +0.3%    70%W +0.5%       -2.5% → +3.9%
  TSLA    20    55%W +0.1%    60%W +0.4%    60%W +0.3%    75%W +0.3%    65%W +0.9%    70%W +0.9%       -1.9% → +3.8%
  LLY     20    50%W -0.0%    50%W -0.1%    45%W -0.1%    45%W -0.1%    60%W +0.2%    65%W +0.3%       -3.6% → +1.4%
  META    20    45%W -0.1%    70%W +0.2%    75%W +0.3%    60%W +0.3%    60%W +0.4%    60%W +0.4%       -3.6% → +3.0%
  SNOW    20    65%W +0.3%    55%W +0.0%    55%W +0.5%    65%W +1.1%    55%W +0.2%    60%W +0.7%       -6.8% → +4.4%
  PLTR    20    50%W -0.1%    40%W -0.1%    55%W +0.4%    50%W -0.1%    55%W +0.9%    60%W +1.1%      -10.7% → +4.7%
  MRVL    20    20%W -0.5%    20%W -0.8%    30%W -0.8%    45%W -0.3%    35%W -0.7%    55%W +0.1%       -6.2% → +8.2%
  CRWD    20    40%W -0.1%    35%W -0.4%    55%W +0.1%    60%W +0.3%    45%W -0.1%    55%W +0.3%       -3.4% → +5.2%
  SPOT    20    40%W -0.1%    60%W +0.2%    60%W +0.2%    65%W +0.2%    55%W +0.1%    50%W -0.1%       -4.4% → +3.9%
  MU      20    45%W -0.1%    40%W -0.3%    25%W -0.3%    50%W +0.1%    50%W +0.0%    50%W +0.0%       -1.5% → +4.1%
  DDOG    20    45%W -0.2%    45%W -0.6%    45%W -0.3%    50%W -0.1%    45%W -0.1%    50%W -0.2%       -7.3% → +3.7%
  SNPS    20    35%W -0.2%    15%W -0.4%    25%W -0.4%    35%W -0.1%    35%W -0.3%    45%W -0.3%       -2.1% → +2.1%
  CHTR    20    50%W +0.0%    65%W +0.1%    55%W +0.1%    60%W +0.3%    50%W +0.0%    45%W -0.3%       -2.8% → +2.9%
  AVGO    20    35%W -0.1%    45%W -0.1%    40%W -0.2%    60%W +0.2%    40%W -0.1%    45%W -0.1%       -9.2% → +7.7%
  AMD     20    40%W -0.2%    40%W -0.5%    40%W -0.2%    50%W +0.2%    45%W -0.1%    45%W -0.2%       -4.9% → +4.3%
  APP     20    40%W -0.5%    35%W -0.2%    30%W -0.3%    40%W -0.3%    35%W -1.1%    35%W -0.7%       -7.9% → +5.4%
Pre-session top-2 (9:25, 20d EOD win rate) — 2023-06-22  OR: 09:30/3b
  #1 QCOM   +15m 45%W -0.0%  +30m 45%W -0.0%  +1h 45%W -0.0%  +2h 55%W +0.2%  +5h 65%W +0.3%  EOD 70%W +0.5%  EOD range -2.5% → +3.9%
  #2 LLY    +15m 50%W -0.0%  +30m 50%W -0.1%  +1h 45%W -0.1%  +2h 45%W -0.1%  +5h 60%W +0.2%  EOD 65%W +0.3%  EOD range -2.6% → +1.4%
  Ticker   N          +15m          +30m           +1h           +2h           +5h           EOD           EOD range
  ----------------------------------------------------------------------------------------------------------------------
  QCOM    20    45%W -0.0%    45%W -0.0%    45%W -0.0%    55%W +0.2%    65%W +0.3%    70%W +0.5%       -2.5% → +3.9%
  LLY     20    50%W -0.0%    50%W -0.1%    45%W -0.1%    45%W -0.1%    60%W +0.2%    65%W +0.3%       -2.6% → +1.4%
  TSLA    20    55%W +0.1%    60%W +0.4%    55%W +0.1%    70%W +0.2%    60%W +0.7%    65%W +0.8%       -6.0% → +3.8%
  META    20    40%W -0.3%    70%W +0.2%    70%W +0.3%    60%W +0.3%    65%W +0.4%    60%W +0.4%       -3.6% → +3.0%
  SNOW    20    60%W +0.2%    50%W -0.0%    50%W +0.1%    60%W +0.5%    50%W +0.1%    55%W +0.6%       -6.8% → +4.4%
  PLTR    20    45%W -0.2%    40%W -0.1%    55%W +0.4%    45%W -0.2%    50%W -0.0%    55%W +0.8%      -10.7% → +4.7%
  SPOT    20    35%W -0.2%    55%W +0.1%    55%W +0.1%    60%W +0.2%    55%W +0.1%    50%W -0.1%       -4.4% → +3.9%
  MRVL    20    15%W -0.5%    15%W -0.8%    25%W -0.9%    40%W -0.8%    30%W -0.9%    50%W -0.2%       -6.2% → +8.2%
  CRWD    20    35%W -0.2%    30%W -0.5%    50%W -0.0%    55%W +0.1%    40%W -0.4%    50%W +0.0%       -4.0% → +5.2%
  CHTR    20    55%W +0.1%    70%W +0.2%    60%W +0.2%    65%W +0.4%    55%W +0.2%    50%W +0.2%       -2.8% → +2.9%
  SNPS    20    35%W -0.2%    15%W -0.3%    25%W -0.4%    35%W -0.1%    35%W -0.3%    45%W -0.3%       -2.1% → +2.1%
  MU      20    40%W -0.2%    35%W -0.3%    25%W -0.3%    45%W -0.2%    45%W -0.2%    45%W -0.0%       -1.6% → +4.1%
  AVGO    20    35%W -0.1%    45%W -0.1%    40%W -0.2%    60%W +0.2%    40%W -0.1%    45%W -0.1%       -9.2% → +7.7%
  DDOG    20    40%W -0.2%    40%W -0.7%    40%W -0.4%    45%W -0.5%    40%W -0.3%    45%W -0.6%       -7.3% → +3.7%
  AMD     20    35%W -0.4%    35%W -0.5%    35%W -0.3%    45%W -0.0%    40%W -0.5%    40%W -0.3%       -4.9% → +4.3%
  APP     20    35%W -0.6%    35%W -0.4%    30%W -0.4%    35%W -0.6%    30%W -1.1%    30%W -1.0%       -7.9% → +5.4%
Pre-session top-2 (9:25, 20d EOD win rate) — 2023-06-23  OR: 09:30/3b
  #1 QCOM   +15m 45%W -0.0%  +30m 45%W -0.0%  +1h 45%W -0.1%  +2h 60%W +0.3%  +5h 70%W +0.3%  EOD 75%W +0.5%  EOD range -2.5% → +3.9%
  #2 LLY    +15m 55%W +0.0%  +30m 55%W +0.1%  +1h 50%W +0.0%  +2h 50%W +0.0%  +5h 65%W +0.3%  EOD 70%W +0.3%  EOD range -1.8% → +1.4%
  Ticker   N          +15m          +30m           +1h           +2h           +5h           EOD           EOD range
  ----------------------------------------------------------------------------------------------------------------------
  QCOM    20    45%W -0.0%    45%W -0.0%    45%W -0.1%    60%W +0.3%    70%W +0.3%    75%W +0.5%       -2.5% → +3.9%
  LLY     20    55%W +0.0%    55%W +0.1%    50%W +0.0%    50%W +0.0%    65%W +0.3%    70%W +0.3%       -1.8% → +1.4%
  TSLA    20    50%W -0.0%    60%W +0.4%    55%W +0.1%    70%W +0.2%    65%W +0.9%    70%W +0.9%       -6.0% → +3.8%
  META    20    45%W -0.1%    75%W +0.2%    70%W +0.3%    60%W +0.3%    70%W +0.5%    65%W +0.6%       -3.6% → +3.0%
  SNOW    20    60%W +0.2%    50%W -0.0%    50%W +0.1%    60%W +0.5%    55%W +0.2%    60%W +1.2%       -6.8% → +4.4%
  PLTR    20    50%W -0.1%    40%W -0.1%    55%W +0.4%    45%W -0.2%    55%W +0.8%    60%W +0.8%      -10.7% → +4.7%
  SPOT    20    40%W -0.2%    55%W +0.1%    55%W +0.1%    60%W +0.2%    60%W +0.3%    55%W +0.1%       -4.4% → +3.9%
  CRWD    20    35%W -0.2%    30%W -0.5%    50%W -0.0%    55%W +0.1%    45%W -0.1%    55%W +0.3%       -4.0% → +5.2%
  SNPS    20    35%W -0.2%    15%W -0.3%    25%W -0.4%    40%W -0.1%    40%W -0.1%    50%W -0.1%       -2.1% → +2.1%
  MRVL    20    10%W -0.5%    15%W -0.8%    25%W -0.9%    40%W -0.8%    35%W -0.9%    50%W -0.2%       -6.2% → +8.2%
  CHTR    20    55%W +0.1%    70%W +0.2%    60%W +0.1%    65%W +0.3%    60%W +0.3%    50%W +0.2%       -2.8% → +2.9%
  DDOG    20    40%W -0.2%    40%W -0.7%    40%W -0.4%    45%W -0.5%    45%W -0.3%    50%W -0.2%       -7.3% → +3.7%
  MU      20    35%W -0.2%    35%W -0.3%    20%W -0.3%    40%W -0.2%    45%W -0.2%    45%W -0.0%       -1.6% → +4.1%
  AVGO    20    35%W -0.1%    45%W -0.1%    35%W -0.2%    60%W +0.1%    35%W -0.2%    40%W -0.1%       -9.2% → +7.7%
  AMD     20    30%W -0.5%    35%W -0.5%    35%W -0.6%    45%W -0.0%    40%W -0.5%    40%W -0.3%       -4.9% → +4.3%
  APP     20    35%W -0.6%    35%W -0.4%    30%W -0.4%    35%W -0.6%    35%W -1.1%    35%W -1.0%       -7.9% → +5.4%
Pre-session top-2 (9:25, 20d EOD win rate) — 2023-06-26  OR: 09:30/3b
  #1 LLY    +15m 55%W +0.0%  +30m 55%W +0.1%  +1h 50%W +0.0%  +2h 50%W +0.0%  +5h 65%W +0.3%  EOD 70%W +0.3%  EOD range -1.8% → +1.4%
  #2 QCOM   +15m 50%W +0.0%  +30m 50%W +0.1%  +1h 50%W +0.0%  +2h 60%W +0.3%  +5h 65%W +0.3%  EOD 70%W +0.5%  EOD range -2.5% → +3.9%
  Ticker   N          +15m          +30m           +1h           +2h           +5h           EOD           EOD range
  ----------------------------------------------------------------------------------------------------------------------
  LLY     20    55%W +0.0%    55%W +0.1%    50%W +0.0%    50%W +0.0%    65%W +0.3%    70%W +0.3%       -1.8% → +1.4%
  QCOM    20    50%W +0.0%    50%W +0.1%    50%W +0.0%    60%W +0.3%    65%W +0.3%    70%W +0.5%       -2.5% → +3.9%
  META    20    45%W -0.1%    75%W +0.2%    70%W +0.3%    60%W +0.4%    70%W +0.5%    65%W +0.6%       -3.6% → +3.3%
  TSLA    20    50%W -0.0%    60%W +0.4%    60%W +0.2%    75%W +0.3%    65%W +0.9%    65%W +0.9%       -6.0% → +3.8%
  SNOW    20    65%W +0.2%    55%W +0.0%    55%W +0.5%    65%W +0.6%    60%W +0.3%    60%W +1.2%       -6.8% → +4.4%
  SPOT    20    45%W -0.1%    60%W +0.1%    55%W +0.1%    60%W +0.2%    60%W +0.5%    60%W +0.3%       -4.4% → +3.9%
  PLTR    20    50%W -0.1%    45%W -0.0%    55%W +0.4%    50%W -0.1%    55%W +0.8%    60%W +0.8%      -10.7% → +4.7%
  CRWD    20    40%W -0.1%    35%W -0.4%    55%W +0.1%    60%W +0.3%    50%W -0.1%    55%W +0.3%       -4.0% → +5.2%
  CHTR    20    60%W +0.2%    75%W +0.2%    65%W +0.2%    65%W +0.4%    65%W +0.3%    55%W +0.5%       -2.8% → +2.9%
  MRVL    20    10%W -0.6%    15%W -0.8%    25%W -0.8%    40%W -0.8%    35%W -0.9%    50%W -0.2%       -6.2% → +8.2%
  DDOG    20    45%W -0.2%    45%W -0.6%    45%W -0.3%    50%W -0.1%    50%W -0.1%    50%W -0.2%       -7.3% → +3.7%
  SNPS    20    35%W -0.2%    20%W -0.3%    25%W -0.4%    40%W -0.1%    40%W -0.1%    45%W -0.2%       -2.1% → +2.1%
  MU      20    35%W -0.2%    40%W -0.3%    25%W -0.2%    40%W -0.2%    40%W -0.2%    45%W -0.0%       -1.6% → +4.1%
  APP     20    35%W -0.6%    35%W -0.4%    30%W -0.3%    35%W -0.6%    40%W -0.9%    40%W -0.8%       -7.9% → +5.4%
  AVGO    20    35%W -0.1%    45%W -0.1%    35%W -0.2%    60%W +0.1%    35%W -0.2%    40%W -0.1%       -9.2% → +7.7%
  AMD     20    30%W -0.5%    40%W -0.5%    35%W -0.2%    45%W -0.0%    40%W -0.5%    40%W -0.3%       -4.9% → +4.3%
Pre-session top-2 (9:25, 20d EOD win rate) — 2023-06-27  OR: 09:30/3b
  #1 QCOM   +15m 55%W +0.1%  +30m 55%W +0.2%  +1h 55%W +0.1%  +2h 65%W +0.4%  +5h 65%W +0.3%  EOD 70%W +0.3%  EOD range -2.5% → +3.9%
  #2 LLY    +15m 55%W +0.0%  +30m 60%W +0.1%  +1h 50%W +0.0%  +2h 50%W +0.0%  +5h 60%W +0.2%  EOD 65%W +0.2%  EOD range -1.8% → +1.4%
  Ticker   N          +15m          +30m           +1h           +2h           +5h           EOD           EOD range
  ----------------------------------------------------------------------------------------------------------------------
  QCOM    20    55%W +0.1%    55%W +0.2%    55%W +0.1%    65%W +0.4%    65%W +0.3%    70%W +0.3%       -2.5% → +3.9%
  LLY     20    55%W +0.0%    60%W +0.1%    50%W +0.0%    50%W +0.0%    60%W +0.2%    65%W +0.2%       -1.8% → +1.4%
  META    20    50%W +0.0%    80%W +0.3%    65%W +0.3%    55%W +0.2%    65%W +0.4%    60%W +0.4%       -3.6% → +3.3%
  SNOW    20    65%W +0.2%    60%W +0.1%    55%W +0.5%    65%W +0.6%    60%W +0.3%    60%W +1.2%       -6.8% → +4.4%
  SPOT    20    50%W -0.0%    60%W +0.1%    50%W +0.0%    60%W +0.2%    60%W +0.5%    60%W +0.3%       -4.4% → +3.9%
  CHTR    20    60%W +0.2%    75%W +0.3%    70%W +0.3%    70%W +0.6%    70%W +0.3%    60%W +0.6%       -1.8% → +2.9%
  TSLA    20    55%W +0.1%    65%W +0.5%    55%W +0.2%    70%W +0.3%    60%W +0.9%    60%W +0.9%       -6.0% → +3.8%
  PLTR    20    50%W -0.1%    45%W -0.1%    55%W +0.4%    50%W -0.1%    50%W -0.1%    55%W +0.6%      -10.7% → +4.7%
  CRWD    20    40%W -0.1%    35%W -0.4%    50%W -0.0%    55%W +0.1%    45%W -0.4%    50%W +0.0%       -4.0% → +5.2%
  DDOG    20    50%W -0.0%    50%W -0.3%    50%W -0.1%    55%W +0.1%    55%W +0.2%    50%W -0.2%       -7.3% → +3.7%
  APP     20    40%W -0.4%    40%W -0.2%    35%W -0.3%    40%W -0.4%    45%W -0.6%    45%W -0.8%       -7.9% → +5.4%
  MRVL    20    15%W -0.5%    20%W -0.7%    30%W -0.6%    40%W -0.4%    30%W -0.9%    45%W -0.5%       -6.2% → +8.2%
  SNPS    20    35%W -0.2%    20%W -0.3%    25%W -0.4%    35%W -0.3%    35%W -0.3%    40%W -0.3%       -2.1% → +2.1%
  MU      20    40%W -0.1%    45%W -0.3%    25%W -0.2%    40%W -0.2%    35%W -0.3%    40%W -0.1%       -1.6% → +4.1%
  AVGO    20    35%W -0.1%    45%W -0.1%    35%W -0.2%    55%W +0.1%    30%W -0.2%    35%W -0.2%       -9.2% → +7.7%
  AMD     20    35%W -0.5%    40%W -0.5%    30%W -0.6%    40%W -0.3%    35%W -1.0%    35%W -0.7%       -4.9% → +4.3%
Pre-session top-2 (9:25, 20d EOD win rate) — 2023-06-28  OR: 09:30/3b
  #1 LLY    +15m 55%W +0.0%  +30m 60%W +0.1%  +1h 50%W +0.0%  +2h 50%W +0.0%  +5h 65%W +0.3%  EOD 70%W +0.3%  EOD range -1.8% → +1.4%
  #2 QCOM   +15m 60%W +0.1%  +30m 55%W +0.2%  +1h 55%W +0.1%  +2h 65%W +0.4%  +5h 65%W +0.3%  EOD 70%W +0.3%  EOD range -2.5% → +2.9%
  Ticker   N          +15m          +30m           +1h           +2h           +5h           EOD           EOD range
  ----------------------------------------------------------------------------------------------------------------------
  LLY     20    55%W +0.0%    60%W +0.1%    50%W +0.0%    50%W +0.0%    65%W +0.3%    70%W +0.3%       -1.8% → +1.4%
  QCOM    20    60%W +0.1%    55%W +0.2%    55%W +0.1%    65%W +0.4%    65%W +0.3%    70%W +0.3%       -2.5% → +2.9%
  META    20    50%W +0.0%    80%W +0.3%    65%W +0.3%    55%W +0.2%    65%W +0.4%    60%W +0.4%       -3.6% → +3.3%
  SNOW    20    65%W +0.2%    55%W +0.0%    50%W +0.2%    65%W +0.6%    60%W +0.3%    60%W +1.2%       -6.8% → +4.4%
  SPOT    20    50%W -0.0%    55%W +0.0%    45%W -0.1%    60%W +0.2%    60%W +0.5%    60%W +0.3%       -4.4% → +3.9%
  CHTR    20    65%W +0.3%    80%W +0.4%    75%W +0.3%    70%W +0.9%    70%W +0.3%    60%W +0.6%       -1.8% → +4.3%
  TSLA    20    55%W +0.1%    65%W +0.5%    55%W +0.2%    70%W +0.3%    60%W +0.9%    60%W +0.9%       -6.0% → +3.8%
  PLTR    20    50%W -0.1%    45%W -0.1%    55%W +0.4%    50%W -0.1%    50%W -0.1%    55%W +0.6%      -10.7% → +4.7%
  APP     20    45%W -0.2%    45%W -0.2%    40%W -0.2%    45%W -0.3%    50%W +0.0%    50%W +0.1%       -7.9% → +5.4%
  CRWD    20    40%W -0.1%    30%W -0.4%    45%W -0.1%    55%W +0.1%    45%W -0.4%    50%W +0.0%       -4.0% → +5.2%
  DDOG    20    45%W -0.1%    45%W -0.5%    45%W -0.3%    55%W +0.1%    55%W +0.2%    50%W -0.1%       -7.3% → +3.7%
  MRVL    20    15%W -0.5%    15%W -0.7%    30%W -0.6%    40%W -0.4%    30%W -0.9%    45%W -0.5%       -6.2% → +4.1%
  SNPS    20    30%W -0.3%    15%W -0.4%    20%W -0.4%    30%W -0.3%    35%W -0.3%    40%W -0.3%       -2.1% → +1.3%
  MU      20    40%W -0.1%    45%W -0.3%    25%W -0.2%    40%W -0.2%    35%W -0.3%    40%W -0.1%       -1.6% → +3.9%
  AVGO    20    35%W -0.1%    40%W -0.1%    30%W -0.2%    55%W +0.1%    30%W -0.2%    35%W -0.2%       -9.2% → +4.1%
  AMD     20    35%W -0.5%    35%W -0.5%    30%W -0.6%    40%W -0.3%    35%W -1.0%    35%W -0.7%       -4.9% → +2.9%
Pre-session top-2 (9:25, 20d EOD win rate) — 2023-06-29  OR: 09:30/3b
  #1 QCOM   +15m 60%W +0.1%  +30m 55%W +0.2%  +1h 60%W +0.1%  +2h 70%W +0.4%  +5h 65%W +0.2%  EOD 70%W +0.3%  EOD range -2.5% → +2.9%
  #2 LLY    +15m 55%W +0.0%  +30m 65%W +0.2%  +1h 50%W +0.0%  +2h 50%W +0.0%  +5h 60%W +0.3%  EOD 65%W +0.3%  EOD range -1.8% → +1.4%
  Ticker   N          +15m          +30m           +1h           +2h           +5h           EOD           EOD range
  ----------------------------------------------------------------------------------------------------------------------
  QCOM    20    60%W +0.1%    55%W +0.2%    60%W +0.1%    70%W +0.4%    65%W +0.2%    70%W +0.3%       -2.5% → +2.9%
  LLY     20    55%W +0.0%    65%W +0.2%    50%W +0.0%    50%W +0.0%    60%W +0.3%    65%W +0.3%       -1.8% → +1.4%
  TSLA    20    60%W +0.2%    70%W +0.5%    60%W +0.4%    75%W +0.4%    65%W +0.9%    65%W +0.9%       -6.0% → +3.8%
  META    20    55%W +0.1%    75%W +0.3%    70%W +0.4%    60%W +0.2%    65%W +0.4%    60%W +0.4%       -3.6% → +3.3%
  SPOT    20    55%W +0.0%    60%W +0.1%    50%W +0.0%    60%W +0.4%    60%W +0.5%    60%W +0.6%       -4.4% → +3.9%
  CHTR    20    65%W +0.3%    80%W +0.4%    75%W +0.3%    70%W +0.8%    70%W +0.3%    60%W +0.6%       -1.8% → +4.3%
  SNOW    20    65%W +0.2%    60%W +0.1%    50%W +0.2%    65%W +0.6%    55%W +0.2%    55%W +0.9%       -6.8% → +4.4%
  CRWD    20    45%W -0.1%    35%W -0.4%    50%W -0.0%    60%W +0.2%    45%W -0.4%    55%W +0.3%       -4.0% → +5.2%
  PLTR    20    55%W +0.0%    45%W -0.1%    55%W +0.4%    50%W -0.1%    50%W -0.1%    55%W +0.6%      -10.7% → +4.7%
  APP     20    50%W -0.0%    50%W -0.0%    45%W -0.1%    50%W +0.3%    55%W +0.3%    50%W +0.1%       -7.9% → +5.4%
  DDOG    20    50%W +0.0%    45%W -0.5%    50%W -0.1%    55%W +0.1%    55%W +0.2%    50%W -0.1%       -7.3% → +3.7%
  MU      20    45%W -0.0%    50%W -0.1%    30%W -0.2%    40%W -0.2%    40%W -0.3%    45%W -0.0%       -1.6% → +3.9%
  MRVL    20    20%W -0.4%    15%W -0.5%    35%W -0.4%    40%W -0.4%    35%W -0.6%    45%W -0.3%       -6.2% → +4.1%
  SNPS    20    30%W -0.2%    15%W -0.3%    25%W -0.4%    35%W -0.1%    35%W -0.2%    40%W -0.3%       -2.1% → +1.3%
  AVGO    20    35%W -0.1%    45%W -0.1%    35%W -0.2%    60%W +0.1%    35%W -0.1%    40%W -0.1%       -1.7% → +4.1%
  AMD     20    40%W -0.4%    35%W -0.5%    35%W -0.2%    45%W -0.3%    40%W -0.5%    40%W -0.3%       -4.9% → +2.9%
Pre-session top-2 (9:25, 20d EOD win rate) — 2023-06-30  OR: 09:30/3b
  #1 QCOM   +15m 55%W +0.1%  +30m 60%W +0.2%  +1h 60%W +0.1%  +2h 75%W +0.4%  +5h 65%W +0.1%  EOD 70%W +0.3%  EOD range -2.5% → +2.9%
  #2 LLY    +15m 55%W +0.0%  +30m 65%W +0.2%  +1h 50%W +0.1%  +2h 50%W +0.0%  +5h 60%W +0.2%  EOD 65%W +0.2%  EOD range -1.8% → +1.4%
  Ticker   N          +15m          +30m           +1h           +2h           +5h           EOD           EOD range
  ----------------------------------------------------------------------------------------------------------------------
  QCOM    20    55%W +0.1%    60%W +0.2%    60%W +0.1%    75%W +0.4%    65%W +0.1%    70%W +0.3%       -2.5% → +2.9%
  LLY     20    55%W +0.0%    65%W +0.2%    50%W +0.1%    50%W +0.0%    60%W +0.2%    65%W +0.2%       -1.8% → +1.4%
  CHTR    20    65%W +0.3%    80%W +0.4%    75%W +0.3%    70%W +0.8%    70%W +0.3%    65%W +0.6%       -1.6% → +4.3%
  TSLA    20    60%W +0.2%    70%W +0.5%    60%W +0.4%    75%W +0.4%    65%W +0.9%    60%W +0.9%       -6.0% → +3.8%
  META    20    60%W +0.1%    70%W +0.3%    65%W +0.4%    55%W +0.2%    60%W +0.2%    55%W +0.1%       -3.6% → +3.3%
  SPOT    20    55%W +0.0%    55%W +0.0%    45%W -0.1%    60%W +0.1%    55%W +0.2%    55%W +0.3%       -4.4% → +3.9%
  CRWD    20    50%W +0.0%    40%W -0.3%    55%W +0.1%    60%W +0.2%    45%W -0.4%    55%W +0.3%       -4.0% → +5.2%
  APP     20    45%W -0.2%    45%W -0.2%    40%W -0.2%    45%W -0.3%    50%W -0.1%    50%W -0.2%       -7.9% → +5.4%
  SNOW    20    65%W +0.2%    55%W +0.0%    45%W -0.0%    60%W +0.5%    55%W +0.2%    50%W +0.3%       -6.8% → +4.4%
  MU      20    45%W -0.0%    50%W -0.1%    30%W -0.2%    45%W -0.1%    45%W -0.2%    50%W +0.0%       -1.6% → +3.9%
  PLTR    20    50%W -0.1%    45%W -0.1%    55%W +0.4%    55%W +0.0%    45%W -0.8%    50%W +0.1%      -10.7% → +4.7%
  SNPS    20    30%W -0.2%    20%W -0.3%    30%W -0.3%    40%W -0.1%    40%W -0.1%    45%W -0.2%       -2.1% → +1.3%
  MRVL    20    20%W -0.4%    15%W -0.5%    35%W -0.4%    40%W -0.4%    35%W -0.6%    45%W -0.3%       -3.4% → +4.1%
  AMD     20    45%W -0.1%    35%W -0.5%    40%W -0.1%    50%W +0.2%    45%W -0.1%    45%W -0.2%       -4.9% → +2.9%
  DDOG    20    50%W +0.1%    50%W -0.2%    50%W -0.0%    60%W +0.2%    50%W -0.2%    45%W -0.6%       -7.3% → +3.7%
  AVGO    20    40%W -0.1%    50%W +0.0%    40%W -0.2%    60%W +0.2%    35%W -0.1%    40%W -0.1%       -1.7% → +4.1%

=========================================================================================================================================================================================
Pre-Session Top-2 Performance — 2023-06-01 to 2023-06-30  |  Unconditional OR-close entry  |  OR: 09:30/3b
=========================================================================================================================================================================================
Date         Ticker Rank  At       Entry       +15m       +30m       +45m        +1h     +1h30m        +2h        +3h        +4h        +5h        +6h        +7h        EOD
-----------------------------------------------------------------------------------------------------------------------------------------------------------------------------------------
2023-06-01   MRVL   #1    09:40    60.03    +0.67%W    +1.03%W    +0.44%W    +1.41%W    +0.97%W    +1.52%W    +2.22%W    +2.56%W    +2.57%W    +2.04%W    +1.77%W    +1.77%W
2023-06-01   SNOW   #2    09:40   162.16    +1.48%W    +2.06%W    +2.17%W    +3.44%W    +3.37%W    +3.07%W    +3.60%W    +3.80%W    +4.29%W    +3.12%W    +3.15%W    +3.15%W
2023-06-02   SNOW   #1    09:40   180.29    -0.65%L    -0.48%L    -1.46%L    -1.04%L    -1.95%L    -2.03%L    -0.99%L    -1.66%L    -2.24%L    -2.55%L    -2.82%L    -2.82%L
2023-06-02   MRVL   #2    09:40    60.85    -2.27%L    -2.26%L    -2.51%L    -1.92%L    -1.87%L    -1.36%L    -1.08%L    -1.59%L    -2.15%L    -1.48%L    -1.08%L    -1.08%L
2023-06-05   TSLA   #1    09:40   220.51    -0.61%L    -0.96%L    -1.53%L    -0.59%L    -0.75%L    -1.43%L    -0.60%L    -1.06%L    -1.95%L    -1.15%L    -1.32%L    -1.32%L
2023-06-05   SNOW   #2    09:40   177.05    +1.02%W    +0.24%W    +0.70%W    +1.02%W    +1.85%W    +2.07%W    +2.46%W    +2.54%W    +1.64%W    +2.70%W    +2.68%W    +2.68%W
2023-06-06   SNOW   #1    09:40   182.92    +0.13%W    -0.13%L    -0.26%L    +0.59%W    +1.04%W    +0.26%W    +0.51%W    +0.40%W    +0.24%W    -0.14%L    -0.37%L    -0.37%L
2023-06-06   PLTR   #2    09:40    15.16    -0.54%L    -0.27%L    +0.88%W    +0.20%W    +1.05%W    +1.84%W    +1.44%W    +1.77%W    +1.66%W    +2.14%W    +1.97%W    +1.97%W
2023-06-07   PLTR   #1    09:40    16.47    +2.40%W    +2.37%W    +1.40%W    -0.58%L    -3.19%L    -3.64%L    -7.23%L   -10.02%L   -10.85%L   -11.11%L   -10.75%L   -10.75%L
2023-06-07   SNOW   #2    09:40   181.47    -0.12%L    +0.14%W    -1.13%L    -2.15%L    -2.74%L    -3.94%L    -5.06%L    -5.87%L    -6.78%L    -7.43%L    -6.85%L    -6.85%L
2023-06-08   PLTR   #1    09:40    14.92    -1.95%L    -0.14%L    +1.40%W    +1.47%W    +3.08%W    +3.31%W    +2.10%W    +1.20%W    +2.07%W    +1.84%W    +1.87%W    +1.87%W
2023-06-08   SNOW   #2    09:40   167.55    +0.58%W    +1.10%W    +1.84%W    +2.69%W    +3.33%W    +3.28%W    +3.03%W    +2.89%W    +3.88%W    +4.05%W    +4.10%W    +4.10%W
2023-06-09   PLTR   #1    09:40    15.43    +2.20%W    +1.64%W    +3.43%W    +0.77%W    -1.14%L    -2.28%L    -3.70%L    -2.05%L    -2.44%L    -2.86%L    -2.70%L    -2.70%L
2023-06-09   TSLA   #2    09:40   248.56    -0.11%L    +1.00%W    +0.84%W    -0.05%L    +0.29%W    +0.19%W    -1.60%L    -0.87%L    -1.47%L    -1.79%L    -1.68%L    -1.68%L
2023-06-12   PLTR   #1    09:40    15.86    -1.72%L    -0.39%L    -0.22%L    -0.63%L    -2.27%L    -2.62%L    -2.19%L    -1.55%L    -2.02%L    -1.67%L    -1.29%L    -1.29%L
2023-06-12   LLY    #2    09:40   439.50    +0.01%W    +0.31%W    +0.55%W    +0.71%W    +0.43%W    +0.84%W    +0.85%W    +0.79%W    +0.87%W    +1.21%W    +1.36%W    +1.36%W
2023-06-13   LLY    #1    09:40   445.75    +0.16%W    -0.35%L    -0.76%L    -0.57%L    -0.33%L    +0.06%W    +0.26%W    +0.19%W    -0.20%L    -0.17%L    -0.04%L    -0.04%L
2023-06-13   PLTR   #2    09:40    15.88    -1.54%L    -3.60%L    -2.86%L    -2.55%L    -1.61%L    +0.01%W    -0.44%L    +0.60%W    -0.60%L    -0.28%L    +0.66%W    +0.66%W
2023-06-14   TSLA   #1    09:40   256.82    +0.11%W    +0.51%W    +1.24%W    +1.74%W    +1.01%W    +0.24%W    +0.44%W    +0.52%W    -0.08%L    -0.60%L    -0.03%L    -0.03%L
2023-06-14   PLTR   #2    09:40    15.96    +0.16%W    -0.86%L    -0.88%L    +0.50%W    +0.78%W    -0.15%L    +0.35%W    -0.28%L    -1.03%L    -0.75%L    -0.31%L    -0.31%L
2023-06-15   MRVL   #1    09:40    62.26    -0.63%L    -0.55%L    -0.42%L    -0.77%L    -0.46%L    -0.11%L    -0.45%L    -0.08%L    +0.51%W    +0.08%W    -0.35%L    -0.35%L
2023-06-15   QCOM   #2    09:40   122.05    +0.25%W    +0.41%W    +0.97%W    +0.61%W    +0.87%W    +1.46%W    +1.49%W    +1.55%W    +1.67%W    +1.92%W    +1.30%W    +1.30%W
2023-06-16   QCOM   #1    09:40   122.55    -0.07%L    +0.37%W    +0.67%W    +0.10%W    +0.49%W    +0.33%W    +0.83%W    +0.53%W    +0.15%W    +0.10%W    +0.06%W    +0.06%W
2023-06-16   TSLA   #2    09:40   258.00    +1.52%W    +1.82%W    +1.54%W    +1.15%W    +1.13%W    +0.33%W    +1.02%W    +1.22%W    +1.95%W    +1.09%W    +0.98%W    +0.98%W
2023-06-20   QCOM   #1    09:40   120.44    -0.32%L    -0.50%L    -0.96%L    -0.96%L    -0.88%L    -1.01%L    -0.68%L    -0.33%L    -0.58%L    -0.28%L    -0.51%L    -0.51%L
2023-06-20   TSLA   #2    09:40   264.77    +0.17%W    -0.06%L    -0.88%L    -0.28%L    -0.07%L    +0.18%W    +1.32%W    +2.22%W    +2.33%W    +3.30%W    +3.66%W    +3.66%W
2023-06-21   QCOM   #1    09:40   118.41    -0.40%L    -0.55%L    -0.99%L    -1.28%L    -1.43%L    -1.38%L    -1.24%L    -1.20%L    -1.08%L    -2.00%L    -2.22%L    -2.22%L
2023-06-21   TSLA   #2    09:40   275.88    -2.83%L    -2.02%L    -2.93%L    -3.23%L    -4.95%L    -4.08%L    -5.56%L    -5.53%L    -4.27%L    -5.33%L    -5.95%L    -5.95%L
2023-06-22   QCOM   #1    09:40   115.99    +0.11%W    +0.19%W    -0.29%L    -0.79%L    -0.50%L    +0.51%W    +0.17%W    +0.12%W    +0.03%W    +0.08%W    +0.34%W    +0.34%W
2023-06-22   LLY    #2    09:40   457.20    +0.35%W    +0.89%W    +0.48%W    +0.66%W    +0.80%W    +0.93%W    +0.54%W    +0.78%W    +0.59%W    +0.12%W    +0.09%W    +0.09%W
2023-06-23   QCOM   #1    09:40   114.70    +0.11%W    +0.20%W    +0.24%W    +0.36%W    -0.01%L    -0.18%L    +0.10%W    +0.24%W    -0.30%L    -0.27%L    -1.12%L    -1.12%L
2023-06-23   LLY    #2    09:40   455.51    +0.28%W    +0.32%W    +0.45%W    +0.48%W    +0.15%W    +0.60%W    +0.46%W    +0.63%W    +0.47%W    +0.67%W    +0.66%W    +0.66%W
2023-06-26   LLY    #1    09:40   457.35    -0.67%L    +0.18%W    +0.17%W    -0.06%L    -1.08%L    -1.22%L    -1.18%L    -0.73%L    -0.97%L    -0.59%L    -0.94%L    -0.94%L
2023-06-26   QCOM   #2    09:40   116.28    +0.22%W    +0.30%W    +0.31%W    +0.06%W    +0.57%W    +0.63%W    +0.42%W    +0.51%W    +0.64%W    +0.67%W    +0.30%W    +0.30%W
2023-06-27   QCOM   #1    09:40   116.43    +0.14%W    +0.12%W    +0.03%W    +0.60%W    +0.55%W    +1.02%W    +1.87%W    +2.18%W    +2.19%W    +2.78%W    +2.88%W    +2.88%W
2023-06-27   LLY    #2    09:40   461.80    -1.09%L    -1.47%L    -1.44%L    -2.06%L    -1.54%L    -0.95%L    +0.10%W    +0.04%W    +0.55%W    +0.59%W    +0.57%W    +0.57%W
2023-06-28   LLY    #1    09:40   464.80    -0.27%L    +0.12%W    -0.17%L    -0.81%L    -0.59%L    -0.33%L    -0.35%L    -0.72%L    -0.78%L    -1.43%L    -1.27%L    -1.27%L
2023-06-28   QCOM   #2    09:40   117.20    -0.20%L    -0.43%L    +0.10%W    +0.40%W    +0.09%W    +0.23%W    -0.21%L    +0.42%W    +0.05%W    +0.14%W    +0.31%W    +0.31%W
2023-06-29   QCOM   #1    09:40   117.28    -0.02%L    +0.35%W    +0.26%W    -0.16%L    +0.07%W    +0.09%W    +0.53%W    +0.02%W    +0.04%W    +0.38%W    +0.66%W    +0.66%W
2023-06-29   LLY    #2    09:40   463.12    -0.25%L    +0.24%W    +0.40%W    +0.21%W    +0.29%W    +0.42%W    +0.40%W    +0.20%W    +0.14%W    +0.21%W    +0.30%W    +0.30%W
2023-06-30   QCOM   #1    09:40   119.00    +0.00%L    -0.03%L    +0.18%W    -0.09%L    -0.07%L    -0.32%L    +0.03%W    -0.01%L    +0.31%W    +0.06%W    +0.02%W    +0.02%W
2023-06-30   LLY    #2    09:40   467.14    -0.10%L    -0.13%L    -0.23%L    +0.12%W    -0.11%L    +0.22%W    +0.12%W    +0.26%W    +0.31%W    +0.18%W    +0.38%W    +0.38%W

========================================================================================
Pre-session picks summary — 42 pick(s) across 21 trading day(s)

Top-2 picks (all days)  (42 signal(s))
  Hold      Count   Win Rate   Avg Gain    Avg Win   Avg Loss ProfitFactor   Sum Ret%
  -------------------------------------------------------------------------
  +15m         42      47.6%     -0.10%     +0.60%     -0.74%        0.74x     -4.32%
  +30m         42      54.8%     +0.02%     +0.69%     -0.80%        1.05x     +0.74%
  +45m         42      57.1%     +0.02%     +0.86%     -1.11%        1.04x     +0.75%
  +1h          42      52.4%     -0.03%     +0.88%     -1.03%        0.94x     -1.25%
  +1h30m       42      50.0%     -0.13%     +1.06%     -1.31%        0.81x     -5.31%
  +2h          42      59.5%     -0.08%     +0.95%     -1.59%        0.87x     -3.39%
  +3h          42      61.9%     -0.14%     +1.03%     -2.03%        0.82x     -5.87%
  +4h          42      61.9%     -0.13%     +1.08%     -2.10%        0.84x     -5.36%
  +5h          42      57.1%     -0.25%     +1.22%     -2.21%        0.73x    -10.62%
  +6h          42      54.8%     -0.30%     +1.28%     -2.20%        0.70x    -12.40%
  +7h          42      54.8%     -0.28%     +1.31%     -2.19%        0.72x    -11.57%
  EOD          42      54.8%     -0.28%     +1.31%     -2.19%        0.72x    -11.57%

=========================================================================================================================================================================================
Signal Analysis — 2023-06-01 to 2023-06-30  |  BULL only  |  Vol ≥ 1.0x 20dAvg
Windows: 09:30/3b  |  Collection: 3 bars  |  Tickers: 19
=========================================================================================================================================================================================
Date         Ticker Window   At       Entry  Vol/20d       +15m       +30m       +45m        +1h     +1h30m        +2h        +3h        +4h        +5h        +6h        +7h        EOD
-----------------------------------------------------------------------------------------------------------------------------------------------------------------------------------------
2023-06-01   LLY    09:30/3b 09:45   431.26    1.03x    -0.08%L    +0.04%W    +0.06%W    -0.24%L    +0.66%W    +0.80%W    +1.08%W    +1.01%W    +1.02%W    +1.12%W    +1.22%W    +1.22%W
2023-06-01   MRVL   09:30/3b 09:40    60.03    1.49x    +0.67%W    +1.03%W    +0.44%W    +1.41%W    +0.97%W    +1.52%W    +2.22%W    +2.56%W    +2.57%W    +2.04%W    +1.77%W    +1.77%W
2023-06-02   CHTR   09:30/3b 09:45   327.98    3.27x    -0.69%L    -0.98%L    -0.67%L    -0.22%L    +0.75%W    +0.77%W    +2.04%W    +1.28%W    +0.47%W    +0.26%W    +0.43%W    +0.43%W
2023-06-02   AVGO   09:30/3b 09:40   821.72    4.05x    -1.04%L    -0.42%L    -0.48%L    -0.57%L    -1.62%L    -1.80%L    -1.47%L    -1.45%L    -1.24%L    -1.45%L    -1.18%L    -1.18%L
2023-06-06   SPOT   09:30/3b 09:40   153.97    1.03x    +0.04%W    +0.14%W    -0.43%L    -0.40%L    -0.08%L    -0.44%L    +0.19%W    +0.51%W    -0.30%L    -0.61%L    -0.61%L    -0.61%L
2023-06-06   MRVL   09:30/3b 09:40    59.12    1.25x    -0.03%L    -1.11%L    -0.88%L    -0.48%L    +1.73%W    +0.98%W    +0.38%W    -0.17%L    -0.13%L    -0.10%L    +0.04%W    +0.04%W
2023-06-06   QCOM   09:30/3b 09:40   113.09    1.15x    +0.83%W    +1.52%W    +1.41%W    +1.38%W    +2.48%W    +2.79%W    +2.56%W    +2.32%W    +2.46%W    +2.77%W    +2.90%W    +2.90%W
2023-06-06   PLTR   09:30/3b 09:40    15.16    1.16x    -0.54%L    -0.27%L    +0.88%W    +0.20%W    +1.05%W    +1.84%W    +1.44%W    +1.77%W    +1.66%W    +2.14%W    +1.97%W    +1.97%W
2023-06-06   AMD    09:30/3b 09:40   120.69    1.56x    +1.21%W    +1.06%W    +1.30%W    +1.19%W    +2.87%W    +2.84%W    +1.65%W    +1.83%W    +1.76%W    +2.67%W    +2.94%W    +2.94%W
2023-06-07   META   09:30/3b 09:45   272.75    1.04x    -0.33%L    -0.18%L    -0.56%L    -0.71%L    -1.02%L    -0.99%L    -1.61%L    -2.32%L    -2.67%L    -3.28%L    -3.34%L    -3.34%L
2023-06-07   LLY    09:30/3b 09:40   444.50    1.05x    -0.15%L    -0.68%L    -0.55%L    -0.53%L    -0.53%L    -0.56%L    -0.67%L    -1.05%L    -1.48%L    -1.72%L    -1.80%L    -1.80%L
2023-06-07   CHTR   09:30/3b 09:40   333.48    1.28x    +0.12%W    +0.65%W    +0.93%W    +0.12%W    +0.72%W    +0.31%W    +0.51%W    +0.09%W    +0.32%W    +0.88%W    +1.02%W    +1.02%W
2023-06-07   AVGO   09:30/3b 09:40   797.02    1.10x    +0.42%W    +0.82%W    +0.69%W    +0.38%W    +0.11%W    +0.63%W    +0.30%W    -0.47%L    -0.31%L    -0.39%L    -0.54%L    -0.54%L
2023-06-08   APP    09:30/3b 09:40    22.02    1.61x    -0.54%L    +0.09%W    +1.02%W    +1.41%W    +2.20%W    +2.32%W    +2.25%W    +1.23%W    +1.54%W    +2.34%W    +2.23%W    +2.23%W
2023-06-08   PLTR   09:30/3b 09:40    14.92    1.35x    -1.95%L    -0.14%L    +1.40%W    +1.47%W    +3.08%W    +3.31%W    +2.10%W    +1.20%W    +2.07%W    +1.84%W    +1.87%W    +1.87%W
2023-06-08   TSLA   09:30/3b 09:40   226.13    1.03x    +0.39%W    +1.13%W    +1.25%W    +1.84%W    +2.74%W    +2.97%W    +2.52%W    +2.47%W    +3.12%W    +3.69%W    +3.85%W    +3.85%W
2023-06-08   AMD    09:30/3b 09:40   119.50    1.22x    +0.94%W    +0.55%W    +0.33%W    +0.49%W    +1.32%W    +1.82%W    +1.74%W    +0.70%W    +1.40%W    +1.14%W    +1.29%W    +1.29%W
2023-06-08   DDOG   09:30/3b 09:45    93.37    1.16x    +0.11%W    +0.27%W    +0.80%W    +1.03%W    +1.24%W    +2.05%W    +1.31%W    +0.67%W    +2.12%W    +2.52%W    +2.88%W    +2.88%W
2023-06-09   SNOW   09:30/3b 09:40   176.18    1.11x    -0.83%L    -2.01%L    -0.84%L    -2.54%L    -2.28%L    -3.09%L    -3.38%L    -2.86%L    -2.86%L    -2.57%L    -3.09%L    -3.09%L
2023-06-09   PLTR   09:30/3b 09:45    15.55    1.24x    +0.61%W    +1.29%W    +2.03%W    -1.16%L    -2.93%L    -3.22%L    -4.31%L    -2.93%L    -3.59%L    -3.79%L    -3.44%L    -3.44%L
2023-06-09   CHTR   09:30/3b 09:40   333.77    1.40x    -0.87%L    -0.45%L    +0.01%W    -0.61%L    -1.06%L    -1.73%L    -1.60%L    -2.04%L    -1.98%L    -1.44%L    -1.59%L    -1.59%L
2023-06-09   DDOG   09:30/3b 09:40    97.63    2.79x    +0.84%W    +0.40%W    +0.51%W    -0.43%L    -0.22%L    -1.74%L    -2.30%L    -2.24%L    -2.35%L    -1.91%L    -2.08%L    -2.08%L
2023-06-12   APP    09:30/3b 09:40    22.65    1.23x    -0.62%L    -0.88%L    -0.13%L    -0.35%L    -0.26%L    -0.40%L    +0.00%L    -1.39%L    -1.90%L    -1.50%L    -1.24%L    -1.24%L
2023-06-12   CHTR   09:30/3b 09:40   333.60    1.21x    +0.56%W    +0.55%W    +0.11%W    -0.28%L    -0.20%L    -0.93%L    -0.31%L    -0.88%L    -0.30%L    +0.51%W    +0.51%W    +0.51%W
2023-06-13   CHTR   09:30/3b 09:40   338.81    1.47x    -0.50%L    +0.18%W    +0.30%W    +0.26%W    -0.16%L    -0.74%L    -0.73%L    -0.37%L    -1.26%L    -0.95%L    -1.03%L    -1.03%L
2023-06-14   SPOT   09:30/3b 09:40   152.94    1.86x    -0.76%L    -0.47%L    -0.24%L    -0.14%L    -0.27%L    -0.46%L    -0.49%L    -0.71%L    -0.94%L    -0.95%L    -0.84%L    -0.84%L
2023-06-14   CHTR   09:30/3b 09:50   337.30    1.22x    +0.22%W    +0.24%W    +0.65%W    +0.41%W    +0.73%W    +1.03%W    +0.58%W    +0.60%W    -0.04%L    -0.69%L    -0.58%L    -0.58%L
2023-06-14   AMD    09:30/3b 09:40   126.09    1.27x    +0.18%W    -0.47%L    -0.08%L    +0.56%W    +0.83%W    +0.68%W    +0.27%W    -0.02%L    +0.32%W    +0.50%W    +1.03%W    +1.03%W
2023-06-14   DDOG   09:30/3b 09:45    97.97    1.60x    -1.45%L    -0.90%L    -0.52%L    -0.64%L    -0.47%L    -0.33%L    -0.15%L    -0.51%L    -1.15%L    -1.69%L    -1.70%L    -1.70%L
2023-06-15   CRWD   09:30/3b 09:45   155.56    1.37x    -0.25%L    -0.40%L    -0.52%L    +0.09%W    -0.30%L    -0.32%L    -0.29%L    +2.79%W    +2.88%W    +3.01%W    +2.68%W    +2.68%W
2023-06-15   DDOG   09:30/3b 09:40    96.45    1.05x    +0.38%W    +0.55%W    +0.03%W    -0.30%L    -0.01%L    +0.18%W    +0.34%W    +1.32%W    +1.18%W    +2.31%W    +1.75%W    +1.75%W
2023-06-20   SPOT   09:30/3b 09:40   157.66    1.23x    -0.54%L    -0.45%L    -1.52%L    -1.22%L    -1.45%L    -1.14%L    -0.82%L    -0.78%L    -0.97%L    -0.46%L    -0.52%L    -0.52%L
2023-06-20   LLY    09:30/3b 09:40   451.33    1.25x    +0.38%W    +0.46%W    +0.56%W    +0.61%W    +0.33%W    -0.07%L    +0.30%W    +0.57%W    +0.51%W    +0.21%W    +0.14%W    +0.14%W
2023-06-20   PLTR   09:30/3b 09:40    16.82    1.11x    -1.66%L    -3.27%L    -5.77%L    -6.33%L    -6.36%L    -6.30%L    -5.80%L    -5.50%L    -6.18%L    -5.59%L    -6.12%L    -6.12%L
2023-06-20   TSLA   09:30/3b 09:45   266.32    1.05x    -0.34%L    -1.05%L    -1.11%L    -0.81%L    -0.71%L    -0.22%L    +0.88%W    +1.56%W    +1.71%W    +2.83%W    +3.06%W    +3.06%W
2023-06-22   META   09:30/3b 09:40   280.67    1.06x    +0.76%W    +1.00%W    +0.61%W    -0.02%L    +0.12%W    +0.48%W    -0.29%L    -0.22%L    +0.43%W    +1.26%W    +1.50%W    +1.50%W
2023-06-26   APP    09:30/3b 09:50    24.52    1.24x    +0.33%W    -0.10%L    -1.02%L    -0.82%L    -1.88%L    -0.33%L    -2.18%L    -1.49%L    -0.73%L    -1.00%L    -1.39%L    -1.39%L
2023-06-26   SPOT   09:30/3b 09:40   157.34    1.05x    +0.21%W    -0.21%L    -0.44%L    -0.44%L    -0.26%L    -1.62%L    -2.72%L    -1.50%L    -1.44%L    -1.72%L    -2.30%L    -2.30%L
2023-06-26   QCOM   09:30/3b 09:40   116.28    1.98x    +0.22%W    +0.30%W    +0.31%W    +0.06%W    +0.57%W    +0.63%W    +0.42%W    +0.51%W    +0.64%W    +0.67%W    +0.30%W    +0.30%W
2023-06-27   META   09:30/3b 09:50   283.69    1.06x    -0.06%L    -0.29%L    +0.16%W    +0.05%W    +0.16%W    +0.96%W    +1.22%W    +1.32%W    +1.55%W    +1.09%W    +1.18%W    +1.18%W
2023-06-27   TSLA   09:30/3b 09:40   243.12    1.05x    +1.18%W    +0.49%W    +0.80%W    +0.44%W    +0.26%W    +0.87%W    +0.98%W    +2.06%W    +1.91%W    +2.60%W    +2.91%W    +2.91%W
2023-06-28   APP    09:30/3b 09:45    26.08    1.12x    +0.06%W    +0.54%W    +1.07%W    +1.30%W    +1.34%W    +0.84%W    -0.38%L    +0.12%W    -0.15%L    -0.75%L    -1.42%L    -1.42%L
2023-06-28   SNOW   09:30/3b 09:45   186.70    3.72x    +1.47%W    +2.22%W    +2.25%W    +1.97%W    +1.22%W    +0.02%W    -1.22%L    -1.28%L    -1.59%L    -1.69%L    -1.50%L    -1.50%L
2023-06-28   TSLA   09:30/3b 09:40   254.06    1.34x    +0.18%W    +0.44%W    +1.29%W    +2.05%W    +1.02%W    +1.68%W    +0.29%W    +0.36%W    +0.88%W    +0.67%W    +0.92%W    +0.92%W
2023-06-28   DDOG   09:30/3b 09:40    99.19    2.00x    +1.09%W    -0.94%L    +0.48%W    +1.09%W    -0.45%L    -0.59%L    -0.92%L    -0.23%L    -0.39%L    -0.90%L    -1.04%L    -1.04%L
2023-06-29   SNOW   09:30/3b 09:50   185.12    1.27x    -0.99%L    -2.48%L    -2.77%L    -2.94%L    -2.02%L    -3.14%L    -3.15%L    -4.38%L    -4.90%L    -5.12%L    -5.05%L    -5.05%L
2023-06-29   CHTR   09:30/3b 09:40   362.50    1.00x    -0.06%L    -0.19%L    -0.34%L    -0.22%L    -0.42%L    -0.70%L    -0.27%L    -0.66%L    -0.55%L    -0.05%L    +0.02%W    +0.02%W
2023-06-30   META   09:30/3b 09:45   286.03    1.01x    +0.37%W    +0.52%W    +0.90%W    +0.59%W    +0.80%W    +0.53%W    +0.80%W    +0.78%W    +0.63%W    +0.03%W    +0.31%W    +0.31%W
2023-06-30   MU     09:30/3b 09:40    64.64    1.21x    -0.38%L    -0.92%L    -1.27%L    -1.47%L    -1.92%L    -2.14%L    -1.61%L    -1.70%L    -2.06%L    -2.11%L    -2.39%L    -2.39%L

========================================================================================
Summary — 49 qualifying signal(s) across 21 trading day(s)

Window 09:30/3b  (49 signal(s))
  Hold      Count   Win Rate   Avg Gain    Avg Win   Avg Loss ProfitFactor   Sum Ret%
  -------------------------------------------------------------------------
  +15m         49      53.1%     -0.02%     +0.53%     -0.64%        0.94x     -0.88%
  +30m         49      51.0%     -0.06%     +0.66%     -0.80%        0.85x     -2.81%
  +45m         49      59.2%     +0.05%     +0.78%     -1.01%        1.12x     +2.45%
  +1h          49      49.0%     -0.07%     +0.85%     -0.96%        0.86x     -3.46%
  +1h30m       49      51.0%     +0.05%     +1.17%     -1.12%        1.09x     +2.44%
  +2h          49      51.0%     -0.00%     +1.31%     -1.37%        1.00x     -0.13%
  +3h          49      51.0%     -0.17%     +1.14%     -1.53%        0.77x     -8.32%
  +4h          49      49.0%     -0.15%     +1.23%     -1.49%        0.80x     -7.53%
  +5h          49      46.9%     -0.17%     +1.44%     -1.59%        0.80x     -8.27%
  +6h          49      49.0%     -0.07%     +1.63%     -1.70%        0.92x     -3.33%
  +7h          49      53.1%     -0.08%     +1.57%     -1.95%        0.91x     -4.08%
  EOD          49      53.1%     -0.08%     +1.57%     -1.95%        0.91x     -4.08%
