Fetching 5-min bars (2023-01-15 → 2023-03-31) [alpaca]...
  [cache] fetching 2 tickers from alpaca (cache miss)
  [cache] loaded 17 tickers from cache
Fetching daily bars (2022-03-01 → 2023-03-31)...

=========================================================================================================================================================================================
Pre-Session Rankings (9:25) — 2023-03-01 to 2023-03-31  |  20d lookback
(Unconditional hold from OR close — no signal or vol filter)
=========================================================================================================================================================================================
Pre-session top-2 (9:25, 20d EOD win rate) — 2023-03-01  OR: 09:30/3b
  #1 SNPS   +15m 70%W +0.1%  +30m 45%W -0.1%  +1h 60%W +0.1%  +2h 65%W +0.2%  +5h 60%W +0.3%  EOD 60%W +0.1%  EOD range -1.6% → +3.3%
  #2 CHTR   +15m 65%W +0.3%  +30m 60%W +0.1%  +1h 65%W +0.3%  +2h 55%W +0.3%  +5h 40%W -0.0%  EOD 60%W +0.3%  EOD range -4.5% → +4.0%
  Ticker   N          +15m          +30m           +1h           +2h           +5h           EOD           EOD range
  ----------------------------------------------------------------------------------------------------------------------
  SNPS    20    70%W +0.1%    45%W -0.1%    60%W +0.1%    65%W +0.2%    60%W +0.3%    60%W +0.1%       -1.6% → +3.3%
  CHTR    20    65%W +0.3%    60%W +0.1%    65%W +0.3%    55%W +0.3%    40%W -0.0%    60%W +0.3%       -4.5% → +4.0%
  TSLA    20    45%W -0.2%    40%W -0.3%    55%W +0.2%    55%W +0.4%    50%W +0.1%    60%W +0.7%       -5.5% → +6.2%
  AVGO    20    50%W -0.0%    70%W +0.1%    45%W -0.0%    65%W +0.3%    55%W +0.1%    60%W +0.1%       -2.1% → +2.8%
  AMD     20    35%W -0.1%    55%W +0.1%    60%W +0.2%    50%W +0.2%    50%W +0.0%    55%W +0.2%       -3.5% → +6.2%
  APP     20    25%W -0.6%    30%W -0.5%    35%W -0.4%    45%W -0.9%    45%W -1.0%    50%W -0.4%       -5.4% → +6.4%
  META    20    40%W -0.1%    35%W -0.2%    45%W -0.3%    50%W -0.2%    55%W +0.0%    50%W -0.1%       -3.8% → +3.9%
  SNOW    20    40%W -0.2%    45%W -0.2%    45%W -0.2%    50%W +0.1%    40%W -0.5%    50%W -0.1%       -5.0% → +5.5%
  SPOT    20    30%W -0.2%    40%W -0.2%    50%W +0.0%    45%W -0.2%    40%W -0.1%    50%W -0.1%       -3.4% → +4.1%
  MRVL    20    50%W +0.1%    50%W -0.0%    50%W +0.0%    50%W -0.1%    55%W +0.1%    50%W +0.1%       -3.6% → +5.9%
  QCOM    20    45%W -0.1%    45%W -0.1%    40%W -0.2%    45%W -0.2%    55%W +0.1%    50%W -0.1%       -3.0% → +3.3%
  CRWD    20    50%W +0.0%    65%W +0.2%    60%W +0.3%    60%W +0.6%    45%W -0.1%    45%W -0.3%       -3.5% → +4.7%
  LLY     20    45%W -0.1%    50%W +0.0%    50%W -0.0%    40%W -0.2%    40%W -0.2%    40%W -0.5%       -2.4% → +2.4%
  MU      20    50%W -0.0%    55%W +0.0%    40%W -0.3%    35%W -0.4%    40%W -0.4%    35%W -0.6%       -3.1% → +4.1%
  DDOG    20    40%W -0.3%    40%W -0.2%    30%W -0.5%    45%W -0.2%    40%W -0.5%    35%W -0.4%       -5.6% → +7.7%
  PLTR    20    35%W -0.6%    40%W -0.3%    45%W -0.7%    50%W +0.2%    40%W -0.8%    30%W -1.0%       -6.5% → +9.0%
Pre-session top-2 (9:25, 20d EOD win rate) — 2023-03-02  OR: 09:30/3b
  #1 CHTR   +15m 70%W +0.3%  +30m 60%W +0.1%  +1h 65%W +0.3%  +2h 55%W +0.3%  +5h 40%W -0.0%  EOD 60%W +0.3%  EOD range -4.5% → +4.0%
  #2 SNPS   +15m 75%W +0.1%  +30m 50%W +0.0%  +1h 60%W +0.1%  +2h 65%W +0.1%  +5h 55%W +0.2%  EOD 55%W +0.1%  EOD range -1.6% → +3.3%
  Ticker   N          +15m          +30m           +1h           +2h           +5h           EOD           EOD range
  ----------------------------------------------------------------------------------------------------------------------
  CHTR    20    70%W +0.3%    60%W +0.1%    65%W +0.3%    55%W +0.3%    40%W -0.0%    60%W +0.3%       -4.5% → +4.0%
  SNPS    20    75%W +0.1%    50%W +0.0%    60%W +0.1%    65%W +0.1%    55%W +0.2%    55%W +0.1%       -1.6% → +3.3%
  TSLA    20    40%W -0.2%    35%W -0.4%    50%W -0.1%    50%W +0.0%    45%W -0.1%    55%W +0.5%       -5.5% → +6.2%
  AVGO    20    50%W +0.1%    65%W +0.1%    45%W -0.0%    60%W +0.3%    55%W +0.1%    55%W +0.1%       -2.1% → +2.8%
  SPOT    20    35%W -0.2%    35%W -0.2%    50%W -0.1%    40%W -0.3%    40%W -0.1%    50%W -0.1%       -3.4% → +4.1%
  AMD     20    40%W -0.1%    55%W +0.1%    55%W +0.1%    45%W -0.2%    45%W -0.1%    50%W -0.0%       -3.5% → +6.2%
  APP     20    30%W -0.5%    30%W -0.5%    35%W -0.3%    40%W -0.9%    40%W -1.0%    45%W -0.6%       -5.4% → +6.4%
  META    20    45%W -0.1%    40%W -0.2%    50%W -0.0%    55%W +0.1%    55%W +0.1%    45%W -0.4%       -3.8% → +3.9%
  SNOW    20    45%W -0.1%    45%W -0.1%    40%W -0.2%    45%W -0.1%    40%W -0.5%    45%W -0.2%       -5.0% → +5.5%
  MRVL    20    55%W +0.3%    50%W -0.0%    50%W -0.0%    45%W -0.2%    50%W -0.1%    45%W -0.4%       -3.6% → +5.9%
  CRWD    20    55%W +0.2%    65%W +0.2%    60%W +0.3%    55%W +0.2%    45%W -0.1%    45%W -0.3%       -3.5% → +4.7%
  QCOM    20    45%W -0.1%    40%W -0.2%    35%W -0.3%    40%W -0.3%    50%W -0.1%    45%W -0.2%       -3.0% → +3.3%
  LLY     20    50%W +0.0%    50%W +0.0%    50%W -0.0%    40%W -0.2%    40%W -0.2%    40%W -0.5%       -2.4% → +2.4%
  MU      20    55%W +0.1%    50%W -0.1%    35%W -0.3%    30%W -0.5%    35%W -0.7%    30%W -0.9%       -3.1% → +4.1%
  DDOG    20    40%W -0.3%    40%W -0.3%    25%W -0.5%    40%W -0.3%    35%W -0.7%    30%W -0.7%       -5.6% → +7.7%
  PLTR    20    35%W -0.6%    40%W -0.4%    40%W -0.8%    45%W -0.7%    35%W -1.5%    25%W -1.5%       -6.5% → +9.0%
Pre-session top-2 (9:25, 20d EOD win rate) — 2023-03-03  OR: 09:30/3b
  #1 CHTR   +15m 65%W +0.2%  +30m 55%W +0.1%  +1h 60%W +0.3%  +2h 50%W +0.1%  +5h 40%W -0.0%  EOD 60%W +0.3%  EOD range -4.5% → +2.9%
  #2 SNPS   +15m 75%W +0.1%  +30m 50%W +0.0%  +1h 60%W +0.1%  +2h 60%W +0.1%  +5h 55%W +0.2%  EOD 55%W +0.1%  EOD range -1.6% → +2.2%
  Ticker   N          +15m          +30m           +1h           +2h           +5h           EOD           EOD range
  ----------------------------------------------------------------------------------------------------------------------
  CHTR    20    65%W +0.2%    55%W +0.1%    60%W +0.3%    50%W +0.1%    40%W -0.0%    60%W +0.3%       -4.5% → +2.9%
  SNPS    20    75%W +0.1%    50%W +0.0%    60%W +0.1%    60%W +0.1%    55%W +0.2%    55%W +0.1%       -1.6% → +2.2%
  TSLA    20    40%W -0.2%    35%W -0.4%    50%W -0.1%    45%W -0.2%    40%W -0.1%    55%W +0.5%       -5.5% → +6.2%
  AVGO    20    50%W +0.1%    65%W +0.1%    45%W -0.0%    60%W +0.3%    55%W +0.1%    55%W +0.1%       -2.1% → +2.0%
  SPOT    20    40%W -0.1%    40%W -0.2%    55%W +0.1%    40%W -0.3%    40%W -0.1%    50%W -0.1%       -3.4% → +3.2%
  AMD     20    45%W -0.1%    55%W +0.1%    55%W +0.1%    45%W -0.2%    45%W -0.1%    50%W -0.0%       -3.5% → +4.5%
  APP     20    30%W -0.5%    30%W -0.5%    35%W -0.3%    40%W -0.9%    40%W -1.0%    45%W -0.6%       -5.4% → +5.6%
  META    20    45%W -0.1%    35%W -0.2%    45%W -0.4%    50%W +0.0%    55%W +0.1%    45%W -0.4%       -3.8% → +3.9%
  SNOW    20    45%W -0.1%    40%W -0.3%    40%W -0.2%    45%W -0.1%    40%W -0.5%    45%W -0.2%       -5.0% → +4.5%
  LLY     20    55%W +0.1%    55%W +0.1%    55%W +0.1%    45%W -0.1%    45%W -0.1%    45%W -0.3%       -2.4% → +2.4%
  MRVL    20    55%W +0.3%    50%W -0.0%    50%W -0.0%    45%W -0.2%    50%W -0.1%    45%W -0.4%       -3.6% → +4.3%
  CRWD    20    55%W +0.3%    65%W +0.2%    60%W +0.3%    50%W -0.1%    45%W -0.1%    45%W -0.3%       -3.5% → +4.4%
  QCOM    20    40%W -0.1%    35%W -0.2%    35%W -0.3%    35%W -0.4%    50%W -0.1%    45%W -0.2%       -3.0% → +2.8%
  MU      20    50%W -0.0%    45%W -0.3%    30%W -0.4%    25%W -0.6%    30%W -0.7%    30%W -0.9%       -3.1% → +4.1%
  DDOG    20    40%W -0.3%    45%W -0.2%    30%W -0.5%    45%W -0.3%    35%W -0.7%    30%W -0.7%       -5.6% → +4.1%
  PLTR    20    35%W -0.6%    40%W -0.4%    40%W -0.8%    45%W -0.7%    35%W -1.5%    25%W -1.5%       -6.5% → +9.0%
Pre-session top-2 (9:25, 20d EOD win rate) — 2023-03-06  OR: 09:30/3b
  #1 SNPS   +15m 80%W +0.2%  +30m 55%W +0.1%  +1h 60%W +0.1%  +2h 60%W +0.1%  +5h 60%W +0.3%  EOD 60%W +0.2%  EOD range -1.6% → +2.2%
  #2 CHTR   +15m 65%W +0.1%  +30m 50%W +0.0%  +1h 60%W +0.3%  +2h 50%W +0.0%  +5h 40%W -0.0%  EOD 60%W +0.3%  EOD range -4.5% → +1.6%
  Ticker   N          +15m          +30m           +1h           +2h           +5h           EOD           EOD range
  ----------------------------------------------------------------------------------------------------------------------
  SNPS    20    80%W +0.2%    55%W +0.1%    60%W +0.1%    60%W +0.1%    60%W +0.3%    60%W +0.2%       -1.6% → +2.2%
  CHTR    20    65%W +0.1%    50%W +0.0%    60%W +0.3%    50%W +0.0%    40%W -0.0%    60%W +0.3%       -4.5% → +1.6%
  TSLA    20    45%W -0.1%    40%W -0.4%    50%W -0.1%    45%W -0.2%    45%W -0.1%    60%W +0.6%       -5.5% → +6.2%
  AVGO    20    55%W +0.2%    65%W +0.1%    45%W -0.1%    60%W +0.2%    55%W +0.3%    60%W +0.1%       -2.1% → +2.0%
  SPOT    20    45%W -0.0%    45%W -0.1%    60%W +0.2%    45%W -0.2%    45%W -0.1%    55%W +0.2%       -3.4% → +3.2%
  CRWD    20    60%W +0.4%    65%W +0.2%    60%W +0.3%    55%W +0.2%    50%W -0.0%    50%W -0.1%       -3.5% → +4.4%
  QCOM    20    45%W -0.0%    35%W -0.2%    30%W -0.3%    30%W -0.4%    55%W +0.1%    50%W -0.1%       -3.0% → +2.8%
  AMD     20    50%W -0.0%    55%W +0.1%    55%W +0.1%    45%W -0.2%    45%W -0.1%    50%W -0.0%       -3.5% → +4.5%
  APP     20    35%W -0.4%    35%W -0.4%    40%W -0.3%    45%W -0.9%    45%W -1.0%    45%W -0.6%       -5.4% → +5.6%
  META    20    45%W -0.1%    35%W -0.2%    45%W -0.4%    50%W +0.0%    55%W +0.1%    45%W -0.4%       -3.8% → +3.3%
  SNOW    20    50%W -0.0%    45%W -0.1%    35%W -0.3%    45%W -0.1%    45%W -0.5%    45%W -0.2%       -5.0% → +4.5%
  LLY     20    55%W +0.1%    55%W +0.1%    60%W +0.1%    50%W -0.0%    45%W -0.1%    45%W -0.3%       -2.4% → +1.5%
  MRVL    20    60%W +0.3%    50%W +0.0%    50%W -0.0%    45%W -0.2%    50%W -0.1%    45%W -0.4%       -3.6% → +4.5%
  MU      20    55%W +0.1%    50%W -0.1%    35%W -0.3%    30%W -0.5%    35%W -0.7%    35%W -0.9%       -3.1% → +4.1%
  DDOG    20    45%W -0.2%    40%W -0.2%    30%W -0.5%    45%W -0.3%    40%W -0.6%    30%W -0.7%       -5.6% → +4.1%
  PLTR    20    40%W -0.4%    40%W -0.4%    40%W -0.8%    45%W -0.7%    35%W -1.5%    25%W -1.5%       -6.5% → +9.0%
Pre-session top-2 (9:25, 20d EOD win rate) — 2023-03-07  OR: 09:30/3b
  #1 SNPS   +15m 80%W +0.2%  +30m 55%W +0.1%  +1h 60%W +0.1%  +2h 60%W +0.1%  +5h 65%W +0.4%  EOD 65%W +0.4%  EOD range -1.6% → +2.2%
  #2 CHTR   +15m 70%W +0.1%  +30m 55%W +0.1%  +1h 60%W +0.3%  +2h 55%W +0.3%  +5h 40%W -0.0%  EOD 60%W +0.3%  EOD range -4.5% → +1.6%
  Ticker   N          +15m          +30m           +1h           +2h           +5h           EOD           EOD range
  ----------------------------------------------------------------------------------------------------------------------
  SNPS    20    80%W +0.2%    55%W +0.1%    60%W +0.1%    60%W +0.1%    65%W +0.4%    65%W +0.4%       -1.6% → +2.2%
  CHTR    20    70%W +0.1%    55%W +0.1%    60%W +0.3%    55%W +0.3%    40%W -0.0%    60%W +0.3%       -4.5% → +1.6%
  TSLA    20    45%W -0.1%    35%W -0.4%    45%W -0.3%    40%W -0.3%    45%W -0.1%    60%W +0.6%       -5.5% → +6.2%
  AVGO    20    55%W +0.2%    65%W +0.1%    45%W -0.1%    60%W +0.2%    55%W +0.3%    60%W +0.1%       -2.1% → +2.0%
  SPOT    20    45%W -0.0%    45%W -0.1%    60%W +0.2%    45%W -0.2%    45%W -0.1%    50%W +0.0%       -3.4% → +3.2%
  CRWD    20    55%W +0.3%    60%W +0.2%    60%W +0.2%    55%W +0.2%    50%W -0.0%    50%W -0.1%       -3.5% → +4.4%
  AMD     20    45%W -0.1%    50%W -0.0%    55%W +0.1%    40%W -0.2%    45%W -0.1%    50%W -0.0%       -3.5% → +4.5%
  APP     20    35%W -0.4%    40%W -0.4%    40%W -0.3%    40%W -0.9%    45%W -1.0%    45%W -0.6%       -5.4% → +5.6%
  META    20    40%W -0.1%    40%W -0.2%    50%W -0.2%    50%W +0.0%    55%W +0.1%    45%W -0.4%       -3.8% → +3.3%
  SNOW    20    45%W -0.1%    50%W +0.1%    35%W -0.3%    45%W -0.1%    50%W -0.1%    45%W -0.2%       -3.0% → +4.5%
  LLY     20    60%W +0.1%    55%W +0.1%    60%W +0.1%    50%W -0.0%    45%W -0.1%    45%W -0.3%       -2.4% → +1.5%
  MRVL    20    55%W +0.3%    45%W -0.1%    50%W -0.0%    40%W -0.3%    50%W -0.1%    45%W -0.4%       -4.2% → +4.5%
  QCOM    20    40%W -0.1%    30%W -0.2%    30%W -0.3%    25%W -0.4%    50%W -0.1%    45%W -0.2%       -3.0% → +2.8%
  MU      20    55%W +0.1%    50%W -0.1%    35%W -0.3%    30%W -0.5%    35%W -0.9%    35%W -0.8%       -3.1% → +4.1%
  DDOG    20    40%W -0.3%    35%W -0.2%    30%W -0.5%    45%W -0.3%    40%W -0.5%    30%W -0.7%       -5.6% → +4.1%
  PLTR    20    45%W -0.3%    40%W -0.4%    40%W -0.8%    45%W -0.7%    35%W -1.1%    25%W -1.0%       -6.5% → +9.0%
Pre-session top-2 (9:25, 20d EOD win rate) — 2023-03-08  OR: 09:30/3b
  #1 SNPS   +15m 75%W +0.1%  +30m 50%W -0.0%  +1h 55%W +0.1%  +2h 55%W +0.1%  +5h 60%W +0.3%  EOD 60%W +0.2%  EOD range -2.3% → +2.2%
  #2 TSLA   +15m 45%W -0.2%  +30m 35%W -0.4%  +1h 45%W -0.3%  +2h 40%W -0.4%  +5h 45%W -0.1%  EOD 60%W +0.6%  EOD range -5.5% → +6.2%
  Ticker   N          +15m          +30m           +1h           +2h           +5h           EOD           EOD range
  ----------------------------------------------------------------------------------------------------------------------
  SNPS    20    75%W +0.1%    50%W -0.0%    55%W +0.1%    55%W +0.1%    60%W +0.3%    60%W +0.2%       -2.3% → +2.2%
  TSLA    20    45%W -0.2%    35%W -0.4%    45%W -0.3%    40%W -0.4%    45%W -0.1%    60%W +0.6%       -5.5% → +6.2%
  CHTR    20    65%W +0.1%    50%W +0.0%    55%W +0.2%    50%W -0.0%    35%W -0.2%    55%W +0.1%       -4.5% → +1.6%
  AVGO    20    50%W +0.0%    60%W +0.0%    40%W -0.1%    55%W +0.1%    50%W +0.0%    55%W +0.1%       -2.1% → +2.0%
  AMD     20    40%W -0.1%    45%W -0.1%    60%W +0.1%    45%W -0.1%    50%W +0.0%    55%W +0.2%       -3.5% → +4.5%
  SPOT    20    45%W -0.0%    45%W -0.1%    60%W +0.2%    45%W -0.2%    45%W -0.1%    50%W +0.0%       -3.4% → +3.2%
  CRWD    20    50%W +0.0%    55%W +0.1%    60%W +0.2%    55%W +0.2%    50%W -0.0%    50%W -0.1%       -3.5% → +4.4%
  APP     20    35%W -0.4%    40%W -0.4%    40%W -0.3%    40%W -0.9%    45%W -1.0%    45%W -0.6%       -5.4% → +5.6%
  META    20    40%W -0.1%    40%W -0.2%    50%W -0.1%    50%W +0.0%    55%W +0.1%    45%W -0.4%       -3.8% → +3.3%
  SNOW    20    40%W -0.1%    45%W -0.1%    35%W -0.2%    50%W +0.1%    50%W -0.0%    45%W -0.1%       -3.0% → +4.5%
  LLY     20    60%W +0.1%    55%W +0.1%    60%W +0.1%    50%W -0.0%    45%W -0.1%    45%W -0.3%       -2.4% → +1.5%
  MRVL    20    50%W +0.1%    40%W -0.2%    45%W -0.2%    45%W -0.2%    50%W -0.1%    45%W -0.4%       -4.2% → +4.5%
  QCOM    20    35%W -0.2%    25%W -0.3%    25%W -0.4%    20%W -0.5%    45%W -0.2%    40%W -0.4%       -3.0% → +2.8%
  MU      20    50%W +0.0%    45%W -0.3%    35%W -0.3%    30%W -0.6%    35%W -0.9%    35%W -0.8%       -3.1% → +4.1%
  DDOG    20    35%W -0.3%    30%W -0.3%    30%W -0.5%    40%W -0.6%    40%W -0.5%    30%W -0.7%       -5.6% → +4.1%
  PLTR    20    40%W -0.6%    35%W -0.8%    40%W -0.9%    40%W -0.9%    35%W -1.4%    25%W -1.1%       -6.5% → +9.0%
Pre-session top-2 (9:25, 20d EOD win rate) — 2023-03-09  OR: 09:30/3b
  #1 SNPS   +15m 75%W +0.1%  +30m 50%W +0.0%  +1h 60%W +0.1%  +2h 55%W +0.1%  +5h 60%W +0.3%  EOD 60%W +0.2%  EOD range -2.3% → +2.1%
  #2 TSLA   +15m 45%W -0.2%  +30m 35%W -0.4%  +1h 45%W -0.3%  +2h 40%W -0.5%  +5h 45%W -0.1%  EOD 55%W +0.5%  EOD range -5.5% → +6.2%
  Ticker   N          +15m          +30m           +1h           +2h           +5h           EOD           EOD range
  ----------------------------------------------------------------------------------------------------------------------
  SNPS    20    75%W +0.1%    50%W +0.0%    60%W +0.1%    55%W +0.1%    60%W +0.3%    60%W +0.2%       -2.3% → +2.1%
  TSLA    20    45%W -0.2%    35%W -0.4%    45%W -0.3%    40%W -0.5%    45%W -0.1%    55%W +0.5%       -5.5% → +6.2%
  AVGO    20    50%W +0.0%    60%W +0.0%    45%W -0.1%    55%W +0.1%    50%W +0.0%    55%W +0.1%       -2.1% → +2.0%
  AMD     20    45%W -0.1%    50%W -0.0%    65%W +0.2%    50%W +0.0%    50%W +0.0%    55%W +0.2%       -3.5% → +4.5%
  SPOT    20    45%W -0.1%    45%W -0.1%    60%W +0.2%    45%W -0.2%    45%W -0.1%    50%W +0.0%       -3.4% → +3.2%
  CHTR    20    65%W +0.1%    55%W +0.0%    60%W +0.2%    55%W +0.2%    35%W -0.2%    50%W -0.1%       -4.5% → +1.6%
  META    20    45%W -0.1%    40%W -0.2%    50%W -0.1%    50%W +0.0%    55%W +0.1%    45%W -0.4%       -3.8% → +3.3%
  SNOW    20    45%W -0.1%    50%W +0.1%    40%W -0.2%    50%W +0.2%    50%W -0.0%    45%W -0.1%       -3.0% → +4.5%
  LLY     20    60%W +0.1%    55%W +0.1%    55%W +0.1%    50%W -0.0%    45%W -0.1%    45%W -0.3%       -2.4% → +1.1%
  MRVL    20    55%W +0.2%    45%W -0.1%    50%W -0.0%    50%W -0.0%    50%W -0.1%    45%W -0.4%       -4.2% → +4.5%
  CRWD    20    50%W +0.0%    50%W -0.0%    60%W +0.2%    50%W -0.3%    45%W -0.1%    45%W -0.6%       -3.5% → +3.3%
  APP     20    35%W -0.2%    45%W -0.4%    45%W -0.3%    40%W -0.9%    45%W -1.0%    40%W -0.6%       -5.4% → +5.6%
  QCOM    20    35%W -0.2%    25%W -0.3%    30%W -0.4%    20%W -0.5%    45%W -0.2%    40%W -0.4%       -3.0% → +1.7%
  MU      20    50%W +0.0%    45%W -0.3%    35%W -0.3%    30%W -0.6%    35%W -0.9%    35%W -0.8%       -3.1% → +4.1%
  PLTR    20    45%W -0.3%    35%W -0.8%    40%W -0.9%    40%W -0.9%    35%W -1.4%    25%W -1.5%       -6.5% → +9.0%
  DDOG    20    35%W -0.3%    30%W -0.2%    30%W -0.5%    35%W -0.7%    35%W -0.7%    25%W -0.9%       -5.6% → +2.8%
Pre-session top-2 (9:25, 20d EOD win rate) — 2023-03-10  OR: 09:30/3b
  #1 SNPS   +15m 80%W +0.2%  +30m 55%W +0.1%  +1h 65%W +0.1%  +2h 60%W +0.1%  +5h 60%W +0.3%  EOD 60%W +0.2%  EOD range -2.3% → +2.1%
  #2 AVGO   +15m 55%W +0.1%  +30m 60%W +0.1%  +1h 50%W +0.1%  +2h 60%W +0.2%  +5h 50%W +0.0%  EOD 55%W +0.1%  EOD range -2.1% → +2.0%
  Ticker   N          +15m          +30m           +1h           +2h           +5h           EOD           EOD range
  ----------------------------------------------------------------------------------------------------------------------
  SNPS    20    80%W +0.2%    55%W +0.1%    65%W +0.1%    60%W +0.1%    60%W +0.3%    60%W +0.2%       -2.3% → +2.1%
  AVGO    20    55%W +0.1%    60%W +0.1%    50%W +0.1%    60%W +0.2%    50%W +0.0%    55%W +0.1%       -2.1% → +2.0%
  AMD     20    50%W +0.1%    55%W +0.1%    70%W +0.3%    55%W +0.1%    50%W +0.0%    55%W +0.2%       -2.6% → +4.5%
  SPOT    20    50%W +0.0%    50%W +0.0%    65%W +0.3%    45%W -0.2%    45%W -0.1%    50%W +0.0%       -3.4% → +3.2%
  CHTR    20    60%W +0.1%    50%W -0.0%    60%W +0.2%    55%W +0.2%    35%W -0.2%    50%W -0.1%       -4.5% → +1.6%
  TSLA    20    40%W -0.3%    30%W -0.6%    40%W -0.4%    40%W -0.5%    40%W -0.2%    50%W +0.2%       -6.0% → +6.2%
  META    20    50%W -0.0%    40%W -0.2%    50%W -0.1%    50%W +0.0%    55%W +0.1%    45%W -0.4%       -3.8% → +3.3%
  SNOW    20    50%W -0.0%    50%W +0.1%    45%W -0.1%    50%W +0.2%    50%W -0.0%    45%W -0.1%       -4.0% → +4.5%
  LLY     20    65%W +0.1%    60%W +0.1%    55%W +0.1%    55%W +0.1%    45%W -0.1%    45%W -0.3%       -2.4% → +1.1%
  MRVL    20    60%W +0.3%    50%W +0.0%    55%W +0.2%    50%W -0.0%    50%W -0.1%    45%W -0.4%       -5.0% → +4.5%
  CRWD    20    50%W +0.0%    55%W +0.1%    65%W +0.2%    50%W -0.3%    45%W -0.1%    45%W -0.6%       -4.9% → +3.3%
  APP     20    30%W -0.4%    40%W -0.5%    50%W +0.1%    40%W -0.8%    45%W -1.0%    40%W -0.6%       -5.4% → +5.6%
  QCOM    20    40%W -0.1%    30%W -0.2%    35%W -0.3%    25%W -0.4%    45%W -0.2%    40%W -0.4%       -3.0% → +1.7%
  MU      20    55%W +0.1%    50%W -0.1%    40%W -0.2%    35%W -0.5%    40%W -0.5%    35%W -0.8%       -3.1% → +4.1%
  PLTR    20    50%W -0.0%    40%W -0.8%    45%W -0.8%    40%W -0.9%    35%W -1.4%    25%W -1.5%       -6.5% → +9.0%
  DDOG    20    40%W -0.2%    35%W -0.1%    35%W -0.5%    40%W -0.5%    35%W -0.7%    25%W -0.9%       -5.6% → +2.8%
Pre-session top-2 (9:25, 20d EOD win rate) — 2023-03-13  OR: 09:30/3b
  #1 SNPS   +15m 75%W +0.1%  +30m 55%W +0.0%  +1h 65%W +0.1%  +2h 60%W +0.1%  +5h 55%W +0.3%  EOD 60%W +0.2%  EOD range -2.3% → +2.1%
  #2 AMD    +15m 50%W +0.2%  +30m 55%W +0.1%  +1h 70%W +0.3%  +2h 60%W +0.3%  +5h 55%W +0.2%  EOD 60%W +0.4%  EOD range -2.4% → +4.5%
  Ticker   N          +15m          +30m           +1h           +2h           +5h           EOD           EOD range
  ----------------------------------------------------------------------------------------------------------------------
  SNPS    20    75%W +0.1%    55%W +0.0%    65%W +0.1%    60%W +0.1%    55%W +0.3%    60%W +0.2%       -2.3% → +2.1%
  AMD     20    50%W +0.2%    55%W +0.1%    70%W +0.3%    60%W +0.3%    55%W +0.2%    60%W +0.4%       -2.4% → +4.5%
  SPOT    20    50%W -0.0%    50%W +0.0%    65%W +0.4%    50%W +0.0%    50%W -0.0%    55%W +0.2%       -3.2% → +3.2%
  AVGO    20    55%W +0.1%    55%W +0.0%    50%W +0.1%    65%W +0.3%    50%W +0.0%    55%W +0.1%       -1.7% → +2.0%
  SNOW    20    50%W -0.0%    50%W +0.1%    40%W -0.2%    50%W +0.2%    45%W -0.3%    50%W -0.0%       -4.0% → +4.5%
  CHTR    20    65%W +0.1%    55%W +0.0%    60%W +0.2%    55%W +0.2%    35%W -0.2%    50%W -0.1%       -2.9% → +1.6%
  TSLA    20    40%W -0.3%    30%W -0.6%    40%W -0.4%    40%W -0.5%    40%W -0.2%    50%W +0.3%       -6.0% → +6.2%
  APP     20    35%W -0.4%    45%W -0.4%    50%W +0.1%    45%W -0.6%    45%W -0.3%    45%W -0.2%       -5.4% → +5.6%
  META    20    55%W +0.0%    45%W -0.2%    55%W +0.1%    55%W +0.1%    55%W +0.1%    45%W -0.4%       -3.2% → +3.3%
  LLY     20    65%W +0.1%    55%W +0.1%    50%W -0.1%    55%W +0.1%    45%W -0.1%    45%W -0.3%       -2.8% → +1.1%
  MRVL    20    55%W +0.2%    45%W -0.1%    55%W +0.2%    50%W -0.0%    50%W -0.1%    45%W -0.4%       -5.0% → +4.5%
  CRWD    20    50%W +0.0%    55%W +0.1%    70%W +0.3%    55%W +0.2%    45%W -0.1%    45%W -0.3%       -4.9% → +3.3%
  QCOM    20    35%W -0.1%    25%W -0.2%    35%W -0.3%    30%W -0.4%    45%W -0.2%    40%W -0.4%       -2.9% → +1.7%
  MU      20    55%W +0.1%    50%W -0.1%    40%W -0.2%    40%W -0.4%    40%W -0.4%    35%W -0.6%       -3.1% → +4.1%
  PLTR    20    55%W +0.1%    40%W -0.8%    50%W -0.3%    45%W -0.5%    35%W -1.1%    25%W -1.1%       -6.5% → +9.0%
  DDOG    20    35%W -0.3%    35%W -0.1%    35%W -0.5%    45%W -0.3%    35%W -0.9%    25%W -0.9%       -5.6% → +2.8%
Pre-session top-2 (9:25, 20d EOD win rate) — 2023-03-14  OR: 09:30/3b
  #1 SNPS   +15m 75%W +0.1%  +30m 55%W +0.0%  +1h 65%W +0.2%  +2h 60%W +0.1%  +5h 60%W +0.4%  EOD 60%W +0.2%  EOD range -2.3% → +2.1%
  #2 AMD    +15m 55%W +0.5%  +30m 55%W +0.1%  +1h 70%W +0.3%  +2h 60%W +0.3%  +5h 60%W +0.3%  EOD 60%W +0.4%  EOD range -2.4% → +4.5%
  Ticker   N          +15m          +30m           +1h           +2h           +5h           EOD           EOD range
  ----------------------------------------------------------------------------------------------------------------------
  SNPS    20    75%W +0.1%    55%W +0.0%    65%W +0.2%    60%W +0.1%    60%W +0.4%    60%W +0.2%       -2.3% → +2.1%
  AMD     20    55%W +0.5%    55%W +0.1%    70%W +0.3%    60%W +0.3%    60%W +0.3%    60%W +0.4%       -2.4% → +4.5%
  SNOW    20    50%W -0.0%    50%W +0.1%    45%W -0.1%    55%W +0.5%    50%W -0.0%    55%W +0.2%       -4.0% → +5.4%
  SPOT    20    50%W -0.0%    50%W +0.0%    65%W +0.4%    50%W +0.1%    55%W +0.2%    55%W +0.3%       -3.2% → +3.5%
  TSLA    20    45%W -0.1%    35%W -0.6%    45%W -0.3%    45%W -0.4%    45%W -0.1%    55%W +0.9%       -6.0% → +6.2%
  AVGO    20    55%W +0.1%    55%W +0.0%    50%W +0.1%    65%W +0.3%    50%W +0.1%    55%W +0.1%       -1.7% → +2.0%
  APP     20    40%W -0.2%    45%W -0.4%    55%W +0.5%    50%W -0.0%    50%W +0.1%    50%W -0.0%       -5.4% → +5.6%
  META    20    55%W +0.0%    45%W -0.2%    55%W +0.1%    55%W +0.1%    60%W +0.3%    50%W -0.1%       -3.2% → +3.3%
  LLY     20    65%W +0.1%    55%W +0.1%    55%W +0.1%    55%W +0.1%    50%W -0.0%    50%W -0.1%       -2.8% → +1.1%
  CRWD    20    50%W +0.0%    55%W +0.1%    70%W +0.3%    60%W +0.3%    50%W -0.0%    50%W -0.0%       -4.9% → +3.3%
  CHTR    20    70%W +0.1%    55%W +0.0%    65%W +0.3%    55%W +0.2%    40%W -0.2%    50%W -0.1%       -2.9% → +3.1%
  MRVL    20    55%W +0.2%    45%W -0.1%    55%W +0.4%    55%W +0.2%    55%W +0.1%    45%W -0.4%       -5.0% → +4.5%
  QCOM    20    40%W -0.1%    30%W -0.2%    40%W -0.3%    35%W -0.3%    50%W -0.1%    45%W -0.4%       -2.9% → +1.7%
  MU      20    60%W +0.2%    50%W -0.1%    45%W -0.1%    45%W -0.2%    45%W -0.2%    40%W -0.5%       -3.1% → +4.1%
  PLTR    20    60%W +0.1%    45%W -0.8%    50%W -0.3%    50%W -0.1%    40%W -0.7%    30%W -0.8%       -6.5% → +9.0%
  DDOG    20    35%W -0.3%    35%W -0.1%    40%W -0.5%    50%W -0.1%    40%W -0.6%    30%W -0.9%       -5.6% → +3.7%
Pre-session top-2 (9:25, 20d EOD win rate) — 2023-03-15  OR: 09:30/3b
  #1 SNPS   +15m 70%W +0.1%  +30m 55%W +0.0%  +1h 65%W +0.2%  +2h 60%W +0.1%  +5h 65%W +0.5%  EOD 65%W +0.4%  EOD range -2.3% → +2.1%
  #2 SPOT   +15m 55%W +0.1%  +30m 55%W +0.2%  +1h 70%W +0.5%  +2h 55%W +0.5%  +5h 60%W +0.3%  EOD 60%W +0.5%  EOD range -3.2% → +3.5%
  Ticker   N          +15m          +30m           +1h           +2h           +5h           EOD           EOD range
  ----------------------------------------------------------------------------------------------------------------------
  SNPS    20    70%W +0.1%    55%W +0.0%    65%W +0.2%    60%W +0.1%    65%W +0.5%    65%W +0.4%       -2.3% → +2.1%
  SPOT    20    55%W +0.1%    55%W +0.2%    70%W +0.5%    55%W +0.5%    60%W +0.3%    60%W +0.5%       -3.2% → +3.5%
  AMD     20    55%W +0.5%    60%W +0.1%    70%W +0.3%    60%W +0.3%    60%W +0.3%    60%W +0.4%       -2.4% → +4.5%
  SNOW    20    45%W -0.1%    45%W -0.1%    40%W -0.2%    55%W +0.5%    50%W -0.0%    55%W +0.2%       -4.0% → +5.4%
  TSLA    20    45%W -0.1%    35%W -0.4%    40%W -0.4%    45%W -0.4%    45%W -0.1%    55%W +0.9%       -6.0% → +6.2%
  AVGO    20    55%W +0.1%    55%W +0.0%    50%W +0.1%    65%W +0.3%    50%W +0.1%    55%W +0.1%       -1.7% → +2.0%
  APP     20    35%W -0.3%    45%W -0.4%    55%W +0.3%    50%W -0.0%    50%W +0.1%    50%W -0.0%       -5.4% → +5.6%
  META    20    55%W +0.0%    45%W -0.2%    50%W -0.1%    50%W +0.0%    55%W +0.1%    50%W -0.1%       -3.2% → +3.3%
  LLY     20    65%W +0.1%    55%W +0.1%    50%W -0.1%    50%W -0.1%    50%W -0.0%    50%W -0.1%       -2.8% → +1.1%
  CRWD    20    50%W +0.0%    50%W -0.0%    65%W +0.2%    60%W +0.3%    50%W -0.0%    50%W -0.0%       -4.9% → +3.3%
  CHTR    20    70%W +0.1%    55%W +0.1%    65%W +0.3%    55%W +0.2%    35%W -0.3%    50%W -0.1%       -2.9% → +3.1%
  MRVL    20    50%W +0.0%    45%W -0.1%    50%W -0.1%    50%W -0.0%    50%W -0.2%    40%W -0.6%       -5.0% → +4.5%
  QCOM    20    40%W -0.1%    25%W -0.2%    35%W -0.3%    30%W -0.3%    45%W -0.2%    40%W -0.4%       -2.9% → +1.7%
  MU      20    60%W +0.2%    50%W +0.0%    45%W -0.1%    45%W -0.2%    40%W -0.4%    35%W -0.8%       -3.1% → +4.1%
  PLTR    20    55%W +0.1%    45%W -0.8%    50%W -0.3%    45%W -0.5%    35%W -1.1%    30%W -1.1%       -6.5% → +9.0%
  DDOG    20    30%W -0.3%    30%W -0.2%    35%W -0.5%    45%W -0.3%    35%W -0.9%    25%W -0.9%       -5.6% → +3.7%
Pre-session top-2 (9:25, 20d EOD win rate) — 2023-03-16  OR: 09:30/3b
  #1 SNPS   +15m 65%W +0.1%  +30m 50%W +0.0%  +1h 60%W +0.1%  +2h 55%W +0.1%  +5h 60%W +0.4%  EOD 60%W +0.2%  EOD range -2.3% → +1.9%
  #2 SPOT   +15m 50%W -0.0%  +30m 50%W +0.0%  +1h 65%W +0.4%  +2h 55%W +0.5%  +5h 60%W +0.3%  EOD 60%W +0.5%  EOD range -3.2% → +3.5%
  Ticker   N          +15m          +30m           +1h           +2h           +5h           EOD           EOD range
  ----------------------------------------------------------------------------------------------------------------------
  SNPS    20    65%W +0.1%    50%W +0.0%    60%W +0.1%    55%W +0.1%    60%W +0.4%    60%W +0.2%       -2.3% → +1.9%
  SPOT    20    50%W -0.0%    50%W +0.0%    65%W +0.4%    55%W +0.5%    60%W +0.3%    60%W +0.5%       -3.2% → +3.5%
  AMD     20    50%W +0.2%    55%W +0.1%    65%W +0.2%    55%W +0.1%    60%W +0.3%    60%W +0.4%       -2.4% → +4.5%
  SNOW    20    40%W -0.2%    40%W -0.3%    35%W -0.3%    50%W +0.2%    50%W -0.0%    55%W +0.2%       -4.0% → +5.4%
  LLY     20    60%W +0.1%    50%W -0.0%    50%W -0.1%    50%W -0.1%    55%W +0.2%    55%W +0.2%       -2.8% → +1.1%
  AVGO    20    50%W +0.0%    50%W +0.0%    50%W +0.1%    65%W +0.3%    50%W -0.0%    55%W +0.1%       -1.7% → +2.0%
  APP     20    30%W -0.4%    40%W -0.5%    50%W -0.1%    55%W +0.6%    50%W +0.1%    50%W -0.0%       -5.4% → +6.7%
  META    20    50%W -0.0%    40%W -0.2%    45%W -0.4%    50%W +0.0%    55%W +0.1%    50%W -0.1%       -3.2% → +3.3%
  CRWD    20    45%W -0.1%    45%W -0.1%    60%W +0.1%    55%W +0.2%    45%W -0.1%    50%W -0.0%       -4.9% → +3.3%
  CHTR    20    70%W +0.1%    50%W -0.0%    65%W +0.3%    60%W +0.3%    40%W -0.3%    50%W -0.1%       -2.9% → +3.1%
  TSLA    20    40%W -0.2%    30%W -0.4%    35%W -0.4%    40%W -0.5%    40%W -0.2%    50%W +0.3%       -6.0% → +5.7%
  QCOM    20    35%W -0.1%    20%W -0.3%    30%W -0.3%    30%W -0.4%    40%W -0.3%    40%W -0.4%       -2.9% → +1.7%
  MU      20    55%W +0.1%    45%W -0.2%    40%W -0.2%    40%W -0.3%    40%W -0.4%    35%W -0.8%       -3.1% → +2.5%
  MRVL    20    45%W -0.1%    40%W -0.2%    45%W -0.4%    45%W -0.2%    45%W -0.3%    35%W -0.7%       -5.0% → +4.5%
  PLTR    20    50%W -0.2%    40%W -0.9%    45%W -0.8%    40%W -0.9%    35%W -1.1%    30%W -1.1%       -6.5% → +8.8%
  DDOG    20    25%W -0.3%    25%W -0.2%    35%W -0.5%    45%W -0.3%    35%W -0.9%    25%W -0.9%       -5.6% → +3.7%
Pre-session top-2 (9:25, 20d EOD win rate) — 2023-03-17  OR: 09:30/3b
  #1 SNPS   +15m 65%W +0.1%  +30m 55%W +0.0%  +1h 65%W +0.2%  +2h 60%W +0.1%  +5h 60%W +0.4%  EOD 60%W +0.2%  EOD range -2.3% → +2.3%
  #2 SPOT   +15m 55%W +0.1%  +30m 55%W +0.1%  +1h 65%W +0.3%  +2h 55%W +0.5%  +5h 60%W +0.3%  EOD 60%W +0.5%  EOD range -3.2% → +3.5%
  Ticker   N          +15m          +30m           +1h           +2h           +5h           EOD           EOD range
  ----------------------------------------------------------------------------------------------------------------------
  SNPS    20    65%W +0.1%    55%W +0.0%    65%W +0.2%    60%W +0.1%    60%W +0.4%    60%W +0.2%       -2.3% → +2.3%
  SPOT    20    55%W +0.1%    55%W +0.1%    65%W +0.3%    55%W +0.5%    60%W +0.3%    60%W +0.5%       -3.2% → +3.5%
  LLY     20    55%W +0.1%    55%W +0.1%    55%W +0.1%    55%W +0.1%    60%W +0.3%    60%W +0.3%       -2.8% → +1.1%
  AMD     20    55%W +0.5%    60%W +0.1%    70%W +0.3%    60%W +0.3%    60%W +0.7%    60%W +0.4%       -2.4% → +6.0%
  SNOW    20    45%W -0.1%    45%W -0.3%    35%W -0.3%    50%W +0.2%    50%W -0.0%    55%W +0.2%       -4.0% → +5.4%
  AVGO    20    55%W +0.1%    55%W +0.0%    55%W +0.2%    65%W +0.3%    50%W -0.0%    55%W +0.1%       -1.7% → +2.7%
  META    20    50%W -0.0%    40%W -0.2%    45%W -0.4%    50%W +0.0%    50%W +0.0%    50%W +0.1%       -3.2% → +3.3%
  CRWD    20    50%W +0.0%    50%W -0.0%    65%W +0.2%    55%W +0.2%    45%W -0.1%    50%W -0.0%       -4.9% → +3.3%
  CHTR    20    70%W +0.1%    50%W -0.0%    65%W +0.3%    60%W +0.3%    40%W -0.3%    50%W -0.1%       -2.9% → +3.1%
  TSLA    20    45%W -0.1%    35%W -0.4%    40%W -0.4%    40%W -0.5%    40%W -0.2%    50%W +0.3%       -6.0% → +5.7%
  APP     20    35%W -0.3%    40%W -0.5%    50%W +0.0%    55%W +0.6%    45%W -0.2%    45%W -0.1%       -5.4% → +6.7%
  QCOM    20    40%W -0.1%    25%W -0.2%    35%W -0.3%    30%W -0.4%    40%W -0.3%    40%W -0.4%       -2.9% → +2.6%
  MU      20    60%W +0.2%    50%W +0.0%    45%W -0.1%    45%W -0.3%    40%W -0.4%    35%W -0.8%       -3.1% → +4.8%
  MRVL    20    50%W +0.0%    45%W -0.1%    50%W -0.1%    50%W -0.0%    45%W -0.3%    35%W -0.7%       -5.0% → +5.5%
  PLTR    20    55%W +0.1%    40%W -0.8%    40%W -0.8%    40%W -0.9%    35%W -1.1%    30%W -1.1%       -6.5% → +8.8%
  DDOG    20    30%W -0.3%    25%W -0.1%    35%W -0.5%    50%W -0.1%    35%W -0.9%    30%W -0.9%       -5.6% → +3.7%
Pre-session top-2 (9:25, 20d EOD win rate) — 2023-03-20  OR: 09:30/3b
  #1 SNPS   +15m 65%W +0.1%  +30m 55%W +0.0%  +1h 65%W +0.2%  +2h 60%W +0.1%  +5h 55%W +0.4%  EOD 60%W +0.2%  EOD range -2.3% → +2.3%
  #2 SPOT   +15m 60%W +0.3%  +30m 60%W +0.2%  +1h 60%W +0.3%  +2h 55%W +0.5%  +5h 60%W +0.3%  EOD 60%W +0.5%  EOD range -3.2% → +3.5%
  Ticker   N          +15m          +30m           +1h           +2h           +5h           EOD           EOD range
  ----------------------------------------------------------------------------------------------------------------------
  SNPS    20    65%W +0.1%    55%W +0.0%    65%W +0.2%    60%W +0.1%    55%W +0.4%    60%W +0.2%       -2.3% → +2.3%
  SPOT    20    60%W +0.3%    60%W +0.2%    60%W +0.3%    55%W +0.5%    60%W +0.3%    60%W +0.5%       -3.2% → +3.5%
  LLY     20    55%W +0.1%    55%W +0.1%    50%W -0.1%    50%W -0.1%    60%W +0.3%    60%W +0.3%       -2.8% → +1.1%
  AMD     20    50%W +0.2%    55%W +0.1%    65%W +0.2%    55%W +0.1%    55%W +0.2%    60%W +0.4%       -2.4% → +6.0%
  SNOW    20    45%W -0.1%    40%W -0.3%    30%W -0.4%    45%W -0.1%    50%W -0.0%    55%W +0.2%       -4.0% → +5.4%
  AVGO    20    50%W +0.0%    50%W +0.0%    50%W +0.1%    60%W +0.2%    45%W -0.1%    55%W +0.1%       -1.7% → +2.7%
  META    20    50%W -0.0%    35%W -0.2%    40%W -0.5%    45%W -0.1%    45%W -0.1%    50%W +0.1%       -3.2% → +3.3%
  CRWD    20    55%W +0.2%    50%W -0.0%    60%W +0.1%    50%W -0.2%    45%W -0.2%    50%W -0.0%       -4.9% → +3.3%
  CHTR    20    75%W +0.1%    55%W +0.1%    65%W +0.3%    60%W +0.3%    40%W -0.3%    50%W -0.1%       -2.9% → +3.1%
  TSLA    20    45%W -0.1%    30%W -0.4%    35%W -0.4%    35%W -0.8%    40%W -0.2%    50%W +0.3%       -6.0% → +5.7%
  APP     20    40%W -0.1%    45%W -0.4%    55%W +0.3%    60%W +0.6%    45%W -0.0%    45%W -0.1%       -5.4% → +6.7%
  MRVL    20    50%W +0.0%    45%W -0.1%    45%W -0.4%    50%W -0.0%    40%W -0.3%    40%W -0.6%       -5.0% → +5.5%
  QCOM    20    35%W -0.1%    30%W -0.2%    30%W -0.4%    25%W -0.4%    35%W -0.5%    40%W -0.3%       -2.9% → +2.6%
  MU      20    60%W +0.1%    50%W +0.0%    40%W -0.2%    40%W -0.4%    35%W -0.6%    35%W -0.8%       -3.1% → +4.8%
  PLTR    20    60%W +0.2%    45%W -0.5%    35%W -0.8%    35%W -0.9%    30%W -1.1%    30%W -0.8%       -6.5% → +8.8%
  DDOG    20    35%W -0.2%    25%W -0.1%    35%W -0.3%    50%W -0.1%    35%W -0.8%    30%W -0.8%       -3.4% → +3.7%
Pre-session top-2 (9:25, 20d EOD win rate) — 2023-03-21  OR: 09:30/3b
  #1 SNOW   +15m 45%W -0.1%  +30m 40%W -0.3%  +1h 30%W -0.3%  +2h 50%W +0.2%  +5h 55%W +0.2%  EOD 60%W +0.4%  EOD range -4.0% → +5.4%
  #2 SNPS   +15m 65%W +0.1%  +30m 50%W +0.0%  +1h 60%W +0.1%  +2h 60%W +0.1%  +5h 55%W +0.2%  EOD 60%W +0.2%  EOD range -2.3% → +2.3%
  Ticker   N          +15m          +30m           +1h           +2h           +5h           EOD           EOD range
  ----------------------------------------------------------------------------------------------------------------------
  SNOW    20    45%W -0.1%    40%W -0.3%    30%W -0.3%    50%W +0.2%    55%W +0.2%    60%W +0.4%       -4.0% → +5.4%
  SNPS    20    65%W +0.1%    50%W +0.0%    60%W +0.1%    60%W +0.1%    55%W +0.2%    60%W +0.2%       -2.3% → +2.3%
  LLY     20    55%W +0.1%    55%W +0.1%    50%W -0.1%    45%W -0.4%    55%W +0.2%    60%W +0.3%       -2.8% → +1.1%
  AVGO    20    55%W +0.1%    50%W +0.0%    50%W +0.1%    60%W +0.3%    50%W -0.0%    60%W +0.2%       -1.7% → +2.7%
  AMD     20    50%W +0.2%    50%W -0.0%    60%W +0.2%    55%W +0.1%    60%W +0.7%    60%W +0.5%       -2.4% → +6.0%
  SPOT    20    60%W +0.3%    55%W +0.1%    55%W +0.3%    55%W +0.3%    55%W +0.2%    55%W +0.3%       -3.2% → +3.5%
  APP     20    45%W -0.1%    50%W -0.1%    60%W +0.5%    65%W +0.7%    50%W +0.1%    50%W +0.1%       -5.4% → +6.7%
  META    20    50%W -0.0%    35%W -0.2%    45%W -0.4%    50%W +0.0%    50%W +0.0%    50%W +0.1%       -3.2% → +3.3%
  CHTR    20    75%W +0.1%    55%W +0.1%    65%W +0.3%    65%W +0.3%    40%W -0.3%    50%W -0.1%       -2.9% → +3.1%
  TSLA    20    45%W -0.1%    35%W -0.4%    40%W -0.4%    40%W -0.5%    40%W -0.2%    50%W +0.3%       -6.0% → +5.7%
  MRVL    20    55%W +0.1%    50%W +0.1%    50%W -0.1%    55%W +0.1%    45%W -0.2%    45%W -0.4%       -5.0% → +5.5%
  CRWD    20    50%W +0.0%    45%W -0.1%    55%W +0.1%    45%W -0.6%    40%W -0.2%    45%W -0.2%       -4.9% → +3.3%
  QCOM    20    35%W -0.1%    30%W -0.3%    30%W -0.4%    30%W -0.4%    40%W -0.5%    45%W -0.3%       -2.9% → +2.6%
  MU      20    65%W +0.1%    45%W -0.0%    40%W -0.1%    45%W -0.3%    40%W -0.4%    40%W -0.5%       -3.1% → +4.8%
  PLTR    20    65%W +0.3%    50%W -0.1%    40%W -0.6%    40%W -0.5%    35%W -0.7%    35%W -0.4%       -6.5% → +8.8%
  DDOG    20    35%W -0.2%    25%W -0.1%    30%W -0.5%    50%W -0.1%    35%W -0.8%    30%W -0.8%       -3.4% → +3.7%
Pre-session top-2 (9:25, 20d EOD win rate) — 2023-03-22  OR: 09:30/3b
  #1 SNOW   +15m 50%W +0.0%  +30m 40%W -0.3%  +1h 30%W -0.2%  +2h 55%W +0.5%  +5h 60%W +0.3%  EOD 65%W +0.4%  EOD range -4.0% → +5.4%
  #2 SPOT   +15m 60%W +0.3%  +30m 60%W +0.3%  +1h 55%W +0.3%  +2h 55%W +0.3%  +5h 60%W +0.3%  EOD 60%W +0.5%  EOD range -3.2% → +3.5%
  Ticker   N          +15m          +30m           +1h           +2h           +5h           EOD           EOD range
  ----------------------------------------------------------------------------------------------------------------------
  SNOW    20    50%W +0.0%    40%W -0.3%    30%W -0.2%    55%W +0.5%    60%W +0.3%    65%W +0.4%       -4.0% → +5.4%
  SPOT    20    60%W +0.3%    60%W +0.3%    55%W +0.3%    55%W +0.3%    60%W +0.3%    60%W +0.5%       -3.2% → +3.5%
  LLY     20    55%W +0.1%    55%W +0.1%    50%W -0.1%    45%W -0.4%    55%W +0.2%    60%W +0.3%       -2.8% → +1.1%
  AVGO    20    60%W +0.1%    55%W +0.1%    50%W +0.1%    60%W +0.3%    50%W -0.0%    60%W +0.2%       -1.7% → +2.7%
  AMD     20    50%W +0.2%    50%W -0.0%    60%W +0.2%    55%W +0.1%    60%W +0.7%    60%W +0.5%       -2.9% → +6.0%
  APP     20    50%W +0.0%    55%W +0.1%    60%W +0.5%    70%W +0.8%    55%W +0.3%    55%W +0.1%       -5.4% → +6.7%
  META    20    55%W +0.0%    35%W -0.2%    45%W -0.4%    50%W +0.0%    55%W +0.1%    55%W +0.5%       -3.2% → +3.3%
  SNPS    20    60%W +0.1%    50%W +0.0%    60%W +0.1%    55%W +0.1%    50%W -0.1%    55%W +0.1%       -2.3% → +2.3%
  TSLA    20    50%W -0.0%    35%W -0.3%    45%W -0.3%    45%W -0.4%    45%W -0.1%    55%W +0.9%       -6.0% → +5.7%
  CRWD    20    55%W +0.2%    45%W -0.1%    55%W +0.1%    50%W -0.2%    45%W -0.1%    50%W +0.0%       -4.9% → +3.3%
  QCOM    20    40%W -0.1%    35%W -0.2%    35%W -0.3%    30%W -0.4%    40%W -0.3%    50%W -0.1%       -2.6% → +2.6%
  CHTR    20    75%W +0.1%    60%W +0.2%    70%W +0.3%    70%W +0.3%    40%W -0.3%    50%W -0.1%       -2.9% → +3.1%
  MRVL    20    60%W +0.2%    50%W +0.1%    50%W -0.1%    55%W +0.1%    45%W -0.2%    45%W -0.4%       -5.0% → +5.5%
  MU      20    70%W +0.2%    45%W -0.0%    40%W -0.1%    45%W -0.3%    40%W -0.4%    40%W -0.5%       -2.6% → +4.8%
  PLTR    20    65%W +0.3%    50%W -0.1%    40%W -0.6%    40%W -0.5%    35%W -0.5%    35%W -0.2%       -6.1% → +8.8%
  DDOG    20    35%W -0.1%    25%W -0.1%    30%W -0.5%    55%W +0.1%    40%W -0.6%    35%W -0.6%       -3.4% → +3.7%
Pre-session top-2 (9:25, 20d EOD win rate) — 2023-03-23  OR: 09:30/3b
  #1 SNOW   +15m 55%W +0.1%  +30m 40%W -0.3%  +1h 35%W -0.2%  +2h 55%W +0.5%  +5h 65%W +0.4%  EOD 65%W +0.4%  EOD range -4.0% → +5.4%
  #2 AMD    +15m 55%W +0.6%  +30m 55%W +0.1%  +1h 60%W +0.2%  +2h 60%W +0.1%  +5h 65%W +1.3%  EOD 65%W +0.5%  EOD range -2.9% → +6.0%
  Ticker   N          +15m          +30m           +1h           +2h           +5h           EOD           EOD range
  ----------------------------------------------------------------------------------------------------------------------
  SNOW    20    55%W +0.1%    40%W -0.3%    35%W -0.2%    55%W +0.5%    65%W +0.4%    65%W +0.4%       -4.0% → +5.4%
  AMD     20    55%W +0.6%    55%W +0.1%    60%W +0.2%    60%W +0.1%    65%W +1.3%    65%W +0.5%       -2.9% → +6.0%
  SPOT    20    60%W +0.3%    60%W +0.3%    55%W +0.3%    55%W +0.3%    65%W +0.4%    60%W +0.5%       -3.2% → +3.5%
  AVGO    20    65%W +0.2%    60%W +0.1%    55%W +0.2%    65%W +0.3%    55%W +0.1%    60%W +0.2%       -1.7% → +2.7%
  META    20    60%W +0.2%    35%W -0.2%    50%W -0.2%    55%W +0.1%    60%W +0.3%    55%W +0.5%       -3.2% → +3.3%
  LLY     20    55%W +0.1%    55%W +0.1%    50%W -0.1%    45%W -0.4%    55%W +0.2%    55%W +0.3%       -2.8% → +1.1%
  APP     20    55%W +0.1%    60%W +0.2%    60%W +0.5%    70%W +0.7%    55%W +0.3%    50%W +0.1%       -5.4% → +6.7%
  SNPS    20    60%W +0.1%    55%W +0.0%    60%W +0.2%    55%W +0.1%    50%W -0.1%    50%W -0.2%       -2.3% → +2.3%
  QCOM    20    45%W -0.1%    40%W -0.1%    40%W -0.2%    35%W -0.3%    45%W -0.2%    50%W -0.1%       -2.6% → +2.6%
  TSLA    20    55%W +0.1%    35%W -0.3%    50%W +0.0%    50%W +0.0%    50%W +0.1%    50%W +0.3%       -6.0% → +5.7%
  MRVL    20    65%W +0.3%    55%W +0.3%    55%W +0.3%    60%W +0.2%    50%W -0.0%    45%W -0.4%       -5.0% → +5.5%
  CRWD    20    55%W +0.2%    45%W -0.1%    50%W +0.0%    50%W -0.2%    45%W -0.1%    45%W -0.2%       -4.9% → +3.3%
  CHTR    20    75%W +0.1%    60%W +0.2%    65%W +0.3%    65%W +0.2%    40%W -0.3%    45%W -0.2%       -2.9% → +3.1%
  MU      20    75%W +0.2%    50%W +0.0%    45%W -0.1%    50%W -0.0%    45%W -0.2%    40%W -0.5%       -1.7% → +4.8%
  PLTR    20    65%W +0.3%    55%W +0.0%    45%W -0.4%    40%W -0.5%    35%W -0.5%    35%W -0.2%       -6.1% → +8.8%
  DDOG    20    35%W -0.1%    25%W -0.1%    30%W -0.5%    55%W +0.1%    40%W -0.6%    35%W -0.8%       -3.6% → +3.7%
Pre-session top-2 (9:25, 20d EOD win rate) — 2023-03-24  OR: 09:30/3b
  #1 SNOW   +15m 60%W +0.2%  +30m 45%W -0.2%  +1h 40%W -0.1%  +2h 60%W +0.5%  +5h 70%W +0.5%  EOD 65%W +0.5%  EOD range -4.0% → +5.4%
  #2 SPOT   +15m 65%W +0.3%  +30m 65%W +0.5%  +1h 60%W +0.3%  +2h 60%W +0.5%  +5h 65%W +0.4%  EOD 65%W +0.5%  EOD range -3.2% → +3.5%
  Ticker   N          +15m          +30m           +1h           +2h           +5h           EOD           EOD range
  ----------------------------------------------------------------------------------------------------------------------
  SNOW    20    60%W +0.2%    45%W -0.2%    40%W -0.1%    60%W +0.5%    70%W +0.5%    65%W +0.5%       -4.0% → +5.4%
  SPOT    20    65%W +0.3%    65%W +0.5%    60%W +0.3%    60%W +0.5%    65%W +0.4%    65%W +0.5%       -3.2% → +3.5%
  AMD     20    55%W +0.6%    55%W +0.3%    60%W +0.3%    65%W +0.3%    60%W +1.3%    60%W +0.5%       -2.9% → +6.0%
  META    20    55%W +0.1%    40%W -0.1%    55%W +0.2%    60%W +0.2%    55%W +0.1%    55%W +0.5%       -3.2% → +3.3%
  LLY     20    55%W +0.1%    55%W +0.1%    45%W -0.3%    50%W -0.2%    55%W +0.2%    55%W +0.3%       -2.8% → +1.1%
  AVGO    20    65%W +0.2%    60%W +0.1%    60%W +0.2%    70%W +0.4%    55%W +0.1%    55%W +0.1%       -1.7% → +2.7%
  APP     20    60%W +0.3%    65%W +0.3%    65%W +0.5%    75%W +0.8%    55%W +0.3%    50%W +0.1%       -5.4% → +6.7%
  SNPS    20    60%W +0.1%    60%W +0.1%    60%W +0.3%    60%W +0.1%    50%W -0.1%    50%W -0.0%       -2.3% → +2.3%
  TSLA    20    55%W +0.1%    40%W -0.2%    55%W +0.1%    50%W +0.0%    50%W +0.1%    50%W +0.3%       -6.0% → +5.7%
  MU      20    80%W +0.3%    55%W +0.2%    50%W -0.0%    55%W +0.0%    45%W -0.2%    45%W -0.3%       -1.7% → +4.8%
  MRVL    20    70%W +0.3%    60%W +0.4%    60%W +0.6%    65%W +0.3%    45%W -0.2%    45%W -0.4%       -5.0% → +5.5%
  CRWD    20    60%W +0.4%    50%W -0.0%    55%W +0.1%    55%W +0.2%    45%W -0.1%    45%W -0.2%       -4.9% → +3.3%
  QCOM    20    50%W -0.0%    45%W -0.1%    45%W -0.2%    40%W -0.2%    40%W -0.3%    45%W -0.2%       -2.6% → +2.6%
  CHTR    20    70%W +0.1%    55%W +0.1%    65%W +0.3%    70%W +0.3%    35%W -0.4%    40%W -0.2%       -2.9% → +3.1%
  DDOG    20    40%W -0.1%    30%W -0.1%    35%W -0.3%    60%W +0.2%    40%W -0.6%    40%W -0.6%       -3.6% → +3.7%
  PLTR    20    65%W +0.3%    60%W +0.2%    50%W -0.0%    40%W -0.3%    35%W -0.6%    35%W -0.3%       -6.1% → +8.8%
Pre-session top-2 (9:25, 20d EOD win rate) — 2023-03-27  OR: 09:30/3b
  #1 SNOW   +15m 60%W +0.2%  +30m 45%W -0.2%  +1h 40%W -0.1%  +2h 60%W +0.5%  +5h 70%W +0.5%  EOD 60%W +0.5%  EOD range -4.0% → +5.4%
  #2 SPOT   +15m 65%W +0.4%  +30m 70%W +0.5%  +1h 60%W +0.4%  +2h 60%W +0.5%  +5h 65%W +0.4%  EOD 60%W +0.3%  EOD range -3.2% → +3.5%
  Ticker   N          +15m          +30m           +1h           +2h           +5h           EOD           EOD range
  ----------------------------------------------------------------------------------------------------------------------
  SNOW    20    60%W +0.2%    45%W -0.2%    40%W -0.1%    60%W +0.5%    70%W +0.5%    60%W +0.5%       -4.0% → +5.4%
  SPOT    20    65%W +0.4%    70%W +0.5%    60%W +0.4%    60%W +0.5%    65%W +0.4%    60%W +0.3%       -3.2% → +3.5%
  LLY     20    60%W +0.1%    60%W +0.1%    50%W -0.1%    55%W +0.1%    60%W +0.4%    60%W +0.4%       -2.8% → +2.1%
  AMD     20    60%W +0.6%    60%W +0.4%    60%W +0.3%    65%W +0.3%    60%W +1.3%    60%W +0.5%       -2.9% → +6.0%
  AVGO    20    70%W +0.2%    65%W +0.2%    65%W +0.2%    70%W +0.4%    60%W +0.3%    55%W +0.3%       -1.7% → +2.7%
  APP     20    65%W +0.3%    70%W +0.3%    60%W +0.5%    70%W +0.7%    50%W +0.2%    50%W +0.1%       -5.4% → +6.7%
  META    20    55%W +0.1%    40%W -0.1%    50%W -0.2%    55%W +0.2%    50%W -0.0%    50%W +0.1%       -3.2% → +3.3%
  SNPS    20    65%W +0.2%    65%W +0.1%    65%W +0.3%    55%W +0.1%    55%W +0.2%    50%W -0.0%       -2.3% → +2.3%
  TSLA    20    55%W +0.3%    45%W -0.2%    55%W +0.1%    45%W -0.4%    50%W +0.2%    50%W +0.3%       -6.0% → +5.7%
  MU      20    85%W +0.3%    60%W +0.4%    55%W +0.1%    60%W +0.1%    45%W -0.3%    45%W -0.3%       -1.7% → +4.8%
  MRVL    20    75%W +0.4%    65%W +0.5%    60%W +0.6%    65%W +0.3%    45%W -0.2%    45%W -0.4%       -5.0% → +5.5%
  QCOM    20    50%W -0.0%    50%W +0.0%    50%W -0.1%    45%W -0.2%    45%W -0.2%    45%W -0.2%       -2.6% → +2.6%
  CRWD    20    60%W +0.4%    50%W -0.0%    50%W +0.0%    50%W -0.2%    40%W -0.3%    40%W -0.3%       -4.9% → +3.3%
  CHTR    20    70%W +0.1%    55%W +0.1%    65%W +0.3%    70%W +0.3%    40%W -0.4%    40%W -0.2%       -2.9% → +3.1%
  DDOG    20    40%W -0.1%    30%W -0.1%    35%W -0.3%    55%W +0.1%    35%W -0.8%    35%W -0.8%       -3.6% → +3.7%
  PLTR    20    65%W +0.3%    60%W +0.2%    45%W -0.3%    35%W -0.5%    30%W -0.7%    30%W -0.5%       -6.1% → +8.8%
Pre-session top-2 (9:25, 20d EOD win rate) — 2023-03-28  OR: 09:30/3b
  #1 LLY    +15m 65%W +0.2%  +30m 65%W +0.2%  +1h 55%W +0.2%  +2h 60%W +0.1%  +5h 65%W +0.6%  EOD 65%W +0.5%  EOD range -2.8% → +2.1%
  #2 AMD    +15m 60%W +0.6%  +30m 60%W +0.4%  +1h 60%W +0.3%  +2h 65%W +0.3%  +5h 60%W +1.3%  EOD 60%W +0.5%  EOD range -2.9% → +6.0%
  Ticker   N          +15m          +30m           +1h           +2h           +5h           EOD           EOD range
  ----------------------------------------------------------------------------------------------------------------------
  LLY     20    65%W +0.2%    65%W +0.2%    55%W +0.2%    60%W +0.1%    65%W +0.6%    65%W +0.5%       -2.8% → +2.1%
  AMD     20    60%W +0.6%    60%W +0.4%    60%W +0.3%    65%W +0.3%    60%W +1.3%    60%W +0.5%       -2.9% → +6.0%
  SNOW    20    60%W +0.2%    45%W -0.2%    45%W -0.1%    55%W +0.4%    70%W +0.4%    55%W +0.4%       -4.0% → +5.4%
  SPOT    20    65%W +0.4%    70%W +0.5%    55%W +0.3%    55%W +0.3%    60%W +0.4%    55%W +0.2%       -3.2% → +3.5%
  APP     20    65%W +0.3%    70%W +0.3%    60%W +0.5%    70%W +0.7%    50%W +0.2%    50%W +0.1%       -4.7% → +6.7%
  META    20    60%W +0.1%    40%W -0.1%    50%W -0.2%    55%W +0.2%    50%W -0.0%    50%W +0.1%       -3.2% → +3.3%
  SNPS    20    60%W +0.1%    65%W +0.1%    65%W +0.3%    55%W +0.1%    55%W +0.2%    50%W -0.0%       -2.3% → +2.3%
  AVGO    20    65%W +0.2%    60%W +0.1%    60%W +0.1%    65%W +0.4%    55%W +0.1%    50%W +0.1%       -1.7% → +2.7%
  MU      20    80%W +0.3%    60%W +0.4%    55%W +0.1%    60%W +0.1%    45%W -0.3%    45%W -0.3%       -2.0% → +4.8%
  MRVL    20    70%W +0.3%    60%W +0.4%    65%W +0.6%    60%W +0.3%    45%W -0.2%    45%W -0.5%       -5.0% → +5.5%
  QCOM    20    50%W +0.0%    45%W -0.1%    50%W -0.1%    45%W -0.2%    45%W -0.2%    45%W -0.2%       -2.6% → +2.6%
  CHTR    20    70%W +0.1%    50%W -0.0%    60%W +0.3%    65%W +0.2%    45%W -0.3%    45%W -0.2%       -2.9% → +3.1%
  TSLA    20    50%W +0.1%    40%W -0.2%    50%W -0.1%    40%W -0.5%    45%W -0.1%    45%W -0.1%       -6.0% → +5.7%
  CRWD    20    55%W +0.2%    45%W -0.1%    45%W -0.1%    45%W -0.6%    40%W -0.3%    40%W -0.4%       -4.9% → +3.3%
  DDOG    20    40%W -0.1%    30%W -0.1%    35%W -0.4%    50%W -0.3%    35%W -0.9%    35%W -0.9%       -3.6% → +3.7%
  PLTR    20    60%W +0.1%    55%W +0.0%    45%W -0.3%    35%W -0.8%    30%W -0.7%    30%W -0.5%       -6.1% → +8.8%
Pre-session top-2 (9:25, 20d EOD win rate) — 2023-03-29  OR: 09:30/3b
  #1 LLY    +15m 70%W +0.2%  +30m 70%W +0.2%  +1h 55%W +0.2%  +2h 60%W +0.1%  +5h 65%W +0.6%  EOD 70%W +0.5%  EOD range -2.8% → +2.1%
  #2 SPOT   +15m 65%W +0.4%  +30m 75%W +0.5%  +1h 55%W +0.3%  +2h 60%W +0.5%  +5h 60%W +0.4%  EOD 60%W +0.2%  EOD range -3.2% → +3.5%
  Ticker   N          +15m          +30m           +1h           +2h           +5h           EOD           EOD range
  ----------------------------------------------------------------------------------------------------------------------
  LLY     20    70%W +0.2%    70%W +0.2%    55%W +0.2%    60%W +0.1%    65%W +0.6%    70%W +0.5%       -2.8% → +2.1%
  SPOT    20    65%W +0.4%    75%W +0.5%    55%W +0.3%    60%W +0.5%    60%W +0.4%    60%W +0.2%       -3.2% → +3.5%
  AMD     20    60%W +0.6%    55%W +0.2%    55%W +0.2%    60%W +0.1%    55%W +0.7%    60%W +0.5%       -2.9% → +6.0%
  SNOW    20    65%W +0.2%    50%W +0.1%    45%W -0.1%    60%W +0.4%    70%W +0.4%    55%W +0.4%       -4.0% → +5.4%
  META    20    55%W +0.1%    40%W -0.1%    45%W -0.3%    55%W +0.2%    50%W -0.0%    50%W +0.3%       -3.2% → +3.3%
  SNPS    20    60%W +0.1%    60%W +0.1%    65%W +0.3%    55%W +0.1%    55%W +0.2%    50%W -0.0%       -2.3% → +2.3%
  MU      20    75%W +0.3%    55%W +0.2%    55%W +0.1%    60%W +0.1%    45%W -0.3%    50%W +0.0%       -2.0% → +4.8%
  TSLA    20    50%W +0.1%    45%W -0.2%    50%W -0.0%    45%W -0.4%    45%W -0.1%    50%W +0.1%       -6.0% → +5.7%
  AVGO    20    65%W +0.2%    60%W +0.1%    60%W +0.1%    60%W +0.3%    50%W -0.0%    50%W +0.1%       -1.7% → +2.7%
  APP     20    65%W +0.3%    70%W +0.4%    60%W +0.6%    70%W +0.7%    50%W +0.0%    45%W -0.1%       -4.7% → +6.7%
  MRVL    20    65%W +0.3%    55%W +0.3%    60%W +0.3%    55%W +0.2%    40%W -0.3%    45%W -0.5%       -5.0% → +5.5%
  QCOM    20    55%W +0.1%    50%W +0.0%    50%W -0.1%    50%W +0.0%    40%W -0.4%    45%W -0.1%       -2.6% → +2.6%
  CHTR    20    65%W +0.0%    50%W -0.0%    55%W +0.2%    60%W +0.1%    45%W -0.3%    45%W -0.2%       -2.9% → +3.1%
  CRWD    20    50%W +0.2%    40%W -0.2%    45%W -0.1%    45%W -0.4%    40%W -0.3%    40%W -0.4%       -4.9% → +3.3%
  DDOG    20    45%W -0.0%    35%W -0.1%    40%W -0.2%    55%W +0.2%    40%W -0.9%    40%W -0.8%       -3.6% → +3.7%
  PLTR    20    60%W +0.1%    60%W +0.2%    45%W -0.3%    40%W -0.5%    35%W -0.6%    30%W -0.4%       -6.1% → +8.8%
Pre-session top-2 (9:25, 20d EOD win rate) — 2023-03-30  OR: 09:30/3b
  #1 LLY    +15m 65%W +0.2%  +30m 65%W +0.2%  +1h 50%W -0.0%  +2h 55%W +0.1%  +5h 60%W +0.4%  EOD 65%W +0.4%  EOD range -2.8% → +2.1%
  #2 SNOW   +15m 65%W +0.2%  +30m 55%W +0.4%  +1h 50%W +0.0%  +2h 65%W +0.5%  +5h 70%W +0.5%  EOD 60%W +0.5%  EOD range -4.0% → +5.4%
  Ticker   N          +15m          +30m           +1h           +2h           +5h           EOD           EOD range
  ----------------------------------------------------------------------------------------------------------------------
  LLY     20    65%W +0.2%    65%W +0.2%    50%W -0.0%    55%W +0.1%    60%W +0.4%    65%W +0.4%       -2.8% → +2.1%
  SNOW    20    65%W +0.2%    55%W +0.4%    50%W +0.0%    65%W +0.5%    70%W +0.5%    60%W +0.5%       -4.0% → +5.4%
  AMD     20    60%W +0.5%    55%W +0.2%    55%W +0.2%    60%W +0.1%    55%W +0.7%    60%W +0.5%       -2.9% → +6.0%
  META    20    50%W -0.0%    35%W -0.1%    40%W -0.3%    55%W +0.2%    50%W -0.0%    55%W +0.7%       -3.2% → +3.3%
  SNPS    20    60%W +0.1%    60%W +0.1%    65%W +0.3%    55%W +0.1%    60%W +0.4%    55%W +0.3%       -2.3% → +2.3%
  SPOT    20    60%W +0.3%    75%W +0.5%    55%W +0.3%    60%W +0.5%    55%W +0.2%    55%W +0.2%       -3.2% → +3.5%
  APP     20    65%W +0.4%    75%W +0.4%    60%W +0.6%    70%W +0.7%    55%W +0.3%    50%W +0.1%       -4.7% → +6.7%
  MU      20    70%W +0.2%    55%W +0.2%    55%W +0.1%    60%W +0.1%    45%W -0.3%    50%W +0.1%       -2.0% → +4.8%
  MRVL    20    65%W +0.4%    60%W +0.4%    60%W +0.4%    60%W +0.3%    45%W -0.2%    50%W -0.2%       -5.0% → +5.5%
  QCOM    20    60%W +0.1%    55%W +0.1%    50%W -0.1%    50%W +0.0%    45%W -0.2%    50%W +0.1%       -2.6% → +2.6%
  TSLA    20    50%W +0.1%    45%W -0.2%    50%W -0.0%    45%W -0.4%    45%W -0.1%    50%W +0.1%       -6.0% → +5.7%
  AVGO    20    60%W +0.1%    60%W +0.1%    55%W +0.1%    60%W +0.3%    50%W -0.0%    50%W -0.0%       -1.7% → +2.7%
  CHTR    20    60%W +0.0%    55%W +0.0%    55%W +0.2%    60%W +0.1%    45%W -0.3%    45%W -0.2%       -2.9% → +3.1%
  DDOG    20    40%W -0.1%    35%W -0.1%    40%W -0.4%    55%W +0.2%    40%W -0.6%    40%W -0.6%       -3.6% → +3.7%
  CRWD    20    45%W -0.1%    40%W -0.3%    40%W -0.3%    45%W -0.4%    35%W -0.5%    35%W -0.8%       -4.9% → +3.3%
  PLTR    20    60%W +0.1%    60%W +0.2%    45%W -0.3%    40%W -0.5%    40%W -0.5%    30%W -0.3%       -6.1% → +8.8%
Pre-session top-2 (9:25, 20d EOD win rate) — 2023-03-31  OR: 09:30/3b
  #1 LLY    +15m 65%W +0.2%  +30m 65%W +0.2%  +1h 50%W +0.0%  +2h 55%W +0.1%  +5h 60%W +0.4%  EOD 65%W +0.4%  EOD range -2.8% → +2.1%
  #2 SNOW   +15m 65%W +0.2%  +30m 60%W +0.4%  +1h 50%W +0.0%  +2h 65%W +0.5%  +5h 70%W +0.5%  EOD 60%W +0.5%  EOD range -4.0% → +5.4%
  Ticker   N          +15m          +30m           +1h           +2h           +5h           EOD           EOD range
  ----------------------------------------------------------------------------------------------------------------------
  LLY     20    65%W +0.2%    65%W +0.2%    50%W +0.0%    55%W +0.1%    60%W +0.4%    65%W +0.4%       -2.8% → +2.1%
  SNOW    20    65%W +0.2%    60%W +0.4%    50%W +0.0%    65%W +0.5%    70%W +0.5%    60%W +0.5%       -4.0% → +5.4%
  META    20    55%W +0.1%    40%W -0.1%    45%W -0.2%    60%W +0.3%    50%W -0.0%    55%W +0.7%       -3.2% → +3.3%
  SNPS    20    60%W +0.1%    60%W +0.1%    65%W +0.3%    60%W +0.2%    60%W +0.4%    55%W +0.3%       -2.3% → +2.3%
  SPOT    20    60%W +0.3%    70%W +0.5%    50%W +0.1%    60%W +0.4%    50%W -0.1%    55%W +0.2%       -3.2% → +3.5%
  AMD     20    60%W +0.5%    50%W +0.0%    50%W -0.1%    55%W +0.1%    50%W +0.1%    55%W +0.3%       -2.9% → +6.0%
  QCOM    20    65%W +0.1%    60%W +0.1%    50%W -0.0%    55%W +0.1%    45%W -0.2%    50%W +0.1%       -2.6% → +2.6%
  AVGO    20    55%W +0.1%    55%W +0.1%    55%W +0.1%    60%W +0.3%    50%W -0.0%    50%W -0.1%       -1.7% → +2.7%
  APP     20    65%W +0.3%    75%W +0.3%    60%W +0.6%    65%W +0.6%    50%W +0.0%    45%W -0.1%       -4.7% → +6.7%
  MU      20    75%W +0.3%    55%W +0.2%    55%W +0.1%    60%W +0.1%    45%W -0.3%    45%W -0.3%       -2.0% → +4.8%
  MRVL    20    65%W +0.4%    55%W +0.3%    60%W +0.2%    60%W +0.2%    40%W -0.2%    45%W -0.5%       -5.0% → +5.5%
  TSLA    20    50%W +0.1%    40%W -0.2%    50%W -0.0%    50%W -0.2%    50%W -0.0%    45%W -0.1%       -6.0% → +5.7%
  CHTR    20    65%W +0.0%    55%W +0.0%    55%W +0.2%    60%W +0.1%    40%W -0.4%    40%W -0.2%       -2.9% → +3.1%
  CRWD    20    45%W -0.1%    35%W -0.3%    40%W -0.3%    50%W -0.0%    35%W -0.5%    35%W -0.8%       -4.9% → +3.0%
  DDOG    20    40%W -0.1%    30%W -0.1%    35%W -0.4%    50%W -0.3%    35%W -0.9%    35%W -0.8%       -3.6% → +3.7%
  PLTR    20    60%W +0.1%    55%W +0.0%    40%W -0.3%    35%W -0.8%    35%W -0.6%    25%W -0.4%       -6.1% → +8.8%

=========================================================================================================================================================================================
Pre-Session Top-2 Performance — 2023-03-01 to 2023-03-31  |  Unconditional OR-close entry  |  OR: 09:30/3b
=========================================================================================================================================================================================
Date         Ticker Rank  At       Entry       +15m       +30m       +45m        +1h     +1h30m        +2h        +3h        +4h        +5h        +6h        +7h        EOD
-----------------------------------------------------------------------------------------------------------------------------------------------------------------------------------------
2023-03-01   SNPS   #1    09:40   362.81    +0.35%W    +0.15%W    +0.23%W    +0.72%W    -0.15%L    +0.12%W    +0.31%W    -0.10%L    -0.47%L    -0.50%L    -0.44%L    -0.44%L
2023-03-01   CHTR   #2    09:40   367.56    +0.08%W    -0.81%L    -0.86%L    -0.55%L    -2.01%L    -1.64%L    -0.85%L    -1.28%L    -1.53%L    -1.19%L    -1.28%L    -1.28%L
2023-03-02   CHTR   #1    09:40   361.20    -0.35%L    -0.05%L    +0.43%W    -0.05%L    -0.09%L    -0.21%L    -0.30%L    -0.12%L    +0.53%W    +0.83%W    +0.52%W    +0.52%W
2023-03-02   SNPS   #2    09:40   356.22    +0.32%W    +0.44%W    +0.42%W    +0.26%W    +0.31%W    -0.09%L    +0.32%W    +0.67%W    +1.72%W    +2.09%W    +1.91%W    +1.91%W
2023-03-03   CHTR   #1    09:40   367.79    +0.05%W    -0.17%L    +0.10%W    +0.25%W    +0.35%W    +0.21%W    +0.22%W    +0.33%W    +0.86%W    +0.61%W    +0.62%W    +0.62%W
2023-03-03   SNPS   #2    09:40   364.93    +0.19%W    +0.02%W    +0.18%W    +0.27%W    -0.12%L    -0.03%L    +0.12%W    +0.44%W    +0.58%W    +0.65%W    +0.71%W    +0.71%W
2023-03-06   SNPS   #1    09:40   367.42    -0.29%L    -0.04%L    +0.34%W    +0.41%W    +1.04%W    +0.81%W    +0.78%W    +0.51%W    +0.44%W    +0.37%W    +0.31%W    +0.31%W
2023-03-06   CHTR   #2    09:40   369.67    +0.03%W    +0.32%W    +0.37%W    +0.37%W    +0.62%W    +0.66%W    +0.16%W    -0.31%L    -0.45%L    -0.26%L    -0.14%L    -0.14%L
2023-03-07   SNPS   #1    09:40   369.89    -0.92%L    -2.00%L    -1.58%L    -1.56%L    -2.00%L    -1.88%L    -1.61%L    -2.48%L    -2.64%L    -2.29%L    -2.32%L    -2.32%L
2023-03-07   CHTR   #2    09:40   368.37    -0.21%L    -1.54%L    -1.60%L    -1.86%L    -2.63%L    -2.58%L    -2.15%L    -3.05%L    -3.47%L    -3.14%L    -2.86%L    -2.86%L
2023-03-08   SNPS   #1    09:40   362.85    +0.04%W    -0.01%L    -0.09%L    +0.33%W    +0.22%W    +0.16%W    +0.29%W    +0.26%W    +0.86%W    +1.63%W    +1.70%W    +1.70%W
2023-03-08   TSLA   #2    09:40   182.36    -0.50%L    -0.74%L    -0.27%L    -0.47%L    +0.17%W    -0.46%L    -0.70%L    -0.97%L    -0.21%L    -0.19%L    -0.17%L    -0.17%L
2023-03-09   SNPS   #1    09:40   368.74    +0.60%W    +1.31%W    +1.24%W    +1.30%W    +1.00%W    +1.18%W    +0.31%W    -0.67%L    -1.37%L    -2.01%L    -1.87%L    -1.87%L
2023-03-09   TSLA   #2    09:40   183.82    -0.21%L    -1.15%L    -0.96%L    -0.41%L    -1.25%L    -1.37%L    -2.59%L    -3.52%L    -3.69%L    -5.41%L    -5.97%L    -5.97%L
2023-03-10   SNPS   #1    09:40   358.45    -0.56%L    +0.01%W    +0.03%W    +0.42%W    +0.43%W    +1.48%W    +0.29%W    -0.92%L    -0.88%L    -0.84%L    -0.85%L    -0.85%L
2023-03-10   AVGO   #2    09:40   618.68    +0.10%W    -0.01%L    -0.14%L    -0.10%L    +0.38%W    +0.89%W    +0.05%W    -0.80%L    -0.37%L    -0.77%L    -0.62%L    -0.62%L
2023-03-13   SNPS   #1    09:40   350.80    +1.02%W    +1.31%W    +1.16%W    +1.90%W    +2.49%W    +3.15%W    +3.15%W    +2.58%W    +2.90%W    +2.47%W    +1.81%W    +1.81%W
2023-03-13   AMD    #2    09:40    78.75    +3.13%W    +2.43%W    +1.90%W    +2.37%W    +4.26%W    +5.17%W    +5.50%W    +4.97%W    +5.11%W    +4.96%W    +4.12%W    +4.12%W
2023-03-14   SNPS   #1    09:40   365.17    -0.54%L    +0.12%W    +0.13%W    +0.07%W    -0.03%L    +0.19%W    +0.17%W    +0.47%W    +0.56%W    +0.79%W    +1.31%W    +1.31%W
2023-03-14   AMD    #2    09:40    85.43    +1.14%W    +1.46%W    +2.35%W    +2.59%W    +2.32%W    +3.20%W    +2.67%W    +2.19%W    +1.63%W    +1.29%W    +2.39%W    +2.39%W
2023-03-15   SNPS   #1    09:40   369.26    -0.53%L    -1.33%L    -1.16%L    -1.43%L    -1.60%L    -1.55%L    -2.00%L    -1.89%L    -1.00%L    -1.02%L    -0.62%L    -0.62%L
2023-03-15   SPOT   #2    09:40   123.50    -0.73%L    -0.70%L    -0.31%L    -1.10%L    -0.10%L    +0.54%W    +0.79%W    +0.58%W    +1.33%W    +1.44%W    +1.75%W    +1.75%W
2023-03-16   SNPS   #1    09:40   365.49    +0.66%W    +0.53%W    +0.35%W    +0.64%W    +1.59%W    +2.28%W    +2.47%W    +2.51%W    +2.74%W    +3.32%W    +2.27%W    +2.27%W
2023-03-16   SPOT   #2    09:40   125.69    +0.35%W    +0.09%W    -0.22%L    +0.29%W    +2.08%W    +2.32%W    +2.95%W    +2.91%W    +2.96%W    +3.13%W    +2.78%W    +2.78%W
2023-03-17   SNPS   #1    09:40   375.71    +0.04%W    +0.40%W    -0.10%L    -0.36%L    -0.40%L    -0.83%L    -0.59%L    -0.26%L    -0.87%L    -1.04%L    -0.85%L    -0.85%L
2023-03-17   SPOT   #2    09:40   128.16    +0.47%W    +0.76%W    -0.04%L    -0.89%L    -1.01%L    -1.47%L    -0.65%L    -0.39%L    -0.97%L    -0.78%L    -0.86%L    -0.86%L
2023-03-20   SNPS   #1    09:40   372.96    +0.30%W    -0.31%L    -0.18%L    -0.36%L    +0.23%W    +0.01%W    -0.49%L    +0.27%W    +0.02%W    +0.46%W    +0.71%W    +0.71%W
2023-03-20   SPOT   #2    09:40   126.67    -0.88%L    -0.90%L    +0.24%W    -0.32%L    +0.35%W    +0.11%W    -1.22%L    -1.29%L    -1.24%L    -0.67%L    -0.20%L    -0.20%L
2023-03-21   SNOW   #1    09:40   136.70    +0.67%W    -0.64%L    -0.60%L    -0.18%L    +0.91%W    +1.33%W    +2.55%W    +2.23%W    +2.13%W    +3.42%W    +3.51%W    +3.51%W
2023-03-21   SNPS   #2    09:40   375.72    -0.24%L    -0.37%L    -0.71%L    -1.17%L    -1.07%L    -1.51%L    -1.49%L    -1.33%L    -0.85%L    -0.08%L    -0.37%L    -0.37%L
2023-03-22   SNOW   #1    09:40   139.56    +0.10%W    -0.48%L    +0.26%W    +0.09%W    -0.56%L    -0.41%L    -0.63%L    -0.74%L    +1.67%W    -1.48%L    -2.81%L    -2.81%L
2023-03-22   SPOT   #2    09:40   129.85    -0.64%L    -1.04%L    -0.57%L    -0.48%L    -0.62%L    -0.25%L    -0.36%L    +0.83%W    +1.65%W    +0.07%W    -1.31%L    -1.31%L
2023-03-23   SNOW   #1    09:40   136.22    +0.28%W    +0.93%W    +0.41%W    +1.15%W    +1.16%W    +0.23%W    +0.13%W    +2.98%W    +0.96%W    +3.06%W    +3.13%W    +3.13%W
2023-03-23   AMD    #2    09:40   100.37    +0.72%W    +1.01%W    +1.09%W    +0.93%W    +1.90%W    +1.09%W    +1.35%W    +1.37%W    -1.51%L    -0.56%L    -0.11%L    -0.11%L
2023-03-24   SNOW   #1    09:40   140.72    -1.08%L    -1.42%L    -1.74%L    -2.79%L    -3.55%L    -3.09%L    -2.65%L    -2.96%L    -2.91%L    -2.71%L    -2.96%L    -2.96%L
2023-03-24   SPOT   #2    09:40   129.27    +0.89%W    +0.40%W    +0.94%W    +0.44%W    -0.26%L    -0.60%L    -1.32%L    -0.91%L    -0.71%L    -0.48%L    -0.71%L    -0.71%L
2023-03-27   SNOW   #1    09:40   136.18    -0.02%L    +0.83%W    +0.87%W    +0.53%W    +0.39%W    -0.19%L    -1.10%L    -0.64%L    +0.12%W    -0.17%L    -0.86%L    -0.86%L
2023-03-27   SPOT   #2    09:40   130.49    +0.50%W    +0.28%W    -0.42%L    -0.39%L    -0.57%L    -0.91%L    -1.32%L    -0.94%L    -0.45%L    -0.48%L    -0.76%L    -0.76%L
2023-03-28   LLY    #1    09:40   336.91    +0.34%W    +0.18%W    -0.05%L    -0.16%L    -0.26%L    -0.37%L    -0.30%L    -0.26%L    -0.06%L    +0.01%W    +0.21%W    +0.21%W
2023-03-28   AMD    #2    09:40    94.07    -1.06%L    -0.18%L    -0.03%L    -0.66%L    -0.04%L    -0.51%L    -0.37%L    -0.82%L    -0.16%L    +0.03%W    +0.54%W    +0.54%W
2023-03-29   LLY    #1    09:40   339.10    -0.03%L    -0.60%L    -0.45%L    -0.30%L    -0.15%L    -0.45%L    -0.68%L    -0.80%L    -1.19%L    -0.94%L    -0.98%L    -0.98%L
2023-03-29   SPOT   #2    09:40   130.05    -0.24%L    -0.57%L    -0.45%L    -0.62%L    -1.11%L    -0.70%L    -0.70%L    -0.82%L    -0.27%L    -0.03%L    -0.13%L    -0.13%L
2023-03-30   LLY    #1    09:40   336.94    +0.33%W    +0.41%W    +0.28%W    +0.25%W    +0.12%W    +0.35%W    +0.20%W    +0.62%W    +0.75%W    +1.07%W    +1.10%W    +1.10%W
2023-03-30   SNOW   #2    09:40   140.77    +2.84%W    +1.19%W    +2.02%W    +1.00%W    +1.39%W    +0.88%W    +0.76%W    +0.16%W    +1.14%W    +1.15%W    +0.95%W    +0.95%W
2023-03-31   LLY    #1    09:40   342.48    +0.20%W    +0.16%W    -0.22%L    -0.12%L    -0.17%L    -0.42%L    -0.36%L    -0.23%L    -0.26%L    +0.05%W    +0.23%W    +0.23%W
2023-03-31   SNOW   #2    09:40   144.07    +0.43%W    +1.01%W    +2.13%W    +4.04%W    +3.57%W    +3.29%W    +4.62%W    +3.99%W    +5.31%W    +6.02%W    +7.09%W    +7.09%W

========================================================================================
Pre-session picks summary — 46 pick(s) across 23 trading day(s)

Top-2 picks (all days)  (46 signal(s))
  Hold      Count   Win Rate   Avg Gain    Avg Win   Avg Loss ProfitFactor   Sum Ret%
  -------------------------------------------------------------------------
  +15m         46      60.9%     +0.16%     +0.58%     -0.50%        1.79x     +7.14%
  +30m         46      52.2%     +0.02%     +0.66%     -0.68%        1.05x     +0.72%
  +45m         46      50.0%     +0.10%     +0.76%     -0.56%        1.37x     +4.69%
  +1h          46      50.0%     +0.09%     +0.90%     -0.71%        1.26x     +4.29%
  +1h30m       46      50.0%     +0.16%     +1.19%     -0.86%        1.38x     +7.48%
  +2h          46      50.0%     +0.18%     +1.29%     -0.94%        1.38x     +8.11%
  +3h          46      50.0%     +0.12%     +1.31%     -1.06%        1.23x     +5.74%
  +4h          46      43.5%     +0.05%     +1.54%     -1.10%        1.08x     +2.41%
  +5h          46      47.8%     +0.18%     +1.63%     -1.15%        1.31x     +8.42%
  +6h          46      50.0%     +0.26%     +1.69%     -1.18%        1.44x    +11.88%
  +7h          46      47.8%     +0.21%     +1.80%     -1.25%        1.32x     +9.60%
  EOD          46      47.8%     +0.21%     +1.80%     -1.25%        1.32x     +9.60%

=========================================================================================================================================================================================
Signal Analysis — 2023-03-01 to 2023-03-31  |  BULL only  |  Vol ≥ 1.0x 20dAvg
Windows: 09:30/3b  |  Collection: 3 bars  |  Tickers: 19
=========================================================================================================================================================================================
Date         Ticker Window   At       Entry  Vol/20d       +15m       +30m       +45m        +1h     +1h30m        +2h        +3h        +4h        +5h        +6h        +7h        EOD
-----------------------------------------------------------------------------------------------------------------------------------------------------------------------------------------
2023-03-01   MRVL   09:30/3b 09:40    45.92    1.01x    +0.35%W    -0.98%L    -0.77%L    +0.11%W    -1.46%L    -1.12%L    -0.87%L    -0.88%L    -1.02%L    -0.87%L    -1.15%L    -1.15%L
2023-03-01   QCOM   09:30/3b 09:40   125.17    1.08x    -0.56%L    -1.57%L    -1.31%L    -0.61%L    -1.47%L    -1.37%L    -0.69%L    -1.05%L    -1.20%L    -1.29%L    -1.17%L    -1.17%L
2023-03-01   AVGO   09:30/3b 09:45   596.86    1.40x    -0.20%L    -0.62%L    -0.60%L    -0.13%L    -0.98%L    -0.26%L    -0.24%L    -0.64%L    -0.81%L    -0.62%L    -0.50%L    -0.50%L
2023-03-03   SNOW   09:30/3b 09:40   140.34    3.39x    +0.70%W    +0.70%W    +0.29%W    -0.32%L    -0.93%L    -0.49%L    +0.79%W    +0.51%W    +0.54%W    +1.16%W    +1.24%W    +1.24%W
2023-03-03   MU     09:30/3b 09:40    56.03    1.17x    +0.66%W    +0.07%W    +0.21%W    +0.61%W    -0.14%L    +0.04%W    +0.20%W    +0.48%W    +1.09%W    +1.26%W    +1.34%W    +1.34%W
2023-03-03   CRWD   09:30/3b 09:45   125.29    1.37x    -0.72%L    -0.81%L    -0.55%L    -0.48%L    -0.73%L    -0.22%L    +0.64%W    +0.69%W    +0.53%W    +0.53%W    +0.61%W    +0.61%W
2023-03-03   AMD    09:30/3b 09:50    80.14    1.05x    -0.43%L    +0.52%W    -0.07%L    -0.28%L    -0.16%L    -0.41%L    +0.87%W    +1.23%W    +1.42%W    +1.66%W    +1.78%W    +1.78%W
2023-03-06   SPOT   09:30/3b 09:45   125.94    1.23x    +0.79%W    +1.04%W    +0.85%W    +1.30%W    +1.32%W    +1.25%W    +0.97%W    +0.53%W    +0.10%W    +0.31%W    +0.29%W    +0.29%W
2023-03-06   MRVL   09:30/3b 09:40    44.14    1.22x    -0.68%L    -0.20%L    +0.91%W    +0.99%W    -0.23%L    -2.02%L    -2.70%L    -3.75%L    -4.36%L    -4.93%L    -4.24%L    -4.24%L
2023-03-06   AVGO   09:30/3b 09:40   635.39    1.47x    -0.08%L    +0.24%W    +0.51%W    +1.12%W    +1.22%W    +0.79%W    +0.31%W    +0.26%W    -0.05%L    -0.30%L    -0.40%L    -0.40%L
2023-03-06   AMD    09:30/3b 09:40    82.23    1.15x    -0.92%L    -0.29%L    +0.47%W    +0.95%W    +0.63%W    -0.06%L    +0.09%W    -0.43%L    -0.88%L    -1.08%L    -1.29%L    -1.29%L
2023-03-07   MRVL   09:30/3b 09:45    42.02    1.37x    -2.23%L    -2.56%L    -0.80%L    -0.89%L    -0.92%L    -0.04%L    -0.15%L    -2.17%L    -2.37%L    -2.02%L    -2.15%L    -2.15%L
2023-03-07   CRWD   09:30/3b 09:40   127.83    1.42x    -0.20%L    -1.42%L    -1.39%L    -0.95%L    -1.30%L    -1.72%L    -0.72%L    -1.73%L    -2.36%L    -1.92%L    -2.28%L    -2.28%L
2023-03-07   AVGO   09:30/3b 09:45   634.79    1.07x    -1.07%L    -1.06%L    -0.58%L    -0.79%L    -1.26%L    -0.89%L    -0.80%L    -1.78%L    -1.63%L    -1.36%L    -1.53%L    -1.53%L
2023-03-09   LLY    09:30/3b 09:40   315.09    2.31x    +0.53%W    +0.47%W    +0.79%W    +0.61%W    +0.40%W    +0.49%W    +0.85%W    +0.80%W    +0.22%W    +0.27%W    +0.56%W    +0.56%W
2023-03-09   CRWD   09:30/3b 09:40   127.94    1.01x    -0.04%L    +0.91%W    +1.02%W    +0.14%W    -1.04%L    -1.17%L    -0.95%L    -2.25%L    -3.20%L    -4.34%L    -4.89%L    -4.89%L
2023-03-09   AVGO   09:30/3b 09:50   637.46    1.21x    +0.68%W    +0.48%W    +0.54%W    +0.42%W    +0.53%W    +0.35%W    -0.24%L    -1.23%L    -1.45%L    -2.13%L    -2.37%L    -2.37%L
2023-03-09   AMD    09:30/3b 09:40    86.06    1.65x    +1.39%W    +1.48%W    +0.88%W    +0.66%W    +1.23%W    +1.53%W    -0.41%L    -1.16%L    -1.13%L    -2.33%L    -2.39%L    -2.39%L
2023-03-09   DDOG   09:30/3b 09:45    73.63    1.03x    +0.86%W    +0.38%W    +0.55%W    -0.20%L    -1.23%L    -1.38%L    -2.68%L    -3.31%L    -3.99%L    -4.97%L    -5.03%L    -5.03%L
2023-03-10   CRWD   09:30/3b 09:45   121.10    1.49x    +0.19%W    -0.04%L    +0.63%W    -0.11%L    +1.50%W    +1.44%W    -0.46%L    -1.65%L    -0.89%L    -1.23%L    -1.15%L    -1.15%L
2023-03-10   TSLA   09:30/3b 09:50   173.18    1.28x    +0.86%W    +0.19%W    +1.56%W    +1.47%W    +2.03%W    +1.55%W    +0.90%W    -0.29%L    +1.18%W    +0.09%W    +0.14%W    +0.14%W
2023-03-13   LLY    09:30/3b 09:40   323.03    1.52x    +1.26%W    +1.50%W    +1.57%W    +2.62%W    +1.45%W    +0.96%W    +0.26%W    +1.07%W    +0.62%W    +0.65%W    +0.41%W    +0.41%W
2023-03-14   MU     09:30/3b 09:40    55.01    1.68x    +0.24%W    -0.04%L    +0.24%W    +0.31%W    -0.25%L    +0.67%W    -0.18%L    -1.24%L    -1.44%L    -2.06%L    -1.36%L    -1.36%L
2023-03-14   LLY    09:30/3b 09:40   325.06    1.33x    +0.05%W    +0.39%W    +0.16%W    -0.51%L    -0.07%L    -0.54%L    -0.48%L    -0.45%L    +0.15%W    +0.40%W    +0.61%W    +0.61%W
2023-03-14   MRVL   09:30/3b 09:45    39.11    1.11x    -0.33%L    -0.66%L    +0.22%W    -0.10%L    +0.00%L    -0.65%L    -0.92%L    -1.66%L    -1.79%L    -1.82%L    -1.25%L    -1.25%L
2023-03-14   AVGO   09:30/3b 09:40   621.59    2.06x    +0.35%W    +0.91%W    +0.89%W    +1.16%W    +1.43%W    +1.47%W    +1.12%W    +0.76%W    +0.77%W    +0.74%W    +1.75%W    +1.75%W
2023-03-15   META   09:30/3b 09:40   195.08    2.53x    -1.31%L    -0.78%L    -1.43%L    -1.54%L    -0.94%L    -0.38%L    -1.11%L    -1.12%L    +0.44%W    +0.77%W    +1.37%W    +1.37%W
2023-03-15   SNPS   09:30/3b 09:40   369.26    1.16x    -0.53%L    -1.33%L    -1.16%L    -1.43%L    -1.60%L    -1.55%L    -2.00%L    -1.89%L    -1.00%L    -1.02%L    -0.62%L    -0.62%L
2023-03-15   MU     09:30/3b 09:45    53.58    1.09x    -0.56%L    -0.52%L    -0.75%L    -0.75%L    +0.30%W    +0.11%W    -0.84%L    -1.05%L    +0.11%W    +0.53%W    +1.12%W    +1.12%W
2023-03-15   TSLA   09:30/3b 09:40   181.72    1.02x    -0.96%L    -0.43%L    -0.81%L    -1.52%L    -0.89%L    -1.25%L    -2.15%L    -2.39%L    -1.51%L    -0.90%L    -0.64%L    -0.64%L
2023-03-15   AMD    09:30/3b 09:40    87.68    1.02x    -0.94%L    -0.82%L    -1.41%L    -0.80%L    -0.08%L    -0.24%L    -1.15%L    -0.24%L    +2.07%W    +2.45%W    +2.35%W    +2.35%W
2023-03-16   APP    09:30/3b 09:40    13.78    1.35x    +0.22%W    -0.98%L    -1.31%L    -0.07%L    +1.56%W    +1.67%W    -0.25%L    -0.18%L    -0.33%L    +0.22%W    -0.04%L    -0.04%L
2023-03-16   SPOT   09:30/3b 09:50   125.64    1.08x    -0.22%L    -0.10%L    +0.28%W    +1.12%W    +2.40%W    +2.57%W    +3.13%W    +2.81%W    +2.97%W    +2.87%W    +2.82%W    +2.82%W
2023-03-16   CHTR   09:30/3b 09:50   340.25    1.45x    -0.37%L    -0.31%L    +0.07%W    +1.22%W    +1.68%W    +1.90%W    +1.79%W    +1.47%W    +1.99%W    +1.84%W    +1.76%W    +1.76%W
2023-03-16   AMD    09:30/3b 09:40    91.13    1.95x    +1.84%W    +2.50%W    +3.03%W    +2.85%W    +4.09%W    +5.21%W    +5.19%W    +4.87%W    +4.95%W    +5.85%W    +6.01%W    +6.01%W
2023-03-17   CHTR   09:30/3b 09:40   343.47    1.43x    +1.10%W    +0.71%W    +0.12%W    +0.53%W    +1.17%W    +0.80%W    +1.83%W    +1.98%W    +1.80%W    +2.48%W    +1.88%W    +1.88%W
2023-03-22   APP    09:30/3b 09:45    14.14    1.37x    +0.21%W    +0.50%W    +0.74%W    +0.74%W    -0.50%L    +0.28%W    -0.04%L    -0.32%L    +1.69%W    -1.73%L    -2.44%L    -2.44%L
2023-03-22   PLTR   09:30/3b 09:40     8.53    1.94x    -0.70%L    +0.35%W    +0.94%W    +0.41%W    -0.64%L    -1.08%L    -1.47%L    -1.22%L    -0.53%L    -2.34%L    -3.75%L    -3.75%L
2023-03-22   AMD    09:30/3b 09:40    97.40    1.43x    +1.07%W    +0.59%W    +0.67%W    -0.35%L    -0.47%L    +0.43%W    +1.44%W    +1.94%W    +3.52%W    +1.90%W    +0.12%W    +0.12%W
2023-03-23   APP    09:30/3b 09:40    14.36    1.51x    +0.42%W    +0.91%W    +0.28%W    +1.39%W    +2.16%W    +1.18%W    +1.18%W    +0.14%W    -2.09%L    -1.18%L    -1.15%L    -1.15%L
2023-03-23   MU     09:30/3b 09:40    60.39    1.53x    +0.40%W    +0.80%W    +1.09%W    +1.42%W    +1.26%W    +0.05%W    +1.20%W    +2.12%W    -0.42%L    +1.59%W    +1.51%W    +1.51%W
2023-03-23   MRVL   09:30/3b 09:40    41.84    1.48x    +0.44%W    +0.84%W    +1.43%W    +1.76%W    +3.16%W    +2.49%W    +2.58%W    +2.75%W    -1.15%L    +0.43%W    +0.82%W    +0.82%W
2023-03-23   QCOM   09:30/3b 09:50   124.60    1.10x    +0.24%W    +0.43%W    +0.35%W    +0.59%W    +0.96%W    +1.16%W    +0.43%W    -0.10%L    -1.87%L    -0.20%L    -0.39%L    -0.39%L
2023-03-23   AMD    09:30/3b 09:40   100.37    1.27x    +0.72%W    +1.01%W    +1.09%W    +0.93%W    +1.90%W    +1.09%W    +1.35%W    +1.37%W    -1.51%L    -0.56%L    -0.11%L    -0.11%L
2023-03-23   DDOG   09:30/3b 09:50    67.84    1.04x    +0.30%W    +0.10%W    +1.27%W    +2.31%W    +1.79%W    +0.91%W    +0.41%W    +0.18%W    -1.65%L    -0.35%L    -0.57%L    -0.57%L
2023-03-24   APP    09:30/3b 09:50    14.26    1.06x    -0.74%L    -1.16%L    -0.81%L    -1.16%L    -2.28%L    -1.82%L    -1.79%L    -1.65%L    -1.72%L    -0.88%L    -0.53%L    -0.53%L
2023-03-24   META   09:30/3b 09:50   206.62    1.07x    -0.79%L    -0.60%L    -0.47%L    -0.40%L    -1.31%L    -0.52%L    -1.24%L    -0.79%L    -0.63%L    -0.33%L    -0.29%L    -0.29%L
2023-03-24   MU     09:30/3b 09:40    60.89    1.44x    +0.03%W    +0.34%W    +0.18%W    +0.25%W    -0.21%L    +0.23%W    +0.30%W    -0.40%L    -0.17%L    +0.31%W    +0.46%W    +0.46%W
2023-03-27   APP    09:30/3b 09:40    14.28    1.23x    -0.84%L    -1.37%L    -1.51%L    -2.03%L    -2.56%L    -3.75%L    -2.73%L    -1.44%L    -0.25%L    +0.04%W    -0.95%L    -0.95%L
2023-03-27   SNPS   09:30/3b 09:40   377.02    2.29x    -0.09%L    -0.24%L    -0.48%L    -0.38%L    -0.59%L    -0.89%L    -1.20%L    -0.71%L    -0.50%L    -0.73%L    -0.82%L    -0.82%L
2023-03-27   SPOT   09:30/3b 09:40   130.49    1.04x    +0.50%W    +0.28%W    -0.42%L    -0.39%L    -0.57%L    -0.91%L    -1.32%L    -0.94%L    -0.45%L    -0.48%L    -0.76%L    -0.76%L
2023-03-27   MU     09:30/3b 09:40    61.02    1.01x    -0.20%L    -1.07%L    -1.04%L    -1.56%L    -2.74%L    -2.25%L    -2.37%L    -1.20%L    -0.89%L    -1.47%L    -1.99%L    -1.99%L
2023-03-29   AMD    09:30/3b 09:40    96.22    1.22x    +0.01%W    -0.70%L    -0.99%L    -1.04%L    -0.84%L    -0.29%L    -0.66%L    -0.48%L    -0.36%L    +0.20%W    -0.11%L    -0.11%L
2023-03-31   SNPS   09:30/3b 09:40   378.03    1.12x    +0.21%W    +0.04%W    +0.10%W    +0.64%W    +0.56%W    +0.66%W    +1.35%W    +1.19%W    +1.44%W    +1.72%W    +2.17%W    +2.17%W
2023-03-31   AVGO   09:30/3b 09:50   634.27    1.03x    -0.45%L    -0.30%L    +0.04%W    +0.02%W    +0.06%W    +0.12%W    +0.39%W    +0.35%W    +0.63%W    +0.91%W    +1.15%W    +1.15%W
2023-03-31   AMD    09:30/3b 09:40    95.98    1.02x    +0.37%W    +0.35%W    +0.27%W    +1.10%W    +0.80%W    +1.10%W    +1.67%W    +1.36%W    +1.72%W    +1.95%W    +2.16%W    +2.16%W
2023-03-31   DDOG   09:30/3b 09:45    71.08    3.32x    -0.03%L    -0.35%L    +1.10%W    +1.81%W    +1.60%W    +1.91%W    +2.52%W    +1.73%W    +2.22%W    +2.28%W    +2.22%W    +2.22%W

========================================================================================
Summary — 57 qualifying signal(s) across 23 trading day(s)

Window 09:30/3b  (57 signal(s))
  Hold      Count   Win Rate   Avg Gain    Avg Win   Avg Loss ProfitFactor   Sum Ret%
  -------------------------------------------------------------------------
  +15m         57      52.6%     +0.01%     +0.57%     -0.60%        1.05x     +0.79%
  +30m         57      50.9%     -0.04%     +0.66%     -0.76%        0.89x     -2.28%
  +45m         57      63.2%     +0.12%     +0.70%     -0.89%        1.36x     +6.72%
  +1h          57      54.4%     +0.22%     +1.02%     -0.72%        1.68x    +12.76%
  +1h30m       57      45.6%     +0.15%     +1.43%     -0.92%        1.31x     +8.78%
  +2h          57      52.6%     +0.13%     +1.15%     -1.01%        1.26x     +7.13%
  +3h          57      47.4%     +0.02%     +1.25%     -1.09%        1.03x     +0.96%
  +4h          57      40.4%     -0.20%     +1.33%     -1.23%        0.73x    -11.18%
  +5h          57      40.4%     -0.24%     +1.40%     -1.34%        0.71x    -13.44%
  +6h          57      49.1%     -0.18%     +1.26%     -1.57%        0.78x    -10.02%
  +7h          57      43.9%     -0.20%     +1.47%     -1.51%        0.76x    -11.64%
  EOD          57      43.9%     -0.20%     +1.47%     -1.51%        0.76x    -11.64%
