Fetching 5-min bars (2022-12-18 → 2023-02-28) [alpaca]...
  [cache] fetching 2 tickers from alpaca (cache miss)
  [cache] loaded 17 tickers from cache
Fetching daily bars (2022-02-01 → 2023-02-28)...

=========================================================================================================================================================================================
Pre-Session Rankings (9:25) — 2023-02-01 to 2023-02-28  |  20d lookback
(Unconditional hold from OR close — no signal or vol filter)
=========================================================================================================================================================================================
Pre-session top-2 (9:25, 20d EOD win rate) — 2023-02-01  OR: 09:30/3b
  #1 SPOT   +15m 50%W +0.1%  +30m 50%W +0.2%  +1h 45%W -0.2%  +2h 70%W +0.4%  +5h 80%W +0.8%  EOD 85%W +0.9%  EOD range -1.7% → +5.8%
  #2 MU     +15m 65%W +0.3%  +30m 65%W +0.2%  +1h 40%W -0.0%  +2h 60%W +0.2%  +5h 85%W +0.8%  EOD 80%W +1.1%  EOD range -2.6% → +4.8%
  Ticker   N          +15m          +30m           +1h           +2h           +5h           EOD           EOD range
  ----------------------------------------------------------------------------------------------------------------------
  SPOT    20    50%W +0.1%    50%W +0.2%    45%W -0.2%    70%W +0.4%    80%W +0.8%    85%W +0.9%       -1.7% → +5.8%
  MU      20    65%W +0.3%    65%W +0.2%    40%W -0.0%    60%W +0.2%    85%W +0.8%    80%W +1.1%       -2.6% → +4.8%
  SNPS    20    45%W -0.1%    70%W +0.2%    55%W +0.1%    65%W +0.2%    65%W +0.5%    70%W +0.5%       -2.0% → +3.0%
  CHTR    20    75%W +0.2%    70%W +0.2%    60%W +0.0%    55%W +0.2%    70%W +0.6%    70%W +0.7%       -2.3% → +2.9%
  TSLA    20    70%W +0.5%    70%W +0.8%    60%W +0.8%    65%W +1.5%    75%W +1.8%    70%W +2.0%       -6.2% → +8.5%
  APP     20    50%W +0.1%    70%W +0.4%    50%W +0.0%    60%W +0.8%    70%W +2.4%    65%W +2.3%       -3.7% → +7.5%
  SNOW    20    50%W +0.0%    65%W +0.5%    50%W +0.1%    60%W +1.3%    65%W +1.7%    65%W +2.1%       -8.9% → +6.2%
  MRVL    20    55%W +0.1%    55%W +0.1%    45%W -0.3%    55%W +0.0%    70%W +0.8%    65%W +1.5%       -4.7% → +5.2%
  CRWD    20    50%W +0.0%    40%W -0.1%    60%W +0.3%    60%W +0.5%    70%W +1.2%    65%W +0.7%       -4.4% → +5.5%
  QCOM    20    60%W +0.1%    65%W +0.3%    50%W +0.0%    60%W +0.2%    65%W +0.5%    65%W +0.4%       -2.2% → +4.5%
  PLTR    20    55%W +0.2%    60%W +0.4%    65%W +0.3%    75%W +0.7%    70%W +1.8%    65%W +2.3%       -3.0% → +4.9%
  AMD     20    65%W +0.2%    60%W +0.3%    35%W -0.3%    55%W +0.2%    65%W +0.7%    65%W +0.9%       -3.6% → +5.4%
  DDOG    20    40%W -0.1%    60%W +0.3%    45%W -0.3%    65%W +1.1%    65%W +2.4%    65%W +2.9%       -5.8% → +6.6%
  META    20    75%W +0.2%    80%W +0.4%    45%W -0.1%    70%W +0.4%    70%W +0.6%    60%W +0.6%       -2.3% → +3.1%
  AVGO    20    65%W +0.1%    65%W +0.2%    50%W -0.0%    55%W +0.0%    70%W +0.3%    60%W +0.2%       -2.9% → +4.1%
  LLY     20    65%W +0.1%    60%W +0.1%    45%W -0.2%    45%W -0.0%    45%W -0.2%    45%W -0.1%       -4.1% → +2.3%
Pre-session top-2 (9:25, 20d EOD win rate) — 2023-02-02  OR: 09:30/3b
  #1 SPOT   +15m 50%W +0.1%  +30m 50%W +0.2%  +1h 45%W -0.2%  +2h 75%W +0.5%  +5h 85%W +0.9%  EOD 85%W +1.1%  EOD range -1.7% → +5.8%
  #2 MU     +15m 70%W +0.3%  +30m 70%W +0.3%  +1h 45%W -0.0%  +2h 65%W +0.3%  +5h 85%W +1.0%  EOD 80%W +1.2%  EOD range -2.6% → +4.8%
  Ticker   N          +15m          +30m           +1h           +2h           +5h           EOD           EOD range
  ----------------------------------------------------------------------------------------------------------------------
  SPOT    20    50%W +0.1%    50%W +0.2%    45%W -0.2%    75%W +0.5%    85%W +0.9%    85%W +1.1%       -1.7% → +5.8%
  MU      20    70%W +0.3%    70%W +0.3%    45%W -0.0%    65%W +0.3%    85%W +1.0%    80%W +1.2%       -2.6% → +4.8%
  SNPS    20    50%W +0.0%    75%W +0.2%    60%W +0.1%    70%W +0.2%    70%W +0.5%    75%W +0.6%       -2.0% → +3.3%
  CHTR    20    80%W +0.3%    75%W +0.3%    65%W +0.2%    60%W +0.5%    75%W +0.9%    75%W +0.8%       -2.3% → +4.0%
  TSLA    20    75%W +0.6%    75%W +1.1%    65%W +0.8%    70%W +1.5%    80%W +2.1%    75%W +2.3%       -5.0% → +8.5%
  APP     20    55%W +0.3%    75%W +0.6%    55%W +0.1%    65%W +0.8%    75%W +2.6%    70%W +2.5%       -3.7% → +7.5%
  SNOW    20    55%W +0.2%    70%W +0.6%    55%W +0.2%    65%W +1.3%    70%W +1.8%    70%W +2.8%       -3.8% → +6.2%
  MRVL    20    60%W +0.2%    60%W +0.1%    50%W +0.1%    60%W +0.0%    75%W +1.2%    70%W +1.7%       -3.5% → +5.9%
  CRWD    20    55%W +0.1%    45%W -0.1%    65%W +0.3%    65%W +0.7%    75%W +1.4%    70%W +1.1%       -4.2% → +5.5%
  QCOM    20    65%W +0.1%    70%W +0.4%    55%W +0.3%    65%W +0.3%    70%W +0.6%    70%W +0.7%       -1.8% → +4.5%
  PLTR    20    60%W +0.3%    65%W +0.5%    70%W +0.5%    80%W +0.7%    75%W +2.2%    70%W +2.3%       -3.0% → +5.9%
  AMD     20    65%W +0.2%    65%W +0.3%    40%W -0.1%    60%W +0.4%    70%W +1.1%    70%W +1.2%       -2.0% → +6.2%
  DDOG    20    45%W -0.1%    60%W +0.3%    45%W -0.3%    65%W +1.1%    70%W +2.5%    70%W +2.9%       -4.3% → +7.7%
  META    20    75%W +0.2%    85%W +0.4%    50%W +0.1%    75%W +0.5%    75%W +1.0%    65%W +1.2%       -2.3% → +3.6%
  AVGO    20    70%W +0.1%    70%W +0.2%    55%W +0.0%    60%W +0.1%    75%W +0.5%    65%W +0.6%       -2.9% → +4.1%
  LLY     20    60%W +0.1%    55%W +0.0%    45%W -0.2%    45%W -0.0%    45%W -0.2%    45%W -0.1%       -4.1% → +2.3%
Pre-session top-2 (9:25, 20d EOD win rate) — 2023-02-03  OR: 09:30/3b
  #1 SPOT   +15m 45%W +0.0%  +30m 50%W +0.2%  +1h 45%W -0.2%  +2h 70%W +0.5%  +5h 85%W +0.9%  EOD 85%W +1.1%  EOD range -1.7% → +5.8%
  #2 APP    +15m 55%W +0.3%  +30m 75%W +0.6%  +1h 55%W +0.1%  +2h 60%W +0.8%  +5h 70%W +2.6%  EOD 75%W +2.5%  EOD range -3.7% → +7.5%
  Ticker   N          +15m          +30m           +1h           +2h           +5h           EOD           EOD range
  ----------------------------------------------------------------------------------------------------------------------
  SPOT    20    45%W +0.0%    50%W +0.2%    45%W -0.2%    70%W +0.5%    85%W +0.9%    85%W +1.1%       -1.7% → +5.8%
  APP     20    55%W +0.3%    75%W +0.6%    55%W +0.1%    60%W +0.8%    70%W +2.6%    75%W +2.5%       -3.7% → +7.5%
  SNPS    20    50%W +0.0%    75%W +0.2%    65%W +0.1%    70%W +0.2%    70%W +0.5%    75%W +0.6%       -2.0% → +3.3%
  MU      20    65%W +0.3%    70%W +0.3%    45%W -0.0%    60%W +0.2%    80%W +0.8%    75%W +1.1%       -2.6% → +4.8%
  CHTR    20    80%W +0.3%    80%W +0.3%    65%W +0.2%    60%W +0.5%    75%W +0.9%    75%W +0.8%       -2.3% → +4.0%
  AMD     20    60%W +0.2%    70%W +0.4%    45%W -0.1%    60%W +0.5%    75%W +1.1%    75%W +1.4%       -2.0% → +6.2%
  DDOG    20    45%W -0.1%    65%W +0.4%    50%W -0.0%    65%W +1.1%    70%W +2.5%    75%W +2.9%       -4.3% → +7.7%
  META    20    80%W +0.2%    90%W +0.5%    55%W +0.4%    75%W +0.5%    80%W +1.5%    70%W +1.6%       -2.3% → +3.9%
  SNOW    20    50%W +0.0%    65%W +0.5%    55%W +0.2%    60%W +0.9%    65%W +1.7%    70%W +2.8%       -3.8% → +6.2%
  MRVL    20    55%W +0.1%    65%W +0.1%    55%W +0.3%    60%W +0.0%    75%W +1.4%    70%W +1.9%       -3.5% → +5.9%
  PLTR    20    55%W +0.2%    70%W +0.5%    70%W +0.5%    80%W +0.7%    75%W +2.2%    70%W +2.3%       -3.0% → +5.9%
  TSLA    20    75%W +0.6%    75%W +1.1%    65%W +1.4%    70%W +1.5%    75%W +2.1%    70%W +2.0%       -5.0% → +8.5%
  CRWD    20    50%W +0.0%    45%W -0.1%    65%W +0.3%    60%W +0.5%    75%W +1.4%    65%W +1.1%       -4.2% → +5.5%
  QCOM    20    65%W +0.1%    70%W +0.4%    60%W +0.4%    65%W +0.3%    65%W +0.6%    65%W +0.4%       -1.8% → +4.5%
  AVGO    20    65%W +0.1%    70%W +0.2%    55%W +0.0%    65%W +0.2%    80%W +0.5%    65%W +0.6%       -2.9% → +4.1%
  LLY     20    60%W +0.1%    60%W +0.1%    45%W -0.1%    40%W -0.1%    50%W -0.0%    50%W +0.2%       -4.1% → +2.4%
Pre-session top-2 (9:25, 20d EOD win rate) — 2023-02-06  OR: 09:30/3b
  #1 SPOT   +15m 45%W +0.0%  +30m 50%W +0.2%  +1h 45%W -0.2%  +2h 70%W +0.5%  +5h 85%W +0.9%  EOD 85%W +1.1%  EOD range -1.7% → +5.8%
  #2 AMD    +15m 60%W +0.2%  +30m 70%W +0.5%  +1h 50%W +0.5%  +2h 60%W +0.5%  +5h 70%W +1.1%  EOD 75%W +1.4%  EOD range -2.0% → +6.2%
  Ticker   N          +15m          +30m           +1h           +2h           +5h           EOD           EOD range
  ----------------------------------------------------------------------------------------------------------------------
  SPOT    20    45%W +0.0%    50%W +0.2%    45%W -0.2%    70%W +0.5%    85%W +0.9%    85%W +1.1%       -1.7% → +5.8%
  AMD     20    60%W +0.2%    70%W +0.5%    50%W +0.5%    60%W +0.5%    70%W +1.1%    75%W +1.4%       -2.0% → +6.2%
  DDOG    20    50%W +0.0%    65%W +0.6%    55%W +0.2%    70%W +1.1%    70%W +2.5%    75%W +2.9%       -4.3% → +7.7%
  APP     20    55%W +0.3%    75%W +0.6%    60%W +0.1%    60%W +0.4%    65%W +2.4%    70%W +2.5%       -4.2% → +7.5%
  SNOW    20    50%W +0.0%    60%W +0.5%    60%W +0.5%    65%W +0.9%    65%W +1.7%    70%W +2.8%       -5.0% → +6.2%
  SNPS    20    45%W -0.1%    70%W +0.2%    65%W +0.1%    70%W +0.2%    65%W +0.5%    70%W +0.5%       -2.0% → +3.3%
  MU      20    65%W +0.3%    70%W +0.2%    45%W -0.0%    60%W +0.2%    75%W +0.8%    70%W +1.0%       -2.6% → +4.8%
  MRVL    20    55%W +0.1%    70%W +0.1%    55%W +0.3%    60%W +0.1%    75%W +1.4%    70%W +1.9%       -3.5% → +5.9%
  QCOM    20    65%W +0.1%    70%W +0.5%    60%W +0.4%    65%W +0.3%    65%W +0.6%    70%W +0.6%       -1.8% → +4.5%
  CHTR    20    75%W +0.3%    75%W +0.3%    70%W +0.3%    55%W +0.2%    70%W +0.6%    70%W +0.7%       -2.3% → +4.0%
  META    20    80%W +0.3%    85%W +0.5%    55%W +0.4%    75%W +0.5%    75%W +1.0%    65%W +1.4%       -2.5% → +3.9%
  CRWD    20    50%W +0.0%    45%W -0.1%    65%W +0.3%    60%W +0.5%    70%W +1.4%    65%W +1.1%       -4.2% → +5.5%
  PLTR    20    55%W +0.2%    70%W +0.6%    70%W +0.5%    80%W +0.7%    70%W +2.2%    65%W +2.3%       -3.3% → +5.9%
  TSLA    20    75%W +0.6%    75%W +1.2%    70%W +1.6%    70%W +1.7%    70%W +2.1%    65%W +2.0%       -5.0% → +8.5%
  AVGO    20    60%W +0.1%    70%W +0.3%    55%W +0.0%    65%W +0.2%    75%W +0.3%    60%W +0.6%       -2.9% → +4.1%
  LLY     20    55%W +0.1%    60%W +0.1%    45%W -0.1%    40%W -0.1%    50%W -0.0%    50%W +0.2%       -4.1% → +2.4%
Pre-session top-2 (9:25, 20d EOD win rate) — 2023-02-07  OR: 09:30/3b
  #1 SPOT   +15m 45%W +0.0%  +30m 50%W +0.2%  +1h 40%W -0.3%  +2h 65%W +0.4%  +5h 80%W +0.8%  EOD 80%W +0.9%  EOD range -1.7% → +5.8%
  #2 SNPS   +15m 50%W +0.0%  +30m 70%W +0.2%  +1h 65%W +0.1%  +2h 70%W +0.2%  +5h 65%W +0.5%  EOD 70%W +0.5%  EOD range -2.0% → +3.3%
  Ticker   N          +15m          +30m           +1h           +2h           +5h           EOD           EOD range
  ----------------------------------------------------------------------------------------------------------------------
  SPOT    20    45%W +0.0%    50%W +0.2%    40%W -0.3%    65%W +0.4%    80%W +0.8%    80%W +0.9%       -1.7% → +5.8%
  SNPS    20    50%W +0.0%    70%W +0.2%    65%W +0.1%    70%W +0.2%    65%W +0.5%    70%W +0.5%       -2.0% → +3.3%
  QCOM    20    65%W +0.1%    70%W +0.5%    60%W +0.4%    65%W +0.3%    65%W +0.5%    70%W +0.4%       -1.8% → +3.5%
  CHTR    20    80%W +0.4%    75%W +0.2%    70%W +0.3%    55%W +0.2%    70%W +0.6%    70%W +0.7%       -2.3% → +4.0%
  AMD     20    65%W +0.2%    70%W +0.5%    45%W -0.1%    55%W +0.2%    65%W +0.8%    70%W +1.2%       -2.1% → +6.2%
  DDOG    20    55%W +0.1%    70%W +0.6%    50%W -0.0%    70%W +1.0%    65%W +2.4%    70%W +2.9%       -4.3% → +7.7%
  APP     20    55%W +0.3%    70%W +0.6%    55%W +0.1%    60%W +0.4%    60%W +1.9%    65%W +2.1%       -4.2% → +7.5%
  SNOW    20    55%W +0.1%    60%W +0.5%    55%W +0.2%    60%W +0.6%    60%W +1.4%    65%W +2.1%       -5.0% → +6.2%
  MU      20    65%W +0.3%    70%W +0.2%    40%W -0.2%    55%W +0.1%    70%W +0.6%    65%W +0.9%       -2.6% → +3.8%
  MRVL    20    60%W +0.4%    75%W +0.2%    55%W +0.2%    55%W +0.0%    70%W +1.2%    65%W +1.7%       -3.5% → +5.9%
  META    20    75%W +0.2%    80%W +0.4%    50%W +0.1%    70%W +0.4%    70%W +0.6%    60%W +0.6%       -2.5% → +3.9%
  CRWD    20    55%W +0.1%    50%W +0.1%    60%W +0.3%    55%W +0.3%    65%W +1.2%    60%W +0.7%       -4.2% → +5.5%
  PLTR    20    60%W +0.3%    70%W +0.6%    65%W +0.3%    80%W +0.7%    65%W +1.6%    60%W +2.3%       -3.3% → +5.9%
  TSLA    20    70%W +0.5%    70%W +1.1%    65%W +1.4%    65%W +1.5%    65%W +1.3%    60%W +1.8%       -5.0% → +8.4%
  AVGO    20    60%W +0.1%    70%W +0.3%    55%W +0.0%    65%W +0.2%    75%W +0.3%    60%W +0.6%       -2.9% → +2.8%
  LLY     20    50%W +0.0%    55%W +0.0%    40%W -0.2%    35%W -0.2%    45%W -0.2%    45%W -0.1%       -4.1% → +2.4%
Pre-session top-2 (9:25, 20d EOD win rate) — 2023-02-08  OR: 09:30/3b
  #1 SPOT   +15m 40%W -0.0%  +30m 50%W +0.1%  +1h 40%W -0.3%  +2h 65%W +0.4%  +5h 80%W +0.8%  EOD 80%W +1.1%  EOD range -1.7% → +5.8%
  #2 SNPS   +15m 50%W +0.0%  +30m 65%W +0.2%  +1h 60%W +0.1%  +2h 70%W +0.2%  +5h 65%W +0.5%  EOD 75%W +0.6%  EOD range -2.0% → +3.3%
  Ticker   N          +15m          +30m           +1h           +2h           +5h           EOD           EOD range
  ----------------------------------------------------------------------------------------------------------------------
  SPOT    20    40%W -0.0%    50%W +0.1%    40%W -0.3%    65%W +0.4%    80%W +0.8%    80%W +1.1%       -1.7% → +5.8%
  SNPS    20    50%W +0.0%    65%W +0.2%    60%W +0.1%    70%W +0.2%    65%W +0.5%    75%W +0.6%       -2.0% → +3.3%
  QCOM    20    65%W +0.1%    70%W +0.4%    55%W +0.3%    65%W +0.3%    70%W +0.6%    75%W +0.6%       -1.5% → +3.5%
  MRVL    20    55%W +0.1%    70%W +0.1%    50%W +0.0%    50%W -0.1%    70%W +1.4%    70%W +1.9%       -3.5% → +5.9%
  CHTR    20    80%W +0.4%    70%W +0.2%    70%W +0.3%    55%W +0.2%    65%W +0.6%    70%W +0.7%       -2.3% → +4.0%
  AMD     20    60%W +0.1%    65%W +0.4%    40%W -0.3%    50%W +0.1%    65%W +0.8%    70%W +1.4%       -2.1% → +6.2%
  DDOG    20    50%W +0.0%    65%W +0.4%    45%W -0.2%    70%W +0.9%    65%W +2.4%    70%W +2.9%       -4.3% → +7.7%
  APP     20    50%W +0.1%    65%W +0.4%    50%W +0.0%    60%W +0.4%    60%W +1.1%    65%W +2.4%       -4.2% → +7.5%
  META    20    70%W +0.2%    80%W +0.5%    50%W +0.1%    75%W +0.5%    75%W +1.0%    65%W +1.4%       -2.5% → +3.9%
  SNOW    20    50%W -0.0%    55%W +0.3%    50%W +0.1%    60%W +0.3%    60%W +0.9%    65%W +2.1%       -5.0% → +6.2%
  MU      20    65%W +0.3%    70%W +0.2%    40%W -0.2%    55%W +0.1%    70%W +0.6%    65%W +1.0%       -2.6% → +3.8%
  CRWD    20    50%W +0.0%    50%W +0.0%    55%W +0.2%    55%W +0.3%    65%W +1.2%    65%W +1.1%       -4.2% → +5.5%
  AVGO    20    60%W +0.1%    70%W +0.3%    50%W +0.0%    65%W +0.2%    75%W +0.5%    65%W +1.0%       -2.0% → +2.8%
  PLTR    20    55%W +0.2%    70%W +0.6%    60%W +0.3%    75%W +0.7%    60%W +1.6%    60%W +2.3%       -3.3% → +5.9%
  TSLA    20    65%W +0.4%    65%W +0.7%    60%W +0.7%    60%W +1.0%    60%W +0.6%    60%W +1.8%       -5.0% → +8.4%
  LLY     20    50%W +0.0%    55%W +0.0%    45%W -0.1%    40%W -0.1%    50%W -0.0%    50%W +0.2%       -1.7% → +2.4%
Pre-session top-2 (9:25, 20d EOD win rate) — 2023-02-09  OR: 09:30/3b
  #1 SPOT   +15m 35%W -0.1%  +30m 45%W -0.0%  +1h 35%W -0.3%  +2h 60%W +0.4%  +5h 75%W +0.7%  EOD 75%W +0.9%  EOD range -1.7% → +4.1%
  #2 SNPS   +15m 50%W +0.0%  +30m 65%W +0.2%  +1h 60%W +0.1%  +2h 70%W +0.2%  +5h 65%W +0.5%  EOD 70%W +0.6%  EOD range -2.0% → +3.3%
  Ticker   N          +15m          +30m           +1h           +2h           +5h           EOD           EOD range
  ----------------------------------------------------------------------------------------------------------------------
  SPOT    20    35%W -0.1%    45%W -0.0%    35%W -0.3%    60%W +0.4%    75%W +0.7%    75%W +0.9%       -1.7% → +4.1%
  SNPS    20    50%W +0.0%    65%W +0.2%    60%W +0.1%    70%W +0.2%    65%W +0.5%    70%W +0.6%       -2.0% → +3.3%
  QCOM    20    60%W +0.1%    65%W +0.3%    55%W +0.3%    60%W +0.2%    65%W +0.5%    70%W +0.4%       -2.9% → +3.5%
  MRVL    20    55%W +0.1%    65%W +0.1%    50%W +0.0%    50%W -0.1%    65%W +1.4%    65%W +1.9%       -3.6% → +5.9%
  CHTR    20    80%W +0.3%    70%W +0.2%    75%W +0.3%    50%W -0.0%    60%W +0.6%    65%W +0.6%       -2.3% → +4.0%
  TSLA    20    70%W +0.5%    65%W +0.9%    65%W +0.7%    60%W +1.0%    65%W +0.8%    65%W +1.8%       -5.0% → +8.4%
  AMD     20    55%W +0.0%    60%W +0.3%    40%W -0.3%    45%W -0.0%    60%W +0.6%    65%W +1.4%       -3.5% → +6.2%
  DDOG    20    50%W +0.0%    60%W +0.3%    45%W -0.2%    65%W +0.8%    60%W +2.0%    65%W +2.9%       -4.3% → +7.7%
  APP     20    50%W +0.1%    65%W +0.4%    50%W +0.0%    55%W +0.2%    55%W +0.6%    60%W +2.1%       -4.2% → +7.5%
  META    20    65%W +0.2%    75%W +0.4%    45%W -0.1%    70%W +0.4%    70%W +0.6%    60%W +0.6%       -2.9% → +3.9%
  SNOW    20    50%W -0.0%    55%W +0.3%    50%W +0.1%    55%W +0.3%    55%W +0.6%    60%W +1.9%       -5.0% → +6.2%
  MU      20    60%W +0.3%    65%W +0.2%    40%W -0.2%    50%W +0.0%    65%W +0.6%    60%W +0.9%       -3.0% → +3.8%
  CRWD    20    50%W +0.0%    50%W +0.0%    55%W +0.2%    55%W +0.3%    60%W +1.2%    60%W +0.8%       -4.2% → +5.5%
  AVGO    20    60%W +0.1%    75%W +0.3%    50%W +0.0%    65%W +0.2%    70%W +0.3%    60%W +0.6%       -2.0% → +2.8%
  PLTR    20    50%W +0.0%    65%W +0.6%    60%W +0.3%    70%W +0.7%    55%W +0.9%    55%W +1.6%       -3.3% → +5.9%
  LLY     20    45%W -0.0%    55%W +0.0%    50%W -0.0%    35%W -0.2%    50%W -0.0%    50%W +0.0%       -1.7% → +2.4%
Pre-session top-2 (9:25, 20d EOD win rate) — 2023-02-10  OR: 09:30/3b
  #1 SPOT   +15m 30%W -0.1%  +30m 50%W +0.1%  +1h 40%W -0.3%  +2h 60%W +0.4%  +5h 75%W +0.7%  EOD 70%W +0.9%  EOD range -3.4% → +4.1%
  #2 SNPS   +15m 50%W +0.0%  +30m 65%W +0.2%  +1h 60%W +0.1%  +2h 70%W +0.2%  +5h 65%W +0.5%  EOD 65%W +0.5%  EOD range -2.0% → +3.3%
  Ticker   N          +15m          +30m           +1h           +2h           +5h           EOD           EOD range
  ----------------------------------------------------------------------------------------------------------------------
  SPOT    20    30%W -0.1%    50%W +0.1%    40%W -0.3%    60%W +0.4%    75%W +0.7%    70%W +0.9%       -3.4% → +4.1%
  SNPS    20    50%W +0.0%    65%W +0.2%    60%W +0.1%    70%W +0.2%    65%W +0.5%    65%W +0.5%       -2.0% → +3.3%
  QCOM    20    65%W +0.1%    70%W +0.3%    55%W +0.3%    60%W +0.2%    60%W +0.4%    65%W +0.2%       -3.0% → +3.5%
  TSLA    20    70%W +0.5%    65%W +0.9%    65%W +0.7%    60%W +1.1%    65%W +1.5%    65%W +1.3%       -5.0% → +8.4%
  MRVL    20    55%W +0.1%    65%W +0.1%    50%W +0.0%    50%W -0.1%    60%W +0.9%    60%W +1.7%       -3.6% → +5.9%
  CHTR    20    75%W +0.3%    65%W +0.2%    70%W +0.3%    45%W -0.2%    55%W +0.4%    60%W +0.6%       -4.5% → +4.0%
  AMD     20    60%W +0.1%    65%W +0.4%    45%W -0.1%    45%W -0.0%    55%W +0.6%    60%W +0.8%       -3.5% → +6.2%
  DDOG    20    55%W +0.1%    60%W +0.2%    40%W -0.4%    60%W +0.6%    55%W +1.3%    60%W +2.3%       -4.3% → +7.7%
  APP     20    50%W +0.1%    60%W +0.4%    45%W -0.0%    50%W -0.2%    50%W +0.1%    55%W +1.5%       -4.2% → +7.5%
  META    20    60%W +0.2%    70%W +0.4%    45%W -0.1%    65%W +0.4%    65%W +0.6%    55%W +0.6%       -3.8% → +3.9%
  SNOW    20    50%W -0.0%    55%W +0.3%    50%W +0.1%    55%W +0.3%    55%W +0.8%    55%W +1.9%       -5.0% → +6.2%
  MU      20    65%W +0.3%    70%W +0.2%    45%W -0.0%    50%W +0.0%    60%W +0.3%    55%W +0.8%       -3.0% → +3.8%
  CRWD    20    50%W +0.0%    50%W +0.0%    50%W +0.1%    50%W -0.1%    55%W +1.2%    55%W +0.8%       -4.2% → +5.5%
  AVGO    20    65%W +0.1%    75%W +0.3%    50%W +0.0%    60%W +0.1%    65%W +0.2%    55%W +0.2%       -2.1% → +2.8%
  PLTR    20    45%W -0.0%    65%W +0.5%    55%W +0.2%    65%W +0.6%    50%W +0.3%    50%W +0.1%       -4.6% → +5.9%
  LLY     20    45%W -0.0%    55%W +0.0%    50%W -0.0%    30%W -0.2%    45%W -0.2%    45%W -0.1%       -1.7% → +2.4%
Pre-session top-2 (9:25, 20d EOD win rate) — 2023-02-13  OR: 09:30/3b
  #1 SPOT   +15m 35%W -0.0%  +30m 50%W +0.1%  +1h 40%W -0.3%  +2h 60%W +0.3%  +5h 70%W +0.6%  EOD 70%W +0.7%  EOD range -3.4% → +4.1%
  #2 SNPS   +15m 55%W +0.1%  +30m 65%W +0.2%  +1h 65%W +0.1%  +2h 70%W +0.2%  +5h 60%W +0.4%  EOD 65%W +0.4%  EOD range -2.0% → +3.3%
  Ticker   N          +15m          +30m           +1h           +2h           +5h           EOD           EOD range
  ----------------------------------------------------------------------------------------------------------------------
  SPOT    20    35%W -0.0%    50%W +0.1%    40%W -0.3%    60%W +0.3%    70%W +0.6%    70%W +0.7%       -3.4% → +4.1%
  SNPS    20    55%W +0.1%    65%W +0.2%    65%W +0.1%    70%W +0.2%    60%W +0.4%    65%W +0.4%       -2.0% → +3.3%
  MRVL    20    55%W +0.1%    65%W +0.1%    50%W +0.0%    45%W -0.3%    55%W +0.4%    60%W +1.2%       -3.6% → +5.9%
  QCOM    20    60%W +0.1%    65%W +0.3%    50%W +0.2%    55%W +0.1%    55%W +0.2%    60%W +0.1%       -3.0% → +3.5%
  CHTR    20    70%W +0.3%    65%W +0.2%    65%W +0.2%    45%W -0.2%    50%W +0.2%    60%W +0.6%       -4.5% → +4.0%
  TSLA    20    65%W +0.5%    60%W +0.6%    60%W +0.2%    55%W +0.6%    60%W +0.6%    60%W +0.7%       -5.0% → +8.4%
  AMD     20    55%W +0.0%    65%W +0.3%    45%W -0.1%    45%W -0.0%    50%W +0.1%    60%W +0.3%       -3.5% → +6.2%
  AVGO    20    70%W +0.1%    75%W +0.3%    50%W +0.0%    60%W +0.1%    65%W +0.2%    55%W +0.1%       -2.1% → +2.8%
  DDOG    20    60%W +0.1%    55%W +0.1%    40%W -0.4%    55%W +0.3%    50%W +0.2%    55%W +1.0%       -4.3% → +7.7%
  APP     20    50%W +0.1%    60%W +0.4%    40%W -0.1%    45%W -0.5%    45%W -0.6%    50%W +0.2%       -4.2% → +7.5%
  META    20    65%W +0.2%    70%W +0.4%    45%W -0.1%    65%W +0.4%    60%W +0.4%    50%W +0.0%       -3.8% → +3.9%
  SNOW    20    55%W +0.1%    55%W +0.2%    45%W -0.1%    50%W +0.0%    50%W +0.2%    50%W +0.7%       -5.0% → +6.2%
  MU      20    60%W +0.2%    70%W +0.2%    40%W -0.1%    45%W -0.1%    55%W +0.1%    50%W +0.3%       -3.0% → +3.8%
  CRWD    20    55%W +0.1%    50%W +0.0%    50%W +0.1%    45%W -0.5%    50%W +0.5%    50%W +0.1%       -4.2% → +5.5%
  PLTR    20    45%W -0.0%    60%W +0.4%    55%W +0.3%    60%W +0.5%    45%W -0.2%    45%W -0.8%       -4.6% → +5.9%
  LLY     20    45%W -0.0%    55%W +0.0%    45%W -0.1%    30%W -0.2%    40%W -0.2%    40%W -0.2%       -1.7% → +2.4%
Pre-session top-2 (9:25, 20d EOD win rate) — 2023-02-14  OR: 09:30/3b
  #1 SPOT   +15m 30%W -0.2%  +30m 45%W -0.0%  +1h 40%W -0.3%  +2h 60%W +0.3%  +5h 65%W +0.5%  EOD 65%W +0.6%  EOD range -3.4% → +4.1%
  #2 SNPS   +15m 60%W +0.1%  +30m 65%W +0.2%  +1h 65%W +0.1%  +2h 75%W +0.2%  +5h 55%W +0.2%  EOD 60%W +0.3%  EOD range -2.0% → +3.3%
  Ticker   N          +15m          +30m           +1h           +2h           +5h           EOD           EOD range
  ----------------------------------------------------------------------------------------------------------------------
  SPOT    20    30%W -0.2%    45%W -0.0%    40%W -0.3%    60%W +0.3%    65%W +0.5%    65%W +0.6%       -3.4% → +4.1%
  SNPS    20    60%W +0.1%    65%W +0.2%    65%W +0.1%    75%W +0.2%    55%W +0.2%    60%W +0.3%       -2.0% → +3.3%
  MRVL    20    55%W +0.1%    60%W +0.1%    50%W +0.0%    45%W -0.3%    55%W +0.4%    60%W +1.2%       -3.6% → +5.9%
  QCOM    20    60%W +0.1%    65%W +0.2%    50%W +0.2%    55%W +0.2%    60%W +0.4%    60%W +0.2%       -3.0% → +3.5%
  CHTR    20    70%W +0.3%    70%W +0.2%    65%W +0.2%    45%W -0.2%    50%W +0.2%    60%W +0.5%       -4.5% → +4.0%
  TSLA    20    60%W +0.4%    55%W +0.4%    60%W +0.2%    55%W +0.6%    60%W +0.6%    60%W +0.7%       -5.0% → +8.4%
  AMD     20    55%W +0.0%    60%W +0.3%    45%W -0.1%    45%W -0.0%    50%W +0.1%    60%W +0.3%       -3.5% → +6.2%
  SNOW    20    60%W +0.2%    60%W +0.4%    50%W +0.1%    55%W +0.3%    55%W +0.8%    55%W +1.3%       -5.0% → +6.2%
  AVGO    20    70%W +0.1%    75%W +0.3%    50%W +0.0%    60%W +0.2%    65%W +0.2%    55%W +0.1%       -2.1% → +2.8%
  DDOG    20    60%W +0.1%    55%W +0.1%    40%W -0.4%    55%W +0.3%    50%W -0.0%    55%W +0.3%       -4.3% → +7.7%
  APP     20    50%W +0.1%    60%W +0.4%    40%W -0.1%    45%W -0.5%    45%W -0.6%    50%W +0.2%       -4.2% → +7.5%
  META    20    60%W +0.1%    65%W +0.4%    45%W -0.1%    65%W +0.4%    60%W +0.4%    50%W +0.0%       -3.8% → +3.9%
  MU      20    60%W +0.2%    65%W +0.1%    40%W -0.1%    50%W +0.0%    55%W +0.3%    50%W +0.5%       -3.0% → +3.8%
  CRWD    20    55%W +0.1%    55%W +0.2%    50%W +0.1%    50%W -0.1%    50%W +0.5%    50%W +0.1%       -4.2% → +5.5%
  LLY     20    45%W -0.0%    55%W +0.0%    45%W -0.1%    30%W -0.2%    40%W -0.2%    40%W -0.2%       -1.7% → +2.4%
  PLTR    20    50%W -0.0%    55%W +0.3%    50%W -0.1%    60%W +0.6%    45%W -0.2%    40%W -0.8%       -4.6% → +5.9%
Pre-session top-2 (9:25, 20d EOD win rate) — 2023-02-15  OR: 09:30/3b
  #1 SPOT   +15m 30%W -0.2%  +30m 45%W -0.0%  +1h 45%W -0.2%  +2h 60%W +0.3%  +5h 65%W +0.5%  EOD 65%W +0.6%  EOD range -3.4% → +4.1%
  #2 QCOM   +15m 65%W +0.2%  +30m 65%W +0.2%  +1h 55%W +0.3%  +2h 55%W +0.2%  +5h 65%W +0.5%  EOD 65%W +0.4%  EOD range -3.0% → +3.5%
  Ticker   N          +15m          +30m           +1h           +2h           +5h           EOD           EOD range
  ----------------------------------------------------------------------------------------------------------------------
  SPOT    20    30%W -0.2%    45%W -0.0%    45%W -0.2%    60%W +0.3%    65%W +0.5%    65%W +0.6%       -3.4% → +4.1%
  QCOM    20    65%W +0.2%    65%W +0.2%    55%W +0.3%    55%W +0.2%    65%W +0.5%    65%W +0.4%       -3.0% → +3.5%
  SNPS    20    60%W +0.1%    65%W +0.2%    65%W +0.1%    75%W +0.2%    55%W +0.2%    60%W +0.3%       -2.0% → +3.3%
  MRVL    20    55%W +0.1%    60%W +0.1%    50%W +0.0%    45%W -0.3%    55%W +0.4%    60%W +1.2%       -3.6% → +5.9%
  CHTR    20    70%W +0.3%    70%W +0.2%    60%W +0.1%    45%W -0.2%    45%W -0.0%    60%W +0.5%       -4.5% → +4.0%
  TSLA    20    60%W +0.4%    55%W +0.4%    60%W +0.2%    55%W +0.5%    60%W +0.6%    60%W +0.7%       -5.0% → +8.4%
  AVGO    20    70%W +0.1%    75%W +0.3%    50%W +0.0%    60%W +0.2%    70%W +0.2%    60%W +0.4%       -2.1% → +2.8%
  AMD     20    55%W +0.0%    60%W +0.3%    50%W +0.1%    50%W +0.2%    50%W +0.2%    60%W +0.9%       -3.5% → +6.2%
  META    20    60%W +0.1%    65%W +0.4%    50%W -0.0%    65%W +0.4%    60%W +0.6%    55%W +0.2%       -3.8% → +3.9%
  SNOW    20    60%W +0.2%    60%W +0.4%    50%W +0.1%    55%W +0.3%    55%W +0.8%    55%W +1.3%       -5.0% → +6.2%
  MU      20    65%W +0.3%    70%W +0.2%    45%W -0.0%    55%W +0.1%    60%W +0.6%    55%W +1.0%       -3.0% → +4.1%
  DDOG    20    60%W +0.1%    55%W +0.1%    40%W -0.4%    55%W +0.3%    50%W -0.0%    55%W +0.3%       -4.3% → +7.7%
  APP     20    50%W +0.1%    60%W +0.4%    40%W -0.1%    40%W -0.6%    45%W -0.6%    50%W +0.2%       -4.2% → +7.5%
  CRWD    20    55%W +0.1%    55%W +0.2%    50%W +0.1%    50%W -0.1%    50%W +0.5%    50%W +0.1%       -4.2% → +4.7%
  LLY     20    50%W +0.1%    60%W +0.1%    45%W -0.1%    30%W -0.2%    40%W -0.2%    40%W -0.2%       -1.7% → +2.4%
  PLTR    20    50%W -0.0%    55%W +0.3%    50%W -0.1%    60%W +0.6%    45%W -0.2%    40%W -0.8%       -4.6% → +9.0%
Pre-session top-2 (9:25, 20d EOD win rate) — 2023-02-16  OR: 09:30/3b
  #1 QCOM   +15m 60%W +0.1%  +30m 60%W +0.2%  +1h 50%W +0.1%  +2h 55%W +0.3%  +5h 65%W +0.7%  EOD 70%W +0.6%  EOD range -3.0% → +3.5%
  #2 SNPS   +15m 60%W +0.1%  +30m 60%W +0.2%  +1h 65%W +0.1%  +2h 75%W +0.2%  +5h 60%W +0.4%  EOD 65%W +0.4%  EOD range -1.6% → +3.3%
  Ticker   N          +15m          +30m           +1h           +2h           +5h           EOD           EOD range
  ----------------------------------------------------------------------------------------------------------------------
  QCOM    20    60%W +0.1%    60%W +0.2%    50%W +0.1%    55%W +0.3%    65%W +0.7%    70%W +0.6%       -3.0% → +3.5%
  SNPS    20    60%W +0.1%    60%W +0.2%    65%W +0.1%    75%W +0.2%    60%W +0.4%    65%W +0.4%       -1.6% → +3.3%
  SPOT    20    25%W -0.3%    45%W -0.1%    50%W -0.0%    65%W +0.4%    65%W +0.6%    65%W +0.8%       -3.4% → +4.1%
  MRVL    20    50%W +0.0%    60%W +0.1%    50%W +0.0%    45%W -0.3%    60%W +0.4%    65%W +1.2%       -3.6% → +5.9%
  CHTR    20    70%W +0.4%    70%W +0.2%    65%W +0.2%    50%W +0.1%    50%W +0.2%    65%W +0.6%       -4.5% → +4.0%
  TSLA    20    55%W +0.4%    55%W +0.4%    60%W +0.2%    60%W +0.6%    65%W +0.9%    65%W +1.0%       -5.0% → +8.4%
  AVGO    20    65%W +0.1%    70%W +0.3%    50%W +0.0%    65%W +0.3%    75%W +0.4%    65%W +0.8%       -2.1% → +2.8%
  AMD     20    50%W -0.0%    55%W +0.2%    50%W +0.1%    50%W +0.2%    55%W +0.5%    65%W +1.0%       -3.5% → +6.2%
  META    20    55%W +0.1%    60%W +0.3%    50%W -0.0%    70%W +0.4%    65%W +0.6%    60%W +0.2%       -3.8% → +3.9%
  SNOW    20    55%W +0.1%    55%W +0.2%    55%W +0.5%    60%W +0.6%    60%W +1.1%    60%W +1.5%       -5.0% → +6.2%
  MU      20    60%W +0.3%    65%W +0.2%    45%W -0.0%    55%W +0.1%    65%W +0.8%    60%W +1.0%       -3.0% → +4.1%
  APP     20    50%W +0.1%    55%W +0.3%    40%W -0.1%    45%W -0.5%    50%W +0.1%    55%W +1.5%       -4.2% → +7.5%
  CRWD    20    50%W +0.0%    50%W +0.0%    50%W +0.1%    55%W +0.3%    55%W +1.2%    55%W +0.8%       -3.5% → +4.7%
  DDOG    20    55%W +0.1%    50%W -0.0%    40%W -0.4%    55%W +0.3%    55%W +0.5%    55%W +0.3%       -3.5% → +7.7%
  PLTR    20    45%W -0.1%    50%W +0.1%    55%W +0.1%    65%W +1.0%    50%W +0.1%    45%W -0.6%       -4.6% → +9.0%
  LLY     20    50%W +0.1%    55%W +0.0%    45%W -0.1%    30%W -0.2%    40%W -0.2%    40%W -0.2%       -2.4% → +2.4%
Pre-session top-2 (9:25, 20d EOD win rate) — 2023-02-17  OR: 09:30/3b
  #1 QCOM   +15m 65%W +0.2%  +30m 60%W +0.2%  +1h 55%W +0.3%  +2h 60%W +0.3%  +5h 65%W +0.7%  EOD 70%W +0.6%  EOD range -3.0% → +3.5%
  #2 SNPS   +15m 60%W +0.1%  +30m 65%W +0.2%  +1h 65%W +0.1%  +2h 75%W +0.2%  +5h 65%W +0.4%  EOD 65%W +0.4%  EOD range -1.6% → +3.3%
  Ticker   N          +15m          +30m           +1h           +2h           +5h           EOD           EOD range
  ----------------------------------------------------------------------------------------------------------------------
  QCOM    20    65%W +0.2%    60%W +0.2%    55%W +0.3%    60%W +0.3%    65%W +0.7%    70%W +0.6%       -3.0% → +3.5%
  SNPS    20    60%W +0.1%    65%W +0.2%    65%W +0.1%    75%W +0.2%    65%W +0.4%    65%W +0.4%       -1.6% → +3.3%
  MRVL    20    55%W +0.1%    65%W +0.1%    55%W +0.2%    50%W -0.1%    65%W +0.8%    65%W +1.2%       -3.6% → +5.9%
  CHTR    20    65%W +0.4%    70%W +0.2%    70%W +0.3%    55%W +0.3%    50%W +0.2%    65%W +0.5%       -4.5% → +4.0%
  TSLA    20    55%W +0.4%    55%W +0.5%    65%W +0.6%    65%W +0.8%    60%W +0.9%    65%W +1.0%       -5.0% → +8.4%
  AVGO    20    70%W +0.1%    75%W +0.3%    55%W +0.0%    70%W +0.3%    75%W +0.5%    65%W +0.8%       -2.1% → +2.8%
  AMD     20    50%W -0.0%    60%W +0.3%    55%W +0.3%    55%W +0.4%    60%W +0.8%    65%W +1.0%       -3.5% → +6.2%
  SNOW    20    55%W +0.1%    55%W +0.4%    60%W +0.7%    65%W +0.7%    60%W +1.1%    60%W +1.5%       -5.0% → +6.2%
  SPOT    20    25%W -0.3%    45%W -0.1%    55%W +0.1%    65%W +0.4%    60%W +0.6%    60%W +0.4%       -3.4% → +4.1%
  APP     20    45%W -0.2%    50%W +0.1%    40%W -0.3%    45%W -0.5%    50%W +0.1%    55%W +1.5%       -5.3% → +7.5%
  META    20    55%W +0.1%    60%W +0.3%    50%W -0.0%    70%W +0.4%    65%W +0.6%    55%W +0.0%       -3.8% → +3.9%
  MU      20    65%W +0.3%    70%W +0.2%    50%W +0.1%    60%W +0.2%    65%W +0.8%    55%W +0.9%       -3.0% → +4.1%
  CRWD    20    50%W -0.0%    55%W +0.2%    55%W +0.3%    60%W +0.3%    55%W +1.2%    55%W +0.8%       -3.5% → +4.7%
  DDOG    20    50%W -0.0%    50%W -0.0%    40%W -0.4%    55%W +0.3%    55%W +0.5%    55%W +0.3%       -5.6% → +7.7%
  PLTR    20    40%W -0.2%    50%W +0.1%    60%W +0.3%    70%W +1.4%    55%W +0.2%    45%W -0.6%       -4.6% → +9.0%
  LLY     20    50%W +0.1%    55%W +0.0%    50%W -0.0%    35%W -0.1%    40%W -0.2%    40%W -0.2%       -2.4% → +2.4%
Pre-session top-2 (9:25, 20d EOD win rate) — 2023-02-21  OR: 09:30/3b
  #1 SNPS   +15m 65%W +0.2%  +30m 65%W +0.2%  +1h 65%W +0.1%  +2h 75%W +0.2%  +5h 65%W +0.4%  EOD 65%W +0.4%  EOD range -1.6% → +3.3%
  #2 QCOM   +15m 65%W +0.2%  +30m 60%W +0.2%  +1h 55%W +0.3%  +2h 60%W +0.3%  +5h 60%W +0.5%  EOD 65%W +0.4%  EOD range -3.0% → +3.3%
  Ticker   N          +15m          +30m           +1h           +2h           +5h           EOD           EOD range
  ----------------------------------------------------------------------------------------------------------------------
  SNPS    20    65%W +0.2%    65%W +0.2%    65%W +0.1%    75%W +0.2%    65%W +0.4%    65%W +0.4%       -1.6% → +3.3%
  QCOM    20    65%W +0.2%    60%W +0.2%    55%W +0.3%    60%W +0.3%    60%W +0.5%    65%W +0.4%       -3.0% → +3.3%
  TSLA    20    55%W +0.3%    50%W +0.2%    60%W +0.2%    60%W +0.6%    60%W +0.9%    65%W +1.0%       -5.0% → +8.4%
  AMD     20    50%W -0.0%    65%W +0.3%    60%W +0.3%    55%W +0.4%    55%W +0.5%    65%W +0.5%       -3.5% → +6.2%
  SPOT    20    20%W -0.3%    45%W -0.1%    55%W +0.1%    65%W +0.5%    60%W +0.7%    60%W +0.4%       -3.4% → +4.1%
  MRVL    20    50%W +0.1%    60%W +0.1%    55%W +0.2%    50%W -0.1%    60%W +0.4%    60%W +0.7%       -3.6% → +5.9%
  CHTR    20    60%W +0.3%    65%W +0.2%    65%W +0.2%    50%W +0.1%    45%W -0.0%    60%W +0.5%       -4.5% → +4.0%
  AVGO    20    70%W +0.1%    80%W +0.3%    60%W +0.1%    75%W +0.3%    70%W +0.4%    60%W +0.4%       -2.1% → +2.8%
  META    20    50%W -0.0%    55%W +0.1%    45%W -0.2%    65%W +0.3%    60%W +0.2%    55%W +0.0%       -3.8% → +3.9%
  SNOW    20    50%W -0.1%    50%W +0.2%    55%W +0.5%    60%W +0.6%    55%W +0.8%    55%W +1.3%       -5.0% → +5.5%
  CRWD    20    50%W -0.0%    60%W +0.2%    60%W +0.3%    60%W +0.3%    55%W +1.2%    55%W +0.8%       -3.5% → +4.7%
  APP     20    40%W -0.5%    45%W -0.1%    35%W -0.4%    40%W -0.6%    45%W -0.6%    50%W +0.2%       -5.3% → +7.5%
  MU      20    60%W +0.2%    70%W +0.1%    50%W +0.1%    55%W +0.2%    60%W +0.6%    50%W +0.4%       -3.0% → +4.1%
  DDOG    20    50%W -0.0%    50%W -0.0%    45%W -0.3%    50%W +0.0%    50%W -0.0%    50%W +0.1%       -5.6% → +7.7%
  LLY     20    55%W +0.1%    55%W +0.2%    50%W -0.0%    40%W -0.1%    45%W -0.1%    45%W -0.2%       -2.4% → +2.4%
  PLTR    20    35%W -0.4%    50%W +0.1%    55%W +0.1%    65%W +1.0%    50%W +0.1%    40%W -0.8%       -4.6% → +9.0%
Pre-session top-2 (9:25, 20d EOD win rate) — 2023-02-22  OR: 09:30/3b
  #1 SNPS   +15m 70%W +0.2%  +30m 60%W +0.2%  +1h 60%W +0.1%  +2h 75%W +0.2%  +5h 65%W +0.4%  EOD 65%W +0.4%  EOD range -1.6% → +3.3%
  #2 SPOT   +15m 20%W -0.3%  +30m 45%W -0.1%  +1h 55%W +0.1%  +2h 65%W +0.5%  +5h 60%W +0.7%  EOD 60%W +0.4%  EOD range -3.4% → +4.1%
  Ticker   N          +15m          +30m           +1h           +2h           +5h           EOD           EOD range
  ----------------------------------------------------------------------------------------------------------------------
  SNPS    20    70%W +0.2%    60%W +0.2%    60%W +0.1%    75%W +0.2%    65%W +0.4%    65%W +0.4%       -1.6% → +3.3%
  SPOT    20    20%W -0.3%    45%W -0.1%    55%W +0.1%    65%W +0.5%    60%W +0.7%    60%W +0.4%       -3.4% → +4.1%
  QCOM    20    60%W +0.1%    55%W +0.1%    50%W +0.1%    55%W +0.3%    55%W +0.3%    60%W +0.2%       -3.0% → +3.3%
  CHTR    20    55%W +0.1%    60%W +0.1%    60%W +0.1%    50%W +0.1%    45%W -0.0%    60%W +0.5%       -4.5% → +4.0%
  TSLA    20    50%W +0.0%    45%W -0.1%    55%W +0.2%    55%W +0.5%    55%W +0.6%    60%W +0.7%       -5.5% → +8.4%
  AMD     20    45%W -0.1%    60%W +0.2%    55%W +0.1%    50%W +0.2%    50%W +0.1%    60%W +0.4%       -3.5% → +6.2%
  MRVL    20    45%W -0.0%    55%W +0.1%    50%W +0.0%    45%W -0.3%    55%W +0.4%    55%W +0.5%       -3.6% → +5.9%
  AVGO    20    65%W +0.1%    80%W +0.3%    55%W +0.1%    70%W +0.3%    65%W +0.2%    55%W +0.1%       -2.1% → +2.8%
  META    20    45%W -0.1%    50%W -0.0%    40%W -0.2%    60%W +0.2%    55%W +0.0%    50%W -0.1%       -3.8% → +3.9%
  SNOW    20    45%W -0.2%    45%W -0.1%    50%W +0.1%    55%W +0.3%    50%W +0.2%    50%W +0.4%       -5.0% → +5.5%
  CRWD    20    45%W -0.1%    55%W +0.2%    55%W +0.3%    55%W +0.1%    50%W +0.4%    50%W +0.1%       -3.5% → +4.7%
  APP     20    35%W -0.5%    40%W -0.3%    30%W -0.5%    35%W -0.7%    40%W -0.6%    45%W -0.5%       -5.3% → +6.4%
  MU      20    55%W +0.2%    65%W +0.1%    45%W -0.1%    50%W +0.0%    55%W +0.3%    45%W -0.0%       -3.1% → +4.1%
  LLY     20    50%W +0.1%    50%W -0.0%    45%W -0.1%    40%W -0.1%    45%W -0.1%    45%W -0.4%       -2.4% → +2.4%
  DDOG    20    45%W -0.1%    45%W -0.2%    40%W -0.4%    45%W -0.2%    45%W -0.5%    45%W -0.1%       -5.6% → +7.7%
  PLTR    20    35%W -0.6%    45%W -0.0%    50%W -0.2%    60%W +0.6%    45%W -0.3%    35%W -1.1%       -6.5% → +9.0%
Pre-session top-2 (9:25, 20d EOD win rate) — 2023-02-23  OR: 09:30/3b
  #1 SNPS   +15m 75%W +0.2%  +30m 55%W +0.2%  +1h 65%W +0.1%  +2h 75%W +0.2%  +5h 70%W +0.5%  EOD 65%W +0.4%  EOD range -1.6% → +3.3%
  #2 CHTR   +15m 60%W +0.3%  +30m 60%W +0.1%  +1h 60%W +0.2%  +2h 50%W +0.1%  +5h 50%W +0.2%  EOD 65%W +0.5%  EOD range -4.5% → +4.0%
  Ticker   N          +15m          +30m           +1h           +2h           +5h           EOD           EOD range
  ----------------------------------------------------------------------------------------------------------------------
  SNPS    20    75%W +0.2%    55%W +0.2%    65%W +0.1%    75%W +0.2%    70%W +0.5%    65%W +0.4%       -1.6% → +3.3%
  CHTR    20    60%W +0.3%    60%W +0.1%    60%W +0.2%    50%W +0.1%    50%W +0.2%    65%W +0.5%       -4.5% → +4.0%
  TSLA    20    45%W -0.2%    45%W -0.1%    55%W +0.2%    55%W +0.5%    55%W +0.6%    65%W +1.0%       -5.5% → +8.4%
  QCOM    20    55%W +0.1%    50%W +0.0%    45%W -0.1%    55%W +0.3%    55%W +0.3%    60%W +0.2%       -3.0% → +3.3%
  SPOT    20    20%W -0.3%    40%W -0.3%    50%W -0.0%    60%W +0.3%    55%W +0.5%    55%W +0.4%       -3.4% → +4.1%
  MRVL    20    45%W -0.1%    50%W -0.0%    50%W +0.0%    45%W -0.3%    55%W +0.4%    55%W +0.5%       -3.6% → +5.9%
  CRWD    20    45%W -0.1%    55%W +0.2%    60%W +0.3%    60%W +0.3%    55%W +1.2%    55%W +0.8%       -3.5% → +4.7%
  AMD     20    40%W -0.1%    55%W +0.1%    55%W +0.1%    50%W +0.2%    50%W +0.1%    55%W +0.4%       -3.5% → +6.2%
  APP     20    35%W -0.6%    40%W -0.3%    35%W -0.4%    40%W -0.6%    45%W -0.6%    50%W +0.2%       -5.3% → +6.4%
  META    20    40%W -0.1%    45%W -0.1%    40%W -0.4%    55%W +0.1%    55%W +0.0%    50%W -0.1%       -3.8% → +3.9%
  SNOW    20    45%W -0.2%    45%W -0.1%    50%W +0.1%    55%W +0.3%    50%W +0.2%    50%W +0.4%       -5.0% → +5.5%
  AVGO    20    60%W +0.1%    75%W +0.3%    50%W +0.0%    65%W +0.2%    60%W +0.1%    50%W +0.0%       -2.1% → +2.8%
  MU      20    55%W +0.2%    60%W +0.1%    45%W -0.3%    45%W -0.1%    50%W +0.0%    45%W -0.3%       -3.1% → +4.1%
  LLY     20    50%W +0.0%    55%W +0.1%    50%W -0.0%    45%W -0.1%    45%W -0.1%    45%W -0.4%       -2.4% → +2.4%
  DDOG    20    45%W -0.2%    45%W -0.2%    40%W -0.4%    45%W -0.2%    50%W -0.2%    45%W -0.1%       -5.6% → +7.7%
  PLTR    20    30%W -0.6%    40%W -0.3%    45%W -0.7%    60%W +0.6%    45%W -0.3%    35%W -1.1%       -6.5% → +9.0%
Pre-session top-2 (9:25, 20d EOD win rate) — 2023-02-24  OR: 09:30/3b
  #1 SNPS   +15m 80%W +0.2%  +30m 55%W +0.2%  +1h 65%W +0.1%  +2h 70%W +0.2%  +5h 70%W +0.4%  EOD 65%W +0.3%  EOD range -1.6% → +3.3%
  #2 CHTR   +15m 60%W +0.2%  +30m 60%W +0.1%  +1h 60%W +0.3%  +2h 45%W -0.2%  +5h 50%W +0.2%  EOD 65%W +0.5%  EOD range -4.5% → +4.0%
  Ticker   N          +15m          +30m           +1h           +2h           +5h           EOD           EOD range
  ----------------------------------------------------------------------------------------------------------------------
  SNPS    20    80%W +0.2%    55%W +0.2%    65%W +0.1%    70%W +0.2%    70%W +0.4%    65%W +0.3%       -1.6% → +3.3%
  CHTR    20    60%W +0.2%    60%W +0.1%    60%W +0.3%    45%W -0.2%    50%W +0.2%    65%W +0.5%       -4.5% → +4.0%
  QCOM    20    50%W +0.0%    50%W +0.0%    45%W -0.1%    50%W +0.1%    55%W +0.1%    60%W +0.1%       -3.0% → +3.3%
  TSLA    20    45%W -0.2%    45%W -0.1%    55%W +0.2%    50%W +0.2%    50%W +0.2%    60%W +0.7%       -5.5% → +8.4%
  MRVL    20    45%W -0.0%    50%W -0.0%    50%W +0.0%    45%W -0.3%    55%W +0.2%    55%W +0.5%       -3.6% → +5.9%
  AMD     20    45%W -0.1%    60%W +0.2%    60%W +0.2%    50%W +0.2%    50%W +0.0%    55%W +0.2%       -3.5% → +6.2%
  META    20    40%W -0.1%    40%W -0.2%    40%W -0.4%    50%W -0.2%    55%W +0.0%    50%W -0.1%       -3.8% → +3.9%
  SNOW    20    45%W -0.2%    45%W -0.1%    50%W +0.1%    50%W +0.0%    45%W -0.4%    50%W -0.1%       -5.0% → +5.5%
  SPOT    20    20%W -0.3%    40%W -0.2%    45%W -0.2%    55%W +0.3%    50%W +0.2%    50%W -0.1%       -3.4% → +4.1%
  CRWD    20    45%W -0.1%    55%W +0.2%    60%W +0.3%    60%W +0.3%    50%W +0.4%    50%W +0.1%       -3.5% → +4.7%
  AVGO    20    55%W +0.1%    70%W +0.2%    45%W -0.0%    60%W +0.1%    55%W +0.1%    50%W +0.0%       -2.1% → +2.8%
  APP     20    35%W -0.5%    40%W -0.3%    35%W -0.4%    40%W -0.7%    40%W -0.6%    45%W -0.5%       -5.3% → +6.4%
  MU      20    50%W -0.0%    60%W +0.1%    45%W -0.3%    45%W -0.2%    45%W -0.3%    40%W -0.6%       -3.1% → +4.1%
  LLY     20    50%W +0.0%    55%W +0.1%    50%W -0.0%    40%W -0.2%    40%W -0.2%    40%W -0.5%       -2.4% → +2.4%
  DDOG    20    45%W -0.2%    45%W -0.2%    40%W -0.4%    40%W -0.3%    45%W -0.5%    40%W -0.2%       -5.6% → +7.7%
  PLTR    20    35%W -0.6%    40%W -0.3%    45%W -0.7%    55%W +0.5%    40%W -0.3%    30%W -1.1%       -6.5% → +9.0%
Pre-session top-2 (9:25, 20d EOD win rate) — 2023-02-27  OR: 09:30/3b
  #1 SNPS   +15m 75%W +0.2%  +30m 50%W +0.0%  +1h 65%W +0.1%  +2h 75%W +0.2%  +5h 65%W +0.4%  EOD 65%W +0.3%  EOD range -1.6% → +3.3%
  #2 CHTR   +15m 60%W +0.2%  +30m 60%W +0.1%  +1h 60%W +0.3%  +2h 50%W +0.1%  +5h 45%W -0.0%  EOD 65%W +0.4%  EOD range -4.5% → +4.0%
  Ticker   N          +15m          +30m           +1h           +2h           +5h           EOD           EOD range
  ----------------------------------------------------------------------------------------------------------------------
  SNPS    20    75%W +0.2%    50%W +0.0%    65%W +0.1%    75%W +0.2%    65%W +0.4%    65%W +0.3%       -1.6% → +3.3%
  CHTR    20    60%W +0.2%    60%W +0.1%    60%W +0.3%    50%W +0.1%    45%W -0.0%    65%W +0.4%       -4.5% → +4.0%
  QCOM    20    55%W +0.2%    50%W +0.0%    45%W -0.1%    50%W +0.1%    55%W +0.1%    60%W +0.1%       -3.0% → +3.3%
  TSLA    20    50%W -0.1%    45%W -0.2%    55%W +0.2%    55%W +0.5%    50%W +0.1%    60%W +0.7%       -5.5% → +8.4%
  AMD     20    45%W -0.1%    60%W +0.2%    60%W +0.2%    50%W +0.2%    50%W +0.0%    55%W +0.2%       -3.5% → +6.2%
  APP     20    35%W -0.5%    35%W -0.5%    35%W -0.4%    45%W -0.7%    45%W -0.6%    50%W -0.1%       -5.3% → +6.4%
  META    20    45%W -0.1%    40%W -0.2%    45%W -0.3%    50%W -0.2%    55%W +0.0%    50%W -0.1%       -3.8% → +3.9%
  SNOW    20    45%W -0.2%    45%W -0.2%    50%W +0.0%    50%W +0.1%    40%W -0.6%    50%W -0.1%       -5.0% → +5.5%
  SPOT    20    25%W -0.3%    40%W -0.2%    50%W +0.0%    50%W +0.1%    45%W -0.1%    50%W -0.1%       -3.4% → +4.1%
  MRVL    20    45%W -0.0%    50%W -0.0%    50%W +0.0%    45%W -0.2%    50%W -0.1%    50%W +0.0%       -3.6% → +5.9%
  CRWD    20    50%W -0.0%    60%W +0.2%    60%W +0.3%    60%W +0.4%    50%W +0.3%    50%W +0.1%       -3.5% → +4.7%
  AVGO    20    55%W +0.1%    70%W +0.2%    45%W -0.0%    60%W +0.1%    50%W -0.0%    50%W +0.0%       -2.1% → +2.8%
  MU      20    50%W -0.0%    60%W +0.1%    45%W -0.1%    45%W -0.3%    40%W -0.3%    40%W -0.6%       -3.1% → +4.1%
  LLY     20    50%W +0.0%    55%W +0.1%    50%W -0.0%    40%W -0.2%    40%W -0.2%    40%W -0.5%       -2.4% → +2.4%
  DDOG    20    45%W -0.1%    40%W -0.2%    35%W -0.5%    45%W -0.2%    45%W -0.5%    40%W -0.2%       -5.6% → +7.7%
  PLTR    20    40%W -0.4%    45%W -0.0%    50%W -0.2%    60%W +0.6%    45%W -0.1%    35%W -0.8%       -6.5% → +9.0%
Pre-session top-2 (9:25, 20d EOD win rate) — 2023-02-28  OR: 09:30/3b
  #1 CHTR   +15m 65%W +0.3%  +30m 60%W +0.1%  +1h 65%W +0.3%  +2h 55%W +0.3%  +5h 45%W -0.0%  EOD 65%W +0.4%  EOD range -4.5% → +4.0%
  #2 SNPS   +15m 75%W +0.1%  +30m 45%W -0.1%  +1h 60%W +0.1%  +2h 70%W +0.2%  +5h 60%W +0.3%  EOD 60%W +0.1%  EOD range -1.6% → +3.3%
  Ticker   N          +15m          +30m           +1h           +2h           +5h           EOD           EOD range
  ----------------------------------------------------------------------------------------------------------------------
  CHTR    20    65%W +0.3%    60%W +0.1%    65%W +0.3%    55%W +0.3%    45%W -0.0%    65%W +0.4%       -4.5% → +4.0%
  SNPS    20    75%W +0.1%    45%W -0.1%    60%W +0.1%    70%W +0.2%    60%W +0.3%    60%W +0.1%       -1.6% → +3.3%
  TSLA    20    50%W -0.1%    45%W -0.2%    55%W +0.2%    55%W +0.4%    50%W +0.1%    60%W +0.7%       -5.5% → +6.2%
  QCOM    20    50%W +0.1%    50%W +0.0%    40%W -0.2%    45%W -0.1%    50%W -0.1%    55%W +0.0%       -3.0% → +3.3%
  AVGO    20    55%W +0.1%    70%W +0.2%    45%W -0.0%    60%W +0.2%    50%W -0.0%    55%W +0.1%       -2.1% → +2.8%
  SNOW    20    40%W -0.2%    45%W -0.2%    45%W -0.2%    50%W +0.1%    40%W -0.6%    50%W -0.1%       -5.0% → +5.5%
  SPOT    20    30%W -0.2%    45%W -0.2%    50%W +0.0%    50%W +0.1%    45%W -0.1%    50%W -0.1%       -3.4% → +4.1%
  AMD     20    40%W -0.1%    55%W +0.1%    55%W +0.1%    45%W -0.2%    45%W -0.1%    50%W -0.0%       -3.5% → +6.2%
  APP     20    30%W -0.6%    30%W -0.5%    30%W -0.9%    40%W -1.0%    40%W -1.1%    45%W -0.7%       -5.4% → +6.4%
  META    20    40%W -0.1%    35%W -0.2%    40%W -0.5%    45%W -0.5%    50%W -0.1%    45%W -0.4%       -3.8% → +3.9%
  MRVL    20    50%W +0.1%    50%W -0.0%    45%W -0.2%    45%W -0.2%    50%W -0.1%    45%W -0.4%       -3.6% → +5.9%
  CRWD    20    50%W -0.0%    60%W +0.2%    60%W +0.3%    60%W +0.6%    45%W -0.1%    45%W -0.3%       -3.5% → +4.7%
  LLY     20    50%W +0.0%    50%W +0.0%    50%W -0.0%    40%W -0.2%    40%W -0.2%    40%W -0.5%       -2.4% → +2.4%
  MU      20    50%W -0.0%    55%W +0.0%    40%W -0.3%    40%W -0.4%    35%W -0.4%    35%W -0.8%       -3.1% → +4.1%
  DDOG    20    40%W -0.2%    40%W -0.2%    30%W -0.5%    45%W -0.2%    40%W -0.5%    35%W -0.4%       -5.6% → +7.7%
  PLTR    20    40%W -0.4%    45%W -0.0%    45%W -0.7%    55%W +0.6%    40%W -0.3%    30%W -1.0%       -6.5% → +9.0%

=========================================================================================================================================================================================
Pre-Session Top-2 Performance — 2023-02-01 to 2023-02-28  |  Unconditional OR-close entry  |  OR: 09:30/3b
=========================================================================================================================================================================================
Date         Ticker Rank  At       Entry       +15m       +30m       +45m        +1h     +1h30m        +2h        +3h        +4h        +5h        +6h        +7h        EOD
-----------------------------------------------------------------------------------------------------------------------------------------------------------------------------------------
2023-02-01   SPOT   #1    09:40   113.49    -0.36%L    -0.30%L    -1.25%L    -1.22%L    -0.04%L    +0.82%W    +0.47%W    +0.48%W    +2.77%W    +4.97%W    +4.11%W    +4.11%W
2023-02-01   MU     #2    09:40    60.69    +1.05%W    +1.22%W    +0.88%W    +0.46%W    +0.91%W    +1.14%W    +1.35%W    +1.09%W    +1.93%W    +3.75%W    +3.18%W    +3.18%W
2023-02-02   SPOT   #1    09:40   123.53    -3.33%L    -2.30%L    -3.24%L    -1.23%L    -1.52%L    -2.32%L    -0.95%L    -0.55%L    -1.83%L    -1.89%L    -0.78%L    -0.78%L
2023-02-02   MU     #2    09:40    63.19    -1.06%L    -1.22%L    -0.66%L    -0.47%L    -1.15%L    -1.99%L    +0.25%W    +0.51%W    -0.35%L    -0.93%L    -0.03%L    -0.03%L
2023-02-03   SPOT   #1    09:40   119.30    +1.27%W    +1.51%W    +2.36%W    +3.39%W    +3.18%W    +2.79%W    +3.17%W    +1.71%W    +2.03%W    +1.55%W    +1.57%W    +1.57%W
2023-02-03   APP    #2    09:40    13.80    +0.72%W    +0.00%L    +0.18%W    +0.58%W    +0.87%W    +0.07%W    -0.19%L    -3.12%L    -3.37%L    -4.31%L    -4.20%L    -4.20%L
2023-02-06   SPOT   #1    09:40   124.68    -1.44%L    -0.95%L    -2.21%L    -2.22%L    -1.88%L    -2.04%L    -0.89%L    -1.62%L    -1.45%L    -1.27%L    -1.34%L    -1.34%L
2023-02-06   AMD    #2    09:40    85.48    +0.01%W    +0.16%W    -1.35%L    -1.47%L    -0.83%L    -1.09%L    -1.94%L    -2.30%L    -2.00%L    -2.21%L    -2.11%L    -2.11%L
2023-02-07   SPOT   #1    09:40   122.98    -0.04%L    +0.24%W    +0.41%W    +1.59%W    +1.06%W    +0.86%W    +1.02%W    -0.69%L    +1.16%W    +2.02%W    +1.94%W    +1.94%W
2023-02-07   SNPS   #2    09:40   358.95    +0.13%W    -0.18%L    -0.67%L    -0.72%L    -0.15%L    +0.04%W    +0.21%W    -0.38%L    +1.40%W    +2.06%W    +2.25%W    +2.25%W
2023-02-08   SPOT   #1    09:40   124.80    -0.63%L    -0.26%L    -0.79%L    -0.38%L    -1.15%L    -1.12%L    -0.58%L    -0.84%L    -0.54%L    -0.69%L    -0.89%L    -0.89%L
2023-02-08   SNPS   #2    09:40   366.54    -0.10%L    -0.06%L    -0.34%L    -0.27%L    -0.46%L    -1.10%L    -1.41%L    -1.26%L    -1.14%L    -1.68%L    -1.62%L    -1.62%L
2023-02-09   SPOT   #1    09:40   125.00    -0.01%L    +0.25%W    -0.07%L    +0.14%W    +0.14%W    -0.13%L    -1.71%L    -1.40%L    -2.44%L    -3.41%L    -3.39%L    -3.39%L
2023-02-09   SNPS   #2    09:40   366.76    +1.02%W    +0.84%W    +0.47%W    +0.42%W    +0.53%W    +0.65%W    +0.52%W    -0.04%L    +0.09%W    -0.72%L    -0.83%L    -0.83%L
2023-02-10   SPOT   #1    09:40   124.95    +0.03%W    +0.14%W    +1.22%W    +1.28%W    +0.66%W    +0.31%W    +0.18%W    +0.34%W    -0.05%L    -0.06%L    +0.17%W    +0.17%W
2023-02-10   SNPS   #2    09:40   357.67    +0.41%W    +0.36%W    +0.43%W    +0.07%W    +0.26%W    +0.21%W    +0.01%W    +0.21%W    -0.07%L    +0.56%W    +0.42%W    +0.42%W
2023-02-13   SPOT   #1    09:40   125.93    -1.17%L    -1.61%L    -1.64%L    -1.77%L    -1.58%L    -1.22%L    -1.27%L    -0.99%L    -2.33%L    -2.41%L    -2.86%L    -2.86%L
2023-02-13   SNPS   #2    09:40   362.06    +0.20%W    +0.34%W    +0.19%W    +0.11%W    +0.75%W    +0.38%W    +0.20%W    -0.14%L    -0.30%L    -0.07%L    -0.10%L    -0.10%L
2023-02-14   SPOT   #1    09:40   122.26    +1.21%W    +2.12%W    +1.86%W    +0.96%W    +0.95%W    +0.74%W    +1.32%W    +1.27%W    +1.84%W    +2.86%W    +3.17%W    +3.17%W
2023-02-14   SNPS   #2    09:40   368.15    +0.83%W    +2.47%W    +2.05%W    +1.65%W    +1.72%W    +0.91%W    +1.38%W    +2.12%W    +2.00%W    +2.59%W    +2.11%W    +2.11%W
2023-02-15   SPOT   #1    09:40   126.45    -0.90%L    -0.73%L    +0.40%W    +0.72%W    +1.12%W    +1.38%W    +1.18%W    +1.25%W    +1.23%W    +1.20%W    +1.46%W    +1.46%W
2023-02-15   QCOM   #2    09:40   131.10    -0.27%L    -0.40%L    +0.05%W    -0.28%L    +0.06%W    +0.41%W    +0.35%W    +0.58%W    +1.25%W    +0.98%W    +1.54%W    +1.54%W
2023-02-16   QCOM   #1    09:40   131.26    +0.23%W    -0.05%L    +0.40%W    +0.58%W    +0.37%W    +0.63%W    +0.91%W    +0.83%W    +0.61%W    -0.75%L    -0.85%L    -0.85%L
2023-02-16   SNPS   #2    09:40   361.36    +0.02%W    +0.11%W    -0.00%L    -0.33%L    +0.03%W    -0.01%L    -0.14%L    +0.04%W    +0.32%W    -0.25%L    -0.47%L    -0.47%L
2023-02-17   QCOM   #1    09:40   128.06    -0.05%L    -0.22%L    -0.30%L    -0.30%L    +0.05%W    -0.38%L    -0.51%L    -0.47%L    -0.20%L    -0.19%L    -0.23%L    -0.23%L
2023-02-17   SNPS   #2    09:40   352.47    +0.27%W    +0.51%W    +0.52%W    +0.49%W    +0.55%W    +0.59%W    +0.71%W    +0.34%W    +0.85%W    +0.36%W    +0.53%W    +0.53%W
2023-02-21   SNPS   #1    09:40   350.01    +0.06%W    -0.48%L    -0.31%L    -0.42%L    -0.22%L    +0.10%W    +0.27%W    +0.38%W    +0.54%W    +0.58%W    +0.68%W    +0.68%W
2023-02-21   QCOM   #2    09:40   127.37    -0.71%L    -1.26%L    -1.29%L    -1.26%L    -1.33%L    -1.52%L    -1.74%L    -1.86%L    -2.34%L    -2.83%L    -2.89%L    -2.89%L
2023-02-22   SNPS   #1    09:40   354.96    +0.14%W    -0.08%L    -0.04%L    +0.05%W    +0.07%W    +0.45%W    +0.79%W    +0.99%W    +0.48%W    -0.03%L    +0.06%W    +0.06%W
2023-02-22   SPOT   #2    09:40   120.56    -1.58%L    -1.42%L    -0.92%L    -0.68%L    -0.62%L    -0.54%L    -0.03%L    +0.10%W    -0.65%L    -0.11%L    -0.39%L    -0.39%L
2023-02-23   SNPS   #1    09:40   365.22    +0.15%W    -0.10%L    +0.10%W    +0.12%W    -0.53%L    -1.21%L    -1.49%L    -0.82%L    +0.35%W    +0.53%W    +0.07%W    +0.07%W
2023-02-23   CHTR   #2    09:40   381.43    +0.08%W    +0.47%W    +0.73%W    +0.53%W    +0.21%W    -0.40%L    -0.49%L    -0.33%L    +0.67%W    +0.39%W    +0.41%W    +0.41%W
2023-02-24   SNPS   #1    09:40   361.02    -0.11%L    -0.14%L    +0.01%W    -0.18%L    +0.08%W    +0.17%W    -0.16%L    -0.12%L    -0.32%L    +0.00%W    +0.42%W    +0.42%W
2023-02-24   CHTR   #2    09:40   374.81    +0.54%W    +0.17%W    +0.61%W    +0.52%W    +0.63%W    +0.46%W    +0.11%W    +0.00%W    -0.01%L    +0.05%W    +0.00%W    +0.00%W
2023-02-27   SNPS   #1    09:40   367.25    +0.14%W    -0.20%L    -0.40%L    -1.04%L    -0.83%L    -0.75%L    -0.57%L    -0.88%L    -1.08%L    -1.45%L    -1.06%L    -1.06%L
2023-02-27   CHTR   #2    09:40   375.98    +0.86%W    +1.15%W    +0.99%W    +0.40%W    -0.03%L    +0.33%W    -0.05%L    -0.24%L    -0.53%L    -0.67%L    -0.24%L    -0.24%L
2023-02-28   CHTR   #1    09:40   371.61    +0.99%W    +1.19%W    +1.21%W    +0.89%W    +1.35%W    +1.39%W    -1.35%L    -1.63%L    -0.78%L    -0.73%L    -1.01%L    -1.01%L
2023-02-28   SNPS   #2    09:40   366.50    -0.02%L    +0.17%W    -0.03%L    -0.21%L    -0.40%L    -0.43%L    -0.04%L    +0.09%W    -0.33%L    -0.68%L    -0.76%L    -0.76%L

========================================================================================
Pre-session picks summary — 38 pick(s) across 19 trading day(s)

Top-2 picks (all days)  (38 signal(s))
  Hold      Count   Win Rate   Avg Gain    Avg Win   Avg Loss ProfitFactor   Sum Ret%
  -------------------------------------------------------------------------
  +15m         38      57.9%     -0.04%     +0.47%     -0.73%        0.88x     -1.41%
  +30m         38      47.4%     +0.04%     +0.75%     -0.60%        1.12x     +1.44%
  +45m         38      52.6%     -0.01%     +0.75%     -0.86%        0.97x     -0.44%
  +1h          38      52.6%     +0.01%     +0.75%     -0.80%        1.04x     +0.51%
  +1h30m       38      57.9%     +0.07%     +0.71%     -0.79%        1.22x     +2.81%
  +2h          38      57.9%     -0.04%     +0.67%     -1.02%        0.91x     -1.42%
  +3h          38      50.0%     -0.03%     +0.76%     -0.82%        0.93x     -1.11%
  +4h          38      47.4%     -0.19%     +0.68%     -0.98%        0.63x     -7.37%
  +5h          38      44.7%     -0.07%     +1.15%     -1.05%        0.88x     -2.57%
  +6h          38      42.1%     -0.08%     +1.53%     -1.24%        0.90x     -2.87%
  +7h          38      47.4%     -0.05%     +1.34%     -1.30%        0.92x     -1.97%
  EOD          38      47.4%     -0.05%     +1.34%     -1.30%        0.92x     -1.97%

=========================================================================================================================================================================================
Signal Analysis — 2023-02-01 to 2023-02-28  |  BULL only  |  Vol ≥ 1.0x 20dAvg
Windows: 09:30/3b  |  Collection: 3 bars  |  Tickers: 19
=========================================================================================================================================================================================
Date         Ticker Window   At       Entry  Vol/20d       +15m       +30m       +45m        +1h     +1h30m        +2h        +3h        +4h        +5h        +6h        +7h        EOD
-----------------------------------------------------------------------------------------------------------------------------------------------------------------------------------------
2023-02-01   SPOT   09:30/3b 09:40   113.49    2.27x    -0.36%L    -0.30%L    -1.25%L    -1.22%L    -0.04%L    +0.82%W    +0.47%W    +0.48%W    +2.77%W    +4.97%W    +4.11%W    +4.11%W
2023-02-01   LLY    09:30/3b 09:40   345.29    1.59x    -0.95%L    -1.37%L    -1.75%L    -1.68%L    -1.39%L    -1.15%L    -1.97%L    -1.14%L    -1.05%L    -0.39%L    -0.70%L    -0.70%L
2023-02-01   QCOM   09:30/3b 09:45   134.55    1.21x    -0.07%L    +0.19%W    +0.46%W    +0.10%W    +0.08%W    +0.02%W    -0.10%L    +0.16%W    +2.00%W    +3.25%W    +2.99%W    +2.99%W
2023-02-01   PLTR   09:30/3b 09:45     7.79    1.07x    +2.36%W    +1.99%W    +1.22%W    +0.15%W    +0.32%W    +0.26%W    +0.32%W    +0.00%L    +3.30%W    +4.68%W    +5.20%W    +5.20%W
2023-02-01   CHTR   09:30/3b 09:40   383.30    1.14x    +0.99%W    +1.22%W    +1.38%W    +0.94%W    +1.63%W    +2.23%W    +1.89%W    +1.83%W    +2.73%W    +4.53%W    +4.00%W    +4.00%W
2023-02-01   AVGO   09:30/3b 09:45   590.05    1.13x    +0.22%W    +0.48%W    +0.58%W    +0.12%W    +0.17%W    +0.08%W    -0.12%L    -0.25%L    +1.28%W    +2.43%W    +2.21%W    +2.21%W
2023-02-02   QCOM   09:30/3b 09:45   138.19    1.76x    -0.88%L    +0.14%W    +0.56%W    +0.48%W    +0.09%W    +0.14%W    -0.17%L    +0.04%W    -1.52%L    -2.42%L    -1.64%L    -1.64%L
2023-02-02   AMD    09:30/3b 09:40    86.25    1.83x    -0.61%L    +0.46%W    +1.44%W    +1.78%W    +0.67%W    +0.88%W    +2.31%W    +2.19%W    +0.68%W    +0.99%W    +2.46%W    +2.46%W
2023-02-03   META   09:30/3b 09:40   191.22    2.91x    +1.50%W    -0.15%L    -1.15%L    -0.15%L    +0.91%W    +1.43%W    +1.35%W    -0.77%L    -1.07%L    -2.10%L    -2.46%L    -2.46%L
2023-02-03   LLY    09:30/3b 09:40   334.80    3.07x    -0.08%L    +0.29%W    +0.87%W    +0.82%W    +1.87%W    +1.74%W    +1.69%W    +1.96%W    +0.89%W    +1.41%W    +1.28%W    +1.28%W
2023-02-03   TSLA   09:30/3b 09:40   193.50    1.37x    -0.19%L    +1.71%W    +1.17%W    +2.43%W    +2.43%W    +2.05%W    +1.65%W    -1.72%L    -1.24%L    -1.87%L    -1.82%L    -1.82%L
2023-02-03   AVGO   09:30/3b 09:40   601.86    1.49x    -0.11%L    +0.47%W    +0.48%W    +0.86%W    +0.80%W    +0.50%W    +0.48%W    -0.65%L    -0.53%L    -0.81%L    -0.71%L    -0.71%L
2023-02-03   AMD    09:30/3b 09:45    87.59    1.19x    -0.14%L    +0.53%W    +0.70%W    +1.17%W    +0.39%W    -0.28%L    +0.28%W    -1.34%L    -1.20%L    -1.77%L    -1.74%L    -1.74%L
2023-02-03   DDOG   09:30/3b 09:50    84.27    1.72x    -2.08%L    -0.77%L    -1.23%L    -1.74%L    -1.59%L    -2.45%L    -2.80%L    -3.84%L    -4.52%L    -5.45%L    -5.73%L    -5.73%L
2023-02-06   META   09:30/3b 09:40   190.04    1.73x    -0.47%L    -0.38%L    -1.34%L    -1.43%L    -1.15%L    -1.23%L    -1.39%L    -1.65%L    -1.49%L    -2.05%L    -2.08%L    -2.08%L
2023-02-07   SNPS   09:30/3b 09:40   358.95    2.90x    +0.13%W    -0.18%L    -0.67%L    -0.72%L    -0.15%L    +0.04%W    +0.21%W    -0.38%L    +1.40%W    +2.06%W    +2.25%W    +2.25%W
2023-02-07   PLTR   09:30/3b 09:40     8.40    1.18x    -2.36%L    -2.68%L    -3.69%L    -2.91%L    -2.62%L    -2.26%L    -2.62%L    -3.74%L    -2.20%L    -1.43%L    -0.89%L    -0.89%L
2023-02-07   AVGO   09:30/3b 09:50   607.03    1.01x    -0.53%L    -0.71%L    -1.02%L    -0.89%L    -0.61%L    -0.45%L    +1.00%W    -0.52%L    +0.81%W    +1.59%W    +1.18%W    +1.18%W
2023-02-08   APP    09:30/3b 09:40    12.84    3.42x    +1.52%W    +1.21%W    -0.27%L    -0.43%L    -1.71%L    -2.03%L    -1.83%L    -1.56%L    -1.87%L    -0.70%L    -1.05%L    -1.05%L
2023-02-08   SNPS   09:30/3b 09:40   366.54    2.03x    -0.10%L    -0.06%L    -0.34%L    -0.27%L    -0.46%L    -1.10%L    -1.41%L    -1.26%L    -1.14%L    -1.68%L    -1.62%L    -1.62%L
2023-02-08   TSLA   09:30/3b 09:40   199.80    1.25x    +0.64%W    +0.72%W    +1.16%W    +0.18%W    -0.43%L    -0.46%L    -0.37%L    +0.66%W    +0.89%W    +0.85%W    +0.75%W    +0.75%W
2023-02-08   AMD    09:30/3b 09:45    87.47    1.10x    -0.56%L    -0.87%L    -2.00%L    -1.41%L    -1.98%L    -2.70%L    -2.13%L    -2.24%L    -2.93%L    -3.02%L    -3.17%L    -3.17%L
2023-02-13   APP    09:30/3b 09:40    15.22    2.63x    +1.60%W    +1.45%W    +2.88%W    +3.09%W    +5.26%W    +4.09%W    +4.01%W    +3.55%W    +3.45%W    +4.27%W    +4.34%W    +4.34%W
2023-02-13   PLTR   09:30/3b 09:40     7.62    1.54x    +0.07%W    -1.18%L    -1.43%L    -0.92%L    -0.20%L    +0.66%W    +1.28%W    +0.85%W    +0.26%W    -0.01%L    -0.46%L    -0.46%L
2023-02-13   DDOG   09:30/3b 09:40    82.06    1.20x    +0.45%W    +0.96%W    +1.10%W    +1.63%W    +1.94%W    +1.80%W    +1.18%W    +1.13%W    +0.45%W    +0.06%W    +0.23%W    +0.23%W
2023-02-14   SNPS   09:30/3b 09:50   369.60    2.06x    +1.78%W    +2.19%W    +1.07%W    +0.64%W    +1.40%W    +0.88%W    +1.10%W    +1.77%W    +1.64%W    +2.08%W    +1.71%W    +1.71%W
2023-02-14   TSLA   09:30/3b 09:40   197.09    1.13x    +2.21%W    +2.88%W    +2.09%W    +0.86%W    +1.50%W    +0.60%W    +2.48%W    +2.77%W    +4.31%W    +5.90%W    +6.19%W    +6.19%W
2023-02-14   AMD    09:30/3b 09:40    83.56    1.07x    +1.93%W    +2.73%W    +2.41%W    +0.90%W    +1.36%W    +0.48%W    +1.42%W    +1.62%W    +2.51%W    +2.93%W    +2.82%W    +2.82%W
2023-02-15   APP    09:30/3b 09:40    16.04    1.25x    -0.94%L    -0.47%L    -0.62%L    -1.37%L    -0.25%L    +0.80%W    +2.87%W    +3.74%W    +4.02%W    +5.58%W    +5.24%W    +5.24%W
2023-02-15   SNPS   09:30/3b 09:45   378.36    1.63x    -0.44%L    -0.63%L    -0.22%L    -0.76%L    -0.66%L    -0.52%L    -0.36%L    -0.11%L    -0.15%L    +0.15%W    +0.37%W    +0.37%W
2023-02-15   PLTR   09:30/3b 09:40     9.65    4.73x    -1.82%L    -2.29%L    -0.22%L    +0.72%W    +2.63%W    +3.41%W    +3.98%W    +3.60%W    +5.43%W    +4.19%W    +4.65%W    +4.65%W
2023-02-16   SNOW   09:30/3b 09:40   169.44    1.19x    +0.02%W    +0.53%W    +0.42%W    +1.16%W    +1.19%W    +1.10%W    +0.70%W    -0.13%L    -0.64%L    -2.91%L    -2.99%L    -2.99%L
2023-02-16   TSLA   09:30/3b 09:40   212.15    1.10x    +0.57%W    +0.54%W    +1.32%W    +2.00%W    +1.91%W    +1.99%W    +1.93%W    -0.16%L    -0.39%L    -4.40%L    -4.81%L    -4.81%L
2023-02-16   AVGO   09:30/3b 09:45   604.46    1.32x    -0.20%L    -0.09%L    +0.15%W    +0.29%W    +0.23%W    +0.55%W    +0.39%W    +0.44%W    +0.56%W    -0.27%L    -0.65%L    -0.65%L
2023-02-16   DDOG   09:30/3b 09:40    87.28    5.76x    -0.53%L    +0.08%W    -1.00%L    -1.63%L    +0.09%W    -0.34%L    -1.32%L    -3.44%L    -4.73%L    -5.67%L    -5.58%L    -5.58%L
2023-02-21   META   09:30/3b 09:40   177.24    1.80x    -1.41%L    -2.14%L    -1.55%L    -1.30%L    -1.65%L    -1.79%L    -2.04%L    -2.63%L    -2.14%L    -2.51%L    -2.91%L    -2.91%L
2023-02-21   LLY    09:30/3b 09:40   330.69    1.34x    -0.30%L    -0.17%L    -0.07%L    -0.29%L    -0.14%L    -0.40%L    -0.26%L    -0.61%L    -0.72%L    -0.87%L    -0.93%L    -0.93%L
2023-02-21   CRWD   09:30/3b 09:40   114.18    1.20x    -0.18%L    -1.38%L    -2.08%L    -1.32%L    -1.55%L    -1.67%L    -1.45%L    -0.82%L    -0.18%L    -1.14%L    -1.56%L    -1.56%L
2023-02-22   CRWD   09:30/3b 09:40   114.47    1.36x    -0.18%L    -0.44%L    -0.11%L    +0.41%W    +0.95%W    +1.00%W    +1.83%W    +3.13%W    +2.16%W    +2.19%W    +2.78%W    +2.78%W
2023-02-22   CHTR   09:30/3b 09:40   379.31    1.75x    +0.80%W    -0.20%L    +0.88%W    +0.30%W    +1.40%W    +0.95%W    +1.16%W    +1.20%W    +0.80%W    +0.85%W    +0.88%W    +0.88%W
2023-02-22   AVGO   09:30/3b 09:40   582.57    1.42x    -0.15%L    -0.87%L    -1.13%L    -1.26%L    -1.12%L    -1.10%L    -0.76%L    -0.24%L    -0.82%L    -1.61%L    -1.07%L    -1.07%L
2023-02-23   AVGO   09:30/3b 09:50   583.66    1.04x    -0.89%L    -0.71%L    -0.53%L    -0.99%L    -1.17%L    -1.52%L    -1.58%L    -0.86%L    -0.20%L    +0.02%W    +0.02%W    +0.02%W
2023-02-24   SNPS   09:30/3b 09:40   361.02    1.00x    -0.11%L    -0.14%L    +0.01%W    -0.18%L    +0.08%W    +0.17%W    -0.16%L    -0.12%L    -0.32%L    +0.00%W    +0.42%W    +0.42%W
2023-02-28   SPOT   09:30/3b 09:40   118.02    1.21x    +0.58%W    -0.16%L    -0.58%L    -0.86%L    -0.71%L    -0.95%L    -1.43%L    -1.19%L    -0.97%L    -1.07%L    -1.45%L    -1.45%L

========================================================================================
Summary — 44 qualifying signal(s) across 19 trading day(s)

Window 09:30/3b  (44 signal(s))
  Hold      Count   Win Rate   Avg Gain    Avg Win   Avg Loss ProfitFactor   Sum Ret%
  -------------------------------------------------------------------------
  +15m         44      38.6%     +0.02%     +1.02%     -0.62%        1.04x     +0.74%
  +30m         44      45.5%     +0.06%     +1.04%     -0.76%        1.13x     +2.44%
  +45m         44      47.7%     -0.04%     +1.06%     -1.05%        0.92x     -1.95%
  +1h          44      50.0%     -0.06%     +0.96%     -1.08%        0.89x     -2.72%
  +1h30m       44      54.5%     +0.22%     +1.22%     -0.98%        1.50x     +9.73%
  +2h          44      59.1%     +0.14%     +1.10%     -1.24%        1.28x     +6.25%
  +3h          44      54.5%     +0.27%     +1.50%     -1.21%        1.48x    +11.73%
  +4h          44      40.9%     -0.01%     +1.73%     -1.21%        0.99x     -0.26%
  +5h          44      47.7%     +0.23%     +2.02%     -1.39%        1.32x    +10.32%
  +6h          44      50.0%     +0.25%     +2.50%     -2.01%        1.25x    +10.83%
  +7h          44      50.0%     +0.23%     +2.55%     -2.09%        1.22x    +10.05%
  EOD          44      50.0%     +0.23%     +2.55%     -2.09%        1.22x    +10.05%
