Fetching 5-min bars (2023-08-18 → 2023-10-31) [alpaca]...
  [cache] fetching 1 tickers from alpaca (cache miss)
  [cache] loaded 18 tickers from cache
Fetching daily bars (2022-10-02 → 2023-10-31)...

=========================================================================================================================================================================================
Pre-Session Rankings (9:25) — 2023-10-02 to 2023-10-31  |  20d lookback
(Unconditional hold from OR close — no signal or vol filter)
=========================================================================================================================================================================================
Pre-session top-2 (9:25, 20d EOD win rate) — 2023-10-02  OR: 09:30/3b
  #1 SNPS   +15m 40%W -0.1%  +30m 35%W -0.2%  +1h 50%W +0.0%  +2h 45%W -0.1%  +5h 55%W +0.1%  EOD 55%W +0.2%  EOD range -2.0% → +2.7%
  #2 SPOT   +15m 35%W -0.2%  +30m 45%W -0.1%  +1h 45%W -0.2%  +2h 45%W -0.1%  +5h 55%W +0.4%  EOD 55%W +0.3%  EOD range -3.4% → +2.3%
  Ticker   N          +15m          +30m           +1h           +2h           +5h           EOD           EOD range
  ----------------------------------------------------------------------------------------------------------------------
  SNPS    20    40%W -0.1%    35%W -0.2%    50%W +0.0%    45%W -0.1%    55%W +0.1%    55%W +0.2%       -2.0% → +2.7%
  SPOT    20    35%W -0.2%    45%W -0.1%    45%W -0.2%    45%W -0.1%    55%W +0.4%    55%W +0.3%       -3.4% → +2.3%
  MU      20    45%W -0.0%    75%W +0.1%    60%W +0.2%    55%W +0.2%    60%W +0.0%    55%W +0.1%       -3.2% → +1.6%
  AMD     20    45%W -0.1%    40%W -0.3%    55%W +0.2%    50%W +0.0%    60%W +0.6%    55%W +0.1%       -3.3% → +3.1%
  ARM     12    45%W -0.1%    45%W -0.5%    45%W -0.2%    45%W -0.8%    36%W -0.1%    55%W +0.2%       -6.8% → +7.7%
  DDOG    20    45%W -0.2%    30%W -0.4%    35%W -0.3%    45%W -0.1%    55%W +0.1%    50%W -0.2%       -2.1% → +3.7%
  APP     20    40%W -0.1%    50%W +0.0%    45%W -0.1%    30%W -0.2%    45%W -0.6%    45%W -0.6%       -8.4% → +3.6%
  CRWD    20    60%W +0.2%    45%W -0.0%    50%W +0.0%    40%W -0.3%    50%W -0.0%    45%W -0.3%       -3.5% → +3.0%
  PLTR    20    35%W -0.4%    35%W -0.3%    50%W -0.1%    55%W +0.1%    40%W -0.6%    45%W -0.5%       -4.0% → +5.0%
  CHTR    20    45%W -0.1%    50%W +0.0%    55%W +0.1%    55%W +0.2%    55%W +0.3%    45%W -0.5%       -2.1% → +2.5%
  TSLA    20    35%W -0.2%    40%W -0.2%    60%W +0.2%    55%W +0.1%    50%W -0.0%    45%W -0.1%       -3.6% → +4.3%
  META    20    55%W +0.0%    45%W -0.1%    50%W -0.1%    35%W -0.2%    45%W -0.1%    40%W -0.3%       -2.8% → +2.1%
  SNOW    20    50%W +0.0%    40%W -0.1%    40%W -0.1%    55%W +0.1%    50%W -0.1%    40%W -0.3%       -3.5% → +5.4%
  MRVL    20    45%W -0.1%    35%W -0.3%    35%W -0.3%    25%W -0.4%    45%W -0.2%    40%W -0.3%       -3.0% → +2.6%
  LLY     20    50%W +0.1%    60%W +0.1%    55%W +0.1%    40%W -0.1%    35%W -0.2%    35%W -0.2%       -2.4% → +1.7%
  QCOM    20    35%W -0.2%    50%W +0.0%    45%W -0.1%    45%W -0.1%    45%W -0.2%    35%W -0.5%       -2.8% → +1.9%
  AVGO    20    45%W -0.1%    45%W -0.2%    40%W -0.1%    25%W -0.3%    35%W -0.3%    30%W -0.3%       -2.1% → +1.9%
Pre-session top-2 (9:25, 20d EOD win rate) — 2023-10-03  OR: 09:30/3b
  #1 SNPS   +15m 35%W -0.2%  +30m 30%W -0.2%  +1h 45%W -0.1%  +2h 40%W -0.1%  +5h 50%W +0.0%  EOD 55%W +0.1%  EOD range -2.0% → +2.7%
  #2 SPOT   +15m 35%W -0.2%  +30m 40%W -0.1%  +1h 40%W -0.2%  +2h 45%W -0.1%  +5h 50%W +0.0%  EOD 55%W +0.2%  EOD range -3.4% → +2.3%
  Ticker   N          +15m          +30m           +1h           +2h           +5h           EOD           EOD range
  ----------------------------------------------------------------------------------------------------------------------
  SNPS    20    35%W -0.2%    30%W -0.2%    45%W -0.1%    40%W -0.1%    50%W +0.0%    55%W +0.1%       -2.0% → +2.7%
  SPOT    20    35%W -0.2%    40%W -0.1%    40%W -0.2%    45%W -0.1%    50%W +0.0%    55%W +0.2%       -3.4% → +2.3%
  DDOG    20    45%W -0.1%    35%W -0.4%    40%W -0.2%    50%W -0.0%    55%W +0.1%    55%W +0.1%       -2.1% → +3.7%
  APP     20    40%W -0.1%    50%W +0.0%    45%W -0.1%    35%W -0.2%    50%W -0.2%    50%W -0.3%       -8.4% → +3.6%
  MU      20    45%W -0.0%    70%W +0.1%    55%W +0.2%    55%W +0.2%    60%W +0.0%    50%W +0.0%       -3.2% → +1.6%
  CRWD    20    65%W +0.3%    50%W +0.0%    55%W +0.1%    45%W -0.1%    55%W +0.1%    50%W +0.0%       -3.5% → +3.0%
  TSLA    20    35%W -0.2%    45%W -0.1%    65%W +0.2%    60%W +0.3%    50%W -0.0%    50%W +0.0%       -3.3% → +4.3%
  ARM     13    42%W -0.1%    42%W -0.6%    42%W -0.4%    42%W -1.0%    33%W -0.3%    50%W -0.1%       -6.8% → +7.7%
  AMD     20    45%W -0.1%    35%W -0.4%    50%W +0.0%    45%W -0.0%    55%W +0.4%    50%W +0.0%       -3.3% → +3.1%
  META    20    55%W +0.0%    40%W -0.1%    45%W -0.3%    35%W -0.2%    45%W -0.1%    45%W -0.3%       -2.8% → +2.1%
  MRVL    20    50%W +0.0%    35%W -0.3%    35%W -0.2%    30%W -0.4%    45%W -0.2%    45%W -0.2%       -3.0% → +2.6%
  CHTR    20    45%W -0.1%    50%W +0.0%    55%W +0.1%    55%W +0.2%    55%W +0.3%    45%W -0.5%       -2.0% → +2.5%
  SNOW    20    55%W +0.1%    40%W -0.1%    40%W -0.1%    60%W +0.1%    50%W -0.1%    40%W -0.3%       -3.5% → +5.4%
  LLY     20    50%W +0.0%    60%W +0.1%    60%W +0.1%    40%W -0.1%    35%W -0.2%    40%W -0.1%       -2.4% → +1.7%
  PLTR    20    35%W -0.3%    35%W -0.4%    50%W -0.1%    55%W +0.1%    40%W -0.8%    40%W -0.7%       -4.0% → +5.0%
  QCOM    20    35%W -0.2%    50%W +0.0%    40%W -0.2%    45%W -0.1%    40%W -0.3%    35%W -0.5%       -2.8% → +1.9%
  AVGO    20    40%W -0.1%    45%W -0.2%    40%W -0.2%    25%W -0.3%    35%W -0.3%    35%W -0.3%       -2.1% → +1.9%
Pre-session top-2 (9:25, 20d EOD win rate) — 2023-10-04  OR: 09:30/3b
  #1 APP    +15m 45%W -0.0%  +30m 45%W -0.0%  +1h 45%W -0.1%  +2h 35%W -0.3%  +5h 45%W -0.6%  EOD 50%W -0.4%  EOD range -8.4% → +3.6%
  #2 SNPS   +15m 40%W -0.1%  +30m 30%W -0.2%  +1h 40%W -0.1%  +2h 35%W -0.2%  +5h 45%W -0.1%  EOD 50%W -0.1%  EOD range -2.9% → +2.7%
  Ticker   N          +15m          +30m           +1h           +2h           +5h           EOD           EOD range
  ----------------------------------------------------------------------------------------------------------------------
  APP     20    45%W -0.0%    45%W -0.0%    45%W -0.1%    35%W -0.3%    45%W -0.6%    50%W -0.4%       -8.4% → +3.6%
  SNPS    20    40%W -0.1%    30%W -0.2%    40%W -0.1%    35%W -0.2%    45%W -0.1%    50%W -0.1%       -2.9% → +2.7%
  SPOT    20    35%W -0.2%    35%W -0.1%    35%W -0.4%    40%W -0.3%    45%W -0.3%    50%W -0.1%       -3.4% → +2.3%
  DDOG    20    50%W +0.0%    35%W -0.4%    40%W -0.3%    45%W -0.4%    50%W +0.0%    50%W -0.2%       -3.5% → +3.7%
  ARM     14    46%W -0.1%    38%W -0.5%    38%W -0.7%    38%W -0.9%    38%W -0.1%    46%W -0.3%       -6.8% → +7.7%
  MU      20    50%W -0.0%    70%W +0.1%    50%W +0.1%    50%W +0.0%    55%W +0.0%    45%W -0.1%       -3.2% → +1.6%
  CRWD    20    65%W +0.3%    45%W -0.0%    50%W +0.0%    40%W -0.3%    50%W -0.1%    45%W -0.3%       -3.5% → +1.6%
  CHTR    20    45%W -0.1%    50%W +0.0%    50%W +0.0%    55%W +0.2%    55%W +0.3%    45%W -0.5%       -1.6% → +2.5%
  TSLA    20    40%W -0.1%    40%W -0.1%    60%W +0.2%    60%W +0.2%    45%W -0.1%    45%W -0.1%       -3.3% → +4.3%
  AMD     20    50%W +0.0%    40%W -0.3%    45%W -0.0%    40%W -0.1%    50%W -0.2%    45%W -0.1%       -3.3% → +3.1%
  META    20    55%W +0.0%    35%W -0.2%    40%W -0.3%    30%W -0.3%    40%W -0.4%    40%W -0.4%       -2.8% → +2.1%
  LLY     20    45%W -0.1%    55%W +0.1%    55%W +0.1%    35%W -0.2%    35%W -0.3%    40%W -0.1%       -2.4% → +1.7%
  MRVL    20    55%W +0.1%    35%W -0.3%    35%W -0.3%    30%W -0.4%    40%W -0.6%    40%W -0.3%       -3.0% → +2.6%
  SNOW    20    55%W +0.1%    40%W -0.1%    35%W -0.3%    60%W +0.1%    45%W -0.3%    35%W -0.4%       -3.5% → +5.4%
  PLTR    20    40%W -0.2%    35%W -0.4%    45%W -0.4%    50%W -0.0%    35%W -0.9%    35%W -0.9%       -4.0% → +5.0%
  AVGO    20    45%W -0.1%    45%W -0.2%    35%W -0.2%    25%W -0.3%    35%W -0.4%    35%W -0.3%       -2.1% → +1.9%
  QCOM    20    40%W -0.1%    50%W +0.0%    35%W -0.3%    40%W -0.2%    35%W -0.4%    30%W -0.6%       -2.8% → +1.9%
Pre-session top-2 (9:25, 20d EOD win rate) — 2023-10-05  OR: 09:30/3b
  #1 APP    +15m 45%W -0.0%  +30m 45%W -0.0%  +1h 50%W +0.2%  +2h 40%W -0.2%  +5h 50%W -0.2%  EOD 55%W +0.1%  EOD range -8.4% → +3.6%
  #2 SNPS   +15m 40%W -0.1%  +30m 30%W -0.2%  +1h 45%W -0.1%  +2h 40%W -0.1%  +5h 50%W +0.0%  EOD 55%W +0.1%  EOD range -2.9% → +2.7%
  Ticker   N          +15m          +30m           +1h           +2h           +5h           EOD           EOD range
  ----------------------------------------------------------------------------------------------------------------------
  APP     20    45%W -0.0%    45%W -0.0%    50%W +0.2%    40%W -0.2%    50%W -0.2%    55%W +0.1%       -8.4% → +3.6%
  SNPS    20    40%W -0.1%    30%W -0.2%    45%W -0.1%    40%W -0.1%    50%W +0.0%    55%W +0.1%       -2.9% → +2.7%
  SPOT    20    30%W -0.2%    30%W -0.3%    30%W -0.4%    40%W -0.3%    50%W -0.1%    55%W +0.2%       -3.4% → +2.3%
  TSLA    20    45%W -0.1%    40%W -0.1%    65%W +0.2%    65%W +0.3%    45%W -0.1%    50%W -0.1%       -3.3% → +4.3%
  ARM     15    50%W +0.2%    36%W -0.5%    36%W -0.5%    43%W -0.9%    43%W -0.0%    50%W -0.0%       -6.8% → +7.7%
  AMD     20    55%W +0.1%    45%W -0.2%    50%W +0.0%    45%W -0.0%    55%W +0.4%    50%W +0.0%       -3.3% → +3.1%
  DDOG    20    45%W -0.1%    35%W -0.4%    40%W -0.3%    45%W -0.4%    50%W +0.0%    50%W -0.2%       -3.5% → +3.7%
  META    20    50%W -0.0%    35%W -0.2%    45%W -0.3%    35%W -0.3%    45%W -0.1%    45%W -0.3%       -2.8% → +2.1%
  MU      20    50%W -0.0%    70%W +0.1%    50%W -0.0%    50%W +0.0%    55%W +0.0%    45%W -0.1%       -3.2% → +1.6%
  MRVL    20    55%W +0.1%    35%W -0.3%    35%W -0.3%    35%W -0.4%    40%W -0.4%    45%W -0.2%       -3.0% → +2.6%
  CRWD    20    60%W +0.2%    45%W -0.0%    45%W -0.1%    40%W -0.3%    50%W -0.0%    45%W -0.2%       -3.5% → +1.6%
  CHTR    20    45%W -0.1%    45%W -0.0%    45%W -0.1%    50%W +0.1%    55%W +0.1%    45%W -0.5%       -1.6% → +2.5%
  SNOW    20    50%W +0.0%    40%W -0.1%    35%W -0.3%    55%W +0.1%    45%W -0.2%    40%W -0.4%       -3.5% → +5.4%
  LLY     20    50%W +0.1%    55%W +0.1%    60%W +0.1%    40%W -0.2%    30%W -0.3%    40%W -0.1%       -2.4% → +1.7%
  PLTR    20    35%W -0.3%    35%W -0.4%    45%W -0.4%    50%W -0.0%    40%W -0.8%    40%W -0.7%       -4.0% → +5.0%
  AVGO    20    50%W -0.0%    50%W -0.0%    35%W -0.3%    25%W -0.3%    35%W -0.4%    35%W -0.2%       -2.1% → +1.9%
  QCOM    20    40%W -0.1%    50%W +0.0%    35%W -0.3%    40%W -0.2%    35%W -0.4%    30%W -0.6%       -2.8% → +1.9%
Pre-session top-2 (9:25, 20d EOD win rate) — 2023-10-06  OR: 09:30/3b
  #1 APP    +15m 50%W +0.0%  +30m 45%W -0.0%  +1h 50%W +0.2%  +2h 40%W -0.2%  +5h 50%W -0.2%  EOD 55%W +0.1%  EOD range -8.4% → +3.6%
  #2 SNPS   +15m 40%W -0.1%  +30m 30%W -0.2%  +1h 45%W -0.1%  +2h 40%W -0.1%  +5h 50%W +0.0%  EOD 55%W +0.1%  EOD range -2.9% → +2.7%
  Ticker   N          +15m          +30m           +1h           +2h           +5h           EOD           EOD range
  ----------------------------------------------------------------------------------------------------------------------
  APP     20    50%W +0.0%    45%W -0.0%    50%W +0.2%    40%W -0.2%    50%W -0.2%    55%W +0.1%       -8.4% → +3.6%
  SNPS    20    40%W -0.1%    30%W -0.2%    45%W -0.1%    40%W -0.1%    50%W +0.0%    55%W +0.1%       -2.9% → +2.7%
  AMD     20    55%W +0.1%    45%W -0.2%    45%W -0.0%    45%W -0.0%    60%W +0.6%    55%W +0.1%       -3.3% → +3.1%
  ARM     16    53%W +0.4%    40%W -0.5%    40%W -0.3%    47%W -0.8%    47%W +0.0%    53%W +0.2%       -6.8% → +7.7%
  META    20    45%W -0.1%    30%W -0.2%    40%W -0.3%    30%W -0.3%    50%W +0.1%    50%W +0.1%       -2.8% → +2.1%
  SPOT    20    30%W -0.3%    25%W -0.5%    25%W -0.6%    35%W -0.3%    50%W -0.1%    50%W +0.1%       -3.4% → +2.3%
  DDOG    20    50%W -0.0%    35%W -0.3%    35%W -0.5%    40%W -0.8%    45%W -0.1%    50%W -0.2%       -3.5% → +3.7%
  MRVL    20    55%W +0.1%    35%W -0.4%    30%W -0.3%    30%W -0.4%    40%W -0.4%    45%W -0.2%       -3.0% → +2.6%
  CRWD    20    65%W +0.3%    45%W -0.0%    40%W -0.1%    35%W -0.4%    50%W -0.0%    45%W -0.2%       -3.5% → +1.6%
  CHTR    20    50%W -0.0%    45%W -0.0%    45%W -0.1%    50%W +0.1%    60%W +0.2%    45%W -0.2%       -1.6% → +2.5%
  TSLA    20    45%W -0.1%    40%W -0.1%    65%W +0.2%    65%W +0.3%    40%W -0.1%    45%W -0.3%       -3.3% → +4.3%
  MU      20    50%W -0.0%    65%W +0.1%    45%W -0.2%    45%W -0.1%    55%W +0.0%    40%W -0.1%       -3.2% → +1.6%
  LLY     20    45%W -0.1%    50%W -0.0%    55%W +0.1%    35%W -0.2%    30%W -0.3%    40%W -0.1%       -2.4% → +1.7%
  PLTR    20    40%W -0.2%    35%W -0.6%    40%W -0.4%    45%W -0.1%    40%W -0.8%    40%W -0.7%       -4.0% → +4.4%
  SNOW    20    50%W -0.1%    35%W -0.1%    30%W -0.4%    50%W +0.0%    40%W -0.3%    35%W -0.5%       -3.5% → +5.4%
  QCOM    20    40%W -0.0%    50%W +0.0%    35%W -0.3%    40%W -0.2%    40%W -0.3%    35%W -0.5%       -1.9% → +1.9%
  AVGO    20    55%W +0.0%    45%W -0.2%    30%W -0.3%    25%W -0.3%    35%W -0.4%    35%W -0.2%       -2.1% → +1.9%
Pre-session top-2 (9:25, 20d EOD win rate) — 2023-10-09  OR: 09:30/3b
  #1 APP    +15m 55%W +0.1%  +30m 45%W -0.0%  +1h 55%W +0.4%  +2h 45%W -0.1%  +5h 55%W +0.2%  EOD 60%W +0.3%  EOD range -8.4% → +3.6%
  #2 AMD    +15m 50%W +0.0%  +30m 50%W -0.1%  +1h 50%W +0.1%  +2h 50%W +0.0%  +5h 65%W +0.7%  EOD 60%W +0.1%  EOD range -3.3% → +4.0%
  Ticker   N          +15m          +30m           +1h           +2h           +5h           EOD           EOD range
  ----------------------------------------------------------------------------------------------------------------------
  APP     20    55%W +0.1%    45%W -0.0%    55%W +0.4%    45%W -0.1%    55%W +0.2%    60%W +0.3%       -8.4% → +3.6%
  AMD     20    50%W +0.0%    50%W -0.1%    50%W +0.1%    50%W +0.0%    65%W +0.7%    60%W +0.1%       -3.3% → +4.0%
  ARM     17    50%W +0.2%    44%W -0.4%    44%W -0.2%    50%W -0.3%    50%W +0.1%    56%W +0.4%       -6.8% → +7.7%
  META    20    50%W -0.0%    35%W -0.2%    45%W -0.3%    35%W -0.3%    55%W +0.3%    55%W +0.4%       -2.8% → +4.5%
  SNPS    20    45%W -0.1%    30%W -0.2%    50%W +0.0%    45%W -0.1%    55%W +0.2%    55%W +0.1%       -2.9% → +3.4%
  SPOT    20    35%W -0.2%    30%W -0.3%    30%W -0.4%    40%W -0.3%    55%W +0.3%    55%W +0.4%       -3.4% → +3.5%
  MRVL    20    60%W +0.1%    35%W -0.4%    35%W -0.3%    35%W -0.3%    45%W -0.2%    50%W -0.1%       -3.0% → +3.4%
  TSLA    20    50%W -0.0%    45%W -0.1%    70%W +0.3%    70%W +0.5%    45%W -0.0%    50%W -0.1%       -3.3% → +4.3%
  DDOG    20    50%W -0.0%    35%W -0.3%    35%W -0.5%    40%W -0.8%    45%W -0.1%    50%W -0.2%       -3.5% → +6.8%
  CRWD    20    65%W +0.3%    45%W -0.0%    40%W -0.1%    35%W -0.4%    50%W -0.0%    45%W -0.2%       -3.5% → +6.2%
  PLTR    20    45%W -0.1%    40%W -0.4%    45%W -0.3%    45%W -0.1%    45%W -0.6%    45%W -0.5%       -4.0% → +6.1%
  CHTR    20    50%W -0.0%    40%W -0.1%    45%W -0.1%    50%W +0.1%    60%W +0.2%    45%W -0.2%       -1.6% → +2.5%
  MU      20    45%W -0.0%    65%W +0.1%    45%W -0.2%    50%W -0.0%    55%W +0.0%    40%W -0.1%       -3.2% → +2.5%
  LLY     20    45%W -0.1%    45%W -0.1%    55%W +0.1%    35%W -0.2%    30%W -0.3%    40%W -0.1%       -2.4% → +2.3%
  QCOM    20    40%W -0.0%    50%W +0.0%    40%W -0.2%    45%W -0.2%    45%W -0.2%    40%W -0.5%       -1.9% → +2.1%
  AVGO    20    60%W +0.1%    50%W -0.0%    35%W -0.3%    30%W -0.3%    40%W -0.4%    40%W -0.2%       -2.1% → +4.0%
  SNOW    20    50%W -0.1%    35%W -0.1%    35%W -0.4%    50%W +0.0%    40%W -0.3%    35%W -0.5%       -3.5% → +6.2%
Pre-session top-2 (9:25, 20d EOD win rate) — 2023-10-10  OR: 09:30/3b
  #1 APP    +15m 60%W +0.1%  +30m 45%W -0.0%  +1h 60%W +0.4%  +2h 45%W -0.1%  +5h 60%W +0.4%  EOD 65%W +0.7%  EOD range -8.4% → +3.6%
  #2 AMD    +15m 45%W -0.1%  +30m 50%W -0.1%  +1h 50%W +0.1%  +2h 50%W +0.0%  +5h 65%W +0.7%  EOD 60%W +0.1%  EOD range -3.3% → +4.0%
  Ticker   N          +15m          +30m           +1h           +2h           +5h           EOD           EOD range
  ----------------------------------------------------------------------------------------------------------------------
  APP     20    60%W +0.1%    45%W -0.0%    60%W +0.4%    45%W -0.1%    60%W +0.4%    65%W +0.7%       -8.4% → +3.6%
  AMD     20    45%W -0.1%    50%W -0.1%    50%W +0.1%    50%W +0.0%    65%W +0.7%    60%W +0.1%       -3.3% → +4.0%
  META    20    50%W -0.0%    40%W -0.2%    45%W -0.3%    40%W -0.3%    55%W +0.3%    55%W +0.4%       -2.8% → +4.5%
  SNPS    20    50%W +0.0%    35%W -0.2%    55%W +0.1%    50%W +0.0%    55%W +0.2%    55%W +0.1%       -2.9% → +3.4%
  SPOT    20    40%W -0.2%    35%W -0.1%    35%W -0.3%    45%W -0.1%    55%W +0.6%    55%W +0.4%       -3.4% → +3.5%
  ARM     18    53%W +0.4%    47%W -0.4%    47%W -0.2%    47%W -0.8%    53%W +0.2%    53%W +0.2%       -6.8% → +7.7%
  MRVL    20    60%W +0.1%    35%W -0.4%    35%W -0.3%    35%W -0.3%    45%W -0.2%    50%W -0.1%       -3.0% → +3.4%
  TSLA    20    50%W -0.0%    40%W -0.1%    65%W +0.2%    65%W +0.3%    45%W -0.0%    50%W -0.1%       -3.3% → +3.7%
  DDOG    20    50%W -0.0%    35%W -0.3%    35%W -0.5%    40%W -0.8%    45%W -0.1%    50%W -0.2%       -3.5% → +6.8%
  QCOM    20    40%W -0.0%    50%W +0.0%    40%W -0.2%    45%W -0.2%    50%W +0.0%    45%W -0.4%       -1.9% → +2.1%
  PLTR    20    45%W -0.1%    40%W -0.4%    45%W -0.3%    40%W -0.2%    45%W -0.6%    45%W -0.5%       -4.0% → +6.1%
  CHTR    20    55%W +0.1%    40%W -0.1%    45%W -0.1%    50%W +0.1%    60%W +0.2%    45%W -0.2%       -1.6% → +2.5%
  AVGO    20    60%W +0.1%    50%W -0.0%    35%W -0.3%    30%W -0.3%    45%W -0.4%    45%W -0.1%       -2.1% → +4.0%
  CRWD    20    65%W +0.3%    45%W -0.0%    40%W -0.1%    30%W -0.4%    45%W -0.1%    40%W -0.2%       -3.5% → +6.2%
  SNOW    20    50%W -0.1%    35%W -0.1%    35%W -0.4%    50%W +0.0%    40%W -0.3%    35%W -0.5%       -3.5% → +6.2%
  MU      20    45%W -0.0%    65%W +0.1%    45%W -0.2%    50%W -0.0%    50%W -0.1%    35%W -0.2%       -3.2% → +2.5%
  LLY     20    45%W -0.1%    45%W -0.1%    50%W -0.1%    30%W -0.2%    25%W -0.3%    35%W -0.2%       -2.4% → +2.3%
Pre-session top-2 (9:25, 20d EOD win rate) — 2023-10-11  OR: 09:30/3b
  #1 APP    +15m 55%W +0.1%  +30m 50%W +0.0%  +1h 65%W +0.5%  +2h 50%W +0.1%  +5h 60%W +0.4%  EOD 65%W +0.7%  EOD range -8.4% → +3.6%
  #2 META   +15m 50%W -0.0%  +30m 40%W -0.2%  +1h 50%W +0.0%  +2h 45%W -0.1%  +5h 60%W +0.5%  EOD 60%W +0.5%  EOD range -2.8% → +4.5%
  Ticker   N          +15m          +30m           +1h           +2h           +5h           EOD           EOD range
  ----------------------------------------------------------------------------------------------------------------------
  APP     20    55%W +0.1%    50%W +0.0%    65%W +0.5%    50%W +0.1%    60%W +0.4%    65%W +0.7%       -8.4% → +3.6%
  META    20    50%W -0.0%    40%W -0.2%    50%W +0.0%    45%W -0.1%    60%W +0.5%    60%W +0.5%       -2.8% → +4.5%
  SNPS    20    50%W +0.0%    35%W -0.2%    55%W +0.1%    50%W +0.0%    55%W +0.3%    60%W +0.2%       -2.9% → +3.4%
  SPOT    20    35%W -0.2%    30%W -0.1%    40%W -0.2%    50%W +0.1%    60%W +0.7%    60%W +0.4%       -3.4% → +3.5%
  AMD     20    45%W -0.1%    50%W -0.1%    55%W +0.3%    55%W +0.1%    65%W +0.7%    60%W +0.4%       -3.3% → +4.0%
  ARM     19    56%W +0.4%    50%W -0.2%    50%W -0.1%    50%W -0.3%    56%W +0.2%    56%W +0.4%       -6.8% → +7.7%
  MRVL    20    60%W +0.1%    35%W -0.4%    40%W -0.3%    40%W -0.2%    50%W -0.1%    55%W +0.1%       -3.0% → +3.4%
  TSLA    20    50%W -0.0%    40%W -0.1%    65%W +0.2%    70%W +0.5%    50%W +0.2%    55%W +0.1%       -3.3% → +3.7%
  QCOM    20    40%W -0.0%    50%W +0.0%    45%W -0.1%    50%W -0.1%    50%W +0.0%    50%W -0.2%       -1.9% → +2.1%
  AVGO    20    60%W +0.1%    50%W -0.0%    40%W -0.2%    35%W -0.3%    50%W +0.1%    50%W -0.0%       -2.1% → +4.0%
  DDOG    20    50%W -0.0%    35%W -0.3%    40%W -0.4%    45%W -0.4%    45%W -0.1%    50%W -0.2%       -3.5% → +6.8%
  PLTR    20    45%W -0.1%    40%W -0.4%    45%W -0.3%    40%W -0.2%    45%W -0.4%    45%W -0.5%       -4.0% → +6.1%
  CHTR    20    50%W -0.0%    35%W -0.1%    40%W -0.2%    50%W +0.1%    60%W +0.2%    45%W -0.2%       -1.6% → +2.5%
  CRWD    20    60%W +0.3%    45%W -0.0%    45%W -0.1%    30%W -0.4%    50%W -0.0%    40%W -0.0%       -3.5% → +6.2%
  SNOW    20    50%W -0.1%    35%W -0.1%    35%W -0.4%    50%W +0.0%    40%W -0.2%    35%W -0.5%       -3.5% → +6.2%
  MU      20    45%W -0.0%    65%W +0.1%    50%W -0.1%    55%W +0.1%    45%W -0.2%    35%W -0.2%       -3.2% → +2.5%
  LLY     20    45%W -0.1%    45%W -0.1%    50%W -0.1%    30%W -0.2%    25%W -0.3%    35%W -0.2%       -2.4% → +2.3%
Pre-session top-2 (9:25, 20d EOD win rate) — 2023-10-12  OR: 09:30/3b
  #1 APP    +15m 55%W +0.1%  +30m 50%W +0.0%  +1h 65%W +0.5%  +2h 50%W +0.1%  +5h 60%W +0.4%  EOD 65%W +0.7%  EOD range -8.4% → +3.6%
  #2 META   +15m 50%W -0.0%  +30m 40%W -0.1%  +1h 50%W +0.0%  +2h 45%W -0.1%  +5h 65%W +0.5%  EOD 65%W +0.5%  EOD range -2.8% → +4.5%
  Ticker   N          +15m          +30m           +1h           +2h           +5h           EOD           EOD range
  ----------------------------------------------------------------------------------------------------------------------
  APP     20    55%W +0.1%    50%W +0.0%    65%W +0.5%    50%W +0.1%    60%W +0.4%    65%W +0.7%       -8.4% → +3.6%
  META    20    50%W -0.0%    40%W -0.1%    50%W +0.0%    45%W -0.1%    65%W +0.5%    65%W +0.5%       -2.8% → +4.5%
  SNPS    20    45%W -0.1%    35%W -0.1%    50%W +0.0%    45%W -0.1%    55%W +0.2%    60%W +0.2%       -2.9% → +3.4%
  SPOT    20    35%W -0.2%    30%W -0.1%    40%W -0.2%    50%W +0.1%    55%W +0.4%    55%W +0.1%       -3.4% → +3.5%
  MRVL    20    55%W +0.1%    35%W -0.4%    35%W -0.3%    35%W -0.3%    45%W -0.2%    55%W +0.1%       -3.0% → +3.4%
  TSLA    20    50%W -0.0%    40%W -0.1%    65%W +0.2%    70%W +0.5%    50%W +0.2%    55%W +0.1%       -3.3% → +3.7%
  AMD     20    40%W -0.1%    50%W -0.1%    50%W +0.1%    50%W -0.0%    60%W +0.6%    55%W +0.1%       -3.3% → +4.0%
  ARM     20    53%W +0.4%    47%W -0.4%    47%W -0.2%    47%W -0.8%    53%W +0.2%    53%W +0.2%       -6.8% → +7.7%
  QCOM    20    35%W -0.1%    45%W -0.1%    40%W -0.2%    45%W -0.2%    45%W -0.2%    50%W -0.2%       -1.9% → +2.1%
  AVGO    20    60%W +0.1%    50%W -0.0%    40%W -0.2%    30%W -0.3%    50%W +0.1%    50%W -0.0%       -2.1% → +4.0%
  DDOG    20    50%W -0.0%    35%W -0.3%    40%W -0.5%    45%W -0.4%    45%W -0.1%    50%W -0.2%       -3.5% → +6.8%
  CRWD    20    65%W +0.3%    50%W +0.0%    50%W -0.0%    35%W -0.3%    55%W +0.0%    45%W -0.0%       -3.5% → +6.2%
  PLTR    20    45%W -0.1%    40%W -0.4%    45%W -0.3%    40%W -0.4%    45%W -0.4%    45%W -0.5%       -4.0% → +6.1%
  CHTR    20    50%W +0.0%    40%W -0.0%    45%W -0.1%    50%W +0.1%    60%W +0.2%    45%W -0.2%       -1.6% → +2.5%
  MU      20    40%W -0.1%    60%W +0.1%    45%W -0.3%    50%W -0.0%    45%W -0.2%    40%W -0.1%       -3.2% → +2.5%
  LLY     20    50%W +0.0%    50%W -0.0%    55%W +0.1%    35%W -0.2%    30%W -0.3%    40%W -0.2%       -2.4% → +2.3%
  SNOW    20    50%W -0.1%    35%W -0.1%    35%W -0.4%    50%W +0.0%    40%W -0.2%    35%W -0.5%       -3.5% → +6.2%
Pre-session top-2 (9:25, 20d EOD win rate) — 2023-10-13  OR: 09:30/3b
  #1 APP    +15m 60%W +0.1%  +30m 50%W +0.1%  +1h 65%W +0.5%  +2h 50%W +0.1%  +5h 60%W +0.3%  EOD 60%W +0.3%  EOD range -8.4% → +3.6%
  #2 META   +15m 55%W +0.1%  +30m 45%W -0.1%  +1h 50%W +0.0%  +2h 45%W -0.1%  +5h 60%W +0.3%  EOD 60%W +0.4%  EOD range -2.8% → +4.5%
  Ticker   N          +15m          +30m           +1h           +2h           +5h           EOD           EOD range
  ----------------------------------------------------------------------------------------------------------------------
  APP     20    60%W +0.1%    50%W +0.1%    65%W +0.5%    50%W +0.1%    60%W +0.3%    60%W +0.3%       -8.4% → +3.6%
  META    20    55%W +0.1%    45%W -0.1%    50%W +0.0%    45%W -0.1%    60%W +0.3%    60%W +0.4%       -2.8% → +4.5%
  SNPS    20    45%W -0.1%    40%W -0.1%    50%W +0.0%    45%W -0.1%    50%W -0.0%    55%W +0.1%       -2.9% → +3.4%
  MRVL    20    60%W +0.3%    40%W -0.4%    35%W -0.3%    40%W -0.3%    40%W -0.4%    55%W +0.1%       -3.0% → +3.4%
  AMD     20    45%W -0.1%    55%W +0.0%    50%W +0.2%    55%W +0.1%    60%W +0.6%    55%W +0.1%       -3.3% → +4.0%
  SPOT    20    40%W -0.2%    35%W -0.1%    40%W -0.2%    50%W +0.1%    50%W -0.1%    50%W +0.0%       -3.4% → +3.5%
  QCOM    20    40%W -0.0%    50%W +0.0%    40%W -0.2%    45%W -0.2%    40%W -0.2%    50%W -0.2%       -1.9% → +2.1%
  PLTR    20    50%W +0.2%    45%W -0.1%    50%W +0.0%    45%W -0.2%    50%W -0.1%    50%W +0.1%       -4.0% → +6.1%
  TSLA    20    50%W -0.0%    45%W -0.1%    65%W +0.2%    70%W +0.6%    45%W -0.0%    50%W -0.1%       -3.3% → +3.7%
  AVGO    20    60%W +0.1%    50%W -0.0%    40%W -0.2%    30%W -0.3%    50%W +0.1%    50%W -0.0%       -2.1% → +4.0%
  ARM     20    50%W +0.1%    45%W -0.3%    45%W -0.2%    45%W -0.5%    50%W +0.1%    50%W -0.0%       -6.8% → +7.7%
  DDOG    20    55%W +0.1%    40%W -0.2%    45%W -0.4%    50%W +0.0%    45%W -0.1%    50%W -0.1%       -3.5% → +6.8%
  LLY     20    50%W +0.0%    45%W -0.1%    50%W -0.1%    35%W -0.2%    30%W -0.3%    45%W -0.1%       -2.4% → +2.3%
  CRWD    20    70%W +0.3%    55%W +0.1%    55%W +0.1%    40%W -0.1%    55%W +0.0%    45%W -0.0%       -3.5% → +6.2%
  CHTR    20    50%W +0.0%    35%W -0.1%    40%W -0.3%    45%W -0.0%    55%W +0.1%    40%W -0.2%       -1.6% → +2.5%
  SNOW    20    55%W +0.1%    40%W -0.1%    40%W -0.3%    55%W +0.1%    40%W -0.2%    35%W -0.4%       -3.5% → +6.2%
  MU      20    45%W -0.1%    60%W +0.1%    40%W -0.3%    55%W +0.1%    40%W -0.3%    35%W -0.2%       -3.2% → +2.5%
Pre-session top-2 (9:25, 20d EOD win rate) — 2023-10-16  OR: 09:30/3b
  #1 META   +15m 55%W +0.1%  +30m 45%W -0.1%  +1h 50%W +0.0%  +2h 45%W -0.1%  +5h 60%W +0.3%  EOD 60%W +0.4%  EOD range -2.8% → +4.5%
  #2 APP    +15m 60%W +0.1%  +30m 50%W +0.1%  +1h 65%W +0.5%  +2h 50%W +0.1%  +5h 55%W +0.2%  EOD 55%W +0.1%  EOD range -8.4% → +3.6%
  Ticker   N          +15m          +30m           +1h           +2h           +5h           EOD           EOD range
  ----------------------------------------------------------------------------------------------------------------------
  META    20    55%W +0.1%    45%W -0.1%    50%W +0.0%    45%W -0.1%    60%W +0.3%    60%W +0.4%       -2.8% → +4.5%
  APP     20    60%W +0.1%    50%W +0.1%    65%W +0.5%    50%W +0.1%    55%W +0.2%    55%W +0.1%       -8.4% → +3.6%
  SNPS    20    50%W +0.0%    40%W -0.1%    50%W +0.0%    45%W -0.1%    50%W -0.0%    55%W +0.1%       -2.9% → +3.4%
  MRVL    20    65%W +0.3%    40%W -0.3%    35%W -0.3%    40%W -0.3%    40%W -0.4%    55%W +0.1%       -3.0% → +3.4%
  AMD     20    45%W -0.1%    55%W +0.0%    55%W +0.3%    55%W +0.1%    60%W +0.6%    55%W +0.1%       -2.8% → +4.0%
  DDOG    20    60%W +0.2%    40%W -0.2%    45%W -0.3%    50%W +0.0%    50%W -0.0%    55%W +0.1%       -3.5% → +6.8%
  QCOM    20    40%W -0.0%    50%W +0.0%    40%W -0.2%    45%W -0.2%    40%W -0.2%    50%W -0.2%       -2.6% → +2.1%
  PLTR    20    50%W +0.2%    45%W -0.4%    50%W +0.0%    45%W -0.4%    50%W -0.1%    50%W +0.0%       -4.0% → +6.1%
  AVGO    20    55%W +0.1%    45%W -0.2%    40%W -0.3%    30%W -0.3%    50%W +0.1%    50%W -0.0%       -3.6% → +4.0%
  ARM     20    50%W +0.1%    45%W -0.3%    45%W -0.2%    45%W -0.5%    50%W +0.1%    50%W -0.0%       -3.9% → +7.7%
  SPOT    20    40%W -0.2%    35%W -0.1%    40%W -0.2%    50%W +0.1%    45%W -0.4%    45%W -0.0%       -3.4% → +3.5%
  LLY     20    45%W -0.1%    45%W -0.1%    50%W -0.1%    35%W -0.2%    30%W -0.3%    45%W -0.1%       -2.3% → +2.3%
  CRWD    20    70%W +0.4%    60%W +0.1%    55%W +0.1%    40%W -0.1%    55%W +0.0%    45%W -0.0%       -3.5% → +6.2%
  TSLA    20    55%W +0.1%    45%W -0.1%    60%W +0.2%    65%W +0.6%    45%W -0.0%    45%W -0.3%       -3.3% → +3.7%
  CHTR    20    50%W +0.0%    35%W -0.1%    40%W -0.3%    45%W -0.1%    55%W +0.1%    40%W -0.2%       -1.6% → +2.5%
  MU      20    50%W -0.0%    60%W +0.1%    45%W -0.3%    55%W +0.1%    40%W -0.3%    35%W -0.2%       -3.2% → +2.5%
  SNOW    20    50%W +0.0%    40%W -0.1%    40%W -0.4%    50%W +0.0%    35%W -0.3%    30%W -0.5%       -3.5% → +6.2%
Pre-session top-2 (9:25, 20d EOD win rate) — 2023-10-17  OR: 09:30/3b
  #1 META   +15m 55%W +0.0%  +30m 45%W -0.1%  +1h 50%W +0.0%  +2h 45%W -0.1%  +5h 60%W +0.3%  EOD 60%W +0.4%  EOD range -2.8% → +4.5%
  #2 APP    +15m 60%W +0.1%  +30m 50%W +0.1%  +1h 65%W +0.5%  +2h 50%W +0.1%  +5h 55%W +0.2%  EOD 55%W +0.1%  EOD range -8.4% → +2.2%
  Ticker   N          +15m          +30m           +1h           +2h           +5h           EOD           EOD range
  ----------------------------------------------------------------------------------------------------------------------
  META    20    55%W +0.0%    45%W -0.1%    50%W +0.0%    45%W -0.1%    60%W +0.3%    60%W +0.4%       -2.8% → +4.5%
  APP     20    60%W +0.1%    50%W +0.1%    65%W +0.5%    50%W +0.1%    55%W +0.2%    55%W +0.1%       -8.4% → +2.2%
  SNPS    20    50%W +0.0%    40%W -0.1%    50%W +0.0%    45%W -0.1%    50%W -0.0%    55%W +0.1%       -2.9% → +3.4%
  MRVL    20    65%W +0.3%    40%W -0.3%    40%W -0.2%    45%W -0.1%    40%W -0.4%    55%W +0.1%       -3.0% → +3.4%
  QCOM    20    45%W -0.0%    55%W +0.1%    45%W -0.1%    50%W -0.1%    45%W -0.1%    55%W +0.0%       -2.6% → +2.1%
  AMD     20    40%W -0.1%    55%W +0.0%    55%W +0.3%    55%W +0.1%    55%W +0.4%    55%W +0.1%       -2.8% → +4.0%
  DDOG    20    65%W +0.3%    40%W -0.2%    50%W -0.2%    50%W +0.0%    50%W -0.0%    55%W +0.3%       -3.5% → +6.8%
  LLY     20    50%W +0.0%    50%W -0.0%    55%W +0.1%    35%W -0.2%    35%W -0.2%    50%W +0.0%       -2.3% → +2.3%
  PLTR    20    50%W +0.2%    45%W -0.4%    50%W +0.0%    45%W -0.4%    50%W -0.1%    50%W +0.0%       -4.0% → +6.1%
  TSLA    20    55%W +0.1%    45%W -0.1%    65%W +0.2%    60%W +0.6%    50%W +0.2%    50%W -0.1%       -3.3% → +3.7%
  AVGO    20    50%W -0.0%    40%W -0.2%    40%W -0.3%    30%W -0.3%    50%W +0.1%    50%W -0.0%       -3.6% → +4.0%
  ARM     20    50%W +0.1%    45%W -0.3%    45%W -0.2%    45%W -0.5%    55%W +0.2%    50%W -0.0%       -3.9% → +7.7%
  SPOT    20    40%W -0.2%    35%W -0.1%    40%W -0.2%    50%W +0.1%    45%W -0.4%    45%W -0.0%       -3.4% → +3.5%
  CRWD    20    70%W +0.4%    60%W +0.1%    60%W +0.1%    40%W -0.1%    55%W +0.0%    45%W -0.0%       -3.5% → +6.2%
  MU      20    50%W -0.0%    60%W +0.1%    50%W -0.1%    55%W +0.1%    45%W -0.2%    35%W -0.2%       -3.2% → +2.5%
  CHTR    20    50%W +0.0%    30%W -0.1%    40%W -0.3%    40%W -0.1%    55%W +0.1%    35%W -0.3%       -1.6% → +2.5%
  SNOW    20    55%W +0.1%    40%W -0.1%    45%W -0.2%    50%W +0.0%    35%W -0.3%    30%W -0.5%       -3.5% → +6.2%
Pre-session top-2 (9:25, 20d EOD win rate) — 2023-10-18  OR: 09:30/3b
  #1 APP    +15m 65%W +0.1%  +30m 55%W +0.2%  +1h 70%W +0.6%  +2h 55%W +0.3%  +5h 60%W +0.3%  EOD 60%W +0.1%  EOD range -3.8% → +2.2%
  #2 META   +15m 60%W +0.1%  +30m 45%W -0.1%  +1h 55%W +0.2%  +2h 50%W +0.0%  +5h 60%W +0.3%  EOD 60%W +0.4%  EOD range -2.8% → +4.5%
  Ticker   N          +15m          +30m           +1h           +2h           +5h           EOD           EOD range
  ----------------------------------------------------------------------------------------------------------------------
  APP     20    65%W +0.1%    55%W +0.2%    70%W +0.6%    55%W +0.3%    60%W +0.3%    60%W +0.1%       -3.8% → +2.2%
  META    20    60%W +0.1%    45%W -0.1%    55%W +0.2%    50%W +0.0%    60%W +0.3%    60%W +0.4%       -2.8% → +4.5%
  MRVL    20    65%W +0.3%    40%W -0.3%    45%W -0.1%    50%W +0.0%    45%W -0.4%    60%W +0.2%       -3.0% → +3.4%
  QCOM    20    50%W +0.0%    60%W +0.1%    50%W +0.1%    55%W +0.1%    50%W +0.0%    60%W +0.1%       -2.6% → +3.1%
  DDOG    20    70%W +0.4%    45%W -0.2%    55%W +0.1%    55%W +0.2%    55%W +0.0%    60%W +0.4%       -3.5% → +6.8%
  SNPS    20    55%W +0.0%    45%W -0.1%    55%W +0.2%    50%W +0.1%    50%W -0.0%    55%W +0.1%       -2.9% → +3.4%
  PLTR    20    55%W +0.4%    50%W -0.1%    55%W +0.3%    50%W +0.2%    55%W +0.5%    55%W +0.7%       -4.0% → +6.1%
  ARM     20    55%W +0.3%    50%W -0.0%    50%W -0.1%    50%W -0.0%    55%W +0.2%    55%W +0.4%       -3.9% → +7.7%
  AMD     20    40%W -0.1%    55%W +0.1%    60%W +0.6%    55%W +0.2%    55%W +0.4%    55%W +0.2%       -2.8% → +4.0%
  TSLA    20    55%W +0.1%    50%W -0.0%    70%W +0.3%    65%W +0.8%    50%W +0.2%    50%W -0.1%       -3.3% → +3.7%
  AVGO    20    50%W -0.0%    40%W -0.2%    45%W -0.2%    30%W -0.3%    50%W +0.1%    50%W -0.0%       -3.6% → +4.0%
  LLY     20    45%W -0.1%    45%W -0.1%    50%W -0.1%    35%W -0.2%    35%W -0.3%    45%W -0.1%       -2.3% → +2.3%
  CRWD    20    75%W +0.4%    65%W +0.1%    65%W +0.2%    45%W -0.1%    55%W +0.0%    45%W -0.0%       -3.5% → +6.2%
  SPOT    20    40%W -0.2%    40%W -0.1%    45%W -0.1%    55%W +0.2%    40%W -0.4%    40%W -0.3%       -3.4% → +3.5%
  MU      20    50%W -0.0%    60%W +0.1%    55%W +0.2%    55%W +0.2%    45%W -0.2%    35%W -0.2%       -3.2% → +2.5%
  CHTR    20    50%W +0.0%    30%W -0.1%    40%W -0.3%    40%W -0.1%    55%W +0.1%    35%W -0.2%       -1.4% → +2.5%
  SNOW    20    60%W +0.2%    45%W -0.1%    50%W +0.1%    55%W +0.2%    30%W -0.4%    30%W -0.6%       -3.5% → +6.2%
Pre-session top-2 (9:25, 20d EOD win rate) — 2023-10-19  OR: 09:30/3b
  #1 APP    +15m 65%W +0.1%  +30m 55%W +0.2%  +1h 70%W +0.6%  +2h 55%W +0.3%  +5h 60%W +0.3%  EOD 60%W +0.1%  EOD range -3.8% → +2.2%
  #2 META   +15m 60%W +0.0%  +30m 45%W -0.1%  +1h 55%W +0.2%  +2h 50%W +0.0%  +5h 60%W +0.3%  EOD 60%W +0.4%  EOD range -2.8% → +4.5%
  Ticker   N          +15m          +30m           +1h           +2h           +5h           EOD           EOD range
  ----------------------------------------------------------------------------------------------------------------------
  APP     20    65%W +0.1%    55%W +0.2%    70%W +0.6%    55%W +0.3%    60%W +0.3%    60%W +0.1%       -3.8% → +2.2%
  META    20    60%W +0.0%    45%W -0.1%    55%W +0.2%    50%W +0.0%    60%W +0.3%    60%W +0.4%       -2.8% → +4.5%
  MRVL    20    70%W +0.3%    45%W -0.3%    50%W +0.0%    55%W +0.2%    50%W -0.0%    60%W +0.2%       -2.6% → +3.4%
  QCOM    20    45%W -0.0%    60%W +0.1%    50%W +0.1%    55%W +0.2%    50%W +0.0%    60%W +0.1%       -2.6% → +3.1%
  DDOG    20    75%W +0.5%    50%W +0.1%    55%W +0.1%    55%W +0.2%    50%W -0.0%    60%W +0.4%       -3.5% → +6.8%
  SNPS    20    60%W +0.1%    50%W -0.0%    60%W +0.3%    55%W +0.4%    50%W -0.0%    55%W +0.1%       -2.9% → +3.4%
  PLTR    20    55%W +0.4%    50%W -0.1%    55%W +0.3%    50%W +0.2%    55%W +0.5%    55%W +0.7%       -3.8% → +6.1%
  AVGO    20    55%W +0.1%    45%W -0.1%    50%W -0.1%    35%W -0.2%    55%W +0.5%    55%W +0.1%       -3.6% → +4.0%
  ARM     20    55%W +0.3%    50%W -0.0%    50%W -0.1%    50%W -0.0%    55%W +0.2%    55%W +0.4%       -3.9% → +7.7%
  AMD     20    45%W -0.1%    60%W +0.2%    65%W +0.8%    60%W +0.5%    55%W +0.4%    55%W +0.2%       -2.1% → +4.0%
  CRWD    20    75%W +0.3%    65%W +0.2%    70%W +0.2%    50%W +0.0%    55%W +0.0%    50%W +0.0%       -3.5% → +6.2%
  TSLA    20    60%W +0.2%    50%W -0.0%    65%W +0.3%    65%W +0.8%    45%W -0.1%    50%W -0.1%       -3.8% → +3.7%
  LLY     20    50%W +0.0%    45%W -0.1%    50%W -0.1%    35%W -0.2%    30%W -0.3%    45%W -0.1%       -2.3% → +2.3%
  SPOT    20    40%W -0.2%    40%W -0.1%    45%W -0.1%    55%W +0.2%    40%W -0.4%    40%W -0.3%       -4.2% → +3.5%
  MU      20    50%W -0.0%    60%W +0.1%    60%W +0.3%    60%W +0.4%    50%W -0.1%    40%W -0.2%       -1.7% → +2.5%
  CHTR    20    45%W -0.0%    30%W -0.1%    35%W -0.3%    35%W -0.2%    50%W -0.0%    35%W -0.2%       -1.4% → +2.5%
  SNOW    20    60%W +0.2%    45%W -0.1%    50%W +0.1%    55%W +0.2%    25%W -0.5%    30%W -0.6%       -3.9% → +6.2%
Pre-session top-2 (9:25, 20d EOD win rate) — 2023-10-20  OR: 09:30/3b
  #1 APP    +15m 70%W +0.2%  +30m 60%W +0.3%  +1h 65%W +0.5%  +2h 60%W +0.5%  +5h 60%W +0.3%  EOD 60%W +0.1%  EOD range -3.8% → +2.2%
  #2 META   +15m 65%W +0.1%  +30m 50%W +0.1%  +1h 60%W +0.3%  +2h 50%W +0.0%  +5h 55%W +0.2%  EOD 60%W +0.4%  EOD range -2.8% → +4.5%
  Ticker   N          +15m          +30m           +1h           +2h           +5h           EOD           EOD range
  ----------------------------------------------------------------------------------------------------------------------
  APP     20    70%W +0.2%    60%W +0.3%    65%W +0.5%    60%W +0.5%    60%W +0.3%    60%W +0.1%       -3.8% → +2.2%
  META    20    65%W +0.1%    50%W +0.1%    60%W +0.3%    50%W +0.0%    55%W +0.2%    60%W +0.4%       -2.8% → +4.5%
  MRVL    20    70%W +0.3%    50%W -0.1%    55%W +0.1%    60%W +0.3%    50%W -0.0%    60%W +0.2%       -2.6% → +3.4%
  QCOM    20    45%W -0.0%    60%W +0.1%    45%W -0.1%    50%W -0.0%    45%W -0.1%    60%W +0.1%       -2.6% → +3.1%
  DDOG    20    80%W +0.5%    55%W +0.3%    60%W +0.3%    60%W +0.2%    50%W -0.0%    60%W +0.4%       -3.5% → +6.8%
  SNPS    20    65%W +0.1%    55%W +0.1%    60%W +0.3%    60%W +0.4%    50%W -0.0%    55%W +0.1%       -2.9% → +3.4%
  AVGO    20    55%W +0.1%    50%W +0.0%    55%W +0.1%    40%W -0.2%    50%W +0.1%    55%W +0.1%       -3.6% → +4.0%
  AMD     20    50%W +0.0%    65%W +0.3%    70%W +0.9%    65%W +0.6%    55%W +0.4%    55%W +0.2%       -2.1% → +4.0%
  CRWD    20    80%W +0.3%    70%W +0.2%    70%W +0.2%    50%W +0.0%    55%W +0.0%    50%W +0.0%       -2.5% → +6.2%
  PLTR    20    60%W +0.5%    50%W -0.1%    55%W +0.3%    50%W -0.0%    50%W -0.1%    50%W +0.1%       -3.8% → +6.1%
  TSLA    20    60%W +0.2%    50%W -0.0%    60%W +0.2%    60%W +0.8%    40%W -0.2%    50%W -0.1%       -3.8% → +3.7%
  ARM     20    60%W +0.4%    55%W +0.2%    50%W -0.1%    50%W -0.0%    50%W +0.1%    50%W -0.0%       -4.4% → +7.7%
  LLY     20    55%W +0.0%    45%W -0.1%    50%W -0.1%    35%W -0.2%    30%W -0.3%    45%W -0.1%       -1.6% → +2.3%
  SPOT    20    45%W -0.1%    45%W -0.0%    50%W +0.0%    55%W +0.2%    40%W -0.4%    40%W -0.3%       -4.2% → +3.5%
  MU      20    45%W -0.1%    60%W +0.1%    55%W +0.1%    60%W +0.2%    50%W -0.1%    40%W -0.2%       -1.7% → +2.5%
  CHTR    20    45%W -0.0%    30%W -0.2%    35%W -0.3%    30%W -0.3%    45%W -0.3%    35%W -0.2%       -2.4% → +2.5%
  SNOW    20    65%W +0.3%    50%W -0.0%    55%W +0.3%    60%W +0.2%    25%W -0.5%    30%W -0.6%       -3.9% → +6.2%
Pre-session top-2 (9:25, 20d EOD win rate) — 2023-10-23  OR: 09:30/3b
  #1 APP    +15m 70%W +0.2%  +30m 60%W +0.3%  +1h 65%W +0.5%  +2h 60%W +0.5%  +5h 60%W +0.3%  EOD 60%W +0.1%  EOD range -3.8% → +2.2%
  #2 META   +15m 60%W +0.0%  +30m 45%W -0.1%  +1h 55%W +0.2%  +2h 50%W +0.0%  +5h 55%W +0.2%  EOD 60%W +0.4%  EOD range -2.8% → +4.5%
  Ticker   N          +15m          +30m           +1h           +2h           +5h           EOD           EOD range
  ----------------------------------------------------------------------------------------------------------------------
  APP     20    70%W +0.2%    60%W +0.3%    65%W +0.5%    60%W +0.5%    60%W +0.3%    60%W +0.1%       -3.8% → +2.2%
  META    20    60%W +0.0%    45%W -0.1%    55%W +0.2%    50%W +0.0%    55%W +0.2%    60%W +0.4%       -2.8% → +4.5%
  QCOM    20    40%W -0.0%    55%W +0.1%    40%W -0.2%    45%W -0.2%    40%W -0.2%    60%W +0.1%       -2.6% → +3.1%
  SNPS    20    60%W +0.1%    55%W +0.1%    55%W +0.2%    55%W +0.3%    50%W -0.1%    55%W +0.1%       -2.9% → +3.4%
  MRVL    20    65%W +0.3%    45%W -0.3%    50%W -0.1%    55%W +0.2%    45%W -0.4%    55%W +0.1%       -2.6% → +3.4%
  DDOG    20    75%W +0.5%    55%W +0.3%    55%W +0.1%    55%W +0.2%    45%W -0.1%    55%W +0.3%       -3.5% → +6.8%
  CRWD    20    75%W +0.3%    70%W +0.2%    70%W +0.2%    50%W +0.0%    55%W +0.0%    50%W +0.0%       -2.5% → +6.2%
  PLTR    20    60%W +0.5%    50%W -0.1%    50%W +0.0%    45%W -0.4%    50%W -0.1%    50%W +0.1%       -3.8% → +6.1%
  TSLA    20    60%W +0.2%    50%W -0.0%    55%W +0.1%    55%W +0.5%    40%W -0.2%    50%W -0.1%       -3.8% → +3.7%
  AVGO    20    50%W -0.0%    45%W -0.1%    50%W -0.1%    35%W -0.2%    45%W -0.3%    50%W -0.1%       -3.6% → +4.0%
  AMD     20    45%W -0.1%    60%W +0.2%    65%W +0.8%    60%W +0.5%    50%W +0.3%    50%W +0.1%       -2.1% → +4.0%
  SPOT    20    50%W +0.1%    50%W +0.0%    55%W +0.1%    55%W +0.2%    45%W -0.3%    45%W -0.0%       -4.2% → +3.5%
  LLY     20    55%W +0.0%    45%W -0.1%    45%W -0.3%    30%W -0.2%    30%W -0.4%    45%W -0.2%       -1.7% → +2.3%
  ARM     20    55%W +0.3%    50%W +0.1%    45%W -0.2%    45%W -0.4%    50%W +0.1%    45%W -0.4%       -4.4% → +7.7%
  MU      20    45%W -0.1%    60%W +0.1%    55%W +0.0%    55%W +0.1%    45%W -0.2%    35%W -0.2%       -1.7% → +2.5%
  CHTR    20    40%W -0.0%    35%W -0.1%    35%W -0.3%    30%W -0.3%    45%W -0.3%    35%W -0.2%       -2.4% → +2.5%
  SNOW    20    65%W +0.3%    50%W -0.0%    50%W +0.1%    55%W +0.2%    25%W -0.5%    30%W -0.6%       -3.9% → +6.2%
Pre-session top-2 (9:25, 20d EOD win rate) — 2023-10-24  OR: 09:30/3b
  #1 APP    +15m 70%W +0.2%  +30m 60%W +0.3%  +1h 65%W +0.5%  +2h 60%W +0.5%  +5h 60%W +0.3%  EOD 60%W +0.1%  EOD range -3.8% → +2.2%
  #2 META   +15m 60%W +0.0%  +30m 45%W -0.1%  +1h 55%W +0.3%  +2h 50%W +0.0%  +5h 55%W +0.2%  EOD 60%W +0.4%  EOD range -2.8% → +4.5%
  Ticker   N          +15m          +30m           +1h           +2h           +5h           EOD           EOD range
  ----------------------------------------------------------------------------------------------------------------------
  APP     20    70%W +0.2%    60%W +0.3%    65%W +0.5%    60%W +0.5%    60%W +0.3%    60%W +0.1%       -3.8% → +2.2%
  META    20    60%W +0.0%    45%W -0.1%    55%W +0.3%    50%W +0.0%    55%W +0.2%    60%W +0.4%       -2.8% → +4.5%
  SNPS    20    65%W +0.1%    60%W +0.3%    60%W +0.3%    60%W +0.4%    55%W +0.3%    60%W +0.3%       -2.9% → +3.4%
  QCOM    20    45%W -0.0%    55%W +0.1%    40%W -0.2%    45%W -0.2%    40%W -0.2%    60%W +0.1%       -2.6% → +3.1%
  MRVL    20    65%W +0.3%    50%W -0.1%    55%W +0.1%    55%W +0.2%    50%W -0.1%    55%W +0.1%       -2.6% → +3.4%
  CRWD    20    80%W +0.4%    75%W +0.3%    75%W +0.3%    55%W +0.2%    60%W +0.0%    55%W +0.2%       -2.5% → +6.2%
  AVGO    20    55%W +0.1%    50%W +0.0%    55%W +0.1%    40%W -0.2%    50%W +0.1%    55%W +0.1%       -3.6% → +4.0%
  DDOG    20    75%W +0.5%    60%W +0.5%    60%W +0.3%    55%W +0.2%    45%W -0.1%    55%W +0.3%       -3.5% → +6.8%
  PLTR    20    65%W +0.6%    50%W +0.3%    55%W +0.3%    45%W -0.4%    50%W -0.1%    50%W +0.1%       -3.8% → +6.3%
  TSLA    20    60%W +0.2%    50%W -0.0%    55%W +0.1%    55%W +0.5%    40%W -0.2%    50%W -0.1%       -3.8% → +4.5%
  AMD     20    50%W +0.0%    65%W +0.3%    70%W +0.9%    60%W +0.5%    50%W +0.3%    50%W +0.1%       -2.1% → +4.0%
  SPOT    20    50%W +0.1%    50%W +0.0%    55%W +0.1%    55%W +0.2%    45%W -0.3%    45%W -0.0%       -4.2% → +5.1%
  ARM     20    55%W +0.3%    50%W +0.1%    50%W -0.1%    45%W -0.4%    50%W +0.1%    45%W -0.4%       -4.4% → +7.7%
  MU      20    50%W -0.0%    65%W +0.2%    60%W +0.1%    55%W +0.1%    50%W -0.1%    40%W -0.2%       -1.7% → +2.5%
  LLY     20    60%W +0.1%    45%W -0.1%    45%W -0.3%    30%W -0.2%    30%W -0.4%    40%W -0.2%       -1.7% → +2.3%
  CHTR    20    45%W -0.0%    40%W -0.1%    40%W -0.2%    35%W -0.2%    50%W -0.0%    40%W -0.1%       -2.4% → +2.5%
  SNOW    20    65%W +0.3%    50%W -0.0%    55%W +0.3%    55%W +0.2%    25%W -0.5%    30%W -0.6%       -3.9% → +6.2%
Pre-session top-2 (9:25, 20d EOD win rate) — 2023-10-25  OR: 09:30/3b
  #1 QCOM   +15m 45%W -0.0%  +30m 60%W +0.1%  +1h 45%W -0.1%  +2h 45%W -0.2%  +5h 40%W -0.2%  EOD 65%W +0.1%  EOD range -2.6% → +3.1%
  #2 MRVL   +15m 65%W +0.3%  +30m 50%W -0.0%  +1h 60%W +0.3%  +2h 55%W +0.2%  +5h 50%W +0.1%  EOD 60%W +0.1%  EOD range -2.6% → +3.4%
  Ticker   N          +15m          +30m           +1h           +2h           +5h           EOD           EOD range
  ----------------------------------------------------------------------------------------------------------------------
  QCOM    20    45%W -0.0%    60%W +0.1%    45%W -0.1%    45%W -0.2%    40%W -0.2%    65%W +0.1%       -2.6% → +3.1%
  MRVL    20    65%W +0.3%    50%W -0.0%    60%W +0.3%    55%W +0.2%    50%W +0.1%    60%W +0.1%       -2.6% → +3.4%
  AVGO    20    60%W +0.1%    50%W +0.1%    55%W +0.1%    45%W -0.1%    55%W +0.5%    60%W +0.2%       -3.6% → +4.0%
  DDOG    20    75%W +0.5%    65%W +0.5%    65%W +0.5%    55%W +0.2%    45%W -0.1%    60%W +0.3%       -3.5% → +6.8%
  APP     20    65%W +0.2%    55%W +0.2%    60%W +0.4%    60%W +0.5%    60%W +0.3%    55%W +0.0%       -3.8% → +2.2%
  META    20    60%W +0.0%    45%W -0.0%    55%W +0.2%    45%W -0.1%    50%W -0.2%    55%W +0.4%       -2.8% → +4.5%
  SNPS    20    65%W +0.1%    60%W +0.3%    55%W +0.2%    55%W +0.3%    50%W -0.1%    55%W +0.1%       -2.9% → +3.4%
  CRWD    20    85%W +0.4%    75%W +0.3%    75%W +0.3%    55%W +0.2%    55%W +0.0%    55%W +0.2%       -2.5% → +6.2%
  PLTR    20    70%W +0.6%    55%W +0.8%    55%W +0.4%    45%W -0.3%    55%W +0.2%    55%W +0.4%       -3.8% → +6.3%
  AMD     20    55%W +0.2%    65%W +0.3%    70%W +0.9%    65%W +0.5%    55%W +0.6%    55%W +0.3%       -2.1% → +4.0%
  SPOT    20    55%W +0.4%    55%W +0.1%    55%W +0.1%    55%W +0.5%    50%W +0.0%    50%W +0.0%       -4.2% → +5.1%
  TSLA    20    65%W +0.3%    55%W +0.1%    50%W -0.1%    50%W +0.1%    40%W -0.2%    50%W -0.1%       -3.8% → +4.5%
  MU      20    50%W -0.0%    65%W +0.2%    65%W +0.1%    55%W +0.1%    55%W +0.0%    45%W -0.1%       -1.7% → +2.5%
  LLY     20    55%W +0.0%    40%W -0.2%    45%W -0.3%    35%W -0.2%    35%W -0.4%    45%W -0.2%       -1.7% → +2.3%
  ARM     20    55%W +0.3%    50%W +0.1%    50%W -0.1%    45%W -0.4%    55%W +0.2%    45%W -0.4%       -4.4% → +7.7%
  CHTR    20    45%W -0.0%    35%W -0.1%    35%W -0.2%    30%W -0.3%    50%W -0.0%    40%W -0.1%       -2.4% → +2.5%
  SNOW    20    65%W +0.3%    55%W +0.1%    60%W +0.3%    55%W +0.2%    25%W -0.5%    30%W -0.5%       -3.9% → +6.2%
Pre-session top-2 (9:25, 20d EOD win rate) — 2023-10-26  OR: 09:30/3b
  #1 QCOM   +15m 45%W -0.0%  +30m 60%W +0.1%  +1h 40%W -0.2%  +2h 45%W -0.3%  +5h 40%W -0.2%  EOD 60%W +0.0%  EOD range -3.0% → +3.1%
  #2 AVGO   +15m 60%W +0.2%  +30m 55%W +0.2%  +1h 60%W +0.2%  +2h 50%W -0.0%  +5h 55%W +0.5%  EOD 60%W +0.2%  EOD range -3.6% → +4.0%
  Ticker   N          +15m          +30m           +1h           +2h           +5h           EOD           EOD range
  ----------------------------------------------------------------------------------------------------------------------
  QCOM    20    45%W -0.0%    60%W +0.1%    40%W -0.2%    45%W -0.3%    40%W -0.2%    60%W +0.0%       -3.0% → +3.1%
  AVGO    20    60%W +0.2%    55%W +0.2%    60%W +0.2%    50%W -0.0%    55%W +0.5%    60%W +0.2%       -3.6% → +4.0%
  META    20    65%W +0.1%    50%W +0.1%    60%W +0.3%    45%W -0.1%    50%W -0.2%    55%W +0.4%       -2.8% → +4.5%
  MRVL    20    65%W +0.3%    50%W -0.0%    60%W +0.3%    60%W +0.2%    45%W -0.3%    55%W +0.0%       -2.6% → +3.4%
  DDOG    20    75%W +0.6%    70%W +0.5%    65%W +0.5%    50%W +0.1%    40%W -0.2%    55%W +0.2%       -3.5% → +6.8%
  APP     20    60%W +0.1%    55%W +0.2%    60%W +0.4%    60%W +0.5%    55%W +0.2%    50%W -0.0%       -4.8% → +2.2%
  SNPS    20    60%W +0.1%    60%W +0.3%    60%W +0.3%    55%W +0.3%    45%W -0.3%    50%W -0.2%       -2.9% → +3.4%
  SPOT    20    55%W +0.4%    55%W +0.1%    55%W +0.1%    55%W +0.5%    50%W +0.0%    50%W +0.0%       -4.2% → +5.1%
  CRWD    20    85%W +0.3%    75%W +0.3%    70%W +0.2%    50%W +0.1%    50%W +0.0%    50%W +0.0%       -2.5% → +6.2%
  PLTR    20    70%W +0.6%    55%W +0.8%    50%W +0.0%    40%W -0.5%    50%W -0.1%    50%W -0.2%       -4.7% → +6.3%
  TSLA    20    70%W +0.3%    55%W +0.1%    55%W +0.1%    55%W +0.2%    40%W -0.2%    50%W -0.1%       -3.8% → +4.5%
  AMD     20    55%W +0.1%    65%W +0.3%    65%W +0.9%    60%W +0.5%    50%W +0.3%    50%W +0.1%       -3.8% → +4.0%
  LLY     20    55%W +0.0%    40%W -0.2%    50%W -0.1%    40%W -0.2%    35%W -0.4%    45%W -0.2%       -1.7% → +2.3%
  ARM     20    55%W +0.3%    50%W +0.1%    50%W -0.1%    45%W -0.4%    55%W +0.2%    45%W -0.4%       -4.4% → +7.7%
  MU      20    45%W -0.1%    60%W +0.2%    60%W +0.0%    55%W +0.1%    50%W -0.1%    40%W -0.2%       -2.9% → +2.5%
  CHTR    20    40%W -0.0%    35%W -0.1%    30%W -0.2%    30%W -0.4%    45%W -0.3%    35%W -0.2%       -2.4% → +2.5%
  SNOW    20    65%W +0.4%    55%W +0.1%    55%W +0.2%    55%W +0.2%    25%W -0.6%    30%W -0.6%       -4.4% → +6.2%
Pre-session top-2 (9:25, 20d EOD win rate) — 2023-10-27  OR: 09:30/3b
  #1 META   +15m 60%W +0.0%  +30m 45%W -0.0%  +1h 60%W +0.3%  +2h 45%W -0.1%  +5h 50%W -0.2%  EOD 55%W +0.4%  EOD range -2.8% → +4.5%
  #2 QCOM   +15m 40%W -0.1%  +30m 55%W +0.1%  +1h 35%W -0.2%  +2h 40%W -0.4%  +5h 35%W -0.2%  EOD 55%W +0.0%  EOD range -3.0% → +3.1%
  Ticker   N          +15m          +30m           +1h           +2h           +5h           EOD           EOD range
  ----------------------------------------------------------------------------------------------------------------------
  META    20    60%W +0.0%    45%W -0.0%    60%W +0.3%    45%W -0.1%    50%W -0.2%    55%W +0.4%       -2.8% → +4.5%
  QCOM    20    40%W -0.1%    55%W +0.1%    35%W -0.2%    40%W -0.4%    35%W -0.2%    55%W +0.0%       -3.0% → +3.1%
  AVGO    20    55%W +0.1%    50%W +0.1%    55%W +0.1%    45%W -0.1%    50%W +0.1%    55%W +0.1%       -3.6% → +4.0%
  APP     20    55%W +0.1%    50%W +0.0%    55%W +0.2%    55%W +0.3%    55%W +0.2%    50%W -0.0%       -4.8% → +2.2%
  MRVL    20    60%W +0.2%    45%W -0.2%    55%W +0.1%    55%W +0.1%    40%W -0.5%    50%W -0.1%       -2.6% → +3.4%
  DDOG    20    70%W +0.5%    65%W +0.5%    60%W +0.5%    45%W -0.0%    35%W -0.2%    50%W +0.1%       -3.5% → +6.8%
  SNPS    20    60%W +0.1%    60%W +0.2%    55%W +0.2%    50%W +0.0%    40%W -0.4%    45%W -0.4%       -2.9% → +3.4%
  SPOT    20    50%W +0.2%    50%W +0.0%    55%W +0.1%    50%W +0.2%    45%W -0.3%    45%W -0.0%       -4.2% → +5.1%
  LLY     20    55%W +0.0%    35%W -0.3%    45%W -0.3%    40%W -0.2%    35%W -0.5%    45%W -0.2%       -1.7% → +2.3%
  CRWD    20    80%W +0.3%    70%W +0.3%    65%W +0.2%    45%W -0.1%    45%W -0.0%    45%W -0.0%       -2.7% → +6.2%
  PLTR    20    65%W +0.5%    50%W +0.1%    45%W -0.3%    35%W -0.6%    45%W -0.4%    45%W -0.5%       -4.7% → +6.3%
  TSLA    20    65%W +0.3%    55%W +0.1%    55%W +0.2%    50%W -0.0%    35%W -0.2%    45%W -0.5%       -3.8% → +4.5%
  ARM     20    55%W +0.3%    45%W -0.3%    45%W -0.5%    40%W -0.6%    55%W +0.2%    45%W -0.4%       -4.4% → +7.7%
  AMD     20    50%W -0.0%    60%W +0.2%    60%W +0.8%    55%W +0.3%    45%W -0.1%    45%W -0.1%       -3.8% → +4.0%
  MU      20    45%W -0.1%    55%W +0.1%    55%W +0.0%    50%W -0.1%    50%W -0.1%    40%W -0.3%       -3.8% → +2.5%
  CHTR    20    40%W -0.0%    35%W -0.1%    30%W -0.2%    30%W -0.4%    45%W -0.3%    35%W -0.2%       -2.4% → +2.5%
  SNOW    20    60%W +0.3%    50%W -0.0%    50%W -0.1%    50%W +0.0%    20%W -0.7%    25%W -0.6%       -4.4% → +6.2%
Pre-session top-2 (9:25, 20d EOD win rate) — 2023-10-30  OR: 09:30/3b
  #1 AVGO   +15m 50%W +0.0%  +30m 45%W -0.1%  +1h 50%W -0.1%  +2h 50%W -0.0%  +5h 55%W +0.4%  EOD 60%W +0.2%  EOD range -3.6% → +4.0%
  #2 META   +15m 55%W +0.0%  +30m 45%W -0.0%  +1h 60%W +0.3%  +2h 45%W -0.1%  +5h 50%W -0.2%  EOD 55%W +0.4%  EOD range -2.7% → +4.5%
  Ticker   N          +15m          +30m           +1h           +2h           +5h           EOD           EOD range
  ----------------------------------------------------------------------------------------------------------------------
  AVGO    20    50%W +0.0%    45%W -0.1%    50%W -0.1%    50%W -0.0%    55%W +0.4%    60%W +0.2%       -3.6% → +4.0%
  META    20    55%W +0.0%    45%W -0.0%    60%W +0.3%    45%W -0.1%    50%W -0.2%    55%W +0.4%       -2.7% → +4.5%
  MRVL    20    55%W +0.1%    45%W -0.2%    50%W -0.0%    60%W +0.2%    45%W -0.3%    55%W +0.0%       -2.6% → +3.4%
  QCOM    20    35%W -0.1%    55%W +0.1%    35%W -0.2%    45%W -0.3%    35%W -0.2%    55%W +0.0%       -3.0% → +3.1%
  DDOG    20    65%W +0.5%    60%W +0.2%    55%W +0.3%    50%W +0.1%    35%W -0.2%    55%W +0.2%       -3.5% → +6.8%
  SNPS    20    60%W +0.1%    60%W +0.1%    60%W +0.2%    55%W +0.3%    45%W -0.3%    50%W -0.2%       -2.9% → +3.4%
  CRWD    20    80%W +0.3%    70%W +0.3%    60%W +0.1%    45%W -0.1%    50%W +0.0%    50%W +0.0%       -2.7% → +6.2%
  AMD     20    45%W -0.1%    55%W +0.1%    55%W +0.4%    55%W +0.3%    45%W -0.1%    50%W +0.1%       -3.8% → +4.0%
  APP     20    55%W +0.1%    50%W -0.0%    50%W -0.0%    55%W +0.5%    55%W +0.5%    45%W -0.1%       -4.8% → +2.2%
  SPOT    20    55%W +0.4%    50%W +0.0%    55%W +0.1%    55%W +0.5%    45%W -0.2%    45%W -0.0%       -4.2% → +5.1%
  LLY     20    60%W +0.1%    40%W -0.2%    45%W -0.3%    40%W -0.2%    35%W -0.5%    45%W -0.2%       -1.7% → +2.3%
  PLTR    20    60%W +0.4%    45%W -0.6%    45%W -0.3%    35%W -0.5%    45%W -0.4%    45%W -0.5%       -4.7% → +6.3%
  ARM     20    55%W +0.3%    45%W -0.3%    45%W -0.5%    40%W -0.5%    55%W +0.2%    45%W -0.4%       -4.4% → +7.7%
  TSLA    20    60%W +0.2%    55%W +0.1%    50%W +0.0%    45%W -0.2%    35%W -0.6%    40%W -0.8%       -3.8% → +4.5%
  MU      20    40%W -0.2%    50%W +0.0%    50%W -0.1%    50%W -0.1%    50%W -0.1%    35%W -0.3%       -3.8% → +2.5%
  CHTR    20    45%W -0.0%    40%W -0.0%    30%W -0.2%    30%W -0.4%    45%W -0.3%    35%W -0.2%       -4.5% → +2.5%
  SNOW    20    55%W +0.1%    50%W -0.0%    45%W -0.4%    45%W -0.2%    20%W -0.8%    25%W -0.7%       -4.4% → +6.2%
Pre-session top-2 (9:25, 20d EOD win rate) — 2023-10-31  OR: 09:30/3b
  #1 AVGO   +15m 55%W +0.1%  +30m 45%W -0.0%  +1h 50%W -0.1%  +2h 50%W -0.1%  +5h 55%W +0.4%  EOD 55%W +0.1%  EOD range -3.6% → +4.0%
  #2 META   +15m 60%W +0.0%  +30m 50%W +0.1%  +1h 60%W +0.3%  +2h 45%W -0.1%  +5h 50%W -0.2%  EOD 50%W -0.2%  EOD range -2.7% → +4.5%
  Ticker   N          +15m          +30m           +1h           +2h           +5h           EOD           EOD range
  ----------------------------------------------------------------------------------------------------------------------
  AVGO    20    55%W +0.1%    45%W -0.0%    50%W -0.1%    50%W -0.1%    55%W +0.4%    55%W +0.1%       -3.6% → +4.0%
  META    20    60%W +0.0%    50%W +0.1%    60%W +0.3%    45%W -0.1%    50%W -0.2%    50%W -0.2%       -2.7% → +4.5%
  SNPS    20    65%W +0.1%    65%W +0.2%    60%W +0.2%    60%W +0.3%    50%W -0.1%    50%W -0.0%       -2.9% → +3.4%
  MRVL    20    50%W +0.1%    45%W -0.2%    50%W -0.0%    55%W +0.1%    45%W -0.3%    50%W -0.1%       -2.6% → +3.4%
  QCOM    20    30%W -0.1%    50%W -0.1%    35%W -0.2%    40%W -0.4%    35%W -0.2%    50%W -0.0%       -3.0% → +3.1%
  AMD     20    45%W -0.1%    55%W +0.1%    55%W +0.4%    55%W +0.3%    50%W +0.0%    50%W -0.0%       -3.8% → +4.0%
  DDOG    20    65%W +0.5%    55%W +0.1%    50%W -0.0%    45%W -0.3%    35%W -0.4%    50%W +0.1%       -3.5% → +6.8%
  APP     20    60%W +0.1%    50%W -0.0%    45%W -0.1%    55%W +0.3%    55%W +0.5%    45%W -0.1%       -4.8% → +2.2%
  SPOT    20    60%W +0.6%    55%W +0.2%    60%W +0.1%    50%W +0.3%    50%W +0.0%    45%W -0.0%       -4.2% → +5.1%
  CRWD    20    75%W +0.3%    65%W +0.2%    55%W +0.1%    40%W -0.2%    50%W +0.0%    45%W -0.0%       -2.7% → +6.2%
  PLTR    20    60%W +0.4%    45%W -0.6%    45%W -0.3%    35%W -0.5%    45%W -0.4%    45%W -0.5%       -4.7% → +6.3%
  ARM     20    55%W +0.3%    45%W -0.3%    45%W -0.5%    40%W -0.5%    55%W +0.2%    45%W -0.4%       -4.4% → +7.7%
  LLY     20    65%W +0.2%    35%W -0.3%    40%W -0.4%    40%W -0.2%    35%W -0.5%    40%W -0.3%       -1.7% → +2.3%
  CHTR    20    50%W +0.0%    40%W -0.0%    30%W -0.2%    30%W -0.4%    50%W -0.0%    40%W -0.1%       -4.5% → +2.5%
  MU      20    45%W -0.1%    50%W +0.0%    50%W -0.1%    50%W -0.1%    50%W -0.1%    35%W -0.3%       -3.8% → +2.5%
  TSLA    20    60%W +0.2%    50%W +0.0%    45%W -0.2%    40%W -0.4%    35%W -1.0%    35%W -1.1%       -5.8% → +4.5%
  SNOW    20    50%W +0.1%    55%W +0.0%    45%W -0.4%    40%W -0.2%    25%W -0.7%    25%W -0.7%       -4.4% → +6.2%

=========================================================================================================================================================================================
Pre-Session Top-2 Performance — 2023-10-02 to 2023-10-31  |  Unconditional OR-close entry  |  OR: 09:30/3b
=========================================================================================================================================================================================
Date         Ticker Rank  At       Entry       +15m       +30m       +45m        +1h     +1h30m        +2h        +3h        +4h        +5h        +6h        +7h        EOD
-----------------------------------------------------------------------------------------------------------------------------------------------------------------------------------------
2023-10-02   SNPS   #1    09:40   463.81    -0.51%L    -0.99%L    -1.11%L    -1.23%L    -0.84%L    -0.26%L    -1.06%L    -0.98%L    -0.87%L    -0.43%L    +0.03%W    +0.03%W
2023-10-02   SPOT   #2    09:40   157.82    -0.23%L    -0.05%L    -0.37%L    -0.04%L    +0.55%W    +0.38%W    -0.31%L    +0.38%W    -0.46%L    -0.23%L    +0.23%W    +0.23%W
2023-10-03   SNPS   #1    09:40   463.77    +0.25%W    -1.00%L    -1.51%L    -1.83%L    -2.20%L    -2.48%L    -2.17%L    -2.60%L    -2.88%L    -3.06%L    -2.85%L    -2.85%L
2023-10-03   SPOT   #2    09:40   157.23    +1.48%W    -0.08%L    -0.71%L    -0.56%L    -2.15%L    -2.87%L    -2.16%L    -2.39%L    -2.15%L    -2.46%L    -1.70%L    -1.70%L
2023-10-04   APP    #1    09:40    39.51    -0.10%L    -0.03%L    -0.20%L    +0.95%W    +1.24%W    +2.08%W    +1.95%W    +1.77%W    +1.24%W    +2.18%W    +2.10%W    +2.10%W
2023-10-04   SNPS   #2    09:40   457.73    -0.11%L    -0.07%L    -0.79%L    +0.10%W    +0.08%W    +0.88%W    +0.81%W    +0.40%W    +0.67%W    +1.07%W    +0.83%W    +0.83%W
2023-10-05   APP    #1    09:40    39.50    +0.51%W    +0.81%W    +0.43%W    +0.38%W    -0.27%L    +0.27%W    +0.81%W    +0.76%W    +1.11%W    +0.68%W    +0.51%W    +0.51%W
2023-10-05   SNPS   #2    09:40   461.46    -0.54%L    -1.58%L    -1.33%L    -1.77%L    -1.54%L    -1.62%L    -1.11%L    -0.92%L    -0.38%L    -0.14%L    -0.37%L    -0.37%L
2023-10-06   APP    #1    09:40    39.52    +0.57%W    +0.11%W    +0.95%W    +1.46%W    +1.68%W    +2.26%W    +2.77%W    +3.75%W    +2.49%W    +2.11%W    +2.21%W    +2.21%W
2023-10-06   SNPS   #2    09:40   457.79    +0.02%W    +0.82%W    +1.47%W    +1.91%W    +2.13%W    +3.08%W    +3.35%W    +3.50%W    +4.04%W    +3.71%W    +3.37%W    +3.37%W
2023-10-09   APP    #1    09:40    40.49    +0.04%W    -0.28%L    -0.65%L    +0.04%W    -1.07%L    -0.88%L    -0.70%L    +0.78%W    +0.75%W    +0.83%W    +0.83%W    +0.83%W
2023-10-09   AMD    #2    09:40   106.30    -0.48%L    -0.80%L    -0.51%L    -0.53%L    -1.15%L    -0.77%L    -0.67%L    +0.64%W    +0.82%W    +0.71%W    +0.64%W    +0.64%W
2023-10-10   APP    #1    09:40    41.65    -0.10%L    +0.26%W    +0.74%W    +0.96%W    +1.15%W    +0.78%W    -0.16%L    -1.82%L    -2.69%L    -2.28%L    -2.69%L    -2.69%L
2023-10-10   AMD    #2    09:40   107.17    +0.45%W    +0.73%W    +0.89%W    +1.41%W    +1.29%W    +1.93%W    +2.57%W    +1.68%W    +1.21%W    +1.71%W    +1.71%W    +1.71%W
2023-10-11   APP    #1    09:40    40.33    -0.81%L    -0.79%L    -0.81%L    -1.07%L    -0.81%L    -0.81%L    +0.33%W    -0.88%L    -0.24%L    -0.11%L    -0.14%L    -0.14%L
2023-10-11   META   #2    09:40   326.60    -0.21%L    -0.13%L    +0.08%W    -0.18%L    +0.36%W    -0.20%L    -0.39%L    -0.50%L    +0.15%W    +0.21%W    +0.38%W    +0.38%W
2023-10-12   APP    #1    09:40    39.73    +0.77%W    +0.89%W    +0.52%W    +0.67%W    +0.77%W    +0.67%W    +0.76%W    -0.39%L    +0.29%W    +0.44%W    -0.09%L    -0.09%L
2023-10-12   META   #2    09:40   327.09    +0.06%W    +0.97%W    +0.31%W    +0.38%W    +0.28%W    +0.44%W    +0.51%W    -0.31%L    -0.50%L    -0.62%L    -0.90%L    -0.90%L
2023-10-13   APP    #1    09:40    39.66    -1.01%L    -1.24%L    -1.44%L    -1.94%L    -2.90%L    -2.90%L    -2.45%L    -3.00%L    -3.18%L    -3.20%L    -2.82%L    -2.82%L
2023-10-13   META   #2    09:40   323.56    -0.21%L    -0.68%L    -0.65%L    -0.62%L    -1.36%L    -1.86%L    -1.96%L    -2.86%L    -3.13%L    -2.84%L    -2.74%L    -2.74%L
2023-10-16   META   #1    09:40   316.29    +0.03%W    +0.63%W    +1.05%W    +0.86%W    +0.93%W    +0.94%W    +1.25%W    +1.42%W    +1.63%W    +1.55%W    +1.55%W    +1.55%W
2023-10-16   APP    #2    09:40    38.06    +1.23%W    +2.13%W    +3.09%W    +2.81%W    +2.73%W    +2.34%W    +2.76%W    +2.71%W    +3.52%W    +2.72%W    +2.23%W    +2.23%W
2023-10-17   META   #1    09:40   318.26    +0.27%W    +0.84%W    +0.98%W    +1.41%W    +1.57%W    +1.34%W    +1.82%W    +1.49%W    +1.34%W    +1.29%W    +1.80%W    +1.80%W
2023-10-17   APP    #2    09:40    39.65    +0.10%W    +0.45%W    +0.03%W    +0.63%W    +1.13%W    +0.76%W    +0.68%W    +0.55%W    +0.82%W    -0.32%L    +0.01%W    +0.01%W
2023-10-18   APP    #1    09:40    39.82    -0.35%L    -0.90%L    -1.10%L    -1.21%L    -1.72%L    -1.62%L    -1.58%L    -2.18%L    -2.39%L    -2.67%L    -2.21%L    -2.21%L
2023-10-18   META   #2    09:40   322.74    +0.02%W    -0.01%L    -0.19%L    -0.69%L    -1.10%L    -0.82%L    -0.50%L    -0.86%L    -1.18%L    -2.09%L    -1.79%L    -1.79%L
2023-10-19   APP    #1    09:40    38.82    +0.19%W    +0.98%W    +0.26%W    -0.12%L    +0.39%W    +1.31%W    +0.46%W    +0.49%W    -0.13%L    -0.72%L    -0.75%L    -0.75%L
2023-10-19   META   #2    09:40   317.85    +0.62%W    +0.91%W    -0.01%L    +0.39%W    -0.09%L    -0.04%L    -0.97%L    -1.37%L    -1.74%L    -1.71%L    -1.60%L    -1.60%L
2023-10-20   APP    #1    09:40    38.15    +0.52%W    -0.77%L    -1.15%L    -0.89%L    -1.31%L    -0.89%L    -0.50%L    +0.03%W    -1.39%L    -1.14%L    -1.49%L    -1.49%L
2023-10-20   META   #2    09:40   313.48    -0.33%L    -0.73%L    -0.93%L    -1.38%L    -1.75%L    -1.48%L    -1.15%L    -0.35%L    -1.02%L    -1.23%L    -1.54%L    -1.54%L
2023-10-23   APP    #1    09:40    37.00    +1.92%W    +2.57%W    +3.05%W    +2.84%W    +2.57%W    +2.46%W    +2.68%W    +2.68%W    +2.11%W    +1.65%W    +1.68%W    +1.68%W
2023-10-23   META   #2    09:40   309.06    +0.60%W    +0.88%W    +1.05%W    +1.03%W    +1.59%W    +1.88%W    +2.26%W    +2.21%W    +2.23%W    +1.80%W    +1.60%W    +1.60%W
2023-10-24   APP    #1    09:40    38.63    -0.96%L    -0.88%L    -0.75%L    -0.93%L    -0.87%L    -1.68%L    -2.33%L    -1.33%L    -0.88%L    -0.85%L    -0.39%L    -0.39%L
2023-10-24   META   #2    09:40   316.60    +0.00%L    +0.00%L    +0.07%W    +0.24%W    +0.13%W    -0.70%L    -1.39%L    -1.32%L    -1.14%L    -1.15%L    -1.28%L    -1.28%L
2023-10-25   QCOM   #1    09:40   108.02    -0.42%L    -0.78%L    -0.80%L    -0.80%L    -0.84%L    -1.33%L    -2.22%L    -3.18%L    -3.05%L    -2.90%L    -3.00%L    -3.00%L
2023-10-25   MRVL   #2    09:40    48.53    +0.23%W    +0.06%W    +0.10%W    +0.14%W    +0.63%W    +0.06%W    -1.42%L    -2.67%L    -2.53%L    -2.16%L    -1.98%L    -1.98%L
2023-10-26   QCOM   #1    09:40   106.05    -0.41%L    -0.26%L    -0.73%L    -0.69%L    -0.74%L    -1.34%L    -1.43%L    -0.84%L    -0.11%L    -0.37%L    -0.40%L    -0.40%L
2023-10-26   AVGO   #2    09:40   842.04    -0.80%L    -0.83%L    -0.71%L    -1.10%L    -1.34%L    -2.40%L    -2.49%L    -1.71%L    -1.11%L    -1.68%L    -1.87%L    -1.87%L
2023-10-27   META   #1    09:40   298.91    -0.10%L    -1.10%L    -0.88%L    -1.67%L    -0.63%L    -0.81%L    -0.49%L    -1.21%L    -0.85%L    -1.17%L    -0.73%L    -0.73%L
2023-10-27   QCOM   #2    09:40   106.92    -0.23%L    +0.37%W    +0.41%W    -0.07%L    +0.46%W    +0.31%W    +0.19%W    -0.72%L    -0.30%L    -0.90%L    -0.40%L    -0.40%L
2023-10-30   AVGO   #1    09:40   842.90    +0.08%W    -0.03%L    -0.82%L    -0.93%L    -1.04%L    -1.21%L    -1.65%L    -0.89%L    -0.52%L    +0.04%W    -0.25%L    -0.25%L
2023-10-30   META   #2    09:40   304.99    +0.92%W    +0.30%W    -0.45%L    -0.96%L    -0.48%L    -0.73%L    -0.98%L    -0.29%L    -0.48%L    -0.63%L    -0.74%L    -0.74%L
2023-10-31   AVGO   #1    09:40   834.46    +0.19%W    +0.35%W    +0.69%W    +0.73%W    +1.04%W    +0.78%W    +0.73%W    +0.93%W    +0.90%W    +0.86%W    +0.83%W    +0.83%W
2023-10-31   META   #2    09:40   297.98    +0.61%W    +0.89%W    +0.85%W    +0.99%W    +0.77%W    +0.71%W    +1.03%W    +0.95%W    +0.69%W    +0.82%W    +1.09%W    +1.09%W

========================================================================================
Pre-session picks summary — 44 pick(s) across 22 trading day(s)

Top-2 picks (all days)  (44 signal(s))
  Hold      Count   Win Rate   Avg Gain    Avg Win   Avg Loss ProfitFactor   Sum Ret%
  -------------------------------------------------------------------------
  +15m         44      54.5%     +0.09%     +0.49%     -0.40%        1.48x     +3.78%
  +30m         44      45.5%     +0.05%     +0.80%     -0.58%        1.14x     +1.98%
  +45m         44      45.5%     -0.04%     +0.85%     -0.77%        0.92x     -1.57%
  +1h          44      47.7%     -0.02%     +0.97%     -0.92%        0.96x     -0.90%
  +1h30m       44      50.0%     -0.06%     +1.07%     -1.19%        0.90x     -2.73%
  +2h          44      47.7%     -0.09%     +1.22%     -1.29%        0.86x     -4.06%
  +3h          44      43.2%     -0.10%     +1.46%     -1.29%        0.86x     -4.54%
  +4h          44      43.2%     -0.19%     +1.43%     -1.42%        0.76x     -8.44%
  +5h          44      40.9%     -0.21%     +1.45%     -1.36%        0.74x     -9.26%
  +6h          44      40.9%     -0.29%     +1.35%     -1.43%        0.66x    -12.72%
  +7h          44      43.2%     -0.25%     +1.24%     -1.39%        0.68x    -11.07%
  EOD          44      43.2%     -0.25%     +1.24%     -1.39%        0.68x    -11.07%

=========================================================================================================================================================================================
Signal Analysis — 2023-10-02 to 2023-10-31  |  BULL only  |  Vol ≥ 1.0x 20dAvg
Windows: 09:30/3b  |  Collection: 3 bars  |  Tickers: 19
=========================================================================================================================================================================================
Date         Ticker Window   At       Entry  Vol/20d       +15m       +30m       +45m        +1h     +1h30m        +2h        +3h        +4h        +5h        +6h        +7h        EOD
-----------------------------------------------------------------------------------------------------------------------------------------------------------------------------------------
2023-10-02   META   09:30/3b 09:40   305.77    1.39x    -0.41%L    -0.49%L    -0.32%L    -0.34%L    -0.04%L    -0.41%L    -0.64%L    -0.58%L    -0.80%L    -0.16%L    +0.35%W    +0.35%W
2023-10-02   SNPS   09:30/3b 09:40   463.81    1.58x    -0.51%L    -0.99%L    -1.11%L    -1.23%L    -0.84%L    -0.26%L    -1.06%L    -0.98%L    -0.87%L    -0.43%L    +0.03%W    +0.03%W
2023-10-02   SPOT   09:30/3b 09:40   157.82    1.03x    -0.23%L    -0.05%L    -0.37%L    -0.04%L    +0.55%W    +0.38%W    -0.31%L    +0.38%W    -0.46%L    -0.23%L    +0.23%W    +0.23%W
2023-10-02   MU     09:30/3b 09:40    69.16    1.30x    -0.69%L    -1.77%L    -2.02%L    -2.13%L    -1.60%L    -2.26%L    -2.43%L    -2.05%L    -2.96%L    -2.10%L    -1.74%L    -1.74%L
2023-10-02   LLY    09:30/3b 09:40   533.33    1.33x    -0.37%L    +0.07%W    +0.16%W    +0.19%W    -0.04%L    -0.13%L    -0.97%L    -0.85%L    -0.67%L    +0.64%W    +0.93%W    +0.93%W
2023-10-02   TSLA   09:30/3b 09:40   248.46    1.04x    -0.94%L    +0.00%W    -0.14%L    +0.25%W    +1.41%W    +1.55%W    +1.54%W    +0.35%W    -0.13%L    +0.96%W    +1.27%W    +1.27%W
2023-10-03   SNPS   09:30/3b 09:40   463.77    1.17x    +0.25%W    -1.00%L    -1.51%L    -1.83%L    -2.20%L    -2.48%L    -2.17%L    -2.60%L    -2.88%L    -3.06%L    -2.85%L    -2.85%L
2023-10-03   MU     09:30/3b 09:45    69.09    1.10x    -0.31%L    -0.71%L    -1.09%L    -1.75%L    -1.62%L    -1.36%L    -0.70%L    -1.59%L    -1.37%L    -2.11%L    -1.83%L    -1.83%L
2023-10-03   MRVL   09:30/3b 09:45    54.21    1.14x    -1.07%L    -1.35%L    -1.62%L    -2.18%L    -2.86%L    -2.47%L    -2.22%L    -2.84%L    -3.19%L    -3.21%L    -2.95%L    -2.95%L
2023-10-03   QCOM   09:30/3b 09:40   111.67    1.45x    +0.39%W    +0.13%W    -0.13%L    -0.23%L    -0.32%L    -0.60%L    -0.84%L    -1.36%L    -1.33%L    -1.69%L    -1.32%L    -1.32%L
2023-10-04   META   09:30/3b 09:40   301.35    1.16x    -0.44%L    -0.21%L    -0.36%L    +0.84%W    +0.64%W    +0.86%W    +0.82%W    +1.01%W    +1.30%W    +1.64%W    +1.37%W    +1.37%W
2023-10-04   LLY    09:30/3b 09:45   531.47    1.21x    +0.40%W    -0.12%L    -0.21%L    -0.40%L    +0.33%W    -0.10%L    +0.05%W    -0.44%L    -0.41%L    -0.18%L    -0.03%L    -0.03%L
2023-10-04   PLTR   09:30/3b 09:40    15.61    1.76x    -1.22%L    -1.67%L    -2.79%L    -1.38%L    -1.28%L    -0.48%L    -0.13%L    -0.26%L    +0.13%W    +0.86%W    +0.70%W    +0.70%W
2023-10-04   TSLA   09:30/3b 09:40   251.96    1.15x    +0.26%W    -0.17%L    -0.21%L    +1.19%W    +1.76%W    +1.64%W    +1.99%W    +1.99%W    +2.67%W    +3.68%W    +3.69%W    +3.69%W
2023-10-04   AVGO   09:30/3b 09:45   826.99    1.01x    -0.00%L    -0.23%L    -0.73%L    -1.03%L    -0.65%L    -0.39%L    -0.52%L    -0.89%L    -0.71%L    -0.61%L    -0.48%L    -0.48%L
2023-10-05   DDOG   09:30/3b 09:40    89.31    1.57x    +0.03%W    -0.18%L    -0.07%L    -0.52%L    -0.68%L    -1.05%L    -0.12%L    +0.02%W    -0.11%L    -0.02%L    +0.31%W    +0.31%W
2023-10-06   LLY    09:30/3b 09:45   549.75    2.70x    +0.34%W    +0.07%W    +0.15%W    +0.48%W    +0.90%W    +1.41%W    +1.45%W    +1.47%W    +2.33%W    +2.86%W    +2.79%W    +2.79%W
2023-10-06   CRWD   09:30/3b 09:40   166.37    1.34x    +1.08%W    +1.26%W    +2.40%W    +3.01%W    +3.62%W    +4.16%W    +4.76%W    +5.30%W    +5.67%W    +6.23%W    +6.21%W    +6.21%W
2023-10-06   DDOG   09:30/3b 09:50    89.72    1.03x    -0.10%L    +1.14%W    +2.15%W    +3.05%W    +4.03%W    +5.37%W    +4.89%W    +4.86%W    +4.88%W    +5.08%W    +5.26%W    +5.26%W
2023-10-09   META   09:30/3b 09:40   316.77    1.99x    +0.51%W    +0.65%W    +0.73%W    +0.26%W    -0.37%L    +0.06%W    -0.13%L    +0.43%W    +0.96%W    +0.45%W    +0.51%W    +0.51%W
2023-10-09   SNOW   09:30/3b 09:45   161.20    1.45x    -0.56%L    +0.61%W    +0.27%W    -0.65%L    -0.76%L    -0.37%L    -0.27%L    +0.23%W    +0.47%W    +0.57%W    +0.40%W    +0.40%W
2023-10-09   LLY    09:30/3b 09:40   572.87    2.53x    +1.14%W    +0.35%W    +0.19%W    -0.22%L    -0.59%L    -0.26%L    -0.31%L    -0.11%L    -0.08%L    -0.32%L    -0.18%L    -0.18%L
2023-10-09   CRWD   09:30/3b 09:40   181.78    2.76x    +1.13%W    +1.35%W    +0.62%W    +0.11%W    -0.88%L    -0.67%L    -0.53%L    +0.21%W    -0.04%L    -0.10%L    -0.02%L    -0.02%L
2023-10-09   PLTR   09:30/3b 09:40    17.27    2.80x    +0.87%W    +1.79%W    +2.61%W    +0.30%W    -1.56%L    -1.10%L    -0.67%L    +0.93%W    +1.56%W    +1.59%W    +2.00%W    +2.00%W
2023-10-09   CHTR   09:30/3b 09:40   431.43    2.36x    +0.21%W    +0.81%W    +0.97%W    +1.19%W    +1.33%W    +1.76%W    +1.55%W    +2.42%W    +2.62%W    +2.34%W    +2.55%W    +2.55%W
2023-10-10   SNPS   09:30/3b 09:40   486.18    2.22x    +0.24%W    +0.41%W    +0.51%W    +0.75%W    +1.11%W    +1.39%W    +1.34%W    +0.60%W    +0.77%W    +0.90%W    +0.79%W    +0.79%W
2023-10-10   SPOT   09:30/3b 09:40   157.61    2.41x    -0.34%L    -0.04%L    +1.16%W    +1.17%W    +1.43%W    +1.31%W    +0.70%W    +0.62%W    +0.53%W    +0.18%W    +0.05%W    +0.05%W
2023-10-10   MRVL   09:30/3b 09:40    54.48    1.29x    +0.65%W    +1.17%W    +1.61%W    +1.74%W    +1.54%W    +1.70%W    +2.13%W    +1.53%W    +1.07%W    +1.09%W    +1.04%W    +1.04%W
2023-10-10   CRWD   09:30/3b 09:40   183.82    1.70x    -0.21%L    +0.14%W    +0.39%W    +0.28%W    -0.03%L    -0.08%L    -0.15%L    +0.12%W    +0.06%W    +0.10%W    +0.00%L    +0.00%L
2023-10-10   QCOM   09:30/3b 09:45   111.26    1.04x    +0.24%W    +0.69%W    +0.65%W    +0.68%W    +1.06%W    +1.35%W    +1.32%W    +0.65%W    +0.89%W    +0.96%W    +0.95%W    +0.95%W
2023-10-10   PLTR   09:30/3b 09:50    18.08    2.51x    +0.44%W    +0.95%W    +0.73%W    -0.08%L    +0.39%W    -0.06%L    -0.83%L    -1.27%L    -1.24%L    -1.58%L    -1.61%L    -1.61%L
2023-10-10   TSLA   09:30/3b 09:40   262.70    1.09x    +0.97%W    +0.82%W    +0.96%W    +1.60%W    +1.85%W    +1.99%W    +1.38%W    +0.53%W    +0.65%W    +0.42%W    +0.33%W    +0.33%W
2023-10-11   META   09:30/3b 09:40   326.60    1.59x    -0.21%L    -0.13%L    +0.08%W    -0.18%L    +0.36%W    -0.20%L    -0.39%L    -0.50%L    +0.15%W    +0.21%W    +0.38%W    +0.38%W
2023-10-11   SNOW   09:30/3b 09:45   164.85    1.09x    -0.42%L    -0.55%L    -1.02%L    -1.12%L    -0.89%L    -0.88%L    -0.74%L    -1.44%L    -0.89%L    -0.91%L    -0.79%L    -0.79%L
2023-10-11   SPOT   09:30/3b 09:40   158.50    1.26x    -0.49%L    -2.09%L    -2.36%L    -1.86%L    -0.97%L    -2.25%L    -2.08%L    -2.76%L    -1.68%L    -1.53%L    -1.22%L    -1.22%L
2023-10-11   PLTR   09:30/3b 09:40    18.29    1.15x    -1.34%L    -1.28%L    -1.48%L    -1.53%L    -1.04%L    -2.48%L    -2.02%L    -3.04%L    -1.97%L    -2.02%L    -2.02%L    -2.02%L
2023-10-12   LLY    09:30/3b 09:40   610.27    2.09x    +0.16%W    -0.48%L    -0.28%L    -0.41%L    +0.41%W    -0.24%L    -0.15%L    -1.12%L    -0.56%L    +0.02%W    +0.04%W    +0.04%W
2023-10-12   AMD    09:30/3b 09:40   109.40    1.14x    +0.54%W    +1.33%W    +0.58%W    +1.02%W    +1.21%W    +0.69%W    +0.83%W    -0.82%L    -0.81%L    -0.53%L    -0.57%L    -0.57%L
2023-10-16   QCOM   09:30/3b 09:40   109.61    1.41x    +0.49%W    +0.51%W    +0.88%W    +1.12%W    +1.09%W    +0.89%W    +0.78%W    +0.82%W    +0.68%W    +1.04%W    +0.81%W    +0.81%W
2023-10-16   AVGO   09:30/3b 09:40   905.67    2.41x    -0.68%L    -0.11%L    -0.63%L    -0.33%L    -0.40%L    -0.73%L    -0.80%L    -0.54%L    -0.30%L    -0.14%L    -0.41%L    -0.41%L
2023-10-16   AMD    09:30/3b 09:40   106.28    1.18x    -0.06%L    +0.52%W    +0.92%W    +0.72%W    +0.70%W    +0.65%W    +0.60%W    +0.22%W    -0.04%L    +0.30%W    +0.17%W    +0.17%W
2023-10-17   PLTR   09:30/3b 09:40    17.55    1.11x    +0.66%W    +0.91%W    +0.23%W    +0.43%W    +1.17%W    +1.37%W    +2.05%W    +1.08%W    +1.59%W    +1.40%W    +1.65%W    +1.65%W
2023-10-18   APP    09:30/3b 09:40    39.82    1.11x    -0.35%L    -0.90%L    -1.10%L    -1.21%L    -1.72%L    -1.62%L    -1.58%L    -2.18%L    -2.39%L    -2.67%L    -2.21%L    -2.21%L
2023-10-18   LLY    09:30/3b 09:45   614.20    1.07x    -0.27%L    -0.33%L    -0.65%L    -0.62%L    -0.88%L    -0.86%L    -1.29%L    -1.26%L    -1.58%L    -1.58%L    -1.14%L    -1.14%L
2023-10-19   DDOG   09:30/3b 09:45    88.36    1.27x    +0.27%W    +0.74%W    -0.29%L    +0.02%W    -0.77%L    +0.31%W    -0.18%L    -0.65%L    -0.93%L    -0.71%L    -0.69%L    -0.69%L
2023-10-20   MRVL   09:30/3b 09:40    50.69    1.20x    -0.37%L    -1.10%L    -1.41%L    -1.64%L    -1.94%L    -2.38%L    -1.91%L    -1.10%L    -2.13%L    -2.39%L    -2.39%L    -2.39%L
2023-10-20   CHTR   09:30/3b 09:40   436.52    1.18x    -0.01%L    +0.12%W    -0.12%L    -0.16%L    -0.61%L    -0.81%L    -0.51%L    -0.62%L    -1.17%L    -1.60%L    -1.59%L    -1.59%L
2023-10-20   TSLA   09:30/3b 09:50   216.41    1.04x    +0.47%W    -0.36%L    -0.69%L    -1.11%L    -2.18%L    -1.89%L    -0.77%L    -1.25%L    -1.56%L    -2.10%L    -2.07%L    -2.07%L
2023-10-20   AMD    09:30/3b 09:40   103.93    1.18x    -0.44%L    -0.75%L    -0.87%L    -1.42%L    -1.91%L    -2.14%L    -2.17%L    -1.09%L    -2.18%L    -1.95%L    -2.03%L    -2.03%L
2023-10-23   META   09:30/3b 09:45   309.26    1.10x    +0.52%W    +0.62%W    +0.76%W    +0.77%W    +1.57%W    +1.76%W    +2.17%W    +2.31%W    +2.25%W    +1.83%W    +1.53%W    +1.53%W
2023-10-23   AMD    09:30/3b 09:50   100.58    1.19x    -0.23%L    +0.65%W    +0.56%W    +0.40%W    +1.18%W    +1.00%W    +1.29%W    +1.51%W    +1.07%W    -0.55%L    -0.58%L    -0.58%L
2023-10-24   SNOW   09:30/3b 09:40   151.41    1.08x    -0.38%L    +0.15%W    +0.62%W    +0.13%W    -0.36%L    -1.27%L    -1.36%L    -0.94%L    -0.92%L    -0.06%L    -0.17%L    -0.17%L
2023-10-24   SNPS   09:30/3b 09:40   472.91    1.42x    -0.83%L    -0.46%L    -0.26%L    -0.16%L    -0.04%L    -0.71%L    -1.70%L    -1.21%L    -1.00%L    -0.89%L    -1.00%L    -1.00%L
2023-10-24   MRVL   09:30/3b 09:40    49.49    1.67x    -0.08%L    -0.10%L    +0.29%W    +0.54%W    -0.17%L    -0.91%L    -1.07%L    -0.85%L    -0.13%L    +0.23%W    +0.01%W    +0.01%W
2023-10-26   SPOT   09:30/3b 09:40   164.13    1.06x    -0.88%L    -0.82%L    +0.05%W    +0.04%W    -0.99%L    -3.14%L    -4.80%L    -4.91%L    -3.82%L    -3.45%L    -3.52%L    -3.52%L
2023-10-26   MRVL   09:30/3b 09:40    47.83    1.12x    -1.13%L    -0.73%L    -0.53%L    -0.77%L    -0.90%L    -2.46%L    -2.53%L    -2.24%L    -1.52%L    -2.32%L    -2.59%L    -2.59%L
2023-10-26   QCOM   09:30/3b 09:40   106.05    1.66x    -0.41%L    -0.26%L    -0.73%L    -0.69%L    -0.74%L    -1.34%L    -1.43%L    -0.84%L    -0.11%L    -0.37%L    -0.40%L    -0.40%L
2023-10-27   META   09:30/3b 09:40   298.91    2.61x    -0.10%L    -1.10%L    -0.88%L    -1.67%L    -0.63%L    -0.81%L    -0.49%L    -1.21%L    -0.85%L    -1.17%L    -0.73%L    -0.73%L
2023-10-27   MRVL   09:30/3b 09:40    47.26    1.39x    -0.38%L    +0.02%W    -0.18%L    -0.43%L    +0.42%W    +0.24%W    +0.68%W    +0.04%W    +0.32%W    -0.40%L    +0.02%W    +0.02%W
2023-10-30   MRVL   09:30/3b 09:40    47.61    1.23x    -0.71%L    -1.32%L    -2.14%L    -2.53%L    -1.79%L    -1.95%L    -2.79%L    -2.18%L    -1.54%L    -1.09%L    -1.62%L    -1.62%L
2023-10-30   QCOM   09:30/3b 09:40   108.35    2.65x    -0.08%L    -0.77%L    -1.22%L    -1.55%L    -1.50%L    -1.69%L    -1.94%L    -0.99%L    -0.40%L    -0.15%L    -0.49%L    -0.49%L
2023-10-30   CHTR   09:30/3b 09:40   386.81    2.67x    +0.14%W    -0.43%L    -0.72%L    -1.52%L    -0.55%L    -0.84%L    -0.85%L    +0.45%W    +1.41%W    +1.30%W    +0.77%W    +0.77%W
2023-10-30   AVGO   09:30/3b 09:45   846.79    1.14x    -0.42%L    -1.02%L    -1.31%L    -1.65%L    -1.45%L    -1.66%L    -1.97%L    -1.02%L    -0.75%L    -0.55%L    -0.71%L    -0.71%L
2023-10-31   TSLA   09:30/3b 09:40   196.47    1.20x    +1.15%W    +1.44%W    +1.37%W    +1.27%W    +1.07%W    +0.39%W    +1.17%W    +1.76%W    +2.63%W    +2.26%W    +2.22%W    +2.22%W

========================================================================================
Summary — 64 qualifying signal(s) across 22 trading day(s)

Window 09:30/3b  (64 signal(s))
  Hold      Count   Win Rate   Avg Gain    Avg Win   Avg Loss ProfitFactor   Sum Ret%
  -------------------------------------------------------------------------
  +15m         64      40.6%     -0.06%     +0.52%     -0.47%        0.77x     -4.14%
  +30m         64      45.3%     -0.07%     +0.67%     -0.69%        0.81x     -4.66%
  +45m         64      43.8%     -0.14%     +0.81%     -0.88%        0.72x     -9.00%
  +1h          64      43.8%     -0.20%     +0.84%     -1.02%        0.64x    -13.02%
  +1h30m       64      39.1%     -0.12%     +1.25%     -0.99%        0.80x     -7.61%
  +2h          64      35.9%     -0.24%     +1.40%     -1.17%        0.67x    -15.55%
  +3h          64      32.8%     -0.27%     +1.60%     -1.18%        0.66x    -17.02%
  +4h          64      42.2%     -0.29%     +1.18%     -1.37%        0.63x    -18.76%
  +5h          64      37.5%     -0.15%     +1.53%     -1.16%        0.79x     -9.82%
  +6h          64      42.2%     -0.09%     +1.45%     -1.21%        0.87x     -5.79%
  +7h          64      48.4%     -0.04%     +1.27%     -1.27%        0.94x     -2.58%
  EOD          64      48.4%     -0.04%     +1.27%     -1.27%        0.94x     -2.58%
