Fetching 5-min bars (2020-05-17 → 2020-07-31) [alpaca]...
  [cache] fetching 3 tickers from alpaca (cache miss)
  [cache] loaded 13 tickers from cache
Fetching daily bars (2019-07-02 → 2020-07-31)...

=========================================================================================================================================================================================
Pre-Session Rankings (9:25) — 2020-07-01 to 2020-07-31  |  20d lookback
(Unconditional hold from OR close — no signal or vol filter)
=========================================================================================================================================================================================
Pre-session top-2 (9:25, 20d EOD win rate) — 2020-07-01  OR: 09:30/3b
  #1 META   +15m 55%W +0.0%  +30m 50%W -0.0%  +1h 50%W -0.1%  +2h 50%W +0.1%  +5h 50%W +0.2%  EOD 55%W +0.4%  EOD range -4.8% → +4.8%
  #2 CRWD   +15m 75%W +0.8%  +30m 60%W +0.5%  +1h 50%W +0.4%  +2h 55%W +0.5%  +5h 60%W +0.8%  EOD 55%W +1.0%  EOD range -4.0% → +5.2%
  Ticker   N          +15m          +30m           +1h           +2h           +5h           EOD           EOD range
  ----------------------------------------------------------------------------------------------------------------------
  META    20    55%W +0.0%    50%W -0.0%    50%W -0.1%    50%W +0.1%    50%W +0.2%    55%W +0.4%       -4.8% → +4.8%
  CRWD    20    75%W +0.8%    60%W +0.5%    50%W +0.4%    55%W +0.5%    60%W +0.8%    55%W +1.0%       -4.0% → +5.2%
  AVGO    20    50%W +0.1%    70%W +0.3%    65%W +0.4%    60%W +0.2%    60%W +0.3%    55%W +0.1%       -3.4% → +3.2%
  SPOT    20    70%W +0.4%    65%W +0.2%    60%W +0.3%    50%W +0.0%    55%W +0.8%    50%W -0.1%       -3.6% → +9.3%
  SNPS    20    65%W +0.1%    50%W -0.0%    65%W +0.3%    65%W +0.4%    60%W +0.4%    50%W +0.3%       -3.6% → +4.2%
  MU      20    60%W +0.2%    55%W +0.3%    55%W +0.4%    60%W +0.2%    50%W -0.2%    45%W -0.2%       -3.3% → +5.0%
  LLY     20    55%W +0.1%    65%W +0.2%    30%W -0.4%    55%W +0.1%    45%W -0.2%    45%W -0.3%       -3.7% → +3.8%
  QCOM    20    55%W +0.0%    50%W +0.1%    60%W +0.2%    55%W +0.1%    55%W +0.0%    45%W -0.1%       -3.5% → +3.2%
  TSLA    20    55%W +0.1%    40%W -0.2%    45%W -0.2%    45%W -0.1%    50%W -0.1%    45%W -0.3%       -5.1% → +7.7%
  DDOG    20    80%W +0.5%    75%W +1.0%    75%W +0.7%    60%W +0.8%    50%W -0.2%    45%W -0.7%       -5.4% → +7.7%
  MRVL    20    50%W +0.0%    50%W +0.1%    55%W +0.4%    60%W +0.2%    45%W -0.0%    40%W -0.6%       -2.5% → +3.2%
  AMD     20    55%W +0.1%    40%W -0.1%    50%W +0.0%    40%W -0.5%    45%W -0.6%    40%W -0.9%       -4.2% → +3.7%
  CHTR    20    40%W -0.0%    45%W -0.2%    30%W -0.4%    40%W -0.3%    45%W -0.1%    35%W -0.5%       -2.7% → +2.5%
Pre-session top-2 (9:25, 20d EOD win rate) — 2020-07-02  OR: 09:30/3b
  #1 META   +15m 55%W +0.0%  +30m 55%W +0.1%  +1h 50%W -0.1%  +2h 55%W +0.4%  +5h 55%W +0.5%  EOD 60%W +0.5%  EOD range -4.8% → +4.8%
  #2 CRWD   +15m 75%W +0.6%  +30m 65%W +0.5%  +1h 55%W +0.8%  +2h 55%W +0.5%  +5h 65%W +0.9%  EOD 60%W +1.2%  EOD range -4.0% → +5.2%
  Ticker   N          +15m          +30m           +1h           +2h           +5h           EOD           EOD range
  ----------------------------------------------------------------------------------------------------------------------
  META    20    55%W +0.0%    55%W +0.1%    50%W -0.1%    55%W +0.4%    55%W +0.5%    60%W +0.5%       -4.8% → +4.8%
  CRWD    20    75%W +0.6%    65%W +0.5%    55%W +0.8%    55%W +0.5%    65%W +0.9%    60%W +1.2%       -4.0% → +5.2%
  SPOT    20    65%W +0.4%    60%W +0.2%    60%W +0.3%    50%W +0.0%    55%W +0.8%    50%W +0.3%       -3.6% → +9.3%
  TSLA    20    55%W +0.1%    45%W -0.2%    50%W -0.1%    50%W +0.2%    55%W +0.2%    50%W -0.0%       -5.1% → +7.7%
  AVGO    20    45%W -0.1%    70%W +0.3%    65%W +0.2%    60%W +0.1%    60%W +0.2%    50%W -0.2%       -3.4% → +3.2%
  SNPS    20    60%W +0.1%    45%W -0.0%    65%W +0.3%    60%W +0.3%    60%W +0.4%    50%W +0.3%       -3.6% → +4.2%
  LLY     20    55%W +0.1%    65%W +0.2%    30%W -0.3%    55%W +0.1%    45%W -0.1%    45%W -0.3%       -3.7% → +3.8%
  QCOM    20    55%W +0.0%    50%W +0.1%    60%W +0.2%    55%W +0.1%    50%W -0.0%    45%W -0.1%       -3.5% → +3.2%
  AMD     20    55%W +0.1%    40%W -0.0%    55%W +0.1%    45%W -0.3%    50%W -0.1%    45%W -0.8%       -4.2% → +3.7%
  DDOG    20    75%W +0.4%    70%W +1.0%    70%W +0.5%    55%W +0.6%    50%W -0.2%    45%W -0.7%       -5.4% → +7.7%
  MU      20    55%W +0.1%    55%W +0.3%    50%W +0.2%    55%W +0.1%    45%W -0.4%    40%W -0.5%       -3.3% → +5.0%
  MRVL    20    45%W -0.1%    45%W -0.1%    50%W +0.1%    55%W +0.0%    40%W -0.3%    35%W -0.9%       -2.5% → +3.2%
  CHTR    20    45%W -0.0%    50%W -0.1%    35%W -0.3%    40%W -0.3%    45%W -0.1%    35%W -0.5%       -2.7% → +2.5%
Pre-session top-2 (9:25, 20d EOD win rate) — 2020-07-06  OR: 09:30/3b
  #1 META   +15m 50%W -0.1%  +30m 50%W +0.0%  +1h 50%W -0.1%  +2h 55%W +0.4%  +5h 55%W +0.5%  EOD 60%W +0.5%  EOD range -4.8% → +4.8%
  #2 CRWD   +15m 70%W +0.4%  +30m 70%W +0.5%  +1h 60%W +0.8%  +2h 60%W +0.5%  +5h 65%W +0.9%  EOD 60%W +1.2%  EOD range -4.0% → +5.2%
  Ticker   N          +15m          +30m           +1h           +2h           +5h           EOD           EOD range
  ----------------------------------------------------------------------------------------------------------------------
  META    20    50%W -0.1%    50%W +0.0%    50%W -0.1%    55%W +0.4%    55%W +0.5%    60%W +0.5%       -4.8% → +4.8%
  CRWD    20    70%W +0.4%    70%W +0.5%    60%W +0.8%    60%W +0.5%    65%W +0.9%    60%W +1.2%       -4.0% → +5.2%
  SPOT    20    65%W +0.4%    60%W +0.2%    60%W +0.5%    55%W +0.3%    60%W +1.0%    55%W +1.2%       -3.6% → +9.3%
  LLY     20    55%W +0.1%    65%W +0.2%    30%W -0.2%    60%W +0.2%    50%W +0.1%    50%W -0.0%       -3.7% → +3.8%
  TSLA    20    50%W +0.0%    50%W -0.1%    50%W -0.1%    50%W +0.2%    60%W +0.2%    50%W +0.0%       -5.1% → +7.7%
  SNPS    20    55%W +0.1%    45%W -0.0%    70%W +0.4%    65%W +0.4%    65%W +0.4%    50%W +0.3%       -3.6% → +4.2%
  QCOM    20    55%W +0.0%    50%W +0.1%    60%W +0.2%    55%W +0.1%    50%W -0.0%    45%W -0.1%       -3.5% → +3.2%
  AVGO    20    45%W -0.1%    70%W +0.3%    60%W +0.2%    55%W +0.0%    60%W +0.1%    45%W -0.4%       -3.4% → +3.2%
  AMD     20    50%W -0.0%    35%W -0.1%    50%W +0.0%    45%W -0.3%    50%W -0.1%    45%W -0.8%       -4.2% → +3.7%
  DDOG    20    70%W +0.4%    65%W +0.8%    75%W +0.6%    60%W +0.6%    50%W -0.1%    45%W -0.7%       -5.4% → +7.7%
  MU      20    55%W +0.1%    55%W +0.2%    45%W -0.2%    50%W -0.2%    45%W -0.4%    35%W -0.6%       -3.3% → +3.0%
  MRVL    20    45%W -0.1%    45%W -0.1%    50%W +0.1%    55%W +0.0%    45%W -0.3%    35%W -0.9%       -2.5% → +3.2%
  CHTR    20    45%W -0.0%    50%W -0.1%    35%W -0.4%    40%W -0.3%    45%W -0.1%    35%W -0.5%       -2.7% → +2.5%
Pre-session top-2 (9:25, 20d EOD win rate) — 2020-07-07  OR: 09:30/3b
  #1 META   +15m 50%W -0.1%  +30m 50%W +0.0%  +1h 50%W -0.1%  +2h 55%W +0.4%  +5h 55%W +0.5%  EOD 60%W +0.5%  EOD range -4.8% → +4.8%
  #2 LLY    +15m 55%W +0.1%  +30m 65%W +0.2%  +1h 35%W -0.2%  +2h 60%W +0.2%  +5h 50%W +0.1%  EOD 55%W +0.1%  EOD range -3.7% → +3.8%
  Ticker   N          +15m          +30m           +1h           +2h           +5h           EOD           EOD range
  ----------------------------------------------------------------------------------------------------------------------
  META    20    50%W -0.1%    50%W +0.0%    50%W -0.1%    55%W +0.4%    55%W +0.5%    60%W +0.5%       -4.8% → +4.8%
  LLY     20    55%W +0.1%    65%W +0.2%    35%W -0.2%    60%W +0.2%    50%W +0.1%    55%W +0.1%       -3.7% → +3.8%
  CRWD    20    65%W +0.3%    65%W +0.4%    60%W +0.6%    65%W +0.5%    60%W +0.9%    55%W +1.0%       -4.0% → +5.2%
  SPOT    20    60%W +0.4%    60%W +0.2%    60%W +0.5%    55%W +0.3%    55%W +1.0%    50%W +0.5%       -4.0% → +9.3%
  QCOM    20    60%W +0.1%    55%W +0.2%    60%W +0.2%    55%W +0.1%    50%W -0.1%    50%W +0.0%       -3.5% → +3.2%
  TSLA    20    50%W +0.0%    55%W +0.1%    55%W +0.3%    55%W +0.6%    60%W +0.2%    50%W +0.0%       -5.1% → +7.7%
  AVGO    20    50%W +0.0%    70%W +0.3%    65%W +0.2%    60%W +0.1%    60%W +0.1%    45%W -0.2%       -3.4% → +3.2%
  AMD     20    50%W -0.0%    35%W -0.1%    50%W +0.0%    50%W -0.0%    50%W -0.1%    45%W -0.8%       -4.2% → +3.7%
  DDOG    20    65%W +0.4%    70%W +1.0%    75%W +0.7%    65%W +0.8%    50%W -0.1%    45%W -0.7%       -5.4% → +7.7%
  SNPS    20    50%W -0.0%    45%W -0.0%    70%W +0.4%    65%W +0.4%    60%W +0.3%    45%W -0.0%       -3.6% → +4.2%
  MRVL    20    50%W -0.0%    50%W +0.1%    55%W +0.4%    60%W +0.2%    50%W +0.1%    40%W -0.6%       -2.5% → +3.2%
  CHTR    20    40%W -0.0%    50%W -0.1%    35%W -0.4%    45%W -0.3%    50%W -0.0%    40%W -0.3%       -2.7% → +2.5%
  MU      20    60%W +0.2%    60%W +0.2%    45%W -0.1%    50%W -0.1%    40%W -0.7%    35%W -0.5%       -3.3% → +3.0%
Pre-session top-2 (9:25, 20d EOD win rate) — 2020-07-08  OR: 09:30/3b
  #1 META   +15m 50%W -0.0%  +30m 55%W +0.2%  +1h 50%W -0.1%  +2h 55%W +0.6%  +5h 50%W +0.2%  EOD 55%W +0.4%  EOD range -4.8% → +4.8%
  #2 LLY    +15m 55%W +0.1%  +30m 65%W +0.2%  +1h 35%W -0.2%  +2h 60%W +0.2%  +5h 50%W +0.1%  EOD 55%W +0.1%  EOD range -3.7% → +3.8%
  Ticker   N          +15m          +30m           +1h           +2h           +5h           EOD           EOD range
  ----------------------------------------------------------------------------------------------------------------------
  META    20    50%W -0.0%    55%W +0.2%    50%W -0.1%    55%W +0.6%    50%W +0.2%    55%W +0.4%       -4.8% → +4.8%
  LLY     20    55%W +0.1%    65%W +0.2%    35%W -0.2%    60%W +0.2%    50%W +0.1%    55%W +0.1%       -3.7% → +3.8%
  SPOT    20    60%W +0.4%    65%W +0.3%    60%W +0.8%    55%W +0.5%    55%W +0.8%    50%W +0.0%       -4.0% → +9.3%
  CRWD    20    60%W +0.2%    60%W +0.4%    55%W +0.3%    65%W +0.5%    60%W +0.9%    50%W +0.3%       -4.0% → +5.2%
  QCOM    20    60%W +0.1%    55%W +0.2%    55%W +0.2%    50%W +0.0%    45%W -0.2%    45%W -0.1%       -3.5% → +3.2%
  TSLA    20    50%W +0.0%    55%W +0.1%    55%W +0.3%    60%W +0.6%    55%W +0.0%    45%W -0.2%       -5.1% → +7.7%
  MRVL    20    50%W -0.0%    55%W +0.2%    60%W +0.4%    60%W +0.2%    50%W +0.1%    40%W -0.6%       -2.5% → +3.2%
  CHTR    20    40%W -0.0%    50%W -0.1%    35%W -0.4%    45%W -0.3%    50%W -0.0%    40%W -0.3%       -2.7% → +2.1%
  AVGO    20    50%W +0.0%    75%W +0.3%    70%W +0.2%    65%W +0.1%    55%W +0.1%    40%W -0.4%       -3.4% → +3.2%
  AMD     20    50%W -0.0%    35%W -0.1%    50%W -0.1%    50%W -0.0%    45%W -0.5%    40%W -1.1%       -4.2% → +3.7%
  DDOG    20    65%W +0.4%    65%W +0.8%    75%W +0.7%    65%W +0.8%    50%W -0.1%    40%W -0.7%       -5.4% → +3.3%
  SNPS    20    45%W -0.0%    50%W -0.0%    70%W +0.4%    65%W +0.4%    55%W +0.3%    40%W -0.1%       -3.6% → +4.2%
  MU      20    65%W +0.2%    65%W +0.2%    45%W -0.1%    50%W -0.1%    40%W -0.9%    30%W -0.6%       -3.3% → +3.0%
Pre-session top-2 (9:25, 20d EOD win rate) — 2020-07-09  OR: 09:30/3b
  #1 LLY    +15m 55%W +0.1%  +30m 65%W +0.2%  +1h 35%W -0.2%  +2h 60%W +0.1%  +5h 45%W -0.0%  EOD 60%W +0.3%  EOD range -3.7% → +3.8%
  #2 META   +15m 50%W -0.0%  +30m 55%W +0.1%  +1h 45%W -0.2%  +2h 50%W +0.3%  +5h 50%W +0.2%  EOD 55%W +0.4%  EOD range -4.8% → +4.8%
  Ticker   N          +15m          +30m           +1h           +2h           +5h           EOD           EOD range
  ----------------------------------------------------------------------------------------------------------------------
  LLY     20    55%W +0.1%    65%W +0.2%    35%W -0.2%    60%W +0.1%    45%W -0.0%    60%W +0.3%       -3.7% → +3.8%
  META    20    50%W -0.0%    55%W +0.1%    45%W -0.2%    50%W +0.3%    50%W +0.2%    55%W +0.4%       -4.8% → +4.8%
  CRWD    20    65%W +0.3%    65%W +0.4%    60%W +0.6%    70%W +0.7%    65%W +1.1%    55%W +1.2%       -4.0% → +5.7%
  SPOT    20    60%W +0.3%    65%W +0.4%    60%W +0.8%    55%W +0.5%    55%W +0.8%    50%W +0.0%       -4.0% → +9.3%
  QCOM    20    55%W +0.0%    55%W +0.2%    50%W +0.0%    45%W -0.0%    40%W -0.3%    45%W -0.1%       -3.5% → +3.2%
  CHTR    20    45%W -0.0%    50%W -0.1%    35%W -0.4%    50%W -0.1%    50%W -0.0%    45%W -0.1%       -2.7% → +2.1%
  DDOG    20    70%W +0.4%    70%W +0.8%    80%W +0.9%    70%W +1.1%    55%W +0.2%    45%W -0.4%       -5.2% → +5.2%
  MRVL    20    50%W -0.0%    55%W +0.2%    60%W +0.4%    60%W +0.2%    50%W +0.1%    40%W -0.6%       -2.5% → +3.4%
  TSLA    20    55%W +0.1%    60%W +0.2%    55%W +0.2%    60%W +0.4%    50%W -0.1%    40%W -0.3%       -5.1% → +7.7%
  AVGO    20    50%W +0.0%    75%W +0.3%    70%W +0.2%    65%W +0.1%    55%W +0.0%    40%W -0.4%       -3.4% → +3.2%
  AMD     20    45%W -0.2%    30%W -0.1%    45%W -0.3%    45%W -0.3%    40%W -0.5%    40%W -1.1%       -4.2% → +3.6%
  SNPS    20    50%W -0.0%    55%W +0.1%    70%W +0.4%    65%W +0.5%    55%W +0.2%    40%W -0.1%       -3.6% → +4.2%
  MU      20    60%W +0.2%    70%W +0.4%    50%W +0.1%    55%W +0.0%    35%W -0.9%    30%W -0.6%       -3.3% → +3.0%
Pre-session top-2 (9:25, 20d EOD win rate) — 2020-07-10  OR: 09:30/3b
  #1 META   +15m 55%W +0.0%  +30m 60%W +0.1%  +1h 45%W -0.2%  +2h 50%W +0.3%  +5h 50%W +0.2%  EOD 60%W +0.4%  EOD range -4.8% → +4.8%
  #2 SPOT   +15m 65%W +0.4%  +30m 70%W +0.6%  +1h 65%W +1.1%  +2h 60%W +1.0%  +5h 60%W +1.0%  EOD 55%W +0.9%  EOD range -4.0% → +9.3%
  Ticker   N          +15m          +30m           +1h           +2h           +5h           EOD           EOD range
  ----------------------------------------------------------------------------------------------------------------------
  META    20    55%W +0.0%    60%W +0.1%    45%W -0.2%    50%W +0.3%    50%W +0.2%    60%W +0.4%       -4.8% → +4.8%
  SPOT    20    65%W +0.4%    70%W +0.6%    65%W +1.1%    60%W +1.0%    60%W +1.0%    55%W +0.9%       -4.0% → +9.3%
  LLY     20    55%W +0.1%    60%W +0.2%    35%W -0.2%    55%W +0.0%    45%W -0.0%    55%W +0.3%       -3.7% → +3.8%
  CRWD    20    65%W +0.3%    65%W +0.4%    55%W +0.3%    65%W +0.5%    65%W +1.1%    55%W +1.2%       -4.0% → +5.7%
  MRVL    20    50%W -0.0%    55%W +0.2%    55%W +0.3%    55%W +0.2%    50%W +0.1%    45%W -0.5%       -2.5% → +3.4%
  QCOM    20    50%W +0.0%    50%W +0.1%    45%W -0.1%    40%W -0.1%    35%W -0.3%    45%W -0.1%       -3.5% → +3.2%
  CHTR    20    45%W -0.0%    50%W -0.1%    35%W -0.5%    50%W -0.1%    50%W -0.0%    45%W -0.1%       -2.7% → +2.1%
  AVGO    20    45%W -0.1%    75%W +0.3%    65%W +0.1%    65%W +0.1%    55%W +0.0%    45%W -0.2%       -3.4% → +3.2%
  AMD     20    45%W -0.2%    30%W -0.1%    45%W -0.3%    45%W -0.3%    45%W -0.4%    45%W -0.8%       -4.2% → +6.6%
  SNPS    20    55%W +0.1%    60%W +0.2%    70%W +0.4%    65%W +0.5%    60%W +0.2%    45%W -0.0%       -3.6% → +4.2%
  TSLA    20    60%W +0.1%    55%W +0.1%    50%W -0.1%    55%W +0.2%    50%W -0.1%    40%W -0.3%       -5.1% → +7.7%
  DDOG    20    70%W +0.4%    65%W +0.8%    75%W +0.9%    65%W +0.8%    50%W -0.1%    40%W -0.7%       -5.2% → +5.2%
  MU      20    60%W +0.2%    70%W +0.3%    45%W -0.1%    50%W -0.1%    35%W -0.9%    30%W -0.6%       -3.3% → +3.0%
Pre-session top-2 (9:25, 20d EOD win rate) — 2020-07-13  OR: 09:30/3b
  #1 META   +15m 55%W +0.0%  +30m 60%W +0.1%  +1h 45%W -0.3%  +2h 55%W +0.4%  +5h 55%W +0.5%  EOD 65%W +0.5%  EOD range -4.8% → +4.8%
  #2 SPOT   +15m 60%W +0.3%  +30m 65%W +0.4%  +1h 60%W +0.8%  +2h 55%W +1.0%  +5h 60%W +1.0%  EOD 60%W +0.9%  EOD range -4.0% → +9.3%
  Ticker   N          +15m          +30m           +1h           +2h           +5h           EOD           EOD range
  ----------------------------------------------------------------------------------------------------------------------
  META    20    55%W +0.0%    60%W +0.1%    45%W -0.3%    55%W +0.4%    55%W +0.5%    65%W +0.5%       -4.8% → +4.8%
  SPOT    20    60%W +0.3%    65%W +0.4%    60%W +0.8%    55%W +1.0%    60%W +1.0%    60%W +0.9%       -4.0% → +9.3%
  LLY     20    50%W -0.0%    55%W +0.2%    35%W -0.2%    55%W +0.0%    45%W -0.0%    55%W +0.3%       -1.7% → +3.8%
  CRWD    20    65%W +0.3%    65%W +0.4%    50%W +0.1%    60%W +0.3%    65%W +1.1%    55%W +1.2%       -4.0% → +5.7%
  MRVL    20    45%W -0.1%    50%W +0.1%    55%W +0.3%    55%W +0.2%    50%W +0.1%    50%W -0.1%       -2.5% → +3.4%
  QCOM    20    45%W -0.0%    45%W -0.0%    40%W -0.1%    45%W -0.1%    35%W -0.3%    50%W +0.0%       -1.4% → +3.2%
  CHTR    20    40%W -0.0%    50%W -0.1%    35%W -0.5%    50%W -0.1%    55%W +0.1%    50%W +0.0%       -1.9% → +2.1%
  AVGO    20    40%W -0.1%    70%W +0.3%    65%W +0.1%    60%W +0.1%    55%W +0.0%    50%W +0.0%       -3.4% → +3.2%
  TSLA    20    55%W +0.1%    55%W +0.1%    50%W -0.1%    55%W +0.2%    55%W +0.0%    45%W -0.2%      -5.1% → +11.0%
  AMD     20    40%W -0.3%    25%W -0.1%    40%W -0.4%    40%W -0.5%    45%W -0.4%    45%W -0.8%       -4.2% → +6.6%
  SNPS    20    50%W -0.0%    55%W +0.1%    65%W +0.3%    65%W +0.5%    60%W +0.2%    45%W -0.0%       -3.6% → +4.2%
  DDOG    20    65%W +0.4%    60%W +0.6%    70%W +0.7%    65%W +0.8%    50%W -0.1%    40%W -0.7%       -5.2% → +5.2%
  MU      20    60%W +0.2%    70%W +0.3%    45%W -0.1%    50%W -0.1%    40%W -0.6%    35%W -0.5%       -3.3% → +3.0%
Pre-session top-2 (9:25, 20d EOD win rate) — 2020-07-14  OR: 09:30/3b
  #1 META   +15m 55%W +0.0%  +30m 60%W +0.1%  +1h 45%W -0.3%  +2h 60%W +0.4%  +5h 55%W +0.5%  EOD 65%W +0.5%  EOD range -4.8% → +4.8%
  #2 SPOT   +15m 60%W +0.3%  +30m 65%W +0.4%  +1h 60%W +0.8%  +2h 55%W +1.0%  +5h 60%W +1.0%  EOD 60%W +0.9%  EOD range -7.9% → +9.3%
  Ticker   N          +15m          +30m           +1h           +2h           +5h           EOD           EOD range
  ----------------------------------------------------------------------------------------------------------------------
  META    20    55%W +0.0%    60%W +0.1%    45%W -0.3%    60%W +0.4%    55%W +0.5%    65%W +0.5%       -4.8% → +4.8%
  SPOT    20    60%W +0.3%    65%W +0.4%    60%W +0.8%    55%W +1.0%    60%W +1.0%    60%W +0.9%       -7.9% → +9.3%
  LLY     20    55%W +0.1%    60%W +0.3%    40%W -0.1%    60%W +0.1%    45%W -0.0%    55%W +0.3%       -1.7% → +3.8%
  CRWD    20    65%W +0.3%    65%W +0.4%    50%W +0.1%    60%W +0.3%    65%W +1.1%    55%W +1.2%      -10.1% → +5.7%
  MRVL    20    45%W -0.1%    50%W +0.1%    55%W +0.3%    55%W +0.2%    50%W +0.1%    50%W -0.1%       -6.5% → +3.4%
  QCOM    20    50%W +0.0%    50%W +0.1%    40%W -0.1%    50%W -0.0%    35%W -0.3%    50%W +0.0%       -2.6% → +3.2%
  CHTR    20    45%W -0.0%    50%W -0.1%    40%W -0.4%    55%W +0.1%    60%W +0.2%    50%W +0.0%       -1.9% → +2.1%
  AVGO    20    40%W -0.1%    70%W +0.3%    65%W +0.1%    60%W +0.1%    55%W +0.0%    50%W +0.0%       -3.6% → +3.2%
  TSLA    20    55%W +0.1%    55%W +0.1%    55%W +0.2%    55%W +0.2%    55%W +0.0%    45%W -0.2%     -14.7% → +11.0%
  AMD     20    35%W -0.3%    25%W -0.1%    40%W -0.5%    40%W -0.5%    45%W -0.4%    45%W -0.8%       -7.6% → +6.6%
  SNPS    20    50%W -0.0%    55%W +0.1%    70%W +0.4%    70%W +0.5%    60%W +0.2%    45%W -0.0%       -3.6% → +4.2%
  DDOG    20    65%W +0.4%    60%W +0.6%    70%W +0.7%    65%W +0.8%    50%W -0.1%    40%W -0.7%      -11.2% → +5.2%
  MU      20    60%W +0.2%    70%W +0.3%    45%W -0.1%    50%W -0.1%    40%W -0.6%    35%W -0.5%       -4.4% → +3.0%
Pre-session top-2 (9:25, 20d EOD win rate) — 2020-07-15  OR: 09:30/3b
  #1 META   +15m 50%W -0.0%  +30m 55%W +0.1%  +1h 40%W -0.4%  +2h 55%W +0.2%  +5h 50%W +0.2%  EOD 65%W +0.4%  EOD range -4.8% → +4.8%
  #2 SPOT   +15m 55%W +0.2%  +30m 60%W +0.3%  +1h 55%W +0.3%  +2h 55%W +0.9%  +5h 60%W +1.0%  EOD 60%W +0.9%  EOD range -7.9% → +9.3%
  Ticker   N          +15m          +30m           +1h           +2h           +5h           EOD           EOD range
  ----------------------------------------------------------------------------------------------------------------------
  META    20    50%W -0.0%    55%W +0.1%    40%W -0.4%    55%W +0.2%    50%W +0.2%    65%W +0.4%       -4.8% → +4.8%
  SPOT    20    55%W +0.2%    60%W +0.3%    55%W +0.3%    55%W +0.9%    60%W +1.0%    60%W +0.9%       -7.9% → +9.3%
  LLY     20    50%W +0.0%    55%W +0.2%    45%W -0.0%    60%W +0.2%    45%W -0.0%    55%W +0.3%       -1.7% → +3.8%
  MRVL    20    40%W -0.2%    45%W -0.1%    50%W +0.1%    55%W +0.2%    50%W +0.1%    50%W -0.1%       -6.5% → +3.4%
  CRWD    20    60%W +0.2%    60%W +0.4%    45%W -0.1%    55%W +0.2%    60%W +0.9%    50%W +0.3%      -10.1% → +5.7%
  QCOM    20    45%W -0.0%    45%W -0.0%    40%W -0.1%    50%W -0.0%    35%W -0.3%    50%W +0.0%       -2.6% → +2.7%
  CHTR    20    45%W -0.0%    45%W -0.2%    40%W -0.4%    55%W +0.2%    60%W +0.2%    50%W +0.0%       -1.9% → +1.8%
  AVGO    20    35%W -0.2%    65%W +0.2%    60%W +0.1%    60%W +0.1%    55%W +0.0%    50%W +0.0%       -3.6% → +1.8%
  AMD     20    30%W -0.3%    20%W -0.1%    35%W -0.6%    35%W -0.5%    45%W -0.4%    45%W -0.8%       -7.6% → +6.6%
  SNPS    20    45%W -0.0%    50%W -0.0%    65%W +0.2%    65%W +0.5%    60%W +0.2%    45%W -0.0%       -3.6% → +3.5%
  TSLA    20    50%W -0.1%    50%W -0.1%    50%W -0.1%    50%W -0.0%    50%W -0.1%    40%W -0.3%     -14.7% → +11.0%
  MU      20    55%W +0.1%    65%W +0.2%    40%W -0.2%    50%W -0.1%    40%W -0.6%    35%W -0.5%       -4.4% → +3.0%
  DDOG    20    60%W +0.2%    55%W +0.4%    65%W +0.6%    60%W +0.6%    45%W -0.5%    35%W -0.8%      -11.2% → +5.2%
Pre-session top-2 (9:25, 20d EOD win rate) — 2020-07-16  OR: 09:30/3b
  #1 META   +15m 45%W -0.1%  +30m 50%W -0.1%  +1h 40%W -0.4%  +2h 55%W +0.2%  +5h 50%W +0.2%  EOD 65%W +0.4%  EOD range -4.8% → +4.8%
  #2 SPOT   +15m 55%W +0.2%  +30m 60%W +0.3%  +1h 55%W +0.3%  +2h 55%W +0.9%  +5h 60%W +1.0%  EOD 60%W +0.9%  EOD range -7.9% → +9.3%
  Ticker   N          +15m          +30m           +1h           +2h           +5h           EOD           EOD range
  ----------------------------------------------------------------------------------------------------------------------
  META    20    45%W -0.1%    50%W -0.1%    40%W -0.4%    55%W +0.2%    50%W +0.2%    65%W +0.4%       -4.8% → +4.8%
  SPOT    20    55%W +0.2%    60%W +0.3%    55%W +0.3%    55%W +0.9%    60%W +1.0%    60%W +0.9%       -7.9% → +9.3%
  MRVL    20    40%W -0.1%    50%W +0.0%    55%W +0.3%    55%W +0.2%    55%W +0.2%    55%W +0.5%       -6.5% → +3.4%
  QCOM    20    40%W -0.1%    40%W -0.1%    45%W -0.1%    50%W -0.0%    40%W -0.3%    55%W +0.0%       -2.6% → +2.7%
  CHTR    20    50%W +0.0%    45%W -0.2%    45%W -0.2%    60%W +0.3%    65%W +0.4%    55%W +0.2%       -1.9% → +1.8%
  LLY     20    45%W -0.0%    55%W +0.1%    40%W -0.1%    55%W +0.0%    40%W -0.1%    50%W +0.1%       -1.7% → +3.6%
  AVGO    20    35%W -0.2%    65%W +0.2%    65%W +0.1%    60%W +0.1%    55%W +0.0%    50%W +0.0%       -3.6% → +1.8%
  AMD     20    25%W -0.4%    20%W -0.2%    35%W -0.5%    35%W -0.5%    50%W -0.0%    50%W +0.0%       -7.6% → +6.6%
  CRWD    20    55%W +0.1%    55%W +0.3%    40%W -0.1%    50%W +0.0%    55%W +0.7%    45%W -0.6%      -10.1% → +5.7%
  TSLA    20    45%W -0.3%    50%W -0.1%    50%W -0.1%    50%W -0.0%    50%W -0.1%    45%W -0.2%     -14.7% → +11.0%
  SNPS    20    40%W -0.1%    50%W -0.0%    70%W +0.4%    65%W +0.5%    60%W +0.2%    45%W -0.0%       -3.6% → +3.5%
  MU      20    50%W -0.1%    60%W +0.1%    45%W -0.1%    50%W -0.1%    45%W -0.4%    40%W -0.4%       -4.4% → +3.0%
  DDOG    20    55%W +0.0%    50%W +0.1%    60%W +0.6%    55%W +0.3%    40%W -0.6%    40%W -0.7%      -11.2% → +5.2%
Pre-session top-2 (9:25, 20d EOD win rate) — 2020-07-17  OR: 09:30/3b
  #1 META   +15m 45%W -0.1%  +30m 50%W -0.1%  +1h 45%W -0.3%  +2h 55%W +0.2%  +5h 50%W +0.2%  EOD 65%W +0.5%  EOD range -4.8% → +4.8%
  #2 SPOT   +15m 55%W +0.2%  +30m 55%W +0.2%  +1h 55%W +0.3%  +2h 55%W +0.5%  +5h 60%W +1.3%  EOD 60%W +0.6%  EOD range -7.9% → +9.3%
  Ticker   N          +15m          +30m           +1h           +2h           +5h           EOD           EOD range
  ----------------------------------------------------------------------------------------------------------------------
  META    20    45%W -0.1%    50%W -0.1%    45%W -0.3%    55%W +0.2%    50%W +0.2%    65%W +0.5%       -4.8% → +4.8%
  SPOT    20    55%W +0.2%    55%W +0.2%    55%W +0.3%    55%W +0.5%    60%W +1.3%    60%W +0.6%       -7.9% → +9.3%
  MRVL    20    40%W -0.1%    50%W -0.0%    55%W +0.3%    50%W -0.0%    55%W +0.2%    60%W +0.8%       -6.5% → +3.4%
  QCOM    20    45%W -0.0%    40%W -0.0%    50%W -0.0%    55%W +0.0%    40%W -0.3%    60%W +0.1%       -2.6% → +2.7%
  CHTR    20    45%W -0.0%    45%W -0.2%    50%W +0.0%    60%W +0.3%    65%W +0.5%    60%W +0.4%       -1.9% → +1.8%
  LLY     20    40%W -0.1%    50%W -0.1%    45%W -0.1%    55%W +0.0%    40%W -0.1%    55%W +0.2%       -1.7% → +3.6%
  AMD     20    25%W -0.3%    20%W -0.2%    35%W -0.4%    35%W -0.5%    55%W +0.1%    55%W +0.7%       -7.6% → +6.6%
  AVGO    20    35%W -0.2%    60%W +0.2%    65%W +0.1%    55%W +0.1%    55%W +0.0%    50%W +0.0%       -3.6% → +1.8%
  SNPS    20    40%W -0.1%    45%W -0.0%    70%W +0.4%    60%W +0.5%    60%W +0.2%    50%W +0.3%       -3.6% → +3.5%
  MU      20    50%W +0.1%    60%W +0.1%    50%W +0.1%    50%W -0.0%    45%W -0.4%    45%W -0.2%       -4.4% → +3.0%
  CRWD    20    50%W -0.1%    50%W +0.1%    40%W -0.2%    45%W -0.0%    60%W +0.7%    45%W -0.2%      -10.1% → +5.7%
  TSLA    20    45%W -0.3%    50%W -0.1%    50%W -0.1%    45%W -0.3%    50%W -0.1%    45%W -0.2%     -14.7% → +11.0%
  DDOG    20    50%W +0.0%    45%W -0.0%    55%W +0.5%    50%W -0.1%    40%W -0.6%    40%W -0.8%      -11.2% → +5.2%
Pre-session top-2 (9:25, 20d EOD win rate) — 2020-07-20  OR: 09:30/3b
  #1 META   +15m 50%W -0.0%  +30m 55%W +0.1%  +1h 45%W -0.1%  +2h 60%W +0.3%  +5h 55%W +0.5%  EOD 65%W +0.7%  EOD range -4.8% → +4.8%
  #2 MRVL   +15m 40%W -0.1%  +30m 55%W +0.2%  +1h 55%W +0.3%  +2h 50%W -0.0%  +5h 55%W +0.2%  EOD 60%W +0.8%  EOD range -6.5% → +3.4%
  Ticker   N          +15m          +30m           +1h           +2h           +5h           EOD           EOD range
  ----------------------------------------------------------------------------------------------------------------------
  META    20    50%W -0.0%    55%W +0.1%    45%W -0.1%    60%W +0.3%    55%W +0.5%    65%W +0.7%       -4.8% → +4.8%
  MRVL    20    40%W -0.1%    55%W +0.2%    55%W +0.3%    50%W -0.0%    55%W +0.2%    60%W +0.8%       -6.5% → +3.4%
  QCOM    20    45%W -0.0%    40%W -0.0%    45%W -0.1%    55%W +0.0%    40%W -0.3%    60%W +0.1%       -2.6% → +2.7%
  AMD     20    30%W -0.3%    25%W -0.1%    35%W -0.3%    40%W -0.4%    60%W +0.3%    60%W +0.7%       -7.6% → +6.6%
  SPOT    20    55%W +0.2%    50%W +0.0%    50%W -0.0%    50%W -0.1%    55%W +0.9%    55%W +0.3%       -7.9% → +9.3%
  LLY     20    35%W -0.1%    50%W -0.0%    50%W +0.1%    55%W +0.0%    40%W -0.1%    55%W +0.1%       -1.7% → +3.6%
  CHTR    20    45%W -0.0%    45%W -0.2%    50%W -0.1%    60%W +0.3%    65%W +0.4%    55%W +0.4%       -1.9% → +1.8%
  SNPS    20    45%W -0.1%    50%W +0.0%    75%W +0.4%    60%W +0.5%    65%W +0.2%    55%W +0.6%       -3.6% → +3.5%
  AVGO    20    35%W -0.2%    60%W +0.1%    60%W +0.1%    55%W +0.1%    55%W +0.0%    50%W +0.0%       -3.6% → +1.8%
  MU      20    50%W +0.1%    55%W +0.0%    45%W -0.1%    45%W -0.2%    45%W -0.4%    45%W -0.4%       -4.4% → +3.0%
  CRWD    20    45%W -0.1%    45%W -0.2%    35%W -0.5%    45%W -0.0%    60%W +0.7%    45%W -0.2%      -10.1% → +5.7%
  TSLA    20    50%W -0.1%    55%W +0.0%    50%W -0.0%    45%W -0.2%    55%W +0.0%    45%W -0.2%     -14.7% → +11.0%
  DDOG    20    50%W +0.0%    45%W -0.0%    55%W +0.5%    50%W -0.1%    40%W -0.6%    40%W -0.8%      -11.2% → +5.2%
Pre-session top-2 (9:25, 20d EOD win rate) — 2020-07-21  OR: 09:30/3b
  #1 META   +15m 50%W -0.0%  +30m 55%W +0.1%  +1h 45%W -0.1%  +2h 60%W +0.3%  +5h 60%W +0.8%  EOD 65%W +0.7%  EOD range -4.8% → +4.8%
  #2 MRVL   +15m 45%W -0.1%  +30m 60%W +0.2%  +1h 60%W +0.3%  +2h 55%W +0.2%  +5h 60%W +0.4%  EOD 65%W +0.9%  EOD range -6.5% → +3.4%
  Ticker   N          +15m          +30m           +1h           +2h           +5h           EOD           EOD range
  ----------------------------------------------------------------------------------------------------------------------
  META    20    50%W -0.0%    55%W +0.1%    45%W -0.1%    60%W +0.3%    60%W +0.8%    65%W +0.7%       -4.8% → +4.8%
  MRVL    20    45%W -0.1%    60%W +0.2%    60%W +0.3%    55%W +0.2%    60%W +0.4%    65%W +0.9%       -6.5% → +3.4%
  QCOM    20    45%W -0.0%    40%W -0.0%    50%W -0.0%    60%W +0.1%    45%W -0.2%    65%W +0.1%       -2.6% → +2.7%
  AMD     20    35%W -0.3%    25%W -0.1%    40%W -0.2%    45%W -0.3%    65%W +0.4%    65%W +0.7%       -7.6% → +6.6%
  SPOT    20    60%W +0.3%    50%W +0.0%    50%W -0.0%    55%W +0.5%    60%W +1.3%    60%W +0.6%       -7.9% → +9.3%
  LLY     20    40%W -0.0%    55%W +0.1%    55%W +0.2%    60%W +0.1%    45%W -0.0%    60%W +0.2%       -1.7% → +3.6%
  SNPS    20    50%W -0.0%    50%W +0.0%    75%W +0.4%    65%W +0.6%    70%W +0.3%    60%W +0.8%       -2.5% → +3.5%
  CHTR    20    45%W -0.0%    50%W -0.1%    50%W +0.0%    65%W +0.3%    65%W +0.4%    55%W +0.4%       -1.9% → +1.8%
  AVGO    20    35%W -0.2%    60%W +0.1%    60%W +0.1%    55%W +0.1%    60%W +0.1%    55%W +0.1%       -3.6% → +2.0%
  MU      20    50%W +0.1%    55%W +0.0%    45%W -0.1%    45%W -0.2%    50%W -0.1%    50%W +0.1%       -4.4% → +3.1%
  CRWD    20    45%W -0.1%    45%W -0.2%    35%W -0.5%    45%W -0.0%    60%W +0.9%    50%W +0.5%      -10.1% → +5.7%
  TSLA    20    50%W -0.1%    55%W +0.0%    50%W -0.0%    45%W -0.2%    60%W +0.1%    50%W +0.0%     -14.7% → +11.0%
  DDOG    20    50%W +0.0%    45%W -0.0%    55%W +0.5%    50%W -0.1%    45%W -0.4%    45%W -0.4%      -11.2% → +5.2%
Pre-session top-2 (9:25, 20d EOD win rate) — 2020-07-22  OR: 09:30/3b
  #1 META   +15m 50%W -0.0%  +30m 50%W -0.1%  +1h 40%W -0.3%  +2h 55%W +0.2%  +5h 55%W +0.7%  EOD 60%W +0.5%  EOD range -4.8% → +4.8%
  #2 LLY    +15m 40%W -0.0%  +30m 55%W +0.1%  +1h 60%W +0.3%  +2h 60%W +0.1%  +5h 45%W -0.0%  EOD 60%W +0.1%  EOD range -1.7% → +3.6%
  Ticker   N          +15m          +30m           +1h           +2h           +5h           EOD           EOD range
  ----------------------------------------------------------------------------------------------------------------------
  META    20    50%W -0.0%    50%W -0.1%    40%W -0.3%    55%W +0.2%    55%W +0.7%    60%W +0.5%       -4.8% → +4.8%
  LLY     20    40%W -0.0%    55%W +0.1%    60%W +0.3%    60%W +0.1%    45%W -0.0%    60%W +0.1%       -1.7% → +3.6%
  MRVL    20    45%W -0.1%    55%W +0.2%    55%W +0.3%    50%W -0.0%    55%W +0.2%    60%W +0.8%       -6.5% → +3.4%
  QCOM    20    45%W -0.0%    35%W -0.1%    45%W -0.1%    55%W +0.0%    40%W -0.3%    60%W +0.1%       -2.6% → +2.7%
  AMD     20    35%W -0.3%    25%W -0.2%    35%W -0.3%    40%W -0.4%    60%W +0.3%    60%W +0.7%       -7.6% → +6.6%
  SPOT    20    60%W +0.3%    50%W +0.0%    45%W -0.3%    55%W +0.5%    55%W +0.9%    55%W +0.3%       -7.9% → +9.3%
  CHTR    20    50%W +0.0%    55%W +0.0%    55%W +0.1%    70%W +0.4%    65%W +0.4%    55%W +0.4%       -1.9% → +1.8%
  SNPS    20    50%W -0.0%    50%W +0.0%    75%W +0.4%    65%W +0.5%    70%W +0.2%    55%W +0.6%       -2.5% → +2.9%
  CRWD    20    45%W -0.1%    45%W -0.2%    30%W -0.5%    45%W -0.0%    60%W +0.9%    50%W +0.5%      -10.1% → +5.7%
  TSLA    20    50%W -0.1%    50%W -0.0%    45%W -0.3%    45%W -0.3%    60%W +0.1%    50%W +0.0%     -14.7% → +11.0%
  AVGO    20    35%W -0.2%    55%W +0.0%    55%W +0.1%    50%W +0.0%    55%W +0.0%    50%W +0.0%       -3.6% → +2.0%
  MU      20    50%W +0.1%    50%W -0.1%    40%W -0.2%    40%W -0.3%    45%W -0.4%    45%W -0.4%       -4.4% → +3.1%
  DDOG    20    45%W -0.0%    45%W -0.0%    55%W +0.5%    50%W -0.1%    45%W -0.4%    45%W -0.4%      -11.2% → +5.2%
Pre-session top-2 (9:25, 20d EOD win rate) — 2020-07-23  OR: 09:30/3b
  #1 META   +15m 55%W +0.1%  +30m 50%W -0.1%  +1h 40%W -0.3%  +2h 55%W +0.1%  +5h 50%W +0.2%  EOD 65%W +0.5%  EOD range -4.8% → +4.8%
  #2 LLY    +15m 40%W -0.0%  +30m 50%W -0.0%  +1h 55%W +0.2%  +2h 55%W +0.0%  +5h 45%W -0.0%  EOD 65%W +0.2%  EOD range -1.7% → +3.6%
  Ticker   N          +15m          +30m           +1h           +2h           +5h           EOD           EOD range
  ----------------------------------------------------------------------------------------------------------------------
  META    20    55%W +0.1%    50%W -0.1%    40%W -0.3%    55%W +0.1%    50%W +0.2%    65%W +0.5%       -4.8% → +4.8%
  LLY     20    40%W -0.0%    50%W -0.0%    55%W +0.2%    55%W +0.0%    45%W -0.0%    65%W +0.2%       -1.7% → +3.6%
  QCOM    20    50%W +0.0%    40%W -0.0%    45%W -0.1%    50%W -0.0%    35%W -0.3%    65%W +0.1%       -2.6% → +2.7%
  AMD     20    40%W -0.2%    30%W -0.2%    35%W -0.3%    40%W -0.4%    60%W +0.3%    65%W +0.7%       -7.6% → +7.1%
  MRVL    20    50%W -0.0%    60%W +0.2%    55%W +0.3%    45%W -0.2%    55%W +0.2%    60%W +0.8%       -6.5% → +3.4%
  SPOT    20    55%W +0.3%    45%W -0.1%    40%W -0.5%    50%W -0.1%    50%W +0.2%    55%W +0.3%       -7.9% → +9.3%
  CHTR    20    50%W +0.0%    55%W +0.0%    55%W +0.1%    70%W +0.4%    65%W +0.4%    55%W +0.4%       -1.9% → +1.8%
  SNPS    20    50%W -0.0%    50%W +0.0%    70%W +0.4%    60%W +0.5%    65%W +0.2%    55%W +0.6%       -2.5% → +2.9%
  MU      20    55%W +0.1%    55%W +0.0%    45%W -0.1%    45%W -0.2%    50%W -0.2%    50%W +0.1%       -4.4% → +3.1%
  CRWD    20    50%W -0.0%    45%W -0.1%    30%W -0.8%    45%W -0.0%    60%W +0.9%    50%W +0.5%      -10.1% → +5.7%
  AVGO    20    40%W -0.1%    60%W +0.1%    55%W +0.1%    50%W +0.0%    55%W +0.0%    50%W +0.0%       -3.6% → +2.0%
  TSLA    20    50%W -0.1%    50%W -0.0%    40%W -0.4%    40%W -0.3%    55%W +0.1%    45%W -0.1%     -14.7% → +11.0%
  DDOG    20    45%W -0.0%    45%W -0.0%    50%W +0.3%    45%W -0.8%    45%W -0.4%    45%W -0.4%      -11.2% → +5.2%
Pre-session top-2 (9:25, 20d EOD win rate) — 2020-07-24  OR: 09:30/3b
  #1 META   +15m 55%W +0.1%  +30m 50%W -0.1%  +1h 40%W -0.3%  +2h 55%W +0.1%  +5h 50%W +0.2%  EOD 65%W +0.5%  EOD range -4.8% → +4.8%
  #2 LLY    +15m 40%W -0.0%  +30m 50%W -0.0%  +1h 55%W +0.2%  +2h 55%W +0.0%  +5h 45%W -0.0%  EOD 65%W +0.2%  EOD range -2.2% → +3.6%
  Ticker   N          +15m          +30m           +1h           +2h           +5h           EOD           EOD range
  ----------------------------------------------------------------------------------------------------------------------
  META    20    55%W +0.1%    50%W -0.1%    40%W -0.3%    55%W +0.1%    50%W +0.2%    65%W +0.5%       -4.8% → +4.8%
  LLY     20    40%W -0.0%    50%W -0.0%    55%W +0.2%    55%W +0.0%    45%W -0.0%    65%W +0.2%       -2.2% → +3.6%
  QCOM    20    55%W +0.1%    45%W -0.0%    50%W +0.0%    50%W -0.0%    35%W -0.3%    65%W +0.1%       -2.6% → +2.7%
  AMD     20    45%W -0.2%    35%W -0.1%    40%W -0.2%    45%W -0.3%    60%W +0.3%    65%W +0.7%       -7.6% → +7.1%
  MRVL    20    55%W +0.0%    60%W +0.2%    60%W +0.3%    50%W +0.1%    55%W +0.2%    60%W +0.8%       -6.5% → +3.4%
  SPOT    20    60%W +0.3%    45%W -0.1%    40%W -0.5%    50%W -0.1%    50%W +0.2%    55%W +0.3%       -7.9% → +9.3%
  MU      20    60%W +0.2%    60%W +0.1%    50%W +0.1%    50%W -0.0%    55%W +0.2%    55%W +0.6%       -4.4% → +3.1%
  CHTR    20    55%W +0.1%    60%W +0.0%    60%W +0.1%    75%W +0.4%    65%W +0.4%    55%W +0.4%       -1.9% → +1.8%
  SNPS    20    55%W +0.1%    55%W +0.0%    75%W +0.4%    65%W +0.5%    65%W +0.2%    55%W +0.6%       -2.5% → +2.9%
  CRWD    20    55%W +0.1%    45%W -0.1%    35%W -0.4%    45%W -0.0%    60%W +0.9%    50%W +0.5%      -10.1% → +5.7%
  AVGO    20    45%W -0.1%    65%W +0.2%    60%W +0.1%    55%W +0.1%    55%W +0.0%    50%W +0.0%       -3.6% → +2.0%
  TSLA    20    50%W -0.1%    50%W -0.0%    40%W -0.3%    40%W -0.3%    55%W +0.1%    45%W -0.1%     -14.7% → +11.0%
  DDOG    20    50%W +0.0%    50%W +0.1%    55%W +0.5%    45%W -0.4%    45%W -0.4%    45%W -0.4%      -11.2% → +5.2%
Pre-session top-2 (9:25, 20d EOD win rate) — 2020-07-27  OR: 09:30/3b
  #1 META   +15m 50%W -0.0%  +30m 45%W -0.2%  +1h 40%W -0.3%  +2h 55%W +0.1%  +5h 50%W +0.3%  EOD 65%W +0.6%  EOD range -4.8% → +4.8%
  #2 QCOM   +15m 60%W +0.1%  +30m 50%W +0.0%  +1h 50%W +0.0%  +2h 55%W +0.0%  +5h 40%W -0.3%  EOD 65%W +0.1%  EOD range -2.6% → +2.7%
  Ticker   N          +15m          +30m           +1h           +2h           +5h           EOD           EOD range
  ----------------------------------------------------------------------------------------------------------------------
  META    20    50%W -0.0%    45%W -0.2%    40%W -0.3%    55%W +0.1%    50%W +0.3%    65%W +0.6%       -4.8% → +4.8%
  QCOM    20    60%W +0.1%    50%W +0.0%    50%W +0.0%    55%W +0.0%    40%W -0.3%    65%W +0.1%       -2.6% → +2.7%
  AMD     20    40%W -0.2%    35%W -0.2%    35%W -0.3%    45%W -0.3%    60%W +0.3%    65%W +0.7%       -7.6% → +7.1%
  LLY     20    40%W -0.0%    50%W -0.0%    50%W +0.0%    50%W -0.2%    40%W -0.0%    60%W +0.1%       -2.2% → +1.1%
  MRVL    20    60%W +0.0%    60%W +0.2%    60%W +0.3%    50%W +0.1%    55%W +0.2%    60%W +0.8%       -6.5% → +3.4%
  SPOT    20    60%W +0.3%    45%W -0.1%    40%W -0.5%    50%W -0.1%    50%W +0.2%    55%W +0.3%       -7.9% → +7.2%
  CHTR    20    55%W +0.1%    60%W +0.0%    60%W +0.1%    75%W +0.4%    65%W +0.4%    55%W +0.4%       -1.9% → +1.8%
  MU      20    55%W +0.2%    55%W +0.0%    50%W +0.1%    50%W -0.0%    50%W -0.0%    50%W +0.2%       -4.4% → +3.1%
  CRWD    20    55%W +0.0%    40%W -0.2%    35%W -0.4%    45%W -0.0%    60%W +0.6%    50%W +0.5%      -10.1% → +5.7%
  SNPS    20    50%W -0.0%    55%W +0.0%    70%W +0.4%    65%W +0.5%    60%W +0.1%    50%W +0.2%       -2.5% → +2.9%
  TSLA    20    50%W -0.1%    50%W -0.0%    40%W -0.3%    40%W -0.3%    55%W +0.1%    45%W -0.1%     -14.7% → +11.0%
  AVGO    20    45%W -0.1%    65%W +0.1%    60%W +0.1%    55%W +0.1%    55%W +0.1%    45%W -0.1%       -3.6% → +2.0%
  DDOG    20    50%W +0.0%    50%W +0.1%    55%W +0.5%    45%W -0.4%    45%W -0.4%    45%W -0.4%      -11.2% → +5.2%
Pre-session top-2 (9:25, 20d EOD win rate) — 2020-07-28  OR: 09:30/3b
  #1 QCOM   +15m 65%W +0.1%  +30m 55%W +0.1%  +1h 55%W +0.1%  +2h 60%W +0.1%  +5h 45%W -0.2%  EOD 70%W +0.2%  EOD range -2.6% → +2.8%
  #2 META   +15m 45%W -0.0%  +30m 45%W -0.2%  +1h 40%W -0.3%  +2h 55%W +0.1%  +5h 50%W +0.4%  EOD 65%W +0.6%  EOD range -4.1% → +4.8%
  Ticker   N          +15m          +30m           +1h           +2h           +5h           EOD           EOD range
  ----------------------------------------------------------------------------------------------------------------------
  QCOM    20    65%W +0.1%    55%W +0.1%    55%W +0.1%    60%W +0.1%    45%W -0.2%    70%W +0.2%       -2.6% → +2.8%
  META    20    45%W -0.0%    45%W -0.2%    40%W -0.3%    55%W +0.1%    50%W +0.4%    65%W +0.6%       -4.1% → +4.8%
  AMD     20    35%W -0.3%    35%W -0.4%    35%W -0.3%    40%W -0.4%    60%W +0.3%    65%W +0.7%       -7.6% → +7.1%
  LLY     20    40%W -0.0%    50%W -0.0%    55%W +0.2%    55%W +0.0%    45%W -0.0%    60%W +0.1%       -2.2% → +1.1%
  MRVL    20    60%W +0.0%    65%W +0.2%    60%W +0.3%    50%W +0.1%    60%W +0.2%    60%W +0.8%       -6.5% → +3.4%
  CHTR    20    60%W +0.2%    65%W +0.1%    60%W +0.1%    75%W +0.4%    70%W +0.4%    60%W +0.5%       -1.9% → +1.8%
  SPOT    20    60%W +0.3%    50%W +0.0%    45%W -0.3%    45%W -0.4%    45%W -0.2%    55%W +0.1%       -7.9% → +7.2%
  MU      20    55%W +0.2%    60%W +0.1%    55%W +0.3%    50%W +0.0%    55%W +0.2%    55%W +0.6%       -4.4% → +3.1%
  CRWD    20    60%W +0.1%    45%W -0.1%    40%W -0.1%    45%W -0.0%    65%W +0.7%    55%W +1.1%      -10.1% → +5.7%
  TSLA    20    55%W +0.1%    55%W +0.0%    45%W -0.1%    40%W -0.3%    60%W +0.4%    50%W +0.3%     -14.7% → +11.0%
  AVGO    20    50%W +0.0%    70%W +0.1%    60%W +0.1%    55%W +0.1%    55%W +0.1%    50%W +0.0%       -3.6% → +2.0%
  DDOG    20    50%W +0.0%    55%W +0.3%    60%W +0.6%    45%W -0.4%    50%W -0.1%    50%W +0.0%      -11.2% → +5.2%
  SNPS    20    50%W -0.0%    60%W +0.1%    75%W +0.4%    60%W +0.5%    60%W +0.1%    50%W +0.3%       -2.5% → +2.9%
Pre-session top-2 (9:25, 20d EOD win rate) — 2020-07-29  OR: 09:30/3b
  #1 QCOM   +15m 60%W +0.1%  +30m 50%W +0.0%  +1h 55%W +0.0%  +2h 60%W +0.1%  +5h 45%W -0.2%  EOD 70%W +0.2%  EOD range -2.6% → +2.8%
  #2 LLY    +15m 45%W -0.0%  +30m 55%W +0.0%  +1h 60%W +0.3%  +2h 60%W +0.1%  +5h 50%W +0.1%  EOD 65%W +0.2%  EOD range -2.2% → +1.1%
  Ticker   N          +15m          +30m           +1h           +2h           +5h           EOD           EOD range
  ----------------------------------------------------------------------------------------------------------------------
  QCOM    20    60%W +0.1%    50%W +0.0%    55%W +0.0%    60%W +0.1%    45%W -0.2%    70%W +0.2%       -2.6% → +2.8%
  LLY     20    45%W -0.0%    55%W +0.0%    60%W +0.3%    60%W +0.1%    50%W +0.1%    65%W +0.2%       -2.2% → +1.1%
  AMD     20    40%W -0.2%    35%W -0.4%    35%W -0.3%    45%W -0.4%    60%W +0.3%    65%W +0.7%       -7.6% → +7.1%
  META    20    40%W -0.0%    40%W -0.2%    40%W -0.3%    55%W +0.1%    50%W +0.1%    60%W +0.4%       -4.1% → +4.0%
  CHTR    20    55%W +0.1%    65%W +0.1%    60%W +0.1%    75%W +0.4%    70%W +0.4%    60%W +0.4%       -1.9% → +1.7%
  MRVL    20    55%W +0.0%    65%W +0.2%    60%W +0.3%    50%W +0.1%    60%W +0.2%    55%W +0.5%       -6.5% → +3.4%
  SPOT    20    55%W +0.2%    50%W +0.0%    45%W -0.3%    45%W -0.4%    40%W -0.2%    50%W -0.2%       -7.9% → +7.2%
  MU      20    50%W +0.1%    55%W +0.0%    50%W +0.1%    50%W +0.0%    50%W -0.0%    50%W +0.2%       -4.4% → +3.1%
  CRWD    20    60%W +0.1%    40%W -0.2%    45%W -0.1%    45%W -0.0%    65%W +0.7%    50%W +0.5%      -10.1% → +5.7%
  TSLA    20    50%W -0.1%    50%W -0.0%    45%W -0.1%    40%W -0.3%    55%W +0.1%    45%W -0.1%     -14.7% → +11.0%
  AVGO    20    45%W -0.1%    65%W +0.1%    55%W +0.1%    55%W +0.1%    55%W +0.1%    45%W -0.0%       -3.6% → +2.0%
  DDOG    20    45%W -0.0%    50%W +0.2%    60%W +0.6%    50%W -0.1%    50%W -0.1%    45%W -0.3%      -11.2% → +5.2%
  SNPS    20    50%W -0.0%    60%W +0.1%    75%W +0.4%    60%W +0.5%    60%W +0.1%    45%W -0.2%       -2.5% → +2.9%
Pre-session top-2 (9:25, 20d EOD win rate) — 2020-07-30  OR: 09:30/3b
  #1 QCOM   +15m 55%W +0.1%  +30m 45%W -0.0%  +1h 55%W +0.0%  +2h 60%W +0.1%  +5h 50%W +0.0%  EOD 75%W +0.3%  EOD range -2.6% → +2.8%
  #2 AMD    +15m 35%W -0.3%  +30m 30%W -0.5%  +1h 35%W -0.3%  +2h 50%W -0.1%  +5h 60%W +0.3%  EOD 65%W +0.6%  EOD range -7.6% → +7.1%
  Ticker   N          +15m          +30m           +1h           +2h           +5h           EOD           EOD range
  ----------------------------------------------------------------------------------------------------------------------
  QCOM    20    55%W +0.1%    45%W -0.0%    55%W +0.0%    60%W +0.1%    50%W +0.0%    75%W +0.3%       -2.6% → +2.8%
  AMD     20    35%W -0.3%    30%W -0.5%    35%W -0.3%    50%W -0.1%    60%W +0.3%    65%W +0.6%       -7.6% → +7.1%
  META    20    45%W -0.0%    45%W -0.1%    45%W -0.1%    55%W +0.1%    50%W +0.1%    60%W +0.4%       -4.1% → +4.0%
  LLY     20    45%W -0.0%    50%W -0.0%    60%W +0.2%    60%W +0.1%    50%W +0.0%    60%W +0.1%       -2.2% → +1.1%
  CHTR    20    55%W +0.1%    65%W +0.1%    60%W +0.1%    70%W +0.3%    70%W +0.5%    60%W +0.4%       -1.9% → +1.7%
  MRVL    20    50%W -0.0%    60%W +0.1%    60%W +0.3%    45%W -0.2%    60%W +0.2%    55%W +0.2%       -6.5% → +3.4%
  SPOT    20    50%W +0.0%    45%W -0.1%    45%W -0.3%    45%W -0.4%    40%W -0.2%    50%W -0.2%       -7.9% → +7.2%
  MU      20    50%W +0.1%    50%W -0.0%    45%W -0.1%    45%W -0.1%    50%W -0.0%    50%W +0.2%       -4.4% → +3.1%
  CRWD    20    60%W +0.1%    45%W -0.1%    50%W +0.1%    45%W -0.0%    65%W +0.7%    50%W +0.5%      -10.1% → +5.7%
  TSLA    20    50%W -0.1%    50%W -0.0%    45%W -0.1%    40%W -0.3%    55%W +0.1%    45%W -0.1%     -14.7% → +11.0%
  DDOG    20    40%W -0.2%    45%W +0.0%    60%W +0.6%    50%W -0.1%    50%W -0.1%    45%W -0.3%      -11.2% → +5.2%
  SNPS    20    45%W -0.2%    60%W +0.1%    75%W +0.4%    60%W +0.5%    60%W +0.1%    45%W -0.2%       -2.5% → +2.9%
  AVGO    20    40%W -0.1%    65%W +0.1%    55%W +0.1%    50%W +0.0%    55%W +0.1%    40%W -0.1%       -3.6% → +2.0%
Pre-session top-2 (9:25, 20d EOD win rate) — 2020-07-31  OR: 09:30/3b
  #1 QCOM   +15m 55%W +0.1%  +30m 50%W +0.0%  +1h 55%W +0.0%  +2h 60%W +0.2%  +5h 55%W +0.4%  EOD 80%W +0.3%  EOD range -2.6% → +4.5%
  #2 AMD    +15m 35%W -0.3%  +30m 35%W -0.5%  +1h 35%W -0.3%  +2h 50%W -0.1%  +5h 60%W +0.3%  EOD 65%W +0.6%  EOD range -7.6% → +7.1%
  Ticker   N          +15m          +30m           +1h           +2h           +5h           EOD           EOD range
  ----------------------------------------------------------------------------------------------------------------------
  QCOM    20    55%W +0.1%    50%W +0.0%    55%W +0.0%    60%W +0.2%    55%W +0.4%    80%W +0.3%       -2.6% → +4.5%
  AMD     20    35%W -0.3%    35%W -0.5%    35%W -0.3%    50%W -0.1%    60%W +0.3%    65%W +0.6%       -7.6% → +7.1%
  META    20    45%W -0.0%    40%W -0.2%    40%W -0.1%    55%W +0.1%    50%W +0.1%    60%W +0.4%       -4.1% → +3.2%
  LLY     20    45%W -0.0%    50%W -0.0%    60%W +0.2%    60%W +0.1%    50%W +0.0%    60%W +0.1%       -2.2% → +1.1%
  MRVL    20    55%W +0.0%    60%W +0.1%    60%W +0.3%    50%W +0.1%    65%W +0.3%    60%W +0.5%       -6.5% → +3.4%
  SPOT    20    50%W +0.0%    50%W -0.1%    45%W -0.3%    45%W -0.2%    45%W -0.1%    55%W +0.1%       -7.9% → +7.2%
  MU      20    50%W +0.1%    50%W -0.0%    50%W +0.0%    50%W +0.0%    55%W +0.2%    55%W +0.6%       -4.4% → +3.1%
  CHTR    20    50%W +0.0%    60%W +0.0%    55%W +0.1%    65%W +0.1%    65%W +0.3%    55%W +0.3%       -1.9% → +1.7%
  CRWD    20    55%W +0.1%    40%W -0.2%    45%W -0.1%    45%W -0.1%    65%W +0.6%    50%W +0.1%      -10.1% → +5.7%
  AVGO    20    40%W -0.1%    60%W +0.1%    50%W -0.0%    50%W +0.0%    55%W +0.1%    45%W -0.0%       -3.6% → +2.0%
  DDOG    20    40%W -0.2%    45%W +0.0%    60%W +0.6%    55%W +0.4%    50%W -0.1%    45%W -0.3%      -11.2% → +5.2%
  SNPS    20    45%W -0.2%    60%W +0.1%    70%W +0.4%    65%W +0.5%    60%W +0.1%    45%W -0.2%       -2.5% → +2.9%
  TSLA    20    45%W -0.4%    45%W -0.1%    40%W -0.3%    40%W -0.3%    55%W +0.1%    40%W -0.2%     -14.7% → +11.0%

=========================================================================================================================================================================================
Pre-Session Top-2 Performance — 2020-07-01 to 2020-07-31  |  Unconditional OR-close entry  |  OR: 09:30/3b
=========================================================================================================================================================================================
Date         Ticker Rank  At       Entry       +15m       +30m       +45m        +1h     +1h30m        +2h        +3h        +4h        +5h        +6h        +7h        EOD
-----------------------------------------------------------------------------------------------------------------------------------------------------------------------------------------
2020-07-01   META   #1    09:40   228.44    +0.59%W    +1.08%W    +1.44%W    +1.53%W    +2.09%W    +2.73%W    +3.25%W    +2.97%W    +3.51%W    +4.33%W    +3.98%W    +3.98%W
2020-07-01   CRWD   #2    09:40   101.10    +0.37%W    +0.31%W    +0.84%W    +0.91%W    -0.14%L    -0.01%L    +1.11%W    +1.20%W    +1.85%W    +2.06%W    +1.83%W    +1.83%W
2020-07-02   META   #1    09:40   238.55    -0.89%L    -1.37%L    -1.54%L    -0.81%L    -1.56%L    -1.71%L    -0.94%L    -1.20%L    -1.62%L    -2.11%L    -2.13%L    -2.13%L
2020-07-02   CRWD   #2    09:40   103.57    -0.19%L    +0.41%W    -0.44%L    +0.29%W    +0.25%W    +0.29%W    +0.69%W    +2.74%W    +3.11%W    +3.07%W    +3.57%W    +3.57%W
2020-07-06   META   #1    09:40   233.27    +0.59%W    +1.13%W    +1.37%W    +1.88%W    +2.59%W    +2.81%W    +2.83%W    +2.40%W    +2.47%W    +2.70%W    +3.01%W    +3.01%W
2020-07-06   CRWD   #2    09:40   108.59    -0.55%L    -0.33%L    +0.11%W    +0.36%W    +0.09%W    +0.05%W    -0.26%L    -1.03%L    -2.93%L    -2.29%L    -2.03%L    -2.03%L
2020-07-07   META   #1    09:40   243.61    -0.08%L    +0.24%W    +0.29%W    +0.11%W    +1.31%W    +1.46%W    +0.59%W    +0.70%W    -0.26%L    -0.32%L    -1.13%L    -1.13%L
2020-07-07   LLY    #2    09:40   165.81    +0.33%W    +0.82%W    +1.18%W    +1.03%W    +0.91%W    +1.00%W    +0.48%W    +0.66%W    +1.20%W    +1.07%W    +0.60%W    +0.60%W
2020-07-08   META   #1    09:40   241.05    +0.19%W    +0.12%W    -0.27%L    -0.19%L    -0.83%L    -1.12%L    -0.25%L    +1.30%W    +1.01%W    +0.91%W    +1.05%W    +1.05%W
2020-07-08   LLY    #2    09:40   168.03    +0.35%W    +0.87%W    +0.95%W    +0.77%W    -0.06%L    +0.00%W    +0.13%W    +0.00%L    -0.02%L    +0.49%W    +0.64%W    +0.64%W
2020-07-09   LLY    #1    09:40   169.40    -0.21%L    -0.48%L    -0.94%L    -2.08%L    -2.48%L    -2.56%L    -1.97%L    -1.72%L    -1.67%L    -1.94%L    -1.75%L    -1.75%L
2020-07-09   META   #2    09:40   243.71    +0.41%W    +0.10%W    +0.04%W    -0.75%L    -1.17%L    -1.07%L    -0.68%L    -0.63%L    -0.10%L    +0.11%W    +0.31%W    +0.31%W
2020-07-10   META   #1    09:40   241.94    -0.46%L    -0.38%L    -0.26%L    -0.39%L    -0.02%L    +0.28%W    +0.04%W    +0.10%W    +1.01%W    +1.12%W    +1.29%W    +1.29%W
2020-07-10   SPOT   #2    09:40   278.22    -0.58%L    -0.66%L    -0.63%L    -0.81%L    -1.17%L    -1.16%L    -0.85%L    -0.79%L    -0.73%L    -0.81%L    +0.07%W    +0.07%W
2020-07-13   META   #1    09:40   249.16    -0.41%L    -0.32%L    -0.81%L    -0.66%L    -0.34%L    +0.02%W    -0.05%L    -0.93%L    -1.89%L    -3.29%L    -4.07%L    -4.07%L
2020-07-13   SPOT   #2    09:40   284.21    -0.73%L    -1.15%L    -1.27%L    -1.40%L    -0.88%L    -0.94%L    -2.18%L    -2.81%L    -5.10%L    -6.74%L    -7.94%L    -7.94%L
2020-07-14   META   #1    09:40   238.75    -1.08%L    -2.55%L    -1.44%L    -0.77%L    -0.89%L    -0.39%L    -0.81%L    -0.65%L    -0.41%L    -0.12%L    +0.41%W    +0.41%W
2020-07-14   SPOT   #2    09:40   255.38    -1.49%L    -3.42%L    -0.71%L    -0.05%L    -0.41%L    +0.88%W    +0.45%W    +1.36%W    +1.56%W    +2.28%W    +2.91%W    +2.91%W
2020-07-15   META   #1    09:40   244.78    -0.76%L    -0.77%L    -0.43%L    -0.70%L    -1.83%L    -2.07%L    -2.14%L    -1.99%L    -1.76%L    -1.94%L    -1.83%L    -1.83%L
2020-07-15   SPOT   #2    09:40   260.69    -1.35%L    -0.12%L    -0.40%L    -0.51%L    -1.61%L    -1.49%L    -2.09%L    -1.59%L    -0.58%L    -0.88%L    -0.84%L    -0.84%L
2020-07-16   META   #1    09:40   237.93    -0.28%L    -0.40%L    -0.11%L    +0.02%W    -0.45%L    -0.09%L    +0.36%W    +0.79%W    +1.48%W    +1.03%W    +1.27%W    +1.27%W
2020-07-16   SPOT   #2    09:40   266.88    +0.63%W    -0.16%L    +0.13%W    +1.12%W    -0.00%L    +0.05%W    +1.03%W    +1.37%W    +1.57%W    +0.83%W    +0.68%W    +0.68%W
2020-07-17   META   #1    09:40   239.04    +0.23%W    +0.00%W    -0.21%L    -0.06%L    +0.40%W    +0.33%W    +0.53%W    +1.03%W    +1.88%W    +1.59%W    +1.23%W    +1.23%W
2020-07-17   SPOT   #2    09:40   264.60    +0.45%W    -0.12%L    -0.21%L    -0.51%L    -0.11%L    -0.24%L    -0.15%L    -0.75%L    -0.31%L    -0.16%L    -0.54%L    -0.54%L
2020-07-20   META   #1    09:40   237.73    +0.77%W    +1.42%W    +2.26%W    +2.33%W    +2.13%W    +2.24%W    +2.15%W    +2.12%W    +2.50%W    +3.20%W    +3.23%W    +3.23%W
2020-07-20   MRVL   #2    09:40    36.32    +0.33%W    +0.88%W    +0.66%W    +0.51%W    +0.44%W    +0.99%W    +0.11%W    +0.41%W    +0.96%W    +1.51%W    +1.54%W    +1.54%W
2020-07-21   META   #1    09:40   243.36    +0.52%W    -0.15%L    +0.06%W    -0.31%L    +0.04%W    -0.33%L    -0.38%L    -0.24%L    -0.20%L    -0.89%L    -0.66%L    -0.66%L
2020-07-21   MRVL   #2    09:40    36.72    +0.20%W    -0.68%L    -0.87%L    -0.93%L    -1.55%L    -1.56%L    -1.46%L    -1.28%L    -0.72%L    -1.44%L    -1.06%L    -1.06%L
2020-07-22   META   #1    09:40   239.39    +0.56%W    +0.46%W    +0.24%W    +0.21%W    -0.30%L    +0.21%W    +0.19%W    -0.25%L    -0.42%L    +0.16%W    +0.17%W    +0.17%W
2020-07-22   LLY    #2    09:40   164.50    -0.39%L    -0.47%L    -0.62%L    -0.64%L    -1.07%L    -0.37%L    +0.02%W    +0.06%W    -0.06%L    +0.06%W    +0.15%W    +0.15%W
2020-07-23   META   #1    09:40   241.66    -0.09%L    -0.66%L    -0.56%L    -0.47%L    -0.56%L    -0.66%L    -2.04%L    -3.13%L    -3.74%L    -3.58%L    -3.74%L    -3.74%L
2020-07-23   LLY    #2    09:40   165.12    -0.25%L    -0.50%L    -0.69%L    -0.56%L    -0.73%L    -0.33%L    -0.78%L    -1.36%L    -2.07%L    -2.36%L    -2.20%L    -2.20%L
2020-07-24   META   #1    09:40   229.17    -0.36%L    -0.18%L    +0.22%W    +0.10%W    +1.21%W    +1.60%W    +0.43%W    +0.63%W    +0.78%W    +0.46%W    +0.72%W    +0.72%W
2020-07-24   LLY    #2    09:40   159.81    +0.08%W    +0.02%W    -0.62%L    -0.76%L    -0.36%L    -0.37%L    -0.55%L    -0.50%L    -0.06%L    -0.53%L    -0.20%L    -0.20%L
2020-07-27   META   #1    09:40   234.22    -0.02%L    -0.44%L    -0.63%L    -0.56%L    -0.87%L    -0.94%L    -0.91%L    -0.57%L    -0.05%L    -0.19%L    -0.31%L    -0.31%L
2020-07-27   QCOM   #2    09:40    90.22    +0.92%W    +0.51%W    +0.53%W    +0.50%W    +0.40%W    +0.46%W    +1.15%W    +1.49%W    +1.91%W    +2.34%W    +2.75%W    +2.75%W
2020-07-28   QCOM   #1    09:40    91.09    -0.37%L    -0.37%L    -0.36%L    +0.02%W    +0.39%W    +0.89%W    +1.04%W    +1.42%W    +1.23%W    +0.44%W    +0.40%W    +0.40%W
2020-07-28   META   #2    09:40   232.76    +0.00%L    -0.08%L    +0.38%W    +0.27%W    +0.89%W    +0.66%W    +0.53%W    +0.59%W    +0.24%W    -0.85%L    -1.14%L    -1.14%L
2020-07-29   QCOM   #1    09:40    92.41    -0.29%L    -0.34%L    -0.08%L    +0.24%W    +0.24%W    +0.23%W    +0.38%W    +0.08%W    +1.19%W    +1.00%W    +0.70%W    +0.70%W
2020-07-29   LLY    #2    09:40   162.07    -0.01%L    -0.04%L    -0.08%L    +0.15%W    +0.02%W    +0.22%W    +0.26%W    +0.40%W    +0.06%W    +0.00%L    -0.21%L    -0.21%L
2020-07-30   QCOM   #1    09:40   102.53    -0.80%L    +1.16%W    +1.75%W    +1.81%W    +1.33%W    +2.07%W    +3.34%W    +3.99%W    +4.18%W    +4.32%W    +4.55%W    +4.55%W
2020-07-30   AMD    #2    09:40    76.00    -0.13%L    +2.26%W    +2.57%W    +1.91%W    +1.96%W    +3.86%W    +3.01%W    +3.13%W    +3.04%W    +2.95%W    +2.88%W    +2.88%W
2020-07-31   QCOM   #1    09:40   106.88    -0.84%L    -1.41%L    -1.82%L    -1.38%L    -0.59%L    -0.17%L    -1.73%L    -1.32%L    -1.64%L    -1.69%L    -1.20%L    -1.20%L
2020-07-31   AMD    #2    09:40    77.89    -0.87%L    -2.07%L    -1.66%L    -1.69%L    -0.90%L    -0.44%L    -1.63%L    -1.27%L    -1.08%L    -0.86%L    -0.59%L    -0.59%L

========================================================================================
Pre-session picks summary — 44 pick(s) across 22 trading day(s)

Top-2 picks (all days)  (44 signal(s))
  Hold      Count   Win Rate   Avg Gain    Avg Win   Avg Loss ProfitFactor   Sum Ret%
  -------------------------------------------------------------------------
  +15m         44      38.6%     -0.14%     +0.44%     -0.50%        0.56x     -5.94%
  +30m         44      38.6%     -0.18%     +0.69%     -0.73%        0.60x     -7.83%
  +45m         44      40.9%     -0.06%     +0.83%     -0.68%        0.85x     -2.66%
  +1h          44      47.7%     -0.02%     +0.76%     -0.74%        0.95x     -0.92%
  +1h30m       44      40.9%     -0.09%     +0.93%     -0.80%        0.80x     -4.13%
  +2h          44      52.3%     +0.12%     +1.01%     -0.86%        1.29x     +5.28%
  +3h          44      54.5%     +0.05%     +1.00%     -1.09%        1.10x     +2.22%
  +4h          44      52.3%     +0.16%     +1.35%     -1.14%        1.29x     +6.94%
  +5h          44      47.7%     +0.21%     +1.75%     -1.19%        1.34x     +9.35%
  +6h          44      52.3%     +0.11%     +1.65%     -1.57%        1.15x     +5.03%
  +7h          44      56.8%     +0.14%     +1.60%     -1.77%        1.19x     +6.36%
  EOD          44      56.8%     +0.14%     +1.60%     -1.77%        1.19x     +6.36%

=========================================================================================================================================================================================
Signal Analysis — 2020-07-01 to 2020-07-31  |  BULL only  |  Vol ≥ 1.0x 20dAvg
Windows: 09:30/3b  |  Collection: 3 bars  |  Tickers: 19
=========================================================================================================================================================================================
Date         Ticker Window   At       Entry  Vol/20d       +15m       +30m       +45m        +1h     +1h30m        +2h        +3h        +4h        +5h        +6h        +7h        EOD
-----------------------------------------------------------------------------------------------------------------------------------------------------------------------------------------
2020-07-01   CHTR   09:30/3b 09:40   516.43    2.22x    +0.18%W    +1.18%W    +0.63%W    +0.53%W    +0.49%W    +0.36%W    +1.33%W    +1.51%W    +1.41%W    +1.31%W    +1.11%W    +1.11%W
2020-07-01   TSLA   09:30/3b 09:40  1110.44    2.43x    +0.09%W    +0.14%W    +1.27%W    +2.10%W    +1.87%W    +1.38%W    +1.13%W    -0.12%L    +0.88%W    +0.92%W    +0.82%W    +0.82%W
2020-07-06   SPOT   09:30/3b 09:40   271.21    1.74x    -0.81%L    -1.31%L    -1.72%L    -1.73%L    -1.10%L    -1.26%L    -2.03%L    -3.36%L    -4.57%L    -4.18%L    -3.99%L    -3.99%L
2020-07-06   CRWD   09:30/3b 09:40   108.59    1.10x    -0.55%L    -0.33%L    +0.11%W    +0.36%W    +0.09%W    +0.05%W    -0.26%L    -1.03%L    -2.93%L    -2.29%L    -2.03%L    -2.03%L
2020-07-07   META   09:30/3b 09:40   243.61    1.48x    -0.08%L    +0.24%W    +0.29%W    +0.11%W    +1.31%W    +1.46%W    +0.59%W    +0.70%W    -0.26%L    -0.32%L    -1.13%L    -1.13%L
2020-07-07   CHTR   09:30/3b 09:40   525.25    1.21x    +0.64%W    +0.75%W    +0.53%W    +0.60%W    +1.02%W    +1.13%W    +1.02%W    +0.96%W    +0.94%W    +1.07%W    +0.53%W    +0.53%W
2020-07-08   MRVL   09:30/3b 09:40    36.34    2.03x    +0.03%W    +0.61%W    +0.59%W    +2.20%W    +2.04%W    +2.38%W    +2.01%W    +1.79%W    +1.98%W    +2.46%W    +3.41%W    +3.41%W
2020-07-08   CRWD   09:30/3b 09:50   109.44    1.00x    -0.06%L    +0.89%W    +0.79%W    +1.30%W    +0.34%W    +1.13%W    +1.98%W    +1.97%W    +2.08%W    +4.71%W    +4.70%W    +4.70%W
2020-07-08   TSLA   09:30/3b 09:45  1403.83    1.14x    -0.15%L    -0.12%L    -0.34%L    -0.41%L    -0.88%L    -0.51%L    -1.21%L    -1.63%L    -4.25%L    -2.74%L    -2.71%L    -2.71%L
2020-07-08   SNPS   09:30/3b 09:45   199.88    1.17x    -0.08%L    +0.51%W    +0.65%W    +0.76%W    +0.32%W    +0.47%W    +0.36%W    +0.21%W    +0.06%W    +0.41%W    +0.86%W    +0.86%W
2020-07-10   AMD    09:30/3b 09:40    57.15    2.02x    -0.94%L    -0.80%L    -0.68%L    -1.36%L    -1.66%L    -0.88%L    -1.75%L    -1.52%L    -2.81%L    -2.13%L    -2.20%L    -2.20%L
2020-07-10   DDOG   09:30/3b 09:40    98.14    1.28x    -0.58%L    -0.96%L    -1.34%L    -1.82%L    -2.49%L    -1.77%L    -2.04%L    -2.41%L    -2.53%L    -2.02%L    -1.72%L    -1.72%L
2020-07-14   TSLA   09:30/3b 09:40  1578.00    1.74x    -3.51%L    -7.89%L    -6.20%L    -3.84%L    -3.86%L    -3.00%L    -4.07%L    -2.70%L    -4.02%L    -4.09%L    -3.90%L    -3.90%L
2020-07-14   DDOG   09:30/3b 09:40    89.74    1.12x    -4.22%L    -6.85%L    -4.56%L    -3.20%L    -3.90%L    -3.42%L    -3.10%L    -2.12%L    -1.84%L    -1.67%L    -1.02%L    -1.02%L
2020-07-15   TSLA   09:30/3b 09:40  1518.59    1.50x    -0.90%L    -0.90%L    -0.60%L    -1.42%L    -1.75%L    -3.06%L    -1.09%L    -0.96%L    -0.27%L    +1.07%W    +1.86%W    +1.86%W
2020-07-15   AMD    09:30/3b 09:40    54.58    1.23x    -0.82%L    -0.69%L    -0.16%L    -0.16%L    -1.03%L    -0.95%L    -0.49%L    +0.20%W    +0.79%W    +1.15%W    +1.38%W    +1.38%W
2020-07-16   SPOT   09:30/3b 09:40   266.88    1.08x    +0.63%W    -0.16%L    +0.13%W    +1.12%W    -0.00%L    +0.05%W    +1.03%W    +1.37%W    +1.57%W    +0.83%W    +0.68%W    +0.68%W
2020-07-16   TSLA   09:30/3b 09:40  1506.42    1.02x    -1.60%L    -1.69%L    -1.55%L    -0.64%L    -1.83%L    -1.75%L    +0.23%W    +0.08%W    +0.81%W    -0.46%L    -0.37%L    -0.37%L
2020-07-17   QCOM   09:30/3b 09:40    91.66    1.18x    +0.06%W    +0.47%W    +0.04%W    -0.13%L    +0.36%W    +0.30%W    +0.10%W    +0.17%W    +0.72%W    +0.66%W    +0.59%W    +0.59%W
2020-07-20   SPOT   09:30/3b 09:50   279.22    1.02x    +0.93%W    +0.27%W    +1.10%W    +0.86%W    +0.56%W    +1.68%W    +2.49%W    +3.19%W    +3.48%W    +4.59%W    +4.29%W    +4.29%W
2020-07-20   CHTR   09:30/3b 09:45   569.95    1.24x    -0.54%L    -0.21%L    -0.63%L    -0.51%L    -0.47%L    -0.35%L    -0.87%L    -0.85%L    -0.70%L    -0.57%L    -0.79%L    -0.79%L
2020-07-22   AMD    09:30/3b 09:40    57.68    1.04x    +1.88%W    +4.55%W    +4.55%W    +5.50%W    +4.43%W    +6.51%W    +6.12%W    +6.67%W    +6.45%W    +7.19%W    +7.11%W    +7.11%W
2020-07-23   MU     09:30/3b 09:45    52.52    1.01x    +1.28%W    +0.84%W    +1.87%W    +2.57%W    +3.01%W    +1.90%W    +1.68%W    -0.26%L    +0.17%W    +0.27%W    +0.19%W    +0.19%W
2020-07-27   LLY    09:30/3b 09:45   159.73    1.39x    +0.93%W    +0.77%W    +0.52%W    +0.62%W    +0.58%W    +0.26%W    +0.31%W    +0.51%W    +0.40%W    +0.50%W    +0.48%W    +0.48%W
2020-07-27   QCOM   09:30/3b 09:50    90.92    1.48x    -0.19%L    -0.24%L    -0.43%L    -0.31%L    -0.37%L    +0.05%W    +0.38%W    +0.76%W    +0.99%W    +1.95%W    +1.96%W    +1.96%W
2020-07-27   AVGO   09:30/3b 09:40   310.75    1.56x    +0.23%W    +0.07%W    -0.13%L    -0.19%L    -0.67%L    -0.89%L    -0.49%L    -0.11%L    -0.04%L    +0.40%W    +0.66%W    +0.66%W
2020-07-27   AMD    09:30/3b 09:40    70.97    2.37x    -1.75%L    -1.81%L    -2.54%L    -2.04%L    -3.33%L    -3.85%L    -2.87%L    -2.70%L    -2.97%L    -2.94%L    -2.81%L    -2.81%L
2020-07-28   CRWD   09:30/3b 09:45   107.28    2.24x    -0.17%L    -0.62%L    +0.83%W    +0.64%W    +0.60%W    +0.52%W    +0.84%W    +0.87%W    +0.52%W    -1.48%L    -1.46%L    -1.46%L
2020-07-29   SPOT   09:30/3b 09:45   261.79    2.54x    +0.16%W    -0.48%L    -0.31%L    +0.16%W    -0.03%L    -0.13%L    -0.59%L    -0.27%L    +0.36%W    +0.31%W    +0.19%W    +0.19%W
2020-07-30   AVGO   09:30/3b 09:45   309.21    1.15x    -0.21%L    -0.62%L    -0.41%L    -0.69%L    -0.48%L    +0.05%W    +0.33%W    +0.46%W    +0.79%W    +0.85%W    +0.93%W    +0.93%W
2020-07-30   AMD    09:30/3b 09:50    76.31    1.07x    +1.21%W    +2.12%W    +1.80%W    +1.48%W    +2.56%W    +3.08%W    +2.52%W    +2.70%W    +2.59%W    +2.50%W    +2.46%W    +2.46%W
2020-07-30   DDOG   09:30/3b 09:40    92.42    1.27x    -1.42%L    -0.28%L    -0.65%L    -0.15%L    -0.87%L    +0.63%W    +1.37%W    +1.42%W    +0.91%W    +0.83%W    +0.37%W    +0.37%W
2020-07-31   QCOM   09:30/3b 09:40   106.88    3.60x    -0.84%L    -1.41%L    -1.82%L    -1.38%L    -0.59%L    -0.17%L    -1.73%L    -1.32%L    -1.64%L    -1.69%L    -1.20%L    -1.20%L
2020-07-31   CHTR   09:30/3b 09:40   578.98    2.57x    +1.14%W    +0.83%W    +0.83%W    +0.98%W    +1.12%W    +1.17%W    -0.02%L    -0.35%L    -0.44%L    -0.14%L    +0.16%W    +0.16%W

========================================================================================
Summary — 34 qualifying signal(s) across 22 trading day(s)

Window 09:30/3b  (34 signal(s))
  Hold      Count   Win Rate   Avg Gain    Avg Win   Avg Loss ProfitFactor   Sum Ret%
  -------------------------------------------------------------------------
  +15m         34      41.2%     -0.30%     +0.67%     -0.97%        0.48x    -10.07%
  +30m         34      44.1%     -0.39%     +0.95%     -1.44%        0.52x    -13.15%
  +45m         34      50.0%     -0.22%     +0.97%     -1.42%        0.69x     -7.54%
  +1h          34      50.0%     +0.06%     +1.29%     -1.17%        1.10x     +1.92%
  +1h30m       34      47.1%     -0.13%     +1.29%     -1.40%        0.82x     -4.59%
  +2h          34      58.8%     +0.08%     +1.23%     -1.57%        1.12x     +2.55%
  +3h          34      55.9%     +0.09%     +1.36%     -1.51%        1.14x     +3.22%
  +4h          34      52.9%     +0.11%     +1.42%     -1.36%        1.18x     +3.83%
  +5h          34      58.8%     -0.04%     +1.40%     -2.09%        0.95x     -1.33%
  +6h          34      58.8%     +0.21%     +1.70%     -1.91%        1.27x     +7.27%
  +7h          34      61.8%     +0.28%     +1.65%     -1.95%        1.37x     +9.40%
  EOD          34      61.8%     +0.28%     +1.65%     -1.95%        1.37x     +9.40%
