Fetching 5-min bars (2020-02-01 → 2020-03-31) [alpaca]...
  [cache] delta-fetching 9 tickers from alpaca (2020-02-29 → 2020-03-31)
  [cache] fetching 3 tickers from alpaca (cache miss)
  [cache] loaded 8 tickers from cache
Fetching daily bars (2019-03-03 → 2020-03-31)...

=========================================================================================================================================================================================
Pre-Session Rankings (9:25) — 2020-03-02 to 2020-03-31  |  20d lookback
=========================================================================================================================================================================================
Pre-session top-2 (9:25, 20d EOD win rate) — 2020-03-02  OR: 09:30/3b
  #1 CRWD   +15m 70%W +0.3%  +30m 70%W +0.3%  +1h 65%W +0.5%  +2h 55%W +0.5%  +5h 55%W +0.2%  EOD 55%W +0.4%  EOD range -2.4% → +4.0%
  #2 SNPS   +15m 70%W +0.1%  +30m 65%W +0.1%  +1h 60%W +0.2%  +2h 60%W +0.4%  +5h 55%W +0.3%  EOD 55%W +0.1%  EOD range -2.9% → +3.4%
  Ticker   N          +15m          +30m           +1h           +2h           +5h           EOD           EOD range
  ----------------------------------------------------------------------------------------------------------------------
  CRWD    20  70%W +0.3%  70%W +0.3%  65%W +0.5%  55%W +0.5%  55%W +0.2%  55%W +0.4%       -2.4% → +4.0%
  SNPS    20  70%W +0.1%  65%W +0.1%  60%W +0.2%  60%W +0.4%  55%W +0.3%  55%W +0.1%       -2.9% → +3.4%
  SPOT    20  55%W +0.0%  55%W +0.0%  45%W -0.2%  60%W +0.7%  55%W +0.7%  55%W +0.7%       -3.1% → +4.5%
  DDOG    20  60%W +0.1%  65%W +0.2%  60%W +0.6%  50%W -0.0%  45%W -0.1%  55%W +0.1%       -2.1% → +8.1%
  MRVL    20  35%W -0.2%  60%W +0.1%  50%W -0.0%  55%W +0.1%  50%W -0.0%  50%W +0.0%       -3.7% → +6.4%
  CHTR    20  40%W -0.1%  45%W -0.2%  60%W +0.2%  55%W +0.1%  55%W +0.0%  50%W +0.0%       -2.6% → +0.9%
  TSLA    20  50%W -0.1%  55%W +0.3%  45%W -0.1%  55%W +0.3%  50%W +0.1%  50%W -0.2%      -7.8% → +11.9%
  AMD     20  55%W +0.1%  65%W +0.3%  65%W +0.6%  50%W +0.2%  55%W +0.3%  50%W -0.1%       -3.9% → +7.4%
  META    20  60%W +0.1%  65%W +0.0%  40%W -0.1%  45%W -0.0%  55%W +0.0%  45%W -0.1%       -2.7% → +3.2%
  QCOM    20  40%W -0.1%  60%W +0.2%  60%W +0.1%  60%W +0.2%  60%W +0.1%  45%W -0.2%       -3.5% → +5.5%
  AVGO    20  35%W -0.3%  30%W -0.0%  50%W -0.0%  40%W -0.1%  45%W -0.0%  40%W -0.1%       -3.4% → +2.1%
  LLY     20  45%W -0.1%  50%W +0.0%  45%W -0.1%  35%W -0.3%  35%W -0.5%  35%W -0.4%       -2.7% → +1.7%
  MU      20  15%W -0.4%  45%W -0.1%  50%W +0.0%  40%W -0.2%  40%W -0.1%  30%W -0.6%       -5.4% → +5.5%
Pre-session top-2 (9:25, 20d EOD win rate) — 2020-03-03  OR: 09:30/3b
  #1 SNPS   +15m 65%W +0.1%  +30m 65%W +0.1%  +1h 60%W +0.2%  +2h 65%W +0.4%  +5h 55%W +0.3%  EOD 60%W +0.3%  EOD range -2.9% → +3.4%
  #2 SPOT   +15m 55%W +0.0%  +30m 55%W +0.0%  +1h 50%W -0.0%  +2h 65%W +0.8%  +5h 55%W +0.7%  EOD 60%W +1.1%  EOD range -3.1% → +4.5%
  Ticker   N          +15m          +30m           +1h           +2h           +5h           EOD           EOD range
  ----------------------------------------------------------------------------------------------------------------------
  SNPS    20  65%W +0.1%  65%W +0.1%  60%W +0.2%  65%W +0.4%  55%W +0.3%  60%W +0.3%       -2.9% → +3.4%
  SPOT    20  55%W +0.0%  55%W +0.0%  50%W -0.0%  65%W +0.8%  55%W +0.7%  60%W +1.1%       -3.1% → +4.5%
  MRVL    20  35%W -0.2%  60%W +0.1%  50%W -0.0%  55%W +0.1%  50%W -0.0%  55%W +0.2%       -3.7% → +6.4%
  CRWD    20  70%W +0.3%  70%W +0.3%  70%W +0.6%  60%W +0.7%  55%W +0.2%  55%W +0.4%       -2.4% → +4.0%
  AMD     20  55%W +0.1%  65%W +0.3%  70%W +0.6%  55%W +0.7%  60%W +0.6%  55%W +0.0%       -3.9% → +7.4%
  META    20  55%W +0.1%  60%W +0.0%  40%W -0.1%  50%W +0.0%  55%W +0.0%  50%W +0.0%       -2.7% → +3.2%
  CHTR    20  40%W -0.1%  45%W -0.2%  60%W +0.2%  55%W +0.1%  55%W +0.0%  50%W +0.0%       -2.6% → +0.9%
  TSLA    20  50%W -0.1%  55%W +0.3%  45%W -0.1%  55%W +0.4%  50%W +0.1%  50%W -0.2%      -7.8% → +11.9%
  QCOM    20  40%W -0.1%  60%W +0.2%  60%W +0.1%  65%W +0.2%  60%W +0.1%  50%W +0.0%       -3.5% → +5.5%
  DDOG    20  55%W +0.0%  60%W +0.1%  55%W +0.4%  45%W -0.3%  45%W -0.1%  50%W -0.1%       -2.1% → +8.1%
  AVGO    20  35%W -0.2%  30%W -0.0%  55%W +0.1%  45%W -0.0%  50%W +0.0%  45%W -0.1%       -3.4% → +3.8%
  LLY     20  45%W -0.1%  50%W +0.0%  50%W -0.0%  40%W -0.2%  40%W -0.4%  40%W -0.2%       -2.7% → +3.8%
  MU      20  15%W -0.4%  45%W -0.1%  50%W +0.0%  45%W -0.0%  45%W -0.1%  35%W -0.3%       -5.4% → +5.5%
Pre-session top-2 (9:25, 20d EOD win rate) — 2020-03-04  OR: 09:30/3b
  #1 SNPS   +15m 65%W +0.1%  +30m 65%W +0.1%  +1h 60%W +0.2%  +2h 65%W +0.4%  +5h 50%W +0.1%  EOD 55%W +0.1%  EOD range -2.9% → +3.4%
  #2 SPOT   +15m 55%W +0.0%  +30m 55%W +0.0%  +1h 50%W -0.0%  +2h 65%W +0.7%  +5h 50%W +0.2%  EOD 55%W +0.7%  EOD range -3.1% → +4.5%
  Ticker   N          +15m          +30m           +1h           +2h           +5h           EOD           EOD range
  ----------------------------------------------------------------------------------------------------------------------
  SNPS    20  65%W +0.1%  65%W +0.1%  60%W +0.2%  65%W +0.4%  50%W +0.1%  55%W +0.1%       -2.9% → +3.4%
  SPOT    20  55%W +0.0%  55%W +0.0%  50%W -0.0%  65%W +0.7%  50%W +0.2%  55%W +0.7%       -3.1% → +4.5%
  MRVL    20  35%W -0.2%  60%W +0.1%  50%W -0.0%  50%W +0.0%  45%W -0.2%  50%W +0.0%       -3.7% → +6.4%
  CRWD    20  75%W +0.4%  70%W +0.3%  70%W +0.6%  60%W +0.7%  50%W -0.0%  50%W +0.2%       -5.8% → +4.0%
  AMD     20  55%W +0.1%  60%W +0.2%  70%W +0.6%  50%W +0.2%  55%W +0.3%  50%W -0.1%       -4.7% → +7.4%
  DDOG    20  60%W +0.1%  60%W +0.1%  60%W +0.4%  45%W -0.3%  45%W -0.1%  50%W -0.1%       -2.1% → +8.1%
  META    20  55%W +0.1%  55%W +0.0%  45%W -0.1%  50%W +0.0%  50%W -0.0%  45%W -0.1%       -4.2% → +3.2%
  CHTR    20  40%W -0.1%  45%W -0.2%  60%W +0.2%  50%W +0.0%  50%W -0.0%  45%W -0.1%       -2.6% → +0.9%
  TSLA    20  50%W -0.1%  50%W +0.0%  40%W -0.1%  50%W -0.1%  45%W -0.6%  45%W -0.6%       -7.8% → +7.0%
  QCOM    20  40%W -0.1%  60%W +0.2%  60%W +0.1%  65%W +0.2%  55%W +0.0%  45%W -0.2%       -3.5% → +5.5%
  AVGO    20  35%W -0.2%  30%W -0.1%  55%W +0.1%  45%W -0.0%  45%W -0.0%  40%W -0.1%       -3.4% → +3.8%
  LLY     20  45%W -0.1%  50%W +0.0%  50%W -0.0%  40%W -0.2%  35%W -0.5%  35%W -0.4%       -2.7% → +3.8%
  MU      20  15%W -0.4%  45%W -0.1%  50%W +0.0%  40%W -0.2%  40%W -0.1%  30%W -0.6%       -5.4% → +5.5%
Pre-session top-2 (9:25, 20d EOD win rate) — 2020-03-05  OR: 09:30/3b
  #1 MRVL   +15m 35%W -0.2%  +30m 65%W +0.2%  +1h 55%W +0.2%  +2h 50%W +0.0%  +5h 50%W -0.0%  EOD 55%W +0.3%  EOD range -3.7% → +6.4%
  #2 SNPS   +15m 65%W +0.1%  +30m 70%W +0.1%  +1h 65%W +0.3%  +2h 60%W +0.4%  +5h 50%W +0.1%  EOD 55%W +0.1%  EOD range -2.9% → +3.4%
  Ticker   N          +15m          +30m           +1h           +2h           +5h           EOD           EOD range
  ----------------------------------------------------------------------------------------------------------------------
  MRVL    20  35%W -0.2%  65%W +0.2%  55%W +0.2%  50%W +0.0%  50%W -0.0%  55%W +0.3%       -3.7% → +6.4%
  SNPS    20  65%W +0.1%  70%W +0.1%  65%W +0.3%  60%W +0.4%  50%W +0.1%  55%W +0.1%       -2.9% → +3.4%
  SPOT    20  50%W -0.0%  60%W +0.1%  55%W +0.3%  65%W +0.7%  50%W +0.2%  55%W +0.7%       -3.1% → +4.5%
  CRWD    20  70%W +0.3%  70%W +0.2%  70%W +0.4%  55%W +0.4%  45%W -0.2%  50%W +0.2%       -5.8% → +4.0%
  TSLA    20  50%W -0.1%  55%W +0.3%  45%W -0.1%  50%W -0.1%  40%W -1.3%  50%W -0.2%       -7.8% → +7.0%
  AMD     20  55%W +0.1%  65%W +0.3%  75%W +0.7%  55%W +0.6%  55%W +0.6%  50%W -0.1%       -4.7% → +7.4%
  DDOG    20  60%W +0.1%  60%W +0.1%  60%W +0.4%  45%W -0.3%  45%W -0.1%  50%W -0.1%       -2.1% → +8.1%
  META    20  55%W +0.1%  60%W +0.0%  50%W +0.0%  50%W +0.0%  50%W -0.0%  45%W -0.1%       -4.2% → +3.2%
  CHTR    20  40%W -0.1%  45%W -0.2%  65%W +0.2%  55%W +0.1%  55%W +0.0%  45%W -0.1%       -2.6% → +3.5%
  QCOM    20  40%W -0.1%  65%W +0.3%  60%W +0.3%  65%W +0.2%  55%W +0.0%  45%W -0.2%       -3.5% → +5.5%
  AVGO    20  35%W -0.2%  35%W -0.0%  60%W +0.1%  45%W -0.0%  50%W -0.0%  45%W -0.1%       -3.4% → +3.8%
  MU      20  20%W -0.3%  50%W +0.0%  55%W +0.2%  45%W -0.0%  45%W -0.1%  35%W -0.3%       -5.4% → +5.5%
  LLY     20  45%W -0.1%  55%W +0.1%  50%W -0.0%  40%W -0.2%  35%W -0.5%  35%W -0.4%       -2.7% → +4.7%
Pre-session top-2 (9:25, 20d EOD win rate) — 2020-03-06  OR: 09:30/3b
  #1 SNPS   +15m 65%W +0.1%  +30m 75%W +0.1%  +1h 70%W +0.4%  +2h 65%W +0.4%  +5h 50%W +0.1%  EOD 55%W +0.1%  EOD range -2.9% → +3.4%
  #2 SPOT   +15m 45%W -0.2%  +30m 60%W +0.1%  +1h 55%W +0.3%  +2h 65%W +0.7%  +5h 50%W +0.5%  EOD 55%W +1.1%  EOD range -3.1% → +4.5%
  Ticker   N          +15m          +30m           +1h           +2h           +5h           EOD           EOD range
  ----------------------------------------------------------------------------------------------------------------------
  SNPS    20  65%W +0.1%  75%W +0.1%  70%W +0.4%  65%W +0.4%  50%W +0.1%  55%W +0.1%       -2.9% → +3.4%
  SPOT    20  45%W -0.2%  60%W +0.1%  55%W +0.3%  65%W +0.7%  50%W +0.5%  55%W +1.1%       -3.1% → +4.5%
  DDOG    20  60%W +0.2%  65%W +0.2%  65%W +0.6%  50%W -0.0%  50%W +0.0%  55%W +0.2%       -1.8% → +8.1%
  MRVL    20  35%W -0.2%  65%W +0.2%  60%W +0.4%  50%W +0.0%  45%W -0.2%  50%W +0.0%       -3.7% → +6.4%
  CRWD    20  65%W +0.2%  65%W +0.2%  70%W +0.4%  60%W +0.7%  45%W -0.2%  50%W +0.2%       -5.8% → +4.0%
  TSLA    20  50%W +0.1%  60%W +0.3%  50%W -0.0%  55%W +0.4%  45%W -0.6%  50%W -0.2%       -5.5% → +7.0%
  AMD     20  50%W -0.0%  70%W +0.4%  80%W +0.9%  60%W +0.8%  55%W +0.6%  50%W -0.1%       -4.7% → +7.4%
  META    20  50%W -0.0%  65%W +0.1%  55%W +0.2%  50%W +0.0%  50%W -0.0%  45%W -0.1%       -4.2% → +3.2%
  CHTR    20  40%W -0.1%  45%W -0.2%  65%W +0.2%  55%W +0.1%  50%W -0.0%  45%W -0.1%       -2.6% → +3.5%
  AVGO    20  35%W -0.2%  35%W -0.0%  65%W +0.1%  50%W +0.0%  50%W -0.0%  45%W -0.1%       -3.4% → +3.8%
  QCOM    20  40%W -0.1%  70%W +0.4%  65%W +0.3%  70%W +0.2%  50%W -0.0%  40%W -0.3%       -3.5% → +5.5%
  MU      20  20%W -0.3%  55%W +0.2%  60%W +0.3%  50%W +0.1%  45%W -0.1%  35%W -0.6%       -5.4% → +5.5%
  LLY     20  45%W -0.1%  55%W +0.1%  50%W -0.0%  40%W -0.2%  35%W -0.5%  35%W -0.4%       -2.7% → +4.7%
Pre-session top-2 (9:25, 20d EOD win rate) — 2020-03-09  OR: 09:30/3b
  #1 SNPS   +15m 65%W +0.1%  +30m 80%W +0.2%  +1h 70%W +0.5%  +2h 60%W +0.4%  +5h 50%W +0.1%  EOD 60%W +0.2%  EOD range -2.9% → +3.4%
  #2 SPOT   +15m 40%W -0.3%  +30m 55%W +0.0%  +1h 55%W +0.3%  +2h 65%W +0.6%  +5h 45%W -0.2%  EOD 55%W +0.4%  EOD range -3.1% → +4.1%
  Ticker   N          +15m          +30m           +1h           +2h           +5h           EOD           EOD range
  ----------------------------------------------------------------------------------------------------------------------
  SNPS    20  65%W +0.1%  80%W +0.2%  70%W +0.5%  60%W +0.4%  50%W +0.1%  60%W +0.2%       -2.9% → +3.4%
  SPOT    20  40%W -0.3%  55%W +0.0%  55%W +0.3%  65%W +0.6%  45%W -0.2%  55%W +0.4%       -3.1% → +4.1%
  META    20  55%W +0.1%  70%W +0.1%  60%W +0.2%  55%W +0.1%  50%W -0.0%  50%W +0.1%       -4.2% → +3.2%
  CRWD    20  60%W +0.2%  60%W +0.1%  70%W +0.4%  55%W +0.7%  45%W -0.3%  50%W +0.0%       -5.8% → +4.0%
  CHTR    20  45%W -0.0%  50%W -0.0%  70%W +0.3%  55%W +0.1%  45%W -0.1%  50%W +0.0%       -2.6% → +3.5%
  TSLA    20  50%W +0.0%  60%W +0.3%  50%W -0.0%  55%W +0.1%  40%W -0.7%  50%W -0.2%       -5.5% → +6.1%
  AMD     20  50%W -0.0%  70%W +0.5%  80%W +1.1%  60%W +0.6%  50%W +0.2%  50%W -0.1%       -4.7% → +7.4%
  DDOG    20  55%W +0.2%  65%W +0.4%  65%W +0.6%  50%W -0.0%  45%W -0.1%  50%W -0.1%       -3.0% → +8.1%
  MRVL    20  30%W -0.2%  60%W +0.2%  60%W +0.5%  45%W -0.1%  40%W -0.2%  45%W -0.0%       -3.7% → +6.4%
  AVGO    20  35%W -0.2%  35%W -0.0%  65%W +0.1%  50%W +0.0%  45%W -0.1%  45%W -0.1%       -3.4% → +3.8%
  LLY     20  50%W -0.0%  55%W +0.1%  55%W +0.0%  40%W -0.2%  40%W -0.5%  40%W -0.4%       -2.7% → +4.7%
  QCOM    20  35%W -0.2%  65%W +0.3%  65%W +0.3%  65%W +0.2%  45%W -0.2%  40%W -0.3%       -3.5% → +5.5%
  MU      20  20%W -0.3%  55%W +0.1%  60%W +0.3%  45%W -0.0%  40%W -0.2%  30%W -0.6%       -5.4% → +5.5%
Pre-session top-2 (9:25, 20d EOD win rate) — 2020-03-10  OR: 09:30/3b
  #1 SNPS   +15m 70%W +0.2%  +30m 80%W +0.2%  +1h 70%W +0.5%  +2h 60%W +0.4%  +5h 50%W +0.1%  EOD 55%W +0.1%  EOD range -2.9% → +3.4%
  #2 SPOT   +15m 45%W -0.2%  +30m 60%W +0.1%  +1h 60%W +0.4%  +2h 65%W +0.7%  +5h 50%W +0.5%  EOD 55%W +0.7%  EOD range -3.1% → +4.1%
  Ticker   N          +15m          +30m           +1h           +2h           +5h           EOD           EOD range
  ----------------------------------------------------------------------------------------------------------------------
  SNPS    20  70%W +0.2%  80%W +0.2%  70%W +0.5%  60%W +0.4%  50%W +0.1%  55%W +0.1%       -2.9% → +3.4%
  SPOT    20  45%W -0.2%  60%W +0.1%  60%W +0.4%  65%W +0.7%  50%W +0.5%  55%W +0.7%       -3.1% → +4.1%
  META    20  60%W +0.1%  70%W +0.1%  60%W +0.2%  55%W +0.1%  50%W -0.0%  50%W +0.1%       -4.2% → +3.2%
  CRWD    20  60%W +0.2%  60%W +0.1%  70%W +0.4%  55%W +0.7%  45%W -0.3%  50%W +0.0%       -5.8% → +4.0%
  CHTR    20  50%W -0.0%  55%W +0.1%  75%W +0.3%  60%W +0.1%  45%W -0.2%  50%W +0.0%       -2.6% → +3.5%
  TSLA    20  55%W +0.2%  65%W +0.4%  55%W +0.1%  60%W +0.4%  45%W -0.1%  50%W -0.2%       -5.5% → +6.1%
  MRVL    20  30%W -0.2%  60%W +0.2%  60%W +0.5%  50%W +0.0%  35%W -0.5%  45%W -0.2%       -3.7% → +6.4%
  AMD     20  50%W -0.0%  70%W +0.5%  80%W +1.1%  60%W +0.6%  45%W -0.1%  45%W -0.4%       -4.7% → +7.4%
  AVGO    20  40%W -0.2%  40%W -0.0%  65%W +0.1%  55%W +0.1%  45%W -0.1%  45%W -0.1%       -3.4% → +3.8%
  DDOG    20  50%W +0.1%  60%W +0.2%  60%W +0.6%  50%W -0.0%  45%W -0.2%  45%W -0.4%       -3.0% → +8.1%
  LLY     20  53%W +0.0%  58%W +0.1%  58%W +0.0%  42%W -0.2%  42%W -0.4%  42%W -0.4%       -2.7% → +4.7%
  QCOM    20  40%W -0.1%  65%W +0.4%  70%W +0.4%  65%W +0.2%  50%W -0.0%  40%W -0.3%       -3.5% → +5.5%
  MU      20  25%W -0.2%  60%W +0.2%  65%W +0.3%  50%W +0.0%  40%W -0.2%  30%W -0.6%       -5.4% → +5.5%
Pre-session top-2 (9:25, 20d EOD win rate) — 2020-03-11  OR: 09:30/3b
  #1 SPOT   +15m 50%W -0.0%  +30m 60%W +0.1%  +1h 60%W +0.4%  +2h 65%W +0.7%  +5h 50%W +0.5%  EOD 60%W +1.1%  EOD range -3.1% → +4.1%
  #2 SNPS   +15m 70%W +0.2%  +30m 80%W +0.2%  +1h 70%W +0.5%  +2h 55%W +0.3%  +5h 50%W +0.1%  EOD 55%W +0.1%  EOD range -2.9% → +3.8%
  Ticker   N          +15m          +30m           +1h           +2h           +5h           EOD           EOD range
  ----------------------------------------------------------------------------------------------------------------------
  SPOT    20  50%W -0.0%  60%W +0.1%  60%W +0.4%  65%W +0.7%  50%W +0.5%  60%W +1.1%       -3.1% → +4.1%
  SNPS    20  70%W +0.2%  80%W +0.2%  70%W +0.5%  55%W +0.3%  50%W +0.1%  55%W +0.1%       -2.9% → +3.8%
  META    20  60%W +0.2%  70%W +0.1%  55%W +0.2%  50%W +0.0%  50%W -0.0%  50%W +0.1%       -4.2% → +3.2%
  CRWD    20  55%W +0.2%  55%W +0.1%  65%W +0.2%  50%W +0.1%  40%W -0.4%  50%W +0.0%       -5.8% → +4.0%
  CHTR    20  45%W -0.0%  55%W +0.1%  75%W +0.3%  55%W +0.1%  45%W -0.2%  50%W +0.0%       -2.6% → +3.5%
  TSLA    20  60%W +0.2%  65%W +0.4%  55%W +0.1%  60%W +0.4%  45%W -0.1%  50%W -0.2%       -5.5% → +6.1%
  MRVL    20  30%W -0.2%  65%W +0.2%  60%W +0.5%  45%W -0.1%  40%W -0.4%  45%W -0.2%       -3.7% → +6.4%
  AMD     20  50%W -0.0%  70%W +0.5%  75%W +0.9%  55%W +0.3%  45%W -0.1%  45%W -0.4%       -4.7% → +7.4%
  AVGO    20  40%W -0.2%  40%W -0.0%  60%W +0.1%  50%W +0.0%  45%W -0.1%  45%W -0.1%       -3.4% → +3.9%
  DDOG    20  50%W +0.1%  60%W +0.2%  60%W +0.6%  50%W -0.0%  45%W -0.2%  45%W -0.4%       -3.0% → +8.1%
  LLY     20  53%W +0.0%  58%W +0.1%  53%W +0.0%  37%W -0.3%  42%W -0.4%  42%W -0.4%       -2.7% → +4.7%
  QCOM    20  40%W -0.1%  65%W +0.4%  65%W +0.4%  60%W +0.2%  50%W -0.0%  40%W -0.3%       -3.5% → +5.5%
  MU      20  30%W -0.2%  65%W +0.3%  60%W +0.2%  45%W -0.3%  35%W -0.8%  30%W -0.6%       -5.4% → +5.5%
Pre-session top-2 (9:25, 20d EOD win rate) — 2020-03-12  OR: 09:30/3b
  #1 SPOT   +15m 50%W -0.0%  +30m 60%W +0.2%  +1h 60%W +0.4%  +2h 65%W +0.7%  +5h 50%W +0.5%  EOD 60%W +1.1%  EOD range -3.1% → +4.1%
  #2 META   +15m 60%W +0.1%  +30m 70%W +0.1%  +1h 50%W +0.1%  +2h 50%W +0.0%  +5h 50%W -0.2%  EOD 50%W +0.1%  EOD range -4.2% → +3.2%
  Ticker   N          +15m          +30m           +1h           +2h           +5h           EOD           EOD range
  ----------------------------------------------------------------------------------------------------------------------
  SPOT    20  50%W -0.0%  60%W +0.2%  60%W +0.4%  65%W +0.7%  50%W +0.5%  60%W +1.1%       -3.1% → +4.1%
  META    20  60%W +0.1%  70%W +0.1%  50%W +0.1%  50%W +0.0%  50%W -0.2%  50%W +0.1%       -4.2% → +3.2%
  CRWD    20  60%W +0.2%  55%W +0.1%  65%W +0.2%  50%W +0.1%  40%W -0.4%  50%W +0.0%       -6.3% → +4.0%
  AMD     20  50%W -0.0%  75%W +0.7%  80%W +0.9%  60%W +0.6%  50%W +0.2%  50%W +0.2%       -4.7% → +7.4%
  SNPS    20  70%W +0.2%  80%W +0.2%  65%W +0.4%  50%W +0.1%  45%W -0.2%  50%W -0.1%       -2.9% → +3.8%
  CHTR    20  50%W -0.0%  55%W +0.1%  70%W +0.2%  50%W +0.0%  40%W -0.3%  45%W -0.3%       -4.0% → +3.5%
  TSLA    20  60%W +0.2%  60%W +0.3%  55%W +0.1%  55%W +0.1%  40%W -0.6%  45%W -0.4%       -5.5% → +6.1%
  DDOG    20  45%W -0.1%  55%W +0.0%  60%W +0.3%  45%W -0.3%  45%W -0.2%  45%W -0.4%       -4.3% → +8.1%
  MRVL    20  35%W -0.2%  70%W +0.4%  60%W +0.5%  40%W -0.3%  35%W -0.8%  40%W -0.3%       -3.7% → +6.4%
  QCOM    20  40%W -0.1%  65%W +0.4%  60%W +0.3%  55%W +0.2%  45%W -0.2%  40%W -0.4%       -3.5% → +5.5%
  AVGO    20  40%W -0.2%  40%W -0.0%  55%W +0.1%  50%W +0.0%  40%W -0.2%  40%W -0.2%       -3.5% → +3.9%
  LLY     20  53%W +0.0%  58%W +0.1%  58%W +0.0%  37%W -0.3%  37%W -0.6%  37%W -0.4%       -2.7% → +4.7%
  MU      20  35%W -0.2%  70%W +0.3%  60%W +0.2%  45%W -0.3%  35%W -0.8%  30%W -0.6%       -5.4% → +5.5%
Pre-session top-2 (9:25, 20d EOD win rate) — 2020-03-13  OR: 09:30/3b
  #1 SPOT   +15m 47%W -0.1%  +30m 58%W +0.2%  +1h 58%W +0.5%  +2h 63%W +0.8%  +5h 47%W -0.0%  EOD 58%W +0.9%  EOD range -3.1% → +4.1%
  #2 AMD    +15m 47%W -0.1%  +30m 74%W +0.7%  +1h 84%W +1.0%  +2h 63%W +0.7%  +5h 53%W +0.5%  EOD 53%W +0.6%  EOD range -4.7% → +7.4%
  Ticker   N          +15m          +30m           +1h           +2h           +5h           EOD           EOD range
  ----------------------------------------------------------------------------------------------------------------------
  SPOT    20  47%W -0.1%  58%W +0.2%  58%W +0.5%  63%W +0.8%  47%W -0.0%  58%W +0.9%       -3.1% → +4.1%
  AMD     20  47%W -0.1%  74%W +0.7%  84%W +1.0%  63%W +0.7%  53%W +0.5%  53%W +0.6%       -4.7% → +7.4%
  META    20  63%W +0.1%  68%W +0.2%  47%W -0.0%  47%W -0.0%  47%W -0.4%  47%W -0.1%       -4.2% → +3.2%
  CRWD    20  63%W +0.2%  53%W +0.1%  63%W +0.2%  47%W -0.3%  37%W -0.4%  47%W -0.3%       -6.3% → +4.0%
  TSLA    20  63%W +0.2%  58%W +0.4%  58%W +0.2%  53%W +0.0%  42%W -0.1%  47%W -0.3%       -5.5% → +6.1%
  SNPS    20  68%W +0.2%  79%W +0.2%  63%W +0.4%  47%W -0.0%  42%W -0.3%  47%W -0.3%       -2.9% → +3.8%
  CHTR    20  53%W +0.0%  53%W +0.1%  68%W +0.2%  47%W -0.0%  37%W -0.3%  42%W -0.6%       -4.0% → +3.5%
  QCOM    20  42%W -0.0%  63%W +0.5%  63%W +0.3%  58%W +0.2%  42%W -0.3%  42%W -0.4%       -3.5% → +5.5%
  DDOG    20  47%W -0.1%  53%W +0.0%  58%W +0.1%  42%W -0.3%  42%W -0.3%  42%W -0.4%       -4.3% → +8.1%
  LLY     20  56%W +0.0%  56%W +0.1%  61%W +0.1%  33%W -0.3%  39%W -0.6%  39%W -0.3%       -2.7% → +4.7%
  MRVL    20  32%W -0.2%  68%W +0.3%  58%W +0.5%  37%W -0.4%  32%W -0.8%  37%W -0.3%       -3.7% → +6.4%
  AVGO    20  42%W -0.2%  42%W -0.0%  53%W +0.1%  53%W +0.1%  37%W -0.3%  37%W -0.4%       -3.5% → +3.9%
  MU      20  37%W -0.2%  68%W +0.3%  58%W +0.2%  42%W -0.5%  37%W -0.4%  32%W -0.6%       -5.4% → +5.5%
Pre-session top-2 (9:25, 20d EOD win rate) — 2020-03-16  OR: 09:30/3b
  #1 SPOT   +15m 47%W -0.1%  +30m 58%W +0.2%  +1h 63%W +0.8%  +2h 63%W +0.8%  +5h 47%W -0.0%  EOD 63%W +1.4%  EOD range -3.0% → +4.1%
  #2 AMD    +15m 42%W -0.1%  +30m 74%W +0.7%  +1h 84%W +1.0%  +2h 58%W +0.5%  +5h 47%W -0.1%  EOD 53%W +0.7%  EOD range -4.7% → +7.4%
  Ticker   N          +15m          +30m           +1h           +2h           +5h           EOD           EOD range
  ----------------------------------------------------------------------------------------------------------------------
  SPOT    20  47%W -0.1%  58%W +0.2%  63%W +0.8%  63%W +0.8%  47%W -0.0%  63%W +1.4%       -3.0% → +4.1%
  AMD     20  42%W -0.1%  74%W +0.7%  84%W +1.0%  58%W +0.5%  47%W -0.1%  53%W +0.7%       -4.7% → +7.4%
  META    20  63%W +0.1%  68%W +0.2%  47%W -0.0%  42%W -0.1%  42%W -0.4%  47%W -0.1%       -4.2% → +4.5%
  CRWD    20  63%W +0.2%  53%W +0.1%  63%W +0.2%  42%W -0.7%  32%W -0.7%  47%W -0.3%       -6.3% → +4.0%
  SNPS    20  63%W +0.2%  74%W +0.1%  58%W +0.2%  42%W -0.1%  37%W -0.5%  47%W -0.3%       -2.9% → +5.2%
  QCOM    20  42%W -0.0%  68%W +0.5%  63%W +0.3%  53%W +0.2%  42%W -0.3%  47%W -0.2%       -3.5% → +8.4%
  DDOG    20  47%W -0.1%  53%W +0.0%  58%W +0.1%  42%W -0.6%  42%W -0.3%  47%W -0.4%       -4.3% → +8.1%
  LLY     20  61%W +0.1%  61%W +0.1%  67%W +0.1%  33%W -0.4%  44%W -0.6%  44%W -0.1%       -2.7% → +5.5%
  CHTR    20  53%W +0.0%  47%W -0.1%  63%W +0.1%  42%W -0.2%  32%W -0.3%  42%W -0.6%       -4.0% → +3.5%
  TSLA    20  58%W +0.2%  53%W +0.3%  53%W +0.0%  47%W -0.5%  37%W -1.0%  42%W -0.4%       -5.5% → +6.0%
  MU      20  37%W -0.2%  74%W +0.4%  53%W +0.1%  37%W -0.7%  37%W -1.3%  37%W -0.5%       -5.4% → +5.5%
  MRVL    20  32%W -0.2%  63%W +0.3%  53%W +0.1%  32%W -0.4%  26%W -0.9%  37%W -0.3%       -3.7% → +6.4%
  AVGO    20  47%W -0.2%  47%W -0.0%  53%W +0.1%  47%W -0.0%  32%W -0.5%  37%W -0.4%      -3.5% → +11.0%
Pre-session top-2 (9:25, 20d EOD win rate) — 2020-03-17  OR: 09:30/3b
  #1 SPOT   +15m 53%W +0.0%  +30m 63%W +0.4%  +1h 68%W +0.8%  +2h 68%W +0.9%  +5h 53%W +1.2%  EOD 68%W +1.8%  EOD range -3.0% → +6.1%
  #2 LLY    +15m 61%W +0.1%  +30m 61%W +0.1%  +1h 72%W +0.2%  +2h 39%W -0.3%  +5h 50%W -0.3%  EOD 50%W +0.0%  EOD range -2.7% → +5.5%
  Ticker   N          +15m          +30m           +1h           +2h           +5h           EOD           EOD range
  ----------------------------------------------------------------------------------------------------------------------
  SPOT    20  53%W +0.0%  63%W +0.4%  68%W +0.8%  68%W +0.9%  53%W +1.2%  68%W +1.8%       -3.0% → +6.1%
  LLY     20  61%W +0.1%  61%W +0.1%  72%W +0.2%  39%W -0.3%  50%W -0.3%  50%W +0.0%       -2.7% → +5.5%
  AMD     20  42%W -0.1%  79%W +0.7%  84%W +1.1%  58%W +0.7%  53%W +0.7%  47%W -0.5%       -4.7% → +7.4%
  SNPS    20  63%W +0.2%  74%W +0.1%  58%W +0.2%  42%W -0.1%  37%W -0.5%  47%W -0.3%       -2.9% → +5.2%
  QCOM    20  47%W -0.0%  63%W +0.5%  63%W +0.4%  58%W +0.2%  47%W -0.1%  47%W -0.4%       -3.5% → +8.4%
  META    20  63%W +0.1%  68%W +0.2%  47%W -0.0%  42%W -0.1%  42%W -0.4%  42%W -0.3%       -4.2% → +4.5%
  CRWD    20  58%W +0.1%  47%W -0.1%  63%W +0.2%  42%W -0.7%  26%W -1.1%  42%W -0.5%       -6.3% → +4.0%
  DDOG    20  53%W +0.2%  58%W +0.0%  58%W +0.1%  42%W -0.6%  37%W -0.4%  42%W -0.5%       -5.5% → +8.1%
  MU      20  42%W -0.1%  79%W +0.5%  58%W +0.2%  42%W -0.5%  37%W -1.0%  37%W -0.5%       -5.4% → +5.5%
  MRVL    20  37%W -0.2%  68%W +0.5%  58%W +0.5%  37%W -0.4%  26%W -0.9%  37%W -0.9%       -4.2% → +6.4%
  CHTR    20  58%W +0.0%  53%W +0.1%  68%W +0.2%  47%W -0.0%  37%W -0.3%  37%W -0.7%       -4.0% → +3.5%
  TSLA    20  58%W +0.2%  53%W +0.3%  53%W +0.0%  47%W -0.5%  42%W -1.0%  37%W -0.6%       -5.5% → +6.0%
  AVGO    20  53%W +0.1%  53%W +0.1%  58%W +0.2%  47%W -0.0%  32%W -0.5%  37%W -0.4%      -8.0% → +11.0%
Pre-session top-2 (9:25, 20d EOD win rate) — 2020-03-18  OR: 09:30/3b
  #1 SPOT   +15m 47%W -0.1%  +30m 58%W +0.2%  +1h 63%W +0.8%  +2h 68%W +0.8%  +5h 53%W +1.2%  EOD 68%W +2.0%  EOD range -3.0% → +6.1%
  #2 LLY    +15m 61%W +0.1%  +30m 67%W +0.1%  +1h 78%W +0.3%  +2h 44%W -0.2%  +5h 56%W +0.1%  EOD 56%W +0.5%  EOD range -2.7% → +7.3%
  Ticker   N          +15m          +30m           +1h           +2h           +5h           EOD           EOD range
  ----------------------------------------------------------------------------------------------------------------------
  SPOT    20  47%W -0.1%  58%W +0.2%  63%W +0.8%  68%W +0.8%  53%W +1.2%  68%W +2.0%       -3.0% → +6.1%
  LLY     20  61%W +0.1%  67%W +0.1%  78%W +0.3%  44%W -0.2%  56%W +0.1%  56%W +0.5%       -2.7% → +7.3%
  SNPS    20  58%W +0.2%  74%W +0.2%  58%W +0.4%  47%W -0.0%  42%W -0.3%  53%W +0.1%       -2.9% → +5.7%
  AMD     20  42%W -0.1%  79%W +0.7%  84%W +1.1%  58%W +0.7%  53%W +0.7%  47%W -0.5%       -4.7% → +7.4%
  QCOM    20  42%W -0.2%  58%W +0.4%  63%W +0.4%  58%W +0.2%  47%W -0.1%  47%W -0.4%       -3.5% → +8.6%
  DDOG    20  47%W -0.1%  58%W +0.0%  58%W +0.1%  47%W -0.2%  37%W -0.4%  47%W -0.5%      -5.5% → +11.1%
  META    20  58%W +0.1%  68%W +0.2%  47%W -0.0%  47%W -0.0%  42%W -0.4%  42%W -0.3%       -4.2% → +4.5%
  CRWD    20  53%W +0.0%  42%W -0.2%  63%W +0.3%  47%W -0.3%  26%W -1.1%  42%W -0.5%      -6.3% → +15.5%
  AVGO    20  53%W +0.1%  53%W +0.1%  53%W +0.1%  53%W +0.1%  37%W -0.5%  42%W -0.4%      -8.0% → +11.0%
  MU      20  42%W -0.1%  79%W +0.5%  58%W +0.2%  47%W -0.5%  37%W -1.0%  37%W -0.5%       -5.4% → +7.4%
  MRVL    20  32%W -0.2%  68%W +0.6%  58%W +0.6%  42%W -0.3%  26%W -0.9%  37%W -0.9%       -4.2% → +8.0%
  TSLA    20  53%W +0.1%  47%W -0.1%  53%W +0.0%  53%W +0.0%  42%W -1.0%  37%W -0.6%       -5.5% → +6.0%
  CHTR    20  58%W +0.0%  53%W +0.1%  68%W +0.3%  47%W -0.0%  32%W -0.4%  32%W -0.9%       -4.0% → +3.5%
Pre-session top-2 (9:25, 20d EOD win rate) — 2020-03-19  OR: 09:30/3b
  #1 SPOT   +15m 53%W +0.0%  +30m 63%W +0.4%  +1h 68%W +0.8%  +2h 74%W +0.9%  +5h 58%W +1.5%  EOD 74%W +2.3%  EOD range -3.0% → +6.4%
  #2 LLY    +15m 61%W +0.1%  +30m 67%W +0.1%  +1h 78%W +0.4%  +2h 50%W +0.0%  +5h 61%W +0.3%  EOD 61%W +1.0%  EOD range -2.7% → +7.3%
  Ticker   N          +15m          +30m           +1h           +2h           +5h           EOD           EOD range
  ----------------------------------------------------------------------------------------------------------------------
  SPOT    20  53%W +0.0%  63%W +0.4%  68%W +0.8%  74%W +0.9%  58%W +1.5%  74%W +2.3%       -3.0% → +6.4%
  LLY     20  61%W +0.1%  67%W +0.1%  78%W +0.4%  50%W +0.0%  61%W +0.3%  61%W +1.0%       -2.7% → +7.3%
  SNPS    20  58%W +0.2%  74%W +0.3%  58%W +0.2%  42%W -0.1%  37%W -0.5%  53%W +0.3%       -2.9% → +5.7%
  META    20  63%W +0.1%  74%W +0.5%  53%W +0.2%  53%W +0.2%  37%W -0.4%  47%W -0.3%       -4.2% → +4.5%
  CRWD    20  58%W +0.1%  47%W -0.1%  68%W +0.5%  53%W +0.6%  32%W -1.1%  47%W -0.3%      -6.3% → +15.5%
  DDOG    20  53%W +0.2%  63%W +0.3%  63%W +0.5%  47%W -0.1%  37%W -0.8%  47%W -0.7%      -5.5% → +11.1%
  AMD     20  47%W -0.1%  79%W +0.8%  84%W +1.1%  58%W +0.2%  47%W -0.6%  42%W -0.8%       -4.7% → +7.4%
  QCOM    20  42%W -0.2%  53%W +0.3%  58%W +0.3%  53%W +0.2%  42%W -0.4%  42%W -0.8%       -3.5% → +8.6%
  AVGO    20  58%W +0.1%  53%W +0.1%  53%W +0.1%  47%W -0.0%  37%W -0.7%  42%W -1.1%      -8.0% → +11.0%
  MU      20  47%W -0.0%  84%W +0.6%  63%W +0.2%  47%W -0.5%  32%W -1.3%  37%W -0.5%       -5.4% → +7.4%
  MRVL    20  37%W -0.2%  74%W +0.8%  63%W +0.6%  42%W -0.4%  26%W -0.9%  37%W -0.9%       -4.2% → +8.0%
  CHTR    20  63%W +0.0%  53%W +0.1%  63%W +0.1%  42%W -0.2%  26%W -0.7%  32%W -0.9%       -4.0% → +3.5%
  TSLA    20  53%W +0.1%  47%W -0.1%  47%W -0.1%  47%W -0.8%  37%W -1.3%  32%W -0.7%       -7.3% → +6.0%
Pre-session top-2 (9:25, 20d EOD win rate) — 2020-03-20  OR: 09:30/3b
  #1 SPOT   +15m 53%W +0.0%  +30m 63%W +0.4%  +1h 68%W +0.8%  +2h 74%W +0.9%  +5h 58%W +1.5%  EOD 74%W +2.3%  EOD range -3.0% → +6.4%
  #2 LLY    +15m 56%W +0.1%  +30m 61%W +0.1%  +1h 72%W +0.3%  +2h 50%W -0.0%  +5h 56%W +0.3%  EOD 61%W +1.0%  EOD range -5.4% → +7.3%
  Ticker   N          +15m          +30m           +1h           +2h           +5h           EOD           EOD range
  ----------------------------------------------------------------------------------------------------------------------
  SPOT    20  53%W +0.0%  63%W +0.4%  68%W +0.8%  74%W +0.9%  58%W +1.5%  74%W +2.3%       -3.0% → +6.4%
  LLY     20  56%W +0.1%  61%W +0.1%  72%W +0.3%  50%W -0.0%  56%W +0.3%  61%W +1.0%       -5.4% → +7.3%
  SNPS    20  58%W +0.2%  74%W +0.3%  63%W +0.4%  47%W -0.0%  42%W -0.3%  58%W +0.5%       -2.9% → +5.7%
  META    20  63%W +0.2%  74%W +0.6%  58%W +0.3%  58%W +0.2%  42%W -0.4%  53%W +1.3%       -4.2% → +4.5%
  CRWD    20  58%W +0.1%  47%W -0.1%  68%W +0.5%  58%W +0.8%  37%W -0.7%  53%W +0.4%      -6.3% → +15.5%
  DDOG    20  53%W +0.2%  63%W +0.6%  68%W +1.5%  53%W +0.4%  42%W -0.8%  53%W +0.1%      -5.5% → +11.1%
  AMD     20  47%W -0.1%  79%W +0.8%  84%W +1.1%  63%W +0.7%  53%W +0.7%  47%W -0.5%       -4.7% → +7.4%
  QCOM    20  47%W -0.0%  58%W +0.4%  63%W +0.4%  58%W +0.2%  47%W -0.1%  47%W -0.4%       -3.5% → +8.6%
  AVGO    20  58%W +0.1%  53%W +0.2%  58%W +0.2%  53%W +0.1%  42%W -0.5%  47%W -0.4%      -8.0% → +15.7%
  MU      20  47%W -0.0%  84%W +0.6%  63%W +0.3%  53%W +0.4%  37%W -1.3%  42%W -0.1%       -5.4% → +7.4%
  MRVL    20  37%W -0.2%  74%W +0.9%  63%W +0.7%  47%W -0.0%  32%W -0.9%  42%W -0.3%      -4.2% → +10.6%
  CHTR    20  63%W +0.2%  58%W +0.1%  63%W +0.3%  47%W -0.0%  32%W -0.4%  37%W -0.9%       -4.0% → +3.9%
  TSLA    20  53%W +0.1%  47%W -0.1%  47%W -0.1%  53%W +0.0%  42%W -1.0%  37%W -0.7%      -7.3% → +15.6%
Pre-session top-2 (9:25, 20d EOD win rate) — 2020-03-23  OR: 09:30/3b
  #1 SPOT   +15m 53%W +0.0%  +30m 58%W +0.4%  +1h 68%W +0.8%  +2h 68%W +0.8%  +5h 58%W +1.2%  EOD 68%W +2.0%  EOD range -3.0% → +6.4%
  #2 SNPS   +15m 63%W +0.3%  +30m 79%W +0.4%  +1h 68%W +0.4%  +2h 47%W -0.0%  +5h 42%W -0.3%  EOD 58%W +0.5%  EOD range -5.8% → +5.7%
  Ticker   N          +15m          +30m           +1h           +2h           +5h           EOD           EOD range
  ----------------------------------------------------------------------------------------------------------------------
  SPOT    20  53%W +0.0%  58%W +0.4%  68%W +0.8%  68%W +0.8%  58%W +1.2%  68%W +2.0%       -3.0% → +6.4%
  SNPS    20  63%W +0.3%  79%W +0.4%  68%W +0.4%  47%W -0.0%  42%W -0.3%  58%W +0.5%       -5.8% → +5.7%
  LLY     20  56%W +0.1%  56%W +0.1%  72%W +0.6%  44%W -0.3%  50%W -0.4%  56%W +0.5%       -5.4% → +7.3%
  META    20  63%W +0.2%  74%W +0.6%  63%W +0.5%  53%W +0.2%  42%W -0.4%  53%W +1.3%       -4.2% → +4.5%
  CRWD    20  53%W +0.0%  42%W -0.2%  68%W +0.3%  53%W +0.6%  32%W -1.1%  47%W -0.3%      -6.3% → +15.5%
  AMD     20  47%W -0.1%  79%W +0.8%  84%W +1.2%  63%W +0.7%  58%W +0.7%  47%W -0.5%       -4.7% → +7.4%
  DDOG    20  58%W +0.2%  68%W +0.6%  74%W +1.5%  53%W +0.4%  42%W -0.8%  47%W -0.7%      -5.5% → +11.1%
  MU      20  53%W +0.2%  79%W +0.6%  68%W +0.4%  58%W +0.5%  37%W -1.3%  42%W -0.1%       -5.4% → +7.4%
  QCOM    20  47%W -0.0%  58%W +0.4%  63%W +0.4%  53%W +0.2%  42%W -0.4%  42%W -0.8%       -6.7% → +8.6%
  AVGO    20  58%W +0.1%  53%W +0.2%  53%W +0.1%  47%W -0.0%  42%W -0.5%  42%W -1.1%      -8.0% → +15.7%
  MRVL    20  37%W -0.2%  74%W +1.0%  63%W +0.7%  42%W -0.4%  26%W -0.9%  37%W -1.4%      -4.2% → +10.6%
  CHTR    20  63%W +0.2%  58%W +0.1%  68%W +0.3%  47%W -0.2%  26%W -0.7%  37%W -0.9%       -5.6% → +3.9%
  TSLA    20  53%W +0.1%  47%W -0.1%  47%W -0.1%  53%W +0.0%  42%W -1.0%  32%W -0.7%      -7.3% → +15.6%
Pre-session top-2 (9:25, 20d EOD win rate) — 2020-03-24  OR: 09:30/3b
  #1 SPOT   +15m 53%W +0.6%  +30m 58%W +0.4%  +1h 68%W +0.9%  +2h 63%W +0.7%  +5h 53%W +0.4%  EOD 68%W +1.4%  EOD range -3.0% → +6.4%
  #2 LLY    +15m 56%W +0.1%  +30m 61%W +0.1%  +1h 72%W +0.8%  +2h 50%W +0.1%  +5h 56%W +0.3%  EOD 61%W +0.6%  EOD range -5.4% → +7.3%
  Ticker   N          +15m          +30m           +1h           +2h           +5h           EOD           EOD range
  ----------------------------------------------------------------------------------------------------------------------
  SPOT    20  53%W +0.6%  58%W +0.4%  68%W +0.9%  63%W +0.7%  53%W +0.4%  68%W +1.4%       -3.0% → +6.4%
  LLY     20  56%W +0.1%  61%W +0.1%  72%W +0.8%  50%W +0.1%  56%W +0.3%  61%W +0.6%       -5.4% → +7.3%
  META    20  68%W +0.5%  79%W +0.9%  68%W +0.5%  53%W +0.2%  42%W -0.3%  53%W +1.3%       -4.2% → +4.5%
  CRWD    20  53%W +0.0%  42%W -0.2%  68%W +0.5%  58%W +0.8%  32%W -1.1%  53%W +0.4%      -6.3% → +15.5%
  AMD     20  53%W +0.6%  79%W +0.9%  84%W +1.4%  63%W +0.7%  58%W +0.7%  53%W +1.6%       -4.7% → +7.4%
  SNPS    20  63%W +0.3%  79%W +0.7%  68%W +0.4%  47%W -0.0%  42%W -0.3%  53%W +0.3%       -5.8% → +5.7%
  MU      20  58%W +0.4%  79%W +0.8%  74%W +1.1%  58%W +0.5%  37%W -1.3%  47%W -0.1%       -5.4% → +7.4%
  QCOM    20  53%W +0.2%  58%W +0.5%  68%W +0.7%  53%W +0.2%  47%W -0.1%  47%W -0.4%       -6.7% → +8.6%
  AVGO    20  63%W +0.1%  58%W +0.3%  53%W +0.1%  47%W -0.0%  47%W -0.3%  47%W -0.4%      -8.0% → +15.7%
  DDOG    20  58%W +0.2%  63%W +0.3%  68%W +1.1%  47%W -0.1%  42%W -0.8%  47%W -0.7%      -5.5% → +11.1%
  MRVL    20  42%W -0.1%  74%W +1.1%  68%W +0.7%  42%W -0.4%  32%W -0.8%  42%W -0.3%      -4.2% → +10.6%
  CHTR    20  68%W +0.2%  63%W +0.1%  74%W +0.3%  47%W -0.2%  32%W -0.7%  42%W -0.9%       -5.6% → +3.9%
  TSLA    20  53%W +0.1%  47%W -0.1%  47%W -0.1%  58%W +0.5%  47%W -0.1%  37%W -0.6%      -7.3% → +15.6%
Pre-session top-2 (9:25, 20d EOD win rate) — 2020-03-25  OR: 09:30/3b
  #1 SPOT   +15m 53%W +0.6%  +30m 58%W +0.4%  +1h 74%W +1.0%  +2h 68%W +0.8%  +5h 58%W +1.2%  EOD 74%W +2.4%  EOD range -2.3% → +6.4%
  #2 LLY    +15m 50%W -0.1%  +30m 56%W +0.1%  +1h 72%W +0.8%  +2h 50%W +0.1%  +5h 56%W +0.3%  EOD 67%W +0.7%  EOD range -5.4% → +7.3%
  Ticker   N          +15m          +30m           +1h           +2h           +5h           EOD           EOD range
  ----------------------------------------------------------------------------------------------------------------------
  SPOT    20  53%W +0.6%  58%W +0.4%  74%W +1.0%  68%W +0.8%  58%W +1.2%  74%W +2.4%       -2.3% → +6.4%
  LLY     20  50%W -0.1%  56%W +0.1%  72%W +0.8%  50%W +0.1%  56%W +0.3%  67%W +0.7%       -5.4% → +7.3%
  META    20  68%W +0.6%  84%W +0.9%  74%W +0.8%  58%W +0.3%  47%W -0.0%  58%W +1.7%       -4.2% → +4.7%
  AMD     20  58%W +0.6%  84%W +0.9%  89%W +1.4%  68%W +1.1%  63%W +0.7%  58%W +2.3%       -4.7% → +7.4%
  SNPS    20  58%W +0.2%  74%W +0.7%  68%W +0.4%  53%W +0.3%  47%W -0.1%  58%W +0.7%       -5.8% → +5.7%
  MU      20  58%W +0.4%  79%W +0.8%  79%W +1.1%  63%W +0.9%  37%W -1.2%  53%W +0.7%       -4.5% → +7.4%
  AVGO    20  68%W +0.4%  63%W +0.4%  58%W +0.2%  53%W +0.1%  47%W -0.3%  53%W +1.0%      -8.0% → +15.7%
  MRVL    20  37%W -0.2%  79%W +1.1%  74%W +0.7%  42%W -0.4%  37%W -0.2%  47%W -0.0%      -4.2% → +10.6%
  CRWD    20  47%W -0.2%  42%W -0.2%  68%W +0.5%  58%W +0.8%  32%W -1.3%  47%W -0.2%      -6.3% → +15.5%
  CHTR    20  68%W +0.3%  68%W +0.4%  74%W +0.3%  47%W -0.2%  37%W -0.4%  47%W -0.9%       -5.6% → +5.1%
  QCOM    20  58%W +0.2%  63%W +0.5%  74%W +0.9%  58%W +0.2%  47%W -0.1%  47%W -0.1%       -6.7% → +8.6%
  TSLA    20  58%W +0.2%  53%W +0.4%  53%W +0.0%  63%W +0.7%  53%W +0.2%  42%W -0.4%      -7.3% → +15.6%
  DDOG    20  53%W +0.1%  58%W +0.3%  74%W +1.1%  53%W +0.4%  42%W -1.3%  42%W -0.7%      -5.5% → +11.1%
Pre-session top-2 (9:25, 20d EOD win rate) — 2020-03-26  OR: 09:30/3b
  #1 SPOT   +15m 58%W +0.6%  +30m 58%W +0.4%  +1h 74%W +1.0%  +2h 74%W +0.8%  +5h 63%W +1.2%  EOD 74%W +2.4%  EOD range -3.5% → +6.4%
  #2 LLY    +15m 50%W -0.1%  +30m 56%W +0.1%  +1h 78%W +0.8%  +2h 56%W +0.2%  +5h 61%W +0.8%  EOD 72%W +0.7%  EOD range -5.4% → +7.3%
  Ticker   N          +15m          +30m           +1h           +2h           +5h           EOD           EOD range
  ----------------------------------------------------------------------------------------------------------------------
  SPOT    20  58%W +0.6%  58%W +0.4%  74%W +1.0%  74%W +0.8%  63%W +1.2%  74%W +2.4%       -3.5% → +6.4%
  LLY     20  50%W -0.1%  56%W +0.1%  78%W +0.8%  56%W +0.2%  61%W +0.8%  72%W +0.7%       -5.4% → +7.3%
  SNPS    20  58%W +0.2%  74%W +0.7%  63%W +0.4%  53%W +0.3%  53%W +0.7%  63%W +0.8%       -5.8% → +5.7%
  META    20  68%W +0.6%  79%W +0.9%  68%W +0.8%  58%W +0.3%  53%W +0.7%  58%W +1.7%       -4.2% → +4.7%
  AMD     20  58%W +0.6%  79%W +0.9%  84%W +1.4%  68%W +1.1%  63%W +0.7%  58%W +2.3%       -6.1% → +7.4%
  AVGO    20  68%W +0.4%  63%W +0.4%  63%W +0.3%  58%W +0.2%  53%W +0.0%  58%W +1.5%      -8.0% → +15.7%
  MU      20  58%W +0.4%  74%W +0.8%  74%W +1.1%  68%W +1.1%  42%W -1.0%  53%W +0.7%       -4.5% → +7.4%
  MRVL    20  37%W -0.2%  74%W +1.1%  68%W +0.7%  47%W -0.0%  42%W -0.1%  47%W -0.0%      -4.2% → +10.6%
  CRWD    20  42%W -0.2%  37%W -0.4%  68%W +0.5%  58%W +0.8%  37%W -1.3%  47%W -0.2%      -6.3% → +15.5%
  CHTR    20  68%W +0.3%  68%W +0.4%  68%W +0.1%  42%W -0.2%  42%W -0.3%  47%W -0.9%       -5.6% → +5.1%
  TSLA    20  58%W +0.2%  53%W +0.4%  58%W +0.1%  63%W +1.6%  58%W +1.1%  47%W -0.3%      -7.3% → +15.6%
  QCOM    20  58%W +0.2%  63%W +0.5%  68%W +0.9%  58%W +0.2%  53%W +0.4%  47%W -0.1%       -6.7% → +8.6%
  DDOG    20  47%W -0.1%  58%W +0.3%  74%W +1.2%  58%W +0.6%  47%W -0.3%  42%W -0.7%      -5.5% → +11.1%
Pre-session top-2 (9:25, 20d EOD win rate) — 2020-03-27  OR: 09:30/3b
  #1 SPOT   +15m 58%W +0.6%  +30m 53%W +0.4%  +1h 68%W +0.9%  +2h 68%W +0.7%  +5h 58%W +0.5%  EOD 79%W +2.4%  EOD range -3.5% → +6.4%
  #2 LLY    +15m 56%W +0.1%  +30m 56%W +0.2%  +1h 78%W +0.9%  +2h 56%W +0.5%  +5h 67%W +1.2%  EOD 78%W +1.2%  EOD range -5.4% → +8.9%
  Ticker   N          +15m          +30m           +1h           +2h           +5h           EOD           EOD range
  ----------------------------------------------------------------------------------------------------------------------
  SPOT    20  58%W +0.6%  53%W +0.4%  68%W +0.9%  68%W +0.7%  58%W +0.5%  79%W +2.4%       -3.5% → +6.4%
  LLY     20  56%W +0.1%  56%W +0.2%  78%W +0.9%  56%W +0.5%  67%W +1.2%  78%W +1.2%       -5.4% → +8.9%
  SNPS    20  58%W +0.2%  74%W +0.7%  68%W +0.4%  53%W +0.1%  53%W +0.7%  68%W +2.3%       -5.8% → +5.7%
  META    20  68%W +0.6%  79%W +0.9%  68%W +0.8%  58%W +0.3%  53%W +0.7%  63%W +2.2%       -4.2% → +4.7%
  AMD     20  58%W +0.6%  84%W +1.2%  89%W +1.6%  74%W +1.1%  63%W +0.7%  63%W +2.6%       -6.1% → +7.4%
  AVGO    20  68%W +0.4%  63%W +0.4%  63%W +0.5%  58%W +0.5%  53%W +0.0%  63%W +1.7%      -8.0% → +15.7%
  MU      20  58%W +0.4%  79%W +0.8%  68%W +1.1%  68%W +1.1%  42%W -1.0%  58%W +1.5%       -4.5% → +7.4%
  MRVL    20  42%W -0.1%  79%W +1.2%  74%W +0.8%  53%W +0.3%  47%W -0.1%  53%W +1.1%      -4.2% → +10.6%
  CHTR    20  74%W +0.4%  74%W +0.4%  74%W +0.3%  47%W -0.2%  47%W -0.3%  53%W +0.8%       -5.6% → +5.1%
  QCOM    20  63%W +0.7%  68%W +0.6%  74%W +1.1%  58%W +0.5%  53%W +0.5%  53%W +0.2%       -6.7% → +8.6%
  CRWD    20  42%W -0.2%  42%W -0.4%  68%W +0.5%  58%W +0.8%  37%W -1.3%  47%W -0.2%      -6.3% → +15.5%
  TSLA    20  63%W +0.2%  58%W +0.7%  58%W +0.1%  63%W +1.6%  58%W +1.1%  47%W -0.3%      -7.3% → +15.6%
  DDOG    20  47%W -0.1%  58%W +0.3%  74%W +1.2%  58%W +0.6%  47%W -0.3%  37%W -0.7%      -5.5% → +11.1%
Pre-session top-2 (9:25, 20d EOD win rate) — 2020-03-30  OR: 09:30/3b
  #1 LLY    +15m 61%W +0.3%  +30m 56%W +0.2%  +1h 78%W +0.9%  +2h 56%W +0.5%  +5h 72%W +1.3%  EOD 78%W +1.5%  EOD range -5.4% → +8.9%
  #2 SPOT   +15m 63%W +0.8%  +30m 58%W +0.4%  +1h 74%W +1.0%  +2h 68%W +0.7%  +5h 58%W +0.5%  EOD 74%W +1.4%  EOD range -3.5% → +6.4%
  Ticker   N          +15m          +30m           +1h           +2h           +5h           EOD           EOD range
  ----------------------------------------------------------------------------------------------------------------------
  LLY     20  61%W +0.3%  56%W +0.2%  78%W +0.9%  56%W +0.5%  72%W +1.3%  78%W +1.5%       -5.4% → +8.9%
  SPOT    20  63%W +0.8%  58%W +0.4%  74%W +1.0%  68%W +0.7%  58%W +0.5%  74%W +1.4%       -3.5% → +6.4%
  SNPS    20  58%W +0.2%  74%W +0.7%  68%W +0.4%  47%W -0.1%  53%W +0.7%  68%W +1.5%       -5.8% → +5.7%
  META    20  74%W +0.6%  79%W +0.9%  74%W +0.8%  58%W +0.3%  53%W +0.7%  63%W +1.7%       -4.2% → +4.7%
  AMD     20  63%W +0.8%  84%W +0.9%  89%W +1.4%  74%W +1.1%  63%W +0.7%  63%W +2.3%       -6.1% → +6.7%
  MU      20  63%W +0.7%  79%W +0.9%  68%W +1.1%  68%W +1.0%  42%W -1.0%  58%W +1.5%       -4.5% → +7.4%
  CHTR    20  79%W +0.5%  79%W +0.6%  79%W +0.3%  53%W +0.1%  53%W +0.1%  58%W +0.8%       -5.6% → +5.1%
  AVGO    20  74%W +0.7%  68%W +0.5%  68%W +0.8%  58%W +0.5%  53%W +0.0%  58%W +1.5%      -8.0% → +15.7%
  MRVL    20  47%W -0.0%  79%W +1.2%  74%W +0.8%  53%W +0.3%  47%W -0.1%  53%W +1.1%      -4.2% → +10.6%
  CRWD    20  47%W -0.2%  47%W -0.1%  74%W +0.9%  58%W +0.8%  37%W -1.3%  47%W -0.2%      -6.3% → +15.5%
  TSLA    20  63%W +0.2%  63%W +0.7%  63%W +0.1%  63%W +0.7%  58%W +1.1%  47%W -0.3%      -7.3% → +15.6%
  QCOM    20  68%W +0.7%  68%W +0.6%  74%W +1.1%  58%W +0.5%  53%W +0.5%  47%W -0.1%       -6.7% → +8.6%
  DDOG    20  53%W +0.1%  58%W +0.6%  79%W +1.5%  63%W +0.7%  47%W -0.3%  37%W -0.7%      -5.5% → +11.1%
Pre-session top-2 (9:25, 20d EOD win rate) — 2020-03-31  OR: 09:30/3b
  #1 LLY    +15m 67%W +0.5%  +30m 61%W +0.5%  +1h 78%W +1.0%  +2h 50%W -0.0%  +5h 72%W +1.2%  EOD 72%W +0.9%  EOD range -5.4% → +8.9%
  #2 SNPS   +15m 63%W +0.4%  +30m 79%W +0.8%  +1h 74%W +0.5%  +2h 47%W -0.1%  +5h 58%W +0.9%  EOD 68%W +1.5%  EOD range -5.8% → +5.7%
  Ticker   N          +15m          +30m           +1h           +2h           +5h           EOD           EOD range
  ----------------------------------------------------------------------------------------------------------------------
  LLY     20  67%W +0.5%  61%W +0.5%  78%W +1.0%  50%W -0.0%  72%W +1.2%  72%W +0.9%       -5.4% → +8.9%
  SNPS    20  63%W +0.4%  79%W +0.8%  74%W +0.5%  47%W -0.1%  58%W +0.9%  68%W +1.5%       -5.8% → +5.7%
  SPOT    20  68%W +1.0%  58%W +0.4%  68%W +1.0%  63%W +0.3%  58%W +0.5%  68%W +0.9%       -3.5% → +6.4%
  META    20  79%W +0.6%  84%W +0.9%  79%W +0.9%  58%W +0.3%  58%W +1.0%  63%W +1.7%       -4.2% → +4.7%
  AMD     20  63%W +0.8%  89%W +1.2%  89%W +1.6%  74%W +1.2%  63%W +0.7%  63%W +1.6%       -6.1% → +6.7%
  MU      20  68%W +0.7%  84%W +1.1%  74%W +1.1%  68%W +1.0%  42%W -1.0%  58%W +1.5%       -4.5% → +7.4%
  CHTR    20  79%W +0.5%  79%W +0.4%  79%W +0.3%  53%W +0.6%  53%W +0.4%  58%W +1.3%       -5.6% → +5.1%
  AVGO    20  79%W +0.8%  74%W +0.6%  68%W +0.9%  58%W +0.5%  53%W +0.0%  58%W +1.5%      -8.0% → +15.7%
  MRVL    20  53%W +0.3%  84%W +1.2%  79%W +1.2%  53%W +0.1%  47%W -0.1%  53%W +1.1%      -4.2% → +10.6%
  CRWD    20  53%W +0.0%  53%W +0.1%  74%W +1.1%  58%W +1.1%  42%W -1.1%  53%W +0.1%      -6.3% → +15.5%
  QCOM    20  74%W +0.8%  74%W +0.6%  79%W +1.2%  58%W +0.5%  58%W +1.3%  47%W -0.1%       -6.7% → +8.6%
  TSLA    20  68%W +0.3%  68%W +0.7%  68%W +0.3%  63%W +0.7%  58%W +0.6%  42%W -0.3%      -7.3% → +15.6%
  DDOG    20  58%W +0.2%  63%W +1.2%  84%W +1.6%  68%W +0.7%  53%W +0.4%  42%W -0.6%      -5.5% → +11.1%

=========================================================================================================================================================================================
Pre-Session Top-2 Performance — 2020-03-02 to 2020-03-31  |  Unconditional OR-close entry  |  OR: 09:30/3b
=========================================================================================================================================================================================
Date         Ticker Rank  At       Entry       +15m       +30m       +45m        +1h     +1h30m        +2h        +3h        +4h        +5h        +6h        +7h        EOD
-----------------------------------------------------------------------------------------------------------------------------------------------------------------------------------------
2020-03-02   CRWD   #1    09:45    59.65    -0.21%L    -1.14%L    -1.26%L    +0.48%W    +0.82%W    +0.57%W    +0.57%W    -0.40%L    -1.83%L    -1.74%L    -0.97%L    -0.97%L
2020-03-02   SNPS   #2    09:45   138.07    -1.24%L    -1.16%L    -1.57%L    -0.79%L    -0.21%L    +0.30%W    +0.47%W    -0.01%L    -0.25%L    +1.48%W    +2.65%W    +2.65%W
2020-03-03   SNPS   #1    09:45   140.52    +2.10%W    +1.17%W    +1.37%W    +2.07%W    +1.04%W    +0.77%W    +1.38%W    -0.37%L    -0.46%L    +0.14%W    -0.31%L    -0.31%L
2020-03-03   SPOT   #2    09:45   138.96    +1.13%W    +0.43%W    +0.65%W    +1.54%W    +1.13%W    +0.72%W    +1.04%W    +0.03%W    -0.98%L    -0.85%L    -1.41%L    -1.41%L
2020-03-04   SNPS   #1    09:45   142.59    -0.08%L    +0.14%W    +0.13%W    +0.38%W    +0.13%W    -0.07%L    +0.25%W    +0.84%W    +1.07%W    +2.30%W    +2.97%W    +2.97%W
2020-03-04   SPOT   #2    09:45   138.56    -0.62%L    +0.89%W    +0.42%W    +1.12%W    +1.60%W    +1.66%W    +2.36%W    +2.75%W    +2.56%W    +3.40%W    +4.10%W    +4.10%W
2020-03-05   MRVL   #1    09:45    25.01    -1.69%L    +1.07%W    +1.03%W    +1.90%W    +2.90%W    +1.66%W    -0.33%L    +0.55%W    -0.13%L    -1.13%L    -0.29%L    -0.29%L
2020-03-05   SNPS   #2    09:45   143.52    -0.21%L    +0.28%W    +0.46%W    +0.72%W    +1.17%W    +0.38%W    -1.14%L    -0.70%L    -0.83%L    -0.91%L    -0.61%L    -0.61%L
2020-03-06   SNPS   #1    09:45   137.47    +0.19%W    +0.39%W    +0.92%W    +1.32%W    +0.20%W    -0.39%L    -0.78%L    -1.56%L    -2.31%L    -0.44%L    +0.28%W    +0.28%W
2020-03-06   SPOT   #2    09:45   145.00    -0.27%L    -0.16%L    +0.59%W    +0.85%W    -0.20%L    +0.17%W    -0.85%L    -1.38%L    -2.05%L    +0.35%W    +0.10%W    +0.10%W
2020-03-09   SNPS   #1    09:45   128.50    +1.15%W    +1.89%W    +1.42%W    +0.62%W    +1.07%W    +2.48%W    +1.93%W    +1.37%W    -0.11%L    +1.35%W    -0.80%L    -0.80%L
2020-03-09   SPOT   #2    09:45   135.89    +1.56%W    +4.19%W    +3.47%W    +2.04%W    +3.24%W    +4.58%W    +4.55%W    +4.83%W    +3.12%W    +3.78%W    +2.66%W    +2.66%W
2020-03-10   SNPS   #1    09:45   130.31    +0.51%W    +0.68%W    +0.60%W    +0.36%W    -0.24%L    -0.31%L    -0.01%L    -0.21%L    +1.63%W    +3.38%W    +3.81%W    +3.81%W
2020-03-10   SPOT   #2    09:45   140.61    +0.57%W    -0.50%L    -1.90%L    -2.82%L    -3.51%L    -3.36%L    -3.12%L    -2.67%L    -0.82%L    +0.63%W    +0.91%W    +0.91%W
2020-03-11   SPOT   #1    09:45   138.21    +0.99%W    +0.93%W    +0.41%W    -0.41%L    -0.33%L    -0.15%L    -1.76%L    -2.12%L    -2.57%L    -2.35%L    -2.28%L    -2.28%L
2020-03-11   SNPS   #2    09:45   132.71    +1.08%W    +1.04%W    +0.62%W    -0.32%L    -0.90%L    -1.16%L    -1.36%L    -0.75%L    -1.15%L    -0.79%L    -0.74%L    -0.74%L
2020-03-13   SPOT   #1    09:45   128.43    -1.21%L    -1.50%L    -0.34%L    +0.81%W    -2.36%L    -3.66%L    -4.68%L    -3.14%L    -4.60%L    -0.20%L    +2.43%W    +2.43%W
2020-03-13   AMD    #2    09:45    41.99    -0.14%L    +0.71%W    +1.40%W    +1.09%W    -1.56%L    -5.50%L    -1.57%L    -0.86%L    -2.00%L    +0.49%W    +4.52%W    +4.52%W
2020-03-16   SPOT   #1    09:45   110.96    +8.20%W    +5.83%W    +7.55%W    +6.97%W    +8.78%W    +8.38%W   +10.55%W    +7.97%W    +7.25%W    +6.91%W    +6.09%W    +6.09%W
2020-03-16   AMD    #2    09:45    38.89    +2.72%W    +2.72%W    +4.44%W    +6.42%W    +8.09%W    +8.65%W    +9.35%W    +5.93%W    +5.29%W    +4.28%W    -0.47%L    -0.47%L
2020-03-17   SPOT   #1    09:45   115.44    -2.91%L    -2.30%L    -1.46%L    -0.39%L    +1.39%W    +0.70%W    +0.86%W    +1.60%W    +1.49%W    +2.05%W    +2.98%W    +2.98%W
2020-03-17   LLY    #2    09:45   133.59    -0.70%L    +0.10%W    +1.09%W    +1.62%W    +2.10%W    +3.14%W    +3.20%W    +3.47%W    +3.21%W    +5.73%W    +7.27%W    +7.27%W
2020-03-18   SPOT   #1    09:45   113.98    +5.28%W    +3.12%W    +4.83%W    +4.81%W    +2.72%W    +2.83%W    +2.83%W    +3.65%W    +1.96%W    +4.81%W    +6.38%W    +6.38%W
2020-03-18   LLY    #2    09:45   136.34    +2.05%W    +0.68%W    -0.06%L    +0.41%W    -0.52%L    +1.60%W    +0.36%W    +1.03%W    +0.44%W    +2.36%W    +5.11%W    +5.11%W
2020-03-19   SPOT   #1    09:45   125.08    +4.36%W    +6.59%W    +5.75%W    +5.50%W    +7.44%W    +5.52%W    +7.74%W   +11.55%W    +8.33%W    +5.52%W    +3.23%W    +3.23%W
2020-03-19   LLY    #2    09:45   140.91    -0.33%L    -0.31%L    +0.43%W    -3.10%L    -3.54%L    -1.51%L    -1.45%L    -1.61%L    -1.50%L    -3.87%L    -5.40%L    -5.40%L
2020-03-20   SPOT   #1    09:45   125.14    -0.56%L    -0.63%L    -0.27%L    +0.85%W    +1.71%W    -0.83%L    -0.06%L    -0.91%L    +0.44%W    +0.24%W    -0.75%L    -0.75%L
2020-03-20   LLY    #2    09:45   128.55    +1.08%W    -0.79%L    +0.20%W    +1.93%W    +1.03%W    -0.14%L    -0.33%L    -0.77%L    -1.94%L    -5.19%L    -4.81%L    -4.81%L
2020-03-23   SPOT   #1    09:45   117.71    +2.50%W    +2.78%W    +2.80%W    +2.51%W    +2.81%W    -1.01%L    +0.39%W    -0.23%L    -0.88%L    -1.42%L    +0.39%W    +0.39%W
2020-03-23   SNPS   #2    09:45   108.53    +0.09%W    +0.88%W    +0.51%W    +0.32%W    -0.02%L    -1.67%L    +2.12%W    +0.79%W    +0.69%W    -1.31%L    -0.36%L    -0.36%L
2020-03-24   SPOT   #1    09:45   124.49    +0.83%W    +1.35%W    +3.07%W    +3.30%W    +4.78%W    +5.00%W    +4.95%W    +4.65%W    +3.28%W    +3.80%W    +4.27%W    +4.27%W
2020-03-24   LLY    #2    09:45   122.34    -0.39%L    -2.07%L    -0.67%L    -0.51%L    -0.96%L    -0.36%L    -0.17%L    -1.03%L    -1.80%L    -1.37%L    +0.35%W    +0.35%W
2020-03-25   SPOT   #1    09:45   128.60    +0.47%W    -0.16%L    -0.93%L    -0.69%L    +0.44%W    +0.28%W    +1.32%W    +1.55%W    +0.54%W    -4.88%L    -3.51%L    -3.51%L
2020-03-25   LLY    #2    09:45   121.38    -1.06%L    -0.82%L    -1.10%L    +0.24%W    +1.01%W    +0.12%W    +2.38%W    +3.53%W    +2.45%W    +2.08%W    +0.27%W    +0.27%W
2020-03-26   SPOT   #1    09:45   126.60    +1.03%W    -0.44%L    -0.96%L    -0.13%L    -0.75%L    -1.91%L    -1.09%L    -2.09%L    -0.44%L    -1.00%L    +0.07%W    +0.07%W
2020-03-26   LLY    #2    09:45   123.26    +2.34%W    +4.39%W    +5.98%W    +4.98%W    +7.19%W    +6.92%W    +6.15%W    +7.89%W    +6.56%W    +6.56%W    +8.90%W    +8.90%W
2020-03-27   SPOT   #1    09:45   122.39    +1.20%W    +2.03%W    +1.90%W    +1.29%W    +1.43%W    +0.28%W    -0.71%L    +0.52%W    +1.50%W    +0.71%W    -0.00%L    -0.00%L
2020-03-27   LLY    #2    09:45   132.12    +0.58%W    -0.94%L    -1.24%L    -0.61%L    +0.67%W    -0.64%L    +1.07%W    +1.44%W    +1.61%W    +2.26%W    +1.51%W    +1.51%W
2020-03-30   LLY    #1    09:45   139.03    +0.59%W    +1.23%W    +1.38%W    +1.11%W    -0.30%L    -0.90%L    +0.95%W    -0.40%L    +0.22%W    -0.09%L    -0.40%L    -0.40%L
2020-03-30   SPOT   #2    09:45   124.81    +1.30%W    -0.38%L    -0.88%L    -0.46%L    -0.74%L    -0.18%L    -1.19%L    -2.26%L    -2.22%L    -2.88%L    -2.71%L    -2.71%L
2020-03-31   LLY    #1    09:45   134.87    +0.24%W    +1.33%W    +1.07%W    +1.24%W    +1.66%W    +3.57%W    +3.18%W    +3.69%W    +3.73%W    +1.78%W    +2.71%W    +2.71%W
2020-03-31   SNPS   #2    09:45   128.89    -0.92%L    +0.20%W    -0.17%L    +0.02%W    +0.33%W    +0.90%W    +0.82%W    +0.83%W    +0.61%W    -0.08%L    +0.09%W    +0.09%W

========================================================================================
Pre-session picks summary — 42 pick(s) across 22 trading day(s)

Top-2 picks (all days)  (42 signal(s))
  Hold      Count   Win Rate   Avg Gain    Avg Win   Avg Loss  Exp Value  Total P&L
  ------------------------------------------------------------------------------------
  +15m         42      61.9%      +0.75%      +1.70%      -0.78%      +0.75%     +31.60%
  +30m         42      64.3%      +0.80%      +1.74%      -0.89%      +0.80%     +33.72%
  +45m         42      66.7%      +0.99%      +1.95%      -0.91%      +0.99%     +41.67%
  +1h          42      73.8%      +1.16%      +1.90%      -0.93%      +1.16%     +48.58%
  +1h30m       42      64.3%      +1.21%      +2.48%      -1.08%      +1.21%     +50.74%
  +2h          42      57.1%      +0.89%      +2.55%      -1.32%      +0.89%     +37.42%
  +3h          42      59.5%      +1.19%      +2.83%      -1.21%      +1.19%     +50.14%
  +4h          42      52.4%      +1.12%      +3.20%      -1.17%      +1.12%     +46.98%
  +5h          42      52.4%      +0.69%      +2.63%      -1.44%      +0.69%     +29.10%
  +6h          42      57.1%      +0.85%      +2.77%      -1.69%      +0.85%     +35.87%
  +7h          42      59.5%      +1.15%      +2.96%      -1.52%      +1.15%     +48.22%
  EOD          42      59.5%      +1.15%      +2.96%      -1.52%      +1.15%     +48.22%

=========================================================================================================================================================================================
Signal Analysis — 2020-03-02 to 2020-03-31  |  BULL only  |  Vol ≥ 1.0x 20dAvg
Windows: 09:30/3b  |  Collection: 3 bars  |  Tickers: 19
=========================================================================================================================================================================================
Date         Ticker Window   At       Entry  Vol/20d       +15m       +30m       +45m        +1h     +1h30m        +2h        +3h        +4h        +5h        +6h        +7h        EOD
-----------------------------------------------------------------------------------------------------------------------------------------------------------------------------------------
2020-03-02   DDOG   09:30/3b 09:40    44.96    2.05x    -0.18%L    -1.36%L    -2.09%L    -1.76%L    -1.66%L    -1.42%L    +1.48%W    -0.80%L    -2.29%L    -1.16%L    -0.53%L    -0.53%L
2020-03-03   CHTR   09:30/3b 09:40   500.00    1.28x    +0.14%W    +0.06%W    -0.04%L    +0.35%W    -0.35%L    -0.21%L    +0.03%W    -0.07%L    -1.08%L    -0.26%L    -1.03%L    -1.03%L
2020-03-04   CHTR   09:30/3b 09:50   505.96    2.09x    +0.18%W    +0.66%W    +0.70%W    +0.67%W    +0.84%W    +0.87%W    +1.12%W    +1.97%W    +2.24%W    +3.61%W    +3.34%W    +3.34%W
2020-03-05   AVGO   09:30/3b 09:40   280.50    1.07x    -0.31%L    -0.51%L    -0.52%L    -0.31%L    +0.56%W    +0.21%W    -1.27%L    -1.47%L    -2.00%L    -2.50%L    -2.30%L    -2.30%L
2020-03-06   LLY    09:30/3b 09:50   137.14    2.87x    +0.70%W    +0.76%W    +2.08%W    +2.23%W    +2.15%W    +1.99%W    +2.02%W    +2.29%W    +0.77%W    +3.15%W    +3.16%W    +3.16%W
2020-03-09   LLY    09:30/3b 10:00   138.47    1.65x    +0.66%W    +1.12%W    +0.32%W    -1.11%L    +0.64%W    +0.40%W    -1.14%L    -2.89%L    -1.71%L    -2.22%L    -2.22%L    -2.22%L
2020-03-10   CHTR   09:30/3b 09:40   470.07    1.27x    -0.02%L    +0.44%W    +0.70%W    +0.24%W    -0.83%L    -0.87%L    -0.89%L    -0.29%L    -0.72%L    +0.38%W    +1.38%W    +1.38%W
2020-03-11   CHTR   09:30/3b 09:40   474.09    1.42x    -0.87%L    -0.81%L    -0.97%L    -1.23%L    -1.43%L    -2.47%L    -3.66%L    -4.15%L    -4.87%L    -5.38%L    -4.95%L    -4.95%L
2020-03-11   LLY    09:30/3b 09:40   140.55    1.54x    +0.56%W    +0.25%W    +0.42%W    +0.44%W    +0.11%W    -1.10%L    -0.66%L    -1.89%L    -1.01%L    -0.27%L    -0.37%L    -0.37%L
2020-03-13   CRWD   09:30/3b 09:50    38.82    1.24x    -0.54%L    +0.26%W    +0.33%W    -0.03%L    -3.25%L    -4.95%L    -2.61%L    +0.46%W    -2.04%L    +1.83%W    +1.91%W    +1.91%W
2020-03-16   AVGO   09:30/3b 09:50   213.22    2.20x    -2.69%L    -4.44%L    -2.50%L    -3.33%L    -3.80%L    -5.10%L    -7.74%L    -8.08%L    -9.71%L   -11.19%L   -12.02%L   -12.02%L
2020-03-18   SPOT   09:30/3b 09:40   116.25    1.79x    +1.54%W    +0.41%W    +0.83%W    +4.08%W    +0.96%W    -0.02%L    +0.94%W    +1.08%W    +1.41%W    +3.71%W    +4.30%W    +4.30%W
2020-03-19   TSLA   09:30/3b 09:45   369.65    1.45x    +8.71%W   +13.37%W   +13.55%W    +6.66%W   +11.00%W   +11.86%W   +12.42%W   +14.24%W   +22.11%W   +16.19%W   +15.59%W   +15.59%W
2020-03-19   SPOT   09:30/3b 09:40   122.37    1.33x    +6.24%W    +9.95%W    +9.66%W    +8.08%W    +9.50%W    +7.93%W    +9.77%W   +14.40%W   +10.55%W    +9.28%W    +5.52%W    +5.52%W
2020-03-19   QCOM   09:30/3b 09:45    60.52    1.40x    +5.25%W    +9.39%W   +11.27%W    +7.50%W    +7.34%W    +9.77%W    +5.66%W    +6.06%W    +9.24%W    +8.58%W    +7.40%W    +7.40%W
2020-03-19   AVGO   09:30/3b 09:45   168.13    1.45x    +7.13%W    +8.67%W   +12.80%W    +9.20%W   +10.81%W   +15.10%W   +11.47%W   +14.10%W   +21.79%W   +17.01%W   +15.71%W   +15.71%W
2020-03-20   SPOT   09:30/3b 09:45   125.14    2.59x    -0.56%L    -0.63%L    -0.27%L    +0.85%W    +1.71%W    -0.83%L    -0.06%L    -0.91%L    +0.44%W    +0.24%W    -0.75%L    -0.75%L
2020-03-23   MU     09:30/3b 09:45    37.13    1.43x    +3.57%W    +4.12%W    +5.71%W    +4.01%W    -0.54%L    -1.56%L    +0.78%W    +3.23%W    +3.61%W    +0.67%W    +3.07%W    +3.07%W
2020-03-23   CRWD   09:30/3b 09:45    47.77    2.53x    +0.25%W    +0.40%W    +3.27%W    +2.68%W    +2.66%W    +0.82%W    +4.51%W    +4.84%W    +5.07%W    +6.93%W    +8.02%W    +8.02%W
2020-03-23   CHTR   09:30/3b 09:40   376.21    1.27x    +1.46%W    +1.70%W    +2.30%W    +1.52%W    +0.55%W    -1.21%L    +3.35%W    +4.64%W    +2.51%W    +1.06%W    +1.45%W    +1.45%W
2020-03-23   QCOM   09:30/3b 09:45    60.81    1.05x    +1.20%W    +1.76%W    +2.24%W    +2.47%W    +0.94%W    -0.62%L    +4.01%W    +6.10%W    +3.91%W    +1.05%W    +2.84%W    +2.84%W
2020-03-23   DDOG   09:30/3b 09:50    32.77    1.21x    -1.82%L    -1.13%L    -0.85%L    -1.51%L    -5.17%L    -5.10%L    -3.17%L    -1.68%L    -0.98%L    +0.58%W    +0.21%W    +0.21%W
2020-03-25   META   09:30/3b 09:40   159.84    1.11x    -2.79%L    -3.51%L    -3.39%L    -2.18%L    -1.95%L    -1.87%L    -0.62%L    +1.50%W    +0.25%W    -1.01%L    -2.30%L    -2.30%L
2020-03-25   CHTR   09:30/3b 09:40   424.76    1.62x    -1.09%L    -2.77%L    -1.84%L    -2.47%L    -3.23%L    -3.20%L    -1.22%L    +1.76%W    +3.18%W    +1.19%W    -1.02%L    -1.02%L
2020-03-25   SNPS   09:30/3b 09:40   121.02    3.36x    -0.94%L    -2.16%L    -1.88%L    -1.69%L    -1.15%L    -1.68%L    +0.64%W    +3.03%W    +1.93%W    +2.60%W    +0.10%W    +0.10%W
2020-03-26   MU     09:30/3b 09:40    44.58    2.07x    -1.35%L    -0.84%L    -1.65%L    -1.06%L    -1.65%L    +1.28%W    +1.85%W    -0.41%L    -0.77%L    -0.82%L    +0.53%W    +0.53%W
2020-03-26   AVGO   09:30/3b 09:40   231.73    1.08x    +3.11%W    +4.95%W    +3.86%W    +4.57%W    +2.93%W    +4.71%W    +4.19%W    +2.28%W    +1.91%W    +3.59%W    +5.00%W    +5.00%W
2020-03-31   SPOT   09:30/3b 09:40   123.97    1.14x    -1.77%L    +0.07%W    -0.26%L    -0.39%L    -0.53%L    -0.08%L    -0.93%L    -1.27%L    -0.86%L    -2.65%L    -2.02%L    -2.02%L

========================================================================================
Summary — 28 qualifying signal(s) across 22 trading day(s)

Window 09:30/3b  (28 signal(s))
  Hold      Count   Win Rate   Avg Gain    Avg Win   Avg Loss  Exp Value  Total P&L
  ------------------------------------------------------------------------------------
  +15m         28      53.6%      +0.92%      +2.71%      -1.15%      +0.92%     +25.76%
  +30m         28      64.3%      +1.44%      +3.24%      -1.81%      +1.44%     +40.20%
  +45m         28      57.1%      +1.92%      +4.38%      -1.36%      +1.92%     +53.77%
  +1h          28      57.1%      +1.37%      +3.47%      -1.42%      +1.37%     +38.49%
  +1h30m       28      53.6%      +0.97%      +3.51%      -1.96%      +0.97%     +27.16%
  +2h          28      39.3%      +0.81%      +4.99%      -1.90%      +0.81%     +22.65%
  +3h          28      57.1%      +1.44%      +4.02%      -2.00%      +1.44%     +40.28%
  +4h          28      57.1%      +2.07%      +5.12%      -1.99%      +2.07%     +58.07%
  +5h          28      57.1%      +2.25%      +5.68%      -2.34%      +2.25%     +62.90%
  +6h          28      64.3%      +1.94%      +4.54%      -2.75%      +1.94%     +54.19%
  +7h          28      60.7%      +1.79%      +4.68%      -2.68%      +1.79%     +50.03%
  EOD          28      60.7%      +1.79%      +4.68%      -2.68%      +1.79%     +50.03%
