Fetching 5-min bars (2023-12-18 → 2024-02-29) [alpaca]...
  [cache] fetching 1 tickers from alpaca (cache miss)
  [cache] loaded 18 tickers from cache
Fetching daily bars (2023-02-01 → 2024-02-29)...

=========================================================================================================================================================================================
Pre-Session Rankings (9:25) — 2024-02-01 to 2024-02-29  |  20d lookback
(Unconditional hold from OR close — no signal or vol filter)
=========================================================================================================================================================================================
Pre-session top-2 (9:25, 20d EOD win rate) — 2024-02-01  OR: 09:30/3b
  #1 APP    +15m 40%W -0.2%  +30m 60%W +0.2%  +1h 50%W +0.1%  +2h 60%W +0.6%  +5h 80%W +0.8%  EOD 80%W +0.8%  EOD range -7.6% → +5.3%
  #2 META   +15m 50%W -0.0%  +30m 60%W +0.1%  +1h 65%W +0.1%  +2h 65%W +0.3%  +5h 75%W +0.4%  EOD 75%W +0.2%  EOD range -1.2% → +1.6%
  Ticker   N          +15m          +30m           +1h           +2h           +5h           EOD           EOD range
  ----------------------------------------------------------------------------------------------------------------------
  APP     20    40%W -0.2%    60%W +0.2%    50%W +0.1%    60%W +0.6%    80%W +0.8%    80%W +0.8%       -7.6% → +5.3%
  META    20    50%W -0.0%    60%W +0.1%    65%W +0.1%    65%W +0.3%    75%W +0.4%    75%W +0.2%       -1.2% → +1.6%
  SPOT    20    45%W -0.0%    55%W +0.1%    60%W +0.2%    65%W +0.3%    80%W +0.4%    70%W +0.5%       -1.6% → +3.2%
  DDOG    20    55%W +0.1%    45%W -0.0%    65%W +0.5%    70%W +0.3%    60%W +0.9%    70%W +0.7%       -4.8% → +2.8%
  LLY     20    45%W -0.0%    45%W -0.0%    60%W +0.1%    60%W +0.2%    65%W +0.2%    65%W +0.2%       -1.4% → +2.1%
  SNOW    20    45%W -0.1%    60%W +0.1%    70%W +0.3%    60%W +0.3%    60%W +0.3%    60%W +0.4%       -2.8% → +3.3%
  MU      20    55%W +0.0%    55%W +0.1%    45%W -0.2%    55%W +0.1%    60%W +0.3%    60%W +0.2%       -2.5% → +2.5%
  AVGO    20    50%W -0.0%    65%W +0.2%    65%W +0.3%    70%W +0.4%    60%W +0.4%    60%W +0.7%       -2.0% → +3.4%
  ARM     20    70%W +0.2%    65%W +0.5%    75%W +0.8%    60%W +0.3%    50%W +0.1%    60%W +0.4%       -3.0% → +5.0%
  AMD     20    35%W -0.2%    60%W +0.2%    60%W +0.4%    65%W +0.8%    60%W +0.7%    60%W +0.4%       -3.1% → +6.3%
  MRVL    20    65%W +0.4%    65%W +0.2%    55%W +0.2%    45%W -0.1%    70%W +0.7%    55%W +1.1%       -2.3% → +4.7%
  CRWD    20    50%W -0.0%    60%W +0.2%    60%W +0.1%    45%W -0.2%    60%W +0.3%    55%W +0.3%       -2.8% → +2.3%
  QCOM    20    55%W +0.0%    55%W +0.1%    45%W -0.2%    60%W +0.0%    60%W +0.3%    55%W +0.3%       -1.7% → +2.6%
  PLTR    20    45%W -0.0%    60%W +0.1%    40%W -0.3%    30%W -0.5%    50%W -0.1%    50%W -0.3%       -4.7% → +2.7%
  SNPS    20    45%W -0.1%    50%W +0.0%    60%W +0.2%    45%W -0.0%    50%W -0.0%    45%W -0.1%       -1.9% → +3.4%
  CHTR    20    45%W -0.0%    35%W -0.1%    45%W -0.1%    35%W -0.4%    30%W -0.2%    35%W -0.3%       -2.5% → +2.7%
  TSLA    20    55%W +0.1%    40%W -0.2%    50%W -0.2%    40%W -0.4%    45%W -0.4%    30%W -0.7%       -3.3% → +3.3%
Pre-session top-2 (9:25, 20d EOD win rate) — 2024-02-02  OR: 09:30/3b
  #1 APP    +15m 40%W -0.1%  +30m 65%W +0.2%  +1h 50%W +0.1%  +2h 60%W +0.6%  +5h 75%W +0.8%  EOD 75%W +0.8%  EOD range -7.6% → +5.3%
  #2 META   +15m 50%W -0.0%  +30m 60%W +0.1%  +1h 65%W +0.1%  +2h 65%W +0.3%  +5h 75%W +0.4%  EOD 75%W +0.2%  EOD range -1.2% → +1.6%
  Ticker   N          +15m          +30m           +1h           +2h           +5h           EOD           EOD range
  ----------------------------------------------------------------------------------------------------------------------
  APP     20    40%W -0.1%    65%W +0.2%    50%W +0.1%    60%W +0.6%    75%W +0.8%    75%W +0.8%       -7.6% → +5.3%
  META    20    50%W -0.0%    60%W +0.1%    65%W +0.1%    65%W +0.3%    75%W +0.4%    75%W +0.2%       -1.2% → +1.6%
  SPOT    20    45%W -0.0%    55%W +0.1%    60%W +0.2%    65%W +0.3%    85%W +0.4%    75%W +0.5%       -1.6% → +3.2%
  DDOG    20    55%W +0.1%    50%W +0.1%    70%W +0.5%    75%W +0.3%    65%W +1.1%    75%W +0.8%       -4.8% → +2.8%
  SNOW    20    45%W -0.1%    60%W +0.1%    75%W +0.3%    65%W +0.4%    65%W +0.4%    65%W +0.4%       -2.8% → +3.3%
  LLY     20    40%W -0.1%    40%W -0.1%    60%W +0.1%    60%W +0.2%    65%W +0.2%    65%W +0.2%       -1.4% → +1.8%
  AVGO    20    50%W -0.0%    70%W +0.3%    70%W +0.4%    75%W +0.4%    65%W +0.5%    65%W +0.8%       -2.0% → +3.4%
  AMD     20    40%W -0.2%    60%W +0.2%    65%W +0.6%    70%W +0.8%    65%W +0.8%    65%W +0.7%       -3.1% → +6.3%
  CRWD    20    45%W -0.0%    60%W +0.2%    60%W +0.1%    45%W -0.2%    65%W +0.5%    60%W +0.5%       -2.8% → +2.3%
  MU      20    50%W -0.0%    50%W -0.0%    40%W -0.3%    50%W -0.0%    55%W +0.2%    55%W +0.2%       -2.5% → +2.5%
  MRVL    20    65%W +0.4%    65%W +0.2%    55%W +0.2%    45%W -0.1%    70%W +0.7%    55%W +1.1%       -2.3% → +4.7%
  QCOM    20    55%W +0.0%    55%W +0.1%    50%W -0.1%    65%W +0.1%    60%W +0.3%    55%W +0.3%       -1.7% → +2.6%
  ARM     20    70%W +0.2%    65%W +0.5%    70%W +0.8%    55%W +0.3%    45%W -0.2%    55%W +0.4%       -3.0% → +5.0%
  SNPS    20    45%W -0.1%    55%W +0.0%    65%W +0.3%    50%W +0.0%    55%W +0.1%    50%W +0.2%       -1.9% → +3.4%
  PLTR    20    45%W -0.0%    60%W +0.1%    40%W -0.3%    30%W -0.5%    50%W -0.1%    50%W -0.2%       -4.7% → +2.7%
  CHTR    20    45%W -0.0%    35%W -0.1%    45%W -0.1%    35%W -0.4%    30%W -0.2%    40%W -0.3%       -2.5% → +2.7%
  TSLA    20    55%W +0.1%    40%W -0.2%    50%W -0.2%    40%W -0.4%    40%W -0.6%    30%W -0.5%       -3.3% → +3.3%
Pre-session top-2 (9:25, 20d EOD win rate) — 2024-02-05  OR: 09:30/3b
  #1 APP    +15m 45%W -0.1%  +30m 65%W +0.2%  +1h 55%W +0.3%  +2h 60%W +0.6%  +5h 75%W +0.8%  EOD 75%W +0.8%  EOD range -7.6% → +8.2%
  #2 META   +15m 50%W -0.0%  +30m 60%W +0.1%  +1h 65%W +0.2%  +2h 65%W +0.3%  +5h 75%W +0.4%  EOD 75%W +0.2%  EOD range -1.2% → +1.6%
  Ticker   N          +15m          +30m           +1h           +2h           +5h           EOD           EOD range
  ----------------------------------------------------------------------------------------------------------------------
  APP     20    45%W -0.1%    65%W +0.2%    55%W +0.3%    60%W +0.6%    75%W +0.8%    75%W +0.8%       -7.6% → +8.2%
  META    20    50%W -0.0%    60%W +0.1%    65%W +0.2%    65%W +0.3%    75%W +0.4%    75%W +0.2%       -1.2% → +1.6%
  SPOT    20    40%W -0.1%    50%W -0.0%    60%W +0.2%    65%W +0.3%    85%W +0.4%    75%W +0.5%       -1.6% → +3.2%
  DDOG    20    55%W +0.1%    45%W -0.0%    65%W +0.5%    75%W +0.3%    65%W +0.9%    75%W +0.7%       -4.8% → +2.8%
  LLY     20    35%W -0.1%    40%W -0.1%    60%W +0.1%    60%W +0.2%    65%W +0.2%    70%W +0.3%       -1.4% → +1.8%
  AVGO    20    55%W +0.0%    70%W +0.3%    70%W +0.4%    75%W +0.4%    70%W +0.5%    70%W +0.8%       -2.0% → +3.4%
  SNOW    20    45%W -0.1%    60%W +0.1%    75%W +0.3%    65%W +0.4%    65%W +0.4%    65%W +0.5%       -2.8% → +4.7%
  CRWD    20    50%W +0.1%    55%W +0.2%    60%W +0.1%    45%W -0.2%    65%W +0.7%    65%W +0.7%       -2.8% → +2.3%
  AMD     20    45%W -0.1%    60%W +0.1%    60%W +0.2%    65%W +0.5%    65%W +0.8%    65%W +0.7%       -3.1% → +6.3%
  MU      20    55%W +0.0%    50%W -0.0%    40%W -0.3%    50%W -0.0%    60%W +0.3%    60%W +0.2%       -2.5% → +2.5%
  SNPS    20    45%W -0.1%    50%W +0.0%    60%W +0.2%    50%W -0.0%    55%W +0.1%    55%W +0.5%       -1.9% → +3.4%
  QCOM    20    60%W +0.1%    55%W +0.0%    50%W -0.1%    65%W +0.1%    60%W +0.3%    55%W +0.3%       -1.7% → +2.6%
  ARM     20    70%W +0.2%    65%W +0.5%    70%W +0.5%    55%W +0.3%    50%W -0.0%    55%W +0.4%       -3.0% → +5.0%
  MRVL    20    70%W +0.4%    70%W +0.2%    55%W +0.1%    40%W -0.1%    65%W +0.7%    50%W +0.3%       -2.3% → +4.7%
  PLTR    20    45%W -0.0%    60%W +0.1%    40%W -0.3%    30%W -0.5%    50%W -0.1%    50%W -0.2%       -4.7% → +4.3%
  CHTR    20    50%W +0.0%    35%W -0.1%    50%W -0.0%    35%W -0.4%    30%W -0.2%    40%W -0.3%       -4.1% → +2.7%
  TSLA    20    55%W +0.1%    35%W -0.2%    45%W -0.3%    35%W -0.4%    40%W -0.6%    35%W -0.5%       -3.3% → +3.3%
Pre-session top-2 (9:25, 20d EOD win rate) — 2024-02-06  OR: 09:30/3b
  #1 SPOT   +15m 45%W -0.0%  +30m 55%W +0.1%  +1h 60%W +0.2%  +2h 65%W +0.3%  +5h 85%W +0.5%  EOD 80%W +0.6%  EOD range -1.6% → +3.2%
  #2 APP    +15m 50%W -0.0%  +30m 60%W +0.2%  +1h 50%W +0.1%  +2h 55%W +0.5%  +5h 75%W +0.6%  EOD 75%W +0.9%  EOD range -7.6% → +8.2%
  Ticker   N          +15m          +30m           +1h           +2h           +5h           EOD           EOD range
  ----------------------------------------------------------------------------------------------------------------------
  SPOT    20    45%W -0.0%    55%W +0.1%    60%W +0.2%    65%W +0.3%    85%W +0.5%    80%W +0.6%       -1.6% → +3.2%
  APP     20    50%W -0.0%    60%W +0.2%    50%W +0.1%    55%W +0.5%    75%W +0.6%    75%W +0.9%       -7.6% → +8.2%
  META    20    55%W +0.0%    55%W +0.1%    60%W +0.1%    60%W +0.2%    75%W +0.4%    70%W +0.1%       -1.2% → +1.6%
  LLY     20    40%W -0.1%    45%W -0.1%    60%W +0.1%    60%W +0.2%    65%W +0.2%    70%W +0.3%       -1.4% → +1.8%
  AVGO    20    60%W +0.0%    70%W +0.2%    65%W +0.4%    70%W +0.4%    75%W +0.5%    70%W +0.8%       -2.0% → +3.4%
  DDOG    20    50%W -0.0%    40%W -0.1%    60%W +0.4%    70%W +0.3%    60%W +0.5%    70%W +0.7%       -4.8% → +2.8%
  SNOW    20    40%W -0.2%    55%W +0.1%    70%W +0.2%    60%W +0.2%    60%W +0.3%    60%W +0.4%       -2.8% → +4.7%
  SNPS    20    45%W -0.1%    45%W -0.0%    55%W +0.1%    50%W -0.0%    60%W +0.2%    60%W +0.5%       -1.9% → +3.4%
  MU      20    55%W +0.0%    45%W -0.1%    35%W -0.4%    45%W -0.1%    60%W +0.3%    60%W +0.2%       -2.5% → +2.3%
  CRWD    20    45%W -0.0%    50%W +0.1%    55%W +0.1%    40%W -0.2%    60%W +0.5%    60%W +0.5%       -2.8% → +2.3%
  ARM     20    70%W +0.3%    65%W +0.5%    65%W +0.3%    55%W +0.3%    55%W +0.3%    60%W +0.5%       -3.0% → +5.0%
  AMD     20    40%W -0.2%    55%W +0.0%    55%W +0.1%    60%W +0.2%    60%W +0.7%    60%W +0.5%       -3.1% → +6.3%
  QCOM    20    60%W +0.1%    55%W +0.0%    50%W -0.1%    65%W +0.2%    60%W +0.4%    55%W +0.7%       -1.7% → +2.6%
  MRVL    20    65%W +0.4%    65%W +0.2%    50%W -0.0%    35%W -0.2%    60%W +0.2%    45%W -0.3%       -2.3% → +4.7%
  PLTR    20    45%W -0.0%    55%W +0.1%    40%W -0.4%    30%W -0.7%    45%W -0.4%    45%W -0.7%       -4.7% → +4.3%
  CHTR    20    45%W -0.0%    30%W -0.1%    45%W -0.1%    40%W -0.2%    30%W -0.2%    40%W -0.3%       -4.1% → +2.7%
  TSLA    20    55%W +0.0%    30%W -0.3%    40%W -0.4%    30%W -0.7%    35%W -0.6%    30%W -0.7%       -3.3% → +3.3%
Pre-session top-2 (9:25, 20d EOD win rate) — 2024-02-07  OR: 09:30/3b
  #1 SPOT   +15m 50%W -0.0%  +30m 55%W +0.1%  +1h 55%W +0.1%  +2h 60%W +0.1%  +5h 80%W +0.4%  EOD 75%W +0.5%  EOD range -4.6% → +3.2%
  #2 APP    +15m 50%W -0.0%  +30m 55%W +0.1%  +1h 45%W -0.1%  +2h 50%W +0.1%  +5h 70%W +0.4%  EOD 70%W +0.8%  EOD range -7.6% → +8.2%
  Ticker   N          +15m          +30m           +1h           +2h           +5h           EOD           EOD range
  ----------------------------------------------------------------------------------------------------------------------
  SPOT    20    50%W -0.0%    55%W +0.1%    55%W +0.1%    60%W +0.1%    80%W +0.4%    75%W +0.5%       -4.6% → +3.2%
  APP     20    50%W -0.0%    55%W +0.1%    45%W -0.1%    50%W +0.1%    70%W +0.4%    70%W +0.8%       -7.6% → +8.2%
  META    20    55%W +0.0%    55%W +0.1%    60%W +0.1%    60%W +0.2%    70%W +0.4%    65%W +0.1%       -1.9% → +1.6%
  LLY     20    40%W -0.1%    45%W -0.1%    60%W +0.1%    60%W +0.2%    60%W +0.1%    65%W +0.2%       -3.0% → +1.8%
  AVGO    20    55%W +0.0%    65%W +0.1%    60%W +0.3%    65%W +0.4%    70%W +0.5%    65%W +0.7%       -2.1% → +3.4%
  DDOG    20    45%W -0.1%    35%W -0.2%    55%W +0.2%    65%W +0.3%    55%W +0.1%    65%W +0.6%       -4.8% → +2.8%
  SNOW    20    40%W -0.2%    55%W +0.1%    70%W +0.2%    60%W +0.2%    55%W +0.2%    55%W +0.4%       -2.8% → +4.7%
  SNPS    20    40%W -0.2%    40%W -0.1%    50%W +0.0%    45%W -0.0%    55%W +0.1%    55%W +0.5%       -2.0% → +3.4%
  MU      20    50%W -0.0%    40%W -0.2%    30%W -0.4%    40%W -0.2%    55%W +0.2%    55%W +0.2%       -2.5% → +2.3%
  CRWD    20    40%W -0.1%    45%W -0.0%    50%W +0.0%    35%W -0.3%    55%W +0.2%    55%W +0.3%       -2.8% → +2.0%
  QCOM    20    55%W +0.0%    50%W +0.0%    45%W -0.2%    60%W +0.1%    60%W +0.3%    55%W +0.5%       -1.7% → +2.6%
  ARM     20    65%W +0.2%    65%W +0.4%    65%W +0.2%    50%W +0.1%    55%W +0.2%    55%W +0.4%       -3.0% → +4.3%
  AMD     20    35%W -0.4%    50%W -0.0%    50%W +0.0%    55%W +0.2%    55%W +0.6%    55%W +0.3%       -3.1% → +6.3%
  PLTR    20    45%W -0.0%    55%W +0.1%    35%W -0.5%    30%W -0.7%    45%W -0.4%    45%W -0.7%       -4.7% → +4.7%
  MRVL    20    60%W +0.2%    60%W +0.1%    45%W -0.2%    30%W -0.3%    55%W +0.1%    40%W -0.3%       -2.3% → +2.8%
  CHTR    20    45%W -0.0%    25%W -0.2%    40%W -0.1%    35%W -0.4%    25%W -0.3%    35%W -0.3%       -4.4% → +2.7%
  TSLA    20    50%W -0.1%    30%W -0.3%    35%W -0.5%    25%W -0.9%    30%W -0.6%    30%W -0.7%       -3.3% → +3.3%
Pre-session top-2 (9:25, 20d EOD win rate) — 2024-02-08  OR: 09:30/3b
  #1 SPOT   +15m 55%W +0.1%  +30m 50%W +0.0%  +1h 55%W +0.1%  +2h 60%W +0.4%  +5h 85%W +0.5%  EOD 80%W +0.6%  EOD range -4.6% → +3.2%
  #2 APP    +15m 50%W -0.0%  +30m 55%W +0.1%  +1h 45%W -0.1%  +2h 50%W +0.1%  +5h 70%W +0.4%  EOD 70%W +0.8%  EOD range -7.6% → +8.2%
  Ticker   N          +15m          +30m           +1h           +2h           +5h           EOD           EOD range
  ----------------------------------------------------------------------------------------------------------------------
  SPOT    20    55%W +0.1%    50%W +0.0%    55%W +0.1%    60%W +0.4%    85%W +0.5%    80%W +0.6%       -4.6% → +3.2%
  APP     20    50%W -0.0%    55%W +0.1%    45%W -0.1%    50%W +0.1%    70%W +0.4%    70%W +0.8%       -7.6% → +8.2%
  LLY     20    45%W -0.0%    50%W -0.0%    65%W +0.1%    65%W +0.3%    65%W +0.2%    70%W +0.3%       -3.0% → +1.8%
  META    20    60%W +0.1%    55%W +0.1%    60%W +0.1%    60%W +0.2%    70%W +0.4%    65%W +0.1%       -1.9% → +1.6%
  AVGO    20    55%W +0.0%    65%W +0.1%    60%W +0.4%    65%W +0.4%    70%W +0.5%    65%W +0.7%       -2.1% → +3.4%
  MU      20    50%W -0.0%    45%W -0.2%    35%W -0.4%    45%W -0.2%    60%W +0.3%    60%W +0.2%       -2.5% → +2.3%
  DDOG    20    45%W -0.1%    35%W -0.2%    55%W +0.2%    60%W +0.2%    55%W +0.1%    60%W +0.5%       -4.8% → +2.8%
  SNOW    20    40%W -0.2%    55%W +0.1%    70%W +0.2%    60%W +0.2%    55%W +0.2%    55%W +0.4%       -2.8% → +4.7%
  SNPS    20    40%W -0.2%    40%W -0.1%    50%W +0.0%    45%W -0.0%    55%W +0.1%    55%W +0.5%       -2.0% → +3.4%
  CRWD    20    40%W -0.1%    45%W -0.0%    50%W +0.0%    35%W -0.3%    55%W +0.2%    55%W +0.3%       -2.8% → +2.0%
  QCOM    20    55%W +0.0%    50%W +0.0%    45%W -0.2%    60%W +0.1%    60%W +0.3%    55%W +0.5%       -1.7% → +2.6%
  ARM     20    60%W +0.1%    65%W +0.3%    65%W +0.2%    50%W +0.1%    55%W +0.2%    55%W +0.4%       -3.0% → +5.5%
  AMD     20    35%W -0.4%    50%W -0.0%    50%W +0.0%    55%W +0.2%    55%W +0.6%    55%W +0.3%       -3.1% → +6.3%
  MRVL    20    60%W +0.1%    65%W +0.2%    50%W -0.0%    35%W -0.3%    55%W +0.2%    45%W -0.3%       -2.3% → +4.8%
  PLTR    20    45%W -0.0%    55%W +0.1%    35%W -0.5%    30%W -0.7%    45%W -0.4%    45%W -0.7%       -4.7% → +5.4%
  CHTR    20    40%W -0.0%    25%W -0.3%    45%W -0.1%    35%W -0.4%    25%W -0.2%    35%W -0.5%       -4.4% → +2.7%
  TSLA    20    50%W -0.1%    30%W -0.3%    40%W -0.4%    30%W -0.7%    35%W -0.6%    35%W -0.6%       -3.3% → +3.3%
Pre-session top-2 (9:25, 20d EOD win rate) — 2024-02-09  OR: 09:30/3b
  #1 SPOT   +15m 55%W +0.1%  +30m 45%W -0.1%  +1h 55%W +0.1%  +2h 60%W +0.4%  +5h 80%W +0.4%  EOD 75%W +0.5%  EOD range -4.6% → +3.2%
  #2 APP    +15m 55%W +0.0%  +30m 55%W +0.1%  +1h 40%W -0.1%  +2h 45%W -0.1%  +5h 65%W +0.3%  EOD 65%W +0.5%  EOD range -7.6% → +8.2%
  Ticker   N          +15m          +30m           +1h           +2h           +5h           EOD           EOD range
  ----------------------------------------------------------------------------------------------------------------------
  SPOT    20    55%W +0.1%    45%W -0.1%    55%W +0.1%    60%W +0.4%    80%W +0.4%    75%W +0.5%       -4.6% → +3.2%
  APP     20    55%W +0.0%    55%W +0.1%    40%W -0.1%    45%W -0.1%    65%W +0.3%    65%W +0.5%       -7.6% → +8.2%
  META    20    65%W +0.2%    55%W +0.1%    60%W +0.2%    60%W +0.2%    70%W +0.4%    65%W +0.1%       -1.9% → +1.6%
  LLY     20    45%W -0.0%    45%W -0.1%    65%W +0.2%    70%W +0.3%    60%W +0.2%    65%W +0.3%       -3.0% → +1.8%
  AVGO    20    55%W +0.0%    65%W +0.1%    60%W +0.4%    65%W +0.4%    70%W +0.5%    65%W +0.6%       -2.1% → +3.4%
  ARM     20    60%W +0.1%    70%W +0.4%    65%W +0.2%    55%W +0.3%    55%W +0.2%    60%W +0.5%       -3.0% → +7.4%
  DDOG    20    50%W -0.0%    40%W -0.1%    55%W +0.2%    60%W +0.2%    55%W +0.3%    60%W +0.6%       -4.8% → +2.8%
  SNOW    20    40%W -0.2%    55%W +0.1%    70%W +0.2%    60%W +0.2%    55%W +0.2%    55%W +0.4%       -2.8% → +4.7%
  SNPS    20    40%W -0.2%    40%W -0.1%    50%W +0.0%    50%W -0.0%    60%W +0.2%    55%W +0.5%       -2.0% → +3.4%
  MU      20    45%W -0.2%    45%W -0.2%    35%W -0.4%    45%W -0.2%    60%W +0.3%    55%W +0.2%       -2.5% → +2.3%
  CRWD    20    45%W -0.0%    45%W -0.0%    50%W +0.0%    35%W -0.3%    55%W +0.2%    55%W +0.3%       -2.8% → +2.3%
  QCOM    20    55%W +0.0%    50%W +0.0%    45%W -0.2%    60%W +0.1%    60%W +0.3%    55%W +0.5%       -1.7% → +2.6%
  AMD     20    40%W -0.4%    45%W -0.0%    50%W +0.0%    55%W +0.2%    50%W +0.1%    50%W +0.1%       -3.1% → +6.3%
  MRVL    20    60%W +0.1%    65%W +0.2%    50%W -0.0%    35%W -0.3%    55%W +0.2%    45%W -0.3%       -2.3% → +4.8%
  PLTR    20    50%W +0.0%    55%W +0.1%    30%W -0.6%    30%W -0.7%    45%W -0.4%    45%W -0.7%       -4.7% → +5.4%
  CHTR    20    45%W -0.0%    30%W -0.3%    45%W -0.1%    30%W -0.4%    25%W -0.3%    35%W -0.6%       -4.4% → +2.7%
  TSLA    20    55%W +0.0%    35%W -0.3%    40%W -0.4%    30%W -0.7%    35%W -0.6%    35%W -0.6%       -3.3% → +3.3%
Pre-session top-2 (9:25, 20d EOD win rate) — 2024-02-12  OR: 09:30/3b
  #1 SPOT   +15m 55%W +0.1%  +30m 50%W -0.0%  +1h 60%W +0.1%  +2h 65%W +0.5%  +5h 80%W +0.5%  EOD 75%W +0.4%  EOD range -4.6% → +3.2%
  #2 LLY    +15m 45%W -0.0%  +30m 45%W -0.1%  +1h 65%W +0.2%  +2h 75%W +0.3%  +5h 60%W +0.2%  EOD 65%W +0.3%  EOD range -3.0% → +1.8%
  Ticker   N          +15m          +30m           +1h           +2h           +5h           EOD           EOD range
  ----------------------------------------------------------------------------------------------------------------------
  SPOT    20    55%W +0.1%    50%W -0.0%    60%W +0.1%    65%W +0.5%    80%W +0.5%    75%W +0.4%       -4.6% → +3.2%
  LLY     20    45%W -0.0%    45%W -0.1%    65%W +0.2%    75%W +0.3%    60%W +0.2%    65%W +0.3%       -3.0% → +1.8%
  AVGO    20    60%W +0.1%    70%W +0.2%    65%W +0.5%    70%W +0.4%    70%W +0.5%    65%W +0.6%       -2.1% → +3.4%
  ARM     20    65%W +0.2%    70%W +0.4%    65%W +0.2%    60%W +0.8%    60%W +0.4%    65%W +0.6%       -3.0% → +7.4%
  APP     20    55%W +0.0%    55%W +0.1%    40%W -0.1%    45%W -0.1%    60%W +0.1%    60%W +0.3%       -7.6% → +8.2%
  META    20    60%W +0.1%    55%W +0.1%    60%W +0.2%    60%W +0.2%    65%W +0.4%    60%W +0.1%       -1.9% → +1.6%
  SNOW    20    45%W -0.2%    60%W +0.1%    75%W +0.3%    65%W +0.5%    60%W +0.6%    60%W +0.5%       -2.8% → +4.7%
  SNPS    20    45%W -0.1%    45%W -0.0%    55%W +0.1%    55%W +0.0%    65%W +0.3%    60%W +0.5%       -2.0% → +3.4%
  QCOM    20    60%W +0.1%    55%W +0.0%    50%W -0.1%    65%W +0.1%    65%W +0.4%    60%W +0.7%       -1.7% → +2.6%
  DDOG    20    55%W +0.1%    40%W -0.1%    60%W +0.4%    65%W +0.3%    60%W +0.3%    60%W +0.6%       -4.8% → +2.8%
  MU      20    50%W -0.2%    50%W -0.0%    40%W -0.4%    50%W -0.0%    60%W +0.4%    55%W +0.2%       -2.5% → +2.3%
  CRWD    20    50%W +0.1%    50%W +0.0%    55%W +0.1%    35%W -0.2%    55%W +0.2%    55%W +0.3%       -2.8% → +2.3%
  AMD     20    45%W -0.1%    50%W -0.0%    55%W +0.1%    60%W +0.2%    55%W +0.7%    55%W +0.3%       -3.1% → +6.3%
  MRVL    20    65%W +0.2%    70%W +0.2%    55%W +0.1%    40%W -0.2%    55%W +0.2%    45%W -0.3%       -2.3% → +4.8%
  PLTR    20    50%W +0.0%    55%W +0.1%    30%W -0.6%    30%W -0.7%    45%W -0.3%    45%W -0.7%       -4.7% → +5.4%
  TSLA    20    60%W +0.1%    35%W -0.3%    40%W -0.3%    30%W -0.7%    35%W -0.5%    40%W -0.4%       -3.3% → +3.3%
  CHTR    20    45%W -0.0%    30%W -0.3%    45%W -0.1%    30%W -0.4%    30%W -0.2%    35%W -0.6%       -4.4% → +2.7%
Pre-session top-2 (9:25, 20d EOD win rate) — 2024-02-13  OR: 09:30/3b
  #1 SPOT   +15m 60%W +0.1%  +30m 45%W -0.1%  +1h 60%W +0.2%  +2h 60%W +0.4%  +5h 75%W +0.4%  EOD 70%W +0.4%  EOD range -4.6% → +3.2%
  #2 ARM    +15m 65%W +0.2%  +30m 70%W +0.4%  +1h 70%W +0.6%  +2h 65%W +1.0%  +5h 65%W +0.5%  EOD 70%W +0.7%  EOD range -3.0% → +16.7%
  Ticker   N          +15m          +30m           +1h           +2h           +5h           EOD           EOD range
  ----------------------------------------------------------------------------------------------------------------------
  SPOT    20    60%W +0.1%    45%W -0.1%    60%W +0.2%    60%W +0.4%    75%W +0.4%    70%W +0.4%       -4.6% → +3.2%
  ARM     20    65%W +0.2%    70%W +0.4%    70%W +0.6%    65%W +1.0%    65%W +0.5%    70%W +0.7%      -3.0% → +16.7%
  LLY     20    45%W -0.0%    45%W -0.1%    65%W +0.2%    80%W +0.3%    55%W +0.1%    65%W +0.3%       -3.0% → +1.8%
  QCOM    20    65%W +0.1%    60%W +0.2%    55%W +0.0%    70%W +0.2%    70%W +0.7%    65%W +0.9%       -1.7% → +2.6%
  AVGO    20    60%W +0.1%    70%W +0.2%    70%W +0.5%    75%W +0.5%    70%W +0.5%    65%W +0.6%       -2.1% → +3.4%
  SNOW    20    45%W -0.2%    60%W +0.1%    80%W +0.4%    70%W +0.8%    60%W +0.6%    60%W +0.5%       -2.8% → +4.7%
  SNPS    20    45%W -0.1%    45%W -0.0%    60%W +0.2%    60%W +0.0%    65%W +0.3%    60%W +0.5%       -2.0% → +3.4%
  DDOG    20    55%W +0.1%    40%W -0.1%    60%W +0.4%    70%W +0.4%    60%W +0.2%    60%W +0.6%       -4.8% → +2.8%
  APP     20    55%W +0.0%    55%W +0.1%    45%W -0.0%    50%W +0.1%    55%W +0.1%    55%W +0.2%       -7.6% → +8.2%
  META    20    60%W +0.2%    60%W +0.2%    60%W +0.2%    60%W +0.2%    60%W +0.4%    55%W +0.0%       -1.9% → +1.6%
  MU      20    50%W -0.2%    50%W -0.0%    40%W -0.4%    50%W -0.0%    60%W +0.4%    55%W +0.2%       -2.5% → +2.3%
  CRWD    20    50%W +0.1%    50%W +0.0%    60%W +0.1%    35%W -0.2%    55%W +0.2%    55%W +0.3%       -2.8% → +2.3%
  AMD     20    45%W -0.1%    50%W -0.0%    60%W +0.2%    65%W +0.4%    55%W +0.7%    55%W +0.3%       -3.1% → +6.3%
  MRVL    20    70%W +0.4%    75%W +0.3%    60%W +0.3%    45%W -0.1%    60%W +0.7%    50%W +0.0%       -2.3% → +4.8%
  PLTR    20    55%W +0.1%    55%W +0.1%    35%W -0.5%    35%W -0.5%    50%W -0.1%    50%W -0.2%       -4.7% → +5.4%
  CHTR    20    50%W +0.0%    35%W -0.3%    50%W -0.0%    30%W -0.4%    35%W -0.2%    40%W -0.5%       -4.4% → +2.7%
  TSLA    20    60%W +0.0%    35%W -0.3%    40%W -0.3%    30%W -0.7%    35%W -0.5%    40%W -0.4%       -3.3% → +3.3%
Pre-session top-2 (9:25, 20d EOD win rate) — 2024-02-14  OR: 09:30/3b
  #1 SPOT   +15m 60%W +0.1%  +30m 45%W -0.1%  +1h 60%W +0.2%  +2h 60%W +0.4%  +5h 75%W +0.4%  EOD 70%W +0.4%  EOD range -4.6% → +3.2%
  #2 LLY    +15m 40%W -0.1%  +30m 45%W -0.1%  +1h 60%W +0.1%  +2h 80%W +0.3%  +5h 60%W +0.2%  EOD 70%W +0.4%  EOD range -3.0% → +1.8%
  Ticker   N          +15m          +30m           +1h           +2h           +5h           EOD           EOD range
  ----------------------------------------------------------------------------------------------------------------------
  SPOT    20    60%W +0.1%    45%W -0.1%    60%W +0.2%    60%W +0.4%    75%W +0.4%    70%W +0.4%       -4.6% → +3.2%
  LLY     20    40%W -0.1%    45%W -0.1%    60%W +0.1%    80%W +0.3%    60%W +0.2%    70%W +0.4%       -3.0% → +1.8%
  SNPS    20    45%W -0.1%    40%W -0.1%    60%W +0.2%    65%W +0.0%    65%W +0.3%    65%W +0.5%       -2.0% → +3.4%
  AVGO    20    60%W +0.1%    65%W +0.1%    70%W +0.5%    75%W +0.5%    70%W +0.5%    65%W +0.6%       -2.1% → +3.4%
  ARM     20    60%W +0.1%    70%W +0.4%    65%W +0.2%    60%W +0.8%    60%W +0.5%    65%W +0.7%     -11.2% → +16.7%
  QCOM    20    60%W +0.1%    55%W +0.0%    55%W +0.0%    70%W +0.2%    65%W +0.4%    60%W +0.7%       -1.7% → +2.6%
  META    20    60%W +0.2%    65%W +0.2%    65%W +0.4%    65%W +0.3%    65%W +0.4%    55%W +0.0%       -1.9% → +1.6%
  SNOW    20    45%W -0.2%    55%W +0.1%    80%W +0.4%    70%W +0.8%    60%W +0.6%    55%W +0.5%       -2.8% → +4.7%
  CRWD    20    50%W +0.1%    50%W +0.0%    60%W +0.1%    35%W -0.2%    55%W +0.2%    55%W +0.3%       -2.8% → +2.3%
  AMD     20    45%W -0.1%    50%W -0.0%    60%W +0.2%    65%W +0.4%    55%W +0.7%    55%W +0.3%       -3.1% → +6.3%
  DDOG    20    50%W -0.0%    35%W -0.1%    60%W +0.4%    65%W +0.3%    60%W +0.2%    55%W +0.5%       -4.8% → +2.8%
  APP     20    55%W +0.0%    55%W +0.0%    45%W -0.0%    50%W +0.1%    55%W +0.2%    50%W +0.0%       -7.6% → +8.2%
  MU      20    50%W -0.2%    45%W -0.2%    40%W -0.4%    50%W -0.0%    55%W +0.3%    50%W -0.0%       -2.5% → +2.2%
  PLTR    20    55%W +0.1%    55%W +0.1%    35%W -0.5%    35%W -0.5%    50%W -0.1%    50%W -0.2%       -4.7% → +5.4%
  MRVL    20    65%W +0.2%    70%W +0.2%    60%W +0.3%    45%W -0.1%    55%W +0.6%    45%W -0.3%       -2.3% → +4.8%
  CHTR    20    45%W -0.1%    35%W -0.3%    50%W -0.0%    25%W -0.4%    30%W -0.3%    40%W -0.5%       -4.4% → +2.7%
  TSLA    20    60%W +0.0%    35%W -0.3%    35%W -0.3%    25%W -0.7%    30%W -0.6%    35%W -0.5%       -3.3% → +3.3%
Pre-session top-2 (9:25, 20d EOD win rate) — 2024-02-15  OR: 09:30/3b
  #1 LLY    +15m 40%W -0.1%  +30m 45%W -0.1%  +1h 60%W +0.1%  +2h 75%W +0.3%  +5h 60%W +0.2%  EOD 75%W +0.4%  EOD range -3.0% → +1.8%
  #2 SPOT   +15m 55%W +0.0%  +30m 40%W -0.1%  +1h 55%W +0.1%  +2h 55%W +0.1%  +5h 70%W +0.3%  EOD 70%W +0.4%  EOD range -4.6% → +2.7%
  Ticker   N          +15m          +30m           +1h           +2h           +5h           EOD           EOD range
  ----------------------------------------------------------------------------------------------------------------------
  LLY     20    40%W -0.1%    45%W -0.1%    60%W +0.1%    75%W +0.3%    60%W +0.2%    75%W +0.4%       -3.0% → +1.8%
  SPOT    20    55%W +0.0%    40%W -0.1%    55%W +0.1%    55%W +0.1%    70%W +0.3%    70%W +0.4%       -4.6% → +2.7%
  SNPS    20    50%W +0.0%    45%W -0.0%    60%W +0.2%    65%W +0.0%    65%W +0.3%    65%W +0.6%       -2.0% → +3.4%
  AVGO    20    60%W +0.1%    65%W +0.1%    70%W +0.5%    70%W +0.4%    65%W +0.5%    65%W +0.7%       -2.1% → +3.4%
  CRWD    20    55%W +0.1%    55%W +0.2%    65%W +0.2%    40%W -0.2%    60%W +0.5%    60%W +0.5%       -2.8% → +2.3%
  QCOM    20    65%W +0.1%    60%W +0.2%    60%W +0.2%    70%W +0.2%    65%W +0.6%    60%W +0.9%       -1.7% → +2.6%
  ARM     20    60%W +0.2%    70%W +0.4%    60%W +0.2%    55%W +0.3%    55%W +0.2%    60%W +0.5%     -11.2% → +16.7%
  META    20    60%W +0.2%    65%W +0.2%    65%W +0.2%    60%W +0.2%    65%W +0.4%    55%W +0.0%       -1.9% → +0.9%
  SNOW    20    50%W -0.1%    55%W +0.1%    80%W +0.6%    70%W +0.6%    60%W +0.6%    55%W +0.5%       -2.8% → +4.7%
  AMD     20    50%W -0.0%    55%W +0.1%    60%W +0.3%    65%W +0.4%    55%W +0.7%    55%W +0.3%       -3.1% → +6.3%
  APP     20    55%W +0.0%    55%W +0.0%    45%W -0.0%    45%W -0.1%    55%W +0.2%    50%W +0.0%       -7.6% → +8.2%
  MU      20    55%W +0.0%    50%W -0.0%    45%W -0.3%    50%W -0.0%    50%W -0.0%    50%W -0.0%       -2.5% → +2.2%
  PLTR    20    60%W +0.2%    55%W +0.1%    40%W -0.4%    40%W -0.5%    50%W +0.4%    50%W -0.2%       -4.7% → +5.4%
  DDOG    20    50%W -0.0%    35%W -0.1%    55%W +0.4%    60%W +0.2%    55%W +0.1%    50%W +0.2%       -4.8% → +2.2%
  MRVL    20    70%W +0.3%    70%W +0.3%    60%W +0.3%    40%W -0.1%    50%W -0.0%    45%W -0.3%       -2.3% → +4.8%
  CHTR    20    40%W -0.1%    30%W -0.3%    45%W -0.1%    25%W -0.5%    30%W -0.3%    40%W -0.5%       -4.4% → +2.7%
  TSLA    20    60%W +0.1%    40%W -0.3%    40%W -0.2%    30%W -0.7%    30%W -0.6%    35%W -0.5%       -3.3% → +3.3%
Pre-session top-2 (9:25, 20d EOD win rate) — 2024-02-16  OR: 09:30/3b
  #1 LLY    +15m 45%W -0.0%  +30m 50%W -0.0%  +1h 60%W +0.1%  +2h 75%W +0.3%  +5h 60%W +0.2%  EOD 75%W +0.4%  EOD range -3.0% → +1.8%
  #2 SPOT   +15m 55%W +0.0%  +30m 40%W -0.1%  +1h 55%W +0.1%  +2h 55%W +0.1%  +5h 70%W +0.4%  EOD 70%W +0.4%  EOD range -4.6% → +2.7%
  Ticker   N          +15m          +30m           +1h           +2h           +5h           EOD           EOD range
  ----------------------------------------------------------------------------------------------------------------------
  LLY     20    45%W -0.0%    50%W -0.0%    60%W +0.1%    75%W +0.3%    60%W +0.2%    75%W +0.4%       -3.0% → +1.8%
  SPOT    20    55%W +0.0%    40%W -0.1%    55%W +0.1%    55%W +0.1%    70%W +0.4%    70%W +0.4%       -4.6% → +2.7%
  SNPS    20    50%W +0.0%    45%W -0.0%    60%W +0.2%    65%W +0.0%    65%W +0.3%    65%W +0.6%       -2.0% → +3.4%
  AVGO    20    60%W +0.1%    65%W +0.1%    70%W +0.4%    70%W +0.4%    65%W +0.7%    65%W +0.7%       -2.1% → +3.4%
  SNOW    20    50%W +0.0%    60%W +0.2%    80%W +0.6%    65%W +0.6%    65%W +0.6%    60%W +0.6%       -2.8% → +4.7%
  CRWD    20    55%W +0.1%    60%W +0.2%    60%W +0.1%    35%W -0.2%    60%W +0.3%    60%W +0.3%       -2.8% → +2.3%
  QCOM    20    65%W +0.1%    65%W +0.3%    65%W +0.3%    70%W +0.2%    65%W +0.5%    60%W +0.6%       -1.7% → +2.6%
  ARM     20    55%W +0.1%    70%W +0.4%    55%W +0.1%    55%W +0.3%    60%W +0.5%    60%W +0.5%     -11.2% → +16.7%
  META    20    65%W +0.2%    65%W +0.3%    65%W +0.2%    60%W +0.2%    65%W +0.4%    55%W +0.0%       -1.9% → +2.0%
  AMD     20    50%W -0.0%    60%W +0.2%    65%W +0.3%    65%W +0.4%    60%W +0.7%    55%W +0.3%       -2.9% → +6.3%
  APP     20    60%W +0.1%    60%W +0.2%    45%W -0.0%    45%W -0.1%    55%W +0.2%    50%W +0.0%       -7.6% → +8.2%
  MU      20    50%W -0.2%    45%W -0.2%    45%W -0.4%    45%W -0.1%    50%W -0.0%    50%W -0.0%       -2.5% → +2.2%
  PLTR    20    55%W +0.2%    55%W +0.1%    35%W -0.4%    40%W -0.5%    55%W +0.9%    50%W +0.0%       -4.7% → +5.4%
  MRVL    20    65%W +0.2%    65%W +0.2%    55%W +0.1%    40%W -0.1%    55%W +0.2%    45%W -0.3%       -2.3% → +4.8%
  DDOG    20    55%W +0.1%    40%W -0.1%    50%W +0.1%    55%W +0.2%    55%W +0.1%    45%W -0.2%       -4.8% → +2.2%
  CHTR    20    40%W -0.1%    30%W -0.3%    45%W -0.1%    30%W -0.5%    35%W -0.2%    40%W -0.5%       -4.4% → +2.7%
  TSLA    20    60%W +0.0%    40%W -0.3%    45%W -0.1%    35%W -0.4%    35%W -0.5%    40%W -0.4%       -3.3% → +4.0%
Pre-session top-2 (9:25, 20d EOD win rate) — 2024-02-20  OR: 09:30/3b
  #1 LLY    +15m 45%W -0.0%  +30m 55%W +0.2%  +1h 65%W +0.2%  +2h 75%W +0.3%  +5h 65%W +0.4%  EOD 75%W +0.5%  EOD range -3.0% → +1.8%
  #2 SPOT   +15m 60%W +0.1%  +30m 45%W -0.1%  +1h 60%W +0.2%  +2h 60%W +0.4%  +5h 75%W +0.5%  EOD 70%W +0.4%  EOD range -4.6% → +2.7%
  Ticker   N          +15m          +30m           +1h           +2h           +5h           EOD           EOD range
  ----------------------------------------------------------------------------------------------------------------------
  LLY     20    45%W -0.0%    55%W +0.2%    65%W +0.2%    75%W +0.3%    65%W +0.4%    75%W +0.5%       -3.0% → +1.8%
  SPOT    20    60%W +0.1%    45%W -0.1%    60%W +0.2%    60%W +0.4%    75%W +0.5%    70%W +0.4%       -4.6% → +2.7%
  SNPS    20    50%W -0.0%    45%W -0.0%    55%W +0.2%    60%W +0.0%    60%W +0.2%    60%W +0.5%       -2.0% → +3.4%
  AVGO    20    55%W +0.1%    60%W +0.0%    65%W +0.3%    65%W +0.4%    60%W +0.5%    60%W +0.6%       -2.1% → +2.3%
  SNOW    20    45%W -0.1%    55%W +0.1%    75%W +0.6%    65%W +0.7%    60%W +0.3%    55%W +0.4%       -2.8% → +4.7%
  CRWD    20    55%W +0.1%    60%W +0.2%    55%W +0.1%    35%W -0.2%    60%W +0.2%    55%W +0.3%       -2.8% → +2.3%
  QCOM    20    60%W +0.1%    60%W +0.2%    60%W +0.1%    65%W +0.1%    60%W +0.3%    55%W +0.2%       -2.0% → +2.0%
  ARM     20    50%W -0.0%    65%W +0.4%    50%W -0.1%    50%W +0.1%    55%W +0.2%    55%W +0.4%     -11.2% → +16.7%
  APP     20    60%W +0.1%    60%W +0.2%    45%W -0.0%    50%W +0.1%    55%W +0.2%    50%W +0.0%       -7.6% → +8.2%
  META    20    65%W +0.2%    65%W +0.3%    65%W +0.2%    60%W +0.2%    65%W +0.3%    50%W -0.0%       -1.9% → +2.0%
  AMD     20    50%W -0.0%    60%W +0.2%    60%W +0.2%    60%W +0.2%    55%W +0.6%    50%W +0.1%       -2.9% → +3.3%
  MU      20    50%W -0.2%    45%W -0.2%    45%W -0.4%    45%W -0.1%    45%W -0.3%    45%W -0.2%       -2.5% → +2.2%
  PLTR    20    50%W -0.0%    50%W +0.0%    30%W -0.5%    40%W -0.6%    50%W +0.2%    45%W -0.9%       -4.7% → +5.4%
  MRVL    20    60%W +0.2%    65%W +0.2%    55%W +0.1%    40%W -0.2%    50%W -0.0%    40%W -0.3%       -2.3% → +4.8%
  CHTR    20    40%W -0.1%    30%W -0.3%    45%W -0.1%    30%W -0.5%    35%W -0.2%    40%W -0.5%       -4.4% → +1.9%
  TSLA    20    60%W +0.0%    40%W -0.3%    45%W -0.1%    40%W -0.4%    35%W -0.5%    40%W -0.5%       -3.3% → +4.0%
  DDOG    20    50%W -0.0%    35%W -0.1%    45%W -0.1%    50%W +0.0%    50%W -0.2%    40%W -0.6%       -4.8% → +2.1%
Pre-session top-2 (9:25, 20d EOD win rate) — 2024-02-21  OR: 09:30/3b
  #1 SPOT   +15m 60%W +0.0%  +30m 40%W -0.1%  +1h 55%W +0.1%  +2h 60%W +0.1%  +5h 75%W +0.4%  EOD 70%W +0.4%  EOD range -4.6% → +2.7%
  #2 LLY    +15m 50%W +0.1%  +30m 60%W +0.2%  +1h 70%W +0.2%  +2h 80%W +0.3%  +5h 60%W +0.4%  EOD 70%W +0.5%  EOD range -3.0% → +1.8%
  Ticker   N          +15m          +30m           +1h           +2h           +5h           EOD           EOD range
  ----------------------------------------------------------------------------------------------------------------------
  SPOT    20    60%W +0.0%    40%W -0.1%    55%W +0.1%    60%W +0.1%    75%W +0.4%    70%W +0.4%       -4.6% → +2.7%
  LLY     20    50%W +0.1%    60%W +0.2%    70%W +0.2%    80%W +0.3%    60%W +0.4%    70%W +0.5%       -3.0% → +1.8%
  SNPS    20    50%W -0.0%    40%W -0.1%    50%W +0.0%    60%W +0.0%    60%W +0.2%    60%W +0.5%       -2.0% → +1.4%
  AVGO    20    55%W +0.1%    55%W +0.0%    60%W +0.2%    65%W +0.4%    60%W +0.5%    60%W +0.6%       -2.1% → +2.3%
  ARM     20    55%W +0.2%    70%W +0.4%    55%W +0.1%    55%W +0.3%    60%W +0.5%    60%W +0.5%     -11.2% → +16.7%
  CRWD    20    50%W +0.1%    55%W +0.1%    55%W +0.1%    35%W -0.2%    60%W +0.3%    55%W +0.3%       -2.8% → +2.3%
  QCOM    20    55%W +0.0%    55%W +0.0%    60%W +0.1%    65%W +0.1%    60%W +0.3%    55%W +0.2%       -2.0% → +2.0%
  APP     20    55%W +0.0%    55%W +0.0%    40%W -0.1%    50%W +0.1%    55%W +0.2%    50%W +0.0%       -7.6% → +8.2%
  META    20    60%W +0.1%    60%W +0.2%    65%W +0.2%    60%W +0.2%    65%W +0.3%    50%W -0.0%       -1.9% → +2.0%
  SNOW    20    40%W -0.2%    50%W -0.0%    70%W +0.5%    60%W +0.6%    55%W +0.2%    50%W +0.1%       -2.8% → +4.7%
  AMD     20    50%W -0.1%    55%W +0.1%    60%W +0.2%    60%W +0.2%    55%W +0.6%    50%W +0.1%       -2.9% → +3.3%
  MU      20    50%W -0.2%    40%W -0.2%    45%W -0.4%    40%W -0.2%    45%W -0.3%    45%W -0.2%       -2.5% → +2.2%
  MRVL    20    55%W +0.1%    60%W +0.2%    55%W +0.1%    40%W -0.2%    45%W -0.1%    45%W -0.3%       -2.3% → +4.8%
  PLTR    20    45%W -0.0%    45%W -0.2%    30%W -0.5%    40%W -0.6%    50%W +0.2%    45%W -0.9%       -4.7% → +5.4%
  CHTR    20    45%W -0.1%    30%W -0.3%    50%W -0.1%    35%W -0.4%    40%W -0.1%    45%W -0.2%       -4.4% → +1.9%
  DDOG    20    45%W -0.2%    30%W -0.2%    45%W -0.1%    45%W -0.0%    50%W -0.0%    45%W -0.2%       -4.8% → +2.1%
  TSLA    20    55%W +0.0%    35%W -0.3%    45%W -0.1%    40%W -0.4%    35%W -0.5%    40%W -0.3%       -3.3% → +4.0%
Pre-session top-2 (9:25, 20d EOD win rate) — 2024-02-22  OR: 09:30/3b
  #1 SPOT   +15m 60%W +0.0%  +30m 40%W -0.1%  +1h 55%W +0.1%  +2h 60%W +0.3%  +5h 75%W +0.5%  EOD 70%W +0.5%  EOD range -4.6% → +2.7%
  #2 LLY    +15m 55%W +0.2%  +30m 60%W +0.2%  +1h 65%W +0.2%  +2h 80%W +0.3%  +5h 55%W +0.2%  EOD 70%W +0.5%  EOD range -3.0% → +1.8%
  Ticker   N          +15m          +30m           +1h           +2h           +5h           EOD           EOD range
  ----------------------------------------------------------------------------------------------------------------------
  SPOT    20    60%W +0.0%    40%W -0.1%    55%W +0.1%    60%W +0.3%    75%W +0.5%    70%W +0.5%       -4.6% → +2.7%
  LLY     20    55%W +0.2%    60%W +0.2%    65%W +0.2%    80%W +0.3%    55%W +0.2%    70%W +0.5%       -3.0% → +1.8%
  SNPS    20    50%W -0.0%    40%W -0.1%    50%W +0.0%    60%W +0.0%    60%W +0.3%    60%W +0.5%       -2.0% → +2.6%
  AVGO    20    55%W +0.1%    55%W +0.0%    60%W +0.2%    65%W +0.4%    55%W +0.5%    60%W +0.6%       -2.1% → +2.3%
  ARM     20    55%W +0.2%    70%W +0.4%    55%W +0.1%    55%W +0.8%    60%W +0.7%    60%W +0.6%     -11.2% → +16.7%
  CRWD    20    55%W +0.1%    55%W +0.1%    60%W +0.2%    40%W -0.1%    60%W +0.5%    55%W +0.3%       -2.8% → +3.5%
  QCOM    20    55%W +0.0%    55%W +0.2%    60%W +0.1%    65%W +0.1%    60%W +0.2%    55%W +0.2%       -2.0% → +2.0%
  META    20    60%W +0.1%    60%W +0.2%    65%W +0.2%    60%W +0.3%    70%W +0.3%    50%W -0.0%       -1.9% → +2.0%
  SNOW    20    45%W -0.1%    50%W -0.0%    70%W +0.4%    60%W +0.6%    55%W +0.1%    50%W +0.1%       -2.8% → +4.7%
  MU      20    45%W -0.2%    45%W -0.1%    50%W -0.2%    40%W -0.1%    50%W -0.2%    50%W -0.0%       -2.5% → +2.2%
  PLTR    20    45%W -0.2%    40%W -0.2%    30%W -0.4%    45%W -0.3%    50%W +0.2%    50%W -0.1%       -4.7% → +5.4%
  AMD     20    50%W -0.1%    50%W -0.0%    55%W +0.1%    55%W +0.2%    50%W +0.2%    50%W +0.1%       -2.9% → +3.3%
  DDOG    20    50%W -0.0%    35%W -0.2%    45%W -0.1%    45%W -0.0%    50%W -0.0%    50%W +0.1%       -4.8% → +2.1%
  APP     20    55%W +0.0%    55%W +0.0%    45%W -0.0%    50%W +0.1%    50%W +0.0%    45%W -0.1%       -7.6% → +8.2%
  MRVL    20    55%W +0.1%    60%W +0.1%    50%W -0.0%    40%W -0.2%    45%W -0.1%    45%W -0.3%       -2.3% → +4.8%
  CHTR    20    45%W -0.1%    30%W -0.3%    50%W -0.1%    35%W -0.4%    40%W -0.1%    45%W -0.3%       -4.4% → +1.9%
  TSLA    20    60%W +0.0%    40%W -0.3%    45%W -0.1%    40%W -0.4%    35%W -0.5%    40%W -0.3%       -3.3% → +4.0%
Pre-session top-2 (9:25, 20d EOD win rate) — 2024-02-23  OR: 09:30/3b
  #1 SPOT   +15m 60%W +0.0%  +30m 40%W -0.2%  +1h 50%W -0.1%  +2h 60%W +0.3%  +5h 75%W +0.5%  EOD 75%W +0.5%  EOD range -4.6% → +2.7%
  #2 LLY    +15m 55%W +0.2%  +30m 65%W +0.3%  +1h 70%W +0.2%  +2h 85%W +0.3%  +5h 60%W +0.4%  EOD 75%W +0.5%  EOD range -3.0% → +1.8%
  Ticker   N          +15m          +30m           +1h           +2h           +5h           EOD           EOD range
  ----------------------------------------------------------------------------------------------------------------------
  SPOT    20    60%W +0.0%    40%W -0.2%    50%W -0.1%    60%W +0.3%    75%W +0.5%    75%W +0.5%       -4.6% → +2.7%
  LLY     20    55%W +0.2%    65%W +0.3%    70%W +0.2%    85%W +0.3%    60%W +0.4%    75%W +0.5%       -3.0% → +1.8%
  SNPS    20    50%W -0.0%    40%W -0.1%    50%W +0.0%    65%W +0.1%    60%W +0.3%    60%W +0.5%       -2.1% → +2.6%
  CRWD    20    50%W +0.1%    55%W +0.1%    60%W +0.2%    40%W -0.1%    60%W +0.5%    60%W +0.6%       -2.8% → +3.5%
  QCOM    20    50%W -0.0%    50%W +0.0%    55%W +0.0%    60%W +0.1%    60%W +0.4%    60%W +0.5%       -2.0% → +2.0%
  AVGO    20    55%W +0.1%    55%W +0.0%    60%W +0.2%    65%W +0.4%    55%W +0.5%    60%W +0.6%       -2.1% → +2.3%
  SNOW    20    50%W +0.0%    50%W -0.0%    65%W +0.2%    65%W +0.7%    60%W +0.2%    55%W +0.4%       -2.8% → +4.7%
  PLTR    20    45%W -0.2%    40%W -0.2%    30%W -0.4%    50%W +0.0%    55%W +0.9%    55%W +0.5%       -3.5% → +5.4%
  ARM     20    55%W +0.2%    65%W +0.4%    50%W -0.1%    50%W +0.3%    55%W +0.5%    55%W +0.6%     -11.2% → +16.7%
  APP     20    55%W +0.0%    55%W +0.0%    45%W -0.0%    50%W +0.2%    50%W +0.0%    50%W +0.0%       -7.6% → +8.2%
  META    20    60%W +0.1%    60%W +0.2%    65%W +0.2%    60%W +0.3%    70%W +0.3%    50%W +0.0%       -1.9% → +2.0%
  MU      20    45%W -0.2%    45%W -0.1%    50%W -0.2%    40%W -0.1%    50%W -0.2%    50%W -0.0%       -2.5% → +2.2%
  CHTR    20    45%W -0.1%    30%W -0.3%    50%W -0.1%    40%W -0.2%    45%W -0.0%    50%W +0.0%       -4.4% → +3.7%
  AMD     20    50%W -0.1%    50%W -0.0%    55%W +0.1%    55%W +0.2%    50%W +0.2%    50%W +0.1%       -2.9% → +3.2%
  DDOG    20    50%W -0.0%    35%W -0.2%    45%W -0.1%    45%W -0.0%    50%W -0.0%    50%W +0.1%       -3.0% → +2.1%
  MRVL    20    50%W +0.0%    60%W +0.1%    50%W -0.0%    40%W -0.2%    45%W -0.1%    45%W -0.3%       -2.3% → +4.8%
  TSLA    20    60%W +0.0%    45%W -0.2%    40%W -0.2%    45%W -0.2%    40%W -0.3%    45%W -0.2%       -3.3% → +4.0%
Pre-session top-2 (9:25, 20d EOD win rate) — 2024-02-26  OR: 09:30/3b
  #1 LLY    +15m 55%W +0.2%  +30m 65%W +0.3%  +1h 65%W +0.2%  +2h 80%W +0.3%  +5h 60%W +0.4%  EOD 80%W +0.5%  EOD range -3.0% → +1.8%
  #2 SPOT   +15m 55%W +0.0%  +30m 35%W -0.2%  +1h 45%W -0.2%  +2h 55%W +0.0%  +5h 75%W +0.5%  EOD 75%W +0.5%  EOD range -4.6% → +2.7%
  Ticker   N          +15m          +30m           +1h           +2h           +5h           EOD           EOD range
  ----------------------------------------------------------------------------------------------------------------------
  LLY     20    55%W +0.2%    65%W +0.3%    65%W +0.2%    80%W +0.3%    60%W +0.4%    80%W +0.5%       -3.0% → +1.8%
  SPOT    20    55%W +0.0%    35%W -0.2%    45%W -0.2%    55%W +0.0%    75%W +0.5%    75%W +0.5%       -4.6% → +2.7%
  SNPS    20    50%W -0.0%    40%W -0.1%    45%W -0.1%    60%W +0.1%    60%W +0.3%    60%W +0.5%       -2.1% → +2.6%
  CRWD    20    50%W +0.1%    55%W +0.1%    60%W +0.2%    40%W -0.1%    60%W +0.5%    60%W +0.6%       -1.3% → +3.5%
  QCOM    20    50%W -0.0%    50%W -0.0%    55%W +0.0%    60%W +0.1%    60%W +0.4%    60%W +0.5%       -2.0% → +2.0%
  AVGO    20    55%W +0.1%    50%W -0.0%    55%W +0.1%    60%W +0.4%    55%W +0.5%    60%W +0.6%       -2.1% → +2.3%
  ARM     20    50%W -0.0%    60%W +0.3%    50%W -0.1%    50%W +0.3%    60%W +1.1%    60%W +0.8%     -11.2% → +16.7%
  PLTR    20    45%W -0.2%    40%W -0.2%    30%W -0.6%    50%W +0.0%    55%W +0.9%    55%W +0.5%       -3.5% → +5.4%
  SNOW    20    45%W -0.1%    45%W -0.1%    60%W +0.1%    65%W +0.6%    65%W +0.2%    50%W +0.2%       -2.8% → +4.7%
  MU      20    45%W -0.2%    40%W -0.2%    45%W -0.4%    35%W -0.2%    55%W +0.1%    50%W -0.1%       -2.5% → +2.2%
  CHTR    20    45%W -0.1%    30%W -0.2%    55%W +0.0%    45%W -0.2%    50%W +0.1%    50%W +0.0%       -4.4% → +3.7%
  AMD     20    50%W -0.1%    45%W -0.0%    55%W +0.1%    50%W +0.1%    50%W +0.2%    50%W +0.1%       -3.0% → +3.2%
  APP     20    55%W +0.0%    55%W +0.0%    40%W -0.1%    45%W -0.1%    50%W +0.0%    45%W -0.1%       -7.6% → +8.2%
  META    20    55%W +0.0%    55%W +0.2%    60%W +0.1%    55%W +0.2%    65%W +0.3%    45%W -0.1%       -1.9% → +2.0%
  MRVL    20    50%W +0.0%    60%W +0.1%    50%W -0.0%    40%W -0.2%    45%W -0.1%    45%W -0.3%       -3.3% → +4.8%
  TSLA    20    55%W +0.0%    45%W -0.2%    40%W -0.2%    45%W -0.2%    40%W -0.3%    45%W -0.2%       -3.2% → +4.0%
  DDOG    20    45%W -0.2%    35%W -0.3%    40%W -0.2%    40%W -0.1%    45%W -0.2%    45%W -0.2%       -3.0% → +2.1%
Pre-session top-2 (9:25, 20d EOD win rate) — 2024-02-27  OR: 09:30/3b
  #1 SPOT   +15m 55%W +0.0%  +30m 35%W -0.2%  +1h 50%W -0.0%  +2h 60%W +0.3%  +5h 75%W +0.6%  EOD 75%W +0.6%  EOD range -4.6% → +2.7%
  #2 LLY    +15m 50%W +0.1%  +30m 70%W +0.3%  +1h 60%W +0.2%  +2h 75%W +0.3%  +5h 55%W +0.2%  EOD 75%W +0.5%  EOD range -3.0% → +1.8%
  Ticker   N          +15m          +30m           +1h           +2h           +5h           EOD           EOD range
  ----------------------------------------------------------------------------------------------------------------------
  SPOT    20    55%W +0.0%    35%W -0.2%    50%W -0.0%    60%W +0.3%    75%W +0.6%    75%W +0.6%       -4.6% → +2.7%
  LLY     20    50%W +0.1%    70%W +0.3%    60%W +0.2%    75%W +0.3%    55%W +0.2%    75%W +0.5%       -3.0% → +1.8%
  CRWD    20    55%W +0.2%    60%W +0.2%    60%W +0.3%    45%W -0.1%    65%W +0.7%    65%W +0.9%       -1.3% → +3.5%
  QCOM    20    55%W +0.0%    55%W +0.1%    55%W +0.1%    65%W +0.1%    65%W +0.6%    65%W +0.5%       -2.0% → +2.0%
  AVGO    20    55%W +0.1%    45%W -0.1%    55%W +0.2%    65%W +0.4%    60%W +0.5%    65%W +0.6%       -2.1% → +2.3%
  SNPS    20    50%W -0.0%    40%W -0.1%    45%W -0.1%    65%W +0.1%    65%W +0.3%    60%W +0.5%       -2.1% → +2.6%
  PLTR    20    45%W -0.2%    40%W -0.1%    35%W -0.6%    55%W +0.4%    60%W +0.9%    60%W +0.5%       -3.5% → +5.4%
  ARM     20    55%W +0.2%    65%W +0.4%    55%W +0.1%    55%W +0.4%    65%W +1.1%    60%W +0.8%     -11.2% → +16.7%
  SNOW    20    50%W +0.1%    50%W -0.0%    60%W +0.1%    70%W +0.7%    70%W +0.3%    55%W +0.8%       -2.8% → +4.7%
  AMD     20    50%W -0.0%    45%W -0.0%    55%W +0.1%    50%W +0.1%    50%W +0.2%    55%W +0.2%       -3.0% → +3.2%
  MRVL    20    55%W +0.1%    55%W +0.1%    45%W -0.1%    45%W -0.2%    50%W +0.0%    50%W +0.0%       -3.3% → +4.8%
  CHTR    20    50%W -0.0%    35%W -0.2%    60%W +0.1%    50%W +0.0%    45%W -0.0%    50%W -0.3%       -4.4% → +3.7%
  TSLA    20    55%W +0.0%    50%W -0.1%    40%W -0.2%    50%W -0.0%    45%W -0.2%    50%W -0.0%       -3.2% → +4.0%
  MU      20    45%W -0.2%    40%W -0.2%    45%W -0.4%    40%W -0.2%    55%W +0.1%    45%W -0.3%       -2.5% → +2.2%
  DDOG    20    45%W -0.2%    40%W -0.3%    40%W -0.2%    40%W -0.1%    45%W -0.2%    45%W -0.2%       -3.0% → +2.1%
  APP     20    55%W +0.0%    55%W +0.0%    40%W -0.1%    45%W -0.1%    50%W +0.1%    40%W -0.3%       -7.6% → +8.2%
  META    20    55%W +0.0%    55%W +0.2%    55%W +0.1%    55%W +0.1%    65%W +0.2%    40%W -0.1%       -1.9% → +2.0%
Pre-session top-2 (9:25, 20d EOD win rate) — 2024-02-28  OR: 09:30/3b
  #1 LLY    +15m 55%W +0.2%  +30m 75%W +0.3%  +1h 65%W +0.2%  +2h 75%W +0.3%  +5h 55%W +0.4%  EOD 75%W +0.5%  EOD range -3.0% → +1.8%
  #2 SPOT   +15m 60%W +0.1%  +30m 35%W -0.1%  +1h 50%W -0.0%  +2h 60%W +0.3%  +5h 75%W +0.6%  EOD 70%W +0.6%  EOD range -4.6% → +2.7%
  Ticker   N          +15m          +30m           +1h           +2h           +5h           EOD           EOD range
  ----------------------------------------------------------------------------------------------------------------------
  LLY     20    55%W +0.2%    75%W +0.3%    65%W +0.2%    75%W +0.3%    55%W +0.4%    75%W +0.5%       -3.0% → +1.8%
  SPOT    20    60%W +0.1%    35%W -0.1%    50%W -0.0%    60%W +0.3%    75%W +0.6%    70%W +0.6%       -4.6% → +2.7%
  QCOM    20    55%W +0.0%    55%W +0.1%    60%W +0.1%    65%W +0.1%    70%W +0.6%    65%W +0.5%       -2.0% → +2.0%
  AVGO    20    60%W +0.1%    50%W -0.0%    60%W +0.3%    65%W +0.4%    60%W +0.5%    65%W +0.6%       -2.1% → +2.3%
  CRWD    20    55%W +0.2%    60%W +0.2%    65%W +0.3%    50%W +0.0%    70%W +0.7%    60%W +0.6%       -1.3% → +3.5%
  PLTR    20    40%W -0.5%    35%W -0.2%    30%W -0.6%    55%W +0.5%    60%W +0.9%    60%W +0.5%       -3.5% → +5.4%
  SNOW    20    50%W +0.1%    50%W -0.0%    60%W +0.3%    70%W +0.7%    70%W +0.3%    55%W +0.7%       -2.8% → +4.7%
  SNPS    20    55%W +0.2%    45%W -0.1%    45%W -0.1%    65%W +0.1%    60%W +0.3%    55%W +0.4%       -2.1% → +2.6%
  ARM     20    55%W +0.4%    65%W +0.4%    55%W +0.1%    55%W +0.4%    65%W +1.1%    55%W +0.6%     -11.2% → +16.7%
  AMD     20    55%W +0.1%    50%W -0.0%    60%W +0.2%    55%W +0.2%    55%W +0.6%    55%W +0.3%       -3.0% → +3.2%
  MU      20    45%W -0.2%    40%W -0.2%    45%W -0.4%    40%W -0.2%    60%W +0.3%    50%W -0.1%       -2.5% → +2.2%
  MRVL    20    55%W +0.1%    55%W +0.1%    45%W -0.1%    45%W -0.2%    50%W -0.0%    45%W -0.3%       -3.3% → +4.8%
  CHTR    20    50%W -0.0%    35%W -0.2%    55%W +0.0%    45%W -0.2%    40%W -0.1%    45%W -0.8%       -4.4% → +3.7%
  TSLA    20    55%W +0.0%    45%W -0.2%    35%W -0.3%    45%W -0.2%    40%W -0.3%    45%W -0.2%       -3.2% → +4.0%
  APP     20    55%W +0.0%    55%W +0.0%    40%W -0.1%    45%W -0.1%    50%W +0.1%    40%W -0.3%       -7.6% → +8.2%
  META    20    55%W +0.0%    60%W +0.2%    60%W +0.1%    55%W +0.0%    65%W +0.2%    40%W -0.1%       -1.9% → +2.0%
  DDOG    20    40%W -0.4%    40%W -0.3%    40%W -0.4%    40%W -0.0%    45%W -0.2%    40%W -0.2%       -3.0% → +1.5%
Pre-session top-2 (9:25, 20d EOD win rate) — 2024-02-29  OR: 09:30/3b
  #1 SPOT   +15m 60%W +0.1%  +30m 40%W -0.1%  +1h 55%W +0.1%  +2h 65%W +0.6%  +5h 75%W +0.6%  EOD 75%W +0.6%  EOD range -4.6% → +2.7%
  #2 LLY    +15m 50%W +0.1%  +30m 70%W +0.3%  +1h 60%W +0.2%  +2h 70%W +0.3%  +5h 50%W +0.2%  EOD 75%W +0.5%  EOD range -3.0% → +1.8%
  Ticker   N          +15m          +30m           +1h           +2h           +5h           EOD           EOD range
  ----------------------------------------------------------------------------------------------------------------------
  SPOT    20    60%W +0.1%    40%W -0.1%    55%W +0.1%    65%W +0.6%    75%W +0.6%    75%W +0.6%       -4.6% → +2.7%
  LLY     20    50%W +0.1%    70%W +0.3%    60%W +0.2%    70%W +0.3%    50%W +0.2%    75%W +0.5%       -3.0% → +1.8%
  AVGO    20    60%W +0.1%    50%W -0.0%    60%W +0.3%    70%W +0.4%    60%W +0.5%    70%W +0.6%       -2.1% → +2.3%
  QCOM    20    50%W +0.0%    55%W +0.1%    60%W +0.1%    70%W +0.1%    70%W +0.6%    65%W +0.5%       -2.0% → +2.0%
  SNOW    20    50%W +0.1%    55%W +0.2%    65%W +0.5%    75%W +0.7%    75%W +0.5%    60%W +0.7%       -2.8% → +4.7%
  CRWD    20    50%W +0.2%    55%W +0.1%    60%W +0.3%    55%W +0.2%    75%W +0.7%    60%W +1.0%       -1.3% → +3.5%
  PLTR    20    40%W -0.5%    35%W -0.2%    35%W -0.4%    60%W +0.5%    60%W +0.9%    60%W +0.5%       -3.5% → +5.4%
  ARM     20    55%W +0.2%    60%W +0.4%    55%W +0.1%    55%W +0.7%    70%W +1.1%    60%W +0.7%     -11.2% → +16.7%
  AMD     20    55%W +0.1%    50%W -0.0%    55%W +0.2%    60%W +0.4%    60%W +0.6%    60%W +0.5%       -3.0% → +3.2%
  SNPS    20    55%W +0.2%    45%W -0.1%    45%W -0.2%    70%W +0.2%    55%W +0.2%    55%W +0.1%       -2.1% → +2.6%
  MU      20    45%W -0.1%    40%W -0.2%    45%W -0.4%    40%W -0.1%    60%W +0.3%    50%W -0.1%       -2.1% → +2.2%
  TSLA    20    50%W -0.0%    40%W -0.2%    35%W -0.3%    45%W -0.2%    45%W -0.3%    50%W -0.0%       -3.2% → +4.0%
  MRVL    20    50%W +0.0%    50%W -0.0%    45%W -0.1%    50%W +0.0%    50%W -0.0%    45%W -0.2%       -3.3% → +4.8%
  CHTR    20    55%W +0.0%    40%W -0.2%    55%W +0.0%    50%W -0.1%    40%W -0.2%    45%W -0.5%       -4.4% → +3.7%
  DDOG    20    40%W -0.4%    45%W -0.2%    45%W -0.2%    45%W -0.0%    50%W -0.0%    45%W -0.1%       -3.0% → +1.5%
  APP     20    55%W +0.0%    50%W -0.1%    40%W -0.1%    45%W -0.1%    50%W +0.1%    40%W -0.3%       -3.1% → +8.2%
  META    20    50%W -0.0%    55%W +0.2%    55%W +0.1%    55%W +0.0%    65%W +0.2%    40%W -0.1%       -1.9% → +2.0%

=========================================================================================================================================================================================
Pre-Session Top-2 Performance — 2024-02-01 to 2024-02-29  |  Unconditional OR-close entry  |  OR: 09:30/3b
=========================================================================================================================================================================================
Date         Ticker Rank  At       Entry       +15m       +30m       +45m        +1h     +1h30m        +2h        +3h        +4h        +5h        +6h        +7h        EOD
-----------------------------------------------------------------------------------------------------------------------------------------------------------------------------------------
2024-02-01   APP    #1    09:40    41.65    -0.05%L    +0.01%W    +0.55%W    -0.04%L    -0.86%L    -0.95%L    -1.39%L    -1.34%L    -1.30%L    -1.26%L    -1.68%L    -1.68%L
2024-02-01   META   #2    09:40   399.58    -0.17%L    -0.28%L    -0.09%L    -0.08%L    -0.67%L    -0.95%L    -1.58%L    -1.14%L    -1.05%L    -0.88%L    -1.20%L    -1.20%L
2024-02-02   APP    #1    09:40    42.42    +2.06%W    +2.92%W    +4.37%W    +3.12%W    +3.31%W    +4.21%W    +5.10%W    +5.90%W    +6.31%W    +7.65%W    +8.17%W    +8.17%W
2024-02-02   META   #2    09:40   470.99    +0.71%W    +0.66%W    +0.57%W    +1.61%W    +1.37%W    +1.30%W    +2.36%W    +1.50%W    +1.71%W    +0.90%W    +0.82%W    +0.82%W
2024-02-05   APP    #1    09:40    45.06    +0.02%W    -0.58%L    -0.70%L    -1.84%L    -1.22%L    -1.37%L    +0.67%W    +0.33%W    +0.44%W    +0.47%W    +0.89%W    +0.89%W
2024-02-05   META   #2    09:40   463.26    +0.03%W    -0.44%L    +0.30%W    -0.43%L    -0.43%L    -0.43%L    +0.08%W    -0.39%L    +0.41%W    -0.07%L    -0.84%L    -0.84%L
2024-02-06   SPOT   #1    09:40   243.11    +0.43%W    -1.75%L    -2.09%L    -0.28%L    -2.65%L    -2.25%L    -3.37%L    -4.78%L    -4.49%L    -5.02%L    -4.56%L    -4.56%L
2024-02-06   APP    #2    09:40    46.29    +0.07%W    -0.67%L    -0.78%L    -0.65%L    -0.45%L    -0.59%L    -1.08%L    -1.48%L    -1.83%L    -1.03%L    -0.52%L    -0.52%L
2024-02-07   SPOT   #1    09:40   239.37    +0.74%W    -0.13%L    +0.28%W    -0.85%L    +0.20%W    +0.93%W    -0.32%L    +0.66%W    +0.60%W    -0.00%L    +0.61%W    +0.61%W
2024-02-07   APP    #2    09:40    46.52    +0.16%W    +0.97%W    +1.53%W    +0.78%W    +0.97%W    +1.07%W    +1.19%W    +2.16%W    +2.21%W    +1.81%W    +2.56%W    +2.56%W
2024-02-08   SPOT   #1    09:40   240.96    +0.36%W    -0.24%L    -0.02%L    +0.06%W    +1.24%W    +0.76%W    -0.05%L    -0.28%L    -0.30%L    -0.31%L    -0.39%L    -0.39%L
2024-02-08   APP    #2    09:40    48.03    +0.67%W    +0.34%W    +0.03%W    -0.04%L    -1.00%L    -0.44%L    -1.69%L    -1.75%L    -2.02%L    -2.31%L    -3.10%L    -3.10%L
2024-02-09   SPOT   #1    09:40   239.88    -0.05%L    +0.03%W    +0.48%W    +0.69%W    +0.65%W    +0.77%W    +0.47%W    -0.47%L    +0.40%W    +0.44%W    +0.32%W    +0.32%W
2024-02-09   APP    #2    09:40    46.55    -0.80%L    -0.87%L    -0.92%L    -1.57%L    -1.03%L    -1.40%L    -1.74%L    -0.49%L    -0.32%L    -0.07%L    -0.47%L    -0.47%L
2024-02-12   SPOT   #1    09:40   236.96    +0.02%W    -0.23%L    +0.04%W    +0.21%W    +0.06%W    -0.12%L    -0.40%L    -0.32%L    -1.09%L    -1.20%L    -0.97%L    -0.97%L
2024-02-12   LLY    #2    09:40   732.08    -0.17%L    -0.41%L    -0.11%L    -0.14%L    -0.24%L    +0.28%W    +0.25%W    -0.32%L    -0.03%L    +0.56%W    +0.76%W    +0.76%W
2024-02-13   SPOT   #1    09:40   231.69    +0.47%W    +1.15%W    +2.14%W    +2.40%W    +2.19%W    +2.91%W    +2.28%W    +2.63%W    +2.87%W    +2.17%W    +2.73%W    +2.73%W
2024-02-13   ARM    #2    09:40   135.17    -5.13%L    -5.51%L    -3.56%L    -5.52%L    -4.46%L    -4.61%L   -10.30%L    -8.04%L    -9.75%L   -11.07%L   -11.23%L   -11.23%L
2024-02-14   SPOT   #1    09:40   242.55    -0.40%L    -0.79%L    -0.86%L    -1.01%L    -1.05%L    -1.09%L    -0.04%L    -0.08%L    -0.04%L    +0.63%W    +0.75%W    +0.75%W
2024-02-14   LLY    #2    09:40   753.00    +0.49%W    +0.91%W    +1.22%W    +0.83%W    -0.08%L    -0.01%L    -0.07%L    -0.07%L    -0.24%L    -0.07%L    +0.48%W    +0.48%W
2024-02-15   LLY    #1    09:40   752.99    +0.92%W    +1.09%W    +1.06%W    +1.06%W    +0.68%W    +0.75%W    +0.79%W    +0.78%W    +0.61%W    +0.77%W    +0.53%W    +0.53%W
2024-02-15   SPOT   #2    09:40   242.93    +0.11%W    +0.16%W    -0.19%L    +0.20%W    +0.00%W    +0.65%W    +0.76%W    +0.83%W    +1.36%W    +1.42%W    +1.06%W    +1.06%W
2024-02-16   LLY    #1    09:40   768.32    -0.11%L    +0.47%W    +0.96%W    +1.36%W    +2.69%W    +2.64%W    +2.05%W    +2.93%W    +2.45%W    +2.12%W    +1.77%W    +1.77%W
2024-02-16   SPOT   #2    09:40   243.84    +0.16%W    +0.05%W    +0.50%W    +0.55%W    +0.96%W    +1.23%W    +0.99%W    +1.79%W    +1.34%W    +0.63%W    +0.98%W    +0.98%W
2024-02-20   LLY    #1    09:40   763.80    +0.87%W    +0.17%W    +0.30%W    +0.22%W    +0.06%W    +0.34%W    -1.07%L    -1.07%L    -1.09%L    -1.12%L    -0.93%L    -0.93%L
2024-02-20   SPOT   #2    09:40   242.62    +0.04%W    -0.30%L    -0.74%L    -0.61%L    +0.21%W    +0.08%W    -0.45%L    -0.31%L    +0.16%W    +0.24%W    +0.41%W    +0.41%W
2024-02-21   SPOT   #1    09:40   241.22    +0.77%W    +1.15%W    +1.10%W    +1.08%W    +1.32%W    +0.93%W    +0.63%W    +0.75%W    +0.56%W    +0.95%W    +1.71%W    +1.71%W
2024-02-21   LLY    #2    09:40   741.51    +0.20%W    -0.00%L    -0.45%L    -0.15%L    +0.08%W    +0.23%W    -0.39%L    -0.62%L    -0.54%L    +0.19%W    +0.56%W    +0.56%W
2024-02-22   SPOT   #1    09:40   246.81    -0.08%L    -0.46%L    -0.41%L    -0.89%L    -0.16%L    +0.02%W    +0.19%W    +0.73%W    +0.70%W    +0.43%W    +0.55%W    +0.55%W
2024-02-22   LLY    #2    09:40   764.78    -0.07%L    +0.27%W    +1.03%W    +0.63%W    +0.98%W    +1.02%W    +0.79%W    +0.68%W    +0.94%W    +0.75%W    +0.61%W    +0.61%W
2024-02-23   SPOT   #1    09:40   249.41    -0.00%L    -0.04%L    +0.03%W    -0.13%L    -0.46%L    -0.14%L    +0.45%W    +1.99%W    +2.12%W    +2.53%W    +2.70%W    +2.70%W
2024-02-23   LLY    #2    09:40   769.48    +0.27%W    +0.36%W    +0.07%W    -0.38%L    -0.78%L    -0.61%L    -0.62%L    -0.46%L    -0.50%L    -0.09%L    +0.11%W    +0.11%W
2024-02-26   LLY    #1    09:40   776.00    -0.09%L    +0.23%W    -0.34%L    -0.32%L    -0.27%L    -0.21%L    -0.07%L    -0.57%L    -0.53%L    -0.69%L    -0.58%L    -0.58%L
2024-02-26   SPOT   #2    09:40   251.78    -0.18%L    -0.40%L    +0.09%W    +0.78%W    +0.70%W    +0.98%W    +1.42%W    +0.76%W    +0.85%W    +1.27%W    +1.26%W    +1.26%W
2024-02-27   SPOT   #1    09:40   253.70    +0.11%W    -0.13%L    -0.17%L    -0.36%L    -0.07%L    -0.20%L    -0.74%L    -0.34%L    +0.00%W    -0.15%L    -0.30%L    -0.30%L
2024-02-27   LLY    #2    09:40   763.50    +0.45%W    +1.10%W    +0.82%W    +0.44%W    +0.80%W    +0.45%W    +0.56%W    +0.40%W    +0.50%W    +0.26%W    +0.19%W    +0.19%W
2024-02-28   LLY    #1    09:40   757.48    -0.20%L    -0.34%L    -0.33%L    -0.59%L    -0.24%L    -0.43%L    -0.59%L    -0.29%L    -0.22%L    -0.04%L    +0.13%W    +0.13%W
2024-02-28   SPOT   #2    09:40   250.88    -0.06%L    +0.38%W    +0.07%W    +0.39%W    +0.22%W    +0.77%W    +0.45%W    +0.09%W    -0.02%L    +0.21%W    +0.59%W    +0.59%W
2024-02-29   SPOT   #1    09:40   253.78    +0.12%W    +0.00%W    -0.05%L    -0.10%L    +0.01%W    +0.10%W    +0.75%W    +0.73%W    +0.66%W    +1.37%W    +1.03%W    +1.03%W
2024-02-29   LLY    #2    09:40   746.55    +0.18%W    +0.73%W    +0.42%W    +0.31%W    +0.81%W    +0.10%W    +0.71%W    +0.73%W    +0.76%W    +1.08%W    +0.83%W    +0.83%W

========================================================================================
Pre-session picks summary — 40 pick(s) across 20 trading day(s)

Top-2 picks (all days)  (40 signal(s))
  Hold      Count   Win Rate   Avg Gain    Avg Win   Avg Loss ProfitFactor   Sum Ret%
  -------------------------------------------------------------------------
  +15m         40      62.5%     +0.07%     +0.42%     -0.50%        1.38x     +2.85%
  +30m         40      52.5%     -0.01%     +0.63%     -0.71%        0.97x     -0.40%
  +45m         40      57.5%     +0.15%     +0.78%     -0.70%        1.52x     +6.14%
  +1h          40      47.5%     +0.02%     +0.88%     -0.76%        1.05x     +0.76%
  +1h30m       40      55.0%     +0.08%     +0.89%     -0.90%        1.21x     +3.39%
  +2h          40      57.5%     +0.17%     +0.98%     -0.93%        1.43x     +6.72%
  +3h          40      52.5%     -0.08%     +1.09%     -1.37%        0.88x     -3.03%
  +4h          40      47.5%     +0.04%     +1.39%     -1.17%        1.07x     +1.75%
  +5h          40      55.0%     +0.07%     +1.27%     -1.41%        1.10x     +2.62%
  +6h          40      57.5%     +0.09%     +1.25%     -1.49%        1.14x     +3.47%
  +7h          40      67.5%     +0.16%     +1.23%     -2.06%        1.24x     +6.35%
  EOD          40      67.5%     +0.16%     +1.23%     -2.06%        1.24x     +6.35%

=========================================================================================================================================================================================
Signal Analysis — 2024-02-01 to 2024-02-29  |  BULL only  |  Vol ≥ 1.0x 20dAvg
Windows: 09:30/3b  |  Collection: 3 bars  |  Tickers: 19
=========================================================================================================================================================================================
Date         Ticker Window   At       Entry  Vol/20d       +15m       +30m       +45m        +1h     +1h30m        +2h        +3h        +4h        +5h        +6h        +7h        EOD
-----------------------------------------------------------------------------------------------------------------------------------------------------------------------------------------
2024-02-01   META   09:30/3b 09:40   399.58    1.53x    -0.17%L    -0.28%L    -0.09%L    -0.08%L    -0.67%L    -0.95%L    -1.58%L    -1.14%L    -1.05%L    -0.88%L    -1.20%L    -1.20%L
2024-02-02   APP    09:30/3b 09:40    42.42    5.22x    +2.06%W    +2.92%W    +4.37%W    +3.12%W    +3.31%W    +4.21%W    +5.10%W    +5.90%W    +6.31%W    +7.65%W    +8.17%W    +8.17%W
2024-02-02   SNPS   09:30/3b 09:45   549.02    1.60x    -0.29%L    -0.17%L    -0.63%L    -0.14%L    -0.46%L    +0.07%W    -0.19%L    -0.05%L    +0.18%W    +0.36%W    +0.54%W    +0.54%W
2024-02-02   SPOT   09:30/3b 09:40   220.03    1.74x    -0.12%L    -0.18%L    +0.12%W    +0.55%W    +0.36%W    +0.98%W    +0.71%W    +0.80%W    +0.87%W    +1.24%W    +1.15%W    +1.15%W
2024-02-02   MRVL   09:30/3b 09:45    68.20    1.04x    -0.16%L    -0.26%L    -0.50%L    -0.55%L    -0.85%L    -0.88%L    -1.28%L    -1.39%L    -1.17%L    -1.06%L    -1.03%L    -1.03%L
2024-02-02   PLTR   09:30/3b 09:40    16.32    1.27x    +1.56%W    +0.83%W    +2.11%W    +1.85%W    +1.74%W    +2.36%W    +2.45%W    +2.26%W    +3.34%W    +3.68%W    +4.26%W    +4.26%W
2024-02-02   ARM    09:30/3b 09:40    70.64    1.20x    +0.48%W    +0.52%W    +0.48%W    +0.03%W    +0.54%W    +1.76%W    -0.16%L    +0.20%W    +0.85%W    +0.62%W    +0.47%W    +0.47%W
2024-02-06   TSLA   09:30/3b 09:40   184.60    1.80x    -0.38%L    +0.03%W    -0.94%L    -0.49%L    -0.36%L    -1.24%L    -0.81%L    -0.90%L    -0.48%L    -0.28%L    +0.27%W    +0.27%W
2024-02-07   APP    09:30/3b 09:45    47.12    1.01x    -1.24%L    -0.01%L    -0.06%L    -0.65%L    -0.10%L    -0.29%L    +0.45%W    +1.14%W    +1.03%W    +0.71%W    +1.26%W    +1.26%W
2024-02-07   META   09:30/3b 09:40   465.51    1.50x    +0.82%W    +1.11%W    +0.92%W    +0.70%W    +0.68%W    +0.85%W    +0.38%W    +0.63%W    +0.43%W    +0.59%W    +0.88%W    +0.88%W
2024-02-07   SPOT   09:30/3b 09:40   239.37    3.24x    +0.74%W    -0.13%L    +0.28%W    -0.85%L    +0.20%W    +0.93%W    -0.32%L    +0.66%W    +0.60%W    -0.00%L    +0.61%W    +0.61%W
2024-02-07   MU     09:30/3b 09:45    84.11    1.72x    +0.31%W    +0.29%W    +0.77%W    +0.80%W    +0.38%W    -0.02%L    -0.11%L    -0.04%L    +0.64%W    +1.24%W    +1.27%W    +1.27%W
2024-02-07   PLTR   09:30/3b 09:40    22.39    3.66x    +1.88%W    +3.55%W    +3.01%W    +3.47%W    +4.44%W    +5.40%W    +3.26%W    +5.72%W    +6.35%W    +5.68%W    +5.43%W    +5.43%W
2024-02-08   SNOW   09:30/3b 09:40   220.54    1.48x    +1.28%W    +2.19%W    +1.91%W    +1.49%W    +1.69%W    +2.00%W    +1.65%W    +1.71%W    +1.01%W    +1.37%W    +1.07%W    +1.07%W
2024-02-08   LLY    09:30/3b 09:40   737.41    1.46x    -0.63%L    -0.50%L    +0.10%W    +0.16%W    -0.23%L    +0.16%W    +0.22%W    +0.20%W    -0.67%L    -0.28%L    -0.24%L    -0.24%L
2024-02-08   PLTR   09:30/3b 09:45    24.34    2.47x    +0.64%W    -0.70%L    -2.73%L    -3.72%L    -1.07%L    +0.43%W    +0.43%W    +2.55%W    +2.59%W    +0.97%W    +0.70%W    +0.70%W
2024-02-08   CHTR   09:30/3b 09:50   287.31    1.64x    -0.15%L    -0.77%L    -1.46%L    -1.32%L    -1.92%L    -0.74%L    -1.56%L    -2.03%L    -2.22%L    -1.86%L    -1.63%L    -1.63%L
2024-02-09   PLTR   09:30/3b 09:40    24.87    1.78x    -0.60%L    -2.07%L    -0.64%L    -2.37%L    -4.83%L    -3.40%L    -1.71%L    -1.45%L    -0.46%L    -2.77%L    -2.01%L    -2.01%L
2024-02-09   CHTR   09:30/3b 09:40   289.96    1.33x    -0.12%L    -0.32%L    -0.59%L    -0.71%L    -0.51%L    -0.60%L    -0.61%L    -0.13%L    +0.11%W    +0.18%W    +0.46%W    +0.46%W
2024-02-09   TSLA   09:30/3b 09:40   193.32    1.15x    +0.15%W    -0.34%L    +0.13%W    -0.28%L    -0.70%L    -1.35%L    -0.87%L    -0.12%L    -0.09%L    -0.38%L    +0.13%W    +0.13%W
2024-02-09   AVGO   09:30/3b 09:40  1258.86    1.03x    +1.40%W    +1.10%W    +1.55%W    +1.37%W    +1.29%W    +1.19%W    +1.08%W    +1.53%W    +1.91%W    +2.06%W    +1.88%W    +1.88%W
2024-02-12   MU     09:30/3b 09:40    86.87    1.18x    -0.84%L    -1.24%L    -1.18%L    -0.84%L    -0.49%L    -0.09%L    -0.50%L    -0.76%L    -1.20%L    -1.42%L    -1.35%L    -1.35%L
2024-02-12   MRVL   09:30/3b 09:40    69.55    1.15x    +0.91%W    +1.50%W    +2.00%W    +3.03%W    +2.98%W    +3.46%W    +3.19%W    +2.39%W    +1.75%W    +1.42%W    +1.22%W    +1.22%W
2024-02-12   CHTR   09:30/3b 09:45   297.50    1.14x    -0.49%L    -0.53%L    -0.59%L    +0.32%W    +0.20%W    +0.64%W    +0.81%W    +1.06%W    +0.82%W    +0.32%W    +0.14%W    +0.14%W
2024-02-13   DDOG   09:30/3b 09:40   135.74    5.79x    -0.69%L    -2.46%L    -0.60%L    +0.41%W    -2.47%L    -3.44%L    -3.75%L    -4.42%L    -3.23%L    -3.04%L    -2.97%L    -2.97%L
2024-02-14   PLTR   09:30/3b 09:40    24.23    1.22x    +1.45%W    +1.87%W    +3.26%W    +2.73%W    +1.99%W    +4.38%W    +3.04%W    +3.04%W    +3.62%W    +3.95%W    +3.89%W    +3.89%W
2024-02-15   LLY    09:30/3b 09:45   755.99    1.07x    +0.79%W    +0.71%W    +0.57%W    +0.53%W    +0.44%W    +0.28%W    +0.47%W    +0.43%W    +0.29%W    +0.36%W    +0.13%W    +0.13%W
2024-02-16   APP    09:30/3b 09:40    60.12    1.78x    -2.12%L    -1.59%L    -1.37%L    -0.38%L    +0.41%W    +0.54%W    +0.44%W    -0.01%L    -0.16%L    -0.32%L    -0.47%L    -0.47%L
2024-02-16   TSLA   09:30/3b 09:40   201.98    1.38x    -1.63%L    -0.71%L    -1.42%L    -1.24%L    -0.42%L    +0.28%W    -0.56%L    -1.09%L    -0.44%L    -1.29%L    -1.00%L    -1.00%L
2024-02-16   AMD    09:30/3b 09:40   178.60    1.12x    -2.03%L    -2.52%L    -2.40%L    -1.72%L    -1.23%L    -1.43%L    -1.63%L    -1.78%L    -1.78%L    -2.83%L    -2.68%L    -2.68%L
2024-02-20   MU     09:30/3b 09:40    79.89    1.85x    +0.06%W    -0.08%L    -0.74%L    -0.50%L    -0.16%L    -0.36%L    -0.23%L    +0.09%W    +0.59%W    +0.79%W    +1.03%W    +1.03%W
2024-02-20   CHTR   09:30/3b 09:40   292.41    1.25x    +0.02%W    +0.20%W    +0.46%W    +0.20%W    +1.03%W    +1.46%W    +0.97%W    +1.01%W    +0.35%W    +0.86%W    +0.94%W    +0.94%W
2024-02-21   TSLA   09:30/3b 09:40   196.57    1.09x    +0.33%W    +0.68%W    -0.20%L    -0.38%L    -0.87%L    -1.26%L    -1.86%L    -1.60%L    -2.08%L    -1.07%L    -0.88%L    -0.88%L
2024-02-22   LLY    09:30/3b 09:40   764.78    1.24x    -0.07%L    +0.27%W    +1.03%W    +0.63%W    +0.98%W    +1.02%W    +0.79%W    +0.68%W    +0.94%W    +0.75%W    +0.61%W    +0.61%W
2024-02-23   META   09:30/3b 09:40   493.26    1.14x    -0.25%L    -0.14%L    -0.92%L    -1.31%L    -1.86%L    -1.49%L    -1.16%L    -1.24%L    -2.08%L    -1.82%L    -1.87%L    -1.87%L
2024-02-23   SNPS   09:30/3b 09:50   578.37    1.08x    -0.49%L    -0.63%L    -0.21%L    -0.85%L    -0.57%L    -0.90%L    -0.41%L    -0.27%L    -0.39%L    -0.58%L    -0.45%L    -0.45%L
2024-02-23   AVGO   09:30/3b 09:40  1316.21    1.08x    -0.83%L    -0.81%L    -1.07%L    -1.30%L    -1.82%L    -1.24%L    -0.92%L    -1.23%L    -1.36%L    -1.35%L    -1.55%L    -1.55%L
2024-02-26   APP    09:30/3b 09:40    59.27    1.13x    -0.44%L    -0.73%L    -0.08%L    +0.15%W    +0.13%W    +0.74%W    +2.26%W    +2.08%W    +1.00%W    -0.43%L    -0.52%L    -0.52%L
2024-02-26   SNOW   09:30/3b 09:45   229.13    1.30x    -0.46%L    +0.22%W    -0.17%L    -0.10%L    +0.04%W    +1.02%W    +1.78%W    +1.21%W    +1.40%W    +1.04%W    +0.82%W    +0.82%W
2024-02-26   TSLA   09:30/3b 09:40   196.16    1.20x    +0.14%W    +1.27%W    +0.79%W    +1.46%W    +1.36%W    +2.48%W    +1.98%W    +1.65%W    +1.86%W    +1.69%W    +1.63%W    +1.63%W
2024-02-27   PLTR   09:30/3b 09:40    24.16    1.07x    -0.68%L    -0.59%L    -0.08%L    -0.07%L    +0.37%W    +0.52%W    +0.67%W    +1.08%W    +1.26%W    +1.22%W    +1.59%W    +1.59%W
2024-02-29   APP    09:30/3b 09:45    58.21    1.92x    +1.34%W    +1.32%W    +1.20%W    +2.03%W    +0.76%W    +0.65%W    +0.77%W    +1.23%W    +2.13%W    +2.32%W    +2.63%W    +2.63%W
2024-02-29   DDOG   09:30/3b 09:40   132.25    1.04x    -0.98%L    -1.27%L    -1.04%L    -0.41%L    -0.43%L    -1.66%L    -1.60%L    -1.40%L    -1.11%L    -1.27%L    -0.70%L    -0.70%L

========================================================================================
Summary — 43 qualifying signal(s) across 20 trading day(s)

Window 09:30/3b  (43 signal(s))
  Hold      Count   Win Rate   Avg Gain    Avg Win   Avg Loss ProfitFactor   Sum Ret%
  -------------------------------------------------------------------------
  +15m         43      44.2%     +0.01%     +0.86%     -0.66%        1.03x     +0.49%
  +30m         43      41.9%     +0.04%     +1.14%     -0.76%        1.08x     +1.56%
  +45m         43      44.2%     +0.12%     +1.32%     -0.82%        1.27x     +5.37%
  +1h          43      46.5%     +0.11%     +1.25%     -0.88%        1.24x     +4.77%
  +1h30m       43      51.2%     +0.08%     +1.15%     -1.05%        1.15x     +3.31%
  +2h          43      58.1%     +0.38%     +1.51%     -1.18%        1.77x    +16.47%
  +3h          43      51.2%     +0.26%     +1.50%     -1.04%        1.51x    +11.10%
  +4h          43      55.8%     +0.42%     +1.64%     -1.11%        1.87x    +18.23%
  +5h          43      60.5%     +0.52%     +1.62%     -1.18%        2.11x    +22.24%
  +6h          43      55.8%     +0.42%     +1.71%     -1.21%        1.79x    +18.11%
  +7h          43      62.8%     +0.53%     +1.60%     -1.28%        2.10x    +22.65%
  EOD          43      62.8%     +0.53%     +1.60%     -1.28%        2.10x    +22.65%
