Fetching 5-min bars (2017-08-02 → 2017-09-29) [alpaca]...
  [cache] fetching 5 tickers from alpaca (cache miss)
  [cache] loaded 6 tickers from cache
Fetching daily bars (2016-09-01 → 2017-09-29)...

=========================================================================================================================================================================================
Pre-Session Rankings (9:25) — 2017-09-01 to 2017-09-29  |  20d lookback
=========================================================================================================================================================================================
Pre-session top-2 (9:25, 20d EOD win rate) — 2017-09-01  OR: 09:30/3b
  #1 MU     +15m 60%W +0.2%  +30m 60%W +0.2%  +1h 65%W +0.3%  +2h 60%W +0.3%  +5h 65%W +0.6%  EOD 75%W +0.5%  EOD range -2.1% → +2.3%
  #2 MRVL   +15m 45%W -0.0%  +30m 50%W +0.1%  +1h 60%W +0.2%  +2h 80%W +0.4%  +5h 70%W +0.3%  EOD 70%W +0.4%  EOD range -2.4% → +1.8%
  Ticker   N          +15m          +30m           +1h           +2h           +5h           EOD           EOD range
  ----------------------------------------------------------------------------------------------------------------------
  MU      20  60%W +0.2%  60%W +0.2%  65%W +0.3%  60%W +0.3%  65%W +0.6%  75%W +0.5%       -2.1% → +2.3%
  MRVL    20  45%W -0.0%  50%W +0.1%  60%W +0.2%  80%W +0.4%  70%W +0.3%  70%W +0.4%       -2.4% → +1.8%
  SNPS    20  50%W -0.0%  50%W +0.0%  70%W +0.1%  70%W +0.2%  85%W +0.3%  70%W +0.3%       -2.6% → +1.0%
  AVGO    20  25%W -0.1%  55%W +0.0%  80%W +0.1%  75%W +0.3%  70%W +0.3%  65%W +0.2%       -2.6% → +1.6%
  QCOM    20  40%W -0.1%  45%W -0.0%  55%W +0.1%  65%W +0.1%  55%W +0.1%  60%W +0.1%       -2.1% → +0.7%
  META    20  35%W -0.1%  40%W -0.1%  50%W -0.0%  65%W +0.1%  60%W +0.2%  55%W +0.2%       -1.7% → +1.0%
  CHTR    20  60%W +0.0%  50%W -0.0%  55%W +0.0%  40%W -0.1%  50%W -0.0%  55%W +0.2%       -1.8% → +2.7%
  LLY     20  35%W -0.1%  50%W +0.0%  60%W +0.1%  55%W +0.0%  45%W -0.0%  55%W +0.1%       -2.8% → +0.7%
  TSLA    20  45%W -0.0%  65%W +0.2%  70%W +0.3%  70%W +0.4%  75%W +0.1%  50%W -0.0%       -2.3% → +3.5%
  AMD     20  30%W -0.1%  35%W -0.3%  45%W -0.3%  50%W -0.0%  35%W -0.2%  40%W -0.5%       -5.2% → +3.6%
Pre-session top-2 (9:25, 20d EOD win rate) — 2017-09-05  OR: 09:30/3b
  #1 MU     +15m 55%W +0.1%  +30m 60%W +0.2%  +1h 60%W +0.3%  +2h 55%W +0.2%  +5h 60%W +0.3%  EOD 70%W +0.3%  EOD range -2.1% → +2.3%
  #2 MRVL   +15m 45%W -0.0%  +30m 55%W +0.1%  +1h 65%W +0.2%  +2h 80%W +0.4%  +5h 70%W +0.3%  EOD 70%W +0.4%  EOD range -2.4% → +1.8%
  Ticker   N          +15m          +30m           +1h           +2h           +5h           EOD           EOD range
  ----------------------------------------------------------------------------------------------------------------------
  MU      20  55%W +0.1%  60%W +0.2%  60%W +0.3%  55%W +0.2%  60%W +0.3%  70%W +0.3%       -2.1% → +2.3%
  MRVL    20  45%W -0.0%  55%W +0.1%  65%W +0.2%  80%W +0.4%  70%W +0.3%  70%W +0.4%       -2.4% → +1.8%
  SNPS    20  50%W -0.0%  50%W +0.0%  65%W +0.1%  65%W +0.2%  80%W +0.3%  65%W +0.3%       -2.6% → +1.0%
  AVGO    20  25%W -0.1%  55%W +0.0%  80%W +0.1%  70%W +0.3%  70%W +0.3%  65%W +0.2%       -2.6% → +1.6%
  QCOM    20  40%W -0.1%  45%W -0.0%  55%W +0.1%  65%W +0.1%  55%W +0.1%  60%W +0.1%       -2.1% → +0.7%
  META    20  35%W -0.1%  40%W -0.1%  45%W -0.0%  70%W +0.2%  60%W +0.2%  55%W +0.2%       -1.7% → +1.0%
  CHTR    20  60%W +0.0%  50%W -0.0%  55%W +0.0%  40%W -0.1%  50%W -0.0%  55%W +0.2%       -1.8% → +2.7%
  LLY     20  35%W -0.1%  50%W +0.0%  60%W +0.1%  60%W +0.0%  45%W -0.0%  50%W +0.0%       -2.8% → +0.7%
  TSLA    20  45%W -0.0%  60%W +0.1%  65%W +0.2%  65%W +0.3%  70%W +0.1%  45%W -0.2%       -2.3% → +2.8%
  AMD     20  30%W -0.1%  35%W -0.3%  45%W -0.3%  45%W -0.2%  35%W -0.2%  40%W -0.5%       -5.2% → +3.6%
Pre-session top-2 (9:25, 20d EOD win rate) — 2017-09-06  OR: 09:30/3b
  #1 MRVL   +15m 45%W -0.0%  +30m 55%W +0.2%  +1h 70%W +0.3%  +2h 80%W +0.4%  +5h 70%W +0.3%  EOD 70%W +0.4%  EOD range -2.4% → +1.8%
  #2 MU     +15m 55%W +0.1%  +30m 60%W +0.2%  +1h 60%W +0.2%  +2h 55%W +0.1%  +5h 55%W +0.2%  EOD 65%W +0.3%  EOD range -2.1% → +2.2%
  Ticker   N          +15m          +30m           +1h           +2h           +5h           EOD           EOD range
  ----------------------------------------------------------------------------------------------------------------------
  MRVL    20  45%W -0.0%  55%W +0.2%  70%W +0.3%  80%W +0.4%  70%W +0.3%  70%W +0.4%       -2.4% → +1.8%
  MU      20  55%W +0.1%  60%W +0.2%  60%W +0.2%  55%W +0.1%  55%W +0.2%  65%W +0.3%       -2.1% → +2.2%
  SNPS    20  50%W -0.0%  50%W +0.0%  60%W +0.1%  60%W +0.1%  75%W +0.3%  60%W +0.2%       -2.6% → +1.0%
  AVGO    20  30%W -0.1%  60%W +0.0%  80%W +0.1%  65%W +0.2%  65%W +0.2%  60%W +0.1%       -2.6% → +1.6%
  CHTR    20  60%W +0.0%  45%W -0.1%  50%W +0.0%  40%W -0.2%  50%W -0.0%  55%W +0.2%       -1.8% → +2.7%
  QCOM    20  40%W -0.1%  50%W +0.0%  55%W +0.1%  60%W +0.1%  50%W +0.1%  55%W +0.1%       -2.5% → +0.7%
  META    20  35%W -0.1%  40%W -0.1%  40%W -0.0%  65%W +0.1%  55%W +0.2%  50%W +0.0%       -1.7% → +0.9%
  LLY     20  30%W -0.1%  45%W -0.0%  55%W +0.1%  55%W +0.0%  40%W -0.0%  50%W +0.0%       -2.8% → +0.7%
  TSLA    20  45%W -0.0%  60%W +0.1%  60%W +0.2%  60%W +0.2%  65%W +0.1%  45%W -0.2%       -2.3% → +2.8%
  AMD     20  35%W -0.1%  40%W -0.2%  45%W -0.2%  45%W -0.2%  35%W -0.3%  35%W -0.6%       -5.2% → +3.6%
Pre-session top-2 (9:25, 20d EOD win rate) — 2017-09-07  OR: 09:30/3b
  #1 MRVL   +15m 40%W -0.0%  +30m 50%W +0.1%  +1h 65%W +0.2%  +2h 75%W +0.4%  +5h 65%W +0.3%  EOD 70%W +0.4%  EOD range -2.4% → +1.8%
  #2 SNPS   +15m 50%W -0.0%  +30m 50%W +0.0%  +1h 60%W +0.0%  +2h 60%W +0.1%  +5h 75%W +0.3%  EOD 65%W +0.3%  EOD range -2.6% → +1.0%
  Ticker   N          +15m          +30m           +1h           +2h           +5h           EOD           EOD range
  ----------------------------------------------------------------------------------------------------------------------
  MRVL    20  40%W -0.0%  50%W +0.1%  65%W +0.2%  75%W +0.4%  65%W +0.3%  70%W +0.4%       -2.4% → +1.8%
  SNPS    20  50%W -0.0%  50%W +0.0%  60%W +0.0%  60%W +0.1%  75%W +0.3%  65%W +0.3%       -2.6% → +1.0%
  AVGO    20  35%W -0.1%  60%W +0.0%  75%W +0.1%  60%W +0.2%  65%W +0.2%  65%W +0.1%       -2.6% → +1.6%
  MU      20  55%W +0.1%  60%W +0.1%  60%W +0.2%  55%W +0.1%  50%W +0.0%  60%W +0.2%       -2.1% → +2.2%
  QCOM    20  40%W -0.1%  50%W +0.0%  55%W +0.1%  60%W +0.1%  55%W +0.2%  60%W +0.2%       -2.5% → +1.0%
  META    20  35%W -0.1%  40%W -0.1%  35%W -0.1%  60%W +0.1%  55%W +0.2%  55%W +0.2%       -1.7% → +0.9%
  CHTR    20  55%W +0.0%  40%W -0.1%  45%W -0.0%  40%W -0.2%  50%W -0.0%  55%W +0.2%       -1.8% → +2.6%
  LLY     20  30%W -0.1%  45%W -0.0%  50%W +0.0%  50%W -0.0%  40%W -0.0%  50%W +0.0%       -2.8% → +0.7%
  TSLA    20  50%W +0.0%  55%W +0.1%  55%W +0.0%  55%W +0.1%  65%W +0.1%  40%W -0.2%       -2.3% → +2.8%
  AMD     20  30%W -0.1%  40%W -0.2%  45%W -0.2%  40%W -0.2%  35%W -0.3%  35%W -0.6%       -5.2% → +3.6%
Pre-session top-2 (9:25, 20d EOD win rate) — 2017-09-08  OR: 09:30/3b
  #1 MU     +15m 55%W +0.0%  +30m 60%W +0.1%  +1h 60%W +0.2%  +2h 55%W +0.1%  +5h 55%W +0.2%  EOD 65%W +0.3%  EOD range -2.1% → +2.2%
  #2 MRVL   +15m 35%W -0.0%  +30m 50%W +0.1%  +1h 60%W +0.1%  +2h 70%W +0.2%  +5h 60%W +0.3%  EOD 65%W +0.4%  EOD range -2.4% → +1.8%
  Ticker   N          +15m          +30m           +1h           +2h           +5h           EOD           EOD range
  ----------------------------------------------------------------------------------------------------------------------
  MU      20  55%W +0.0%  60%W +0.1%  60%W +0.2%  55%W +0.1%  55%W +0.2%  65%W +0.3%       -2.1% → +2.2%
  MRVL    20  35%W -0.0%  50%W +0.1%  60%W +0.1%  70%W +0.2%  60%W +0.3%  65%W +0.4%       -2.4% → +1.8%
  SNPS    20  55%W +0.1%  50%W +0.0%  60%W +0.0%  60%W +0.1%  70%W +0.3%  60%W +0.2%       -2.6% → +1.0%
  QCOM    20  40%W -0.1%  55%W +0.1%  55%W +0.1%  65%W +0.1%  55%W +0.2%  60%W +0.2%       -2.5% → +1.0%
  AVGO    20  35%W -0.1%  55%W +0.0%  75%W +0.2%  60%W +0.2%  65%W +0.2%  60%W +0.0%       -2.6% → +1.6%
  META    20  30%W -0.1%  35%W -0.1%  35%W -0.1%  60%W +0.1%  55%W +0.2%  55%W +0.2%       -1.7% → +1.4%
  CHTR    20  60%W +0.0%  40%W -0.1%  50%W +0.0%  35%W -0.2%  45%W -0.0%  50%W -0.0%       -1.8% → +2.6%
  LLY     20  35%W -0.1%  45%W -0.0%  55%W +0.1%  55%W +0.0%  40%W -0.0%  50%W +0.0%       -2.8% → +0.7%
  TSLA    20  45%W -0.0%  55%W +0.1%  55%W +0.0%  55%W +0.1%  65%W +0.1%  45%W -0.2%       -2.3% → +2.8%
  AMD     20  30%W -0.1%  40%W -0.2%  45%W -0.2%  35%W -0.2%  30%W -0.4%  30%W -0.6%       -5.2% → +3.6%
Pre-session top-2 (9:25, 20d EOD win rate) — 2017-09-11  OR: 09:30/3b
  #1 MU     +15m 55%W +0.0%  +30m 60%W +0.1%  +1h 60%W +0.2%  +2h 55%W +0.1%  +5h 55%W +0.2%  EOD 65%W +0.3%  EOD range -2.1% → +2.2%
  #2 MRVL   +15m 35%W -0.0%  +30m 50%W +0.1%  +1h 60%W +0.1%  +2h 70%W +0.2%  +5h 60%W +0.3%  EOD 65%W +0.4%  EOD range -2.4% → +1.8%
  Ticker   N          +15m          +30m           +1h           +2h           +5h           EOD           EOD range
  ----------------------------------------------------------------------------------------------------------------------
  MU      20  55%W +0.0%  60%W +0.1%  60%W +0.2%  55%W +0.1%  55%W +0.2%  65%W +0.3%       -2.1% → +2.2%
  MRVL    20  35%W -0.0%  50%W +0.1%  60%W +0.1%  70%W +0.2%  60%W +0.3%  65%W +0.4%       -2.4% → +1.8%
  SNPS    20  55%W +0.1%  50%W +0.0%  60%W +0.0%  65%W +0.1%  75%W +0.3%  65%W +0.2%       -2.6% → +1.0%
  QCOM    20  40%W -0.0%  55%W +0.1%  55%W +0.1%  65%W +0.1%  55%W +0.2%  60%W +0.2%       -2.5% → +1.0%
  AVGO    20  35%W -0.1%  55%W +0.0%  70%W +0.2%  60%W +0.2%  65%W +0.2%  60%W +0.0%       -2.6% → +1.6%
  META    20  30%W -0.1%  35%W -0.1%  35%W -0.1%  60%W +0.1%  55%W +0.2%  55%W +0.2%       -1.7% → +1.4%
  CHTR    20  60%W +0.0%  40%W -0.1%  50%W +0.0%  35%W -0.2%  50%W -0.0%  55%W +0.2%       -1.8% → +2.6%
  LLY     20  35%W -0.1%  45%W -0.0%  60%W +0.1%  60%W +0.1%  45%W -0.0%  55%W +0.0%       -2.8% → +0.7%
  TSLA    20  45%W -0.0%  55%W +0.0%  50%W -0.1%  50%W -0.0%  60%W +0.1%  45%W -0.2%       -2.3% → +2.8%
  AMD     20  30%W -0.1%  40%W -0.2%  45%W -0.2%  35%W -0.2%  30%W -0.4%  30%W -0.6%       -2.1% → +3.6%
Pre-session top-2 (9:25, 20d EOD win rate) — 2017-09-12  OR: 09:30/3b
  #1 MU     +15m 55%W +0.0%  +30m 60%W +0.1%  +1h 55%W +0.0%  +2h 55%W +0.1%  +5h 55%W +0.2%  EOD 65%W +0.3%  EOD range -2.1% → +2.0%
  #2 MRVL   +15m 35%W -0.0%  +30m 50%W +0.1%  +1h 60%W +0.1%  +2h 70%W +0.1%  +5h 60%W +0.3%  EOD 65%W +0.4%  EOD range -2.4% → +1.8%
  Ticker   N          +15m          +30m           +1h           +2h           +5h           EOD           EOD range
  ----------------------------------------------------------------------------------------------------------------------
  MU      20  55%W +0.0%  60%W +0.1%  55%W +0.0%  55%W +0.1%  55%W +0.2%  65%W +0.3%       -2.1% → +2.0%
  MRVL    20  35%W -0.0%  50%W +0.1%  60%W +0.1%  70%W +0.1%  60%W +0.3%  65%W +0.4%       -2.4% → +1.8%
  SNPS    20  50%W -0.0%  45%W -0.1%  55%W +0.0%  60%W +0.1%  70%W +0.3%  60%W +0.2%       -2.6% → +1.0%
  QCOM    20  40%W -0.0%  55%W +0.1%  55%W +0.1%  60%W +0.1%  55%W +0.2%  60%W +0.2%       -2.5% → +1.0%
  AVGO    20  30%W -0.1%  50%W -0.0%  65%W +0.1%  55%W +0.1%  60%W +0.1%  60%W +0.0%       -2.6% → +1.6%
  META    20  30%W -0.1%  35%W -0.1%  35%W -0.1%  55%W +0.0%  55%W +0.1%  55%W +0.2%       -1.7% → +1.4%
  CHTR    20  55%W +0.0%  35%W -0.1%  50%W +0.0%  35%W -0.2%  50%W -0.0%  55%W +0.2%       -3.5% → +2.6%
  LLY     20  35%W -0.1%  40%W -0.1%  55%W +0.1%  60%W +0.1%  45%W -0.0%  55%W +0.0%       -2.8% → +0.7%
  TSLA    20  45%W -0.0%  55%W +0.0%  50%W -0.1%  50%W -0.0%  60%W +0.1%  45%W -0.2%       -2.3% → +2.8%
  AMD     20  30%W -0.1%  40%W -0.2%  40%W -0.3%  30%W -0.4%  25%W -0.6%  25%W -0.6%       -2.1% → +3.6%
Pre-session top-2 (9:25, 20d EOD win rate) — 2017-09-13  OR: 09:30/3b
  #1 MRVL   +15m 35%W -0.0%  +30m 55%W +0.2%  +1h 65%W +0.1%  +2h 75%W +0.2%  +5h 65%W +0.3%  EOD 70%W +0.4%  EOD range -2.4% → +1.8%
  #2 MU     +15m 60%W +0.1%  +30m 60%W +0.1%  +1h 55%W +0.0%  +2h 60%W +0.3%  +5h 60%W +0.3%  EOD 65%W +0.4%  EOD range -2.1% → +2.0%
  Ticker   N          +15m          +30m           +1h           +2h           +5h           EOD           EOD range
  ----------------------------------------------------------------------------------------------------------------------
  MRVL    20  35%W -0.0%  55%W +0.2%  65%W +0.1%  75%W +0.2%  65%W +0.3%  70%W +0.4%       -2.4% → +1.8%
  MU      20  60%W +0.1%  60%W +0.1%  55%W +0.0%  60%W +0.3%  60%W +0.3%  65%W +0.4%       -2.1% → +2.0%
  SNPS    20  50%W -0.0%  45%W -0.1%  50%W +0.0%  55%W +0.1%  65%W +0.2%  60%W +0.2%       -2.6% → +1.0%
  QCOM    20  45%W -0.0%  55%W +0.1%  55%W +0.1%  60%W +0.1%  50%W +0.1%  60%W +0.2%       -2.5% → +1.0%
  LLY     20  35%W -0.1%  40%W -0.1%  55%W +0.1%  60%W +0.1%  45%W -0.1%  55%W +0.0%       -2.8% → +0.7%
  AVGO    20  30%W -0.1%  50%W -0.0%  60%W +0.1%  55%W +0.1%  55%W +0.0%  55%W +0.0%       -2.6% → +1.6%
  META    20  25%W -0.1%  30%W -0.1%  30%W -0.1%  50%W -0.0%  50%W -0.0%  50%W +0.1%       -1.7% → +1.4%
  CHTR    20  55%W +0.0%  35%W -0.1%  50%W +0.0%  30%W -0.3%  45%W -0.0%  50%W +0.0%       -3.5% → +2.6%
  TSLA    20  40%W -0.0%  50%W -0.0%  50%W -0.1%  55%W +0.1%  60%W +0.1%  45%W -0.2%       -2.3% → +2.8%
  AMD     20  30%W -0.1%  40%W -0.2%  35%W -0.3%  30%W -0.4%  30%W -0.6%  25%W -0.6%       -2.1% → +3.6%
Pre-session top-2 (9:25, 20d EOD win rate) — 2017-09-14  OR: 09:30/3b
  #1 MRVL   +15m 35%W -0.0%  +30m 60%W +0.2%  +1h 65%W +0.2%  +2h 75%W +0.2%  +5h 65%W +0.3%  EOD 70%W +0.4%  EOD range -2.4% → +1.6%
  #2 MU     +15m 60%W +0.1%  +30m 60%W +0.1%  +1h 55%W +0.0%  +2h 55%W +0.1%  +5h 60%W +0.3%  EOD 65%W +0.4%  EOD range -2.1% → +2.0%
  Ticker   N          +15m          +30m           +1h           +2h           +5h           EOD           EOD range
  ----------------------------------------------------------------------------------------------------------------------
  MRVL    20  35%W -0.0%  60%W +0.2%  65%W +0.2%  75%W +0.2%  65%W +0.3%  70%W +0.4%       -2.4% → +1.6%
  MU      20  60%W +0.1%  60%W +0.1%  55%W +0.0%  55%W +0.1%  60%W +0.3%  65%W +0.4%       -2.1% → +2.0%
  SNPS    20  45%W -0.1%  40%W -0.1%  45%W -0.0%  50%W +0.0%  65%W +0.2%  60%W +0.2%       -2.6% → +1.0%
  LLY     20  35%W -0.1%  40%W -0.1%  60%W +0.1%  65%W +0.1%  50%W +0.1%  60%W +0.1%       -2.8% → +0.7%
  QCOM    20  45%W -0.0%  60%W +0.1%  50%W -0.0%  55%W +0.0%  50%W +0.1%  60%W +0.2%       -2.5% → +1.0%
  CHTR    20  60%W +0.0%  40%W -0.1%  55%W +0.0%  35%W -0.3%  50%W -0.0%  55%W +0.2%       -3.5% → +2.6%
  AVGO    20  35%W -0.1%  50%W -0.0%  60%W +0.1%  50%W +0.0%  55%W +0.0%  55%W +0.0%       -2.6% → +1.6%
  META    20  30%W -0.1%  35%W -0.1%  30%W -0.1%  45%W -0.0%  50%W -0.0%  50%W +0.1%       -1.7% → +1.4%
  TSLA    20  40%W -0.0%  55%W +0.0%  50%W -0.1%  55%W +0.1%  60%W +0.1%  45%W -0.2%       -2.3% → +2.8%
  AMD     20  35%W -0.1%  40%W -0.2%  35%W -0.3%  30%W -0.4%  30%W -0.6%  25%W -0.6%       -2.1% → +3.6%
Pre-session top-2 (9:25, 20d EOD win rate) — 2017-09-15  OR: 09:30/3b
  #1 MRVL   +15m 35%W -0.0%  +30m 60%W +0.2%  +1h 65%W +0.2%  +2h 75%W +0.2%  +5h 65%W +0.3%  EOD 70%W +0.4%  EOD range -2.4% → +2.3%
  #2 MU     +15m 60%W +0.1%  +30m 65%W +0.2%  +1h 55%W +0.0%  +2h 55%W +0.1%  +5h 60%W +0.3%  EOD 65%W +0.3%  EOD range -2.1% → +2.0%
  Ticker   N          +15m          +30m           +1h           +2h           +5h           EOD           EOD range
  ----------------------------------------------------------------------------------------------------------------------
  MRVL    20  35%W -0.0%  60%W +0.2%  65%W +0.2%  75%W +0.2%  65%W +0.3%  70%W +0.4%       -2.4% → +2.3%
  MU      20  60%W +0.1%  65%W +0.2%  55%W +0.0%  55%W +0.1%  60%W +0.3%  65%W +0.3%       -2.1% → +2.0%
  LLY     20  35%W -0.1%  40%W -0.1%  60%W +0.1%  65%W +0.1%  55%W +0.2%  65%W +0.2%       -2.8% → +0.7%
  QCOM    20  50%W +0.0%  60%W +0.1%  55%W +0.1%  60%W +0.1%  55%W +0.1%  65%W +0.2%       -2.5% → +1.1%
  SNPS    20  40%W -0.1%  35%W -0.1%  45%W -0.0%  50%W +0.0%  65%W +0.2%  60%W +0.2%       -2.6% → +1.0%
  AVGO    20  40%W -0.0%  50%W -0.0%  60%W +0.1%  50%W +0.0%  55%W +0.1%  55%W +0.0%       -2.6% → +1.6%
  META    20  30%W -0.1%  30%W -0.1%  35%W -0.1%  40%W -0.1%  50%W -0.0%  50%W +0.1%       -1.7% → +1.4%
  CHTR    20  60%W +0.0%  40%W -0.1%  55%W +0.0%  30%W -0.3%  45%W -0.0%  50%W +0.0%       -3.5% → +2.6%
  TSLA    20  45%W -0.0%  50%W -0.0%  50%W -0.1%  55%W +0.1%  60%W +0.1%  50%W +0.0%       -2.3% → +3.6%
  AMD     20  40%W -0.0%  40%W -0.2%  35%W -0.3%  35%W -0.4%  30%W -0.4%  25%W -0.6%       -2.1% → +3.6%
Pre-session top-2 (9:25, 20d EOD win rate) — 2017-09-18  OR: 09:30/3b
  #1 MU     +15m 60%W +0.1%  +30m 70%W +0.2%  +1h 60%W +0.2%  +2h 60%W +0.3%  +5h 65%W +0.3%  EOD 70%W +0.3%  EOD range -2.1% → +2.0%
  #2 MRVL   +15m 35%W -0.0%  +30m 60%W +0.2%  +1h 65%W +0.2%  +2h 75%W +0.2%  +5h 65%W +0.3%  EOD 70%W +0.4%  EOD range -1.3% → +2.3%
  Ticker   N          +15m          +30m           +1h           +2h           +5h           EOD           EOD range
  ----------------------------------------------------------------------------------------------------------------------
  MU      20  60%W +0.1%  70%W +0.2%  60%W +0.2%  60%W +0.3%  65%W +0.3%  70%W +0.3%       -2.1% → +2.0%
  MRVL    20  35%W -0.0%  60%W +0.2%  65%W +0.2%  75%W +0.2%  65%W +0.3%  70%W +0.4%       -1.3% → +2.3%
  QCOM    20  55%W +0.0%  65%W +0.1%  60%W +0.1%  65%W +0.1%  60%W +0.2%  70%W +0.2%       -2.5% → +1.1%
  LLY     20  35%W -0.1%  40%W -0.1%  65%W +0.1%  65%W +0.1%  55%W +0.2%  65%W +0.2%       -1.3% → +0.7%
  SNPS    20  40%W -0.1%  35%W -0.1%  45%W -0.0%  55%W +0.1%  65%W +0.2%  60%W +0.2%       -0.9% → +1.0%
  AVGO    20  40%W -0.0%  50%W -0.0%  65%W +0.1%  55%W +0.1%  60%W +0.2%  60%W +0.0%       -1.0% → +1.7%
  META    20  35%W -0.1%  35%W -0.1%  40%W -0.1%  45%W -0.0%  55%W +0.1%  55%W +0.2%       -1.1% → +1.4%
  TSLA    20  50%W +0.0%  55%W +0.0%  55%W +0.1%  60%W +0.2%  65%W +0.4%  55%W +0.4%       -1.6% → +3.6%
  CHTR    20  55%W +0.0%  40%W -0.1%  60%W +0.1%  30%W -0.3%  45%W -0.0%  50%W +0.0%       -3.5% → +2.6%
  AMD     20  40%W -0.0%  40%W -0.2%  40%W -0.3%  40%W -0.2%  30%W -0.4%  25%W -0.6%       -1.9% → +3.6%
Pre-session top-2 (9:25, 20d EOD win rate) — 2017-09-19  OR: 09:30/3b
  #1 QCOM   +15m 55%W +0.0%  +30m 65%W +0.2%  +1h 65%W +0.2%  +2h 65%W +0.1%  +5h 65%W +0.2%  EOD 75%W +0.2%  EOD range -2.5% → +1.1%
  #2 MU     +15m 65%W +0.2%  +30m 70%W +0.3%  +1h 60%W +0.1%  +2h 60%W +0.3%  +5h 65%W +0.3%  EOD 70%W +0.3%  EOD range -2.1% → +2.0%
  Ticker   N          +15m          +30m           +1h           +2h           +5h           EOD           EOD range
  ----------------------------------------------------------------------------------------------------------------------
  QCOM    20  55%W +0.0%  65%W +0.2%  65%W +0.2%  65%W +0.1%  65%W +0.2%  75%W +0.2%       -2.5% → +1.1%
  MU      20  65%W +0.2%  70%W +0.3%  60%W +0.1%  60%W +0.3%  65%W +0.3%  70%W +0.3%       -2.1% → +2.0%
  MRVL    20  40%W -0.0%  65%W +0.2%  65%W +0.2%  75%W +0.2%  60%W +0.3%  70%W +0.4%       -1.3% → +2.3%
  LLY     20  35%W -0.2%  40%W -0.1%  65%W +0.1%  60%W +0.0%  55%W +0.2%  65%W +0.2%       -1.3% → +0.7%
  TSLA    20  55%W +0.1%  60%W +0.1%  60%W +0.1%  60%W +0.2%  65%W +0.4%  60%W +0.4%       -1.6% → +3.6%
  SNPS    20  40%W -0.1%  35%W -0.1%  45%W -0.0%  55%W +0.1%  65%W +0.2%  60%W +0.2%       -0.9% → +1.0%
  META    20  40%W -0.0%  35%W -0.1%  40%W -0.1%  40%W -0.1%  50%W -0.0%  55%W +0.2%       -1.1% → +1.4%
  AVGO    20  40%W -0.0%  45%W -0.1%  60%W +0.1%  55%W +0.1%  55%W +0.1%  55%W +0.0%       -1.0% → +1.7%
  CHTR    20  50%W +0.0%  40%W -0.1%  55%W +0.1%  30%W -0.3%  40%W -0.1%  45%W -0.1%       -3.5% → +2.6%
  AMD     20  45%W -0.0%  45%W -0.1%  40%W -0.2%  40%W -0.2%  25%W -0.4%  30%W -0.6%       -1.9% → +3.6%
Pre-session top-2 (9:25, 20d EOD win rate) — 2017-09-20  OR: 09:30/3b
  #1 MU     +15m 70%W +0.2%  +30m 75%W +0.3%  +1h 65%W +0.2%  +2h 65%W +0.4%  +5h 70%W +0.4%  EOD 75%W +0.3%  EOD range -1.0% → +2.0%
  #2 QCOM   +15m 55%W +0.0%  +30m 65%W +0.2%  +1h 65%W +0.2%  +2h 65%W +0.1%  +5h 65%W +0.2%  EOD 70%W +0.2%  EOD range -2.5% → +1.1%
  Ticker   N          +15m          +30m           +1h           +2h           +5h           EOD           EOD range
  ----------------------------------------------------------------------------------------------------------------------
  MU      20  70%W +0.2%  75%W +0.3%  65%W +0.2%  65%W +0.4%  70%W +0.4%  75%W +0.3%       -1.0% → +2.0%
  QCOM    20  55%W +0.0%  65%W +0.2%  65%W +0.2%  65%W +0.1%  65%W +0.2%  70%W +0.2%       -2.5% → +1.1%
  MRVL    20  45%W -0.0%  70%W +0.3%  70%W +0.3%  70%W +0.2%  55%W +0.3%  65%W +0.3%       -1.4% → +2.3%
  TSLA    20  60%W +0.1%  65%W +0.1%  60%W +0.1%  60%W +0.2%  65%W +0.4%  60%W +0.4%       -1.6% → +3.6%
  SNPS    20  45%W -0.0%  40%W -0.1%  50%W +0.0%  60%W +0.1%  65%W +0.2%  60%W +0.2%       -0.9% → +1.0%
  LLY     20  35%W -0.2%  40%W -0.1%  60%W +0.1%  60%W +0.0%  55%W +0.2%  60%W +0.1%       -1.3% → +0.7%
  META    20  45%W -0.0%  40%W -0.0%  45%W -0.0%  40%W -0.1%  55%W +0.1%  55%W +0.2%       -1.1% → +1.4%
  AVGO    20  40%W -0.0%  45%W -0.0%  65%W +0.1%  60%W +0.1%  60%W +0.2%  55%W +0.0%       -1.0% → +1.7%
  CHTR    20  45%W -0.0%  40%W -0.1%  55%W +0.1%  30%W -0.3%  40%W -0.2%  40%W -0.2%       -3.5% → +2.6%
  AMD     20  50%W +0.0%  50%W +0.0%  45%W -0.1%  45%W -0.2%  30%W -0.2%  35%W -0.6%       -1.9% → +3.6%
Pre-session top-2 (9:25, 20d EOD win rate) — 2017-09-21  OR: 09:30/3b
  #1 MU     +15m 70%W +0.2%  +30m 75%W +0.3%  +1h 60%W +0.1%  +2h 60%W +0.3%  +5h 65%W +0.3%  EOD 70%W +0.3%  EOD range -1.0% → +2.0%
  #2 QCOM   +15m 55%W +0.0%  +30m 65%W +0.2%  +1h 60%W +0.1%  +2h 60%W +0.1%  +5h 65%W +0.2%  EOD 70%W +0.2%  EOD range -2.5% → +1.1%
  Ticker   N          +15m          +30m           +1h           +2h           +5h           EOD           EOD range
  ----------------------------------------------------------------------------------------------------------------------
  MU      20  70%W +0.2%  75%W +0.3%  60%W +0.1%  60%W +0.3%  65%W +0.3%  70%W +0.3%       -1.0% → +2.0%
  QCOM    20  55%W +0.0%  65%W +0.2%  60%W +0.1%  60%W +0.1%  65%W +0.2%  70%W +0.2%       -2.5% → +1.1%
  MRVL    20  45%W -0.0%  70%W +0.3%  65%W +0.2%  65%W +0.2%  50%W +0.2%  60%W +0.2%       -1.4% → +2.3%
  TSLA    20  60%W +0.1%  60%W +0.1%  60%W +0.1%  55%W +0.1%  65%W +0.4%  55%W +0.1%       -1.6% → +3.6%
  SNPS    20  45%W -0.0%  40%W -0.1%  50%W +0.0%  60%W +0.1%  60%W +0.2%  55%W +0.1%       -0.9% → +1.0%
  LLY     20  30%W -0.2%  40%W -0.1%  60%W +0.1%  55%W +0.0%  50%W +0.1%  55%W +0.0%       -1.3% → +0.7%
  META    20  45%W -0.0%  35%W -0.1%  40%W -0.1%  35%W -0.1%  50%W -0.0%  50%W +0.1%       -1.1% → +1.4%
  AVGO    20  40%W -0.0%  45%W -0.0%  60%W +0.1%  55%W +0.0%  55%W +0.1%  50%W -0.0%       -1.9% → +1.7%
  CHTR    20  45%W -0.0%  40%W -0.1%  55%W +0.1%  30%W -0.3%  40%W -0.5%  40%W -0.2%       -3.5% → +2.6%
  AMD     20  50%W +0.0%  45%W -0.1%  40%W -0.2%  40%W -0.2%  30%W -0.2%  40%W -0.5%       -1.9% → +5.5%
Pre-session top-2 (9:25, 20d EOD win rate) — 2017-09-22  OR: 09:30/3b
  #1 MU     +15m 70%W +0.2%  +30m 70%W +0.2%  +1h 55%W +0.0%  +2h 60%W +0.3%  +5h 65%W +0.4%  EOD 70%W +0.3%  EOD range -1.0% → +2.0%
  #2 QCOM   +15m 55%W +0.0%  +30m 60%W +0.1%  +1h 55%W +0.1%  +2h 55%W +0.1%  +5h 60%W +0.2%  EOD 65%W +0.2%  EOD range -2.5% → +1.1%
  Ticker   N          +15m          +30m           +1h           +2h           +5h           EOD           EOD range
  ----------------------------------------------------------------------------------------------------------------------
  MU      20  70%W +0.2%  70%W +0.2%  55%W +0.0%  60%W +0.3%  65%W +0.4%  70%W +0.3%       -1.0% → +2.0%
  QCOM    20  55%W +0.0%  60%W +0.1%  55%W +0.1%  55%W +0.1%  60%W +0.2%  65%W +0.2%       -2.5% → +1.1%
  META    20  50%W -0.0%  40%W -0.0%  45%W -0.0%  40%W -0.1%  55%W +0.1%  55%W +0.2%       -1.1% → +1.4%
  MRVL    20  40%W -0.0%  65%W +0.2%  60%W +0.1%  60%W +0.0%  45%W -0.0%  55%W +0.1%       -1.4% → +2.3%
  SNPS    20  40%W -0.1%  35%W -0.1%  50%W +0.0%  60%W +0.1%  60%W +0.2%  55%W +0.1%       -0.9% → +1.0%
  LLY     20  25%W -0.2%  35%W -0.1%  60%W +0.1%  55%W +0.0%  50%W +0.1%  55%W +0.1%       -1.3% → +1.3%
  TSLA    20  55%W +0.1%  55%W +0.0%  55%W +0.1%  50%W -0.0%  60%W +0.2%  50%W -0.0%       -2.1% → +3.6%
  AVGO    20  40%W -0.1%  40%W -0.1%  55%W +0.0%  50%W -0.0%  50%W +0.0%  45%W -0.1%       -1.9% → +1.7%
  CHTR    20  40%W -0.0%  40%W -0.1%  50%W +0.0%  30%W -0.4%  40%W -0.4%  40%W -0.2%       -3.5% → +2.6%
  AMD     20  45%W -0.0%  40%W -0.2%  35%W -0.3%  35%W -0.4%  25%W -0.4%  35%W -0.6%       -4.4% → +5.5%
Pre-session top-2 (9:25, 20d EOD win rate) — 2017-09-25  OR: 09:30/3b
  #1 MU     +15m 70%W +0.2%  +30m 70%W +0.2%  +1h 50%W -0.0%  +2h 60%W +0.3%  +5h 65%W +0.4%  EOD 70%W +0.3%  EOD range -1.0% → +2.0%
  #2 QCOM   +15m 55%W +0.0%  +30m 60%W +0.1%  +1h 50%W +0.0%  +2h 55%W +0.1%  +5h 60%W +0.2%  EOD 60%W +0.2%  EOD range -2.5% → +1.1%
  Ticker   N          +15m          +30m           +1h           +2h           +5h           EOD           EOD range
  ----------------------------------------------------------------------------------------------------------------------
  MU      20  70%W +0.2%  70%W +0.2%  50%W -0.0%  60%W +0.3%  65%W +0.4%  70%W +0.3%       -1.0% → +2.0%
  QCOM    20  55%W +0.0%  60%W +0.1%  50%W +0.0%  55%W +0.1%  60%W +0.2%  60%W +0.2%       -2.5% → +1.1%
  META    20  55%W +0.0%  40%W -0.0%  45%W -0.0%  40%W -0.1%  55%W +0.1%  55%W +0.2%       -1.1% → +1.4%
  LLY     20  25%W -0.2%  35%W -0.1%  55%W +0.1%  50%W +0.0%  50%W +0.1%  55%W +0.1%       -1.3% → +1.3%
  MRVL    20  45%W +0.0%  60%W +0.2%  60%W +0.2%  60%W +0.0%  40%W -0.1%  50%W -0.0%       -1.4% → +2.3%
  SNPS    20  40%W -0.1%  40%W -0.1%  45%W -0.0%  60%W +0.1%  55%W +0.2%  50%W +0.0%       -0.9% → +1.0%
  TSLA    20  55%W +0.1%  55%W +0.0%  50%W -0.1%  45%W -0.2%  55%W +0.1%  45%W -0.1%       -4.5% → +3.6%
  AVGO    20  35%W -0.2%  40%W -0.1%  55%W +0.0%  50%W -0.0%  45%W -0.1%  45%W -0.2%       -1.9% → +1.7%
  AMD     20  50%W +0.0%  45%W -0.1%  35%W -0.3%  35%W -0.3%  25%W -0.3%  40%W -0.5%       -4.4% → +5.5%
  CHTR    20  40%W -0.0%  40%W -0.1%  50%W +0.0%  30%W -0.4%  35%W -0.4%  35%W -0.2%       -3.5% → +2.6%
Pre-session top-2 (9:25, 20d EOD win rate) — 2017-09-26  OR: 09:30/3b
  #1 MU     +15m 70%W +0.2%  +30m 65%W +0.2%  +1h 50%W -0.0%  +2h 60%W +0.3%  +5h 60%W +0.4%  EOD 65%W +0.3%  EOD range -1.5% → +2.0%
  #2 LLY    +15m 20%W -0.2%  +30m 30%W -0.1%  +1h 55%W +0.1%  +2h 50%W +0.0%  +5h 55%W +0.2%  EOD 60%W +0.2%  EOD range -1.3% → +1.3%
  Ticker   N          +15m          +30m           +1h           +2h           +5h           EOD           EOD range
  ----------------------------------------------------------------------------------------------------------------------
  MU      20  70%W +0.2%  65%W +0.2%  50%W -0.0%  60%W +0.3%  60%W +0.4%  65%W +0.3%       -1.5% → +2.0%
  LLY     20  20%W -0.2%  30%W -0.1%  55%W +0.1%  50%W +0.0%  55%W +0.2%  60%W +0.2%       -1.3% → +1.3%
  QCOM    20  60%W +0.0%  65%W +0.2%  50%W +0.0%  55%W +0.1%  60%W +0.2%  60%W +0.2%       -2.5% → +1.1%
  META    20  50%W -0.0%  35%W -0.0%  45%W -0.1%  40%W -0.1%  55%W +0.1%  55%W +0.2%       -1.6% → +1.4%
  MRVL    20  45%W +0.0%  60%W +0.2%  55%W +0.1%  55%W +0.0%  40%W -0.1%  50%W -0.0%       -1.4% → +2.3%
  SNPS    20  40%W -0.1%  40%W -0.1%  50%W -0.0%  60%W +0.1%  55%W +0.2%  50%W +0.0%       -0.9% → +1.0%
  AVGO    20  35%W -0.2%  40%W -0.1%  55%W +0.0%  50%W -0.0%  45%W -0.1%  50%W -0.1%       -1.9% → +1.7%
  TSLA    20  55%W +0.1%  55%W +0.0%  55%W +0.1%  45%W -0.2%  55%W +0.1%  45%W -0.1%       -4.5% → +3.6%
  AMD     20  50%W +0.0%  45%W -0.1%  35%W -0.3%  35%W -0.3%  25%W -0.5%  40%W -0.6%       -4.4% → +5.5%
  CHTR    20  35%W -0.0%  40%W -0.1%  45%W -0.1%  30%W -0.3%  40%W -0.4%  35%W -0.2%       -3.5% → +2.6%
Pre-session top-2 (9:25, 20d EOD win rate) — 2017-09-27  OR: 09:30/3b
  #1 MU     +15m 70%W +0.2%  +30m 60%W +0.1%  +1h 45%W -0.1%  +2h 60%W +0.2%  +5h 55%W +0.3%  EOD 60%W +0.2%  EOD range -2.4% → +1.6%
  #2 LLY    +15m 20%W -0.2%  +30m 30%W -0.1%  +1h 55%W +0.1%  +2h 50%W +0.0%  +5h 55%W +0.2%  EOD 60%W +0.2%  EOD range -1.3% → +1.3%
  Ticker   N          +15m          +30m           +1h           +2h           +5h           EOD           EOD range
  ----------------------------------------------------------------------------------------------------------------------
  MU      20  70%W +0.2%  60%W +0.1%  45%W -0.1%  60%W +0.2%  55%W +0.3%  60%W +0.2%       -2.4% → +1.6%
  LLY     20  20%W -0.2%  30%W -0.1%  55%W +0.1%  50%W +0.0%  55%W +0.2%  60%W +0.2%       -1.3% → +1.3%
  META    20  50%W +0.0%  40%W -0.0%  40%W -0.1%  35%W -0.1%  55%W +0.1%  55%W +0.2%       -1.6% → +1.4%
  QCOM    20  60%W +0.0%  65%W +0.2%  50%W +0.0%  50%W -0.1%  55%W +0.1%  55%W +0.1%       -2.5% → +1.1%
  AVGO    20  35%W -0.2%  35%W -0.1%  50%W -0.0%  45%W -0.0%  45%W -0.1%  50%W -0.1%       -1.9% → +1.7%
  MRVL    20  50%W +0.0%  55%W +0.2%  50%W +0.0%  50%W -0.0%  35%W -0.2%  45%W -0.3%       -1.4% → +2.3%
  SNPS    20  40%W -0.0%  35%W -0.1%  45%W -0.0%  55%W +0.1%  50%W +0.1%  45%W -0.0%       -0.9% → +1.0%
  TSLA    20  50%W +0.0%  50%W -0.1%  50%W -0.1%  40%W -0.2%  50%W -0.2%  40%W -0.2%       -4.5% → +3.6%
  AMD     20  55%W +0.1%  45%W -0.1%  35%W -0.3%  35%W -0.3%  25%W -0.5%  40%W -0.6%       -4.4% → +5.5%
  CHTR    20  35%W -0.0%  40%W -0.1%  40%W -0.1%  30%W -0.3%  40%W -0.4%  35%W -0.2%       -3.5% → +2.6%
Pre-session top-2 (9:25, 20d EOD win rate) — 2017-09-28  OR: 09:30/3b
  #1 MU     +15m 75%W +0.2%  +30m 65%W +0.2%  +1h 50%W -0.0%  +2h 65%W +0.3%  +5h 55%W +0.4%  EOD 60%W +0.2%  EOD range -2.4% → +1.6%
  #2 LLY    +15m 25%W -0.1%  +30m 35%W -0.1%  +1h 55%W +0.1%  +2h 50%W +0.0%  +5h 55%W +0.2%  EOD 60%W +0.3%  EOD range -1.3% → +1.3%
  Ticker   N          +15m          +30m           +1h           +2h           +5h           EOD           EOD range
  ----------------------------------------------------------------------------------------------------------------------
  MU      20  75%W +0.2%  65%W +0.2%  50%W -0.0%  65%W +0.3%  55%W +0.4%  60%W +0.2%       -2.4% → +1.6%
  LLY     20  25%W -0.1%  35%W -0.1%  55%W +0.1%  50%W +0.0%  55%W +0.2%  60%W +0.3%       -1.3% → +1.3%
  META    20  50%W -0.0%  35%W -0.1%  40%W -0.1%  30%W -0.1%  55%W +0.1%  55%W +0.2%       -1.6% → +1.4%
  QCOM    20  65%W +0.1%  65%W +0.2%  45%W -0.0%  45%W -0.2%  55%W +0.1%  55%W +0.1%       -2.5% → +1.1%
  MRVL    20  55%W +0.1%  60%W +0.3%  55%W +0.1%  50%W -0.0%  35%W -0.2%  45%W -0.3%       -1.4% → +2.3%
  AVGO    20  30%W -0.2%  30%W -0.2%  45%W -0.1%  40%W -0.0%  40%W -0.2%  45%W -0.2%       -1.9% → +1.7%
  AMD     20  55%W +0.1%  45%W -0.1%  30%W -0.4%  35%W -0.6%  25%W -0.5%  40%W -0.6%       -4.4% → +5.5%
  SNPS    20  40%W -0.0%  35%W -0.1%  45%W -0.0%  55%W +0.1%  45%W -0.1%  40%W -0.0%       -0.9% → +1.0%
  CHTR    20  30%W -0.1%  40%W -0.1%  35%W -0.1%  25%W -0.4%  40%W -0.4%  35%W -0.2%       -3.5% → +2.6%
  TSLA    20  50%W +0.0%  50%W -0.1%  45%W -0.2%  35%W -0.3%  45%W -0.4%  35%W -0.4%       -4.5% → +3.6%
Pre-session top-2 (9:25, 20d EOD win rate) — 2017-09-29  OR: 09:30/3b
  #1 MU     +15m 80%W +0.2%  +30m 65%W +0.2%  +1h 55%W +0.1%  +2h 70%W +0.4%  +5h 60%W +0.4%  EOD 60%W +0.3%  EOD range -2.4% → +2.5%
  #2 LLY    +15m 30%W -0.1%  +30m 35%W -0.1%  +1h 55%W +0.1%  +2h 50%W +0.0%  +5h 55%W +0.2%  EOD 60%W +0.3%  EOD range -1.3% → +1.3%
  Ticker   N          +15m          +30m           +1h           +2h           +5h           EOD           EOD range
  ----------------------------------------------------------------------------------------------------------------------
  MU      20  80%W +0.2%  65%W +0.2%  55%W +0.1%  70%W +0.4%  60%W +0.4%  60%W +0.3%       -2.4% → +2.5%
  LLY     20  30%W -0.1%  35%W -0.1%  55%W +0.1%  50%W +0.0%  55%W +0.2%  60%W +0.3%       -1.3% → +1.3%
  META    20  55%W +0.0%  40%W -0.0%  45%W -0.1%  35%W -0.1%  55%W +0.1%  55%W +0.2%       -1.6% → +1.4%
  QCOM    20  65%W +0.1%  60%W +0.1%  40%W -0.1%  40%W -0.2%  50%W +0.0%  50%W +0.0%       -2.5% → +1.1%
  MRVL    20  55%W +0.1%  55%W +0.2%  50%W +0.0%  45%W -0.0%  35%W -0.2%  45%W -0.3%       -1.4% → +2.3%
  AVGO    20  35%W -0.2%  30%W -0.2%  45%W -0.1%  40%W -0.0%  40%W -0.2%  45%W -0.2%       -1.9% → +1.7%
  AMD     20  55%W +0.1%  45%W -0.1%  25%W -0.4%  35%W -0.6%  25%W -0.5%  40%W -0.6%       -4.4% → +5.5%
  SNPS    20  40%W -0.0%  35%W -0.1%  45%W -0.0%  55%W +0.1%  45%W -0.1%  40%W -0.0%       -0.9% → +1.0%
  CHTR    20  30%W -0.1%  40%W -0.1%  35%W -0.1%  25%W -0.4%  40%W -0.4%  35%W -0.2%       -3.5% → +2.6%
  TSLA    20  50%W +0.0%  45%W -0.2%  50%W -0.1%  40%W -0.2%  45%W -0.4%  35%W -0.4%       -4.5% → +3.6%

=========================================================================================================================================================================================
Pre-Session Top-2 Performance — 2017-09-01 to 2017-09-29  |  Unconditional OR-close entry  |  OR: 09:30/3b
=========================================================================================================================================================================================
Date         Ticker Rank  At       Entry       +15m       +30m       +45m        +1h     +1h30m        +2h        +3h        +4h        +5h        +6h        +7h        EOD
-----------------------------------------------------------------------------------------------------------------------------------------------------------------------------------------
2017-09-01   MU     #1    09:45    32.75    -0.06%L    +0.17%W    +0.23%W    -0.08%L    -0.24%L    -0.29%L    -0.14%L    -0.39%L    -0.25%L    -0.46%L    -0.44%L    -0.44%L
2017-09-01   MRVL   #2    09:45    17.93    -0.03%L    +0.31%W    +0.20%W    +0.11%W    -0.17%L    +0.03%W    -0.45%L    -0.28%L    -0.33%L    -0.63%L    -0.53%L    -0.53%L
2017-09-05   MU     #1    09:45    32.33    +0.53%W    +0.37%W    +0.09%W    +0.03%W    -0.09%L    +0.03%W    -2.07%L    -1.52%L    -1.28%L    -0.88%L    -0.84%L    -0.84%L
2017-09-05   MRVL   #2    09:45    17.77    +0.39%W    +0.84%W    +0.51%W    +0.60%W    +0.45%W    +0.79%W    -0.31%L    +0.17%W    +0.37%W    +0.45%W    +0.39%W    +0.39%W
2017-09-06   MRVL   #1    09:45    17.85    +0.00%L    -0.45%L    -0.34%L    -0.45%L    -0.78%L    -0.39%L    -0.67%L    -0.64%L    -0.84%L    -1.09%L    -1.34%L    -1.34%L
2017-09-06   MU     #2    09:45    32.30    +0.74%W    +0.03%W    +0.37%W    +0.53%W    +0.28%W    +1.19%W    +0.72%W    +0.05%W    -0.09%L    +0.00%L    -0.22%L    -0.22%L
2017-09-07   MRVL   #1    09:45    17.59    -0.28%L    +0.37%W    +0.09%W    -0.03%L    +0.09%W    -0.17%L    -0.03%L    +0.00%L    -0.17%L    -0.51%L    -0.68%L    -0.68%L
2017-09-07   SNPS   #2    09:45    80.34    +0.06%W    -0.09%L    +0.20%W    +0.22%W    +0.04%W    +0.04%W    -0.02%L    +0.00%W    -0.22%L    -0.49%L    -0.68%L    -0.68%L
2017-09-08   MU     #1    09:45    32.77    -0.47%L    -0.55%L    -1.27%L    -0.44%L    -0.46%L    -0.65%L    -0.53%L    -0.79%L    -1.16%L    -1.00%L    -0.97%L    -0.97%L
2017-09-08   MRVL   #2    09:45    17.42    -0.34%L    -0.57%L    -0.52%L    -0.46%L    -0.57%L    -0.49%L    -0.72%L    -0.98%L    -1.18%L    -0.95%L    -0.95%L    -0.95%L
2017-09-11   MU     #1    09:45    32.94    +0.15%W    +0.15%W    -0.02%L    -0.19%L    +0.18%W    +0.36%W    +0.73%W    +0.96%W    +1.00%W    +1.37%W    +1.50%W    +1.50%W
2017-09-11   MRVL   #2    09:45    17.29    +0.17%W    +0.20%W    +0.06%W    +0.26%W    +0.12%W    +0.03%W    +0.46%W    +0.69%W    +0.58%W    +0.75%W    +0.52%W    +0.52%W
2017-09-12   MU     #1    09:45    33.78    +0.55%W    +0.72%W    +0.52%W    +0.37%W    +0.47%W    +0.87%W    +0.99%W    +1.67%W    +1.67%W    +1.63%W    +1.55%W    +1.55%W
2017-09-12   MRVL   #2    09:45    17.39    -0.09%L    +0.40%W    +0.29%W    +0.14%W    +0.40%W    +0.43%W    +0.69%W    +1.15%W    +0.89%W    +1.09%W    +1.18%W    +1.18%W
2017-09-13   MRVL   #1    09:45    17.60    +0.17%W    +0.51%W    +0.62%W    +0.62%W    +0.91%W    +0.68%W    +0.77%W    +1.05%W    +1.22%W    +1.11%W    +1.25%W    +1.25%W
2017-09-13   MU     #2    09:45    34.23    +0.41%W    +0.81%W    +1.08%W    +1.15%W    +0.58%W    -0.04%L    +0.86%W    +1.18%W    +1.33%W    +1.12%W    +1.08%W    +1.08%W
2017-09-14   MRVL   #1    09:45    17.87    +0.31%W    +0.67%W    +1.12%W    +1.85%W    +1.79%W    +2.18%W    +2.60%W    +2.52%W    +2.56%W    +2.39%W    +2.29%W    +2.29%W
2017-09-14   MU     #2    09:45    34.49    -0.07%L    +0.22%W    +0.45%W    +0.28%W    +0.59%W    +0.68%W    +0.51%W    +0.74%W    +0.82%W    +0.23%W    +0.22%W    +0.22%W
2017-09-15   MRVL   #1    09:45    18.55    -0.49%L    -0.38%L    -0.46%L    -0.22%L    -0.27%L    -0.51%L    -0.49%L    -0.54%L    -0.43%L    -0.73%L    -1.08%L    -1.08%L
2017-09-15   MU     #2    09:45    34.55    +0.31%W    +0.41%W    +0.84%W    +1.16%W    +0.97%W    +1.09%W    +1.06%W    +0.71%W    +0.67%W    +0.20%W    +0.23%W    +0.23%W
2017-09-18   MU     #1    09:45    35.31    +0.21%W    +0.54%W    +0.50%W    +0.14%W    +0.63%W    +0.57%W    +1.16%W    +0.97%W    +0.34%W    +0.61%W    +0.34%W    +0.34%W
2017-09-18   MRVL   #2    09:45    18.41    +0.16%W    +0.11%W    +0.14%W    +0.24%W    +0.52%W    +0.52%W    +0.98%W    +0.81%W    -0.16%L    +0.16%W    +0.11%W    +0.11%W
2017-09-19   QCOM   #1    09:45    52.33    -0.13%L    -0.18%L    -0.31%L    -0.19%L    -0.32%L    -0.19%L    -0.09%L    -0.17%L    -0.03%L    -0.07%L    -0.08%L    -0.08%L
2017-09-19   MU     #2    09:45    35.66    +0.46%W    +0.76%W    +0.35%W    +0.48%W    +0.46%W    +0.49%W    +0.94%W    +1.07%W    +0.97%W    +0.98%W    +0.80%W    +0.80%W
2017-09-20   MU     #1    09:45    36.26    +0.79%W    +0.14%W    +0.47%W    -0.46%L    -1.30%L    -1.43%L    -1.19%L    -1.87%L    -1.77%L    -0.97%L    -0.80%L    -0.80%L
2017-09-20   QCOM   #2    09:45    52.45    -0.29%L    -0.27%L    -0.31%L    -0.30%L    -0.71%L    -0.66%L    -0.71%L    -0.86%L    -1.44%L    -1.06%L    -0.92%L    -0.92%L
2017-09-21   MU     #1    09:45    35.64    +0.15%W    -0.07%L    -0.08%L    -0.10%L    +0.31%W    +0.68%W    +0.98%W    +0.80%W    +0.51%W    +0.83%W    +0.74%W    +0.74%W
2017-09-21   QCOM   #2    09:45    52.04    +0.08%W    -0.06%L    -0.25%L    -0.58%L    -0.26%L    -0.17%L    +0.16%W    +0.03%W    -0.08%L    +0.00%L    -0.02%L    -0.02%L
2017-09-22   MU     #1    09:45    36.18    -0.30%L    -0.25%L    -0.47%L    -0.61%L    -0.55%L    -0.70%L    -0.44%L    -0.33%L    -0.11%L    -0.27%L    -0.30%L    -0.30%L
2017-09-22   QCOM   #2    09:45    52.12    -0.06%L    +0.04%W    -0.03%L    +0.00%L    -0.19%L    +0.01%W    -0.04%L    +0.09%W    +0.19%W    +0.18%W    -0.04%L    -0.04%L
2017-09-25   MU     #1    09:45    35.40    +0.08%W    -0.06%L    -0.99%L    -0.93%L    -1.74%L    -1.83%L    -1.55%L    -1.95%L    -1.84%L    -1.46%L    -1.50%L    -1.50%L
2017-09-25   QCOM   #2    09:45    52.07    +0.19%W    +0.29%W    +0.12%W    -0.21%L    -0.44%L    -0.49%L    -0.54%L    -0.47%L    -0.66%L    -0.52%L    -0.86%L    -0.86%L
2017-09-26   MU     #1    09:45    35.00    +0.20%W    -0.04%L    -1.07%L    -1.10%L    -1.14%L    +0.17%W    +0.40%W    +0.17%W    -0.61%L    -2.17%L    -2.40%L    -2.40%L
2017-09-26   LLY    #2    09:45    84.74    -0.27%L    -0.19%L    -0.14%L    -0.34%L    -0.25%L    -0.57%L    -0.76%L    -0.53%L    -0.38%L    -0.61%L    -0.59%L    -0.59%L
2017-09-27   MU     #1    09:45    36.67    +0.86%W    +0.64%W    +1.23%W    +0.78%W    +0.56%W    +0.44%W    +0.27%W    +0.70%W    +0.42%W    +0.70%W    +1.16%W    +1.16%W
2017-09-27   LLY    #2    09:45    84.01    +0.50%W    +0.35%W    +0.24%W    +0.38%W    +0.70%W    +0.50%W    +0.48%W    +0.63%W    +0.68%W    +0.60%W    +0.75%W    +0.75%W
2017-09-28   MU     #1    09:45    37.05    +0.13%W    -0.17%L    +0.44%W    +0.81%W    +0.60%W    +0.75%W    +1.70%W    +3.79%W    +2.93%W    +2.44%W    +2.46%W    +2.46%W
2017-09-28   LLY    #2    09:45    84.44    +0.06%W    +0.07%W    +0.18%W    +0.33%W    +0.40%W    +0.39%W    +0.47%W    +0.68%W    +1.20%W    +0.65%W    +0.65%W    +0.65%W
2017-09-29   MU     #1    09:45    37.96    +0.71%W    +0.08%W    -0.26%L    +0.13%W    +0.18%W    +0.34%W    +1.91%W    +1.66%W    +1.88%W    +3.38%W    +3.61%W    +3.61%W
2017-09-29   LLY    #2    09:45    84.80    -0.18%L    -0.22%L    -0.21%L    +0.22%W    +0.22%W    +0.53%W    +0.25%W    +0.64%W    +0.46%W    +0.60%W    +0.84%W    +0.84%W

========================================================================================
Pre-session picks summary — 40 pick(s) across 20 trading day(s)

Top-2 picks (all days)  (40 signal(s))
  Hold      Count   Win Rate   Avg Gain    Avg Win   Avg Loss  Exp Value  Total P&L
  ------------------------------------------------------------------------------------
  +15m         40      62.5%      +0.13%      +0.33%      -0.20%      +0.13%      +5.31%
  +30m         40      62.5%      +0.14%      +0.37%      -0.24%      +0.14%      +5.66%
  +45m         40      60.0%      +0.09%      +0.43%      -0.42%      +0.09%      +3.58%
  +1h          40      55.0%      +0.10%      +0.49%      -0.37%      +0.10%      +4.17%
  +1h30m       40      57.5%      +0.05%      +0.50%      -0.56%      +0.05%      +1.97%
  +2h          40      62.5%      +0.13%      +0.55%      -0.57%      +0.13%      +5.19%
  +3h          40      55.0%      +0.21%      +0.87%      -0.60%      +0.21%      +8.36%
  +4h          40      62.5%      +0.29%      +0.92%      -0.75%      +0.29%     +11.60%
  +5h          40      50.0%      +0.19%      +1.03%      -0.65%      +0.19%      +7.64%
  +6h          40      52.5%      +0.19%      +1.02%      -0.73%      +0.19%      +7.61%
  +7h          40      50.0%      +0.16%      +1.08%      -0.76%      +0.16%      +6.41%
  EOD          40      50.0%      +0.16%      +1.08%      -0.76%      +0.16%      +6.41%

=========================================================================================================================================================================================
Signal Analysis — 2017-09-01 to 2017-09-29  |  BULL only  |  Vol ≥ 1.0x 20dAvg
Windows: 09:30/3b  |  Collection: 3 bars  |  Tickers: 10
=========================================================================================================================================================================================
Date         Ticker Window   At       Entry  Vol/20d       +15m       +30m       +45m        +1h     +1h30m        +2h        +3h        +4h        +5h        +6h        +7h        EOD
-----------------------------------------------------------------------------------------------------------------------------------------------------------------------------------------
2017-09-01   META   09:30/3b 09:40   172.38    1.23x    -0.34%L    -0.28%L    -0.22%L    -0.17%L    +0.13%W    +0.09%W    +0.12%W    -0.04%L    -0.20%L    -0.15%L    -0.21%L    -0.21%L
2017-09-01   MU     09:30/3b 09:50    32.70    2.12x    -0.21%L    +0.14%W    +0.18%W    -0.02%L    -0.21%L    -0.06%L    +0.03%W    -0.11%L    -0.11%L    -0.18%L    -0.31%L    -0.31%L
2017-09-01   SNPS   09:30/3b 09:40    80.60    1.47x    -0.50%L    -0.41%L    -0.09%L    -0.34%L    -0.19%L    -0.43%L    -0.41%L    -0.25%L    -0.32%L    -0.26%L    -0.24%L    -0.24%L
2017-09-01   AVGO   09:30/3b 09:45   254.85    1.63x    -0.59%L    -0.23%L    -0.10%L    +0.03%W    -0.13%L    -0.05%L    -0.01%L    -0.47%L    -0.84%L    -0.74%L    -0.83%L    -0.83%L
2017-09-07   LLY    09:30/3b 09:40    81.00    2.91x    +0.60%W    -0.06%L    +0.36%W    +1.23%W    +1.49%W    +0.94%W    +1.17%W    +0.85%W    +1.20%W    +0.51%W    +0.68%W    +0.68%W
2017-09-08   LLY    09:30/3b 09:40    82.55    1.34x    -0.22%L    -0.16%L    -0.07%L    +0.21%W    +0.45%W    +0.56%W    +0.38%W    +0.23%W    +0.19%W    +0.43%W    +0.50%W    +0.50%W
2017-09-11   AMD    09:30/3b 09:40    12.58    1.10x    +0.71%W    +0.83%W    +0.11%W    -0.09%L    -0.60%L    -0.32%L    -0.25%L    -0.17%L    -0.29%L    -0.12%L    -0.17%L    -0.17%L
2017-09-11   SNPS   09:30/3b 09:40    80.41    1.06x    -0.22%L    -0.41%L    -0.68%L    -0.90%L    -1.02%L    -1.18%L    -0.90%L    -0.90%L    -0.99%L    -1.11%L    -1.01%L    -1.01%L
2017-09-11   LLY    09:30/3b 09:40    82.64    1.04x    -0.53%L    -0.91%L    -0.67%L    -0.99%L    -0.77%L    -0.59%L    -0.41%L    -0.29%L    -0.33%L    -0.08%L    -0.04%L    -0.04%L
2017-09-11   QCOM   09:30/3b 09:40    50.52    1.77x    -0.10%L    +0.10%W    +0.11%W    +0.24%W    -0.37%L    -0.26%L    +0.02%W    +0.06%W    -0.02%L    +0.17%W    +0.09%W    +0.09%W
2017-09-12   TSLA   09:30/3b 09:40   366.96    1.46x    -0.85%L    -1.24%L    -1.46%L    -0.84%L    -0.18%L    -0.43%L    -0.08%L    +0.01%W    -0.99%L    -1.03%L    -1.16%L    -1.16%L
2017-09-14   MRVL   09:30/3b 09:40    17.82    1.28x    +0.39%W    +0.90%W    +0.98%W    +1.37%W    +2.50%W    +2.53%W    +2.86%W    +2.64%W    +2.92%W    +2.67%W    +2.58%W    +2.58%W
2017-09-14   CHTR   09:30/3b 09:40   383.81    1.43x    -0.11%L    -0.97%L    -0.47%L    -0.18%L    -0.34%L    -0.98%L    -0.71%L    -0.76%L    -1.44%L    -1.96%L    -2.03%L    -2.03%L
2017-09-14   AMD    09:30/3b 09:40    12.20    1.13x    +1.23%W    +0.82%W    +0.66%W    +0.98%W    +1.97%W    +1.35%W    +1.72%W    +1.76%W    +1.06%W    +0.41%W    +0.45%W    +0.45%W
2017-09-14   QCOM   09:30/3b 09:40    50.87    1.20x    +0.33%W    +0.29%W    +0.26%W    +0.35%W    +0.55%W    +0.44%W    +1.39%W    +1.30%W    +1.20%W    +1.32%W    +1.18%W    +1.18%W
2017-09-15   MRVL   09:30/3b 09:40    18.52    1.90x    +0.05%W    -0.30%L    -0.27%L    -0.03%L    -0.05%L    -0.38%L    -0.32%L    -0.38%L    -0.32%L    -0.57%L    -0.92%L    -0.92%L
2017-09-15   TSLA   09:30/3b 09:45   375.59    1.05x    +0.58%W    +0.26%W    +0.29%W    +0.34%W    +0.10%W    +0.18%W    +0.16%W    +0.08%W    +0.88%W    +0.65%W    +1.12%W    +1.12%W
2017-09-15   AMD    09:30/3b 09:40    12.61    1.35x    -0.19%L    -0.43%L    -0.67%L    -0.31%L    -0.23%L    -0.03%L    -0.66%L    -1.22%L    -0.75%L    -1.11%L    -0.75%L    -0.75%L
2017-09-15   QCOM   09:30/3b 09:40    51.81    1.13x    +0.00%L    +0.56%W    +0.75%W    +0.68%W    +0.69%W    +0.58%W    +0.69%W    +0.55%W    +0.71%W    +0.34%W    +0.66%W    +0.66%W
2017-09-18   TSLA   09:30/3b 09:40   383.13    2.17x    +0.35%W    +0.47%W    +0.86%W    +0.73%W    +0.52%W    +0.72%W    +0.81%W    +1.28%W    -0.79%L    +0.67%W    +0.39%W    +0.39%W
2017-09-19   META   09:30/3b 09:50   171.28    1.57x    +0.11%W    -0.15%L    +0.11%W    +0.04%W    +0.15%W    +0.31%W    +0.29%W    +0.19%W    +0.44%W    +0.73%W    +0.72%W    +0.72%W
2017-09-20   MU     09:30/3b 09:40    36.09    1.63x    +0.94%W    +0.53%W    +0.80%W    +0.25%W    -1.28%L    -0.91%L    -0.64%L    -1.33%L    -1.67%L    -0.58%L    -0.33%L    -0.33%L
2017-09-20   CHTR   09:30/3b 09:40   369.35    6.66x    -0.80%L    -1.18%L    -0.87%L    -0.69%L    -0.97%L    -0.69%L    -0.43%L    -0.59%L    -1.17%L    -0.62%L    -0.63%L    -0.63%L
2017-09-20   TSLA   09:30/3b 09:40   375.07    1.01x    -0.55%L    -0.92%L    -0.41%L    -0.51%L    -0.66%L    -0.47%L    +0.49%W    +0.47%W    -0.22%L    -0.28%L    -0.31%L    -0.31%L
2017-09-21   LLY    09:30/3b 09:45    82.27    1.33x    -0.04%L    -0.10%L    +0.29%W    +0.73%W    +0.52%W    +0.75%W    +1.28%W    +1.28%W    +1.09%W    +1.43%W    +1.31%W    +1.31%W
2017-09-21   QCOM   09:30/3b 09:45    52.04    1.12x    +0.08%W    -0.06%L    -0.25%L    -0.58%L    -0.26%L    -0.17%L    +0.16%W    +0.03%W    -0.08%L    +0.00%L    -0.02%L    -0.02%L
2017-09-22   CHTR   09:30/3b 09:40   362.81    1.15x    -0.53%L    -0.60%L    -0.68%L    -0.74%L    -0.71%L    -0.90%L    -0.56%L    -0.88%L    -0.82%L    -0.85%L    -0.71%L    -0.71%L
2017-09-22   SNPS   09:30/3b 09:40    80.28    1.29x    +0.18%W    +0.27%W    +0.12%W    +0.21%W    +0.02%W    -0.02%L    +0.02%W    -0.03%L    +0.19%W    +0.18%W    +0.12%W    +0.12%W
2017-09-25   TSLA   09:30/3b 09:50   354.24    1.50x    +0.56%W    +0.27%W    -0.75%L    -1.59%L    -1.63%L    -2.16%L    -2.13%L    -2.56%L    -2.99%L    -2.74%L    -2.64%L    -2.64%L
2017-09-26   AVGO   09:30/3b 09:40   238.41    1.06x    +0.31%W    +0.50%W    -0.34%L    -0.26%L    -1.12%L    -1.09%L    -1.17%L    -0.75%L    -0.76%L    -0.49%L    -0.46%L    -0.46%L
2017-09-27   SNPS   09:30/3b 09:40    79.85    1.70x    -0.06%L    -0.13%L    +0.10%W    +0.02%W    -0.23%L    -0.26%L    -0.28%L    -0.35%L    -0.05%L    +0.18%W    -0.04%L    -0.04%L
2017-09-28   MU     09:30/3b 09:50    37.10    1.57x    +0.22%W    -0.16%L    +0.40%W    +0.62%W    +0.51%W    +0.62%W    +1.70%W    +3.46%W    +2.86%W    +2.26%W    +2.32%W    +2.32%W
2017-09-28   QCOM   09:30/3b 09:40    51.69    1.36x    +0.54%W    +0.25%W    +0.51%W    +0.31%W    +0.09%W    +0.10%W    +0.25%W    +0.12%W    +0.10%W    +0.11%W    +0.10%W    +0.10%W
2017-09-29   MU     09:30/3b 09:40    38.08    1.10x    -0.34%L    -0.07%L    -0.42%L    -0.19%L    -0.30%L    -0.05%L    +1.29%W    +1.42%W    +1.50%W    +3.02%W    +3.28%W    +3.28%W

========================================================================================
Summary — 34 qualifying signal(s) across 20 trading day(s)

Window 09:30/3b  (34 signal(s))
  Hold      Count   Win Rate   Avg Gain    Avg Win   Avg Loss  Exp Value  Total P&L
  ------------------------------------------------------------------------------------
  +15m         34      47.1%      +0.03%      +0.45%      -0.34%      +0.03%      +1.00%
  +30m         34      41.2%      -0.08%      +0.44%      -0.44%      -0.08%      -2.56%
  +45m         34      50.0%      -0.04%      +0.41%      -0.50%      -0.04%      -1.52%
  +1h          34      50.0%      -0.00%      +0.49%      -0.49%      -0.00%      -0.08%
  +1h30m       34      41.2%      -0.05%      +0.69%      -0.56%      -0.05%      -1.55%
  +2h          34      38.2%      -0.07%      +0.71%      -0.55%      -0.07%      -2.28%
  +3h          34      55.9%      +0.17%      +0.78%      -0.60%      +0.17%      +5.87%
  +4h          34      50.0%      +0.14%      +0.93%      -0.65%      +0.14%      +4.66%
  +5h          34      38.2%      -0.02%      +1.10%      -0.72%      -0.02%      -0.82%
  +6h          34      47.1%      +0.06%      +0.94%      -0.72%      +0.06%      +2.19%
  +7h          34      44.1%      +0.08%      +1.03%      -0.67%      +0.08%      +2.68%
  EOD          34      44.1%      +0.08%      +1.03%      -0.67%      +0.08%      +2.68%
