Fetching 5-min bars (2016-12-04 → 2017-01-31) [alpaca]...
  [cache] loaded 11 tickers from cache
Fetching daily bars (2016-01-04 → 2017-01-31)...

=========================================================================================================================================================================================
Pre-Session Rankings (9:25) — 2017-01-03 to 2017-01-31  |  20d lookback
=========================================================================================================================================================================================
Pre-session top-2 (9:25, 20d EOD win rate) — 2017-01-03  OR: 09:30/3b
  #1 AMD    +15m 50%W +0.0%  +30m 55%W +0.2%  +1h 55%W +0.2%  +2h 65%W +0.3%  +5h 65%W +0.6%  EOD 65%W +0.9%  EOD range -4.4% → +3.7%
  #2 TSLA   +15m 65%W +0.1%  +30m 60%W +0.2%  +1h 65%W +0.4%  +2h 45%W -0.0%  +5h 50%W -0.0%  EOD 60%W +0.2%  EOD range -1.5% → +4.0%
  Ticker   N          +15m          +30m           +1h           +2h           +5h           EOD           EOD range
  ----------------------------------------------------------------------------------------------------------------------
  AMD     20  50%W +0.0%  55%W +0.2%  55%W +0.2%  65%W +0.3%  65%W +0.6%  65%W +0.9%       -4.4% → +3.7%
  TSLA    20  65%W +0.1%  60%W +0.2%  65%W +0.4%  45%W -0.0%  50%W -0.0%  60%W +0.2%       -1.5% → +4.0%
  CHTR    20  70%W +0.2%  50%W +0.0%  50%W +0.0%  50%W +0.0%  45%W -0.1%  55%W +0.2%       -2.4% → +3.3%
  AVGO    20  40%W -0.1%  50%W +0.0%  50%W +0.0%  45%W -0.1%  50%W -0.0%  55%W +0.3%       -1.8% → +2.5%
  LLY     20  45%W -0.1%  45%W -0.0%  40%W -0.1%  55%W +0.0%  50%W +0.0%  50%W +0.1%       -1.6% → +2.3%
  SNPS    20  60%W +0.1%  65%W +0.2%  70%W +0.2%  55%W +0.1%  45%W -0.1%  45%W -0.1%       -1.1% → +1.7%
  QCOM    20  40%W -0.1%  40%W -0.1%  35%W -0.2%  30%W -0.2%  40%W -0.2%  45%W -0.1%       -2.1% → +1.4%
  META    20  45%W -0.1%  50%W -0.0%  40%W -0.0%  40%W -0.2%  25%W -0.2%  35%W -0.1%       -1.0% → +1.2%
  MU      20  45%W -0.0%  40%W -0.2%  40%W -0.2%  35%W -0.4%  40%W -0.1%  35%W -0.3%       -3.2% → +5.5%
  MRVL    20  50%W -0.0%  45%W -0.0%  35%W -0.2%  35%W -0.3%  25%W -0.3%  35%W -0.2%       -2.3% → +2.1%
Pre-session top-2 (9:25, 20d EOD win rate) — 2017-01-04  OR: 09:30/3b
  #1 AMD    +15m 50%W +0.0%  +30m 60%W +0.3%  +1h 60%W +0.3%  +2h 70%W +0.3%  +5h 70%W +0.7%  EOD 65%W +1.0%  EOD range -4.4% → +3.7%
  #2 TSLA   +15m 65%W +0.1%  +30m 60%W +0.3%  +1h 65%W +0.4%  +2h 50%W +0.0%  +5h 55%W +0.1%  EOD 60%W +0.2%  EOD range -1.5% → +4.0%
  Ticker   N          +15m          +30m           +1h           +2h           +5h           EOD           EOD range
  ----------------------------------------------------------------------------------------------------------------------
  AMD     20  50%W +0.0%  60%W +0.3%  60%W +0.3%  70%W +0.3%  70%W +0.7%  65%W +1.0%       -4.4% → +3.7%
  TSLA    20  65%W +0.1%  60%W +0.3%  65%W +0.4%  50%W +0.0%  55%W +0.1%  60%W +0.2%       -1.5% → +4.0%
  CHTR    20  70%W +0.2%  50%W +0.0%  50%W +0.0%  50%W +0.0%  45%W -0.1%  55%W +0.2%       -1.9% → +3.3%
  AVGO    20  40%W -0.1%  50%W +0.0%  50%W +0.0%  40%W -0.1%  45%W -0.1%  55%W +0.2%       -1.8% → +2.5%
  LLY     20  45%W -0.1%  45%W -0.0%  40%W -0.1%  50%W -0.0%  50%W +0.0%  50%W +0.1%       -1.6% → +1.5%
  SNPS    20  60%W +0.1%  65%W +0.2%  65%W +0.1%  50%W +0.0%  40%W -0.1%  40%W -0.1%       -1.1% → +1.7%
  QCOM    20  40%W -0.1%  40%W -0.1%  30%W -0.2%  25%W -0.3%  35%W -0.3%  40%W -0.1%       -2.1% → +1.4%
  META    20  50%W -0.0%  55%W +0.0%  40%W -0.0%  40%W -0.2%  30%W -0.2%  35%W -0.1%       -1.0% → +1.2%
  MU      20  45%W -0.0%  40%W -0.2%  40%W -0.2%  35%W -0.4%  40%W -0.1%  35%W -0.3%       -3.2% → +5.5%
  MRVL    20  50%W -0.0%  50%W +0.0%  35%W -0.2%  30%W -0.3%  20%W -0.3%  35%W -0.2%       -2.3% → +2.1%
Pre-session top-2 (9:25, 20d EOD win rate) — 2017-01-05  OR: 09:30/3b
  #1 AMD    +15m 50%W +0.0%  +30m 55%W +0.2%  +1h 60%W +0.3%  +2h 70%W +0.3%  +5h 70%W +0.7%  EOD 65%W +0.9%  EOD range -4.4% → +3.7%
  #2 TSLA   +15m 70%W +0.2%  +30m 60%W +0.3%  +1h 65%W +0.4%  +2h 50%W +0.0%  +5h 55%W +0.1%  EOD 60%W +0.2%  EOD range -1.5% → +4.0%
  Ticker   N          +15m          +30m           +1h           +2h           +5h           EOD           EOD range
  ----------------------------------------------------------------------------------------------------------------------
  AMD     20  50%W +0.0%  55%W +0.2%  60%W +0.3%  70%W +0.3%  70%W +0.7%  65%W +0.9%       -4.4% → +3.7%
  TSLA    20  70%W +0.2%  60%W +0.3%  65%W +0.4%  50%W +0.0%  55%W +0.1%  60%W +0.2%       -1.5% → +4.0%
  LLY     20  50%W +0.0%  50%W +0.0%  45%W -0.1%  55%W +0.0%  55%W +0.1%  55%W +0.3%       -1.6% → +1.5%
  CHTR    20  70%W +0.1%  50%W +0.0%  50%W +0.0%  50%W +0.0%  45%W -0.1%  55%W +0.2%       -1.9% → +3.3%
  AVGO    20  35%W -0.1%  45%W -0.1%  45%W -0.0%  35%W -0.2%  40%W -0.2%  50%W -0.1%       -1.8% → +2.5%
  META    20  45%W -0.1%  50%W -0.0%  40%W -0.0%  40%W -0.2%  30%W -0.2%  35%W -0.1%       -1.0% → +1.2%
  SNPS    20  60%W +0.1%  65%W +0.2%  65%W +0.2%  50%W -0.0%  35%W -0.1%  35%W -0.2%       -1.1% → +1.7%
  MU      20  40%W -0.1%  40%W -0.2%  40%W -0.2%  35%W -0.4%  40%W -0.1%  35%W -0.3%       -3.2% → +5.5%
  MRVL    20  50%W -0.0%  50%W +0.0%  30%W -0.2%  30%W -0.3%  20%W -0.3%  35%W -0.2%       -2.3% → +2.1%
  QCOM    20  35%W -0.1%  35%W -0.2%  25%W -0.2%  20%W -0.4%  30%W -0.4%  35%W -0.2%       -2.1% → +1.4%
Pre-session top-2 (9:25, 20d EOD win rate) — 2017-01-06  OR: 09:30/3b
  #1 TSLA   +15m 65%W +0.2%  +30m 60%W +0.3%  +1h 60%W +0.4%  +2h 50%W +0.0%  +5h 55%W +0.3%  EOD 60%W +0.2%  EOD range -1.5% → +4.0%
  #2 AMD    +15m 50%W +0.0%  +30m 60%W +0.3%  +1h 60%W +0.3%  +2h 65%W +0.3%  +5h 65%W +0.6%  EOD 60%W +0.9%  EOD range -4.4% → +3.7%
  Ticker   N          +15m          +30m           +1h           +2h           +5h           EOD           EOD range
  ----------------------------------------------------------------------------------------------------------------------
  TSLA    20  65%W +0.2%  60%W +0.3%  60%W +0.4%  50%W +0.0%  55%W +0.3%  60%W +0.2%       -1.5% → +4.0%
  AMD     20  50%W +0.0%  60%W +0.3%  60%W +0.3%  65%W +0.3%  65%W +0.6%  60%W +0.9%       -4.4% → +3.7%
  LLY     20  50%W +0.0%  50%W +0.0%  45%W -0.1%  55%W +0.0%  55%W +0.1%  55%W +0.3%       -1.6% → +1.5%
  CHTR    20  70%W +0.1%  50%W +0.0%  50%W +0.0%  50%W +0.0%  45%W -0.1%  55%W +0.2%       -1.9% → +3.3%
  AVGO    20  30%W -0.1%  45%W -0.1%  45%W -0.0%  35%W -0.2%  40%W -0.2%  50%W -0.1%       -1.8% → +2.5%
  META    20  40%W -0.1%  50%W -0.0%  45%W -0.0%  45%W -0.1%  30%W -0.2%  35%W -0.1%       -1.0% → +1.3%
  SNPS    20  60%W +0.1%  65%W +0.2%  70%W +0.2%  50%W -0.0%  35%W -0.1%  35%W -0.2%       -1.1% → +1.7%
  MRVL    20  50%W +0.0%  55%W +0.1%  35%W -0.2%  30%W -0.3%  20%W -0.3%  35%W -0.2%       -2.3% → +2.1%
  MU      20  40%W -0.1%  45%W -0.1%  45%W -0.1%  35%W -0.4%  35%W -0.2%  30%W -0.4%       -3.2% → +5.5%
  QCOM    20  35%W -0.1%  35%W -0.2%  20%W -0.2%  20%W -0.4%  25%W -0.4%  30%W -0.2%       -2.1% → +1.4%
Pre-session top-2 (9:25, 20d EOD win rate) — 2017-01-09  OR: 09:30/3b
  #1 AMD    +15m 55%W +0.1%  +30m 60%W +0.4%  +1h 60%W +0.3%  +2h 65%W +0.3%  +5h 65%W +0.6%  EOD 60%W +0.8%  EOD range -4.4% → +3.7%
  #2 LLY    +15m 50%W +0.0%  +30m 45%W -0.0%  +1h 45%W -0.1%  +2h 55%W +0.0%  +5h 55%W +0.1%  EOD 55%W +0.3%  EOD range -1.6% → +1.5%
  Ticker   N          +15m          +30m           +1h           +2h           +5h           EOD           EOD range
  ----------------------------------------------------------------------------------------------------------------------
  AMD     20  55%W +0.1%  60%W +0.4%  60%W +0.3%  65%W +0.3%  65%W +0.6%  60%W +0.8%       -4.4% → +3.7%
  LLY     20  50%W +0.0%  45%W -0.0%  45%W -0.1%  55%W +0.0%  55%W +0.1%  55%W +0.3%       -1.6% → +1.5%
  CHTR    20  70%W +0.1%  50%W +0.0%  50%W +0.0%  50%W +0.0%  45%W -0.1%  55%W +0.2%       -1.9% → +2.2%
  TSLA    20  65%W +0.2%  55%W +0.2%  55%W +0.2%  45%W -0.0%  55%W +0.1%  55%W +0.1%       -1.5% → +3.5%
  AVGO    20  35%W -0.1%  45%W -0.1%  40%W -0.1%  35%W -0.2%  40%W -0.2%  50%W -0.1%       -1.8% → +1.4%
  META    20  45%W -0.1%  50%W -0.0%  50%W +0.0%  50%W -0.0%  35%W -0.2%  35%W -0.1%       -1.0% → +1.8%
  SNPS    20  65%W +0.1%  65%W +0.2%  70%W +0.2%  50%W -0.0%  35%W -0.1%  35%W -0.2%       -1.1% → +1.7%
  MRVL    20  55%W +0.1%  50%W +0.0%  30%W -0.3%  30%W -0.3%  20%W -0.3%  35%W -0.2%       -2.3% → +0.9%
  QCOM    20  40%W -0.1%  35%W -0.2%  15%W -0.2%  20%W -0.4%  25%W -0.4%  30%W -0.2%       -2.1% → +0.7%
  MU      20  45%W -0.0%  45%W -0.1%  45%W -0.1%  35%W -0.4%  30%W -0.3%  25%W -0.4%       -3.2% → +1.5%
Pre-session top-2 (9:25, 20d EOD win rate) — 2017-01-10  OR: 09:30/3b
  #1 LLY    +15m 55%W +0.1%  +30m 50%W +0.0%  +1h 45%W -0.1%  +2h 60%W +0.0%  +5h 55%W +0.1%  EOD 55%W +0.3%  EOD range -1.6% → +1.5%
  #2 CHTR   +15m 70%W +0.1%  +30m 50%W +0.0%  +1h 50%W +0.0%  +2h 50%W +0.0%  +5h 45%W -0.1%  EOD 55%W +0.2%  EOD range -1.8% → +2.2%
  Ticker   N          +15m          +30m           +1h           +2h           +5h           EOD           EOD range
  ----------------------------------------------------------------------------------------------------------------------
  LLY     20  55%W +0.1%  50%W +0.0%  45%W -0.1%  60%W +0.0%  55%W +0.1%  55%W +0.3%       -1.6% → +1.5%
  CHTR    20  70%W +0.1%  50%W +0.0%  50%W +0.0%  50%W +0.0%  45%W -0.1%  55%W +0.2%       -1.8% → +2.2%
  TSLA    20  70%W +0.2%  60%W +0.3%  60%W +0.4%  50%W +0.0%  60%W +0.3%  55%W +0.1%       -1.5% → +3.5%
  AMD     20  50%W +0.0%  55%W +0.3%  55%W +0.3%  60%W +0.2%  60%W +0.5%  55%W +0.6%       -4.4% → +3.7%
  AVGO    20  35%W -0.1%  45%W -0.1%  40%W -0.1%  35%W -0.2%  40%W -0.2%  45%W -0.2%       -1.8% → +0.9%
  META    20  50%W -0.0%  45%W -0.1%  50%W +0.0%  50%W -0.0%  40%W -0.2%  40%W -0.1%       -1.0% → +1.8%
  MRVL    20  60%W +0.2%  50%W +0.0%  35%W -0.3%  30%W -0.3%  25%W -0.2%  40%W -0.2%       -2.3% → +1.2%
  SNPS    20  65%W +0.1%  65%W +0.2%  70%W +0.2%  50%W -0.0%  35%W -0.1%  35%W -0.2%       -1.1% → +1.7%
  QCOM    20  45%W -0.0%  40%W -0.1%  20%W -0.2%  25%W -0.4%  30%W -0.3%  30%W -0.1%       -2.1% → +0.7%
  MU      20  45%W -0.0%  45%W -0.1%  45%W -0.1%  35%W -0.4%  30%W -0.3%  25%W -0.4%       -3.2% → +1.2%
Pre-session top-2 (9:25, 20d EOD win rate) — 2017-01-11  OR: 09:30/3b
  #1 TSLA   +15m 75%W +0.2%  +30m 65%W +0.3%  +1h 60%W +0.4%  +2h 50%W +0.0%  +5h 60%W +0.3%  EOD 60%W +0.1%  EOD range -1.5% → +3.5%
  #2 LLY    +15m 50%W -0.0%  +30m 45%W -0.0%  +1h 40%W -0.1%  +2h 55%W +0.0%  +5h 55%W +0.1%  EOD 55%W +0.2%  EOD range -1.6% → +1.5%
  Ticker   N          +15m          +30m           +1h           +2h           +5h           EOD           EOD range
  ----------------------------------------------------------------------------------------------------------------------
  TSLA    20  75%W +0.2%  65%W +0.3%  60%W +0.4%  50%W +0.0%  60%W +0.3%  60%W +0.1%       -1.5% → +3.5%
  LLY     20  50%W -0.0%  45%W -0.0%  40%W -0.1%  55%W +0.0%  55%W +0.1%  55%W +0.2%       -1.6% → +1.5%
  CHTR    20  70%W +0.1%  45%W -0.0%  45%W -0.0%  50%W +0.0%  50%W -0.0%  55%W +0.2%       -1.8% → +2.2%
  AMD     20  50%W +0.0%  55%W +0.3%  55%W +0.3%  55%W +0.1%  60%W +0.5%  50%W +0.2%       -4.4% → +3.7%
  MRVL    20  60%W +0.2%  50%W +0.0%  35%W -0.3%  35%W -0.2%  30%W -0.2%  45%W -0.1%       -2.3% → +1.2%
  AVGO    20  35%W -0.1%  45%W -0.1%  40%W -0.1%  35%W -0.2%  40%W -0.2%  45%W -0.2%       -1.8% → +1.1%
  META    20  50%W +0.0%  50%W -0.0%  50%W +0.0%  55%W +0.1%  45%W -0.1%  40%W -0.2%       -1.0% → +1.8%
  SNPS    20  70%W +0.1%  70%W +0.2%  75%W +0.2%  55%W +0.1%  40%W -0.1%  40%W -0.1%       -1.1% → +1.7%
  QCOM    20  45%W -0.0%  40%W -0.1%  20%W -0.2%  30%W -0.3%  30%W -0.2%  30%W -0.2%       -2.1% → +0.7%
  MU      20  45%W +0.0%  45%W -0.1%  45%W -0.1%  35%W -0.3%  30%W -0.3%  25%W -0.4%       -3.2% → +1.2%
Pre-session top-2 (9:25, 20d EOD win rate) — 2017-01-12  OR: 09:30/3b
  #1 TSLA   +15m 75%W +0.2%  +30m 65%W +0.3%  +1h 60%W +0.4%  +2h 50%W +0.0%  +5h 65%W +0.4%  EOD 65%W +0.4%  EOD range -1.5% → +3.5%
  #2 CHTR   +15m 65%W +0.1%  +30m 45%W -0.0%  +1h 45%W -0.0%  +2h 55%W +0.0%  +5h 55%W +0.2%  EOD 60%W +0.4%  EOD range -1.8% → +2.2%
  Ticker   N          +15m          +30m           +1h           +2h           +5h           EOD           EOD range
  ----------------------------------------------------------------------------------------------------------------------
  TSLA    20  75%W +0.2%  65%W +0.3%  60%W +0.4%  50%W +0.0%  65%W +0.4%  65%W +0.4%       -1.5% → +3.5%
  CHTR    20  65%W +0.1%  45%W -0.0%  45%W -0.0%  55%W +0.0%  55%W +0.2%  60%W +0.4%       -1.8% → +2.2%
  LLY     20  50%W +0.0%  45%W -0.0%  40%W -0.1%  55%W +0.0%  55%W +0.1%  55%W +0.2%       -2.1% → +1.5%
  AMD     20  45%W -0.0%  55%W +0.3%  60%W +0.3%  55%W +0.1%  60%W +0.5%  50%W +0.2%       -4.4% → +3.7%
  META    20  50%W -0.0%  50%W +0.0%  50%W +0.0%  60%W +0.2%  50%W +0.0%  45%W -0.1%       -1.0% → +1.8%
  MRVL    20  60%W +0.2%  50%W +0.0%  35%W -0.3%  35%W -0.1%  30%W -0.2%  45%W -0.0%       -2.3% → +1.2%
  AVGO    20  40%W -0.0%  45%W -0.0%  45%W -0.0%  35%W -0.2%  40%W -0.2%  45%W -0.0%       -1.8% → +1.1%
  SNPS    20  70%W +0.1%  70%W +0.2%  75%W +0.2%  55%W +0.1%  40%W -0.1%  40%W -0.1%       -1.1% → +0.5%
  QCOM    20  45%W -0.0%  40%W -0.1%  20%W -0.2%  30%W -0.3%  35%W -0.2%  30%W -0.2%       -2.1% → +0.7%
  MU      20  45%W +0.0%  45%W -0.1%  45%W -0.1%  35%W -0.3%  30%W -0.3%  25%W -0.4%       -3.2% → +1.2%
Pre-session top-2 (9:25, 20d EOD win rate) — 2017-01-13  OR: 09:30/3b
  #1 TSLA   +15m 70%W +0.1%  +30m 60%W +0.2%  +1h 55%W +0.2%  +2h 45%W -0.0%  +5h 65%W +0.4%  EOD 65%W +0.4%  EOD range -1.5% → +3.5%
  #2 LLY    +15m 50%W +0.0%  +30m 45%W -0.0%  +1h 45%W -0.0%  +2h 55%W +0.0%  +5h 55%W +0.1%  EOD 55%W +0.2%  EOD range -2.1% → +1.7%
  Ticker   N          +15m          +30m           +1h           +2h           +5h           EOD           EOD range
  ----------------------------------------------------------------------------------------------------------------------
  TSLA    20  70%W +0.1%  60%W +0.2%  55%W +0.2%  45%W -0.0%  65%W +0.4%  65%W +0.4%       -1.5% → +3.5%
  LLY     20  50%W +0.0%  45%W -0.0%  45%W -0.0%  55%W +0.0%  55%W +0.1%  55%W +0.2%       -2.1% → +1.7%
  CHTR    20  65%W +0.1%  45%W -0.1%  40%W -0.0%  50%W +0.0%  50%W +0.0%  55%W +0.2%       -1.8% → +2.2%
  AMD     20  45%W -0.0%  50%W +0.1%  55%W +0.3%  50%W -0.0%  60%W +0.5%  55%W +0.6%       -4.4% → +3.7%
  META    20  50%W -0.0%  45%W -0.1%  50%W +0.0%  60%W +0.2%  50%W +0.0%  45%W -0.1%       -1.0% → +1.8%
  SNPS    20  65%W +0.1%  65%W +0.2%  70%W +0.2%  50%W -0.0%  40%W -0.1%  45%W -0.1%       -1.1% → +0.5%
  AVGO    20  40%W -0.0%  45%W -0.1%  40%W -0.1%  30%W -0.2%  40%W -0.2%  45%W -0.0%       -1.8% → +1.1%
  MRVL    20  55%W +0.2%  50%W -0.1%  35%W -0.3%  35%W -0.1%  30%W -0.2%  40%W -0.1%       -2.3% → +1.2%
  QCOM    20  40%W -0.1%  35%W -0.2%  20%W -0.2%  25%W -0.4%  35%W -0.2%  35%W -0.2%       -2.1% → +0.7%
  MU      20  45%W +0.0%  45%W -0.2%  45%W -0.1%  30%W -0.4%  30%W -0.3%  25%W -0.4%       -3.2% → +1.2%
Pre-session top-2 (9:25, 20d EOD win rate) — 2017-01-17  OR: 09:30/3b
  #1 TSLA   +15m 65%W +0.1%  +30m 55%W +0.2%  +1h 50%W -0.0%  +2h 40%W -0.0%  +5h 65%W +0.4%  EOD 65%W +0.6%  EOD range -1.5% → +3.5%
  #2 LLY    +15m 55%W +0.0%  +30m 50%W +0.0%  +1h 50%W +0.1%  +2h 60%W +0.0%  +5h 60%W +0.1%  EOD 60%W +0.3%  EOD range -2.1% → +1.7%
  Ticker   N          +15m          +30m           +1h           +2h           +5h           EOD           EOD range
  ----------------------------------------------------------------------------------------------------------------------
  TSLA    20  65%W +0.1%  55%W +0.2%  50%W -0.0%  40%W -0.0%  65%W +0.4%  65%W +0.6%       -1.5% → +3.5%
  LLY     20  55%W +0.0%  50%W +0.0%  50%W +0.1%  60%W +0.0%  60%W +0.1%  60%W +0.3%       -2.1% → +1.7%
  CHTR    20  65%W +0.1%  45%W -0.1%  40%W -0.0%  50%W +0.0%  50%W +0.0%  55%W +0.2%       -1.8% → +2.2%
  SNPS    20  60%W +0.1%  60%W +0.1%  70%W +0.2%  50%W -0.0%  45%W -0.1%  50%W -0.0%       -1.1% → +0.5%
  AVGO    20  40%W -0.0%  40%W -0.1%  45%W -0.1%  30%W -0.1%  40%W -0.1%  50%W +0.1%       -1.8% → +1.1%
  AMD     20  45%W -0.0%  45%W -0.1%  50%W +0.1%  45%W -0.1%  55%W +0.2%  50%W +0.2%       -4.4% → +3.7%
  META    20  45%W -0.1%  45%W -0.1%  50%W +0.0%  60%W +0.2%  50%W +0.0%  40%W -0.1%       -1.0% → +1.8%
  MRVL    20  50%W +0.1%  50%W -0.1%  35%W -0.3%  40%W -0.1%  35%W -0.2%  40%W -0.1%       -2.3% → +1.2%
  QCOM    20  45%W -0.0%  40%W -0.1%  25%W -0.2%  30%W -0.3%  40%W -0.1%  40%W -0.1%       -2.1% → +0.7%
  MU      20  50%W +0.0%  50%W +0.0%  50%W +0.0%  35%W -0.3%  35%W -0.2%  30%W -0.3%       -3.2% → +1.2%
Pre-session top-2 (9:25, 20d EOD win rate) — 2017-01-18  OR: 09:30/3b
  #1 TSLA   +15m 60%W +0.1%  +30m 50%W +0.1%  +1h 50%W -0.0%  +2h 40%W -0.0%  +5h 65%W +0.4%  EOD 65%W +0.6%  EOD range -1.5% → +3.5%
  #2 LLY    +15m 55%W +0.0%  +30m 50%W +0.0%  +1h 50%W +0.1%  +2h 55%W +0.0%  +5h 60%W +0.1%  EOD 60%W +0.3%  EOD range -2.1% → +1.7%
  Ticker   N          +15m          +30m           +1h           +2h           +5h           EOD           EOD range
  ----------------------------------------------------------------------------------------------------------------------
  TSLA    20  60%W +0.1%  50%W +0.1%  50%W -0.0%  40%W -0.0%  65%W +0.4%  65%W +0.6%       -1.5% → +3.5%
  LLY     20  55%W +0.0%  50%W +0.0%  50%W +0.1%  55%W +0.0%  60%W +0.1%  60%W +0.3%       -2.1% → +1.7%
  CHTR    20  60%W +0.0%  45%W -0.1%  40%W -0.0%  50%W +0.0%  50%W +0.0%  55%W +0.2%       -1.8% → +3.0%
  AVGO    20  40%W -0.0%  40%W -0.1%  45%W -0.1%  30%W -0.1%  40%W -0.1%  50%W +0.1%       -1.8% → +1.1%
  AMD     20  40%W -0.1%  45%W -0.1%  50%W +0.1%  45%W -0.1%  55%W +0.2%  50%W +0.2%       -4.4% → +3.7%
  META    20  45%W -0.1%  45%W -0.1%  50%W +0.0%  65%W +0.2%  55%W +0.0%  45%W -0.1%       -1.0% → +1.8%
  SNPS    20  55%W +0.1%  60%W +0.1%  70%W +0.2%  45%W -0.0%  40%W -0.1%  45%W -0.1%       -1.1% → +0.5%
  MRVL    20  50%W +0.1%  50%W -0.1%  35%W -0.3%  35%W -0.1%  30%W -0.3%  35%W -0.2%       -2.3% → +1.2%
  QCOM    20  45%W -0.0%  45%W -0.1%  25%W -0.2%  30%W -0.3%  35%W -0.2%  35%W -0.2%       -3.6% → +0.7%
  MU      20  55%W +0.1%  55%W +0.2%  50%W +0.0%  35%W -0.3%  35%W -0.2%  30%W -0.3%       -3.2% → +1.2%
Pre-session top-2 (9:25, 20d EOD win rate) — 2017-01-19  OR: 09:30/3b
  #1 LLY    +15m 60%W +0.1%  +30m 55%W +0.0%  +1h 55%W +0.2%  +2h 60%W +0.0%  +5h 60%W +0.2%  EOD 60%W +0.3%  EOD range -2.1% → +1.7%
  #2 CHTR   +15m 65%W +0.1%  +30m 50%W -0.0%  +1h 45%W -0.0%  +2h 55%W +0.0%  +5h 50%W +0.0%  EOD 60%W +0.2%  EOD range -1.2% → +3.0%
  Ticker   N          +15m          +30m           +1h           +2h           +5h           EOD           EOD range
  ----------------------------------------------------------------------------------------------------------------------
  LLY     20  60%W +0.1%  55%W +0.0%  55%W +0.2%  60%W +0.0%  60%W +0.2%  60%W +0.3%       -2.1% → +1.7%
  CHTR    20  65%W +0.1%  50%W -0.0%  45%W -0.0%  55%W +0.0%  50%W +0.0%  60%W +0.2%       -1.2% → +3.0%
  TSLA    20  55%W +0.1%  45%W -0.1%  45%W -0.1%  35%W -0.1%  60%W +0.2%  60%W +0.3%       -1.5% → +3.5%
  AVGO    20  40%W -0.0%  45%W -0.1%  50%W +0.0%  35%W -0.1%  45%W -0.0%  55%W +0.2%       -1.8% → +1.7%
  AMD     20  45%W -0.0%  50%W +0.1%  55%W +0.3%  50%W +0.1%  55%W +0.2%  55%W +0.6%       -4.0% → +3.7%
  META    20  40%W -0.1%  40%W -0.1%  50%W +0.0%  65%W +0.2%  55%W +0.0%  45%W -0.1%       -1.0% → +1.8%
  SNPS    20  60%W +0.1%  65%W +0.1%  70%W +0.1%  40%W -0.1%  40%W -0.1%  45%W -0.1%       -1.1% → +0.5%
  MU      20  60%W +0.1%  60%W +0.3%  55%W +0.2%  40%W -0.2%  40%W -0.1%  35%W -0.3%       -1.6% → +1.8%
  MRVL    20  55%W +0.2%  55%W +0.1%  35%W -0.3%  40%W -0.1%  30%W -0.3%  35%W -0.2%       -1.6% → +1.2%
  QCOM    20  50%W -0.0%  45%W -0.1%  25%W -0.2%  30%W -0.3%  35%W -0.2%  35%W -0.2%       -3.6% → +0.7%
Pre-session top-2 (9:25, 20d EOD win rate) — 2017-01-20  OR: 09:30/3b
  #1 CHTR   +15m 65%W +0.1%  +30m 55%W +0.1%  +1h 45%W -0.0%  +2h 55%W +0.1%  +5h 55%W +0.2%  EOD 65%W +0.3%  EOD range -1.2% → +3.0%
  #2 LLY    +15m 55%W +0.0%  +30m 50%W +0.0%  +1h 55%W +0.1%  +2h 60%W +0.0%  +5h 60%W +0.2%  EOD 60%W +0.3%  EOD range -2.1% → +1.7%
  Ticker   N          +15m          +30m           +1h           +2h           +5h           EOD           EOD range
  ----------------------------------------------------------------------------------------------------------------------
  CHTR    20  65%W +0.1%  55%W +0.1%  45%W -0.0%  55%W +0.1%  55%W +0.2%  65%W +0.3%       -1.2% → +3.0%
  LLY     20  55%W +0.0%  50%W +0.0%  55%W +0.1%  60%W +0.0%  60%W +0.2%  60%W +0.3%       -2.1% → +1.7%
  TSLA    20  50%W +0.0%  40%W -0.1%  40%W -0.1%  30%W -0.1%  55%W +0.1%  55%W +0.1%       -1.6% → +3.5%
  AVGO    20  40%W -0.0%  40%W -0.1%  45%W -0.1%  35%W -0.1%  40%W -0.1%  50%W +0.1%       -1.8% → +1.7%
  AMD     20  40%W -0.1%  45%W -0.1%  50%W +0.1%  45%W -0.1%  50%W -0.0%  50%W +0.2%       -4.0% → +3.7%
  META    20  40%W -0.1%  35%W -0.1%  45%W -0.1%  60%W +0.1%  55%W +0.0%  45%W -0.1%       -1.0% → +1.8%
  SNPS    20  60%W +0.1%  65%W +0.2%  65%W +0.1%  40%W -0.1%  40%W -0.1%  45%W -0.1%       -1.1% → +0.5%
  MU      20  55%W +0.1%  55%W +0.2%  50%W +0.0%  40%W -0.2%  35%W -0.2%  35%W -0.3%       -2.1% → +1.8%
  MRVL    20  55%W +0.2%  55%W +0.1%  35%W -0.2%  40%W -0.1%  30%W -0.3%  35%W -0.2%       -1.6% → +1.2%
  QCOM    20  45%W -0.0%  40%W -0.1%  20%W -0.2%  30%W -0.4%  35%W -0.2%  35%W -0.4%       -3.6% → +0.7%
Pre-session top-2 (9:25, 20d EOD win rate) — 2017-01-23  OR: 09:30/3b
  #1 CHTR   +15m 70%W +0.1%  +30m 55%W +0.1%  +1h 45%W -0.0%  +2h 55%W +0.1%  +5h 60%W +0.3%  EOD 70%W +0.3%  EOD range -1.2% → +3.0%
  #2 LLY    +15m 55%W +0.0%  +30m 50%W +0.0%  +1h 55%W +0.1%  +2h 55%W +0.0%  +5h 60%W +0.2%  EOD 60%W +0.3%  EOD range -2.1% → +1.7%
  Ticker   N          +15m          +30m           +1h           +2h           +5h           EOD           EOD range
  ----------------------------------------------------------------------------------------------------------------------
  CHTR    20  70%W +0.1%  55%W +0.1%  45%W -0.0%  55%W +0.1%  60%W +0.3%  70%W +0.3%       -1.2% → +3.0%
  LLY     20  55%W +0.0%  50%W +0.0%  55%W +0.1%  55%W +0.0%  60%W +0.2%  60%W +0.3%       -2.1% → +1.7%
  TSLA    20  50%W +0.0%  40%W -0.1%  40%W -0.1%  30%W -0.1%  50%W +0.0%  55%W +0.1%       -1.6% → +3.5%
  AVGO    20  45%W -0.0%  45%W -0.1%  45%W -0.1%  35%W -0.1%  40%W -0.1%  50%W +0.1%       -1.8% → +1.7%
  META    20  40%W -0.1%  35%W -0.1%  40%W -0.1%  55%W +0.1%  55%W +0.0%  45%W -0.2%       -1.1% → +1.8%
  SNPS    20  60%W +0.1%  65%W +0.2%  65%W +0.1%  40%W -0.1%  40%W -0.1%  45%W -0.1%       -1.1% → +0.5%
  AMD     20  45%W -0.0%  50%W +0.1%  50%W +0.0%  45%W -0.1%  45%W -0.4%  45%W -0.3%       -4.0% → +3.7%
  MU      20  55%W +0.1%  60%W +0.3%  50%W -0.0%  40%W -0.2%  35%W -0.4%  35%W -0.3%       -2.1% → +1.8%
  QCOM    20  45%W -0.0%  40%W -0.1%  25%W -0.2%  30%W -0.3%  35%W -0.2%  35%W -0.4%       -4.1% → +0.7%
  MRVL    20  60%W +0.2%  60%W +0.1%  40%W -0.2%  45%W -0.0%  30%W -0.3%  30%W -0.2%       -1.6% → +1.2%
Pre-session top-2 (9:25, 20d EOD win rate) — 2017-01-24  OR: 09:30/3b
  #1 CHTR   +15m 65%W +0.1%  +30m 50%W -0.0%  +1h 40%W -0.0%  +2h 50%W +0.0%  +5h 55%W +0.2%  EOD 65%W +0.2%  EOD range -1.2% → +3.0%
  #2 LLY    +15m 55%W +0.0%  +30m 45%W -0.0%  +1h 55%W +0.1%  +2h 55%W +0.0%  +5h 60%W +0.2%  EOD 60%W +0.3%  EOD range -2.1% → +1.7%
  Ticker   N          +15m          +30m           +1h           +2h           +5h           EOD           EOD range
  ----------------------------------------------------------------------------------------------------------------------
  CHTR    20  65%W +0.1%  50%W -0.0%  40%W -0.0%  50%W +0.0%  55%W +0.2%  65%W +0.2%       -1.2% → +3.0%
  LLY     20  55%W +0.0%  45%W -0.0%  55%W +0.1%  55%W +0.0%  60%W +0.2%  60%W +0.3%       -2.1% → +1.7%
  TSLA    20  50%W +0.0%  40%W -0.1%  40%W -0.1%  35%W -0.1%  55%W +0.1%  60%W +0.1%       -1.6% → +3.5%
  AVGO    20  50%W +0.0%  40%W -0.1%  45%W -0.1%  35%W -0.1%  40%W -0.1%  55%W +0.1%       -1.8% → +1.7%
  SNPS    20  65%W +0.1%  65%W +0.1%  60%W +0.1%  35%W -0.1%  40%W -0.1%  50%W -0.0%       -1.1% → +0.5%
  AMD     20  45%W -0.0%  45%W -0.1%  50%W +0.0%  45%W -0.1%  45%W -0.4%  50%W -0.0%       -4.0% → +3.7%
  META    20  35%W -0.1%  30%W -0.2%  35%W -0.2%  50%W -0.0%  55%W +0.0%  45%W -0.2%       -1.1% → +1.8%
  MU      20  55%W +0.1%  60%W +0.3%  50%W -0.0%  40%W -0.4%  35%W -0.5%  30%W -0.4%       -2.1% → +1.8%
  MRVL    20  60%W +0.2%  55%W +0.1%  40%W -0.2%  45%W -0.1%  30%W -0.3%  30%W -0.2%       -1.6% → +1.2%
  QCOM    20  40%W -0.1%  40%W -0.1%  25%W -0.2%  30%W -0.4%  35%W -0.2%  30%W -0.5%       -4.1% → +0.7%
Pre-session top-2 (9:25, 20d EOD win rate) — 2017-01-25  OR: 09:30/3b
  #1 CHTR   +15m 70%W +0.1%  +30m 55%W +0.1%  +1h 45%W -0.0%  +2h 55%W +0.1%  +5h 55%W +0.3%  EOD 65%W +0.2%  EOD range -1.2% → +3.0%
  #2 TSLA   +15m 50%W +0.0%  +30m 40%W -0.1%  +1h 40%W -0.1%  +2h 35%W -0.1%  +5h 55%W +0.1%  EOD 60%W +0.2%  EOD range -1.6% → +3.5%
  Ticker   N          +15m          +30m           +1h           +2h           +5h           EOD           EOD range
  ----------------------------------------------------------------------------------------------------------------------
  CHTR    20  70%W +0.1%  55%W +0.1%  45%W -0.0%  55%W +0.1%  55%W +0.3%  65%W +0.2%       -1.2% → +3.0%
  TSLA    20  50%W +0.0%  40%W -0.1%  40%W -0.1%  35%W -0.1%  55%W +0.1%  60%W +0.2%       -1.6% → +3.5%
  AVGO    20  55%W +0.0%  45%W -0.1%  50%W +0.0%  40%W -0.1%  45%W -0.0%  60%W +0.2%       -1.8% → +2.0%
  LLY     20  50%W +0.0%  40%W -0.1%  50%W +0.0%  50%W -0.0%  55%W +0.1%  55%W +0.2%       -2.1% → +1.7%
  META    20  35%W -0.1%  30%W -0.1%  40%W -0.1%  50%W -0.0%  60%W +0.0%  50%W -0.0%       -1.1% → +1.8%
  SNPS    20  65%W +0.1%  65%W +0.1%  60%W +0.1%  40%W -0.1%  45%W -0.1%  50%W -0.0%       -1.1% → +1.4%
  AMD     20  40%W -0.1%  40%W -0.2%  45%W -0.1%  40%W -0.2%  45%W -0.4%  50%W -0.0%       -4.0% → +3.7%
  MRVL    20  55%W +0.2%  50%W -0.0%  40%W -0.2%  45%W -0.0%  35%W -0.3%  35%W -0.1%       -1.6% → +1.6%
  QCOM    20  45%W -0.1%  45%W -0.1%  30%W -0.2%  30%W -0.3%  35%W -0.2%  30%W -0.5%       -4.1% → +0.7%
  MU      20  50%W +0.0%  60%W +0.2%  45%W -0.1%  40%W -0.3%  35%W -0.5%  25%W -0.4%       -2.1% → +1.8%
Pre-session top-2 (9:25, 20d EOD win rate) — 2017-01-26  OR: 09:30/3b
  #1 CHTR   +15m 70%W +0.1%  +30m 50%W +0.0%  +1h 45%W -0.0%  +2h 55%W +0.1%  +5h 60%W +0.4%  EOD 65%W +0.2%  EOD range -1.2% → +3.0%
  #2 LLY    +15m 50%W +0.0%  +30m 45%W -0.0%  +1h 55%W +0.1%  +2h 55%W +0.0%  +5h 60%W +0.2%  EOD 60%W +0.3%  EOD range -2.1% → +1.7%
  Ticker   N          +15m          +30m           +1h           +2h           +5h           EOD           EOD range
  ----------------------------------------------------------------------------------------------------------------------
  CHTR    20  70%W +0.1%  50%W +0.0%  45%W -0.0%  55%W +0.1%  60%W +0.4%  65%W +0.2%       -1.2% → +3.0%
  LLY     20  50%W +0.0%  45%W -0.0%  55%W +0.1%  55%W +0.0%  60%W +0.2%  60%W +0.3%       -2.1% → +1.7%
  AVGO    20  60%W +0.0%  50%W -0.0%  55%W +0.1%  45%W -0.0%  45%W -0.0%  60%W +0.2%       -1.8% → +2.0%
  META    20  40%W -0.1%  35%W -0.1%  45%W -0.1%  55%W +0.1%  65%W +0.2%  55%W +0.2%       -1.1% → +1.8%
  TSLA    20  50%W +0.0%  35%W -0.2%  35%W -0.1%  30%W -0.2%  50%W +0.0%  55%W +0.1%       -1.6% → +3.5%
  SNPS    20  60%W +0.1%  65%W +0.1%  60%W +0.1%  35%W -0.1%  40%W -0.1%  50%W -0.0%       -1.1% → +1.4%
  AMD     20  40%W -0.2%  35%W -0.3%  45%W -0.1%  40%W -0.2%  40%W -0.9%  45%W -0.6%       -4.0% → +3.7%
  MRVL    20  55%W +0.2%  50%W -0.0%  40%W -0.1%  50%W +0.0%  40%W -0.2%  40%W -0.1%       -1.6% → +2.5%
  MU      20  45%W -0.0%  55%W +0.2%  45%W -0.1%  35%W -0.3%  40%W -0.4%  30%W -0.3%       -2.1% → +1.8%
  QCOM    20  45%W -0.1%  45%W -0.1%  35%W -0.1%  35%W -0.2%  40%W -0.2%  30%W -0.5%       -4.1% → +1.9%
Pre-session top-2 (9:25, 20d EOD win rate) — 2017-01-27  OR: 09:30/3b
  #1 CHTR   +15m 65%W +0.1%  +30m 45%W -0.0%  +1h 50%W -0.0%  +2h 60%W +0.2%  +5h 65%W +0.4%  EOD 70%W +0.3%  EOD range -1.2% → +3.0%
  #2 AVGO   +15m 65%W +0.1%  +30m 50%W -0.0%  +1h 55%W +0.1%  +2h 50%W +0.1%  +5h 50%W +0.0%  EOD 65%W +0.4%  EOD range -1.8% → +2.0%
  Ticker   N          +15m          +30m           +1h           +2h           +5h           EOD           EOD range
  ----------------------------------------------------------------------------------------------------------------------
  CHTR    20  65%W +0.1%  45%W -0.0%  50%W -0.0%  60%W +0.2%  65%W +0.4%  70%W +0.3%       -1.2% → +3.0%
  AVGO    20  65%W +0.1%  50%W -0.0%  55%W +0.1%  50%W +0.1%  50%W +0.0%  65%W +0.4%       -1.8% → +2.0%
  META    20  40%W -0.1%  40%W -0.1%  50%W -0.0%  60%W +0.2%  70%W +0.4%  60%W +0.3%       -1.1% → +1.8%
  LLY     20  55%W +0.0%  45%W -0.0%  55%W +0.1%  55%W +0.0%  60%W +0.2%  60%W +0.3%       -2.1% → +1.7%
  TSLA    20  55%W +0.0%  35%W -0.2%  40%W -0.1%  30%W -0.2%  55%W +0.1%  55%W +0.1%       -1.6% → +3.5%
  SNPS    20  55%W +0.0%  70%W +0.1%  60%W +0.1%  35%W -0.1%  40%W -0.2%  50%W -0.0%       -1.1% → +1.4%
  MRVL    20  50%W +0.1%  45%W -0.1%  35%W -0.2%  50%W +0.0%  40%W -0.3%  40%W -0.1%       -1.6% → +2.5%
  AMD     20  40%W -0.2%  35%W -0.3%  40%W -0.2%  35%W -0.2%  40%W -0.9%  40%W -0.6%       -4.0% → +3.7%
  QCOM    20  50%W -0.0%  45%W -0.1%  40%W -0.1%  40%W -0.2%  45%W -0.1%  35%W -0.5%       -4.1% → +1.9%
  MU      20  45%W -0.0%  50%W -0.0%  40%W -0.2%  30%W -0.5%  35%W -0.5%  30%W -0.4%       -2.1% → +1.8%
Pre-session top-2 (9:25, 20d EOD win rate) — 2017-01-30  OR: 09:30/3b
  #1 CHTR   +15m 65%W +0.1%  +30m 45%W -0.0%  +1h 55%W +0.1%  +2h 60%W +0.2%  +5h 70%W +0.4%  EOD 75%W +0.4%  EOD range -1.2% → +3.0%
  #2 AVGO   +15m 70%W +0.1%  +30m 55%W +0.1%  +1h 60%W +0.1%  +2h 55%W +0.4%  +5h 55%W +0.4%  EOD 70%W +0.6%  EOD range -1.8% → +2.0%
  Ticker   N          +15m          +30m           +1h           +2h           +5h           EOD           EOD range
  ----------------------------------------------------------------------------------------------------------------------
  CHTR    20  65%W +0.1%  45%W -0.0%  55%W +0.1%  60%W +0.2%  70%W +0.4%  75%W +0.4%       -1.2% → +3.0%
  AVGO    20  70%W +0.1%  55%W +0.1%  60%W +0.1%  55%W +0.4%  55%W +0.4%  70%W +0.6%       -1.8% → +2.0%
  META    20  40%W -0.1%  40%W -0.1%  55%W +0.0%  65%W +0.2%  75%W +0.4%  65%W +0.3%       -1.1% → +1.8%
  LLY     20  55%W +0.0%  45%W +0.0%  60%W +0.1%  55%W +0.0%  65%W +0.2%  65%W +0.3%       -2.1% → +1.7%
  TSLA    20  60%W +0.0%  40%W -0.1%  45%W -0.1%  30%W -0.2%  60%W +0.2%  60%W +0.2%       -1.6% → +3.5%
  SNPS    20  60%W +0.1%  70%W +0.1%  65%W +0.1%  35%W -0.1%  45%W -0.1%  55%W +0.1%       -0.8% → +1.4%
  MRVL    20  55%W +0.2%  50%W +0.0%  40%W -0.1%  55%W +0.0%  45%W -0.2%  45%W +0.0%       -1.6% → +2.5%
  AMD     20  45%W -0.1%  40%W -0.2%  45%W -0.1%  40%W -0.1%  45%W -0.4%  45%W -0.3%       -3.9% → +3.7%
  MU      20  50%W +0.0%  55%W +0.2%  45%W -0.1%  35%W -0.3%  40%W -0.4%  35%W -0.3%       -2.1% → +2.0%
  QCOM    20  55%W +0.0%  50%W -0.0%  40%W -0.1%  40%W -0.2%  45%W -0.1%  35%W -0.5%       -4.1% → +1.9%
Pre-session top-2 (9:25, 20d EOD win rate) — 2017-01-31  OR: 09:30/3b
  #1 CHTR   +15m 60%W +0.0%  +30m 45%W -0.0%  +1h 55%W +0.1%  +2h 60%W +0.2%  +5h 70%W +0.4%  EOD 75%W +0.6%  EOD range -1.2% → +3.0%
  #2 META   +15m 45%W -0.1%  +30m 40%W -0.1%  +1h 60%W +0.1%  +2h 70%W +0.3%  +5h 80%W +0.4%  EOD 70%W +0.5%  EOD range -1.1% → +1.8%
  Ticker   N          +15m          +30m           +1h           +2h           +5h           EOD           EOD range
  ----------------------------------------------------------------------------------------------------------------------
  CHTR    20  60%W +0.0%  45%W -0.0%  55%W +0.1%  60%W +0.2%  70%W +0.4%  75%W +0.6%       -1.2% → +3.0%
  META    20  45%W -0.1%  40%W -0.1%  60%W +0.1%  70%W +0.3%  80%W +0.4%  70%W +0.5%       -1.1% → +1.8%
  LLY     20  55%W +0.0%  50%W +0.0%  65%W +0.2%  55%W +0.0%  60%W +0.2%  70%W +0.3%       -2.1% → +1.7%
  AVGO    20  70%W +0.1%  50%W -0.0%  60%W +0.1%  60%W +0.4%  60%W +0.5%  70%W +0.9%       -1.8% → +2.0%
  TSLA    20  55%W +0.0%  40%W -0.2%  40%W -0.1%  30%W -0.3%  60%W +0.2%  60%W +0.2%       -1.6% → +3.5%
  SNPS    20  60%W +0.1%  65%W +0.1%  60%W +0.1%  35%W -0.1%  45%W -0.1%  55%W +0.1%       -0.8% → +1.4%
  AMD     20  45%W -0.1%  40%W -0.2%  40%W -0.2%  40%W -0.1%  45%W -0.4%  45%W -0.3%       -3.9% → +3.0%
  MU      20  50%W +0.0%  50%W -0.0%  40%W -0.2%  40%W -0.2%  45%W -0.4%  40%W -0.2%       -2.1% → +2.1%
  MRVL    20  55%W +0.2%  45%W -0.1%  35%W -0.2%  50%W +0.0%  45%W -0.2%  40%W -0.1%       -1.6% → +2.5%
  QCOM    20  55%W +0.0%  50%W -0.0%  40%W -0.1%  40%W -0.2%  40%W -0.2%  30%W -0.6%       -4.1% → +1.9%

=========================================================================================================================================================================================
Pre-Session Top-2 Performance — 2017-01-03 to 2017-01-31  |  Unconditional OR-close entry  |  OR: 09:30/3b
=========================================================================================================================================================================================
Date         Ticker Rank  At       Entry       +15m       +30m       +45m        +1h     +1h30m        +2h        +3h        +4h        +5h        +6h        +7h        EOD
-----------------------------------------------------------------------------------------------------------------------------------------------------------------------------------------
2017-01-03   AMD    #1    09:45    11.17    +2.54%W    +3.44%W    +2.54%W    +1.78%W    +1.29%W    +1.11%W    +0.12%W    +0.66%W    +0.93%W    +2.09%W    +2.36%W    +2.36%W
2017-01-03   TSLA   #2    09:45   215.75    +1.75%W    +1.63%W    +1.86%W    +1.21%W    +0.67%W    +0.38%W    +0.40%W    +0.15%W    +0.16%W    +0.31%W    +0.57%W    +0.57%W
2017-01-04   AMD    #1    09:45    11.32    +0.04%W    -0.18%L    +0.00%L    +0.31%W    +0.18%W    +0.35%W    +1.02%W    +1.55%W    +0.86%W    +0.80%W    +0.97%W    +0.97%W
2017-01-04   TSLA   #2    09:45   219.36    +0.83%W    +2.01%W    +2.02%W    +2.56%W    +2.02%W    +2.77%W    +3.19%W    +2.97%W    +3.35%W    +3.25%W    +3.47%W    +3.47%W
2017-01-05   AMD    #1    09:45    11.46    +0.70%W    +0.52%W    +0.08%W    +0.26%W    -0.52%L    -1.22%L    -0.65%L    -1.27%L    -1.22%L    -1.66%L    -1.92%L    -1.92%L
2017-01-05   TSLA   #2    09:45   224.13    -0.09%L    -0.18%L    -0.53%L    -0.20%L    -0.51%L    -0.70%L    -0.31%L    -0.16%L    +1.17%W    +1.08%W    +1.17%W    +1.17%W
2017-01-06   TSLA   #1    09:45   229.07    +0.23%W    -0.33%L    -0.50%L    -0.35%L    -1.12%L    -0.94%L    -0.46%L    -0.28%L    +0.08%W    +0.25%W    -0.03%L    -0.03%L
2017-01-06   AMD    #2    09:45    11.26    +0.49%W    +1.24%W    +0.49%W    +0.69%W    +0.98%W    +2.00%W    +1.51%W    +1.64%W    +0.80%W    +0.75%W    +0.49%W    +0.49%W
2017-01-09   AMD    #1    09:45    11.57    -0.43%L    -0.09%L    -0.17%L    -0.27%L    -0.39%L    -0.22%L    -0.61%L    -0.52%L    -1.21%L    -0.61%L    -0.65%L    -0.65%L
2017-01-09   LLY    #2    09:45    75.65    +0.04%W    +0.05%W    +0.37%W    +0.45%W    +0.61%W    +0.65%W    +0.99%W    +1.18%W    +1.22%W    +1.00%W    +0.83%W    +0.83%W
2017-01-10   LLY    #1    09:45    76.15    -0.20%L    -0.13%L    -0.17%L    -0.33%L    -0.38%L    -0.17%L    -0.10%L    +0.12%W    +0.07%W    +0.17%W    +0.14%W    +0.14%W
2017-01-10   CHTR   #2    09:45   294.42    +0.12%W    -0.12%L    +0.07%W    -0.17%L    -0.17%L    +0.42%W    +1.24%W    +1.72%W    +1.22%W    +1.25%W    +1.29%W    +1.29%W
2017-01-11   TSLA   #1    09:45   228.00    -0.19%L    -0.14%L    +0.19%W    -0.16%L    -0.11%L    -0.15%L    -0.34%L    -0.20%L    +0.33%W    +0.84%W    +0.76%W    +0.76%W
2017-01-11   LLY    #2    09:45    76.83    -0.01%L    -0.08%L    +0.08%W    -0.04%L    -0.56%L    -1.97%L    -3.55%L    -3.08%L    -1.97%L    -2.08%L    -2.06%L    -2.06%L
2017-01-12   TSLA   #1    09:45   228.28    -0.56%L    -0.98%L    -0.65%L    -0.51%L    -0.28%L    -0.03%L    +0.16%W    +0.91%W    +0.57%W    +0.60%W    +0.57%W    +0.57%W
2017-01-12   CHTR   #2    09:45   297.19    +0.04%W    -0.05%L    -0.24%L    -0.59%L    -0.75%L    -0.57%L    -0.10%L    -0.13%L    -0.01%L    +0.09%W    -0.01%L    -0.01%L
2017-01-13   TSLA   #1    09:45   235.16    -0.74%L    -0.43%L    -0.03%L    -0.46%L    -0.19%L    -0.05%L    -0.14%L    -0.01%L    +0.61%W    +1.11%W    +1.10%W    +1.10%W
2017-01-13   LLY    #2    09:45    76.94    +0.01%W    +0.40%W    +0.77%W    +0.88%W    +0.68%W    +1.18%W    +1.08%W    +0.94%W    +0.82%W    +0.64%W    +0.61%W    +0.61%W
2017-01-17   TSLA   #1    09:45   239.17    -1.69%L    -1.57%L    -1.23%L    -0.74%L    -1.43%L    -1.39%L    -0.81%L    -1.08%L    -1.25%L    -1.46%L    -1.42%L    -1.42%L
2017-01-17   LLY    #2    09:45    76.44    -0.16%L    -0.34%L    -0.31%L    -0.11%L    -0.37%L    -0.28%L    +0.04%W    +0.73%W    +0.50%W    +0.48%W    +0.53%W    +0.53%W
2017-01-18   TSLA   #1    09:45   238.88    -0.02%L    -0.11%L    -0.15%L    -0.68%L    -0.67%L    -1.03%L    -0.64%L    -0.31%L    -0.18%L    -0.15%L    -0.23%L    -0.23%L
2017-01-18   LLY    #2    09:45    77.00    +0.16%W    +0.19%W    +0.33%W    +0.34%W    +0.44%W    +0.65%W    +0.67%W    +0.79%W    +0.66%W    +0.59%W    +0.69%W    +0.69%W
2017-01-19   LLY    #1    09:45    77.33    -0.10%L    -0.19%L    +0.14%W    +0.09%W    +0.08%W    -0.10%L    -0.27%L    -0.32%L    -0.54%L    -0.61%L    -0.62%L    -0.62%L
2017-01-19   CHTR   #2    09:45   303.77    +0.16%W    +0.18%W    +0.18%W    +0.32%W    +0.56%W    +0.96%W    +1.15%W    +0.59%W    +0.59%W    +1.01%W    +0.77%W    +0.77%W
2017-01-20   CHTR   #1    09:45   307.94    +0.24%W    -0.31%L    -0.11%L    +0.02%W    -0.04%L    -0.12%L    +0.29%W    +0.28%W    +0.26%W    -0.11%L    +0.16%W    +0.16%W
2017-01-20   LLY    #2    09:45    77.04    +0.29%W    +0.09%W    +0.18%W    +0.19%W    +0.13%W    -0.18%L    -0.36%L    -0.42%L    -0.58%L    -0.45%L    -0.31%L    -0.31%L
2017-01-23   CHTR   #1    09:45   308.89    -0.14%L    -0.20%L    -0.34%L    -0.31%L    -0.37%L    -0.60%L    -0.43%L    -0.32%L    -0.29%L    +0.00%W    -0.03%L    -0.03%L
2017-01-23   LLY    #2    09:45    76.73    +0.00%L    -0.10%L    -0.10%L    -0.30%L    -0.31%L    -0.30%L    -0.08%L    -0.37%L    -0.53%L    -0.29%L    -0.52%L    -0.52%L
2017-01-24   CHTR   #1    09:45   308.01    +0.18%W    +0.65%W    +0.50%W    +0.30%W    +0.09%W    +0.23%W    +0.55%W    +0.54%W    +0.40%W    +0.25%W    +0.11%W    +0.11%W
2017-01-24   LLY    #2    09:45    75.38    -0.92%L    -1.10%L    -1.40%L    -1.05%L    -1.25%L    -1.37%L    -1.22%L    -1.07%L    -0.72%L    -0.73%L    -0.73%L    -0.73%L
2017-01-25   CHTR   #1    09:45   309.09    +0.12%W    -0.02%L    +0.04%W    -0.15%L    -0.41%L    -0.53%L    -0.22%L    +0.52%W    +0.38%W    +0.43%W    +0.41%W    +0.41%W
2017-01-25   TSLA   #2    09:45   256.88    +0.02%W    -0.19%L    -0.14%L    -0.02%L    -0.36%L    -1.43%L    -1.72%L    -1.75%L    -0.93%L    -0.85%L    -0.97%L    -0.97%L
2017-01-26   CHTR   #1    09:45   330.14    -0.05%L    -0.08%L    +2.44%W    +2.29%W    +1.76%W    +0.13%W    -0.13%L    -0.98%L    +0.22%W    +0.44%W    +0.91%W    +0.91%W
2017-01-26   LLY    #2    09:45    75.17    +0.05%W    -0.00%L    -0.11%L    -0.07%L    -0.12%L    -0.03%L    -0.20%L    -0.41%L    -0.74%L    -0.60%L    -0.78%L    -0.78%L
2017-01-27   CHTR   #1    09:45   320.36    +0.01%W    +0.83%W    +0.08%W    +0.13%W    +0.67%W    +1.61%W    +1.66%W    +1.71%W    +1.06%W    +0.98%W    +0.97%W    +0.97%W
2017-01-27   AVGO   #2    09:45   203.64    +0.41%W    +0.75%W    +0.65%W    +0.82%W    +0.64%W    +0.59%W    +0.82%W    +0.71%W    +0.72%W    +0.85%W    +1.01%W    +1.01%W
2017-01-30   CHTR   #1    09:45   320.68    -0.16%L    -0.61%L    -0.56%L    -0.51%L    -0.40%L    -0.27%L    +0.54%W    +0.58%W    +1.06%W    +1.24%W    +1.28%W    +1.28%W
2017-01-30   AVGO   #2    09:45   201.15    +0.77%W    -0.22%L    +0.31%W    +0.17%W    +0.58%W    +0.46%W    +0.23%W    -0.06%L    +0.27%W    +1.07%W    +0.99%W    +0.99%W
2017-01-31   CHTR   #1    09:45   322.48    -0.24%L    -0.18%L    +0.06%W    -0.27%L    -0.13%L    -0.15%L    +0.20%W    +0.09%W    +0.22%W    +0.41%W    +0.45%W    +0.45%W
2017-01-31   META   #2    09:45   130.38    -0.12%L    -0.07%L    -0.30%L    -0.11%L    -0.18%L    -0.42%L    -0.51%L    -0.56%L    -0.43%L    -0.27%L    -0.02%L    -0.02%L

========================================================================================
Pre-session picks summary — 40 pick(s) across 20 trading day(s)

Top-2 picks (all days)  (40 signal(s))
  Hold      Count   Win Rate   Avg Gain    Avg Win   Avg Loss  Exp Value  Total P&L
  ------------------------------------------------------------------------------------
  +15m         40      55.0%      +0.08%      +0.42%      -0.32%      +0.08%      +3.38%
  +30m         40      32.5%      +0.10%      +0.92%      -0.30%      +0.10%      +3.96%
  +45m         40      52.5%      +0.16%      +0.64%      -0.37%      +0.16%      +6.36%
  +1h          40      45.0%      +0.14%      +0.71%      -0.34%      +0.14%      +5.44%
  +1h30m       40      40.0%      +0.01%      +0.71%      -0.46%      +0.01%      +0.32%
  +2h          40      37.5%      -0.02%      +0.90%      -0.57%      -0.02%      -0.73%
  +3h          40      47.5%      +0.07%      +0.83%      -0.61%      +0.07%      +2.99%
  +4h          40      50.0%      +0.13%      +0.92%      -0.66%      +0.13%      +5.07%
  +5h          40      65.0%      +0.20%      +0.71%      -0.76%      +0.20%      +7.91%
  +6h          40      67.5%      +0.30%      +0.82%      -0.76%      +0.30%     +12.16%
  +7h          40      62.5%      +0.31%      +0.91%      -0.69%      +0.31%     +12.36%
  EOD          40      62.5%      +0.31%      +0.91%      -0.69%      +0.31%     +12.36%

=========================================================================================================================================================================================
Signal Analysis — 2017-01-03 to 2017-01-31  |  BULL only  |  Vol ≥ 1.0x 20dAvg
Windows: 09:30/3b  |  Collection: 3 bars  |  Tickers: 10
=========================================================================================================================================================================================
Date         Ticker Window   At       Entry  Vol/20d       +15m       +30m       +45m        +1h     +1h30m        +2h        +3h        +4h        +5h        +6h        +7h        EOD
-----------------------------------------------------------------------------------------------------------------------------------------------------------------------------------------
2017-01-03   TSLA   09:30/3b 09:40   214.90    2.26x    +1.34%W    +1.93%W    +2.02%W    +2.12%W    +1.37%W    +0.48%W    +0.70%W    +0.57%W    +0.51%W    +0.68%W    +0.97%W    +0.97%W
2017-01-03   AVGO   09:30/3b 09:40   178.21    1.17x    +0.12%W    +1.06%W    +0.93%W    +0.61%W    +0.25%W    -0.05%L    -0.00%L    -0.12%L    -0.78%L    -0.19%L    +0.08%W    +0.08%W
2017-01-04   TSLA   09:30/3b 09:40   219.59    3.32x    +1.33%W    +1.05%W    +2.17%W    +1.93%W    +2.24%W    +2.44%W    +3.14%W    +2.99%W    +3.43%W    +3.10%W    +3.37%W    +3.37%W
2017-01-06   META   09:30/3b 09:40   121.10    1.66x    +0.60%W    +0.88%W    +0.92%W    +1.28%W    +1.61%W    +1.68%W    +1.96%W    +1.95%W    +2.18%W    +2.14%W    +1.94%W    +1.94%W
2017-01-06   QCOM   09:30/3b 09:40    65.25    1.03x    +0.08%W    -0.05%L    -0.26%L    -0.25%L    -0.26%L    -0.15%L    +0.55%W    +0.74%W    +0.38%W    +0.53%W    +0.43%W    +0.43%W
2017-01-06   CHTR   09:30/3b 09:45   295.96    2.51x    +0.09%W    +0.03%W    +0.07%W    +0.38%W    +0.61%W    +0.55%W    +0.50%W    +0.58%W    +0.72%W    +0.67%W    +0.75%W    +0.75%W
2017-01-06   TSLA   09:30/3b 09:40   228.55    1.69x    +0.54%W    -0.17%L    -0.12%L    -0.35%L    -0.59%L    -0.72%L    -0.42%L    +0.03%W    +0.45%W    +0.33%W    +0.20%W    +0.20%W
2017-01-09   META   09:30/3b 09:40   124.16    1.24x    +0.09%W    -0.03%L    +0.07%W    -0.33%L    -0.21%L    +0.14%W    +0.92%W    +0.70%W    +0.46%W    +0.77%W    +0.62%W    +0.62%W
2017-01-09   AMD    09:30/3b 09:40    11.53    1.11x    +0.52%W    +0.35%W    +0.45%W    -0.17%L    +0.09%W    -0.11%L    -0.17%L    -0.17%L    -0.95%L    -0.22%L    -0.30%L    -0.30%L
2017-01-10   QCOM   09:30/3b 09:40    65.88    1.39x    -0.03%L    -0.18%L    -0.06%L    +0.05%W    +0.38%W    +0.23%W    +0.26%W    +0.12%W    -0.10%L    -0.26%L    -0.38%L    -0.38%L
2017-01-11   LLY    09:30/3b 09:40    76.70    1.33x    +0.15%W    +0.20%W    -0.03%L    +0.10%W    -0.01%L    -1.85%L    -2.78%L    -2.72%L    -1.88%L    -1.92%L    -1.89%L    -1.89%L
2017-01-12   LLY    09:30/3b 09:40    75.64    1.16x    +0.66%W    +0.74%W    +1.12%W    +1.24%W    +1.56%W    +1.61%W    +2.09%W    +2.29%W    +2.32%W    +2.17%W    +2.00%W    +2.00%W
2017-01-12   MRVL   09:30/3b 09:40    14.48    1.08x    -0.52%L    -1.00%L    -0.66%L    -1.00%L    -1.21%L    -1.28%L    -1.10%L    -0.79%L    -0.52%L    -0.24%L    -0.38%L    -0.38%L
2017-01-12   QCOM   09:30/3b 09:40    65.71    1.41x    -0.02%L    -0.81%L    -0.32%L    -0.38%L    -0.78%L    -0.84%L    -0.02%L    +0.29%W    +0.35%W    +0.53%W    +0.61%W    +0.61%W
2017-01-13   LLY    09:30/3b 09:45    76.94    1.10x    +0.01%W    +0.40%W    +0.77%W    +0.88%W    +0.68%W    +1.18%W    +1.08%W    +0.94%W    +0.82%W    +0.64%W    +0.61%W    +0.61%W
2017-01-13   TSLA   09:30/3b 09:40   233.10    2.30x    +0.55%W    +0.21%W    +0.88%W    +0.51%W    +0.78%W    +0.97%W    +0.64%W    +0.85%W    +1.39%W    +1.86%W    +1.99%W    +1.99%W
2017-01-13   AVGO   09:30/3b 09:40   179.56    1.17x    -0.12%L    -0.18%L    -0.18%L    +0.01%W    +0.03%W    -0.02%L    -0.09%L    -0.02%L    +0.00%W    +0.57%W    +0.50%W    +0.50%W
2017-01-17   TSLA   09:30/3b 09:40   238.37    1.03x    -0.94%L    -1.34%L    -1.05%L    -0.68%L    -1.16%L    -1.12%L    -0.76%L    -0.83%L    -0.87%L    -0.89%L    -1.09%L    -1.09%L
2017-01-18   QCOM   09:30/3b 09:40    65.45    5.93x    +0.66%W    +0.40%W    -0.03%L    -0.67%L    -0.47%L    -0.51%L    -0.46%L    -0.64%L    -0.73%L    -0.73%L    -0.52%L    -0.52%L
2017-01-18   AMD    09:30/3b 09:40     9.77    1.34x    +1.18%W    +1.95%W    +1.64%W    +1.43%W    +1.84%W    +2.88%W    +2.15%W    +1.59%W    +0.77%W    +0.87%W    +1.28%W    +1.28%W
2017-01-19   MU     09:30/3b 09:40    22.14    1.90x    +0.25%W    -0.56%L    -0.36%L    -0.41%L    -1.49%L    -1.11%L    -1.26%L    -1.24%L    -1.67%L    -1.85%L    -1.94%L    -1.94%L
2017-01-19   QCOM   09:30/3b 09:45    65.14    1.09x    -0.11%L    -0.51%L    -0.59%L    -0.71%L    -0.57%L    -0.53%L    -0.45%L    -0.48%L    -0.84%L    -1.11%L    -1.09%L    -1.09%L
2017-01-19   AVGO   09:30/3b 09:50   186.13    1.40x    -0.32%L    -0.35%L    -0.63%L    -0.73%L    -0.21%L    -0.02%L    -0.34%L    -0.44%L    -0.48%L    -0.12%L    -0.30%L    -0.30%L
2017-01-20   CHTR   09:30/3b 09:40   307.60    1.01x    +0.13%W    -0.20%L    -0.07%L    +0.17%W    +0.20%W    -0.00%L    +0.29%W    +0.43%W    +0.39%W    -0.02%L    +0.27%W    +0.27%W
2017-01-23   META   09:30/3b 09:40   127.68    1.13x    +0.00%W    -0.03%L    +0.02%W    -0.02%L    -0.03%L    +0.13%W    +0.46%W    +0.82%W    +0.87%W    +1.21%W    +1.00%W    +1.00%W
2017-01-24   META   09:30/3b 09:45   129.03    1.05x    -0.26%L    -0.11%L    +0.03%W    +0.02%W    -0.11%L    -0.24%L    -0.40%L    +0.24%W    +0.44%W    +0.33%W    +0.26%W    +0.26%W
2017-01-24   MRVL   09:30/3b 09:40    14.24    4.88x    -0.07%L    +0.00%L    -0.14%L    -0.21%L    -0.07%L    -0.04%L    +0.35%W    +0.91%W    +1.26%W    +1.69%W    +1.83%W    +1.83%W
2017-01-24   AMD    09:30/3b 09:40    10.12    1.10x    +0.69%W    +0.30%W    +0.25%W    -0.49%L    -0.39%L    +0.00%W    +0.74%W    +2.47%W    +3.26%W    +3.06%W    +3.11%W    +3.11%W
2017-01-26   META   09:30/3b 09:40   132.53    1.45x    -0.12%L    +0.02%W    -0.22%L    +0.03%W    +0.18%W    +0.35%W    +0.27%W    +0.13%W    +0.23%W    +0.11%W    +0.18%W    +0.18%W
2017-01-30   MU     09:30/3b 09:40    23.81    1.01x    -0.02%L    -0.84%L    -0.97%L    -0.97%L    -0.04%L    +1.27%W    +1.26%W    +0.57%W    +1.09%W    +1.55%W    +1.60%W    +1.60%W
2017-01-30   MRVL   09:30/3b 09:40    15.00    1.19x    +0.13%W    -0.40%L    -0.47%L    -1.00%L    -0.27%L    -0.40%L    -0.60%L    -0.70%L    -0.63%L    -0.67%L    -0.60%L    -0.60%L

========================================================================================
Summary — 31 qualifying signal(s) across 20 trading day(s)

Window 09:30/3b  (31 signal(s))
  Hold      Count   Win Rate   Avg Gain    Avg Win   Avg Loss  Exp Value  Total P&L
  ------------------------------------------------------------------------------------
  +15m         31      64.5%      +0.21%      +0.46%      -0.23%      +0.21%      +6.61%
  +30m         31      45.2%      +0.09%      +0.68%      -0.40%      +0.09%      +2.75%
  +45m         31      45.2%      +0.17%      +0.81%      -0.36%      +0.17%      +5.19%
  +1h          31      48.4%      +0.08%      +0.72%      -0.52%      +0.08%      +2.38%
  +1h30m       31      45.2%      +0.13%      +0.84%      -0.46%      +0.13%      +3.95%
  +2h          31      45.2%      +0.16%      +0.99%      -0.53%      +0.16%      +4.93%
  +3h          31      54.8%      +0.27%      +1.02%      -0.63%      +0.27%      +8.50%
  +4h          31      64.5%      +0.36%      +0.96%      -0.74%      +0.36%     +11.04%
  +5h          31      64.5%      +0.38%      +1.07%      -0.86%      +0.38%     +11.86%
  +6h          31      61.3%      +0.47%      +1.20%      -0.68%      +0.47%     +14.61%
  +7h          31      67.7%      +0.49%      +1.12%      -0.85%      +0.49%     +15.09%
  EOD          31      67.7%      +0.49%      +1.12%      -0.85%      +0.49%     +15.09%
