Fetching 5-min bars (2017-01-15 → 2017-03-31) [alpaca]...
  [cache] loaded 10 tickers from cache
Fetching daily bars (2016-03-01 → 2017-03-31)...

=========================================================================================================================================================================================
Pre-Session Rankings (9:25) — 2017-03-01 to 2017-03-31  |  20d lookback
(Unconditional hold from OR close — no signal or vol filter)
=========================================================================================================================================================================================
Pre-session top-2 (9:25, 20d EOD win rate) — 2017-03-01  OR: 09:30/3b
  #1 AVGO   +15m 45%W -0.0%  +30m 35%W -0.2%  +1h 40%W -0.0%  +2h 55%W +0.2%  +5h 60%W +0.2%  EOD 75%W +0.5%  EOD range -1.6% → +1.9%
  #2 QCOM   +15m 45%W -0.1%  +30m 45%W -0.1%  +1h 40%W -0.1%  +2h 25%W -0.1%  +5h 60%W +0.2%  EOD 65%W +0.3%  EOD range -0.7% → +1.8%
  Ticker   N          +15m          +30m           +1h           +2h           +5h           EOD           EOD range
  ----------------------------------------------------------------------------------------------------------------------
  AVGO    20    45%W -0.0%    35%W -0.2%    40%W -0.0%    55%W +0.2%    60%W +0.2%    75%W +0.5%       -1.6% → +1.9%
  QCOM    20    45%W -0.1%    45%W -0.1%    40%W -0.1%    25%W -0.1%    60%W +0.2%    65%W +0.3%       -0.7% → +1.8%
  CHTR    20    30%W -0.2%    30%W -0.2%    35%W -0.2%    35%W -0.2%    50%W +0.0%    65%W +0.2%       -1.3% → +1.4%
  SNPS    20    65%W +0.2%    65%W +0.1%    75%W +0.2%    65%W +0.2%    65%W +0.3%    65%W +0.3%       -2.3% → +2.2%
  LLY     20    55%W +0.1%    50%W +0.0%    55%W +0.1%    50%W -0.0%    65%W +0.2%    60%W +0.3%       -1.1% → +3.7%
  TSLA    20    60%W +0.1%    60%W +0.1%    70%W +0.3%    55%W +0.3%    65%W +0.2%    60%W +0.5%       -3.4% → +2.1%
  MRVL    20    40%W -0.1%    40%W -0.1%    45%W -0.0%    45%W -0.1%    60%W +0.2%    55%W +0.2%       -2.1% → +2.1%
  META    20    40%W -0.0%    30%W -0.2%    35%W -0.1%    40%W -0.2%    50%W -0.1%    50%W +0.0%       -1.2% → +1.5%
  AMD     20    25%W -0.3%    30%W -0.7%    50%W +0.1%    55%W +0.3%    50%W -0.1%    50%W -0.1%       -5.5% → +7.2%
  MU      20    35%W -0.1%    30%W -0.2%    30%W -0.4%    30%W -0.5%    25%W -0.5%    45%W -0.4%       -1.9% → +2.2%
Pre-session top-2 (9:25, 20d EOD win rate) — 2017-03-02  OR: 09:30/3b
  #1 AVGO   +15m 40%W -0.0%  +30m 35%W -0.1%  +1h 40%W -0.0%  +2h 55%W +0.2%  +5h 65%W +0.3%  EOD 80%W +0.6%  EOD range -1.6% → +1.9%
  #2 QCOM   +15m 45%W -0.1%  +30m 45%W -0.1%  +1h 40%W -0.0%  +2h 30%W -0.1%  +5h 60%W +0.2%  EOD 65%W +0.3%  EOD range -0.7% → +1.8%
  Ticker   N          +15m          +30m           +1h           +2h           +5h           EOD           EOD range
  ----------------------------------------------------------------------------------------------------------------------
  AVGO    20    40%W -0.0%    35%W -0.1%    40%W -0.0%    55%W +0.2%    65%W +0.3%    80%W +0.6%       -1.6% → +1.9%
  QCOM    20    45%W -0.1%    45%W -0.1%    40%W -0.0%    30%W -0.1%    60%W +0.2%    65%W +0.3%       -0.7% → +1.8%
  SNPS    20    70%W +0.2%    65%W +0.1%    80%W +0.2%    70%W +0.2%    65%W +0.4%    65%W +0.3%       -2.3% → +2.2%
  LLY     20    55%W +0.1%    50%W +0.0%    55%W +0.1%    50%W -0.0%    65%W +0.2%    60%W +0.3%       -1.1% → +2.1%
  MRVL    20    45%W -0.1%    45%W -0.0%    50%W +0.0%    50%W +0.1%    65%W +0.2%    60%W +0.3%       -2.1% → +2.1%
  CHTR    20    30%W -0.2%    30%W -0.2%    35%W -0.2%    35%W -0.2%    50%W +0.0%    60%W +0.2%       -1.3% → +1.4%
  META    20    40%W -0.0%    35%W -0.1%    35%W -0.1%    45%W -0.1%    55%W +0.0%    55%W +0.1%       -1.2% → +1.5%
  TSLA    20    60%W +0.1%    60%W +0.1%    65%W +0.2%    50%W -0.0%    60%W +0.1%    55%W +0.3%       -3.4% → +2.1%
  AMD     20    25%W -0.3%    30%W -0.7%    50%W +0.1%    60%W +0.3%    55%W +0.2%    55%W +0.2%       -5.5% → +7.2%
  MU      20    40%W -0.1%    35%W -0.1%    35%W -0.4%    35%W -0.4%    30%W -0.5%    45%W -0.4%       -1.9% → +2.2%
Pre-session top-2 (9:25, 20d EOD win rate) — 2017-03-03  OR: 09:30/3b
  #1 AVGO   +15m 40%W -0.0%  +30m 35%W -0.1%  +1h 40%W -0.0%  +2h 50%W +0.1%  +5h 60%W +0.3%  EOD 75%W +0.5%  EOD range -2.2% → +1.9%
  #2 QCOM   +15m 45%W -0.1%  +30m 45%W -0.1%  +1h 40%W -0.0%  +2h 30%W -0.1%  +5h 60%W +0.2%  EOD 65%W +0.3%  EOD range -1.1% → +1.8%
  Ticker   N          +15m          +30m           +1h           +2h           +5h           EOD           EOD range
  ----------------------------------------------------------------------------------------------------------------------
  AVGO    20    40%W -0.0%    35%W -0.1%    40%W -0.0%    50%W +0.1%    60%W +0.3%    75%W +0.5%       -2.2% → +1.9%
  QCOM    20    45%W -0.1%    45%W -0.1%    40%W -0.0%    30%W -0.1%    60%W +0.2%    65%W +0.3%       -1.1% → +1.8%
  SNPS    20    70%W +0.2%    70%W +0.2%    85%W +0.2%    75%W +0.2%    65%W +0.4%    65%W +0.3%       -2.3% → +2.2%
  LLY     20    55%W +0.1%    50%W +0.0%    55%W +0.1%    50%W -0.0%    65%W +0.2%    60%W +0.3%       -1.1% → +2.1%
  MRVL    20    45%W -0.0%    45%W -0.0%    50%W +0.0%    50%W +0.1%    65%W +0.2%    60%W +0.3%       -2.1% → +2.1%
  CHTR    20    30%W -0.2%    30%W -0.2%    35%W -0.2%    35%W -0.2%    50%W +0.0%    55%W +0.1%       -1.3% → +1.4%
  TSLA    20    60%W +0.1%    55%W +0.1%    65%W +0.2%    50%W -0.0%    60%W +0.1%    55%W +0.3%       -3.4% → +2.1%
  META    20    45%W -0.0%    35%W -0.1%    35%W -0.1%    45%W -0.1%    50%W -0.0%    50%W +0.0%       -1.2% → +1.5%
  AMD     20    20%W -0.3%    25%W -0.7%    45%W -0.3%    55%W +0.3%    50%W -0.1%    50%W -0.1%       -5.5% → +7.2%
  MU      20    40%W -0.1%    35%W -0.1%    35%W -0.4%    35%W -0.4%    30%W -0.6%    40%W -0.4%       -1.9% → +2.2%
Pre-session top-2 (9:25, 20d EOD win rate) — 2017-03-06  OR: 09:30/3b
  #1 QCOM   +15m 50%W -0.0%  +30m 50%W -0.0%  +1h 45%W -0.0%  +2h 35%W -0.1%  +5h 65%W +0.3%  EOD 70%W +0.5%  EOD range -1.1% → +1.8%
  #2 AVGO   +15m 35%W -0.0%  +30m 30%W -0.2%  +1h 35%W -0.0%  +2h 45%W -0.1%  +5h 55%W +0.2%  EOD 70%W +0.4%  EOD range -2.2% → +1.9%
  Ticker   N          +15m          +30m           +1h           +2h           +5h           EOD           EOD range
  ----------------------------------------------------------------------------------------------------------------------
  QCOM    20    50%W -0.0%    50%W -0.0%    45%W -0.0%    35%W -0.1%    65%W +0.3%    70%W +0.5%       -1.1% → +1.8%
  AVGO    20    35%W -0.0%    30%W -0.2%    35%W -0.0%    45%W -0.1%    55%W +0.2%    70%W +0.4%       -2.2% → +1.9%
  LLY     20    55%W +0.1%    50%W +0.0%    55%W +0.1%    50%W -0.0%    65%W +0.2%    60%W +0.3%       -1.1% → +2.1%
  SNPS    20    65%W +0.1%    65%W +0.1%    80%W +0.2%    70%W +0.2%    60%W +0.2%    60%W +0.2%       -2.3% → +2.2%
  META    20    40%W -0.0%    30%W -0.1%    30%W -0.2%    40%W -0.2%    55%W +0.0%    55%W +0.1%       -1.1% → +1.5%
  MRVL    20    45%W -0.0%    40%W -0.1%    50%W +0.0%    45%W -0.1%    60%W +0.2%    55%W +0.2%       -2.1% → +2.1%
  CHTR    20    30%W -0.2%    30%W -0.2%    35%W -0.3%    35%W -0.2%    55%W +0.0%    55%W +0.1%       -1.3% → +1.4%
  TSLA    20    60%W +0.1%    50%W -0.0%    60%W +0.2%    45%W -0.1%    55%W +0.0%    55%W +0.3%       -3.4% → +2.1%
  MU      20    35%W -0.1%    30%W -0.2%    35%W -0.4%    35%W -0.4%    35%W -0.6%    45%W -0.4%       -1.9% → +2.2%
  AMD     20    20%W -0.5%    20%W -0.7%    40%W -0.7%    50%W -0.1%    45%W -0.3%    45%W -0.3%       -5.5% → +7.2%
Pre-session top-2 (9:25, 20d EOD win rate) — 2017-03-07  OR: 09:30/3b
  #1 QCOM   +15m 50%W -0.0%  +30m 50%W -0.0%  +1h 40%W -0.0%  +2h 30%W -0.1%  +5h 60%W +0.2%  EOD 70%W +0.4%  EOD range -1.1% → +1.8%
  #2 AVGO   +15m 35%W -0.0%  +30m 30%W -0.1%  +1h 35%W -0.1%  +2h 40%W -0.1%  +5h 55%W +0.1%  EOD 70%W +0.4%  EOD range -2.2% → +1.9%
  Ticker   N          +15m          +30m           +1h           +2h           +5h           EOD           EOD range
  ----------------------------------------------------------------------------------------------------------------------
  QCOM    20    50%W -0.0%    50%W -0.0%    40%W -0.0%    30%W -0.1%    60%W +0.2%    70%W +0.4%       -1.1% → +1.8%
  AVGO    20    35%W -0.0%    30%W -0.1%    35%W -0.1%    40%W -0.1%    55%W +0.1%    70%W +0.4%       -2.2% → +1.9%
  LLY     20    60%W +0.1%    55%W +0.1%    55%W +0.1%    55%W +0.1%    70%W +0.3%    65%W +0.4%       -1.1% → +2.1%
  META    20    40%W -0.0%    35%W -0.1%    35%W -0.1%    45%W -0.1%    60%W +0.1%    60%W +0.2%       -0.7% → +1.5%
  MRVL    20    40%W -0.1%    35%W -0.2%    45%W -0.0%    40%W -0.1%    60%W +0.1%    55%W +0.2%       -2.1% → +2.1%
  CHTR    20    30%W -0.2%    25%W -0.2%    35%W -0.3%    35%W -0.2%    55%W +0.0%    55%W +0.1%       -1.3% → +1.3%
  TSLA    20    60%W +0.1%    45%W -0.1%    55%W +0.1%    40%W -0.2%    55%W +0.0%    55%W +0.3%       -3.4% → +2.1%
  SNPS    20    65%W +0.1%    65%W +0.1%    80%W +0.2%    70%W +0.1%    55%W +0.2%    55%W +0.1%       -2.3% → +2.2%
  MU      20    30%W -0.2%    25%W -0.3%    30%W -0.4%    35%W -0.4%    40%W -0.5%    50%W -0.2%       -1.9% → +2.2%
  AMD     20    15%W -0.6%    20%W -0.7%    40%W -0.7%    50%W -0.1%    45%W -0.3%    45%W -0.3%       -5.5% → +7.2%
Pre-session top-2 (9:25, 20d EOD win rate) — 2017-03-08  OR: 09:30/3b
  #1 QCOM   +15m 45%W -0.1%  +30m 50%W -0.0%  +1h 45%W -0.0%  +2h 35%W -0.1%  +5h 65%W +0.3%  EOD 75%W +0.5%  EOD range -1.1% → +1.8%
  #2 AVGO   +15m 35%W -0.0%  +30m 35%W -0.1%  +1h 40%W -0.1%  +2h 40%W -0.1%  +5h 55%W +0.1%  EOD 70%W +0.4%  EOD range -2.2% → +1.9%
  Ticker   N          +15m          +30m           +1h           +2h           +5h           EOD           EOD range
  ----------------------------------------------------------------------------------------------------------------------
  QCOM    20    45%W -0.1%    50%W -0.0%    45%W -0.0%    35%W -0.1%    65%W +0.3%    75%W +0.5%       -1.1% → +1.8%
  AVGO    20    35%W -0.0%    35%W -0.1%    40%W -0.1%    40%W -0.1%    55%W +0.1%    70%W +0.4%       -2.2% → +1.9%
  LLY     20    65%W +0.1%    60%W +0.2%    55%W +0.1%    60%W +0.2%    70%W +0.4%    65%W +0.4%       -1.1% → +2.1%
  MRVL    20    40%W -0.1%    40%W -0.1%    45%W -0.0%    45%W -0.1%    65%W +0.2%    60%W +0.3%       -2.1% → +2.1%
  META    20    45%W -0.0%    35%W -0.2%    35%W -0.1%    40%W -0.1%    55%W +0.0%    55%W +0.1%       -0.7% → +1.5%
  MU      20    35%W -0.2%    30%W -0.3%    35%W -0.3%    40%W -0.4%    45%W -0.4%    55%W +0.0%       -1.9% → +2.2%
  CHTR    20    35%W -0.1%    30%W -0.2%    35%W -0.3%    35%W -0.2%    55%W +0.0%    55%W +0.1%       -0.9% → +1.3%
  SNPS    20    70%W +0.1%    65%W +0.2%    80%W +0.2%    70%W +0.1%    55%W +0.2%    55%W +0.1%       -2.3% → +2.2%
  TSLA    20    60%W +0.1%    45%W -0.1%    50%W +0.0%    35%W -0.2%    50%W -0.0%    50%W +0.1%       -3.4% → +2.0%
  AMD     20    15%W -0.6%    20%W -0.7%    40%W -0.7%    50%W -0.1%    45%W -0.3%    45%W -0.3%       -5.5% → +4.0%
Pre-session top-2 (9:25, 20d EOD win rate) — 2017-03-09  OR: 09:30/3b
  #1 QCOM   +15m 45%W -0.1%  +30m 50%W -0.0%  +1h 45%W -0.0%  +2h 35%W -0.1%  +5h 60%W +0.3%  EOD 70%W +0.4%  EOD range -1.1% → +1.8%
  #2 AVGO   +15m 40%W -0.0%  +30m 35%W -0.1%  +1h 40%W -0.1%  +2h 40%W -0.1%  +5h 55%W +0.1%  EOD 70%W +0.4%  EOD range -2.2% → +1.9%
  Ticker   N          +15m          +30m           +1h           +2h           +5h           EOD           EOD range
  ----------------------------------------------------------------------------------------------------------------------
  QCOM    20    45%W -0.1%    50%W -0.0%    45%W -0.0%    35%W -0.1%    60%W +0.3%    70%W +0.4%       -1.1% → +1.8%
  AVGO    20    40%W -0.0%    35%W -0.1%    40%W -0.1%    40%W -0.1%    55%W +0.1%    70%W +0.4%       -2.2% → +1.9%
  LLY     20    65%W +0.1%    60%W +0.1%    55%W +0.1%    60%W +0.2%    70%W +0.5%    65%W +0.4%       -1.1% → +2.1%
  META    20    50%W +0.0%    40%W -0.1%    40%W -0.1%    45%W -0.1%    60%W +0.1%    60%W +0.1%       -0.7% → +1.5%
  MRVL    20    45%W -0.0%    45%W -0.0%    45%W -0.0%    45%W -0.1%    65%W +0.2%    60%W +0.3%       -2.1% → +2.1%
  CHTR    20    40%W -0.1%    30%W -0.2%    35%W -0.2%    35%W -0.2%    50%W +0.0%    55%W +0.1%       -0.9% → +1.3%
  SNPS    20    65%W +0.1%    60%W +0.1%    75%W +0.1%    70%W +0.1%    55%W +0.2%    55%W +0.1%       -2.3% → +2.2%
  MU      20    40%W -0.1%    30%W -0.3%    35%W -0.3%    40%W -0.4%    45%W -0.4%    50%W -0.2%       -1.9% → +2.2%
  TSLA    20    60%W +0.1%    45%W -0.1%    55%W +0.1%    35%W -0.2%    50%W -0.0%    50%W +0.1%       -3.4% → +2.0%
  AMD     20    15%W -0.5%    20%W -0.7%    40%W -0.6%    50%W -0.1%    45%W -0.3%    45%W -0.3%       -5.1% → +4.0%
Pre-session top-2 (9:25, 20d EOD win rate) — 2017-03-10  OR: 09:30/3b
  #1 QCOM   +15m 50%W -0.0%  +30m 55%W +0.0%  +1h 50%W -0.0%  +2h 40%W -0.1%  +5h 65%W +0.3%  EOD 75%W +0.6%  EOD range -1.1% → +1.8%
  #2 AVGO   +15m 40%W -0.0%  +30m 35%W -0.1%  +1h 40%W -0.1%  +2h 40%W -0.1%  +5h 55%W +0.1%  EOD 70%W +0.4%  EOD range -2.2% → +1.9%
  Ticker   N          +15m          +30m           +1h           +2h           +5h           EOD           EOD range
  ----------------------------------------------------------------------------------------------------------------------
  QCOM    20    50%W -0.0%    55%W +0.0%    50%W -0.0%    40%W -0.1%    65%W +0.3%    75%W +0.6%       -1.1% → +1.8%
  AVGO    20    40%W -0.0%    35%W -0.1%    40%W -0.1%    40%W -0.1%    55%W +0.1%    70%W +0.4%       -2.2% → +1.9%
  LLY     20    60%W +0.1%    60%W +0.1%    55%W +0.1%    60%W +0.1%    70%W +0.5%    65%W +0.4%       -1.1% → +2.1%
  META    20    50%W +0.0%    40%W -0.1%    40%W -0.1%    45%W -0.1%    55%W +0.0%    60%W +0.1%       -0.7% → +1.5%
  MRVL    20    45%W -0.0%    40%W -0.0%    40%W -0.1%    45%W -0.1%    60%W +0.2%    60%W +0.3%       -2.1% → +2.1%
  SNPS    20    65%W +0.1%    55%W +0.1%    70%W +0.1%    70%W +0.1%    55%W +0.2%    55%W +0.1%       -2.3% → +2.2%
  CHTR    20    40%W -0.1%    30%W -0.2%    35%W -0.2%    35%W -0.2%    45%W -0.0%    50%W +0.0%       -0.9% → +1.3%
  MU      20    45%W -0.1%    30%W -0.3%    35%W -0.3%    40%W -0.4%    45%W -0.5%    45%W -0.3%       -1.9% → +2.2%
  TSLA    20    65%W +0.1%    50%W +0.0%    55%W +0.1%    30%W -0.2%    45%W -0.1%    45%W -0.2%       -3.4% → +2.0%
  AMD     20    15%W -0.5%    20%W -0.6%    35%W -0.6%    50%W -0.2%    40%W -0.4%    45%W -0.3%       -5.1% → +4.0%
Pre-session top-2 (9:25, 20d EOD win rate) — 2017-03-13  OR: 09:30/3b
  #1 QCOM   +15m 55%W +0.0%  +30m 60%W +0.1%  +1h 50%W -0.0%  +2h 45%W -0.1%  +5h 65%W +0.3%  EOD 80%W +0.6%  EOD range -1.1% → +1.8%
  #2 AVGO   +15m 45%W -0.0%  +30m 40%W -0.0%  +1h 45%W -0.0%  +2h 45%W -0.1%  +5h 60%W +0.2%  EOD 75%W +0.5%  EOD range -2.2% → +1.9%
  Ticker   N          +15m          +30m           +1h           +2h           +5h           EOD           EOD range
  ----------------------------------------------------------------------------------------------------------------------
  QCOM    20    55%W +0.0%    60%W +0.1%    50%W -0.0%    45%W -0.1%    65%W +0.3%    80%W +0.6%       -1.1% → +1.8%
  AVGO    20    45%W -0.0%    40%W -0.0%    45%W -0.0%    45%W -0.1%    60%W +0.2%    75%W +0.5%       -2.2% → +1.9%
  LLY     20    55%W +0.0%    60%W +0.1%    55%W +0.1%    60%W +0.1%    75%W +0.5%    70%W +0.4%       -1.1% → +2.1%
  MRVL    20    50%W -0.0%    45%W -0.0%    45%W -0.0%    50%W +0.0%    60%W +0.2%    60%W +0.3%       -2.1% → +2.3%
  META    20    55%W +0.1%    40%W -0.1%    40%W -0.1%    40%W -0.1%    50%W -0.0%    55%W +0.1%       -0.7% → +1.5%
  CHTR    20    45%W -0.1%    35%W -0.1%    40%W -0.1%    40%W -0.2%    50%W +0.0%    55%W +0.1%       -0.9% → +1.3%
  SNPS    20    60%W +0.1%    50%W +0.0%    65%W +0.1%    65%W +0.1%    50%W +0.1%    55%W +0.1%       -2.3% → +2.2%
  AMD     20    15%W -0.5%    20%W -0.6%    35%W -0.6%    50%W -0.2%    45%W -0.3%    50%W -0.1%       -5.1% → +4.0%
  MU      20    45%W -0.1%    30%W -0.3%    35%W -0.3%    35%W -0.6%    45%W -0.5%    45%W -0.3%       -1.9% → +2.2%
  TSLA    20    60%W +0.1%    50%W +0.0%    55%W +0.1%    30%W -0.2%    40%W -0.2%    45%W -0.5%       -3.4% → +2.0%
Pre-session top-2 (9:25, 20d EOD win rate) — 2017-03-14  OR: 09:30/3b
  #1 LLY    +15m 55%W +0.0%  +30m 60%W +0.1%  +1h 55%W +0.1%  +2h 60%W +0.1%  +5h 75%W +0.5%  EOD 75%W +0.4%  EOD range -1.1% → +2.1%
  #2 QCOM   +15m 55%W +0.0%  +30m 55%W +0.0%  +1h 45%W -0.0%  +2h 40%W -0.1%  +5h 60%W +0.2%  EOD 75%W +0.4%  EOD range -1.1% → +1.1%
  Ticker   N          +15m          +30m           +1h           +2h           +5h           EOD           EOD range
  ----------------------------------------------------------------------------------------------------------------------
  LLY     20    55%W +0.0%    60%W +0.1%    55%W +0.1%    60%W +0.1%    75%W +0.5%    75%W +0.4%       -1.1% → +2.1%
  QCOM    20    55%W +0.0%    55%W +0.0%    45%W -0.0%    40%W -0.1%    60%W +0.2%    75%W +0.4%       -1.1% → +1.1%
  AVGO    20    45%W -0.0%    40%W -0.0%    50%W -0.0%    50%W -0.0%    65%W +0.2%    75%W +0.5%       -2.2% → +1.9%
  MRVL    20    50%W -0.0%    45%W -0.0%    45%W -0.0%    50%W +0.0%    60%W +0.2%    60%W +0.3%       -2.1% → +2.3%
  META    20    60%W +0.1%    40%W -0.1%    35%W -0.1%    40%W -0.1%    50%W -0.0%    55%W +0.1%       -0.7% → +1.5%
  CHTR    20    50%W -0.0%    40%W -0.1%    45%W -0.1%    45%W -0.2%    50%W +0.0%    55%W +0.1%       -0.9% → +1.3%
  SNPS    20    60%W +0.1%    55%W +0.0%    65%W +0.1%    65%W +0.1%    50%W +0.1%    55%W +0.1%       -2.3% → +2.2%
  MU      20    45%W -0.1%    30%W -0.3%    40%W -0.2%    40%W -0.4%    50%W -0.2%    50%W -0.1%       -1.9% → +2.2%
  TSLA    20    60%W +0.1%    45%W -0.1%    55%W +0.1%    30%W -0.2%    40%W -0.2%    45%W -0.5%       -3.4% → +2.0%
  AMD     20    15%W -0.5%    20%W -0.6%    35%W -0.7%    45%W -0.2%    40%W -0.4%    45%W -0.3%       -5.1% → +4.0%
Pre-session top-2 (9:25, 20d EOD win rate) — 2017-03-15  OR: 09:30/3b
  #1 LLY    +15m 55%W +0.0%  +30m 60%W +0.1%  +1h 60%W +0.1%  +2h 65%W +0.2%  +5h 80%W +0.5%  EOD 80%W +0.4%  EOD range -1.1% → +2.1%
  #2 QCOM   +15m 50%W -0.0%  +30m 50%W -0.0%  +1h 40%W -0.1%  +2h 40%W -0.1%  +5h 60%W +0.2%  EOD 75%W +0.4%  EOD range -1.1% → +1.1%
  Ticker   N          +15m          +30m           +1h           +2h           +5h           EOD           EOD range
  ----------------------------------------------------------------------------------------------------------------------
  LLY     20    55%W +0.0%    60%W +0.1%    60%W +0.1%    65%W +0.2%    80%W +0.5%    80%W +0.4%       -1.1% → +2.1%
  QCOM    20    50%W -0.0%    50%W -0.0%    40%W -0.1%    40%W -0.1%    60%W +0.2%    75%W +0.4%       -1.1% → +1.1%
  AVGO    20    50%W +0.0%    40%W -0.0%    50%W -0.0%    50%W -0.0%    65%W +0.2%    70%W +0.5%       -2.2% → +1.9%
  META    20    60%W +0.1%    40%W -0.1%    35%W -0.1%    40%W -0.2%    45%W -0.1%    60%W +0.1%       -0.7% → +1.5%
  MU      20    45%W -0.1%    30%W -0.3%    40%W -0.3%    40%W -0.4%    55%W +0.2%    55%W +0.0%       -1.9% → +2.2%
  MRVL    20    50%W -0.0%    45%W -0.0%    45%W -0.0%    50%W +0.0%    55%W +0.1%    55%W +0.3%       -2.1% → +2.3%
  CHTR    20    55%W +0.1%    45%W -0.0%    45%W -0.0%    50%W -0.0%    55%W +0.0%    55%W +0.1%       -0.9% → +1.3%
  AMD     20    15%W -0.5%    20%W -0.6%    35%W -0.7%    45%W -0.2%    45%W -0.3%    50%W -0.1%       -5.1% → +4.0%
  SNPS    20    60%W +0.1%    55%W +0.0%    60%W +0.0%    60%W +0.1%    45%W -0.0%    50%W +0.0%       -2.3% → +2.2%
  TSLA    20    55%W +0.1%    40%W -0.1%    50%W +0.0%    30%W -0.2%    40%W -0.2%    45%W -0.5%       -3.4% → +4.0%
Pre-session top-2 (9:25, 20d EOD win rate) — 2017-03-16  OR: 09:30/3b
  #1 LLY    +15m 55%W +0.0%  +30m 65%W +0.1%  +1h 60%W +0.1%  +2h 70%W +0.2%  +5h 80%W +0.5%  EOD 80%W +0.4%  EOD range -1.1% → +2.1%
  #2 QCOM   +15m 50%W -0.0%  +30m 45%W -0.1%  +1h 40%W -0.1%  +2h 45%W -0.1%  +5h 60%W +0.2%  EOD 75%W +0.3%  EOD range -1.1% → +1.1%
  Ticker   N          +15m          +30m           +1h           +2h           +5h           EOD           EOD range
  ----------------------------------------------------------------------------------------------------------------------
  LLY     20    55%W +0.0%    65%W +0.1%    60%W +0.1%    70%W +0.2%    80%W +0.5%    80%W +0.4%       -1.1% → +2.1%
  QCOM    20    50%W -0.0%    45%W -0.1%    40%W -0.1%    45%W -0.1%    60%W +0.2%    75%W +0.3%       -1.1% → +1.1%
  AVGO    20    55%W +0.0%    35%W -0.1%    50%W -0.1%    45%W -0.1%    65%W +0.3%    70%W +0.5%       -2.2% → +1.9%
  META    20    60%W +0.1%    40%W -0.1%    35%W -0.0%    45%W -0.1%    50%W -0.0%    65%W +0.1%       -0.7% → +1.5%
  CHTR    20    50%W -0.0%    40%W -0.1%    45%W -0.0%    50%W +0.1%    60%W +0.1%    60%W +0.1%       -0.9% → +1.3%
  MU      20    50%W +0.0%    35%W -0.2%    45%W -0.2%    45%W -0.3%    55%W +0.2%    55%W +0.2%       -1.9% → +4.0%
  AMD     20    15%W -0.5%    15%W -0.6%    30%W -0.7%    40%W -0.4%    45%W -0.3%    55%W +0.3%       -5.1% → +4.0%
  MRVL    20    50%W -0.0%    40%W -0.1%    40%W -0.1%    45%W -0.1%    50%W -0.0%    50%W +0.2%       -2.1% → +2.3%
  TSLA    20    50%W -0.0%    35%W -0.1%    45%W -0.2%    25%W -0.2%    35%W -0.3%    45%W -0.5%       -3.4% → +4.0%
  SNPS    20    60%W +0.1%    50%W +0.0%    55%W +0.0%    55%W +0.1%    40%W -0.1%    45%W -0.1%       -2.3% → +2.2%
Pre-session top-2 (9:25, 20d EOD win rate) — 2017-03-17  OR: 09:30/3b
  #1 LLY    +15m 55%W +0.0%  +30m 65%W +0.1%  +1h 55%W +0.1%  +2h 65%W +0.2%  +5h 75%W +0.4%  EOD 75%W +0.4%  EOD range -1.1% → +1.5%
  #2 META   +15m 60%W +0.1%  +30m 45%W -0.0%  +1h 40%W -0.0%  +2h 45%W -0.1%  +5h 50%W +0.0%  EOD 70%W +0.1%  EOD range -0.7% → +1.5%
  Ticker   N          +15m          +30m           +1h           +2h           +5h           EOD           EOD range
  ----------------------------------------------------------------------------------------------------------------------
  LLY     20    55%W +0.0%    65%W +0.1%    55%W +0.1%    65%W +0.2%    75%W +0.4%    75%W +0.4%       -1.1% → +1.5%
  META    20    60%W +0.1%    45%W -0.0%    40%W -0.0%    45%W -0.1%    50%W +0.0%    70%W +0.1%       -0.7% → +1.5%
  QCOM    20    50%W -0.0%    50%W -0.0%    45%W -0.0%    45%W -0.1%    55%W +0.1%    70%W +0.3%       -1.1% → +1.1%
  AVGO    20    60%W +0.1%    40%W -0.0%    50%W -0.1%    45%W -0.1%    65%W +0.3%    65%W +0.5%       -2.2% → +1.9%
  MU      20    55%W +0.1%    40%W -0.1%    50%W -0.1%    45%W -0.3%    55%W +0.3%    55%W +0.4%       -1.9% → +4.0%
  CHTR    20    50%W -0.0%    40%W -0.1%    40%W -0.1%    45%W -0.1%    55%W +0.0%    55%W +0.1%       -0.9% → +1.3%
  AMD     20    20%W -0.4%    20%W -0.6%    35%W -0.6%    40%W -0.2%    45%W -0.2%    55%W +0.3%       -5.1% → +4.0%
  MRVL    20    45%W -0.0%    45%W -0.1%    40%W -0.1%    45%W -0.1%    50%W -0.0%    50%W +0.0%       -2.1% → +2.3%
  TSLA    20    50%W -0.0%    35%W -0.1%    45%W -0.2%    25%W -0.2%    35%W -0.3%    45%W -0.5%       -3.4% → +4.0%
  SNPS    20    55%W +0.1%    45%W -0.0%    50%W +0.0%    50%W +0.0%    35%W -0.1%    40%W -0.1%       -2.3% → +2.2%
Pre-session top-2 (9:25, 20d EOD win rate) — 2017-03-20  OR: 09:30/3b
  #1 LLY    +15m 55%W +0.0%  +30m 65%W +0.1%  +1h 50%W +0.0%  +2h 60%W +0.2%  +5h 70%W +0.4%  EOD 70%W +0.3%  EOD range -1.1% → +1.5%
  #2 META   +15m 60%W +0.1%  +30m 45%W -0.0%  +1h 40%W -0.0%  +2h 45%W -0.0%  +5h 50%W +0.0%  EOD 65%W +0.1%  EOD range -0.7% → +1.5%
  Ticker   N          +15m          +30m           +1h           +2h           +5h           EOD           EOD range
  ----------------------------------------------------------------------------------------------------------------------
  LLY     20    55%W +0.0%    65%W +0.1%    50%W +0.0%    60%W +0.2%    70%W +0.4%    70%W +0.3%       -1.1% → +1.5%
  META    20    60%W +0.1%    45%W -0.0%    40%W -0.0%    45%W -0.0%    50%W +0.0%    65%W +0.1%       -0.7% → +1.5%
  QCOM    20    50%W -0.0%    45%W -0.1%    40%W -0.1%    40%W -0.1%    50%W -0.0%    65%W +0.2%       -1.2% → +1.1%
  MU      20    55%W +0.1%    45%W -0.1%    55%W +0.1%    45%W -0.1%    60%W +0.3%    60%W +0.4%       -1.9% → +4.0%
  CHTR    20    50%W -0.0%    40%W -0.1%    40%W -0.1%    45%W -0.1%    60%W +0.1%    60%W +0.1%       -0.9% → +1.3%
  AVGO    20    60%W +0.1%    45%W -0.0%    45%W -0.1%    45%W -0.1%    60%W +0.2%    60%W +0.5%       -2.2% → +1.9%
  MRVL    20    45%W -0.0%    45%W -0.1%    40%W -0.1%    45%W -0.1%    50%W +0.0%    55%W +0.2%       -2.1% → +2.3%
  AMD     20    20%W -0.3%    25%W -0.5%    40%W -0.5%    40%W -0.2%    45%W -0.2%    55%W +0.3%       -5.1% → +4.0%
  TSLA    20    45%W -0.1%    35%W -0.1%    45%W -0.2%    30%W -0.2%    35%W -0.3%    45%W -0.5%       -2.2% → +4.0%
  SNPS    20    55%W +0.1%    45%W -0.0%    45%W -0.0%    50%W +0.0%    40%W -0.1%    40%W -0.1%       -1.2% → +2.2%
Pre-session top-2 (9:25, 20d EOD win rate) — 2017-03-21  OR: 09:30/3b
  #1 META   +15m 65%W +0.1%  +30m 45%W -0.0%  +1h 45%W -0.0%  +2h 45%W -0.0%  +5h 50%W +0.0%  EOD 70%W +0.1%  EOD range -0.7% → +1.5%
  #2 LLY    +15m 60%W +0.1%  +30m 70%W +0.1%  +1h 55%W +0.1%  +2h 60%W +0.2%  +5h 70%W +0.4%  EOD 70%W +0.3%  EOD range -1.1% → +1.5%
  Ticker   N          +15m          +30m           +1h           +2h           +5h           EOD           EOD range
  ----------------------------------------------------------------------------------------------------------------------
  META    20    65%W +0.1%    45%W -0.0%    45%W -0.0%    45%W -0.0%    50%W +0.0%    70%W +0.1%       -0.7% → +1.5%
  LLY     20    60%W +0.1%    70%W +0.1%    55%W +0.1%    60%W +0.2%    70%W +0.4%    70%W +0.3%       -1.1% → +1.5%
  QCOM    20    50%W -0.0%    50%W -0.0%    45%W -0.0%    45%W -0.1%    50%W -0.0%    65%W +0.2%       -1.2% → +1.1%
  MU      20    60%W +0.1%    50%W +0.0%    55%W +0.1%    50%W -0.0%    60%W +0.4%    60%W +0.4%       -1.9% → +4.0%
  MRVL    20    45%W -0.0%    50%W +0.0%    40%W -0.1%    45%W -0.1%    50%W +0.0%    55%W +0.2%       -2.1% → +2.3%
  CHTR    20    50%W -0.0%    40%W -0.1%    40%W -0.1%    40%W -0.1%    55%W +0.0%    55%W +0.1%       -0.9% → +0.9%
  AVGO    20    60%W +0.1%    45%W -0.0%    40%W -0.1%    40%W -0.1%    55%W +0.1%    55%W +0.3%       -2.2% → +1.9%
  AMD     20    25%W -0.2%    30%W -0.5%    40%W -0.5%    40%W -0.2%    45%W -0.2%    55%W +0.3%       -5.1% → +4.3%
  TSLA    20    40%W -0.2%    30%W -0.2%    50%W +0.0%    35%W -0.2%    35%W -0.3%    45%W -0.5%       -2.2% → +4.0%
  SNPS    20    60%W +0.1%    45%W -0.0%    45%W -0.0%    45%W -0.1%    35%W -0.1%    40%W -0.1%       -1.2% → +2.2%
Pre-session top-2 (9:25, 20d EOD win rate) — 2017-03-22  OR: 09:30/3b
  #1 LLY    +15m 60%W +0.1%  +30m 70%W +0.1%  +1h 55%W +0.1%  +2h 60%W +0.2%  +5h 70%W +0.4%  EOD 70%W +0.3%  EOD range -1.2% → +1.5%
  #2 META   +15m 70%W +0.1%  +30m 40%W -0.0%  +1h 40%W -0.0%  +2h 45%W -0.0%  +5h 45%W -0.0%  EOD 65%W +0.1%  EOD range -2.2% → +1.5%
  Ticker   N          +15m          +30m           +1h           +2h           +5h           EOD           EOD range
  ----------------------------------------------------------------------------------------------------------------------
  LLY     20    60%W +0.1%    70%W +0.1%    55%W +0.1%    60%W +0.2%    70%W +0.4%    70%W +0.3%       -1.2% → +1.5%
  META    20    70%W +0.1%    40%W -0.0%    40%W -0.0%    45%W -0.0%    45%W -0.0%    65%W +0.1%       -2.2% → +1.5%
  QCOM    20    50%W -0.0%    45%W -0.1%    45%W -0.1%    45%W -0.1%    45%W -0.1%    65%W +0.2%       -1.9% → +1.1%
  MU      20    65%W +0.1%    50%W +0.0%    55%W +0.1%    50%W -0.0%    60%W +0.4%    60%W +0.4%       -3.1% → +4.0%
  MRVL    20    45%W -0.0%    45%W -0.0%    35%W -0.2%    40%W -0.1%    45%W -0.1%    50%W +0.0%       -3.2% → +2.3%
  CHTR    20    50%W -0.0%    40%W -0.1%    35%W -0.1%    35%W -0.2%    50%W -0.0%    50%W +0.0%       -1.4% → +0.9%
  AVGO    20    55%W +0.0%    40%W -0.0%    35%W -0.3%    35%W -0.1%    50%W -0.2%    50%W -0.1%       -2.3% → +1.9%
  AMD     20    30%W -0.1%    30%W -0.5%    35%W -0.5%    35%W -0.4%    40%W -0.3%    50%W -0.2%       -5.1% → +4.3%
  TSLA    20    40%W -0.2%    30%W -0.2%    45%W -0.2%    35%W -0.2%    35%W -0.4%    45%W -0.6%       -5.0% → +4.0%
  SNPS    20    55%W +0.0%    40%W -0.0%    40%W -0.1%    40%W -0.1%    30%W -0.1%    35%W -0.1%       -2.0% → +1.1%
Pre-session top-2 (9:25, 20d EOD win rate) — 2017-03-23  OR: 09:30/3b
  #1 LLY    +15m 60%W +0.1%  +30m 65%W +0.1%  +1h 50%W +0.0%  +2h 55%W +0.1%  +5h 70%W +0.2%  EOD 70%W +0.2%  EOD range -1.2% → +1.5%
  #2 META   +15m 65%W +0.1%  +30m 35%W -0.0%  +1h 35%W -0.0%  +2h 45%W -0.0%  +5h 45%W -0.0%  EOD 65%W +0.1%  EOD range -2.2% → +0.7%
  Ticker   N          +15m          +30m           +1h           +2h           +5h           EOD           EOD range
  ----------------------------------------------------------------------------------------------------------------------
  LLY     20    60%W +0.1%    65%W +0.1%    50%W +0.0%    55%W +0.1%    70%W +0.2%    70%W +0.2%       -1.2% → +1.5%
  META    20    65%W +0.1%    35%W -0.0%    35%W -0.0%    45%W -0.0%    45%W -0.0%    65%W +0.1%       -2.2% → +0.7%
  MU      20    60%W +0.1%    45%W -0.1%    55%W +0.1%    55%W +0.3%    65%W +0.4%    65%W +0.5%       -3.1% → +4.0%
  QCOM    20    45%W -0.1%    40%W -0.1%    40%W -0.1%    45%W -0.1%    45%W -0.1%    65%W +0.2%       -1.9% → +0.9%
  MRVL    20    45%W -0.0%    40%W -0.1%    40%W -0.2%    45%W -0.1%    45%W -0.1%    50%W +0.0%       -3.2% → +2.3%
  CHTR    20    55%W +0.1%    45%W -0.0%    40%W -0.1%    40%W -0.1%    50%W +0.0%    50%W +0.0%       -1.4% → +0.9%
  TSLA    20    40%W -0.2%    30%W -0.2%    45%W -0.2%    35%W -0.2%    35%W -0.4%    50%W -0.2%       -5.0% → +4.0%
  AVGO    20    50%W +0.0%    35%W -0.1%    30%W -0.3%    35%W -0.1%    50%W -0.2%    50%W -0.1%       -2.3% → +1.9%
  AMD     20    30%W -0.2%    30%W -0.6%    35%W -0.5%    40%W -0.2%    45%W -0.2%    50%W +0.1%       -5.1% → +4.3%
  SNPS    20    50%W +0.0%    35%W -0.1%    35%W -0.1%    40%W -0.1%    30%W -0.1%    35%W -0.1%       -2.0% → +1.1%
Pre-session top-2 (9:25, 20d EOD win rate) — 2017-03-24  OR: 09:30/3b
  #1 META   +15m 65%W +0.1%  +30m 40%W -0.0%  +1h 40%W -0.0%  +2h 50%W -0.0%  +5h 50%W +0.0%  EOD 70%W +0.1%  EOD range -2.2% → +0.7%
  #2 MU     +15m 55%W +0.1%  +30m 45%W -0.2%  +1h 60%W +0.1%  +2h 60%W +0.3%  +5h 70%W +0.4%  EOD 70%W +0.7%  EOD range -3.1% → +4.0%
  Ticker   N          +15m          +30m           +1h           +2h           +5h           EOD           EOD range
  ----------------------------------------------------------------------------------------------------------------------
  META    20    65%W +0.1%    40%W -0.0%    40%W -0.0%    50%W -0.0%    50%W +0.0%    70%W +0.1%       -2.2% → +0.7%
  MU      20    55%W +0.1%    45%W -0.2%    60%W +0.1%    60%W +0.3%    70%W +0.4%    70%W +0.7%       -3.1% → +4.0%
  LLY     20    55%W +0.0%    60%W +0.1%    50%W +0.0%    55%W +0.1%    70%W +0.2%    70%W +0.2%       -1.2% → +1.5%
  QCOM    20    40%W -0.1%    35%W -0.1%    35%W -0.1%    45%W -0.1%    40%W -0.1%    60%W +0.2%       -1.9% → +0.9%
  MRVL    20    45%W -0.0%    45%W -0.0%    45%W -0.1%    50%W +0.1%    50%W +0.0%    55%W +0.1%       -3.2% → +2.3%
  TSLA    20    40%W -0.2%    35%W -0.1%    45%W -0.2%    40%W -0.2%    40%W -0.3%    55%W +0.3%       -5.0% → +4.0%
  AVGO    20    50%W +0.0%    40%W -0.0%    35%W -0.2%    40%W -0.1%    55%W +0.1%    55%W +0.1%       -2.3% → +1.9%
  CHTR    20    55%W +0.1%    50%W +0.0%    45%W -0.1%    45%W -0.1%    55%W +0.2%    50%W +0.0%       -1.4% → +0.9%
  AMD     20    35%W -0.2%    30%W -0.6%    40%W -0.3%    40%W -0.1%    40%W -0.2%    45%W -0.4%       -5.1% → +4.3%
  SNPS    20    50%W +0.0%    40%W -0.0%    35%W -0.1%    40%W -0.1%    30%W -0.1%    35%W -0.1%       -2.0% → +1.1%
Pre-session top-2 (9:25, 20d EOD win rate) — 2017-03-27  OR: 09:30/3b
  #1 META   +15m 60%W +0.1%  +30m 35%W -0.0%  +1h 40%W -0.0%  +2h 50%W -0.0%  +5h 50%W +0.0%  EOD 70%W +0.1%  EOD range -2.2% → +0.7%
  #2 MU     +15m 50%W +0.0%  +30m 40%W -0.4%  +1h 55%W +0.1%  +2h 55%W +0.0%  +5h 65%W +0.3%  EOD 65%W +0.5%  EOD range -3.3% → +4.0%
  Ticker   N          +15m          +30m           +1h           +2h           +5h           EOD           EOD range
  ----------------------------------------------------------------------------------------------------------------------
  META    20    60%W +0.1%    35%W -0.0%    40%W -0.0%    50%W -0.0%    50%W +0.0%    70%W +0.1%       -2.2% → +0.7%
  MU      20    50%W +0.0%    40%W -0.4%    55%W +0.1%    55%W +0.0%    65%W +0.3%    65%W +0.5%       -3.3% → +4.0%
  LLY     20    50%W +0.0%    55%W +0.0%    45%W -0.0%    60%W +0.1%    65%W +0.2%    65%W +0.2%       -1.2% → +1.5%
  QCOM    20    40%W -0.1%    35%W -0.1%    35%W -0.1%    50%W -0.0%    35%W -0.2%    55%W +0.1%       -1.9% → +0.9%
  TSLA    20    45%W -0.1%    35%W -0.1%    45%W -0.2%    40%W -0.2%    40%W -0.3%    55%W +0.3%       -5.0% → +4.0%
  MRVL    20    45%W -0.0%    40%W -0.1%    40%W -0.2%    45%W -0.1%    45%W -0.1%    50%W -0.0%       -3.2% → +2.3%
  AVGO    20    50%W +0.0%    40%W -0.0%    35%W -0.2%    40%W -0.1%    50%W -0.2%    50%W -0.2%       -2.3% → +1.4%
  CHTR    20    60%W +0.1%    50%W +0.0%    45%W -0.1%    45%W -0.1%    50%W +0.0%    45%W -0.1%       -1.4% → +0.9%
  AMD     20    35%W -0.2%    30%W -0.6%    35%W -0.5%    35%W -0.3%    40%W -0.3%    45%W -0.6%       -5.1% → +4.3%
  SNPS    20    45%W +0.0%    40%W -0.0%    35%W -0.1%    35%W -0.1%    25%W -0.2%    30%W -0.2%       -2.0% → +1.0%
Pre-session top-2 (9:25, 20d EOD win rate) — 2017-03-28  OR: 09:30/3b
  #1 META   +15m 60%W +0.1%  +30m 40%W -0.0%  +1h 45%W -0.0%  +2h 50%W -0.0%  +5h 50%W +0.0%  EOD 70%W +0.1%  EOD range -2.2% → +0.6%
  #2 MU     +15m 50%W +0.0%  +30m 40%W -0.4%  +1h 55%W +0.1%  +2h 55%W +0.0%  +5h 65%W +0.3%  EOD 65%W +0.5%  EOD range -3.3% → +4.0%
  Ticker   N          +15m          +30m           +1h           +2h           +5h           EOD           EOD range
  ----------------------------------------------------------------------------------------------------------------------
  META    20    60%W +0.1%    40%W -0.0%    45%W -0.0%    50%W -0.0%    50%W +0.0%    70%W +0.1%       -2.2% → +0.6%
  MU      20    50%W +0.0%    40%W -0.4%    55%W +0.1%    55%W +0.0%    65%W +0.3%    65%W +0.5%       -3.3% → +4.0%
  LLY     20    50%W +0.0%    55%W +0.0%    45%W -0.0%    60%W +0.1%    65%W +0.2%    65%W +0.2%       -1.2% → +1.5%
  QCOM    20    45%W -0.0%    40%W -0.1%    40%W -0.1%    55%W +0.0%    40%W -0.1%    60%W +0.2%       -1.9% → +0.9%
  TSLA    20    50%W -0.0%    40%W -0.1%    45%W -0.2%    40%W -0.2%    45%W -0.1%    55%W +0.4%       -5.0% → +4.0%
  MRVL    20    45%W -0.0%    40%W -0.1%    40%W -0.2%    50%W +0.1%    45%W -0.1%    50%W -0.0%       -3.2% → +2.3%
  AVGO    20    50%W +0.0%    45%W -0.0%    35%W -0.2%    40%W -0.1%    50%W -0.2%    50%W -0.2%       -2.3% → +1.4%
  CHTR    20    60%W +0.1%    50%W +0.0%    45%W -0.1%    45%W -0.1%    50%W +0.0%    45%W -0.1%       -1.4% → +1.0%
  AMD     20    35%W -0.2%    30%W -0.6%    35%W -0.5%    35%W -0.3%    40%W -0.3%    45%W -0.6%       -5.1% → +4.3%
  SNPS    20    45%W +0.0%    45%W -0.0%    40%W -0.1%    40%W -0.1%    30%W -0.2%    35%W -0.2%       -2.0% → +1.0%
Pre-session top-2 (9:25, 20d EOD win rate) — 2017-03-29  OR: 09:30/3b
  #1 META   +15m 60%W +0.1%  +30m 40%W -0.0%  +1h 45%W -0.0%  +2h 55%W +0.0%  +5h 55%W +0.1%  EOD 75%W +0.1%  EOD range -2.2% → +0.7%
  #2 LLY    +15m 45%W -0.0%  +30m 55%W +0.0%  +1h 45%W -0.0%  +2h 60%W +0.2%  +5h 70%W +0.3%  EOD 70%W +0.2%  EOD range -1.2% → +1.5%
  Ticker   N          +15m          +30m           +1h           +2h           +5h           EOD           EOD range
  ----------------------------------------------------------------------------------------------------------------------
  META    20    60%W +0.1%    40%W -0.0%    45%W -0.0%    55%W +0.0%    55%W +0.1%    75%W +0.1%       -2.2% → +0.7%
  LLY     20    45%W -0.0%    55%W +0.0%    45%W -0.0%    60%W +0.2%    70%W +0.3%    70%W +0.2%       -1.2% → +1.5%
  MU      20    50%W +0.0%    40%W -0.2%    55%W +0.1%    55%W +0.0%    65%W +0.3%    65%W +0.5%       -3.3% → +4.0%
  QCOM    20    45%W -0.0%    40%W -0.1%    45%W -0.1%    60%W +0.1%    45%W -0.1%    60%W +0.2%       -1.9% → +0.9%
  AVGO    20    50%W +0.0%    45%W -0.0%    40%W -0.1%    45%W -0.1%    55%W +0.1%    55%W +0.1%       -2.3% → +1.4%
  MRVL    20    45%W -0.0%    40%W -0.1%    40%W -0.2%    45%W -0.1%    50%W +0.0%    50%W -0.0%       -3.2% → +2.3%
  CHTR    20    60%W +0.1%    50%W +0.0%    45%W -0.1%    45%W -0.1%    55%W +0.2%    50%W +0.0%       -1.4% → +1.0%
  TSLA    20    45%W -0.1%    35%W -0.2%    40%W -0.3%    40%W -0.1%    45%W -0.1%    50%W +0.1%       -5.0% → +4.0%
  AMD     20    35%W -0.2%    30%W -0.6%    35%W -0.5%    35%W -0.3%    40%W -0.3%    45%W -0.6%       -5.1% → +4.3%
  SNPS    20    40%W -0.0%    45%W -0.0%    45%W -0.0%    45%W -0.1%    35%W -0.1%    40%W -0.1%       -2.0% → +1.0%
Pre-session top-2 (9:25, 20d EOD win rate) — 2017-03-30  OR: 09:30/3b
  #1 META   +15m 60%W +0.0%  +30m 35%W -0.0%  +1h 45%W -0.0%  +2h 50%W -0.0%  +5h 55%W +0.1%  EOD 75%W +0.1%  EOD range -2.2% → +0.7%
  #2 MU     +15m 45%W -0.0%  +30m 40%W -0.2%  +1h 55%W +0.1%  +2h 55%W +0.0%  +5h 60%W +0.3%  EOD 65%W +0.3%  EOD range -3.3% → +4.0%
  Ticker   N          +15m          +30m           +1h           +2h           +5h           EOD           EOD range
  ----------------------------------------------------------------------------------------------------------------------
  META    20    60%W +0.0%    35%W -0.0%    45%W -0.0%    50%W -0.0%    55%W +0.1%    75%W +0.1%       -2.2% → +0.7%
  MU      20    45%W -0.0%    40%W -0.2%    55%W +0.1%    55%W +0.0%    60%W +0.3%    65%W +0.3%       -3.3% → +4.0%
  LLY     20    45%W -0.0%    55%W +0.0%    40%W -0.0%    60%W +0.1%    70%W +0.2%    65%W +0.2%       -1.2% → +1.5%
  QCOM    20    50%W -0.0%    45%W -0.1%    50%W -0.0%    55%W +0.1%    45%W -0.1%    60%W +0.2%       -1.9% → +0.9%
  CHTR    20    65%W +0.2%    55%W +0.1%    50%W +0.0%    45%W -0.1%    55%W +0.2%    55%W +0.1%       -1.4% → +1.0%
  AVGO    20    55%W +0.0%    50%W +0.0%    45%W -0.0%    50%W -0.0%    55%W +0.1%    55%W +0.1%       -2.3% → +1.3%
  MRVL    20    40%W -0.0%    40%W -0.1%    40%W -0.2%    40%W -0.1%    50%W +0.0%    50%W -0.0%       -3.2% → +2.3%
  TSLA    20    45%W -0.1%    30%W -0.2%    40%W -0.2%    40%W -0.1%    45%W -0.1%    50%W +0.1%       -5.0% → +4.0%
  AMD     20    35%W -0.2%    30%W -0.5%    40%W -0.3%    30%W -0.3%    35%W -0.4%    40%W -0.6%       -5.1% → +4.3%
  SNPS    20    35%W -0.0%    40%W -0.1%    45%W -0.0%    45%W -0.1%    30%W -0.1%    40%W -0.1%       -2.0% → +1.0%
Pre-session top-2 (9:25, 20d EOD win rate) — 2017-03-31  OR: 09:30/3b
  #1 META   +15m 55%W +0.0%  +30m 35%W -0.0%  +1h 45%W -0.0%  +2h 50%W -0.0%  +5h 60%W +0.1%  EOD 80%W +0.1%  EOD range -2.2% → +0.7%
  #2 MU     +15m 45%W -0.0%  +30m 40%W -0.1%  +1h 55%W +0.1%  +2h 55%W +0.0%  +5h 65%W +0.3%  EOD 70%W +0.5%  EOD range -3.3% → +4.0%
  Ticker   N          +15m          +30m           +1h           +2h           +5h           EOD           EOD range
  ----------------------------------------------------------------------------------------------------------------------
  META    20    55%W +0.0%    35%W -0.0%    45%W -0.0%    50%W -0.0%    60%W +0.1%    80%W +0.1%       -2.2% → +0.7%
  MU      20    45%W -0.0%    40%W -0.1%    55%W +0.1%    55%W +0.0%    65%W +0.3%    70%W +0.5%       -3.3% → +4.0%
  LLY     20    50%W +0.0%    60%W +0.1%    45%W -0.0%    65%W +0.2%    75%W +0.3%    70%W +0.2%       -1.2% → +1.5%
  QCOM    20    55%W +0.0%    45%W -0.1%    50%W -0.0%    55%W +0.1%    45%W -0.1%    60%W +0.2%       -1.9% → +0.9%
  CHTR    20    65%W +0.2%    55%W +0.1%    50%W +0.0%    45%W -0.1%    60%W +0.2%    60%W +0.2%       -1.4% → +1.0%
  AVGO    20    60%W +0.1%    55%W +0.0%    50%W +0.0%    55%W +0.0%    55%W +0.1%    55%W +0.1%       -2.3% → +1.3%
  MRVL    20    40%W -0.0%    40%W -0.1%    40%W -0.2%    40%W -0.1%    50%W +0.0%    50%W -0.0%       -3.2% → +2.3%
  TSLA    20    50%W -0.0%    30%W -0.2%    40%W -0.1%    40%W -0.1%    45%W -0.1%    50%W +0.1%       -5.0% → +4.0%
  AMD     20    40%W -0.2%    35%W -0.5%    40%W -0.2%    30%W -0.3%    40%W -0.2%    45%W -0.5%       -3.5% → +4.3%
  SNPS    20    35%W -0.0%    40%W -0.1%    40%W -0.0%    40%W -0.1%    30%W -0.1%    40%W -0.1%       -2.0% → +1.0%

=========================================================================================================================================================================================
Pre-Session Top-2 Performance — 2017-03-01 to 2017-03-31  |  Unconditional OR-close entry  |  OR: 09:30/3b
=========================================================================================================================================================================================
Date         Ticker Rank  At       Entry       +15m       +30m       +45m        +1h     +1h30m        +2h        +3h        +4h        +5h        +6h        +7h        EOD
-----------------------------------------------------------------------------------------------------------------------------------------------------------------------------------------
2017-03-01   AVGO   #1    09:40   211.93    -0.03%L    -0.08%L    -0.22%L    -0.30%L    +0.05%W    -0.00%L    +0.45%W    +1.09%W    +1.13%W    +1.38%W    +1.35%W    +1.35%W
2017-03-01   QCOM   #2    09:40    56.53    -0.37%L    -0.18%L    -0.03%L    -0.02%L    +0.18%W    +0.04%W    +0.47%W    +0.57%W    +0.56%W    +0.80%W    +0.85%W    +0.85%W
2017-03-02   AVGO   #1    09:40   222.07    -0.09%L    -0.72%L    -1.32%L    -1.70%L    -2.16%L    -1.73%L    -1.75%L    -2.38%L    -1.90%L    -2.19%L    -2.15%L    -2.15%L
2017-03-02   QCOM   #2    09:40    56.99    -0.52%L    -0.79%L    -1.00%L    -0.88%L    -1.06%L    -0.82%L    -1.06%L    -1.10%L    -1.04%L    -1.21%L    -1.11%L    -1.11%L
2017-03-03   AVGO   #1    09:40   219.65    -0.23%L    -0.35%L    -0.56%L    -0.35%L    -0.05%L    -0.10%L    -0.35%L    -0.64%L    -0.77%L    -0.82%L    -0.64%L    -0.64%L
2017-03-03   QCOM   #2    09:40    56.07    +0.41%W    +0.20%W    +0.09%W    +0.04%W    +0.21%W    +0.05%W    +0.32%W    +0.44%W    +0.34%W    +0.45%W    +0.64%W    +0.64%W
2017-03-06   QCOM   #1    09:40    56.45    +0.04%W    +0.16%W    -0.16%L    -0.33%L    -0.55%L    -0.59%L    -0.32%L    -0.22%L    -0.17%L    +0.18%W    +0.02%W    +0.02%W
2017-03-06   AVGO   #2    09:40   216.88    -0.13%L    -0.01%L    -0.28%L    -0.35%L    -0.36%L    -0.40%L    -0.17%L    -0.12%L    +0.04%W    +0.72%W    +0.49%W    +0.49%W
2017-03-07   QCOM   #1    09:40    56.27    -0.12%L    +0.17%W    +0.68%W    +0.80%W    +0.95%W    +0.77%W    +0.63%W    +0.72%W    +0.68%W    +0.63%W    +0.81%W    +0.81%W
2017-03-07   AVGO   #2    09:40   218.01    +0.41%W    +0.18%W    +0.82%W    +0.82%W    +1.03%W    +1.04%W    +0.83%W    +0.92%W    +0.84%W    +0.43%W    +0.57%W    +0.57%W
2017-03-08   QCOM   #1    09:40    58.00    -0.43%L    -0.30%L    -0.41%L    -0.28%L    -0.21%L    -0.24%L    -0.41%L    -0.45%L    -0.54%L    -0.50%L    -0.38%L    -0.38%L
2017-03-08   AVGO   #2    09:40   220.50    +0.17%W    -0.18%L    -0.08%L    -0.32%L    -0.16%L    -0.54%L    -0.69%L    -0.53%L    -0.46%L    -0.61%L    -0.41%L    -0.41%L
2017-03-09   QCOM   #1    09:40    57.57    +0.16%W    +0.27%W    +0.24%W    +0.17%W    +0.45%W    +0.85%W    +0.48%W    +0.29%W    +0.19%W    +0.68%W    +0.72%W    +0.72%W
2017-03-09   AVGO   #2    09:40   219.38    +0.30%W    +0.58%W    +0.33%W    +0.39%W    +0.47%W    +0.41%W    +1.08%W    +1.06%W    +1.02%W    +1.32%W    +1.20%W    +1.20%W
2017-03-10   QCOM   #1    09:40    58.53    +0.23%W    +0.31%W    +0.12%W    -0.08%L    -0.19%L    +0.08%W    -0.09%L    -0.34%L    -0.01%L    +0.03%W    +0.23%W    +0.23%W
2017-03-10   AVGO   #2    09:40   223.41    +0.60%W    +0.65%W    +0.87%W    +0.94%W    +0.68%W    +0.72%W    +0.50%W    +0.69%W    +0.78%W    +1.21%W    +1.32%W    +1.32%W
2017-03-13   QCOM   #1    09:40    58.75    -0.26%L    -0.10%L    -0.18%L    -0.11%L    -0.31%L    -0.82%L    -0.60%L    -0.78%L    -0.83%L    -0.60%L    -0.50%L    -0.50%L
2017-03-13   AVGO   #2    09:40   226.04    -0.09%L    +0.12%W    +0.31%W    +0.17%W    +0.12%W    +0.00%W    +0.01%W    +0.00%L    +0.23%W    +0.11%W    +0.21%W    +0.21%W
2017-03-14   LLY    #1    09:40    84.24    -0.15%L    -0.13%L    -0.12%L    +0.02%W    +0.06%W    +0.23%W    +0.01%W    +0.28%W    +0.27%W    +0.24%W    +0.20%W    +0.20%W
2017-03-14   QCOM   #2    09:40    57.92    -0.22%L    -0.07%L    -0.14%L    -0.12%L    -0.03%L    +0.13%W    +0.33%W    +0.57%W    +0.47%W    +0.35%W    +0.50%W    +0.50%W
2017-03-15   LLY    #1    09:40    84.81    +0.08%W    +0.06%W    +0.00%W    +0.00%L    +0.37%W    +0.50%W    +0.83%W    +0.75%W    +1.27%W    +1.45%W    +1.27%W    +1.27%W
2017-03-15   QCOM   #2    09:40    58.33    +0.01%W    -0.12%L    +0.26%W    +0.15%W    +0.12%W    +0.22%W    +0.19%W    +0.04%W    +0.61%W    +0.48%W    +0.31%W    +0.31%W
2017-03-16   LLY    #1    09:40    85.41    -0.34%L    -0.35%L    -0.46%L    -0.21%L    -0.03%L    -1.35%L    -0.96%L    -1.12%L    -0.99%L    -0.64%L    -0.48%L    -0.48%L
2017-03-16   QCOM   #2    09:40    58.41    +0.15%W    +0.03%W    +0.13%W    +0.17%W    +0.14%W    -0.12%L    -0.14%L    -0.22%L    -0.25%L    -0.07%L    -0.14%L    -0.14%L
2017-03-17   LLY    #1    09:40    84.56    -0.11%L    -0.30%L    -0.44%L    -0.67%L    -0.73%L    -0.77%L    -0.01%L    -0.04%L    -0.06%L    -0.50%L    -0.71%L    -0.71%L
2017-03-17   META   #2    09:40   139.95    -0.04%L    -0.01%L    -0.05%L    -0.05%L    -0.01%L    -0.06%L    +0.05%W    -0.04%L    -0.06%L    -0.05%L    -0.12%L    -0.12%L
2017-03-20   LLY    #1    09:40    84.51    +0.27%W    +0.01%W    +0.09%W    +0.13%W    -0.22%L    -0.35%L    -0.17%L    -0.39%L    -0.58%L    -0.46%L    -0.56%L    -0.56%L
2017-03-20   META   #2    09:40   139.80    +0.05%W    -0.04%L    +0.14%W    +0.13%W    +0.02%W    -0.11%L    +0.09%W    -0.08%L    -0.09%L    +0.09%W    +0.09%W    +0.09%W
2017-03-21   META   #1    09:40   141.70    +0.34%W    -0.29%L    -0.39%L    -0.51%L    -1.14%L    -1.29%L    -1.39%L    -1.71%L    -1.81%L    -2.18%L    -2.24%L    -2.24%L
2017-03-21   LLY    #2    09:40    84.75    +0.06%W    +0.06%W    +0.04%W    -0.14%L    +0.04%W    -0.27%L    -0.18%L    -0.60%L    -0.64%L    -1.14%L    -1.20%L    -1.20%L
2017-03-22   LLY    #1    09:40    84.21    -0.63%L    -0.72%L    -0.59%L    -0.20%L    +0.00%L    -0.04%L    -0.19%L    -0.01%L    +0.06%W    +0.08%W    +0.16%W    +0.16%W
2017-03-22   META   #2    09:40   138.82    -0.51%L    -0.65%L    -0.63%L    -0.18%L    -0.04%L    +0.43%W    +0.10%W    +0.19%W    +0.49%W    +0.50%W    +0.55%W    +0.55%W
2017-03-23   LLY    #1    09:40    84.36    -0.25%L    -0.19%L    -0.13%L    +0.25%W    +0.46%W    +0.65%W    +0.66%W    +0.44%W    +0.41%W    -0.08%L    +0.08%W    +0.08%W
2017-03-23   META   #2    09:40   139.50    +0.11%W    +0.12%W    +0.12%W    +0.26%W    +0.35%W    +0.34%W    +0.29%W    +0.14%W    +0.34%W    -0.11%L    +0.04%W    +0.04%W
2017-03-24   META   #1    09:40   140.24    -0.06%L    -0.01%L    +0.01%W    +0.06%W    -0.04%L    +0.10%W    +0.41%W    +0.49%W    +0.08%W    +0.24%W    +0.08%W    +0.08%W
2017-03-24   MU     #2    09:40    29.39    -1.67%L    -0.92%L    -0.87%L    -2.25%L    -2.25%L    -1.60%L    -2.08%L    -1.97%L    -2.74%L    -2.69%L    -3.27%L    -3.27%L
2017-03-27   META   #1    09:40   139.50    +0.27%W    +0.37%W    +0.28%W    +0.41%W    +0.19%W    +0.58%W    +0.63%W    +0.56%W    +0.61%W    +0.73%W    +0.59%W    +0.59%W
2017-03-27   MU     #2    09:40    28.18    +0.60%W    +1.74%W    +2.52%W    +3.25%W    +2.20%W    +2.24%W    +1.83%W    +1.87%W    +1.79%W    +2.25%W    +2.08%W    +2.08%W
2017-03-28   META   #1    09:40   140.85    -0.39%L    -0.42%L    -0.46%L    -0.16%L    +0.06%W    +0.05%W    +0.27%W    +0.45%W    +0.54%W    +0.72%W    +0.65%W    +0.65%W
2017-03-28   MU     #2    09:40    28.91    -0.12%L    -0.12%L    -0.30%L    -0.47%L    -0.54%L    -0.47%L    -0.59%L    -0.61%L    -0.19%L    -0.57%L    -0.78%L    -0.78%L
2017-03-29   META   #1    09:40   141.97    +0.02%W    -0.13%L    -0.10%L    -0.07%L    -0.18%L    -0.11%L    +0.23%W    +0.21%W    +0.44%W    +0.43%W    +0.51%W    +0.51%W
2017-03-29   LLY    #2    09:40    84.48    +0.25%W    +0.09%W    -0.05%L    -0.02%L    +0.17%W    +0.12%W    +0.20%W    +0.26%W    +0.13%W    -0.09%L    -0.05%L    -0.05%L
2017-03-30   META   #1    09:40   142.38    -0.07%L    -0.06%L    -0.14%L    -0.02%L    +0.10%W    -0.04%L    -0.03%L    +0.07%W    +0.04%W    +0.04%W    +0.04%W    +0.04%W
2017-03-30   MU     #2    09:40    28.69    +0.10%W    -0.12%L    -0.30%L    -0.51%L    -0.63%L    -0.80%L    -0.70%L    +0.49%W    +0.94%W    +0.91%W    +1.01%W    +1.01%W
2017-03-31   META   #1    09:40   141.96    +0.14%W    +0.25%W    +0.23%W    +0.39%W    +0.26%W    +0.29%W    +0.27%W    +0.27%W    +0.14%W    +0.28%W    +0.06%W    +0.06%W
2017-03-31   MU     #2    09:40    29.05    +0.19%W    +0.59%W    +0.78%W    +0.62%W    +0.12%W    -0.19%L    +0.11%W    +0.34%W    -0.29%L    -0.39%L    -0.53%L    -0.53%L

========================================================================================
Pre-session picks summary — 46 pick(s) across 23 trading day(s)

Top-2 picks (all days)  (46 signal(s))
  Hold      Count   Win Rate   Avg Gain    Avg Win   Avg Loss ProfitFactor   Sum Ret%
  -------------------------------------------------------------------------
  +15m         46      50.0%     -0.04%     +0.22%     -0.30%        0.73x     -1.84%
  +30m         46      41.3%     -0.03%     +0.31%     -0.27%        0.81x     -1.40%
  +45m         46      43.5%     -0.03%     +0.40%     -0.36%        0.86x     -1.36%
  +1h          46      41.3%     -0.02%     +0.48%     -0.38%        0.89x     -1.13%
  +1h30m       46      52.2%     -0.05%     +0.37%     -0.49%        0.81x     -2.09%
  +2h          46      47.8%     -0.06%     +0.45%     -0.53%        0.77x     -2.96%
  +3h          46      56.5%     -0.01%     +0.43%     -0.59%        0.95x     -0.59%
  +4h          46      54.3%     -0.00%     +0.53%     -0.64%        0.99x     -0.13%
  +5h          46      58.7%     +0.02%     +0.54%     -0.71%        1.08x     +1.06%
  +6h          46      58.7%     +0.04%     +0.62%     -0.79%        1.12x     +1.80%
  +7h          46      63.0%     +0.03%     +0.57%     -0.90%        1.09x     +1.37%
  EOD          46      63.0%     +0.03%     +0.57%     -0.90%        1.09x     +1.37%

=========================================================================================================================================================================================
Signal Analysis — 2017-03-01 to 2017-03-31  |  BULL only  |  Vol ≥ 1.0x 20dAvg
Windows: 09:30/3b  |  Collection: 3 bars  |  Tickers: 10
=========================================================================================================================================================================================
Date         Ticker Window   At       Entry  Vol/20d       +15m       +30m       +45m        +1h     +1h30m        +2h        +3h        +4h        +5h        +6h        +7h        EOD
-----------------------------------------------------------------------------------------------------------------------------------------------------------------------------------------
2017-03-01   CHTR   09:30/3b 09:45   326.59    1.08x    -0.50%L    -0.62%L    -0.55%L    -0.91%L    -1.10%L    -1.27%L    -1.12%L    -0.77%L    -0.34%L    -0.53%L    -0.47%L    -0.47%L
2017-03-02   LLY    09:30/3b 09:45    83.81    1.58x    -0.29%L    -0.16%L    -0.28%L    -0.18%L    -0.17%L    -0.15%L    -0.23%L    -0.39%L    -0.45%L    -0.92%L    -1.10%L    -1.10%L
2017-03-02   MRVL   09:30/3b 09:40    15.96    1.21x    -0.04%L    -0.78%L    -0.72%L    -0.85%L    -0.88%L    -0.25%L    +0.09%W    +0.06%W    -0.25%L    -0.69%L    -0.75%L    -0.75%L
2017-03-03   LLY    09:30/3b 09:40    83.35    1.83x    +0.29%W    +0.26%W    +0.10%W    -0.19%L    +0.07%W    +0.18%W    +0.43%W    +0.64%W    +0.51%W    +0.47%W    +0.48%W    +0.48%W
2017-03-03   CHTR   09:30/3b 09:40   322.51    1.45x    -0.25%L    -0.32%L    -0.41%L    -0.31%L    -0.33%L    -0.44%L    -0.30%L    -0.25%L    +0.19%W    -0.00%L    -0.06%L    -0.06%L
2017-03-03   AVGO   09:30/3b 09:40   219.65    1.83x    -0.23%L    -0.35%L    -0.56%L    -0.35%L    -0.05%L    -0.10%L    -0.35%L    -0.64%L    -0.77%L    -0.82%L    -0.64%L    -0.64%L
2017-03-07   META   09:30/3b 09:45   137.86    1.50x    +0.03%W    -0.23%L    -0.09%L    +0.00%W    -0.25%L    -0.46%L    -0.50%L    -0.25%L    -0.29%L    -0.55%L    -0.41%L    -0.41%L
2017-03-07   CHTR   09:30/3b 09:40   326.21    1.42x    +0.07%W    +0.14%W    +0.12%W    -0.29%L    -0.31%L    -0.42%L    -0.63%L    -0.35%L    -0.47%L    -1.04%L    -0.90%L    -0.90%L
2017-03-08   META   09:30/3b 09:45   137.90    1.01x    -0.08%L    -0.02%L    -0.01%L    -0.16%L    -0.04%L    -0.30%L    -0.27%L    -0.01%L    -0.14%L    -0.15%L    -0.12%L    -0.12%L
2017-03-08   MU     09:30/3b 09:40    25.71    1.05x    +0.21%W    -0.33%L    -0.43%L    -0.35%L    +0.04%W    -1.01%L    -1.56%L    -1.30%L    -1.40%L    -1.54%L    -1.28%L    -1.28%L
2017-03-08   LLY    09:30/3b 09:45    82.92    1.27x    +0.19%W    +0.05%W    +0.22%W    +0.19%W    +0.81%W    +0.77%W    +1.01%W    +0.87%W    +1.16%W    +0.64%W    +0.60%W    +0.60%W
2017-03-08   QCOM   09:30/3b 09:40    58.00    2.03x    -0.43%L    -0.30%L    -0.41%L    -0.28%L    -0.21%L    -0.24%L    -0.41%L    -0.45%L    -0.54%L    -0.50%L    -0.38%L    -0.38%L
2017-03-08   CHTR   09:30/3b 09:40   324.14    1.44x    +0.27%W    -0.02%L    +0.26%W    -0.13%L    -0.15%L    -0.27%L    -0.37%L    -0.33%L    -0.66%L    -0.64%L    -0.47%L    -0.47%L
2017-03-08   AVGO   09:30/3b 09:40   220.50    2.04x    +0.17%W    -0.18%L    -0.08%L    -0.32%L    -0.16%L    -0.54%L    -0.69%L    -0.53%L    -0.46%L    -0.61%L    -0.41%L    -0.41%L
2017-03-08   AMD    09:30/3b 09:45    13.39    1.21x    +0.00%L    -0.22%L    -0.11%L    -0.60%L    -0.30%L    -0.75%L    -0.45%L    +0.19%W    -0.60%L    -1.66%L    -1.27%L    -1.27%L
2017-03-08   SNPS   09:30/3b 09:40    71.68    1.05x    -0.11%L    -0.31%L    -0.40%L    -0.61%L    -0.27%L    -0.40%L    -0.24%L    -0.07%L    -0.27%L    -0.52%L    -0.47%L    -0.47%L
2017-03-09   META   09:30/3b 09:40   138.17    1.46x    +0.11%W    +0.20%W    +0.09%W    +0.07%W    -0.03%L    +0.01%W    -0.01%L    -0.14%L    -0.23%L    +0.07%W    +0.06%W    +0.06%W
2017-03-09   LLY    09:30/3b 09:40    83.99    1.46x    -0.06%L    +0.18%W    +0.28%W    +0.24%W    -0.05%L    +0.12%W    +0.43%W    +0.44%W    +0.59%W    +0.64%W    +0.67%W    +0.67%W
2017-03-10   MU     09:30/3b 09:40    25.59    1.14x    -0.13%L    -0.09%L    -0.41%L    -0.58%L    -1.09%L    -1.70%L    -2.58%L    -2.62%L    -2.19%L    -1.77%L    -1.62%L    -1.62%L
2017-03-15   TSLA   09:30/3b 09:40   259.90    1.04x    -1.15%L    -1.61%L    -1.28%L    -1.44%L    -1.87%L    -1.86%L    -1.67%L    -1.77%L    -1.31%L    -1.34%L    -1.59%L    -1.59%L
2017-03-16   QCOM   09:30/3b 09:45    58.53    1.02x    -0.04%L    -0.23%L    -0.02%L    +0.01%W    -0.09%L    -0.36%L    -0.35%L    -0.40%L    -0.58%L    -0.30%L    -0.34%L    -0.34%L
2017-03-16   SNPS   09:30/3b 09:40    71.40    3.57x    -0.01%L    -0.42%L    -0.25%L    -0.48%L    -0.36%L    -0.79%L    -0.70%L    -0.70%L    -0.76%L    -0.80%L    -0.90%L    -0.90%L
2017-03-17   LLY    09:30/3b 09:45    84.71    1.05x    -0.38%L    -0.55%L    -0.70%L    -0.73%L    -0.87%L    -0.90%L    -0.35%L    -0.19%L    -0.30%L    -0.84%L    -0.89%L    -0.89%L
2017-03-17   TSLA   09:30/3b 09:40   263.72    1.06x    -0.20%L    -0.22%L    -0.49%L    -0.32%L    +0.06%W    +0.30%W    +0.47%W    -0.05%L    -0.69%L    -0.72%L    -0.96%L    -0.96%L
2017-03-20   MU     09:30/3b 09:40    26.00    2.16x    +1.17%W    +1.71%W    +1.94%W    +1.52%W    +1.10%W    +1.46%W    +1.60%W    +1.15%W    +0.77%W    +0.90%W    +0.77%W    +0.77%W
2017-03-20   MRVL   09:30/3b 09:40    16.16    1.12x    -0.19%L    +0.06%W    +0.37%W    +0.62%W    +0.06%W    +0.50%W    +0.90%W    +0.62%W    +0.25%W    +0.68%W    +0.56%W    +0.56%W
2017-03-20   AMD    09:30/3b 09:40    13.81    1.18x    +0.84%W    +1.52%W    +2.79%W    +3.84%W    +2.79%W    +4.34%W    +4.85%W    +4.16%W    +3.84%W    +3.69%W    +4.27%W    +4.27%W
2017-03-21   MU     09:30/3b 09:40    26.34    1.37x    +0.06%W    -0.63%L    -0.83%L    -0.76%L    -1.84%L    -2.84%L    -1.88%L    -2.54%L    -2.68%L    -3.17%L    -3.13%L    -3.13%L
2017-03-21   SNPS   09:30/3b 09:40    72.02    2.21x    -0.17%L    -0.68%L    -0.84%L    -0.85%L    -1.08%L    -1.39%L    -1.42%L    -1.50%L    -1.45%L    -2.14%L    -1.96%L    -1.96%L
2017-03-22   META   09:30/3b 09:40   138.82    1.25x    -0.51%L    -0.65%L    -0.63%L    -0.18%L    -0.04%L    +0.43%W    +0.10%W    +0.19%W    +0.49%W    +0.50%W    +0.55%W    +0.55%W
2017-03-22   MU     09:30/3b 09:40    25.97    1.32x    -0.65%L    -0.42%L    -0.50%L    -0.27%L    +0.00%W    +0.50%W    -0.13%L    -0.15%L    +0.15%W    +0.13%W    +0.35%W    +0.35%W
2017-03-22   TSLA   09:30/3b 09:40   253.77    1.34x    -1.15%L    -1.17%L    -0.79%L    -0.57%L    -0.78%L    -0.28%L    -0.78%L    -0.53%L    -0.46%L    +0.11%W    +0.48%W    +0.48%W
2017-03-24   CHTR   09:30/3b 09:50   326.60    1.04x    -0.00%L    +0.10%W    +0.06%W    +0.14%W    +0.14%W    +0.05%W    +0.13%W    -0.03%L    -0.58%L    -0.34%L    -0.39%L    -0.39%L
2017-03-24   TSLA   09:30/3b 09:40   257.92    1.23x    +0.47%W    +0.39%W    +0.20%W    +0.45%W    +0.99%W    +1.14%W    +1.35%W    +1.22%W    +0.96%W    +1.61%W    +2.04%W    +2.04%W
2017-03-24   AVGO   09:30/3b 09:50   220.84    1.86x    -0.15%L    -0.06%L    -0.19%L    +0.03%W    +0.15%W    +0.14%W    +0.09%W    -0.44%L    -1.21%L    -0.72%L    -0.84%L    -0.84%L
2017-03-27   TSLA   09:30/3b 09:40   262.84    1.69x    +1.31%W    +1.48%W    +1.35%W    +2.15%W    +1.53%W    +1.48%W    +1.47%W    +1.40%W    +1.80%W    +2.29%W    +2.82%W    +2.82%W
2017-03-28   QCOM   09:30/3b 09:40    56.97    1.02x    -0.23%L    -0.28%L    -0.04%L    +0.02%W    +0.47%W    +0.40%W    +0.72%W    +0.81%W    +1.00%W    +0.95%W    +0.74%W    +0.74%W
2017-03-29   META   09:30/3b 09:40   141.97    1.33x    +0.02%W    -0.13%L    -0.10%L    -0.07%L    -0.18%L    -0.11%L    +0.23%W    +0.21%W    +0.44%W    +0.43%W    +0.51%W    +0.51%W
2017-03-29   CHTR   09:30/3b 09:40   325.40    1.44x    +0.46%W    +0.12%W    +0.17%W    +0.12%W    +0.11%W    -0.17%L    -0.24%L    -0.11%L    -0.31%L    +0.07%W    +0.15%W    +0.15%W
2017-03-29   TSLA   09:30/3b 09:40   278.55    1.48x    +0.16%W    -0.22%L    -0.11%L    -0.04%L    -0.32%L    -0.56%L    -0.84%L    -0.85%L    -0.31%L    -0.44%L    -0.42%L    -0.42%L
2017-03-30   META   09:30/3b 09:40   142.38    1.41x    -0.07%L    -0.06%L    -0.14%L    -0.02%L    +0.10%W    -0.04%L    -0.03%L    +0.07%W    +0.04%W    +0.04%W    +0.04%W    +0.04%W
2017-03-30   MU     09:30/3b 09:40    28.69    1.02x    +0.10%W    -0.12%L    -0.30%L    -0.51%L    -0.63%L    -0.80%L    -0.70%L    +0.49%W    +0.94%W    +0.91%W    +1.01%W    +1.01%W
2017-03-30   TSLA   09:30/3b 09:40   280.55    2.93x    +0.06%W    -0.18%L    -0.27%L    -0.20%L    +0.13%W    -0.20%L    -0.56%L    -0.57%L    -0.77%L    -1.03%L    -0.96%L    -0.96%L
2017-03-31   CHTR   09:30/3b 09:40   327.75    2.85x    +0.07%W    +0.31%W    +0.58%W    +0.77%W    +0.95%W    +0.82%W    +0.47%W    +0.38%W    -0.03%L    +0.22%W    -0.13%L    -0.13%L
2017-03-31   AMD    09:30/3b 09:45    14.22    1.10x    +1.65%W    +2.80%W    +2.57%W    +1.90%W    +2.07%W    +2.47%W    +2.60%W    +3.34%W    +3.06%W    +2.56%W    +2.36%W    +2.36%W

========================================================================================
Summary — 45 qualifying signal(s) across 23 trading day(s)

Window 09:30/3b  (45 signal(s))
  Hold      Count   Win Rate   Avg Gain    Avg Win   Avg Loss ProfitFactor   Sum Ret%
  -------------------------------------------------------------------------
  +15m         45      44.4%     +0.02%     +0.39%     -0.28%        1.10x     +0.68%
  +30m         45      31.1%     -0.05%     +0.67%     -0.37%        0.81x     -2.26%
  +45m         45      33.3%     -0.02%     +0.74%     -0.40%        0.93x     -0.86%
  +1h          45      35.6%     -0.01%     +0.75%     -0.43%        0.96x     -0.47%
  +1h30m       45      40.0%     -0.04%     +0.64%     -0.50%        0.86x     -1.85%
  +2h          45      37.8%     -0.08%     +0.89%     -0.66%        0.81x     -3.48%
  +3h          45      37.8%     -0.05%     +1.00%     -0.69%        0.88x     -2.41%
  +4h          45      37.8%     -0.04%     +0.95%     -0.64%        0.90x     -1.74%
  +5h          45      35.6%     -0.10%     +1.01%     -0.71%        0.79x     -4.30%
  +6h          45      42.2%     -0.15%     +0.89%     -0.91%        0.71x     -6.85%
  +7h          45      40.0%     -0.10%     +1.02%     -0.85%        0.81x     -4.42%
  EOD          45      40.0%     -0.10%     +1.02%     -0.85%        0.81x     -4.42%
