Fetching 5-min bars (2016-11-19 → 2017-01-31) [alpaca]...
  [cache] loaded 7 tickers from cache
Fetching daily bars (2016-01-04 → 2017-01-31)...

=========================================================================================================================================================================================
Pre-Session Rankings (9:25) — 2017-01-03 to 2017-01-31  |  20d lookback
(Unconditional hold from OR close — no signal or vol filter)
=========================================================================================================================================================================================
Pre-session top-2 (9:25, 20d EOD win rate) — 2017-01-03  OR: 09:30/3b
  #1 AMD    +15m 40%W -0.0%  +30m 55%W +0.1%  +1h 55%W +0.1%  +2h 65%W +0.5%  +5h 70%W +0.8%  EOD 70%W +0.8%  EOD range -4.6% → +3.9%
  #2 TSLA   +15m 55%W +0.0%  +30m 55%W +0.3%  +1h 60%W +0.3%  +2h 55%W +0.2%  +5h 55%W +0.4%  EOD 55%W +0.1%  EOD range -1.7% → +3.8%
  Ticker   N          +15m          +30m           +1h           +2h           +5h           EOD           EOD range
  ----------------------------------------------------------------------------------------------------------------------
  AMD     20    40%W -0.0%    55%W +0.1%    55%W +0.1%    65%W +0.5%    70%W +0.8%    70%W +0.8%       -4.6% → +3.9%
  TSLA    20    55%W +0.0%    55%W +0.3%    60%W +0.3%    55%W +0.2%    55%W +0.4%    55%W +0.1%       -1.7% → +3.8%
  CHTR    20    55%W +0.0%    55%W +0.0%    60%W +0.2%    50%W +0.0%    50%W -0.0%    55%W +0.2%       -2.5% → +3.0%
  AVGO    20    55%W +0.1%    45%W -0.0%    45%W -0.0%    55%W +0.0%    45%W -0.1%    55%W +0.3%       -1.7% → +2.0%
  LLY     20    45%W -0.0%    55%W +0.0%    35%W -0.0%    55%W +0.0%    50%W -0.0%    50%W +0.0%       -1.6% → +1.9%
  QCOM    20    60%W +0.1%    50%W -0.1%    45%W -0.0%    40%W -0.1%    55%W +0.0%    50%W +0.0%       -2.2% → +1.3%
  META    20    50%W +0.0%    45%W -0.0%    55%W +0.1%    45%W -0.2%    35%W -0.2%    45%W -0.0%       -1.0% → +1.8%
  SNPS    20    65%W +0.1%    65%W +0.2%    75%W +0.2%    60%W +0.2%    50%W -0.0%    45%W -0.0%       -0.9% → +1.8%
  MU      20    50%W -0.0%    35%W -0.3%    30%W -0.4%    35%W -0.4%    45%W -0.2%    30%W -0.2%       -3.4% → +5.3%
  MRVL    20    20%W -0.2%    20%W -0.1%    30%W -0.1%    15%W -0.4%    20%W -0.2%    30%W -0.3%       -2.0% → +2.1%
Pre-session top-2 (9:25, 20d EOD win rate) — 2017-01-04  OR: 09:30/3b
  #1 AMD    +15m 45%W -0.0%  +30m 60%W +0.2%  +1h 60%W +0.2%  +2h 70%W +0.5%  +5h 75%W +0.8%  EOD 75%W +1.2%  EOD range -4.6% → +3.9%
  #2 TSLA   +15m 60%W +0.1%  +30m 60%W +0.3%  +1h 65%W +0.4%  +2h 60%W +0.3%  +5h 60%W +0.5%  EOD 60%W +0.1%  EOD range -1.7% → +3.8%
  Ticker   N          +15m          +30m           +1h           +2h           +5h           EOD           EOD range
  ----------------------------------------------------------------------------------------------------------------------
  AMD     20    45%W -0.0%    60%W +0.2%    60%W +0.2%    70%W +0.5%    75%W +0.8%    75%W +1.2%       -4.6% → +3.9%
  TSLA    20    60%W +0.1%    60%W +0.3%    65%W +0.4%    60%W +0.3%    60%W +0.5%    60%W +0.1%       -1.7% → +3.8%
  CHTR    20    60%W +0.1%    60%W +0.1%    60%W +0.2%    50%W +0.0%    50%W -0.0%    55%W +0.2%       -2.0% → +3.0%
  AVGO    20    55%W +0.1%    50%W +0.1%    45%W -0.0%    50%W -0.0%    40%W -0.1%    55%W +0.2%       -1.7% → +2.0%
  META    20    55%W +0.1%    50%W +0.0%    55%W +0.1%    45%W -0.2%    40%W -0.2%    50%W +0.0%       -1.0% → +1.8%
  LLY     20    50%W +0.0%    55%W +0.0%    35%W -0.0%    50%W -0.0%    50%W -0.0%    50%W +0.0%       -1.6% → +1.5%
  QCOM    20    55%W +0.0%    55%W +0.1%    40%W -0.0%    35%W -0.1%    50%W -0.0%    45%W -0.0%       -2.2% → +1.3%
  SNPS    20    65%W +0.1%    65%W +0.2%    75%W +0.2%    55%W +0.1%    45%W -0.0%    45%W -0.0%       -0.9% → +1.8%
  MU      20    50%W -0.0%    35%W -0.3%    30%W -0.4%    35%W -0.4%    45%W -0.2%    35%W -0.2%       -3.4% → +5.3%
  MRVL    20    20%W -0.1%    25%W -0.1%    30%W -0.1%    15%W -0.4%    20%W -0.3%    30%W -0.3%       -2.0% → +2.1%
Pre-session top-2 (9:25, 20d EOD win rate) — 2017-01-05  OR: 09:30/3b
  #1 AMD    +15m 40%W -0.0%  +30m 60%W +0.2%  +1h 60%W +0.2%  +2h 70%W +0.5%  +5h 75%W +0.8%  EOD 75%W +1.1%  EOD range -4.6% → +3.9%
  #2 TSLA   +15m 65%W +0.2%  +30m 60%W +0.3%  +1h 65%W +0.4%  +2h 60%W +0.3%  +5h 60%W +0.5%  EOD 60%W +0.1%  EOD range -1.7% → +3.8%
  Ticker   N          +15m          +30m           +1h           +2h           +5h           EOD           EOD range
  ----------------------------------------------------------------------------------------------------------------------
  AMD     20    40%W -0.0%    60%W +0.2%    60%W +0.2%    70%W +0.5%    75%W +0.8%    75%W +1.1%       -4.6% → +3.9%
  TSLA    20    65%W +0.2%    60%W +0.3%    65%W +0.4%    60%W +0.3%    60%W +0.5%    60%W +0.1%       -1.7% → +3.8%
  LLY     20    50%W +0.0%    50%W +0.0%    35%W -0.0%    55%W +0.0%    55%W +0.0%    55%W +0.1%       -1.6% → +1.5%
  CHTR    20    55%W +0.0%    55%W +0.0%    60%W +0.2%    50%W +0.0%    50%W -0.0%    55%W +0.2%       -2.0% → +3.0%
  META    20    50%W +0.0%    50%W +0.0%    55%W +0.1%    45%W -0.2%    40%W -0.2%    50%W +0.0%       -1.0% → +1.2%
  AVGO    20    50%W +0.0%    45%W -0.0%    40%W -0.0%    45%W -0.2%    35%W -0.2%    50%W -0.1%       -1.7% → +2.0%
  SNPS    20    65%W +0.1%    65%W +0.2%    80%W +0.2%    60%W +0.2%    50%W -0.0%    45%W -0.0%       -0.9% → +1.8%
  QCOM    20    50%W +0.0%    50%W -0.1%    35%W -0.1%    30%W -0.3%    45%W -0.2%    40%W -0.0%       -2.2% → +1.3%
  MU      20    45%W -0.2%    35%W -0.3%    30%W -0.4%    35%W -0.4%    45%W -0.2%    35%W -0.2%       -3.4% → +5.3%
  MRVL    20    15%W -0.1%    25%W -0.1%    25%W -0.1%    15%W -0.4%    20%W -0.3%    30%W -0.3%       -2.0% → +2.1%
Pre-session top-2 (9:25, 20d EOD win rate) — 2017-01-06  OR: 09:30/3b
  #1 AMD    +15m 45%W -0.0%  +30m 65%W +0.2%  +1h 65%W +0.2%  +2h 65%W +0.5%  +5h 70%W +0.6%  EOD 70%W +0.8%  EOD range -4.6% → +3.9%
  #2 TSLA   +15m 65%W +0.1%  +30m 55%W +0.3%  +1h 60%W +0.3%  +2h 55%W +0.3%  +5h 60%W +0.5%  EOD 60%W +0.1%  EOD range -1.7% → +3.8%
  Ticker   N          +15m          +30m           +1h           +2h           +5h           EOD           EOD range
  ----------------------------------------------------------------------------------------------------------------------
  AMD     20    45%W -0.0%    65%W +0.2%    65%W +0.2%    65%W +0.5%    70%W +0.6%    70%W +0.8%       -4.6% → +3.9%
  TSLA    20    65%W +0.1%    55%W +0.3%    60%W +0.3%    55%W +0.3%    60%W +0.5%    60%W +0.1%       -1.7% → +3.8%
  LLY     20    55%W +0.0%    55%W +0.0%    40%W -0.0%    55%W +0.0%    55%W +0.0%    55%W +0.1%       -1.6% → +1.5%
  CHTR    20    55%W +0.0%    55%W +0.0%    60%W +0.2%    50%W +0.0%    50%W -0.0%    55%W +0.2%       -2.0% → +3.0%
  META    20    45%W -0.0%    45%W -0.0%    55%W +0.1%    50%W -0.1%    40%W -0.2%    50%W +0.0%       -1.0% → +1.2%
  AVGO    20    45%W -0.0%    45%W -0.0%    40%W -0.0%    45%W -0.2%    35%W -0.2%    50%W -0.1%       -1.7% → +2.0%
  SNPS    20    65%W +0.1%    65%W +0.2%    80%W +0.3%    60%W +0.2%    50%W -0.0%    45%W -0.0%       -0.9% → +1.8%
  QCOM    20    50%W +0.0%    50%W -0.1%    30%W -0.1%    30%W -0.4%    45%W -0.2%    35%W -0.1%       -2.2% → +1.3%
  MU      20    40%W -0.2%    40%W -0.2%    30%W -0.3%    35%W -0.4%    40%W -0.3%    30%W -0.2%       -3.4% → +5.3%
  MRVL    20    20%W -0.1%    30%W -0.1%    30%W -0.1%    15%W -0.4%    20%W -0.3%    30%W -0.3%       -2.0% → +2.1%
Pre-session top-2 (9:25, 20d EOD win rate) — 2017-01-09  OR: 09:30/3b
  #1 AMD    +15m 50%W +0.0%  +30m 70%W +0.2%  +1h 70%W +0.3%  +2h 70%W +0.5%  +5h 70%W +0.6%  EOD 70%W +0.7%  EOD range -4.6% → +3.9%
  #2 TSLA   +15m 65%W +0.2%  +30m 50%W +0.1%  +1h 55%W +0.3%  +2h 50%W +0.0%  +5h 60%W +0.5%  EOD 60%W +0.1%  EOD range -1.7% → +3.4%
  Ticker   N          +15m          +30m           +1h           +2h           +5h           EOD           EOD range
  ----------------------------------------------------------------------------------------------------------------------
  AMD     20    50%W +0.0%    70%W +0.2%    70%W +0.3%    70%W +0.5%    70%W +0.6%    70%W +0.7%       -4.6% → +3.9%
  TSLA    20    65%W +0.2%    50%W +0.1%    55%W +0.3%    50%W +0.0%    60%W +0.5%    60%W +0.1%       -1.7% → +3.4%
  LLY     20    55%W +0.0%    55%W +0.0%    40%W -0.0%    55%W +0.0%    55%W +0.0%    55%W +0.1%       -1.6% → +1.5%
  CHTR    20    55%W +0.1%    55%W +0.0%    60%W +0.2%    50%W +0.0%    50%W -0.0%    55%W +0.2%       -2.0% → +2.1%
  META    20    50%W +0.0%    50%W +0.0%    60%W +0.2%    55%W +0.1%    45%W -0.2%    50%W +0.0%       -1.0% → +1.9%
  AVGO    20    50%W +0.0%    50%W +0.1%    40%W -0.0%    45%W -0.2%    35%W -0.2%    50%W -0.1%       -1.7% → +1.3%
  SNPS    20    70%W +0.2%    70%W +0.2%    80%W +0.3%    60%W +0.2%    50%W -0.0%    45%W -0.0%       -0.9% → +1.8%
  QCOM    20    55%W +0.0%    50%W -0.0%    30%W -0.1%    25%W -0.4%    45%W -0.2%    35%W -0.1%       -2.2% → +0.6%
  MRVL    20    25%W -0.1%    25%W -0.1%    25%W -0.1%    15%W -0.4%    20%W -0.3%    30%W -0.3%       -2.0% → +0.9%
  MU      20    45%W -0.2%    40%W -0.2%    25%W -0.3%    30%W -0.4%    35%W -0.5%    25%W -0.3%       -3.4% → +1.8%
Pre-session top-2 (9:25, 20d EOD win rate) — 2017-01-10  OR: 09:30/3b
  #1 AMD    +15m 55%W +0.1%  +30m 70%W +0.2%  +1h 65%W +0.2%  +2h 65%W +0.5%  +5h 65%W +0.3%  EOD 65%W +0.4%  EOD range -4.6% → +3.9%
  #2 TSLA   +15m 65%W +0.3%  +30m 55%W +0.2%  +1h 60%W +0.4%  +2h 55%W +0.3%  +5h 65%W +0.5%  EOD 60%W +0.2%  EOD range -1.7% → +3.4%
  Ticker   N          +15m          +30m           +1h           +2h           +5h           EOD           EOD range
  ----------------------------------------------------------------------------------------------------------------------
  AMD     20    55%W +0.1%    70%W +0.2%    65%W +0.2%    65%W +0.5%    65%W +0.3%    65%W +0.4%       -4.6% → +3.9%
  TSLA    20    65%W +0.3%    55%W +0.2%    60%W +0.4%    55%W +0.3%    65%W +0.5%    60%W +0.2%       -1.7% → +3.4%
  CHTR    20    60%W +0.1%    60%W +0.0%    60%W +0.2%    50%W +0.0%    50%W +0.0%    60%W +0.2%       -2.0% → +2.1%
  LLY     20    60%W +0.1%    55%W +0.0%    45%W -0.0%    60%W +0.1%    55%W +0.0%    55%W +0.1%       -1.6% → +1.5%
  META    20    50%W +0.0%    45%W -0.0%    55%W +0.1%    55%W +0.1%    50%W +0.1%    50%W +0.0%       -1.0% → +1.9%
  SNPS    20    70%W +0.2%    70%W +0.2%    80%W +0.3%    60%W +0.2%    50%W -0.0%    45%W -0.0%       -0.9% → +1.8%
  AVGO    20    50%W +0.0%    50%W +0.1%    40%W -0.0%    45%W -0.2%    30%W -0.2%    45%W -0.2%       -1.7% → +1.2%
  QCOM    20    60%W +0.1%    55%W +0.1%    35%W -0.0%    30%W -0.3%    50%W -0.0%    40%W -0.0%       -2.2% → +0.6%
  MRVL    20    30%W -0.1%    30%W -0.1%    30%W -0.1%    20%W -0.4%    25%W -0.2%    35%W -0.3%       -2.0% → +1.4%
  MU      20    50%W -0.0%    45%W -0.1%    30%W -0.2%    35%W -0.3%    40%W -0.3%    30%W -0.2%       -3.4% → +1.8%
Pre-session top-2 (9:25, 20d EOD win rate) — 2017-01-11  OR: 09:30/3b
  #1 TSLA   +15m 65%W +0.3%  +30m 55%W +0.2%  +1h 60%W +0.4%  +2h 55%W +0.3%  +5h 65%W +0.5%  EOD 60%W +0.2%  EOD range -1.7% → +3.4%
  #2 AMD    +15m 50%W +0.0%  +30m 70%W +0.2%  +1h 65%W +0.2%  +2h 60%W +0.4%  +5h 60%W +0.3%  EOD 60%W +0.2%  EOD range -4.6% → +3.9%
  Ticker   N          +15m          +30m           +1h           +2h           +5h           EOD           EOD range
  ----------------------------------------------------------------------------------------------------------------------
  TSLA    20    65%W +0.3%    55%W +0.2%    60%W +0.4%    55%W +0.3%    65%W +0.5%    60%W +0.2%       -1.7% → +3.4%
  AMD     20    50%W +0.0%    70%W +0.2%    65%W +0.2%    60%W +0.4%    60%W +0.3%    60%W +0.2%       -4.6% → +3.9%
  CHTR    20    55%W +0.1%    55%W +0.0%    55%W +0.1%    50%W +0.0%    55%W +0.1%    60%W +0.2%       -2.0% → +2.1%
  LLY     20    60%W +0.1%    50%W +0.0%    40%W -0.0%    55%W +0.0%    55%W +0.0%    55%W +0.1%       -1.6% → +1.5%
  META    20    50%W +0.0%    50%W +0.0%    55%W +0.1%    60%W +0.1%    55%W +0.3%    50%W -0.0%       -1.0% → +1.9%
  SNPS    20    75%W +0.3%    75%W +0.2%    85%W +0.3%    65%W +0.2%    55%W +0.0%    50%W +0.0%       -0.9% → +1.8%
  AVGO    20    50%W +0.0%    50%W +0.1%    40%W -0.0%    45%W -0.2%    35%W -0.2%    45%W -0.2%       -1.7% → +1.2%
  MRVL    20    35%W -0.1%    30%W -0.2%    30%W -0.2%    25%W -0.4%    30%W -0.2%    40%W -0.3%       -2.0% → +1.4%
  QCOM    20    60%W +0.1%    55%W +0.1%    40%W -0.0%    35%W -0.1%    50%W -0.0%    40%W -0.1%       -2.2% → +0.6%
  MU      20    50%W -0.0%    50%W +0.0%    30%W -0.2%    40%W -0.2%    40%W -0.3%    30%W -0.3%       -3.4% → +1.8%
Pre-session top-2 (9:25, 20d EOD win rate) — 2017-01-12  OR: 09:30/3b
  #1 TSLA   +15m 65%W +0.3%  +30m 55%W +0.2%  +1h 65%W +0.4%  +2h 60%W +0.3%  +5h 70%W +0.6%  EOD 65%W +0.5%  EOD range -1.7% → +3.4%
  #2 CHTR   +15m 50%W -0.0%  +30m 55%W +0.0%  +1h 55%W +0.1%  +2h 55%W +0.1%  +5h 60%W +0.2%  EOD 65%W +0.4%  EOD range -2.0% → +2.1%
  Ticker   N          +15m          +30m           +1h           +2h           +5h           EOD           EOD range
  ----------------------------------------------------------------------------------------------------------------------
  TSLA    20    65%W +0.3%    55%W +0.2%    65%W +0.4%    60%W +0.3%    70%W +0.6%    65%W +0.5%       -1.7% → +3.4%
  CHTR    20    50%W -0.0%    55%W +0.0%    55%W +0.1%    55%W +0.1%    60%W +0.2%    65%W +0.4%       -2.0% → +2.1%
  AMD     20    50%W +0.0%    75%W +0.2%    65%W +0.2%    60%W +0.4%    60%W +0.3%    60%W +0.2%       -4.6% → +3.9%
  META    20    45%W -0.0%    55%W +0.0%    60%W +0.2%    65%W +0.2%    60%W +0.4%    55%W +0.1%       -1.0% → +1.9%
  LLY     20    60%W +0.1%    50%W +0.0%    45%W -0.0%    55%W +0.0%    55%W +0.0%    55%W +0.1%       -1.9% → +1.5%
  SNPS    20    75%W +0.2%    75%W +0.2%    85%W +0.3%    65%W +0.2%    55%W +0.0%    50%W +0.0%       -0.9% → +0.7%
  AVGO    20    50%W +0.0%    50%W +0.0%    45%W -0.0%    45%W -0.2%    35%W -0.2%    45%W -0.2%       -1.7% → +1.2%
  MRVL    20    40%W -0.1%    30%W -0.1%    30%W -0.2%    25%W -0.3%    30%W -0.2%    40%W -0.2%       -2.0% → +1.4%
  QCOM    20    60%W +0.1%    50%W +0.1%    35%W -0.0%    30%W -0.2%    55%W +0.0%    40%W -0.1%       -2.2% → +0.6%
  MU      20    50%W -0.0%    50%W +0.0%    35%W -0.1%    40%W -0.2%    40%W -0.2%    30%W -0.2%       -3.4% → +1.8%
Pre-session top-2 (9:25, 20d EOD win rate) — 2017-01-13  OR: 09:30/3b
  #1 TSLA   +15m 60%W +0.2%  +30m 50%W +0.0%  +1h 60%W +0.3%  +2h 55%W +0.2%  +5h 70%W +0.5%  EOD 65%W +0.3%  EOD range -1.7% → +3.4%
  #2 CHTR   +15m 50%W -0.0%  +30m 55%W +0.0%  +1h 50%W -0.1%  +2h 50%W +0.0%  +5h 55%W +0.1%  EOD 65%W +0.2%  EOD range -2.0% → +2.1%
  Ticker   N          +15m          +30m           +1h           +2h           +5h           EOD           EOD range
  ----------------------------------------------------------------------------------------------------------------------
  TSLA    20    60%W +0.2%    50%W +0.0%    60%W +0.3%    55%W +0.2%    70%W +0.5%    65%W +0.3%       -1.7% → +3.4%
  CHTR    20    50%W -0.0%    55%W +0.0%    50%W -0.1%    50%W +0.0%    55%W +0.1%    65%W +0.2%       -2.0% → +2.1%
  AMD     20    50%W +0.0%    70%W +0.2%    65%W +0.2%    55%W +0.3%    60%W +0.3%    60%W +0.3%       -4.6% → +3.9%
  META    20    45%W -0.0%    50%W -0.0%    60%W +0.2%    65%W +0.2%    60%W +0.4%    55%W +0.1%       -1.0% → +1.9%
  LLY     20    60%W +0.1%    50%W +0.0%    45%W -0.0%    55%W +0.0%    55%W +0.0%    55%W +0.1%       -1.9% → +2.0%
  SNPS    20    75%W +0.2%    70%W +0.2%    80%W +0.3%    60%W +0.1%    60%W +0.1%    55%W +0.1%       -0.9% → +0.7%
  AVGO    20    50%W +0.0%    50%W +0.0%    40%W -0.0%    40%W -0.2%    35%W -0.2%    45%W -0.2%       -1.7% → +1.2%
  MRVL    20    40%W -0.1%    30%W -0.1%    30%W -0.2%    25%W -0.3%    30%W -0.2%    40%W -0.3%       -2.0% → +1.4%
  QCOM    20    55%W +0.1%    45%W -0.1%    30%W -0.1%    25%W -0.4%    55%W +0.0%    40%W -0.1%       -2.2% → +0.6%
  MU      20    45%W -0.1%    50%W -0.0%    35%W -0.1%    35%W -0.2%    40%W -0.2%    30%W -0.2%       -3.4% → +1.8%
Pre-session top-2 (9:25, 20d EOD win rate) — 2017-01-17  OR: 09:30/3b
  #1 TSLA   +15m 60%W +0.3%  +30m 50%W +0.0%  +1h 60%W +0.3%  +2h 55%W +0.2%  +5h 70%W +0.5%  EOD 65%W +0.6%  EOD range -1.7% → +3.4%
  #2 LLY    +15m 60%W +0.1%  +30m 55%W +0.0%  +1h 50%W -0.0%  +2h 60%W +0.1%  +5h 60%W +0.1%  EOD 60%W +0.2%  EOD range -1.9% → +2.0%
  Ticker   N          +15m          +30m           +1h           +2h           +5h           EOD           EOD range
  ----------------------------------------------------------------------------------------------------------------------
  TSLA    20    60%W +0.3%    50%W +0.0%    60%W +0.3%    55%W +0.2%    70%W +0.5%    65%W +0.6%       -1.7% → +3.4%
  LLY     20    60%W +0.1%    55%W +0.0%    50%W -0.0%    60%W +0.1%    60%W +0.1%    60%W +0.2%       -1.9% → +2.0%
  SNPS    20    70%W +0.2%    70%W +0.2%    80%W +0.3%    60%W +0.1%    65%W +0.1%    60%W +0.1%       -0.9% → +0.7%
  CHTR    20    50%W -0.0%    50%W -0.0%    45%W -0.2%    45%W -0.0%    55%W +0.1%    60%W +0.1%       -2.0% → +2.1%
  AMD     20    45%W -0.0%    65%W +0.2%    60%W +0.2%    50%W +0.1%    55%W +0.1%    55%W +0.1%       -4.6% → +3.9%
  META    20    40%W -0.0%    50%W -0.0%    60%W +0.1%    65%W +0.2%    60%W +0.3%    50%W +0.1%       -1.0% → +1.9%
  AVGO    20    50%W +0.0%    50%W +0.0%    45%W -0.0%    40%W -0.0%    40%W -0.2%    50%W -0.0%       -1.7% → +1.2%
  QCOM    20    60%W +0.1%    50%W +0.0%    35%W -0.0%    30%W -0.2%    60%W +0.0%    45%W -0.0%       -2.2% → +0.6%
  MRVL    20    35%W -0.1%    35%W -0.1%    30%W -0.2%    30%W -0.3%    30%W -0.2%    40%W -0.3%       -2.0% → +1.4%
  MU      20    45%W -0.1%    55%W +0.1%    40%W -0.1%    35%W -0.2%    35%W -0.2%    35%W -0.1%       -3.4% → +1.8%
Pre-session top-2 (9:25, 20d EOD win rate) — 2017-01-18  OR: 09:30/3b
  #1 TSLA   +15m 55%W +0.2%  +30m 45%W -0.0%  +1h 55%W +0.2%  +2h 50%W -0.1%  +5h 65%W +0.5%  EOD 65%W +0.6%  EOD range -1.7% → +3.4%
  #2 LLY    +15m 55%W +0.0%  +30m 55%W +0.0%  +1h 50%W -0.0%  +2h 55%W +0.0%  +5h 60%W +0.1%  EOD 60%W +0.2%  EOD range -1.9% → +2.0%
  Ticker   N          +15m          +30m           +1h           +2h           +5h           EOD           EOD range
  ----------------------------------------------------------------------------------------------------------------------
  TSLA    20    55%W +0.2%    45%W -0.0%    55%W +0.2%    50%W -0.1%    65%W +0.5%    65%W +0.6%       -1.7% → +3.4%
  LLY     20    55%W +0.0%    55%W +0.0%    50%W -0.0%    55%W +0.0%    60%W +0.1%    60%W +0.2%       -1.9% → +2.0%
  CHTR    20    45%W -0.0%    50%W -0.0%    45%W -0.2%    45%W -0.0%    55%W +0.1%    60%W +0.1%       -2.0% → +3.1%
  SNPS    20    65%W +0.2%    70%W +0.2%    80%W +0.3%    55%W +0.1%    60%W +0.1%    55%W +0.1%       -0.9% → +0.7%
  META    20    40%W -0.0%    50%W -0.0%    60%W +0.1%    65%W +0.2%    60%W +0.3%    50%W +0.1%       -1.0% → +1.9%
  AMD     20    40%W -0.2%    60%W +0.2%    55%W +0.2%    45%W -0.1%    50%W -0.1%    50%W -0.1%       -4.6% → +3.9%
  AVGO    20    45%W -0.0%    50%W +0.0%    45%W -0.0%    40%W -0.0%    40%W -0.2%    50%W -0.0%       -1.7% → +1.2%
  QCOM    20    60%W +0.1%    50%W +0.0%    35%W -0.0%    30%W -0.2%    55%W +0.0%    40%W -0.1%       -3.6% → +0.6%
  MRVL    20    35%W -0.1%    35%W -0.1%    30%W -0.2%    25%W -0.3%    25%W -0.3%    35%W -0.3%       -2.0% → +1.4%
  MU      20    40%W -0.2%    55%W +0.1%    40%W -0.1%    30%W -0.2%    30%W -0.3%    30%W -0.2%       -3.4% → +1.8%
Pre-session top-2 (9:25, 20d EOD win rate) — 2017-01-19  OR: 09:30/3b
  #1 TSLA   +15m 55%W +0.2%  +30m 45%W -0.0%  +1h 55%W +0.1%  +2h 45%W -0.3%  +5h 65%W +0.5%  EOD 65%W +0.3%  EOD range -1.7% → +3.4%
  #2 LLY    +15m 60%W +0.0%  +30m 55%W +0.0%  +1h 55%W +0.0%  +2h 60%W +0.1%  +5h 65%W +0.2%  EOD 60%W +0.3%  EOD range -1.9% → +2.0%
  Ticker   N          +15m          +30m           +1h           +2h           +5h           EOD           EOD range
  ----------------------------------------------------------------------------------------------------------------------
  TSLA    20    55%W +0.2%    45%W -0.0%    55%W +0.1%    45%W -0.3%    65%W +0.5%    65%W +0.3%       -1.7% → +3.4%
  LLY     20    60%W +0.0%    55%W +0.0%    55%W +0.0%    60%W +0.1%    65%W +0.2%    60%W +0.3%       -1.9% → +2.0%
  CHTR    20    50%W -0.0%    55%W +0.0%    50%W -0.1%    50%W +0.0%    55%W +0.1%    60%W +0.1%       -0.8% → +3.1%
  AMD     20    45%W -0.0%    65%W +0.2%    60%W +0.2%    50%W +0.1%    55%W +0.3%    55%W +0.1%       -3.8% → +3.9%
  SNPS    20    65%W +0.2%    70%W +0.2%    75%W +0.3%    55%W +0.1%    60%W +0.1%    55%W +0.1%       -0.9% → +0.7%
  AVGO    20    45%W -0.0%    55%W +0.2%    50%W -0.0%    45%W -0.0%    45%W -0.1%    55%W +0.2%       -1.7% → +1.6%
  META    20    40%W -0.0%    45%W -0.0%    60%W +0.1%    65%W +0.2%    60%W +0.3%    50%W +0.1%       -1.0% → +1.9%
  QCOM    20    65%W +0.1%    55%W +0.1%    35%W -0.0%    30%W -0.2%    55%W +0.0%    40%W -0.1%       -3.6% → +0.6%
  MU      20    45%W -0.1%    60%W +0.1%    45%W -0.1%    35%W -0.1%    35%W -0.2%    35%W -0.1%       -1.6% → +2.0%
  MRVL    20    40%W -0.1%    40%W -0.0%    30%W -0.2%    25%W -0.2%    25%W -0.3%    35%W -0.3%       -1.5% → +1.4%
Pre-session top-2 (9:25, 20d EOD win rate) — 2017-01-20  OR: 09:30/3b
  #1 CHTR   +15m 55%W +0.1%  +30m 55%W +0.0%  +1h 50%W -0.1%  +2h 55%W +0.1%  +5h 60%W +0.1%  EOD 65%W +0.2%  EOD range -0.8% → +3.1%
  #2 LLY    +15m 60%W +0.0%  +30m 50%W +0.0%  +1h 60%W +0.1%  +2h 60%W +0.1%  +5h 65%W +0.2%  EOD 60%W +0.3%  EOD range -1.9% → +2.0%
  Ticker   N          +15m          +30m           +1h           +2h           +5h           EOD           EOD range
  ----------------------------------------------------------------------------------------------------------------------
  CHTR    20    55%W +0.1%    55%W +0.0%    50%W -0.1%    55%W +0.1%    60%W +0.1%    65%W +0.2%       -0.8% → +3.1%
  LLY     20    60%W +0.0%    50%W +0.0%    60%W +0.1%    60%W +0.1%    65%W +0.2%    60%W +0.3%       -1.9% → +2.0%
  TSLA    20    55%W +0.1%    40%W -0.1%    50%W -0.0%    40%W -0.3%    60%W +0.5%    60%W +0.3%       -1.7% → +3.4%
  AMD     20    40%W -0.2%    60%W +0.2%    55%W +0.2%    45%W -0.1%    50%W -0.1%    50%W -0.1%       -4.2% → +3.2%
  SNPS    20    65%W +0.2%    70%W +0.2%    70%W +0.2%    50%W +0.0%    55%W +0.0%    50%W +0.1%       -0.9% → +0.7%
  AVGO    20    45%W -0.0%    55%W +0.1%    45%W -0.0%    45%W -0.0%    40%W -0.1%    50%W +0.0%       -1.7% → +1.6%
  META    20    40%W -0.0%    40%W -0.0%    55%W +0.1%    60%W +0.1%    55%W +0.2%    45%W -0.0%       -1.0% → +1.9%
  QCOM    20    65%W +0.1%    50%W +0.0%    30%W -0.1%    25%W -0.4%    50%W -0.0%    40%W -0.2%       -3.6% → +0.6%
  MU      20    45%W -0.1%    55%W +0.1%    40%W -0.1%    35%W -0.1%    30%W -0.3%    35%W -0.2%       -1.9% → +2.0%
  MRVL    20    40%W -0.0%    40%W -0.0%    30%W -0.2%    25%W -0.1%    25%W -0.4%    35%W -0.3%       -1.5% → +1.4%
Pre-session top-2 (9:25, 20d EOD win rate) — 2017-01-23  OR: 09:30/3b
  #1 CHTR   +15m 55%W +0.1%  +30m 55%W +0.0%  +1h 50%W -0.1%  +2h 50%W +0.1%  +5h 65%W +0.2%  EOD 70%W +0.3%  EOD range -0.8% → +3.1%
  #2 LLY    +15m 65%W +0.1%  +30m 50%W +0.0%  +1h 65%W +0.1%  +2h 55%W +0.0%  +5h 65%W +0.2%  EOD 60%W +0.3%  EOD range -1.9% → +2.0%
  Ticker   N          +15m          +30m           +1h           +2h           +5h           EOD           EOD range
  ----------------------------------------------------------------------------------------------------------------------
  CHTR    20    55%W +0.1%    55%W +0.0%    50%W -0.1%    50%W +0.1%    65%W +0.2%    70%W +0.3%       -0.8% → +3.1%
  LLY     20    65%W +0.1%    50%W +0.0%    65%W +0.1%    55%W +0.0%    65%W +0.2%    60%W +0.3%       -1.9% → +2.0%
  TSLA    20    55%W +0.1%    40%W -0.1%    50%W -0.0%    40%W -0.3%    60%W +0.5%    60%W +0.3%       -1.7% → +3.4%
  SNPS    20    65%W +0.2%    70%W +0.2%    70%W +0.2%    50%W +0.0%    55%W +0.0%    50%W +0.1%       -0.9% → +0.7%
  AVGO    20    45%W -0.0%    55%W +0.1%    45%W -0.0%    45%W -0.0%    40%W -0.1%    50%W +0.0%       -1.7% → +1.6%
  META    20    40%W -0.0%    40%W -0.1%    50%W -0.0%    55%W +0.1%    55%W +0.2%    45%W -0.0%       -1.0% → +1.9%
  AMD     20    45%W -0.2%    60%W +0.2%    55%W +0.1%    40%W -0.1%    45%W -0.4%    45%W -0.3%       -4.2% → +3.2%
  QCOM    20    65%W +0.1%    50%W +0.0%    35%W -0.0%    25%W -0.2%    50%W -0.0%    40%W -0.2%       -4.1% → +0.6%
  MU      20    50%W -0.0%    60%W +0.1%    40%W -0.1%    35%W -0.1%    30%W -0.5%    35%W -0.2%       -1.9% → +2.0%
  MRVL    20    45%W +0.0%    45%W -0.0%    35%W -0.1%    30%W -0.1%    25%W -0.4%    30%W -0.3%       -1.5% → +1.4%
Pre-session top-2 (9:25, 20d EOD win rate) — 2017-01-24  OR: 09:30/3b
  #1 CHTR   +15m 50%W +0.0%  +30m 55%W +0.0%  +1h 45%W -0.2%  +2h 45%W -0.0%  +5h 60%W +0.1%  EOD 70%W +0.2%  EOD range -0.8% → +3.1%
  #2 TSLA   +15m 55%W +0.1%  +30m 45%W -0.0%  +1h 50%W -0.0%  +2h 45%W -0.3%  +5h 65%W +0.5%  EOD 65%W +0.3%  EOD range -1.2% → +3.4%
  Ticker   N          +15m          +30m           +1h           +2h           +5h           EOD           EOD range
  ----------------------------------------------------------------------------------------------------------------------
  CHTR    20    50%W +0.0%    55%W +0.0%    45%W -0.2%    45%W -0.0%    60%W +0.1%    70%W +0.2%       -0.8% → +3.1%
  TSLA    20    55%W +0.1%    45%W -0.0%    50%W -0.0%    45%W -0.3%    65%W +0.5%    65%W +0.3%       -1.2% → +3.4%
  LLY     20    65%W +0.1%    50%W +0.0%    60%W +0.0%    50%W -0.0%    65%W +0.2%    60%W +0.3%       -1.9% → +2.0%
  AVGO    20    50%W -0.0%    60%W +0.1%    45%W -0.0%    45%W -0.0%    45%W -0.1%    55%W +0.2%       -1.7% → +1.6%
  AMD     20    50%W +0.0%    55%W +0.2%    55%W +0.1%    40%W -0.1%    50%W -0.2%    50%W -0.1%       -4.2% → +3.2%
  SNPS    20    60%W +0.2%    65%W +0.2%    65%W +0.2%    45%W -0.0%    50%W +0.0%    50%W +0.1%       -0.9% → +0.7%
  META    20    40%W -0.0%    35%W -0.1%    45%W -0.1%    55%W +0.1%    55%W +0.2%    45%W -0.0%       -1.0% → +1.9%
  MU      20    50%W -0.0%    60%W +0.1%    40%W -0.1%    35%W -0.1%    30%W -0.5%    35%W -0.5%       -1.9% → +2.0%
  QCOM    20    60%W +0.1%    45%W -0.1%    35%W -0.0%    30%W -0.2%    50%W -0.0%    35%W -0.4%       -4.1% → +0.6%
  MRVL    20    45%W -0.0%    40%W -0.0%    35%W -0.2%    30%W -0.1%    25%W -0.4%    30%W -0.3%       -1.5% → +1.4%
Pre-session top-2 (9:25, 20d EOD win rate) — 2017-01-25  OR: 09:30/3b
  #1 TSLA   +15m 50%W +0.0%  +30m 45%W -0.0%  +1h 50%W -0.0%  +2h 45%W -0.3%  +5h 65%W +0.5%  EOD 65%W +0.3%  EOD range -1.2% → +3.4%
  #2 CHTR   +15m 50%W +0.0%  +30m 60%W +0.0%  +1h 50%W -0.1%  +2h 50%W +0.1%  +5h 60%W +0.2%  EOD 65%W +0.1%  EOD range -0.8% → +3.1%
  Ticker   N          +15m          +30m           +1h           +2h           +5h           EOD           EOD range
  ----------------------------------------------------------------------------------------------------------------------
  TSLA    20    50%W +0.0%    45%W -0.0%    50%W -0.0%    45%W -0.3%    65%W +0.5%    65%W +0.3%       -1.2% → +3.4%
  CHTR    20    50%W +0.0%    60%W +0.0%    50%W -0.1%    50%W +0.1%    60%W +0.2%    65%W +0.1%       -0.8% → +3.1%
  AVGO    20    50%W -0.0%    65%W +0.2%    50%W -0.0%    50%W -0.0%    50%W -0.0%    60%W +0.3%       -1.7% → +2.1%
  LLY     20    60%W +0.0%    45%W -0.0%    60%W +0.0%    45%W -0.1%    60%W +0.1%    55%W +0.2%       -1.9% → +2.0%
  SNPS    20    60%W +0.2%    65%W +0.3%    65%W +0.3%    50%W +0.0%    55%W +0.1%    55%W +0.1%       -0.9% → +1.6%
  META    20    40%W -0.0%    35%W -0.1%    50%W +0.0%    55%W +0.1%    60%W +0.4%    50%W +0.1%       -1.0% → +1.9%
  AMD     20    55%W +0.1%    55%W +0.2%    50%W -0.0%    40%W -0.1%    50%W +0.0%    50%W -0.1%       -4.2% → +3.2%
  MRVL    20    45%W -0.0%    40%W -0.0%    35%W -0.2%    30%W -0.1%    30%W -0.4%    35%W -0.3%       -1.5% → +1.8%
  QCOM    20    60%W +0.1%    50%W +0.0%    35%W -0.0%    35%W -0.1%    50%W +0.0%    35%W -0.2%       -4.1% → +0.6%
  MU      20    45%W -0.1%    60%W +0.1%    40%W -0.1%    30%W -0.2%    30%W -0.5%    30%W -0.5%       -1.9% → +2.0%
Pre-session top-2 (9:25, 20d EOD win rate) — 2017-01-26  OR: 09:30/3b
  #1 CHTR   +15m 50%W +0.0%  +30m 55%W +0.0%  +1h 45%W -0.1%  +2h 50%W +0.1%  +5h 65%W +0.3%  EOD 65%W +0.2%  EOD range -0.8% → +3.1%
  #2 LLY    +15m 60%W +0.0%  +30m 45%W -0.0%  +1h 65%W +0.1%  +2h 50%W -0.0%  +5h 65%W +0.1%  EOD 60%W +0.2%  EOD range -1.9% → +2.0%
  Ticker   N          +15m          +30m           +1h           +2h           +5h           EOD           EOD range
  ----------------------------------------------------------------------------------------------------------------------
  CHTR    20    50%W +0.0%    55%W +0.0%    45%W -0.1%    50%W +0.1%    65%W +0.3%    65%W +0.2%       -0.8% → +3.1%
  LLY     20    60%W +0.0%    45%W -0.0%    65%W +0.1%    50%W -0.0%    65%W +0.1%    60%W +0.2%       -1.9% → +2.0%
  TSLA    20    50%W +0.0%    45%W -0.0%    50%W -0.0%    40%W -0.3%    60%W +0.5%    60%W +0.3%       -1.2% → +3.4%
  AVGO    20    55%W +0.0%    65%W +0.2%    50%W -0.0%    50%W -0.0%    50%W -0.0%    60%W +0.3%       -1.7% → +2.1%
  META    20    45%W -0.0%    40%W -0.0%    55%W +0.1%    60%W +0.1%    65%W +0.5%    55%W +0.3%       -1.0% → +1.9%
  SNPS    20    55%W +0.2%    65%W +0.2%    65%W +0.2%    45%W -0.0%    50%W -0.0%    55%W +0.1%       -0.9% → +1.6%
  AMD     20    50%W -0.1%    50%W +0.1%    45%W -0.1%    35%W -0.2%    45%W -0.7%    45%W -0.4%       -4.2% → +3.2%
  MU      20    45%W -0.1%    55%W +0.1%    40%W -0.1%    25%W -0.2%    35%W -0.5%    35%W -0.5%       -1.9% → +2.0%
  MRVL    20    50%W +0.0%    40%W -0.0%    40%W -0.1%    35%W -0.1%    35%W -0.4%    35%W -0.3%       -1.5% → +2.6%
  QCOM    20    55%W +0.0%    45%W -0.1%    40%W -0.0%    40%W -0.1%    50%W +0.0%    35%W -0.2%       -4.1% → +2.0%
Pre-session top-2 (9:25, 20d EOD win rate) — 2017-01-27  OR: 09:30/3b
  #1 CHTR   +15m 50%W +0.0%  +30m 50%W -0.0%  +1h 45%W -0.1%  +2h 50%W +0.1%  +5h 65%W +0.3%  EOD 65%W +0.2%  EOD range -0.8% → +3.1%
  #2 AVGO   +15m 55%W +0.0%  +30m 60%W +0.1%  +1h 50%W -0.0%  +2h 50%W -0.0%  +5h 55%W +0.1%  EOD 65%W +0.5%  EOD range -1.7% → +2.1%
  Ticker   N          +15m          +30m           +1h           +2h           +5h           EOD           EOD range
  ----------------------------------------------------------------------------------------------------------------------
  CHTR    20    50%W +0.0%    50%W -0.0%    45%W -0.1%    50%W +0.1%    65%W +0.3%    65%W +0.2%       -0.8% → +3.1%
  AVGO    20    55%W +0.0%    60%W +0.1%    50%W -0.0%    50%W -0.0%    55%W +0.1%    65%W +0.5%       -1.7% → +2.1%
  LLY     20    60%W +0.1%    50%W +0.0%    65%W +0.1%    55%W +0.1%    65%W +0.1%    60%W +0.2%       -1.9% → +2.0%
  TSLA    20    55%W +0.0%    45%W -0.0%    50%W -0.0%    40%W -0.3%    65%W +0.5%    60%W +0.3%       -1.2% → +3.4%
  META    20    40%W -0.0%    40%W -0.0%    55%W +0.0%    60%W +0.1%    65%W +0.4%    55%W +0.3%       -1.0% → +1.9%
  SNPS    20    50%W +0.1%    65%W +0.2%    60%W +0.2%    40%W -0.1%    45%W -0.1%    50%W +0.0%       -0.9% → +1.6%
  AMD     20    50%W -0.1%    50%W +0.1%    45%W -0.1%    35%W -0.2%    45%W -0.7%    45%W -0.4%       -4.2% → +3.1%
  QCOM    20    55%W +0.0%    45%W -0.1%    45%W -0.0%    40%W -0.1%    45%W -0.1%    40%W -0.2%       -4.1% → +2.0%
  MRVL    20    50%W +0.0%    45%W +0.0%    40%W -0.2%    40%W -0.1%    35%W -0.4%    35%W -0.3%       -1.5% → +2.6%
  MU      20    45%W -0.1%    50%W -0.1%    35%W -0.2%    20%W -0.3%    30%W -0.5%    30%W -0.6%       -1.9% → +2.0%
Pre-session top-2 (9:25, 20d EOD win rate) — 2017-01-30  OR: 09:30/3b
  #1 CHTR   +15m 50%W +0.0%  +30m 50%W -0.0%  +1h 45%W -0.1%  +2h 55%W +0.1%  +5h 70%W +0.4%  EOD 70%W +0.2%  EOD range -0.8% → +3.1%
  #2 AVGO   +15m 60%W +0.0%  +30m 65%W +0.2%  +1h 55%W +0.0%  +2h 55%W +0.0%  +5h 60%W +0.3%  EOD 70%W +0.5%  EOD range -1.7% → +2.1%
  Ticker   N          +15m          +30m           +1h           +2h           +5h           EOD           EOD range
  ----------------------------------------------------------------------------------------------------------------------
  CHTR    20    50%W +0.0%    50%W -0.0%    45%W -0.1%    55%W +0.1%    70%W +0.4%    70%W +0.2%       -0.8% → +3.1%
  AVGO    20    60%W +0.0%    65%W +0.2%    55%W +0.0%    55%W +0.0%    60%W +0.3%    70%W +0.5%       -1.7% → +2.1%
  LLY     20    65%W +0.1%    50%W +0.0%    70%W +0.1%    55%W +0.1%    65%W +0.1%    65%W +0.3%       -1.9% → +2.0%
  TSLA    20    60%W +0.1%    50%W +0.0%    55%W +0.1%    40%W -0.3%    70%W +0.5%    65%W +0.3%       -1.2% → +3.4%
  META    20    40%W -0.0%    40%W -0.0%    60%W +0.1%    65%W +0.2%    70%W +0.4%    60%W +0.3%       -1.0% → +1.9%
  SNPS    20    50%W +0.1%    70%W +0.2%    65%W +0.2%    40%W -0.1%    50%W -0.0%    55%W +0.1%       -0.9% → +1.6%
  AMD     20    55%W +0.1%    55%W +0.2%    50%W -0.0%    40%W -0.1%    50%W +0.0%    50%W -0.1%       -4.2% → +3.1%
  QCOM    20    60%W +0.1%    45%W -0.0%    45%W -0.0%    40%W -0.1%    45%W -0.1%    40%W -0.2%       -4.1% → +2.0%
  MU      20    45%W -0.1%    50%W +0.0%    40%W -0.1%    25%W -0.2%    35%W -0.5%    35%W -0.4%       -1.9% → +2.0%
  MRVL    20    50%W +0.0%    45%W +0.0%    40%W -0.1%    40%W -0.1%    35%W -0.4%    35%W -0.3%       -1.5% → +2.6%
Pre-session top-2 (9:25, 20d EOD win rate) — 2017-01-31  OR: 09:30/3b
  #1 CHTR   +15m 50%W +0.0%  +30m 50%W -0.0%  +1h 45%W -0.1%  +2h 55%W +0.1%  +5h 70%W +0.5%  EOD 75%W +0.3%  EOD range -0.8% → +3.1%
  #2 AVGO   +15m 60%W +0.0%  +30m 60%W +0.1%  +1h 55%W +0.0%  +2h 55%W +0.0%  +5h 60%W +0.3%  EOD 70%W +0.6%  EOD range -1.7% → +2.1%
  Ticker   N          +15m          +30m           +1h           +2h           +5h           EOD           EOD range
  ----------------------------------------------------------------------------------------------------------------------
  CHTR    20    50%W +0.0%    50%W -0.0%    45%W -0.1%    55%W +0.1%    70%W +0.5%    75%W +0.3%       -0.8% → +3.1%
  AVGO    20    60%W +0.0%    60%W +0.1%    55%W +0.0%    55%W +0.0%    60%W +0.3%    70%W +0.6%       -1.7% → +2.1%
  META    20    40%W -0.0%    40%W -0.0%    60%W +0.1%    65%W +0.2%    75%W +0.4%    65%W +0.4%       -1.0% → +1.9%
  LLY     20    60%W +0.1%    45%W -0.0%    70%W +0.1%    55%W +0.1%    60%W +0.1%    65%W +0.3%       -1.9% → +2.0%
  TSLA    20    60%W +0.1%    50%W +0.0%    55%W +0.1%    40%W -0.3%    70%W +0.5%    65%W +0.3%       -1.2% → +3.4%
  SNPS    20    45%W +0.0%    65%W +0.1%    60%W +0.1%    35%W -0.1%    50%W -0.0%    55%W +0.1%       -0.9% → +1.6%
  AMD     20    55%W +0.1%    55%W +0.2%    45%W -0.1%    45%W -0.1%    50%W +0.0%    50%W -0.1%       -4.2% → +3.1%
  MU      20    45%W -0.0%    50%W +0.0%    40%W -0.1%    30%W -0.2%    40%W -0.4%    40%W -0.2%       -1.9% → +2.0%
  MRVL    20    55%W +0.0%    45%W +0.0%    35%W -0.2%    40%W -0.1%    35%W -0.4%    35%W -0.3%       -1.5% → +2.6%
  QCOM    20    60%W +0.1%    45%W -0.0%    45%W -0.0%    45%W -0.1%    40%W -0.1%    35%W -0.4%       -4.1% → +2.0%

=========================================================================================================================================================================================
Pre-Session Top-2 Performance — 2017-01-03 to 2017-01-31  |  Unconditional OR-close entry  |  OR: 09:30/3b
=========================================================================================================================================================================================
Date         Ticker Rank  At       Entry       +15m       +30m       +45m        +1h     +1h30m        +2h        +3h        +4h        +5h        +6h        +7h        EOD
-----------------------------------------------------------------------------------------------------------------------------------------------------------------------------------------
2017-01-03   AMD    #1    09:40    11.21    +1.43%W    +3.66%W    +2.41%W    +2.05%W    +0.95%W    +0.58%W    -0.71%L    +0.18%W    +0.62%W    +1.61%W    +1.96%W    +1.96%W
2017-01-03   TSLA   #2    09:40   214.90    +1.34%W    +1.93%W    +2.02%W    +2.12%W    +1.37%W    +0.48%W    +0.70%W    +0.57%W    +0.51%W    +0.68%W    +0.97%W    +0.97%W
2017-01-04   AMD    #1    09:40    11.29    -0.31%L    +0.22%W    +0.22%W    +0.31%W    +0.80%W    +0.53%W    +1.12%W    +1.82%W    +1.42%W    +1.46%W    +1.28%W    +1.28%W
2017-01-04   TSLA   #2    09:40   219.59    +1.33%W    +1.05%W    +2.17%W    +1.93%W    +2.24%W    +2.44%W    +3.14%W    +2.99%W    +3.43%W    +3.10%W    +3.37%W    +3.37%W
2017-01-05   AMD    #1    09:40    11.48    +1.35%W    +0.26%W    -0.01%L    +0.22%W    -1.05%L    -1.66%L    -0.95%L    -1.61%L    -1.39%L    -1.96%L    -2.09%L    -2.09%L
2017-01-05   TSLA   #2    09:40   224.00    +0.07%W    -0.05%L    -0.26%L    -0.34%L    -0.45%L    -0.81%L    -0.18%L    -0.06%L    +1.20%W    +1.26%W    +1.23%W    +1.23%W
2017-01-06   AMD    #1    09:40    11.31    +0.19%W    +0.71%W    +0.62%W    +0.27%W    +0.54%W    +1.12%W    +1.11%W    +1.41%W    +0.49%W    +0.27%W    +0.04%W    +0.04%W
2017-01-06   TSLA   #2    09:40   228.55    +0.54%W    -0.17%L    -0.12%L    -0.35%L    -0.59%L    -0.72%L    -0.42%L    +0.03%W    +0.45%W    +0.33%W    +0.20%W    +0.20%W
2017-01-09   AMD    #1    09:40    11.53    +0.52%W    +0.35%W    +0.45%W    -0.17%L    +0.09%W    -0.11%L    -0.17%L    -0.17%L    -0.95%L    -0.22%L    -0.30%L    -0.30%L
2017-01-09   TSLA   #2    09:40   228.51    +0.31%W    +0.11%W    +0.68%W    +0.45%W    +1.20%W    +0.73%W    +1.33%W    +0.84%W    +0.89%W    +1.23%W    +1.18%W    +1.18%W
2017-01-10   AMD    #1    09:40    11.50    -0.46%L    -0.24%L    -0.72%L    -0.24%L    +0.41%W    -0.15%L    -0.63%L    -1.20%L    -1.24%L    -0.54%L    -0.50%L    -0.50%L
2017-01-10   TSLA   #2    09:40   230.19    -0.13%L    -0.23%L    -0.31%L    -0.33%L    -0.71%L    -0.76%L    -1.22%L    -0.78%L    -0.53%L    -0.17%L    -0.19%L    -0.19%L
2017-01-11   TSLA   #1    09:40   227.50    -0.03%L    -0.03%L    +0.53%W    +0.10%W    +0.07%W    +0.08%W    -0.07%L    +0.08%W    +0.61%W    +1.04%W    +0.98%W    +0.98%W
2017-01-11   AMD    #2    09:40    11.29    +0.39%W    +0.47%W    +0.22%W    +0.50%W    +0.27%W    -0.13%L    -0.40%L    -0.93%L    -0.44%L    -0.53%L    -0.80%L    -0.80%L
2017-01-12   TSLA   #1    09:40   228.87    -0.85%L    -0.87%L    -1.26%L    -0.62%L    -0.52%L    -0.28%L    -0.01%L    +0.35%W    +0.48%W    +0.41%W    +0.31%W    +0.31%W
2017-01-12   CHTR   #2    09:40   296.89    +0.16%W    +0.15%W    +0.05%W    -0.33%L    -0.58%L    -0.34%L    +0.00%L    -0.10%L    -0.03%L    +0.16%W    +0.09%W    +0.09%W
2017-01-13   TSLA   #1    09:40   233.10    +0.55%W    +0.21%W    +0.88%W    +0.51%W    +0.78%W    +0.97%W    +0.64%W    +0.85%W    +1.39%W    +1.86%W    +1.99%W    +1.99%W
2017-01-13   CHTR   #2    09:40   298.58    -0.03%L    -0.27%L    -0.18%L    -0.26%L    -0.30%L    -0.25%L    -0.28%L    +0.16%W    +0.17%W    +0.16%W    -0.05%L    -0.05%L
2017-01-17   TSLA   #1    09:40   238.37    -0.94%L    -1.34%L    -1.05%L    -0.68%L    -1.16%L    -1.12%L    -0.76%L    -0.83%L    -0.87%L    -0.89%L    -1.09%L    -1.09%L
2017-01-17   LLY    #2    09:40    76.37    -0.04%L    -0.04%L    -0.33%L    -0.10%L    -0.14%L    -0.17%L    +0.17%W    +0.72%W    +0.59%W    +0.71%W    +0.63%W    +0.63%W
2017-01-18   TSLA   #1    09:40   237.60    +0.68%W    +0.26%W    +0.14%W    +0.06%W    -0.11%L    -0.30%L    +0.17%W    +0.26%W    +0.46%W    +0.27%W    +0.31%W    +0.31%W
2017-01-18   LLY    #2    09:40    77.16    +0.05%W    -0.01%L    +0.24%W    +0.11%W    +0.24%W    +0.28%W    +0.46%W    +0.64%W    +0.46%W    +0.36%W    +0.49%W    +0.49%W
2017-01-19   TSLA   #1    09:40   246.66    +0.04%W    -0.37%L    -0.15%L    -0.34%L    -1.36%L    -1.52%L    -1.25%L    -2.04%L    -1.63%L    -1.33%L    -1.18%L    -1.18%L
2017-01-19   LLY    #2    09:40    77.36    -0.29%L    -0.26%L    -0.06%L    +0.27%W    +0.04%W    -0.11%L    -0.30%L    -0.31%L    -0.55%L    -0.67%L    -0.66%L    -0.66%L
2017-01-20   CHTR   #1    09:40   307.60    +0.13%W    -0.20%L    -0.07%L    +0.17%W    +0.20%W    -0.00%L    +0.29%W    +0.43%W    +0.39%W    -0.02%L    +0.27%W    +0.27%W
2017-01-20   LLY    #2    09:40    77.08    +0.36%W    +0.21%W    +0.16%W    +0.03%W    +0.14%W    -0.12%L    -0.36%L    -0.45%L    -0.56%L    -0.48%L    -0.36%L    -0.36%L
2017-01-23   CHTR   #1    09:40   308.62    -0.05%L    +0.01%W    -0.11%L    -0.23%L    -0.26%L    -0.38%L    -0.23%L    -0.12%L    -0.26%L    +0.09%W    +0.06%W    +0.06%W
2017-01-23   LLY    #2    09:40    76.82    -0.34%L    -0.17%L    -0.09%L    -0.38%L    -0.47%L    -0.44%L    -0.29%L    -0.51%L    -0.66%L    -0.62%L    -0.64%L    -0.64%L
2017-01-24   CHTR   #1    09:40   308.43    -0.13%L    +0.30%W    +0.53%W    +0.26%W    -0.00%L    +0.14%W    +0.39%W    +0.37%W    +0.26%W    +0.24%W    -0.03%L    -0.03%L
2017-01-24   TSLA   #2    09:40   251.85    -0.13%L    +0.15%W    +0.27%W    +0.16%W    +0.74%W    +0.37%W    +0.66%W    +0.53%W    +0.77%W    +1.01%W    +1.08%W    +1.08%W
2017-01-25   TSLA   #1    09:40   255.60    +0.71%W    +0.52%W    +0.26%W    +0.50%W    +0.16%W    -1.22%L    -1.01%L    -0.95%L    -0.58%L    -0.47%L    -0.47%L    -0.47%L
2017-01-25   CHTR   #2    09:40   309.24    +0.05%W    -0.03%L    -0.06%L    -0.09%L    -0.39%L    -0.58%L    -0.28%L    +0.49%W    +0.36%W    +0.43%W    +0.37%W    +0.37%W
2017-01-26   CHTR   #1    09:40   327.77    +1.77%W    -0.17%L    +2.48%W    +2.90%W    +2.46%W    +1.87%W    +0.39%W    -0.15%L    +0.86%W    +1.14%W    +1.64%W    +1.64%W
2017-01-26   LLY    #2    09:40    75.00    +0.37%W    +0.25%W    +0.11%W    +0.25%W    +0.07%W    +0.25%W    +0.09%W    -0.11%L    -0.45%L    -0.58%L    -0.55%L    -0.55%L
2017-01-27   CHTR   #1    09:40   322.87    -1.04%L    -0.18%L    -0.27%L    -0.58%L    -0.46%L    +0.88%W    +0.79%W    +0.87%W    +0.60%W    +0.15%W    +0.19%W    +0.19%W
2017-01-27   AVGO   #2    09:40   204.13    +0.26%W    +0.47%W    +0.57%W    +0.77%W    +0.35%W    +0.42%W    +0.54%W    +0.51%W    +0.45%W    +0.59%W    +0.76%W    +0.76%W
2017-01-30   CHTR   #1    09:40   321.46    -0.90%L    -0.94%L    -0.57%L    -0.86%L    -0.72%L    -0.59%L    +0.29%W    +0.26%W    +1.01%W    +0.79%W    +1.04%W    +1.04%W
2017-01-30   AVGO   #2    09:40   201.95    -0.01%L    -0.49%L    -0.02%L    -0.08%L    +0.28%W    -0.13%L    -0.16%L    -0.46%L    -0.08%L    +0.62%W    +0.59%W    +0.59%W
2017-01-31   CHTR   #1    09:40   323.52    -0.24%L    -0.75%L    -0.28%L    -0.44%L    -0.23%L    -0.39%L    -0.03%L    -0.24%L    -0.11%L    -0.02%L    +0.13%W    +0.13%W
2017-01-31   AVGO   #2    09:40   200.92    +0.01%W    -0.23%L    +0.08%W    -0.28%L    -0.11%L    -0.78%L    -0.54%L    -0.63%L    -0.68%L    -0.54%L    -0.70%L    -0.70%L

========================================================================================
Pre-session picks summary — 40 pick(s) across 20 trading day(s)

Top-2 picks (all days)  (40 signal(s))
  Hold      Count   Win Rate   Avg Gain    Avg Win   Avg Loss ProfitFactor   Sum Ret%
  -------------------------------------------------------------------------
  +15m         40      57.5%     +0.17%     +0.55%     -0.35%        2.14x     +6.72%
  +30m         40      47.5%     +0.11%     +0.59%     -0.34%        1.60x     +4.25%
  +45m         40      52.5%     +0.23%     +0.72%     -0.31%        2.56x     +9.18%
  +1h          40      52.5%     +0.18%     +0.66%     -0.35%        2.08x     +7.23%
  +1h30m       40      52.5%     +0.09%     +0.64%     -0.51%        1.39x     +3.78%
  +2h          40      37.5%     -0.05%     +0.74%     -0.52%        0.85x     -1.93%
  +3h          40      42.5%     +0.05%     +0.72%     -0.45%        1.19x     +1.99%
  +4h          40      52.5%     +0.07%     +0.68%     -0.61%        1.23x     +2.67%
  +5h          40      57.5%     +0.17%     +0.78%     -0.65%        1.62x     +6.84%
  +6h          40      62.5%     +0.27%     +0.80%     -0.60%        2.21x    +10.92%
  +7h          40      62.5%     +0.29%     +0.85%     -0.64%        2.20x    +11.54%
  EOD          40      62.5%     +0.29%     +0.85%     -0.64%        2.20x    +11.54%

=========================================================================================================================================================================================
Signal Analysis — 2017-01-03 to 2017-01-31  |  BULL only  |  Vol ≥ 1.0x 20dAvg
Windows: 09:30/3b  |  Collection: 3 bars  |  Tickers: 10
=========================================================================================================================================================================================
Date         Ticker Window   At       Entry  Vol/20d       +15m       +30m       +45m        +1h     +1h30m        +2h        +3h        +4h        +5h        +6h        +7h        EOD
-----------------------------------------------------------------------------------------------------------------------------------------------------------------------------------------
2017-01-03   TSLA   09:30/3b 09:40   214.90    1.95x    +1.34%W    +1.93%W    +2.02%W    +2.12%W    +1.37%W    +0.48%W    +0.70%W    +0.57%W    +0.51%W    +0.68%W    +0.97%W    +0.97%W
2017-01-03   AVGO   09:30/3b 09:40   178.21    1.59x    +0.12%W    +1.06%W    +0.93%W    +0.61%W    +0.25%W    -0.05%L    -0.00%L    -0.12%L    -0.78%L    -0.19%L    +0.08%W    +0.08%W
2017-01-04   TSLA   09:30/3b 09:40   219.59    3.97x    +1.33%W    +1.05%W    +2.17%W    +1.93%W    +2.24%W    +2.44%W    +3.14%W    +2.99%W    +3.43%W    +3.10%W    +3.37%W    +3.37%W
2017-01-05   META   09:30/3b 09:40   119.26    1.00x    -0.03%L    -0.19%L    +0.18%W    +0.39%W    -0.03%L    +0.03%W    +0.17%W    +0.62%W    +0.59%W    +1.25%W    +1.19%W    +1.19%W
2017-01-05   QCOM   09:30/3b 09:45    65.64    1.01x    +0.09%W    +0.24%W    -0.10%L    -0.14%L    -0.38%L    -0.66%L    -0.64%L    -0.27%L    -0.10%L    -0.10%L    -0.15%L    -0.15%L
2017-01-06   META   09:30/3b 09:40   121.10    1.66x    +0.60%W    +0.88%W    +0.92%W    +1.28%W    +1.61%W    +1.68%W    +1.96%W    +1.95%W    +2.18%W    +2.14%W    +1.94%W    +1.94%W
2017-01-06   QCOM   09:30/3b 09:40    65.25    1.05x    +0.08%W    -0.05%L    -0.26%L    -0.25%L    -0.26%L    -0.15%L    +0.55%W    +0.74%W    +0.38%W    +0.53%W    +0.43%W    +0.43%W
2017-01-06   TSLA   09:30/3b 09:45   229.07    1.44x    +0.23%W    -0.33%L    -0.50%L    -0.35%L    -1.12%L    -0.94%L    -0.46%L    -0.28%L    +0.08%W    +0.25%W    -0.03%L    -0.03%L
2017-01-06   CHTR   09:30/3b 09:45   295.96    2.64x    +0.09%W    +0.03%W    +0.07%W    +0.38%W    +0.61%W    +0.55%W    +0.50%W    +0.58%W    +0.72%W    +0.67%W    +0.75%W    +0.75%W
2017-01-06   AVGO   09:30/3b 09:40   175.40    1.37x    +0.11%W    +0.19%W    +0.04%W    -0.24%L    -0.04%L    +0.02%W    +0.42%W    +0.74%W    +0.82%W    +0.74%W    +0.69%W    +0.69%W
2017-01-09   META   09:30/3b 09:40   124.16    1.66x    +0.09%W    -0.03%L    +0.07%W    -0.33%L    -0.21%L    +0.14%W    +0.92%W    +0.70%W    +0.46%W    +0.77%W    +0.62%W    +0.62%W
2017-01-09   AMD    09:30/3b 09:40    11.53    1.91x    +0.52%W    +0.35%W    +0.45%W    -0.17%L    +0.09%W    -0.11%L    -0.17%L    -0.17%L    -0.95%L    -0.22%L    -0.30%L    -0.30%L
2017-01-10   QCOM   09:30/3b 09:40    65.88    1.80x    -0.03%L    -0.18%L    -0.06%L    +0.05%W    +0.38%W    +0.23%W    +0.26%W    +0.12%W    -0.10%L    -0.26%L    -0.38%L    -0.38%L
2017-01-11   LLY    09:30/3b 09:50    76.89    1.33x    -0.10%L    -0.41%L    -0.11%L    -0.20%L    -1.37%L    -2.11%L    -3.23%L    -3.23%L    -2.03%L    -2.19%L    -2.13%L    -2.13%L
2017-01-12   LLY    09:30/3b 09:40    75.64    1.09x    +0.66%W    +0.74%W    +1.12%W    +1.24%W    +1.56%W    +1.61%W    +2.09%W    +2.29%W    +2.32%W    +2.17%W    +2.00%W    +2.00%W
2017-01-12   MRVL   09:30/3b 09:40    14.48    1.14x    -0.52%L    -1.00%L    -0.66%L    -1.00%L    -1.21%L    -1.28%L    -1.10%L    -0.79%L    -0.52%L    -0.24%L    -0.38%L    -0.38%L
2017-01-12   QCOM   09:30/3b 09:40    65.71    2.17x    -0.02%L    -0.81%L    -0.32%L    -0.38%L    -0.78%L    -0.84%L    -0.02%L    +0.29%W    +0.35%W    +0.53%W    +0.61%W    +0.61%W
2017-01-13   LLY    09:30/3b 09:45    76.94    1.22x    +0.01%W    +0.40%W    +0.77%W    +0.88%W    +0.68%W    +1.18%W    +1.08%W    +0.94%W    +0.82%W    +0.64%W    +0.61%W    +0.61%W
2017-01-13   TSLA   09:30/3b 09:40   233.10    1.92x    +0.55%W    +0.21%W    +0.88%W    +0.51%W    +0.78%W    +0.97%W    +0.64%W    +0.85%W    +1.39%W    +1.86%W    +1.99%W    +1.99%W
2017-01-13   AVGO   09:30/3b 09:40   179.56    1.08x    -0.12%L    -0.18%L    -0.18%L    +0.01%W    +0.03%W    -0.02%L    -0.09%L    -0.02%L    +0.00%W    +0.57%W    +0.50%W    +0.50%W
2017-01-17   TSLA   09:30/3b 09:40   238.37    1.13x    -0.94%L    -1.34%L    -1.05%L    -0.68%L    -1.16%L    -1.12%L    -0.76%L    -0.83%L    -0.87%L    -0.89%L    -1.09%L    -1.09%L
2017-01-18   META   09:30/3b 09:40   128.06    1.02x    -0.21%L    -0.21%L    -0.33%L    -0.75%L    -0.78%L    -0.79%L    -0.52%L    -0.62%L    -0.23%L    -0.20%L    -0.10%L    -0.10%L
2017-01-18   QCOM   09:30/3b 09:40    65.45    6.33x    +0.66%W    +0.40%W    -0.03%L    -0.67%L    -0.47%L    -0.51%L    -0.46%L    -0.64%L    -0.73%L    -0.73%L    -0.52%L    -0.52%L
2017-01-18   AMD    09:30/3b 09:40     9.77    1.93x    +1.18%W    +1.95%W    +1.64%W    +1.43%W    +1.84%W    +2.88%W    +2.15%W    +1.59%W    +0.77%W    +0.87%W    +1.28%W    +1.28%W
2017-01-19   MU     09:30/3b 09:40    22.14    1.88x    +0.25%W    -0.56%L    -0.36%L    -0.41%L    -1.49%L    -1.11%L    -1.26%L    -1.24%L    -1.67%L    -1.85%L    -1.94%L    -1.94%L
2017-01-19   QCOM   09:30/3b 09:50    65.24    1.09x    -0.71%L    -0.65%L    -0.72%L    -0.94%L    -0.80%L    -0.80%L    -0.63%L    -0.66%L    -1.02%L    -1.18%L    -1.24%L    -1.24%L
2017-01-19   AMD    09:30/3b 09:40    10.21    1.04x    -0.34%L    -0.98%L    -0.98%L    -0.55%L    -1.01%L    -1.22%L    -2.01%L    -2.89%L    -3.23%L    -4.31%L    -4.21%L    -4.21%L
2017-01-19   AVGO   09:30/3b 09:50   186.13    1.40x    -0.32%L    -0.35%L    -0.63%L    -0.73%L    -0.21%L    -0.02%L    -0.34%L    -0.44%L    -0.48%L    -0.12%L    -0.30%L    -0.30%L
2017-01-20   CHTR   09:30/3b 09:40   307.60    1.00x    +0.13%W    -0.20%L    -0.07%L    +0.17%W    +0.20%W    -0.00%L    +0.29%W    +0.43%W    +0.39%W    -0.02%L    +0.27%W    +0.27%W
2017-01-23   META   09:30/3b 09:40   127.68    1.53x    +0.00%W    -0.03%L    +0.02%W    -0.02%L    -0.03%L    +0.13%W    +0.46%W    +0.82%W    +0.87%W    +1.21%W    +1.00%W    +1.00%W
2017-01-24   META   09:30/3b 09:45   129.03    1.12x    -0.26%L    -0.11%L    +0.03%W    +0.02%W    -0.11%L    -0.24%L    -0.40%L    +0.24%W    +0.44%W    +0.33%W    +0.26%W    +0.26%W
2017-01-24   MRVL   09:30/3b 09:40    14.24    2.90x    -0.07%L    +0.00%L    -0.14%L    -0.21%L    -0.07%L    -0.04%L    +0.35%W    +0.91%W    +1.26%W    +1.69%W    +1.83%W    +1.83%W
2017-01-24   AMD    09:30/3b 09:45    10.20    1.26x    -0.25%L    -0.54%L    -0.64%L    -1.28%L    -0.99%L    -0.57%L    +0.15%W    +1.72%W    +2.40%W    +2.31%W    +2.35%W    +2.35%W
2017-01-24   CHTR   09:30/3b 09:40   308.43    1.01x    -0.13%L    +0.30%W    +0.53%W    +0.26%W    -0.00%L    +0.14%W    +0.39%W    +0.37%W    +0.26%W    +0.24%W    -0.03%L    -0.03%L
2017-01-26   META   09:30/3b 09:40   132.53    1.60x    -0.12%L    +0.02%W    -0.22%L    +0.03%W    +0.18%W    +0.35%W    +0.27%W    +0.13%W    +0.23%W    +0.11%W    +0.18%W    +0.18%W
2017-01-26   AMD    09:30/3b 09:40    10.48    1.00x    +1.53%W    +0.72%W    -0.05%L    +0.68%W    +0.36%W    +0.48%W    +0.32%W    +0.33%W    +0.91%W    +0.48%W    +0.38%W    +0.38%W
2017-01-27   LLY    09:30/3b 09:40    75.07    1.14x    +0.16%W    -0.05%L    -0.21%L    +0.03%W    -0.11%L    -0.08%L    +0.03%W    +0.03%W    -0.01%L    +0.33%W    +0.41%W    +0.41%W
2017-01-30   MU     09:30/3b 09:40    23.81    1.01x    -0.02%L    -0.84%L    -0.97%L    -0.97%L    -0.04%L    +1.27%W    +1.26%W    +0.57%W    +1.09%W    +1.55%W    +1.60%W    +1.60%W
2017-01-30   MRVL   09:30/3b 09:40    15.00    2.13x    +0.13%W    -0.40%L    -0.47%L    -1.00%L    -0.27%L    -0.40%L    -0.60%L    -0.70%L    -0.63%L    -0.67%L    -0.60%L    -0.60%L

========================================================================================
Summary — 39 qualifying signal(s) across 20 trading day(s)

Window 09:30/3b  (39 signal(s))
  Hold      Count   Win Rate   Avg Gain    Avg Win   Avg Loss ProfitFactor   Sum Ret%
  -------------------------------------------------------------------------
  +15m         39      56.4%     +0.15%     +0.45%     -0.25%        2.35x     +5.67%
  +30m         39      41.0%     +0.03%     +0.65%     -0.41%        1.11x     +1.02%
  +45m         39      41.0%     +0.07%     +0.74%     -0.39%        1.31x     +2.79%
  +1h          39      46.2%     +0.02%     +0.67%     -0.54%        1.07x     +0.75%
  +1h30m       39      38.5%     -0.02%     +0.81%     -0.54%        0.94x     -0.76%
  +2h          39      43.6%     +0.04%     +0.86%     -0.59%        1.12x     +1.52%
  +3h          39      56.4%     +0.14%     +0.82%     -0.75%        1.43x     +5.41%
  +4h          39      61.5%     +0.19%     +0.85%     -0.86%        1.59x     +7.60%
  +5h          39      61.5%     +0.24%     +0.94%     -0.89%        1.70x     +9.31%
  +6h          39      61.5%     +0.30%     +1.04%     -0.88%        1.90x    +11.86%
  +7h          39      61.5%     +0.31%     +1.05%     -0.89%        1.89x    +11.90%
  EOD          39      61.5%     +0.31%     +1.05%     -0.89%        1.89x    +11.90%
