Fetching 5-min bars (2017-09-17 → 2017-11-30) [alpaca]...
  [cache] loaded 11 tickers from cache
Fetching daily bars (2016-11-01 → 2017-11-30)...

=========================================================================================================================================================================================
Pre-Session Rankings (9:25) — 2017-11-01 to 2017-11-30  |  20d lookback
(Unconditional hold from OR close — no signal or vol filter)
=========================================================================================================================================================================================
Pre-session top-2 (9:25, 20d EOD win rate) — 2017-11-01  OR: 09:30/3b
  #1 QCOM   +15m 45%W -0.0%  +30m 60%W +0.0%  +1h 50%W -0.0%  +2h 55%W +0.1%  +5h 60%W +0.1%  EOD 65%W +0.2%  EOD range -1.9% → +1.8%
  #2 MU     +15m 30%W -0.1%  +30m 35%W -0.2%  +1h 50%W -0.0%  +2h 55%W +0.3%  +5h 60%W +0.4%  EOD 55%W +0.2%  EOD range -2.2% → +2.8%
  Ticker   N          +15m          +30m           +1h           +2h           +5h           EOD           EOD range
  ----------------------------------------------------------------------------------------------------------------------
  QCOM    20    45%W -0.0%    60%W +0.0%    50%W -0.0%    55%W +0.1%    60%W +0.1%    65%W +0.2%       -1.9% → +1.8%
  MU      20    30%W -0.1%    35%W -0.2%    50%W -0.0%    55%W +0.3%    60%W +0.4%    55%W +0.2%       -2.2% → +2.8%
  SNPS    20    35%W -0.0%    55%W +0.1%    50%W +0.0%    40%W -0.1%    60%W +0.1%    50%W +0.1%       -0.8% → +1.6%
  CHTR    20    45%W -0.0%    35%W -0.1%    40%W -0.2%    50%W -0.1%    50%W +0.0%    50%W -0.1%       -2.4% → +3.6%
  TSLA    20    20%W -0.3%    35%W -0.3%    35%W -0.3%    50%W -0.1%    45%W -0.1%    50%W +0.0%       -3.1% → +2.3%
  AVGO    20    60%W +0.1%    50%W +0.0%    55%W +0.1%    55%W +0.2%    55%W +0.4%    50%W +0.0%       -1.2% → +3.9%
  META    20    40%W -0.0%    55%W +0.0%    55%W +0.0%    50%W +0.0%    55%W +0.0%    45%W -0.1%       -1.9% → +1.6%
  LLY     20    55%W +0.0%    45%W -0.0%    45%W -0.0%    40%W -0.1%    45%W -0.1%    45%W -0.2%       -1.6% → +1.0%
  MRVL    20    45%W -0.1%    55%W +0.0%    45%W -0.0%    35%W -0.1%    55%W +0.1%    45%W -0.0%       -1.5% → +1.2%
  AMD     20    40%W -0.2%    55%W +0.0%    45%W -0.2%    45%W -0.3%    40%W -0.7%    45%W -0.0%       -5.0% → +1.3%
Pre-session top-2 (9:25, 20d EOD win rate) — 2017-11-02  OR: 09:30/3b
  #1 QCOM   +15m 40%W -0.0%  +30m 60%W +0.0%  +1h 55%W +0.1%  +2h 60%W +0.1%  +5h 65%W +0.3%  EOD 65%W +0.3%  EOD range -1.9% → +3.0%
  #2 MU     +15m 30%W -0.1%  +30m 35%W -0.2%  +1h 50%W -0.0%  +2h 55%W +0.3%  +5h 60%W +0.4%  EOD 55%W +0.2%  EOD range -2.2% → +2.8%
  Ticker   N          +15m          +30m           +1h           +2h           +5h           EOD           EOD range
  ----------------------------------------------------------------------------------------------------------------------
  QCOM    20    40%W -0.0%    60%W +0.0%    55%W +0.1%    60%W +0.1%    65%W +0.3%    65%W +0.3%       -1.9% → +3.0%
  MU      20    30%W -0.1%    35%W -0.2%    50%W -0.0%    55%W +0.3%    60%W +0.4%    55%W +0.2%       -2.2% → +2.8%
  META    20    35%W -0.1%    50%W +0.0%    50%W -0.0%    45%W -0.1%    55%W +0.0%    50%W +0.0%       -1.9% → +1.6%
  CHTR    20    45%W -0.0%    35%W -0.1%    40%W -0.2%    50%W -0.1%    45%W -0.1%    50%W -0.2%       -2.4% → +3.6%
  SNPS    20    40%W -0.0%    55%W +0.1%    55%W +0.0%    45%W -0.0%    55%W +0.1%    45%W -0.0%       -0.8% → +1.6%
  LLY     20    55%W +0.0%    45%W -0.0%    45%W -0.0%    40%W -0.1%    45%W -0.1%    45%W -0.2%       -1.6% → +1.0%
  TSLA    20    15%W -0.3%    30%W -0.3%    30%W -0.3%    45%W -0.3%    40%W -0.2%    45%W -0.1%       -3.1% → +2.3%
  AVGO    20    55%W +0.0%    45%W -0.0%    50%W -0.0%    50%W -0.0%    50%W +0.0%    45%W -0.1%       -1.9% → +3.9%
  MRVL    20    45%W -0.1%    50%W -0.0%    40%W -0.1%    35%W -0.1%    50%W +0.0%    40%W -0.1%       -1.5% → +1.2%
  AMD     20    35%W -0.3%    50%W -0.0%    45%W -0.2%    40%W -0.5%    35%W -0.8%    40%W -0.3%       -5.0% → +1.3%
Pre-session top-2 (9:25, 20d EOD win rate) — 2017-11-03  OR: 09:30/3b
  #1 QCOM   +15m 45%W -0.0%  +30m 60%W +0.0%  +1h 55%W +0.1%  +2h 60%W +0.1%  +5h 60%W +0.3%  EOD 60%W +0.3%  EOD range -1.9% → +3.0%
  #2 MU     +15m 35%W -0.1%  +30m 30%W -0.3%  +1h 45%W -0.1%  +2h 50%W +0.0%  +5h 55%W +0.4%  EOD 55%W +0.2%  EOD range -2.2% → +2.8%
  Ticker   N          +15m          +30m           +1h           +2h           +5h           EOD           EOD range
  ----------------------------------------------------------------------------------------------------------------------
  QCOM    20    45%W -0.0%    60%W +0.0%    55%W +0.1%    60%W +0.1%    60%W +0.3%    60%W +0.3%       -1.9% → +3.0%
  MU      20    35%W -0.1%    30%W -0.3%    45%W -0.1%    50%W +0.0%    55%W +0.4%    55%W +0.2%       -2.2% → +2.8%
  CHTR    20    45%W -0.0%    35%W -0.1%    40%W -0.2%    50%W -0.1%    45%W -0.1%    50%W -0.2%       -2.4% → +3.6%
  META    20    40%W -0.0%    50%W +0.0%    50%W -0.0%    45%W -0.1%    50%W -0.0%    45%W -0.1%       -1.9% → +1.6%
  SNPS    20    40%W -0.0%    55%W +0.1%    55%W +0.0%    50%W -0.0%    55%W +0.1%    45%W -0.0%       -0.8% → +1.6%
  LLY     20    60%W +0.0%    45%W -0.0%    50%W +0.0%    40%W -0.1%    45%W -0.1%    45%W -0.2%       -1.6% → +1.0%
  MRVL    20    50%W +0.0%    50%W -0.0%    40%W -0.1%    35%W -0.1%    50%W +0.0%    45%W -0.0%       -1.5% → +1.2%
  AVGO    20    60%W +0.1%    50%W +0.0%    50%W -0.0%    50%W -0.0%    50%W +0.0%    45%W -0.1%       -1.9% → +3.9%
  TSLA    20    15%W -0.3%    25%W -0.4%    30%W -0.3%    45%W -0.3%    40%W -0.2%    40%W -0.3%       -3.1% → +2.3%
  AMD     20    40%W -0.3%    45%W -0.2%    40%W -0.3%    40%W -0.5%    30%W -0.8%    40%W -0.3%       -5.0% → +1.3%
Pre-session top-2 (9:25, 20d EOD win rate) — 2017-11-06  OR: 09:30/3b
  #1 QCOM   +15m 45%W -0.0%  +30m 55%W +0.0%  +1h 50%W -0.0%  +2h 60%W +0.1%  +5h 60%W +0.4%  EOD 60%W +0.3%  EOD range -1.9% → +12.6%
  #2 CHTR   +15m 45%W -0.0%  +30m 40%W -0.1%  +1h 45%W -0.1%  +2h 50%W -0.1%  +5h 45%W -0.1%  EOD 55%W +0.1%  EOD range -2.4% → +3.6%
  Ticker   N          +15m          +30m           +1h           +2h           +5h           EOD           EOD range
  ----------------------------------------------------------------------------------------------------------------------
  QCOM    20    45%W -0.0%    55%W +0.0%    50%W -0.0%    60%W +0.1%    60%W +0.4%    60%W +0.3%      -1.9% → +12.6%
  CHTR    20    45%W -0.0%    40%W -0.1%    45%W -0.1%    50%W -0.1%    45%W -0.1%    55%W +0.1%       -2.4% → +3.6%
  MU      20    35%W -0.2%    25%W -0.3%    40%W -0.1%    45%W -0.2%    50%W +0.1%    50%W +0.1%       -2.2% → +2.8%
  MRVL    20    50%W +0.0%    50%W -0.0%    40%W -0.1%    40%W -0.1%    50%W +0.0%    50%W +0.0%       -1.5% → +1.2%
  META    20    40%W -0.0%    50%W +0.0%    50%W -0.0%    45%W -0.1%    50%W -0.0%    45%W -0.1%       -1.9% → +1.6%
  SNPS    20    45%W -0.0%    55%W +0.1%    55%W +0.0%    50%W -0.0%    55%W +0.1%    45%W -0.0%       -0.8% → +1.6%
  LLY     20    60%W +0.0%    45%W -0.0%    55%W +0.1%    35%W -0.1%    50%W +0.0%    45%W -0.2%       -1.6% → +1.0%
  AVGO    20    55%W +0.0%    45%W -0.0%    45%W -0.1%    50%W -0.0%    50%W +0.0%    45%W -0.1%       -1.9% → +3.9%
  AMD     20    45%W -0.2%    50%W -0.0%    45%W -0.2%    45%W -0.3%    35%W -0.8%    45%W -0.0%       -5.0% → +2.6%
  TSLA    20    15%W -0.3%    25%W -0.4%    30%W -0.3%    45%W -0.3%    40%W -0.2%    40%W -0.3%       -3.1% → +2.3%
Pre-session top-2 (9:25, 20d EOD win rate) — 2017-11-07  OR: 09:30/3b
  #1 QCOM   +15m 50%W +0.0%  +30m 55%W +0.0%  +1h 50%W -0.0%  +2h 55%W +0.1%  +5h 55%W +0.3%  EOD 55%W +0.2%  EOD range -2.9% → +12.6%
  #2 CHTR   +15m 45%W -0.0%  +30m 40%W -0.1%  +1h 45%W -0.1%  +2h 50%W -0.0%  +5h 45%W -0.1%  EOD 55%W +0.1%  EOD range -2.4% → +3.6%
  Ticker   N          +15m          +30m           +1h           +2h           +5h           EOD           EOD range
  ----------------------------------------------------------------------------------------------------------------------
  QCOM    20    50%W +0.0%    55%W +0.0%    50%W -0.0%    55%W +0.1%    55%W +0.3%    55%W +0.2%      -2.9% → +12.6%
  CHTR    20    45%W -0.0%    40%W -0.1%    45%W -0.1%    50%W -0.0%    45%W -0.1%    55%W +0.1%       -2.4% → +3.6%
  META    20    35%W -0.0%    45%W -0.0%    45%W -0.1%    40%W -0.2%    50%W -0.0%    50%W +0.0%       -1.9% → +1.6%
  SNPS    20    50%W -0.0%    60%W +0.1%    60%W +0.1%    55%W +0.0%    60%W +0.1%    50%W +0.1%       -0.8% → +1.6%
  MU      20    40%W -0.1%    25%W -0.3%    35%W -0.3%    40%W -0.3%    45%W -0.1%    45%W -0.3%       -2.2% → +2.8%
  MRVL    20    45%W -0.1%    45%W -0.1%    40%W -0.1%    35%W -0.1%    45%W -0.0%    45%W -0.0%       -1.5% → +1.2%
  AVGO    20    50%W -0.0%    45%W -0.0%    45%W -0.1%    45%W -0.2%    50%W +0.0%    45%W -0.3%       -1.9% → +3.9%
  AMD     20    45%W -0.2%    45%W -0.2%    40%W -0.3%    40%W -0.5%    35%W -0.8%    45%W -0.0%       -5.0% → +2.6%
  LLY     20    65%W +0.0%    50%W +0.0%    60%W +0.1%    40%W -0.1%    50%W +0.0%    40%W -0.2%       -1.6% → +1.0%
  TSLA    20    15%W -0.3%    25%W -0.4%    30%W -0.3%    45%W -0.3%    40%W -0.2%    40%W -0.3%       -3.1% → +2.3%
Pre-session top-2 (9:25, 20d EOD win rate) — 2017-11-08  OR: 09:30/3b
  #1 QCOM   +15m 50%W +0.0%  +30m 50%W +0.0%  +1h 50%W -0.0%  +2h 55%W +0.1%  +5h 55%W +0.3%  EOD 55%W +0.2%  EOD range -2.9% → +12.6%
  #2 CHTR   +15m 45%W -0.0%  +30m 40%W -0.1%  +1h 45%W -0.1%  +2h 50%W -0.0%  +5h 45%W -0.1%  EOD 55%W +0.1%  EOD range -2.4% → +3.6%
  Ticker   N          +15m          +30m           +1h           +2h           +5h           EOD           EOD range
  ----------------------------------------------------------------------------------------------------------------------
  QCOM    20    50%W +0.0%    50%W +0.0%    50%W -0.0%    55%W +0.1%    55%W +0.3%    55%W +0.2%      -2.9% → +12.6%
  CHTR    20    45%W -0.0%    40%W -0.1%    45%W -0.1%    50%W -0.0%    45%W -0.1%    55%W +0.1%       -2.4% → +3.6%
  META    20    35%W -0.0%    45%W -0.0%    45%W -0.1%    40%W -0.2%    50%W -0.0%    50%W +0.0%       -1.9% → +1.6%
  SNPS    20    45%W -0.0%    55%W +0.1%    55%W +0.0%    50%W -0.0%    55%W +0.1%    45%W -0.0%       -0.9% → +1.6%
  MU      20    45%W -0.1%    30%W -0.2%    40%W -0.1%    45%W -0.2%    40%W -0.2%    45%W -0.3%       -2.2% → +2.8%
  AVGO    20    45%W -0.1%    45%W -0.1%    45%W -0.2%    45%W -0.2%    50%W +0.0%    45%W -0.3%       -1.9% → +3.9%
  LLY     20    65%W +0.0%    50%W +0.0%    55%W +0.1%    40%W -0.1%    50%W +0.0%    40%W -0.2%       -1.6% → +1.0%
  MRVL    20    40%W -0.1%    45%W -0.1%    35%W -0.1%    35%W -0.1%    40%W -0.1%    40%W -0.1%       -1.5% → +1.2%
  TSLA    20    15%W -0.4%    20%W -0.5%    25%W -0.5%    40%W -0.4%    40%W -0.2%    40%W -0.3%       -3.1% → +2.3%
  AMD     20    45%W -0.2%    40%W -0.2%    40%W -0.3%    45%W -0.3%    40%W -0.4%    40%W -0.2%       -5.0% → +2.6%
Pre-session top-2 (9:25, 20d EOD win rate) — 2017-11-09  OR: 09:30/3b
  #1 QCOM   +15m 50%W +0.0%  +30m 50%W +0.0%  +1h 50%W -0.0%  +2h 55%W +0.1%  +5h 55%W +0.3%  EOD 55%W +0.2%  EOD range -2.9% → +12.6%
  #2 META   +15m 35%W -0.0%  +30m 45%W -0.0%  +1h 45%W -0.1%  +2h 40%W -0.2%  +5h 50%W +0.0%  EOD 50%W -0.0%  EOD range -1.9% → +1.6%
  Ticker   N          +15m          +30m           +1h           +2h           +5h           EOD           EOD range
  ----------------------------------------------------------------------------------------------------------------------
  QCOM    20    50%W +0.0%    50%W +0.0%    50%W -0.0%    55%W +0.1%    55%W +0.3%    55%W +0.2%      -2.9% → +12.6%
  META    20    35%W -0.0%    45%W -0.0%    45%W -0.1%    40%W -0.2%    50%W +0.0%    50%W -0.0%       -1.9% → +1.6%
  SNPS    20    50%W -0.0%    55%W +0.1%    60%W +0.1%    55%W +0.0%    60%W +0.1%    50%W +0.1%       -0.9% → +1.6%
  CHTR    20    40%W -0.0%    40%W -0.1%    45%W -0.1%    50%W -0.1%    40%W -0.3%    50%W -0.2%       -2.4% → +3.6%
  MU      20    45%W -0.0%    35%W -0.1%    35%W -0.1%    45%W -0.2%    40%W -0.2%    45%W -0.3%       -2.2% → +2.8%
  LLY     20    70%W +0.1%    50%W +0.0%    55%W +0.1%    45%W -0.1%    55%W +0.1%    45%W -0.1%       -1.6% → +1.0%
  MRVL    20    45%W -0.1%    40%W -0.1%    30%W -0.1%    30%W -0.1%    35%W -0.1%    45%W -0.1%       -1.5% → +1.2%
  AVGO    20    45%W -0.1%    45%W -0.1%    45%W -0.2%    45%W -0.2%    50%W +0.0%    45%W -0.3%       -1.9% → +3.9%
  TSLA    20    15%W -0.4%    20%W -0.5%    20%W -0.5%    35%W -0.4%    40%W -0.2%    40%W -0.3%       -3.1% → +2.3%
  AMD     20    45%W -0.2%    40%W -0.2%    40%W -0.3%    45%W -0.3%    40%W -0.4%    40%W -0.4%       -5.0% → +2.6%
Pre-session top-2 (9:25, 20d EOD win rate) — 2017-11-10  OR: 09:30/3b
  #1 QCOM   +15m 55%W +0.0%  +30m 50%W +0.0%  +1h 55%W +0.0%  +2h 55%W +0.1%  +5h 55%W +0.3%  EOD 55%W +0.2%  EOD range -2.9% → +12.6%
  #2 META   +15m 30%W -0.0%  +30m 45%W -0.0%  +1h 45%W -0.1%  +2h 40%W -0.2%  +5h 50%W +0.0%  EOD 50%W -0.0%  EOD range -1.9% → +1.6%
  Ticker   N          +15m          +30m           +1h           +2h           +5h           EOD           EOD range
  ----------------------------------------------------------------------------------------------------------------------
  QCOM    20    55%W +0.0%    50%W +0.0%    55%W +0.0%    55%W +0.1%    55%W +0.3%    55%W +0.2%      -2.9% → +12.6%
  META    20    30%W -0.0%    45%W -0.0%    45%W -0.1%    40%W -0.2%    50%W +0.0%    50%W -0.0%       -1.9% → +1.6%
  SNPS    20    50%W -0.0%    55%W +0.1%    60%W +0.1%    55%W +0.0%    60%W +0.1%    50%W +0.1%       -0.9% → +1.0%
  MU      20    45%W -0.0%    40%W -0.1%    40%W -0.1%    50%W -0.1%    45%W -0.1%    50%W +0.1%       -2.0% → +2.8%
  MRVL    20    45%W -0.1%    40%W -0.1%    35%W -0.1%    30%W -0.1%    40%W -0.1%    50%W +0.0%       -1.5% → +1.2%
  CHTR    20    40%W -0.0%    40%W -0.1%    45%W -0.1%    50%W -0.1%    40%W -0.3%    50%W -0.2%       -2.4% → +3.6%
  LLY     20    70%W +0.1%    55%W +0.0%    55%W +0.1%    50%W -0.0%    50%W +0.1%    40%W -0.2%       -1.6% → +1.0%
  TSLA    20    15%W -0.4%    20%W -0.5%    20%W -0.5%    35%W -0.4%    40%W -0.2%    40%W -0.3%       -3.1% → +2.3%
  AVGO    20    45%W -0.1%    45%W -0.1%    40%W -0.2%    40%W -0.4%    45%W -0.2%    40%W -0.3%       -1.9% → +3.9%
  AMD     20    45%W -0.2%    40%W -0.2%    45%W -0.2%    50%W -0.2%    35%W -0.5%    35%W -0.4%       -5.0% → +2.6%
Pre-session top-2 (9:25, 20d EOD win rate) — 2017-11-13  OR: 09:30/3b
  #1 QCOM   +15m 50%W +0.0%  +30m 45%W -0.0%  +1h 55%W +0.0%  +2h 55%W +0.1%  +5h 60%W +0.4%  EOD 60%W +0.3%  EOD range -2.9% → +12.6%
  #2 META   +15m 30%W -0.0%  +30m 45%W -0.0%  +1h 45%W -0.1%  +2h 40%W -0.2%  +5h 55%W +0.1%  EOD 55%W +0.1%  EOD range -1.9% → +1.6%
  Ticker   N          +15m          +30m           +1h           +2h           +5h           EOD           EOD range
  ----------------------------------------------------------------------------------------------------------------------
  QCOM    20    50%W +0.0%    45%W -0.0%    55%W +0.0%    55%W +0.1%    60%W +0.4%    60%W +0.3%      -2.9% → +12.6%
  META    20    30%W -0.0%    45%W -0.0%    45%W -0.1%    40%W -0.2%    55%W +0.1%    55%W +0.1%       -1.9% → +1.6%
  SNPS    20    45%W -0.0%    50%W +0.0%    55%W +0.1%    55%W +0.0%    60%W +0.1%    55%W +0.2%       -0.9% → +1.0%
  MU      20    40%W -0.1%    35%W -0.1%    35%W -0.1%    45%W -0.2%    50%W -0.0%    55%W +0.2%       -2.0% → +2.8%
  MRVL    20    45%W -0.1%    40%W -0.1%    40%W -0.1%    35%W -0.1%    45%W -0.0%    55%W +0.1%       -1.5% → +1.2%
  CHTR    20    40%W -0.0%    35%W -0.1%    40%W -0.3%    45%W -0.4%    35%W -0.6%    45%W -0.6%       -2.4% → +3.6%
  AVGO    20    40%W -0.1%    45%W -0.1%    45%W -0.2%    45%W -0.4%    50%W -0.1%    45%W -0.3%       -1.9% → +3.9%
  TSLA    20    20%W -0.4%    20%W -0.5%    20%W -0.5%    30%W -0.6%    40%W -0.2%    40%W -0.3%       -3.1% → +2.3%
  LLY     20    70%W +0.1%    55%W +0.0%    55%W +0.1%    50%W -0.0%    45%W -0.1%    35%W -0.2%       -1.6% → +1.0%
  AMD     20    40%W -0.2%    35%W -0.2%    40%W -0.3%    45%W -0.4%    30%W -0.8%    30%W -0.5%       -5.0% → +2.6%
Pre-session top-2 (9:25, 20d EOD win rate) — 2017-11-14  OR: 09:30/3b
  #1 QCOM   +15m 55%W +0.0%  +30m 45%W -0.0%  +1h 60%W +0.1%  +2h 60%W +0.1%  +5h 65%W +0.4%  EOD 65%W +0.4%  EOD range -2.9% → +12.6%
  #2 META   +15m 35%W -0.0%  +30m 50%W +0.0%  +1h 50%W -0.0%  +2h 45%W -0.2%  +5h 60%W +0.1%  EOD 60%W +0.1%  EOD range -1.9% → +1.6%
  Ticker   N          +15m          +30m           +1h           +2h           +5h           EOD           EOD range
  ----------------------------------------------------------------------------------------------------------------------
  QCOM    20    55%W +0.0%    45%W -0.0%    60%W +0.1%    60%W +0.1%    65%W +0.4%    65%W +0.4%      -2.9% → +12.6%
  META    20    35%W -0.0%    50%W +0.0%    50%W -0.0%    45%W -0.2%    60%W +0.1%    60%W +0.1%       -1.9% → +1.6%
  SNPS    20    50%W -0.0%    55%W +0.2%    60%W +0.1%    60%W +0.1%    65%W +0.2%    60%W +0.2%       -0.9% → +1.0%
  MRVL    20    45%W -0.1%    45%W -0.0%    45%W -0.0%    40%W -0.1%    50%W +0.1%    60%W +0.1%       -1.5% → +1.2%
  MU      20    40%W -0.1%    35%W -0.1%    40%W -0.1%    45%W -0.2%    50%W -0.0%    55%W +0.2%       -2.0% → +2.8%
  AVGO    20    40%W -0.1%    50%W +0.0%    50%W -0.0%    50%W +0.0%    55%W +0.2%    50%W -0.1%       -1.9% → +3.9%
  CHTR    20    40%W -0.0%    40%W -0.1%    40%W -0.3%    45%W -0.4%    35%W -0.6%    45%W -0.6%       -2.4% → +3.6%
  TSLA    20    25%W -0.3%    25%W -0.5%    25%W -0.4%    30%W -0.6%    45%W -0.2%    45%W -0.3%       -3.1% → +4.8%
  LLY     20    65%W +0.0%    60%W +0.1%    60%W +0.1%    55%W +0.0%    45%W -0.0%    40%W -0.2%       -1.6% → +1.0%
  AMD     20    45%W -0.1%    35%W -0.2%    45%W -0.2%    45%W -0.4%    30%W -0.8%    30%W -0.5%       -5.0% → +2.6%
Pre-session top-2 (9:25, 20d EOD win rate) — 2017-11-15  OR: 09:30/3b
  #1 SNPS   +15m 50%W -0.0%  +30m 50%W +0.1%  +1h 65%W +0.1%  +2h 65%W +0.1%  +5h 70%W +0.2%  EOD 65%W +0.2%  EOD range -0.9% → +1.0%
  #2 META   +15m 35%W -0.0%  +30m 50%W +0.0%  +1h 50%W -0.0%  +2h 45%W -0.2%  +5h 60%W +0.1%  EOD 60%W +0.1%  EOD range -1.9% → +1.6%
  Ticker   N          +15m          +30m           +1h           +2h           +5h           EOD           EOD range
  ----------------------------------------------------------------------------------------------------------------------
  SNPS    20    50%W -0.0%    50%W +0.1%    65%W +0.1%    65%W +0.1%    70%W +0.2%    65%W +0.2%       -0.9% → +1.0%
  META    20    35%W -0.0%    50%W +0.0%    50%W -0.0%    45%W -0.2%    60%W +0.1%    60%W +0.1%       -1.9% → +1.6%
  MRVL    20    50%W +0.0%    45%W -0.0%    45%W -0.0%    40%W -0.1%    50%W +0.1%    60%W +0.1%       -1.5% → +1.2%
  QCOM    20    55%W +0.0%    45%W -0.0%    55%W +0.0%    55%W +0.1%    60%W +0.4%    60%W +0.3%      -2.9% → +12.6%
  MU      20    40%W -0.1%    35%W -0.1%    40%W -0.1%    45%W -0.2%    50%W -0.0%    55%W +0.2%       -1.9% → +2.8%
  AVGO    20    40%W -0.1%    50%W +0.0%    50%W -0.0%    50%W +0.0%    55%W +0.2%    50%W -0.1%       -1.9% → +3.9%
  CHTR    20    40%W -0.0%    40%W -0.1%    40%W -0.4%    40%W -0.4%    35%W -0.6%    45%W -0.9%       -2.4% → +3.6%
  LLY     20    60%W +0.0%    55%W +0.0%    60%W +0.1%    60%W +0.0%    45%W -0.1%    40%W -0.2%       -1.6% → +1.0%
  TSLA    20    25%W -0.4%    25%W -0.5%    25%W -0.5%    25%W -0.6%    40%W -0.3%    40%W -0.5%       -3.1% → +4.8%
  AMD     20    50%W -0.0%    35%W -0.2%    45%W -0.2%    45%W -0.4%    30%W -0.8%    30%W -0.5%       -5.0% → +2.6%
Pre-session top-2 (9:25, 20d EOD win rate) — 2017-11-16  OR: 09:30/3b
  #1 SNPS   +15m 55%W +0.0%  +30m 55%W +0.3%  +1h 70%W +0.2%  +2h 70%W +0.1%  +5h 70%W +0.2%  EOD 70%W +0.3%  EOD range -0.9% → +1.0%
  #2 META   +15m 40%W -0.0%  +30m 55%W +0.0%  +1h 50%W -0.0%  +2h 50%W -0.1%  +5h 60%W +0.2%  EOD 65%W +0.2%  EOD range -1.9% → +1.6%
  Ticker   N          +15m          +30m           +1h           +2h           +5h           EOD           EOD range
  ----------------------------------------------------------------------------------------------------------------------
  SNPS    20    55%W +0.0%    55%W +0.3%    70%W +0.2%    70%W +0.1%    70%W +0.2%    70%W +0.3%       -0.9% → +1.0%
  META    20    40%W -0.0%    55%W +0.0%    50%W -0.0%    50%W -0.1%    60%W +0.2%    65%W +0.2%       -1.9% → +1.6%
  MRVL    20    50%W +0.0%    45%W +0.0%    50%W +0.1%    45%W -0.1%    50%W +0.1%    60%W +0.1%       -1.5% → +1.3%
  MU      20    45%W -0.0%    40%W -0.1%    45%W -0.1%    50%W -0.1%    55%W +0.3%    55%W +0.2%       -1.9% → +2.8%
  QCOM    20    60%W +0.1%    50%W -0.0%    55%W +0.0%    55%W +0.1%    60%W +0.3%    55%W +0.2%      -2.9% → +12.6%
  CHTR    20    40%W -0.0%    40%W -0.1%    45%W -0.3%    45%W -0.4%    40%W -0.3%    50%W -0.4%       -2.4% → +3.6%
  AVGO    20    40%W -0.1%    55%W +0.2%    55%W +0.0%    55%W +0.4%    55%W +0.2%    50%W -0.1%       -1.9% → +3.9%
  LLY     20    55%W +0.0%    55%W +0.0%    65%W +0.1%    65%W +0.1%    45%W -0.1%    40%W -0.2%       -1.6% → +1.0%
  TSLA    20    30%W -0.4%    25%W -0.5%    25%W -0.5%    25%W -0.6%    40%W -0.3%    40%W -0.5%       -3.1% → +4.8%
  AMD     20    55%W +0.1%    40%W -0.2%    50%W -0.1%    50%W -0.0%    35%W -0.5%    35%W -0.4%       -5.0% → +2.6%
Pre-session top-2 (9:25, 20d EOD win rate) — 2017-11-17  OR: 09:30/3b
  #1 META   +15m 40%W -0.0%  +30m 55%W +0.1%  +1h 50%W -0.0%  +2h 50%W -0.1%  +5h 60%W +0.2%  EOD 65%W +0.2%  EOD range -1.9% → +1.6%
  #2 SNPS   +15m 60%W +0.1%  +30m 60%W +0.3%  +1h 65%W +0.1%  +2h 65%W +0.1%  +5h 65%W +0.2%  EOD 65%W +0.2%  EOD range -0.9% → +1.0%
  Ticker   N          +15m          +30m           +1h           +2h           +5h           EOD           EOD range
  ----------------------------------------------------------------------------------------------------------------------
  META    20    40%W -0.0%    55%W +0.1%    50%W -0.0%    50%W -0.1%    60%W +0.2%    65%W +0.2%       -1.9% → +1.6%
  SNPS    20    60%W +0.1%    60%W +0.3%    65%W +0.1%    65%W +0.1%    65%W +0.2%    65%W +0.2%       -0.9% → +1.0%
  MRVL    20    55%W +0.0%    45%W +0.0%    50%W +0.1%    45%W -0.1%    50%W +0.1%    60%W +0.1%       -1.5% → +1.3%
  MU      20    45%W -0.0%    40%W -0.1%    45%W -0.1%    50%W -0.1%    55%W +0.3%    55%W +0.2%       -1.9% → +2.1%
  QCOM    20    60%W +0.1%    45%W -0.1%    55%W +0.0%    50%W +0.0%    60%W +0.3%    50%W +0.1%      -2.9% → +12.6%
  CHTR    20    40%W -0.0%    40%W -0.1%    50%W -0.1%    50%W -0.1%    45%W -0.3%    50%W -0.4%       -2.4% → +3.6%
  AVGO    20    45%W -0.1%    60%W +0.3%    55%W +0.0%    55%W +0.4%    55%W +0.2%    50%W -0.1%       -1.9% → +3.9%
  LLY     20    55%W +0.0%    55%W +0.0%    65%W +0.1%    65%W +0.1%    45%W -0.1%    40%W -0.2%       -1.6% → +1.5%
  TSLA    20    30%W -0.3%    30%W -0.5%    30%W -0.4%    30%W -0.4%    45%W -0.2%    40%W -0.5%       -3.1% → +4.8%
  AMD     20    50%W +0.0%    35%W -0.2%    50%W -0.1%    45%W -0.4%    35%W -0.5%    30%W -0.4%       -5.0% → +2.6%
Pre-session top-2 (9:25, 20d EOD win rate) — 2017-11-20  OR: 09:30/3b
  #1 META   +15m 45%W -0.0%  +30m 50%W +0.0%  +1h 55%W +0.0%  +2h 55%W +0.1%  +5h 60%W +0.2%  EOD 65%W +0.2%  EOD range -1.9% → +1.6%
  #2 MRVL   +15m 50%W -0.0%  +30m 50%W +0.0%  +1h 55%W +0.1%  +2h 50%W +0.0%  +5h 55%W +0.1%  EOD 65%W +0.1%  EOD range -1.5% → +1.3%
  Ticker   N          +15m          +30m           +1h           +2h           +5h           EOD           EOD range
  ----------------------------------------------------------------------------------------------------------------------
  META    20    45%W -0.0%    50%W +0.0%    55%W +0.0%    55%W +0.1%    60%W +0.2%    65%W +0.2%       -1.9% → +1.6%
  MRVL    20    50%W -0.0%    50%W +0.0%    55%W +0.1%    50%W +0.0%    55%W +0.1%    65%W +0.1%       -1.5% → +1.3%
  SNPS    20    55%W +0.0%    55%W +0.2%    60%W +0.1%    60%W +0.1%    60%W +0.2%    60%W +0.2%       -0.9% → +1.0%
  MU      20    45%W -0.0%    40%W -0.1%    45%W -0.1%    50%W -0.0%    55%W +0.3%    55%W +0.2%       -1.9% → +2.1%
  QCOM    20    60%W +0.1%    45%W -0.1%    50%W -0.0%    55%W +0.1%    65%W +0.4%    55%W +0.3%      -2.9% → +12.6%
  AVGO    20    40%W -0.1%    55%W +0.2%    50%W -0.0%    50%W +0.1%    50%W -0.0%    55%W +0.1%       -1.9% → +3.9%
  CHTR    20    45%W -0.0%    45%W -0.1%    55%W +0.1%    55%W +0.2%    50%W +0.0%    50%W -0.0%       -2.4% → +3.6%
  TSLA    20    30%W -0.3%    30%W -0.5%    30%W -0.4%    30%W -0.4%    45%W -0.2%    40%W -0.5%       -3.1% → +4.8%
  LLY     20    55%W +0.0%    50%W +0.0%    65%W +0.1%    60%W +0.1%    40%W -0.1%    35%W -0.2%       -1.6% → +1.5%
  AMD     20    50%W +0.0%    40%W -0.2%    50%W -0.1%    40%W -0.4%    35%W -0.8%    30%W -0.4%       -5.0% → +2.6%
Pre-session top-2 (9:25, 20d EOD win rate) — 2017-11-21  OR: 09:30/3b
  #1 MRVL   +15m 50%W -0.0%  +30m 50%W +0.0%  +1h 55%W +0.1%  +2h 55%W +0.1%  +5h 60%W +0.1%  EOD 70%W +0.1%  EOD range -1.1% → +4.6%
  #2 META   +15m 50%W +0.0%  +30m 55%W +0.1%  +1h 60%W +0.0%  +2h 55%W +0.1%  +5h 60%W +0.2%  EOD 65%W +0.2%  EOD range -0.8% → +1.6%
  Ticker   N          +15m          +30m           +1h           +2h           +5h           EOD           EOD range
  ----------------------------------------------------------------------------------------------------------------------
  MRVL    20    50%W -0.0%    50%W +0.0%    55%W +0.1%    55%W +0.1%    60%W +0.1%    70%W +0.1%       -1.1% → +4.6%
  META    20    50%W +0.0%    55%W +0.1%    60%W +0.0%    55%W +0.1%    60%W +0.2%    65%W +0.2%       -0.8% → +1.6%
  SNPS    20    60%W +0.0%    55%W +0.2%    65%W +0.1%    65%W +0.1%    65%W +0.2%    65%W +0.2%       -0.9% → +1.0%
  MU      20    50%W +0.0%    45%W -0.0%    50%W -0.0%    55%W +0.1%    60%W +0.6%    60%W +0.4%       -1.9% → +2.1%
  QCOM    20    60%W +0.0%    45%W -0.1%    50%W -0.0%    55%W +0.1%    65%W +0.4%    55%W +0.2%      -2.9% → +12.6%
  AVGO    20    40%W -0.1%    55%W +0.2%    50%W -0.0%    50%W +0.1%    50%W -0.0%    55%W +0.1%       -1.9% → +3.9%
  CHTR    20    50%W +0.0%    50%W -0.0%    60%W +0.4%    60%W +0.3%    55%W +0.2%    50%W -0.0%       -2.4% → +3.6%
  LLY     20    55%W +0.0%    45%W -0.0%    60%W +0.1%    60%W +0.1%    40%W -0.1%    40%W -0.2%       -1.6% → +1.5%
  TSLA    20    30%W -0.3%    30%W -0.5%    30%W -0.5%    30%W -0.4%    45%W -0.2%    40%W -0.5%       -3.0% → +4.8%
  AMD     20    50%W +0.0%    40%W -0.2%    50%W -0.1%    40%W -0.3%    40%W -0.5%    35%W -0.3%       -5.0% → +2.6%
Pre-session top-2 (9:25, 20d EOD win rate) — 2017-11-22  OR: 09:30/3b
  #1 META   +15m 50%W +0.0%  +30m 55%W +0.1%  +1h 60%W +0.0%  +2h 55%W +0.1%  +5h 60%W +0.2%  EOD 70%W +0.2%  EOD range -0.8% → +1.6%
  #2 MRVL   +15m 55%W +0.0%  +30m 55%W +0.1%  +1h 60%W +0.1%  +2h 60%W +0.1%  +5h 65%W +0.2%  EOD 70%W +0.1%  EOD range -1.1% → +4.8%
  Ticker   N          +15m          +30m           +1h           +2h           +5h           EOD           EOD range
  ----------------------------------------------------------------------------------------------------------------------
  META    20    50%W +0.0%    55%W +0.1%    60%W +0.0%    55%W +0.1%    60%W +0.2%    70%W +0.2%       -0.8% → +1.6%
  MRVL    20    55%W +0.0%    55%W +0.1%    60%W +0.1%    60%W +0.1%    65%W +0.2%    70%W +0.1%       -1.1% → +4.8%
  SNPS    20    65%W +0.1%    55%W +0.2%    65%W +0.1%    65%W +0.1%    65%W +0.2%    65%W +0.2%       -0.9% → +1.0%
  MU      20    55%W +0.1%    45%W -0.0%    50%W -0.0%    55%W +0.1%    60%W +0.6%    60%W +0.7%       -1.9% → +2.1%
  AVGO    20    40%W -0.1%    55%W +0.2%    50%W -0.0%    50%W +0.0%    50%W -0.0%    55%W +0.1%       -1.9% → +3.9%
  QCOM    20    55%W +0.0%    40%W -0.1%    45%W -0.1%    50%W +0.0%    60%W +0.3%    50%W +0.1%      -2.9% → +12.6%
  CHTR    20    50%W +0.0%    50%W -0.0%    65%W +0.4%    60%W +0.3%    55%W +0.2%    50%W -0.0%       -2.4% → +3.6%
  TSLA    20    35%W -0.2%    35%W -0.5%    30%W -0.5%    30%W -0.4%    50%W +0.0%    45%W -0.3%       -3.0% → +4.8%
  LLY     20    60%W +0.1%    50%W +0.0%    65%W +0.1%    65%W +0.2%    40%W -0.1%    40%W -0.2%       -1.0% → +1.5%
  AMD     20    55%W +0.1%    45%W -0.2%    50%W -0.1%    40%W -0.3%    40%W -0.5%    35%W -0.3%       -5.0% → +2.6%
Pre-session top-2 (9:25, 20d EOD win rate) — 2017-11-24  OR: 09:30/3b
  #1 META   +15m 55%W +0.0%  +30m 55%W +0.1%  +1h 65%W +0.0%  +2h 55%W +0.1%  +5h 60%W +0.2%  EOD 70%W +0.2%  EOD range -0.7% → +1.6%
  #2 SNPS   +15m 65%W +0.1%  +30m 55%W +0.2%  +1h 65%W +0.1%  +2h 70%W +0.1%  +5h 70%W +0.2%  EOD 70%W +0.2%  EOD range -0.9% → +1.0%
  Ticker   N          +15m          +30m           +1h           +2h           +5h           EOD           EOD range
  ----------------------------------------------------------------------------------------------------------------------
  META    20    55%W +0.0%    55%W +0.1%    65%W +0.0%    55%W +0.1%    60%W +0.2%    70%W +0.2%       -0.7% → +1.6%
  SNPS    20    65%W +0.1%    55%W +0.2%    65%W +0.1%    70%W +0.1%    70%W +0.2%    70%W +0.2%       -0.9% → +1.0%
  MRVL    20    55%W +0.0%    50%W +0.0%    60%W +0.1%    60%W +0.1%    65%W +0.2%    70%W +0.1%       -1.1% → +4.8%
  MU      20    60%W +0.3%    50%W +0.0%    55%W +0.2%    60%W +0.1%    65%W +0.7%    65%W +0.9%       -1.9% → +2.1%
  AVGO    20    45%W -0.1%    55%W +0.4%    50%W -0.0%    55%W +0.4%    55%W +0.1%    60%W +0.1%       -1.9% → +3.9%
  QCOM    20    55%W +0.0%    35%W -0.1%    45%W -0.1%    55%W +0.1%    65%W +0.3%    55%W +0.2%      -2.9% → +12.6%
  CHTR    20    50%W +0.0%    50%W -0.0%    65%W +0.4%    60%W +0.3%    50%W +0.1%    45%W -0.2%       -2.4% → +3.6%
  TSLA    20    40%W -0.2%    35%W -0.4%    30%W -0.4%    30%W -0.4%    50%W +0.0%    45%W -0.3%       -3.0% → +4.8%
  LLY     20    60%W +0.1%    55%W +0.0%    70%W +0.1%    70%W +0.2%    40%W -0.1%    40%W -0.1%       -1.0% → +1.5%
  AMD     20    60%W +0.3%    50%W -0.1%    55%W +0.0%    45%W -0.2%    45%W -0.2%    40%W -0.1%       -3.0% → +2.6%
Pre-session top-2 (9:25, 20d EOD win rate) — 2017-11-27  OR: 09:30/3b
  #1 META   +15m 60%W +0.1%  +30m 60%W +0.1%  +1h 65%W +0.1%  +2h 60%W +0.2%  +5h 65%W +0.2%  EOD 75%W +0.2%  EOD range -0.7% → +1.6%
  #2 SNPS   +15m 65%W +0.1%  +30m 55%W +0.1%  +1h 65%W +0.1%  +2h 70%W +0.1%  +5h 68%W +0.2%  EOD 70%W +0.2%  EOD range -0.9% → +1.0%
  Ticker   N          +15m          +30m           +1h           +2h           +5h           EOD           EOD range
  ----------------------------------------------------------------------------------------------------------------------
  META    20    60%W +0.1%    60%W +0.1%    65%W +0.1%    60%W +0.2%    65%W +0.2%    75%W +0.2%       -0.7% → +1.6%
  SNPS    20    65%W +0.1%    55%W +0.1%    65%W +0.1%    70%W +0.1%    68%W +0.2%    70%W +0.2%       -0.9% → +1.0%
  MU      20    65%W +0.3%    55%W +0.1%    55%W +0.2%    60%W +0.1%    65%W +0.7%    70%W +0.9%       -1.9% → +2.1%
  MRVL    20    50%W -0.0%    45%W +0.0%    55%W +0.1%    55%W +0.1%    60%W +0.1%    65%W +0.1%       -1.1% → +4.8%
  AVGO    20    50%W -0.0%    60%W +0.4%    55%W +0.1%    60%W +0.5%    58%W +0.1%    65%W +0.2%       -1.9% → +3.9%
  QCOM    20    55%W +0.0%    35%W -0.1%    45%W -0.1%    55%W +0.1%    65%W +0.3%    55%W +0.2%      -2.9% → +12.6%
  TSLA    20    40%W -0.2%    40%W -0.3%    35%W -0.4%    35%W -0.3%    55%W +0.3%    50%W -0.1%       -3.0% → +4.8%
  LLY     20    60%W +0.1%    55%W +0.0%    70%W +0.1%    75%W +0.2%    42%W -0.0%    45%W -0.1%       -1.0% → +1.5%
  CHTR    20    45%W -0.1%    50%W -0.0%    65%W +0.4%    60%W +0.3%    53%W +0.3%    45%W -0.2%       -2.2% → +3.6%
  AMD     20    60%W +0.3%    50%W -0.1%    55%W +0.1%    50%W +0.1%    50%W -0.0%    45%W -0.1%       -3.0% → +2.6%
Pre-session top-2 (9:25, 20d EOD win rate) — 2017-11-28  OR: 09:30/3b
  #1 META   +15m 60%W +0.1%  +30m 60%W +0.1%  +1h 65%W +0.1%  +2h 55%W +0.1%  +5h 65%W +0.2%  EOD 70%W +0.2%  EOD range -0.7% → +1.1%
  #2 MU     +15m 65%W +0.3%  +30m 60%W +0.2%  +1h 60%W +0.4%  +2h 60%W +0.1%  +5h 65%W +0.7%  EOD 70%W +0.9%  EOD range -1.9% → +2.1%
  Ticker   N          +15m          +30m           +1h           +2h           +5h           EOD           EOD range
  ----------------------------------------------------------------------------------------------------------------------
  META    20    60%W +0.1%    60%W +0.1%    65%W +0.1%    55%W +0.1%    65%W +0.2%    70%W +0.2%       -0.7% → +1.1%
  MU      20    65%W +0.3%    60%W +0.2%    60%W +0.4%    60%W +0.1%    65%W +0.7%    70%W +0.9%       -1.9% → +2.1%
  SNPS    20    60%W +0.1%    50%W +0.0%    70%W +0.1%    65%W +0.1%    63%W +0.1%    65%W +0.2%       -0.9% → +1.0%
  MRVL    20    50%W -0.0%    50%W +0.0%    60%W +0.1%    55%W +0.1%    60%W +0.2%    65%W +0.1%       -1.1% → +4.8%
  AVGO    20    45%W -0.1%    60%W +0.4%    55%W +0.1%    60%W +0.5%    58%W +0.1%    65%W +0.2%       -1.9% → +3.7%
  LLY     20    55%W +0.1%    50%W -0.0%    65%W +0.1%    75%W +0.2%    47%W -0.0%    50%W -0.0%       -1.0% → +1.5%
  QCOM    20    55%W +0.0%    40%W -0.1%    40%W -0.1%    55%W +0.1%    60%W +0.2%    50%W +0.1%      -2.9% → +12.6%
  TSLA    20    40%W -0.1%    40%W -0.3%    35%W -0.4%    35%W -0.3%    55%W +0.3%    50%W -0.1%       -3.0% → +4.8%
  AMD     20    65%W +0.4%    55%W +0.0%    60%W +0.1%    50%W +0.1%    55%W +0.1%    45%W -0.1%       -3.0% → +2.6%
  CHTR    20    45%W -0.1%    45%W -0.1%    60%W +0.1%    55%W +0.2%    47%W -0.1%    40%W -0.5%       -2.2% → +3.6%
Pre-session top-2 (9:25, 20d EOD win rate) — 2017-11-29  OR: 09:30/3b
  #1 META   +15m 55%W +0.0%  +30m 55%W +0.1%  +1h 60%W +0.0%  +2h 55%W +0.1%  +5h 65%W +0.2%  EOD 65%W +0.2%  EOD range -0.7% → +1.1%
  #2 SNPS   +15m 60%W +0.1%  +30m 50%W +0.0%  +1h 65%W +0.1%  +2h 65%W +0.1%  +5h 68%W +0.2%  EOD 65%W +0.2%  EOD range -0.9% → +1.0%
  Ticker   N          +15m          +30m           +1h           +2h           +5h           EOD           EOD range
  ----------------------------------------------------------------------------------------------------------------------
  META    20    55%W +0.0%    55%W +0.1%    60%W +0.0%    55%W +0.1%    65%W +0.2%    65%W +0.2%       -0.7% → +1.1%
  SNPS    20    60%W +0.1%    50%W +0.0%    65%W +0.1%    65%W +0.1%    68%W +0.2%    65%W +0.2%       -0.9% → +1.0%
  MU      20    60%W +0.2%    55%W +0.1%    55%W +0.2%    55%W +0.1%    60%W +0.7%    65%W +0.9%       -1.9% → +2.1%
  MRVL    20    50%W -0.0%    50%W +0.0%    60%W +0.1%    55%W +0.1%    60%W +0.2%    65%W +0.1%       -1.1% → +4.8%
  AVGO    20    40%W -0.1%    55%W +0.2%    50%W -0.0%    55%W +0.4%    53%W +0.1%    60%W +0.1%       -1.9% → +3.7%
  TSLA    20    35%W -0.2%    35%W -0.3%    40%W -0.3%    40%W -0.3%    60%W +0.4%    55%W +0.3%       -3.0% → +4.8%
  LLY     20    55%W +0.1%    50%W -0.0%    60%W +0.1%    70%W +0.2%    53%W +0.0%    50%W +0.0%       -1.0% → +1.5%
  QCOM    20    55%W +0.0%    45%W -0.0%    40%W -0.1%    60%W +0.2%    60%W +0.2%    50%W +0.2%      -2.9% → +12.6%
  AMD     20    65%W +0.4%    50%W -0.1%    60%W +0.1%    50%W +0.1%    55%W +0.1%    45%W -0.1%       -2.6% → +2.6%
  CHTR    20    40%W -0.2%    40%W -0.1%    60%W +0.2%    55%W +0.2%    47%W -0.1%    40%W -0.5%       -2.2% → +3.6%
Pre-session top-2 (9:25, 20d EOD win rate) — 2017-11-30  OR: 09:30/3b
  #1 SNPS   +15m 60%W +0.1%  +30m 50%W +0.0%  +1h 65%W +0.1%  +2h 65%W +0.1%  +5h 63%W +0.2%  EOD 65%W +0.2%  EOD range -2.2% → +1.0%
  #2 META   +15m 50%W +0.0%  +30m 55%W +0.1%  +1h 60%W +0.0%  +2h 50%W +0.0%  +5h 60%W +0.1%  EOD 60%W +0.1%  EOD range -2.2% → +1.1%
  Ticker   N          +15m          +30m           +1h           +2h           +5h           EOD           EOD range
  ----------------------------------------------------------------------------------------------------------------------
  SNPS    20    60%W +0.1%    50%W +0.0%    65%W +0.1%    65%W +0.1%    63%W +0.2%    65%W +0.2%       -2.2% → +1.0%
  META    20    50%W +0.0%    55%W +0.1%    60%W +0.0%    50%W +0.0%    60%W +0.1%    60%W +0.1%       -2.2% → +1.1%
  MU      20    55%W +0.1%    50%W +0.0%    50%W -0.0%    50%W -0.0%    55%W +0.4%    60%W +0.8%       -6.8% → +1.9%
  MRVL    20    50%W -0.0%    50%W +0.0%    55%W +0.1%    50%W +0.0%    55%W +0.1%    60%W +0.1%       -5.2% → +4.8%
  LLY     20    60%W +0.1%    50%W -0.0%    55%W +0.0%    75%W +0.2%    58%W +0.1%    55%W +0.1%       -0.4% → +1.5%
  AVGO    20    35%W -0.1%    50%W +0.0%    45%W -0.2%    50%W +0.0%    47%W -0.1%    55%W +0.1%       -1.9% → +3.7%
  QCOM    20    55%W +0.0%    45%W -0.0%    40%W -0.1%    60%W +0.2%    60%W +0.2%    50%W +0.2%      -2.9% → +12.6%
  TSLA    20    35%W -0.2%    35%W -0.3%    40%W -0.3%    40%W -0.3%    55%W +0.3%    50%W -0.1%       -3.0% → +4.8%
  AMD     20    60%W +0.3%    45%W -0.2%    55%W +0.1%    45%W -0.2%    55%W +0.1%    45%W -0.1%       -2.6% → +2.6%
  CHTR    20    35%W -0.2%    40%W -0.1%    60%W +0.1%    55%W +0.2%    47%W -0.1%    40%W -0.5%       -2.2% → +2.4%

=========================================================================================================================================================================================
Pre-Session Top-2 Performance — 2017-11-01 to 2017-11-30  |  Unconditional OR-close entry  |  OR: 09:30/3b
=========================================================================================================================================================================================
Date         Ticker Rank  At       Entry       +15m       +30m       +45m        +1h     +1h30m        +2h        +3h        +4h        +5h        +6h        +7h        EOD
-----------------------------------------------------------------------------------------------------------------------------------------------------------------------------------------
2017-11-01   QCOM   #1    09:40    51.88    +0.00%L    +0.04%W    +0.08%W    +0.13%W    +0.87%W    +0.92%W    +1.24%W    +1.17%W    +1.42%W    +2.39%W    +3.05%W    +3.05%W
2017-11-01   MU     #2    09:40    45.26    -0.69%L    -1.52%L    -1.08%L    -1.53%L    -0.71%L    -1.19%L    -1.94%L    -2.21%L    -1.50%L    -1.77%L    -1.94%L    -1.94%L
2017-11-02   QCOM   #1    09:40    55.29    +0.51%W    -0.05%L    -0.16%L    -0.31%L    -0.80%L    -0.24%L    +0.16%W    +0.51%W    -0.78%L    -0.67%L    -0.81%L    -0.81%L
2017-11-02   MU     #2    09:40    44.56    +0.22%W    -0.85%L    -0.43%L    -0.07%L    -0.45%L    -1.31%L    -0.80%L    -0.55%L    -0.67%L    -0.58%L    -0.49%L    -0.49%L
2017-11-03   QCOM   #1    09:40    54.94    +0.02%W    -0.39%L    -0.35%L    -0.25%L    +0.25%W    +0.15%W    -0.36%L    +6.72%W   +13.54%W   +13.58%W   +12.56%W   +12.56%W
2017-11-03   MU     #2    09:40    44.24    -0.45%L    -0.32%L    -0.18%L    -0.14%L    +0.11%W    -0.41%L    -0.05%L    -0.18%L    -0.47%L    -0.61%L    -1.22%L    -1.22%L
2017-11-06   QCOM   #1    09:40    64.45    +0.17%W    -0.33%L    -1.11%L    -1.98%L    -2.76%L    -3.32%L    -3.09%L    -2.25%L    -2.20%L    -2.96%L    -2.95%L    -2.95%L
2017-11-06   CHTR   #2    09:40   351.55    +0.86%W    +1.54%W    +1.35%W    +1.17%W    +0.59%W    +0.40%W    -0.44%L    -0.97%L    -0.69%L    -0.48%L    -0.90%L    -0.90%L
2017-11-07   QCOM   #1    09:40    63.17    -0.47%L    -0.32%L    -0.05%L    +0.03%W    +0.52%W    +0.30%W    +0.76%W    +0.35%W    +0.64%W    +1.12%W    +1.46%W    +1.46%W
2017-11-07   CHTR   #2    09:40   350.57    -0.27%L    -0.66%L    -0.56%L    -0.73%L    -1.34%L    -1.37%L    -0.83%L    -0.98%L    -1.30%L    -2.20%L    -2.17%L    -2.17%L
2017-11-08   QCOM   #1    09:40    64.60    +0.59%W    +0.67%W    +0.50%W    +1.04%W    +1.17%W    +1.32%W    +1.01%W    +0.62%W    +0.63%W    +1.72%W    +1.39%W    +1.39%W
2017-11-08   CHTR   #2    09:40   342.70    -0.18%L    -0.35%L    -0.53%L    -0.53%L    -0.70%L    -0.53%L    -1.91%L    -1.32%L    -1.66%L    -1.42%L    -1.40%L    -1.40%L
2017-11-09   QCOM   #1    09:40    64.83    +0.24%W    -0.07%L    +0.05%W    +0.11%W    +0.38%W    +0.00%L    -0.80%L    -0.49%L    -0.69%L    -0.82%L    -0.34%L    -0.34%L
2017-11-09   META   #2    09:40   177.71    -0.01%L    +0.24%W    +0.38%W    +0.35%W    +0.55%W    +0.34%W    -0.26%L    +0.05%W    +0.21%W    +0.67%W    +0.89%W    +0.89%W
2017-11-10   QCOM   #1    09:40    64.27    -0.19%L    -0.24%L    -0.23%L    +0.16%W    +0.66%W    +0.23%W    +0.40%W    +0.26%W    +0.39%W    +0.49%W    +0.46%W    +0.46%W
2017-11-10   META   #2    09:40   178.22    +0.24%W    +0.15%W    +0.20%W    -0.04%L    +0.06%W    +0.04%W    +0.18%W    +0.23%W    +0.32%W    +0.09%W    +0.13%W    +0.13%W
2017-11-13   QCOM   #1    09:40    64.89    +0.82%W    +0.87%W    +0.54%W    +0.89%W    +1.82%W    +1.16%W    +1.37%W    +1.86%W    +2.34%W    +2.80%W    +2.56%W    +2.56%W
2017-11-13   META   #2    09:40   178.26    +0.18%W    +0.26%W    +0.20%W    +0.03%W    +0.31%W    +0.27%W    +0.26%W    +0.26%W    +0.35%W    +0.08%W    +0.29%W    +0.29%W
2017-11-14   QCOM   #1    09:40    66.29    +0.03%W    +0.71%W    +0.05%W    -0.20%L    -0.33%L    -0.41%L    -0.47%L    -0.72%L    -0.44%L    -0.48%L    -0.42%L    -0.42%L
2017-11-14   META   #2    09:40   177.66    -0.03%L    +0.26%W    +0.24%W    +0.34%W    +0.40%W    +0.47%W    +0.51%W    +0.27%W    +0.37%W    +0.35%W    +0.23%W    +0.23%W
2017-11-15   SNPS   #1    09:40    87.21    +0.44%W    +0.52%W    +0.79%W    +0.73%W    +0.77%W    +0.80%W    +0.86%W    +0.95%W    +0.64%W    +0.49%W    +0.48%W    +0.48%W
2017-11-15   META   #2    09:40   176.78    +0.08%W    +0.28%W    +0.39%W    +0.57%W    +0.68%W    +0.89%W    +0.89%W    +0.85%W    +0.70%W    +0.54%W    +0.67%W    +0.67%W
2017-11-16   SNPS   #1    09:40    89.10    +0.15%W    +0.08%W    -0.01%L    -0.30%L    -0.36%L    -0.34%L    -0.16%L    -0.37%L    -0.22%L    -0.22%L    -0.07%L    -0.07%L
2017-11-16   META   #2    09:40   178.98    -0.01%L    +0.18%W    +0.02%W    +0.17%W    +0.27%W    +0.24%W    +0.34%W    +0.23%W    +0.34%W    +0.33%W    +0.34%W    +0.34%W
2017-11-17   META   #1    09:40   179.62    +0.14%W    -0.01%L    -0.15%L    +0.04%W    -0.01%L    +0.15%W    +0.08%W    +0.03%W    -0.05%L    -0.35%L    -0.36%L    -0.36%L
2017-11-17   SNPS   #2    09:40    89.11    -0.21%L    -0.07%L    -0.15%L    -0.32%L    -0.55%L    -0.32%L    -0.46%L    -0.70%L    -0.39%L    -0.59%L    -0.83%L    -0.83%L
2017-11-20   META   #1    09:40   179.00    +0.09%W    +0.14%W    +0.05%W    +0.06%W    -0.06%L    -0.07%L    -0.12%L    -0.18%L    -0.16%L    -0.25%L    -0.15%L    -0.15%L
2017-11-20   MRVL   #2    09:40    20.65    -1.45%L    -0.87%L    -1.43%L    -2.37%L    -1.02%L    +0.56%W    +2.95%W    +3.24%W    +3.24%W    +4.15%W    +4.55%W    +4.55%W
2017-11-21   MRVL   #1    09:40    22.22    +0.92%W    +1.98%W    +2.05%W    +1.58%W    +1.85%W    +2.88%W    +3.60%W    +3.49%W    +4.50%W    +4.70%W    +4.77%W    +4.77%W
2017-11-21   META   #2    09:40   179.80    +0.31%W    +0.36%W    +0.59%W    +0.62%W    +0.75%W    +0.86%W    +0.85%W    +0.92%W    +1.03%W    +1.03%W    +1.13%W    +1.13%W
2017-11-22   META   #1    09:40   180.98    +0.20%W    -0.01%L    +0.03%W    +0.16%W    +0.12%W    -0.02%L    -0.23%L    -0.28%L    -0.05%L    -0.11%L    -0.07%L    -0.07%L
2017-11-22   MRVL   #2    09:40    23.85    -0.10%L    -0.71%L    -0.96%L    -0.71%L    -1.09%L    -0.88%L    -0.69%L    +0.36%W    -0.31%L    +0.10%W    -0.08%L    -0.08%L
2017-11-24   META   #1    09:40   181.34    +0.45%W    +0.33%W    +0.45%W    +0.59%W    +0.79%W    +0.88%W    +0.93%W    +0.80%W    +0.66%W    +0.78%W    +0.71%W    +0.71%W
2017-11-24   SNPS   #2    09:40    89.59    +0.07%W    +0.10%W    -0.01%L    +0.03%W    +0.36%W    +0.56%W    +0.65%W    +0.63%W    +0.63%W    +0.63%W    +0.63%W    +0.63%W
2017-11-27   META   #1    09:40   183.03    +0.16%W    +0.17%W    +0.19%W    +0.08%W    -0.15%L    -0.27%L    -0.30%L    -0.06%L    +0.04%W    +0.15%W    +0.00%L    +0.00%L
2017-11-27   SNPS   #2    09:40    89.60    -0.19%L    -0.07%L    -0.17%L    +0.17%W    +0.00%W    -0.14%L    -0.02%L    -0.20%L    -0.26%L    -0.40%L    -0.41%L    -0.41%L
2017-11-28   META   #1    09:40   183.68    -0.16%L    -0.01%L    +0.08%W    -0.05%L    -0.26%L    -0.06%L    -0.24%L    -0.21%L    -0.35%L    -0.80%L    -0.68%L    -0.68%L
2017-11-28   MU     #2    09:40    48.78    -0.80%L    -1.05%L    -1.13%L    -0.81%L    -0.76%L    -0.51%L    -0.65%L    -0.70%L    -0.67%L    -1.41%L    -1.72%L    -1.72%L
2017-11-29   META   #1    09:40   178.98    -0.88%L    -1.47%L    -2.06%L    -1.49%L    -1.89%L    -2.34%L    -1.94%L    -1.15%L    -2.15%L    -2.35%L    -2.16%L    -2.16%L
2017-11-29   SNPS   #2    09:40    88.58    -0.01%L    -0.96%L    -1.14%L    -0.51%L    -1.03%L    -1.52%L    -1.30%L    -1.65%L    -2.03%L    -2.16%L    -2.16%L    -2.16%L
2017-11-30   SNPS   #1    09:40    92.65    -1.24%L    -1.11%L    -0.88%L    -0.67%L    -1.22%L    -1.37%L    -1.01%L    -1.02%L    -1.56%L    -2.31%L    -2.45%L    -2.45%L
2017-11-30   META   #2    09:40   176.20    -0.30%L    +0.17%W    +0.65%W    +0.91%W    +0.65%W    +0.42%W    +0.49%W    +0.23%W    +0.09%W    -0.11%L    +0.54%W    +0.54%W

========================================================================================
Pre-session picks summary — 42 pick(s) across 21 trading day(s)

Top-2 picks (all days)  (42 signal(s))
  Hold      Count   Win Rate   Avg Gain    Avg Win   Avg Loss ProfitFactor   Sum Ret%
  -------------------------------------------------------------------------
  +15m         42      52.4%     -0.02%     +0.31%     -0.38%        0.90x     -0.76%
  +30m         42      47.6%     -0.06%     +0.45%     -0.52%        0.79x     -2.41%
  +45m         42      50.0%     -0.09%     +0.42%     -0.61%        0.70x     -3.89%
  +1h          42      54.8%     -0.07%     +0.43%     -0.68%        0.77x     -3.04%
  +1h30m       42      54.8%     -0.04%     +0.61%     -0.82%        0.90x     -1.55%
  +2h          42      50.0%     -0.07%     +0.66%     -0.79%        0.83x     -2.79%
  +3h          42      45.2%     -0.01%     +0.92%     -0.79%        0.97x     -0.54%
  +4h          42      52.4%     +0.19%     +1.09%     -0.81%        1.48x     +7.83%
  +5h          42      47.6%     +0.32%     +1.60%     -0.85%        1.72x    +13.47%
  +6h          42      47.6%     +0.31%     +1.81%     -1.05%        1.57x    +13.15%
  +7h          42      45.2%     +0.31%     +1.94%     -1.03%        1.55x    +13.04%
  EOD          42      45.2%     +0.31%     +1.94%     -1.03%        1.55x    +13.04%

=========================================================================================================================================================================================
Signal Analysis — 2017-11-01 to 2017-11-30  |  BULL only  |  Vol ≥ 1.0x 20dAvg
Windows: 09:30/3b  |  Collection: 3 bars  |  Tickers: 10
=========================================================================================================================================================================================
Date         Ticker Window   At       Entry  Vol/20d       +15m       +30m       +45m        +1h     +1h30m        +2h        +3h        +4h        +5h        +6h        +7h        EOD
-----------------------------------------------------------------------------------------------------------------------------------------------------------------------------------------
2017-11-01   QCOM   09:30/3b 09:40    51.88    2.31x    +0.00%L    +0.04%W    +0.08%W    +0.13%W    +0.87%W    +0.92%W    +1.24%W    +1.17%W    +1.42%W    +2.39%W    +3.05%W    +3.05%W
2017-11-02   META   09:30/3b 09:45   181.26    3.36x    -0.91%L    -1.69%L    -1.65%L    -1.36%L    -1.27%L    -1.91%L    -1.54%L    -1.66%L    -1.29%L    -1.29%L    -1.30%L    -1.30%L
2017-11-02   MU     09:30/3b 09:40    44.56    1.11x    +0.22%W    -0.85%L    -0.43%L    -0.07%L    -0.45%L    -1.31%L    -0.80%L    -0.55%L    -0.67%L    -0.58%L    -0.49%L    -0.49%L
2017-11-02   AVGO   09:30/3b 09:40   261.13    2.44x    +1.15%W    +0.74%W    +0.00%W    -0.33%L    -0.47%L    -0.74%L    -4.53%L    -3.34%L    -1.93%L    -0.82%L    -0.64%L    -0.64%L
2017-11-06   SNPS   09:30/3b 09:50    86.79    1.11x    +0.41%W    +0.59%W    +0.51%W    +0.46%W    +0.43%W    +0.40%W    +0.56%W    +0.48%W    +0.63%W    +0.50%W    +0.51%W    +0.51%W
2017-11-06   CHTR   09:30/3b 09:40   351.55    8.60x    +0.86%W    +1.54%W    +1.35%W    +1.17%W    +0.59%W    +0.40%W    -0.44%L    -0.97%L    -0.69%L    -0.48%L    -0.90%L    -0.90%L
2017-11-07   QCOM   09:30/3b 09:40    63.17    2.59x    -0.47%L    -0.32%L    -0.05%L    +0.03%W    +0.52%W    +0.30%W    +0.76%W    +0.35%W    +0.64%W    +1.12%W    +1.46%W    +1.46%W
2017-11-07   AVGO   09:30/3b 09:45   274.03    1.13x    -0.55%L    -0.43%L    -0.78%L    -0.62%L    -0.93%L    -1.24%L    -1.87%L    -1.56%L    -1.53%L    -1.06%L    -0.99%L    -0.99%L
2017-11-07   AMD    09:30/3b 09:40    12.09    1.19x    -0.24%L    -0.41%L    -0.65%L    +0.08%W    +0.59%W    +0.87%W    +0.33%W    +0.34%W    +0.01%W    -0.24%L    -0.41%L    -0.41%L
2017-11-09   MRVL   09:30/3b 09:45    20.03    2.53x    +0.35%W    +0.15%W    +0.30%W    +0.30%W    +0.30%W    +0.00%L    -0.25%L    +0.00%L    +0.30%W    +0.30%W    +0.50%W    +0.50%W
2017-11-10   SNPS   09:30/3b 09:40    87.09    1.27x    -0.16%L    -0.14%L    -0.06%L    -0.16%L    -0.10%L    -0.06%L    -0.14%L    -0.06%L    -0.10%L    +0.21%W    +0.23%W    +0.23%W
2017-11-10   TSLA   09:30/3b 09:45   307.36    1.15x    -0.60%L    -0.87%L    -1.30%L    -1.26%L    -1.31%L    -1.55%L    -0.95%L    -0.82%L    -1.04%L    -1.33%L    -1.44%L    -1.44%L
2017-11-10   AMD    09:30/3b 09:40    11.34    1.06x    -0.09%L    -0.18%L    -0.44%L    -0.44%L    -0.71%L    -0.40%L    -0.88%L    -0.53%L    -0.89%L    -0.71%L    -0.71%L    -0.71%L
2017-11-13   SNPS   09:30/3b 09:40    87.44    1.13x    +0.37%W    +0.36%W    +0.35%W    +0.06%W    +0.34%W    +0.27%W    +0.55%W    +0.54%W    +0.38%W    +0.41%W    +0.43%W    +0.43%W
2017-11-14   LLY    09:30/3b 09:40    82.66    4.41x    -0.19%L    -0.22%L    -0.10%L    +0.28%W    +0.22%W    +0.16%W    +0.07%W    -0.01%L    -0.17%L    -0.21%L    -0.18%L    -0.18%L
2017-11-14   QCOM   09:30/3b 09:40    66.29    1.09x    +0.03%W    +0.71%W    +0.05%W    -0.20%L    -0.33%L    -0.41%L    -0.47%L    -0.72%L    -0.44%L    -0.48%L    -0.42%L    -0.42%L
2017-11-15   MU     09:30/3b 09:45    45.00    1.22x    +0.16%W    +0.80%W    +1.02%W    +0.94%W    +1.46%W    +1.17%W    +1.09%W    +1.23%W    +1.37%W    +0.81%W    +0.78%W    +0.78%W
2017-11-16   SNPS   09:30/3b 09:45    89.10    1.41x    -0.01%L    -0.03%L    -0.29%L    -0.35%L    -0.40%L    -0.30%L    -0.19%L    -0.42%L    -0.20%L    -0.29%L    -0.06%L    -0.06%L
2017-11-16   MRVL   09:30/3b 09:45    20.16    1.00x    +0.07%W    +0.07%W    +0.10%W    +0.12%W    +0.17%W    +0.20%W    +0.42%W    +0.52%W    +0.64%W    +0.60%W    +0.47%W    +0.47%W
2017-11-17   SNPS   09:30/3b 09:40    89.11    1.54x    -0.21%L    -0.07%L    -0.15%L    -0.32%L    -0.55%L    -0.32%L    -0.46%L    -0.70%L    -0.39%L    -0.59%L    -0.83%L    -0.83%L
2017-11-17   AMD    09:30/3b 09:40    11.56    1.46x    +1.35%W    +0.04%W    -0.37%L    +0.56%W    -0.30%L    -0.30%L    +0.17%W    -0.48%L    -0.83%L    -1.60%L    -1.56%L    -1.56%L
2017-11-20   AVGO   09:30/3b 09:45   274.51    1.07x    -0.50%L    -1.04%L    -0.80%L    -0.74%L    -0.60%L    -0.32%L    -0.27%L    -0.11%L    -0.11%L    +0.29%W    +0.14%W    +0.14%W
2017-11-21   META   09:30/3b 09:40   179.80    1.37x    +0.31%W    +0.36%W    +0.59%W    +0.62%W    +0.75%W    +0.86%W    +0.85%W    +0.92%W    +1.03%W    +1.03%W    +1.13%W    +1.13%W
2017-11-27   META   09:30/3b 09:40   183.03    1.08x    +0.16%W    +0.17%W    +0.19%W    +0.08%W    -0.15%L    -0.27%L    -0.30%L    -0.06%L    +0.04%W    +0.15%W    +0.00%L    +0.00%L
2017-11-27   SNPS   09:30/3b 09:50    89.61    1.39x    +0.03%W    -0.10%L    -0.03%L    +0.10%W    -0.17%L    -0.04%L    -0.14%L    -0.23%L    -0.40%L    -0.41%L    -0.42%L    -0.42%L
2017-11-29   CHTR   09:30/3b 09:45   326.98    1.12x    -0.45%L    +0.43%W    +0.46%W    +0.01%W    +0.79%W    +1.12%W    +1.24%W    +1.23%W    +1.24%W    +1.29%W    +1.44%W    +1.44%W
2017-11-30   META   09:30/3b 09:40   176.20    1.44x    -0.30%L    +0.17%W    +0.65%W    +0.91%W    +0.65%W    +0.42%W    +0.49%W    +0.23%W    +0.09%W    -0.11%L    +0.54%W    +0.54%W
2017-11-30   AVGO   09:30/3b 09:45   272.04    1.29x    -0.12%L    +0.72%W    +1.09%W    +0.91%W    +1.25%W    +1.39%W    +1.98%W    +1.99%W    +2.07%W    +2.02%W    +2.17%W    +2.17%W

========================================================================================
Summary — 28 qualifying signal(s) across 21 trading day(s)

Window 09:30/3b  (28 signal(s))
  Hold      Count   Win Rate   Avg Gain    Avg Win   Avg Loss ProfitFactor   Sum Ret%
  -------------------------------------------------------------------------
  +15m         28      46.4%     +0.02%     +0.42%     -0.32%        1.14x     +0.66%
  +30m         28      53.6%     +0.02%     +0.46%     -0.49%        1.09x     +0.56%
  +45m         28      50.0%     -0.01%     +0.48%     -0.51%        0.95x     -0.36%
  +1h          28      60.7%     +0.03%     +0.40%     -0.53%        1.16x     +0.95%
  +1h30m       28      50.0%     +0.04%     +0.64%     -0.55%        1.15x     +1.17%
  +2h          28      46.4%     -0.02%     +0.65%     -0.61%        0.92x     -0.70%
  +3h          28      46.4%     -0.12%     +0.75%     -0.88%        0.74x     -3.47%
  +4h          28      39.3%     -0.11%     +0.82%     -0.72%        0.74x     -3.22%
  +5h          28      46.4%     -0.03%     +0.76%     -0.71%        0.92x     -0.81%
  +6h          28      46.4%     +0.03%     +0.85%     -0.68%        1.09x     +0.91%
  +7h          28      46.4%     +0.09%     +0.99%     -0.69%        1.24x     +2.48%
  EOD          28      46.4%     +0.09%     +0.99%     -0.69%        1.24x     +2.48%
