Fetching 5-min bars (2017-05-19 → 2017-07-31) [alpaca]...
  [cache] loaded 11 tickers from cache
Fetching daily bars (2016-07-03 → 2017-07-31)...

=========================================================================================================================================================================================
Pre-Session Rankings (9:25) — 2017-07-03 to 2017-07-31  |  20d lookback
(Unconditional hold from OR close — no signal or vol filter)
=========================================================================================================================================================================================
Pre-session top-2 (9:25, 20d EOD win rate) — 2017-07-03  OR: 09:30/3b
  #1 TSLA   +15m 45%W -0.0%  +30m 55%W +0.1%  +1h 70%W +0.3%  +2h 65%W +0.2%  +5h 65%W +0.4%  EOD 60%W +0.6%  EOD range -4.5% → +3.3%
  #2 CHTR   +15m 45%W -0.0%  +30m 40%W -0.0%  +1h 50%W -0.0%  +2h 50%W +0.0%  +5h 60%W +0.2%  EOD 50%W +0.0%  EOD range -1.4% → +1.9%
  Ticker   N          +15m          +30m           +1h           +2h           +5h           EOD           EOD range
  ----------------------------------------------------------------------------------------------------------------------
  TSLA    20    45%W -0.0%    55%W +0.1%    70%W +0.3%    65%W +0.2%    65%W +0.4%    60%W +0.6%       -4.5% → +3.3%
  CHTR    20    45%W -0.0%    40%W -0.0%    50%W -0.0%    50%W +0.0%    60%W +0.2%    50%W +0.0%       -1.4% → +1.9%
  META    20    50%W -0.0%    45%W -0.1%    65%W +0.2%    70%W +0.1%    50%W -0.0%    45%W -0.0%       -3.3% → +1.7%
  LLY     20    55%W +0.0%    50%W +0.0%    55%W +0.1%    60%W +0.1%    60%W +0.1%    45%W -0.1%       -0.7% → +1.4%
  AMD     20    40%W -0.2%    65%W +0.2%    60%W +0.4%    50%W +0.1%    45%W -0.6%    45%W -0.4%       -7.0% → +4.1%
  QCOM    20    40%W -0.1%    50%W -0.1%    40%W -0.1%    35%W -0.2%    45%W -0.1%    40%W -0.2%       -2.0% → +1.4%
  SNPS    20    40%W -0.0%    45%W -0.1%    45%W -0.1%    45%W -0.0%    30%W -0.1%    35%W -0.1%       -1.7% → +0.7%
  MU      20    25%W -0.1%    50%W -0.1%    60%W +0.3%    45%W -0.1%    35%W -0.4%    35%W -0.8%       -6.8% → +5.5%
  AVGO    20    30%W -0.2%    25%W -0.2%    35%W -0.2%    35%W -0.2%    35%W -0.5%    35%W -0.6%       -4.5% → +2.6%
  MRVL    20    40%W -0.1%    55%W +0.1%    60%W +0.2%    30%W -0.3%    30%W -0.3%    30%W -0.5%       -3.2% → +4.2%
Pre-session top-2 (9:25, 20d EOD win rate) — 2017-07-05  OR: 09:30/3b
  #1 TSLA   +15m 45%W -0.0%  +30m 55%W +0.1%  +1h 65%W +0.2%  +2h 60%W +0.1%  +5h 60%W +0.3%  EOD 55%W +0.6%  EOD range -4.5% → +2.0%
  #2 LLY    +15m 55%W +0.0%  +30m 50%W +0.0%  +1h 60%W +0.1%  +2h 65%W +0.1%  +5h 63%W +0.1%  EOD 50%W +0.0%  EOD range -0.7% → +1.4%
  Ticker   N          +15m          +30m           +1h           +2h           +5h           EOD           EOD range
  ----------------------------------------------------------------------------------------------------------------------
  TSLA    20    45%W -0.0%    55%W +0.1%    65%W +0.2%    60%W +0.1%    60%W +0.3%    55%W +0.6%       -4.5% → +2.0%
  LLY     20    55%W +0.0%    50%W +0.0%    60%W +0.1%    65%W +0.1%    63%W +0.1%    50%W +0.0%       -0.7% → +1.4%
  CHTR    20    45%W -0.1%    35%W -0.1%    45%W -0.2%    45%W -0.0%    63%W +0.2%    50%W +0.0%       -2.7% → +1.9%
  META    20    45%W -0.1%    45%W -0.1%    60%W +0.1%    70%W +0.1%    50%W -0.0%    45%W -0.0%       -3.3% → +1.7%
  QCOM    20    35%W -0.1%    45%W -0.2%    35%W -0.2%    35%W -0.2%    40%W -0.3%    40%W -0.5%       -2.0% → +1.4%
  AMD     20    45%W -0.2%    65%W +0.2%    55%W +0.3%    45%W -0.4%    40%W -1.0%    40%W -1.0%       -7.0% → +4.1%
  SNPS    20    40%W -0.0%    45%W -0.1%    40%W -0.1%    40%W -0.1%    32%W -0.1%    35%W -0.2%       -1.7% → +0.7%
  MU      20    25%W -0.1%    45%W -0.2%    55%W +0.1%    45%W -0.3%    35%W -0.6%    35%W -0.9%       -6.8% → +5.5%
  AVGO    20    30%W -0.1%    25%W -0.2%    35%W -0.2%    35%W -0.2%    35%W -0.5%    35%W -0.6%       -4.5% → +2.6%
  MRVL    20    35%W -0.2%    55%W +0.1%    55%W +0.1%    30%W -0.5%    30%W -0.4%    30%W -0.5%       -3.2% → +4.2%
Pre-session top-2 (9:25, 20d EOD win rate) — 2017-07-06  OR: 09:30/3b
  #1 LLY    +15m 55%W +0.0%  +30m 50%W +0.0%  +1h 60%W +0.1%  +2h 65%W +0.1%  +5h 68%W +0.2%  EOD 55%W +0.2%  EOD range -0.7% → +1.4%
  #2 CHTR   +15m 50%W -0.0%  +30m 40%W -0.0%  +1h 45%W -0.2%  +2h 45%W -0.0%  +5h 63%W +0.2%  EOD 55%W +0.2%  EOD range -2.7% → +1.9%
  Ticker   N          +15m          +30m           +1h           +2h           +5h           EOD           EOD range
  ----------------------------------------------------------------------------------------------------------------------
  LLY     20    55%W +0.0%    50%W +0.0%    60%W +0.1%    65%W +0.1%    68%W +0.2%    55%W +0.2%       -0.7% → +1.4%
  CHTR    20    50%W -0.0%    40%W -0.0%    45%W -0.2%    45%W -0.0%    63%W +0.2%    55%W +0.2%       -2.7% → +1.9%
  META    20    45%W -0.1%    45%W -0.1%    60%W +0.1%    70%W +0.1%    50%W +0.0%    50%W +0.0%       -3.3% → +1.7%
  TSLA    20    40%W -0.0%    50%W +0.0%    60%W +0.2%    55%W +0.1%    55%W +0.1%    50%W +0.1%       -4.5% → +2.0%
  QCOM    20    35%W -0.1%    45%W -0.2%    40%W -0.1%    40%W -0.2%    45%W -0.1%    45%W -0.2%       -2.0% → +1.4%
  AMD     20    45%W -0.2%    65%W +0.1%    55%W +0.3%    45%W -0.4%    40%W -1.0%    40%W -1.0%       -7.0% → +4.5%
  SNPS    20    35%W -0.1%    45%W -0.1%    40%W -0.1%    40%W -0.1%    32%W -0.1%    35%W -0.2%       -1.7% → +0.7%
  MU      20    20%W -0.2%    45%W -0.1%    55%W +0.1%    45%W -0.3%    35%W -0.6%    35%W -0.9%       -6.8% → +5.5%
  AVGO    20    30%W -0.1%    20%W -0.2%    35%W -0.2%    35%W -0.2%    35%W -0.5%    35%W -0.6%       -4.5% → +2.6%
  MRVL    20    30%W -0.3%    50%W -0.0%    50%W -0.0%    25%W -0.5%    30%W -0.4%    30%W -0.5%       -3.2% → +4.2%
Pre-session top-2 (9:25, 20d EOD win rate) — 2017-07-07  OR: 09:30/3b
  #1 META   +15m 50%W -0.0%  +30m 45%W -0.1%  +1h 60%W +0.1%  +2h 70%W +0.1%  +5h 50%W +0.1%  EOD 50%W +0.0%  EOD range -3.3% → +1.7%
  #2 LLY    +15m 50%W +0.0%  +30m 45%W -0.1%  +1h 55%W +0.1%  +2h 60%W +0.1%  +5h 63%W +0.1%  EOD 50%W +0.0%  EOD range -0.7% → +1.4%
  Ticker   N          +15m          +30m           +1h           +2h           +5h           EOD           EOD range
  ----------------------------------------------------------------------------------------------------------------------
  META    20    50%W -0.0%    45%W -0.1%    60%W +0.1%    70%W +0.1%    50%W +0.1%    50%W +0.0%       -3.3% → +1.7%
  LLY     20    50%W +0.0%    45%W -0.1%    55%W +0.1%    60%W +0.1%    63%W +0.1%    50%W +0.0%       -0.7% → +1.4%
  CHTR    20    45%W -0.1%    40%W -0.0%    40%W -0.2%    40%W -0.1%    58%W +0.2%    50%W +0.0%       -2.7% → +1.9%
  QCOM    20    35%W -0.1%    45%W -0.1%    45%W -0.1%    45%W -0.1%    45%W -0.1%    45%W -0.2%       -2.0% → +1.4%
  TSLA    20    35%W -0.1%    45%W -0.1%    55%W +0.2%    50%W -0.1%    50%W -0.1%    45%W -0.6%       -4.5% → +2.0%
  AMD     20    40%W -0.2%    65%W +0.1%    55%W +0.3%    45%W -0.4%    45%W -0.6%    45%W -0.4%       -7.0% → +4.5%
  SNPS    20    40%W -0.0%    45%W -0.1%    45%W -0.1%    45%W -0.0%    37%W -0.1%    40%W -0.1%       -1.7% → +0.7%
  AVGO    20    35%W -0.1%    25%W -0.2%    40%W -0.2%    35%W -0.2%    40%W -0.5%    40%W -0.6%       -4.5% → +2.6%
  MU      20    20%W -0.2%    45%W -0.1%    60%W +0.3%    45%W -0.3%    30%W -0.6%    30%W -0.9%       -6.8% → +5.5%
  MRVL    20    30%W -0.3%    50%W -0.0%    55%W +0.1%    30%W -0.5%    30%W -0.4%    30%W -0.5%       -3.2% → +4.2%
Pre-session top-2 (9:25, 20d EOD win rate) — 2017-07-10  OR: 09:30/3b
  #1 CHTR   +15m 45%W -0.0%  +30m 45%W -0.0%  +1h 45%W -0.2%  +2h 45%W -0.0%  +5h 63%W +0.2%  EOD 55%W +0.1%  EOD range -2.7% → +1.9%
  #2 META   +15m 55%W +0.0%  +30m 50%W -0.0%  +1h 65%W +0.2%  +2h 70%W +0.2%  +5h 55%W +0.3%  EOD 50%W +0.0%  EOD range -3.3% → +1.7%
  Ticker   N          +15m          +30m           +1h           +2h           +5h           EOD           EOD range
  ----------------------------------------------------------------------------------------------------------------------
  CHTR    20    45%W -0.0%    45%W -0.0%    45%W -0.2%    45%W -0.0%    63%W +0.2%    55%W +0.1%       -2.7% → +1.9%
  META    20    55%W +0.0%    50%W -0.0%    65%W +0.2%    70%W +0.2%    55%W +0.3%    50%W +0.0%       -3.3% → +1.7%
  LLY     20    50%W +0.0%    45%W -0.1%    55%W +0.1%    60%W +0.1%    63%W +0.1%    50%W +0.0%       -0.7% → +1.4%
  QCOM    20    40%W -0.0%    45%W -0.1%    45%W -0.1%    50%W -0.0%    45%W -0.1%    45%W -0.2%       -2.0% → +1.4%
  TSLA    20    40%W -0.0%    50%W +0.0%    60%W +0.2%    50%W -0.1%    50%W -0.1%    45%W -0.6%       -4.5% → +2.0%
  SNPS    20    45%W -0.0%    50%W -0.0%    50%W -0.0%    50%W -0.0%    42%W -0.1%    40%W -0.1%       -1.7% → +0.7%
  AVGO    20    40%W -0.1%    30%W -0.2%    45%W -0.1%    40%W -0.2%    45%W -0.5%    40%W -0.6%       -4.5% → +2.6%
  AMD     20    45%W -0.1%    70%W +0.2%    60%W +0.4%    50%W +0.1%    40%W -0.6%    40%W -0.4%       -7.0% → +4.5%
  MRVL    20    30%W -0.3%    45%W -0.1%    50%W +0.0%    35%W -0.5%    30%W -0.3%    30%W -0.5%       -3.2% → +4.2%
  MU      20    25%W -0.1%    50%W +0.0%    60%W +0.3%    45%W -0.3%    30%W -0.8%    25%W -0.9%       -6.8% → +5.5%
Pre-session top-2 (9:25, 20d EOD win rate) — 2017-07-11  OR: 09:30/3b
  #1 CHTR   +15m 45%W -0.0%  +30m 40%W -0.0%  +1h 40%W -0.2%  +2h 45%W -0.0%  +5h 68%W +0.4%  EOD 60%W +0.2%  EOD range -2.7% → +1.9%
  #2 META   +15m 50%W -0.0%  +30m 50%W -0.0%  +1h 65%W +0.2%  +2h 70%W +0.3%  +5h 60%W +0.4%  EOD 55%W +0.1%  EOD range -1.8% → +1.7%
  Ticker   N          +15m          +30m           +1h           +2h           +5h           EOD           EOD range
  ----------------------------------------------------------------------------------------------------------------------
  CHTR    20    45%W -0.0%    40%W -0.0%    40%W -0.2%    45%W -0.0%    68%W +0.4%    60%W +0.2%       -2.7% → +1.9%
  META    20    50%W -0.0%    50%W -0.0%    65%W +0.2%    70%W +0.3%    60%W +0.4%    55%W +0.1%       -1.8% → +1.7%
  LLY     20    45%W -0.0%    40%W -0.1%    50%W -0.0%    60%W +0.1%    63%W +0.1%    50%W +0.0%       -0.7% → +1.3%
  QCOM    20    40%W -0.0%    45%W -0.1%    45%W -0.0%    55%W +0.1%    50%W +0.1%    50%W +0.0%       -1.8% → +1.4%
  TSLA    20    35%W -0.1%    45%W -0.1%    55%W +0.2%    55%W +0.1%    55%W +0.2%    50%W +0.1%       -4.3% → +2.0%
  SNPS    20    40%W -0.0%    50%W -0.0%    50%W -0.0%    50%W -0.0%    47%W +0.0%    45%W -0.1%       -1.1% → +0.7%
  AVGO    20    40%W -0.1%    30%W -0.2%    50%W -0.0%    45%W -0.1%    50%W -0.1%    45%W -0.4%       -2.3% → +2.6%
  AMD     20    40%W -0.2%    70%W +0.2%    60%W +0.4%    55%W +0.3%    45%W -0.5%    45%W -0.1%       -3.6% → +4.5%
  MU      20    25%W -0.1%    50%W +0.0%    60%W +0.3%    50%W -0.0%    35%W -0.5%    30%W -0.6%       -5.2% → +5.5%
  MRVL    20    25%W -0.4%    40%W -0.1%    45%W -0.3%    35%W -0.6%    30%W -0.3%    30%W -0.4%       -3.2% → +4.2%
Pre-session top-2 (9:25, 20d EOD win rate) — 2017-07-12  OR: 09:30/3b
  #1 CHTR   +15m 45%W -0.0%  +30m 40%W -0.0%  +1h 40%W -0.2%  +2h 45%W -0.0%  +5h 68%W +0.4%  EOD 60%W +0.2%  EOD range -2.7% → +1.9%
  #2 META   +15m 55%W +0.0%  +30m 50%W -0.0%  +1h 65%W +0.2%  +2h 70%W +0.3%  +5h 60%W +0.4%  EOD 55%W +0.1%  EOD range -1.8% → +1.6%
  Ticker   N          +15m          +30m           +1h           +2h           +5h           EOD           EOD range
  ----------------------------------------------------------------------------------------------------------------------
  CHTR    20    45%W -0.0%    40%W -0.0%    40%W -0.2%    45%W -0.0%    68%W +0.4%    60%W +0.2%       -2.7% → +1.9%
  META    20    55%W +0.0%    50%W -0.0%    65%W +0.2%    70%W +0.3%    60%W +0.4%    55%W +0.1%       -1.8% → +1.6%
  LLY     20    45%W -0.0%    40%W -0.1%    50%W -0.0%    60%W +0.1%    63%W +0.1%    50%W +0.0%       -0.7% → +1.3%
  QCOM    20    40%W -0.0%    45%W -0.1%    45%W -0.0%    50%W -0.0%    50%W -0.0%    50%W +0.0%       -1.8% → +1.4%
  TSLA    20    40%W -0.0%    50%W -0.0%    55%W +0.2%    55%W +0.1%    55%W +0.2%    50%W +0.1%       -4.3% → +2.9%
  AMD     20    45%W -0.1%    70%W +0.2%    60%W +0.4%    55%W +0.3%    45%W -0.5%    45%W -0.1%       -3.6% → +4.5%
  SNPS    20    45%W -0.0%    55%W +0.0%    50%W -0.0%    45%W -0.0%    42%W -0.1%    40%W -0.1%       -1.1% → +0.7%
  AVGO    20    40%W -0.1%    30%W -0.2%    50%W -0.0%    40%W -0.1%    45%W -0.4%    40%W -0.4%       -2.3% → +2.3%
  MU      20    25%W -0.1%    50%W +0.0%    60%W +0.3%    50%W -0.0%    35%W -0.5%    30%W -0.6%       -5.2% → +2.6%
  MRVL    20    30%W -0.3%    40%W -0.1%    45%W -0.3%    35%W -0.6%    30%W -0.3%    30%W -0.4%       -3.2% → +2.4%
Pre-session top-2 (9:25, 20d EOD win rate) — 2017-07-13  OR: 09:30/3b
  #1 META   +15m 60%W +0.0%  +30m 55%W +0.0%  +1h 70%W +0.2%  +2h 75%W +0.3%  +5h 65%W +0.5%  EOD 60%W +0.3%  EOD range -1.8% → +1.6%
  #2 CHTR   +15m 45%W -0.0%  +30m 40%W -0.0%  +1h 40%W -0.2%  +2h 45%W -0.0%  +5h 68%W +0.4%  EOD 60%W +0.2%  EOD range -2.7% → +1.9%
  Ticker   N          +15m          +30m           +1h           +2h           +5h           EOD           EOD range
  ----------------------------------------------------------------------------------------------------------------------
  META    20    60%W +0.0%    55%W +0.0%    70%W +0.2%    75%W +0.3%    65%W +0.5%    60%W +0.3%       -1.8% → +1.6%
  CHTR    20    45%W -0.0%    40%W -0.0%    40%W -0.2%    45%W -0.0%    68%W +0.4%    60%W +0.2%       -2.7% → +1.9%
  QCOM    20    40%W -0.0%    50%W -0.0%    45%W -0.0%    50%W -0.0%    55%W +0.1%    55%W +0.2%       -1.8% → +1.4%
  LLY     20    45%W -0.0%    45%W -0.1%    55%W +0.1%    65%W +0.1%    63%W +0.1%    50%W +0.0%       -0.7% → +1.3%
  AMD     20    45%W -0.2%    70%W +0.2%    65%W +0.4%    60%W +0.6%    50%W +0.2%    50%W +0.0%       -3.6% → +4.5%
  TSLA    20    40%W -0.1%    45%W -0.2%    50%W +0.0%    55%W +0.1%    50%W -0.1%    45%W -0.3%       -4.3% → +2.9%
  AVGO    20    40%W -0.1%    30%W -0.2%    50%W -0.0%    40%W -0.1%    50%W -0.1%    45%W -0.1%       -2.3% → +2.3%
  SNPS    20    45%W -0.0%    55%W +0.0%    50%W +0.0%    50%W -0.0%    47%W -0.1%    40%W -0.1%       -1.1% → +1.1%
  MU      20    25%W -0.1%    50%W +0.0%    65%W +0.3%    55%W +0.0%    35%W -0.3%    30%W -0.5%       -5.2% → +2.6%
  MRVL    20    30%W -0.3%    40%W -0.1%    45%W -0.3%    35%W -0.6%    35%W -0.3%    30%W -0.4%       -3.2% → +2.4%
Pre-session top-2 (9:25, 20d EOD win rate) — 2017-07-14  OR: 09:30/3b
  #1 META   +15m 60%W +0.0%  +30m 55%W +0.0%  +1h 65%W +0.2%  +2h 75%W +0.3%  +5h 70%W +0.5%  EOD 65%W +0.4%  EOD range -1.8% → +1.6%
  #2 CHTR   +15m 40%W -0.1%  +30m 35%W -0.1%  +1h 40%W -0.2%  +2h 45%W -0.0%  +5h 68%W +0.4%  EOD 60%W +0.2%  EOD range -2.7% → +1.9%
  Ticker   N          +15m          +30m           +1h           +2h           +5h           EOD           EOD range
  ----------------------------------------------------------------------------------------------------------------------
  META    20    60%W +0.0%    55%W +0.0%    65%W +0.2%    75%W +0.3%    70%W +0.5%    65%W +0.4%       -1.8% → +1.6%
  CHTR    20    40%W -0.1%    35%W -0.1%    40%W -0.2%    45%W -0.0%    68%W +0.4%    60%W +0.2%       -2.7% → +1.9%
  QCOM    20    40%W -0.0%    55%W +0.0%    45%W -0.0%    50%W +0.0%    60%W +0.1%    55%W +0.2%       -1.8% → +1.4%
  LLY     20    45%W -0.0%    50%W +0.0%    55%W +0.1%    65%W +0.2%    63%W +0.1%    50%W +0.0%       -0.7% → +1.3%
  AMD     20    50%W -0.1%    65%W +0.1%    60%W +0.2%    55%W +0.3%    50%W +0.2%    50%W +0.0%       -5.7% → +4.5%
  AVGO    20    45%W -0.1%    35%W -0.2%    50%W -0.0%    40%W -0.1%    55%W +0.2%    45%W -0.0%       -2.3% → +2.3%
  SNPS    20    50%W +0.0%    60%W +0.1%    50%W +0.0%    50%W -0.0%    47%W -0.1%    40%W -0.1%       -1.1% → +1.1%
  TSLA    20    40%W -0.1%    45%W -0.2%    45%W -0.2%    50%W -0.2%    45%W -0.1%    40%W -0.6%       -4.3% → +2.9%
  MRVL    20    35%W -0.3%    45%W -0.1%    50%W +0.0%    40%W -0.6%    40%W -0.3%    35%W -0.4%       -3.2% → +2.4%
  MU      20    30%W -0.1%    50%W +0.0%    60%W +0.3%    50%W -0.0%    35%W -0.3%    30%W -0.5%       -5.2% → +2.6%
Pre-session top-2 (9:25, 20d EOD win rate) — 2017-07-17  OR: 09:30/3b
  #1 META   +15m 55%W +0.0%  +30m 55%W +0.0%  +1h 60%W +0.2%  +2h 70%W +0.2%  +5h 70%W +0.4%  EOD 60%W +0.1%  EOD range -1.8% → +1.5%
  #2 CHTR   +15m 40%W -0.1%  +30m 35%W -0.1%  +1h 40%W -0.2%  +2h 45%W -0.0%  +5h 68%W +0.4%  EOD 60%W +0.2%  EOD range -2.7% → +1.9%
  Ticker   N          +15m          +30m           +1h           +2h           +5h           EOD           EOD range
  ----------------------------------------------------------------------------------------------------------------------
  META    20    55%W +0.0%    55%W +0.0%    60%W +0.2%    70%W +0.2%    70%W +0.4%    60%W +0.1%       -1.8% → +1.5%
  CHTR    20    40%W -0.1%    35%W -0.1%    40%W -0.2%    45%W -0.0%    68%W +0.4%    60%W +0.2%       -2.7% → +1.9%
  QCOM    20    35%W -0.1%    50%W -0.0%    40%W -0.1%    45%W -0.0%    60%W +0.1%    55%W +0.2%       -1.8% → +1.4%
  LLY     20    45%W -0.0%    50%W +0.0%    55%W +0.1%    60%W +0.1%    63%W +0.1%    50%W +0.0%       -0.7% → +1.0%
  AMD     20    50%W -0.1%    65%W +0.2%    60%W +0.3%    55%W +0.4%    50%W +0.1%    50%W +0.0%       -5.7% → +4.5%
  AVGO    20    40%W -0.1%    35%W -0.1%    50%W -0.0%    40%W -0.1%    55%W +0.2%    45%W -0.0%       -2.3% → +2.3%
  SNPS    20    45%W -0.0%    55%W +0.1%    50%W +0.0%    45%W -0.0%    47%W -0.1%    40%W -0.1%       -1.1% → +1.1%
  MRVL    20    30%W -0.3%    45%W -0.2%    45%W -0.2%    35%W -0.6%    35%W -0.3%    40%W -0.4%       -3.2% → +2.4%
  TSLA    20    40%W -0.1%    40%W -0.2%    45%W -0.2%    50%W -0.2%    45%W -0.1%    40%W -0.6%       -4.3% → +2.9%
  MU      20    25%W -0.2%    45%W -0.1%    55%W +0.2%    50%W -0.0%    35%W -0.3%    30%W -0.5%       -5.2% → +2.6%
Pre-session top-2 (9:25, 20d EOD win rate) — 2017-07-18  OR: 09:30/3b
  #1 META   +15m 55%W +0.0%  +30m 50%W -0.0%  +1h 55%W +0.1%  +2h 65%W +0.2%  +5h 65%W +0.3%  EOD 55%W +0.1%  EOD range -1.8% → +1.5%
  #2 CHTR   +15m 40%W -0.1%  +30m 40%W -0.1%  +1h 45%W -0.1%  +2h 50%W -0.0%  +5h 68%W +0.2%  EOD 55%W +0.1%  EOD range -2.7% → +1.9%
  Ticker   N          +15m          +30m           +1h           +2h           +5h           EOD           EOD range
  ----------------------------------------------------------------------------------------------------------------------
  META    20    55%W +0.0%    50%W -0.0%    55%W +0.1%    65%W +0.2%    65%W +0.3%    55%W +0.1%       -1.8% → +1.5%
  CHTR    20    40%W -0.1%    40%W -0.1%    45%W -0.1%    50%W -0.0%    68%W +0.2%    55%W +0.1%       -2.7% → +1.9%
  LLY     20    45%W -0.0%    50%W +0.0%    55%W +0.1%    60%W +0.1%    63%W +0.1%    50%W +0.0%       -0.7% → +1.0%
  QCOM    20    35%W -0.1%    55%W +0.0%    40%W -0.1%    45%W -0.0%    60%W +0.1%    50%W +0.1%       -1.8% → +1.4%
  AMD     20    45%W -0.2%    60%W +0.1%    60%W +0.3%    55%W +0.4%    50%W +0.1%    50%W +0.0%       -5.7% → +4.5%
  SNPS    20    45%W -0.0%    55%W +0.1%    50%W +0.0%    45%W -0.0%    53%W +0.1%    45%W -0.1%       -1.1% → +1.1%
  AVGO    20    40%W -0.1%    30%W -0.1%    45%W -0.1%    40%W -0.1%    55%W +0.2%    45%W -0.0%       -2.3% → +2.3%
  MRVL    20    25%W -0.3%    40%W -0.2%    40%W -0.4%    35%W -0.6%    35%W -0.3%    40%W -0.4%       -3.2% → +2.4%
  TSLA    20    35%W -0.1%    40%W -0.3%    45%W -0.2%    50%W -0.3%    45%W -0.6%    40%W -0.7%       -4.3% → +2.9%
  MU      20    25%W -0.2%    45%W -0.1%    60%W +0.2%    50%W -0.0%    40%W -0.1%    35%W -0.3%       -5.2% → +2.6%
Pre-session top-2 (9:25, 20d EOD win rate) — 2017-07-19  OR: 09:30/3b
  #1 META   +15m 55%W +0.0%  +30m 50%W -0.0%  +1h 55%W +0.1%  +2h 70%W +0.2%  +5h 70%W +0.4%  EOD 60%W +0.1%  EOD range -1.8% → +1.7%
  #2 CHTR   +15m 35%W -0.1%  +30m 40%W -0.1%  +1h 45%W -0.1%  +2h 50%W -0.0%  +5h 68%W +0.2%  EOD 60%W +0.2%  EOD range -2.7% → +1.9%
  Ticker   N          +15m          +30m           +1h           +2h           +5h           EOD           EOD range
  ----------------------------------------------------------------------------------------------------------------------
  META    20    55%W +0.0%    50%W -0.0%    55%W +0.1%    70%W +0.2%    70%W +0.4%    60%W +0.1%       -1.8% → +1.7%
  CHTR    20    35%W -0.1%    40%W -0.1%    45%W -0.1%    50%W -0.0%    68%W +0.2%    60%W +0.2%       -2.7% → +1.9%
  LLY     20    45%W -0.0%    50%W +0.0%    55%W +0.0%    60%W +0.1%    63%W +0.1%    55%W +0.1%       -0.7% → +1.0%
  AMD     20    40%W -0.3%    60%W +0.2%    65%W +0.3%    55%W +0.4%    55%W +0.6%    55%W +0.4%       -5.7% → +4.5%
  QCOM    20    35%W -0.1%    55%W +0.0%    35%W -0.1%    40%W -0.0%    55%W +0.1%    50%W +0.0%       -1.8% → +1.4%
  AVGO    20    40%W -0.1%    30%W -0.1%    45%W -0.1%    45%W -0.1%    60%W +0.2%    50%W +0.2%       -2.3% → +2.3%
  SNPS    20    45%W -0.0%    55%W +0.1%    50%W +0.0%    50%W +0.0%    58%W +0.1%    45%W -0.1%       -1.1% → +1.1%
  MRVL    20    30%W -0.3%    45%W -0.1%    45%W -0.2%    40%W -0.3%    40%W -0.2%    45%W -0.3%       -3.2% → +2.4%
  TSLA    20    40%W -0.1%    45%W -0.2%    50%W -0.1%    55%W +0.1%    50%W -0.1%    45%W -0.3%       -4.3% → +3.3%
  MU      20    25%W -0.2%    45%W -0.1%    55%W +0.1%    50%W +0.0%    40%W -0.1%    35%W -0.3%       -5.2% → +2.6%
Pre-session top-2 (9:25, 20d EOD win rate) — 2017-07-20  OR: 09:30/3b
  #1 META   +15m 55%W +0.0%  +30m 55%W +0.0%  +1h 55%W +0.2%  +2h 70%W +0.3%  +5h 75%W +0.5%  EOD 65%W +0.2%  EOD range -1.8% → +1.7%
  #2 CHTR   +15m 40%W -0.0%  +30m 40%W -0.1%  +1h 45%W -0.1%  +2h 50%W -0.0%  +5h 74%W +0.4%  EOD 65%W +0.2%  EOD range -2.7% → +1.9%
  Ticker   N          +15m          +30m           +1h           +2h           +5h           EOD           EOD range
  ----------------------------------------------------------------------------------------------------------------------
  META    20    55%W +0.0%    55%W +0.0%    55%W +0.2%    70%W +0.3%    75%W +0.5%    65%W +0.2%       -1.8% → +1.7%
  CHTR    20    40%W -0.0%    40%W -0.1%    45%W -0.1%    50%W -0.0%    74%W +0.4%    65%W +0.2%       -2.7% → +1.9%
  LLY     20    45%W -0.0%    50%W +0.0%    55%W +0.0%    60%W +0.1%    63%W +0.2%    60%W +0.2%       -0.7% → +1.0%
  QCOM    20    40%W -0.0%    60%W +0.1%    40%W -0.1%    45%W -0.0%    60%W +0.1%    55%W +0.2%       -1.8% → +1.4%
  AVGO    20    40%W -0.0%    30%W -0.1%    40%W -0.1%    45%W -0.1%    65%W +0.4%    55%W +0.5%       -2.3% → +2.3%
  SNPS    20    45%W -0.0%    55%W +0.1%    45%W -0.0%    55%W +0.1%    63%W +0.2%    50%W +0.2%       -1.1% → +1.1%
  MRVL    20    30%W -0.3%    45%W -0.1%    50%W +0.0%    45%W -0.1%    45%W -0.1%    50%W +0.0%       -3.2% → +2.4%
  AMD     20    35%W -0.3%    55%W +0.1%    60%W +0.1%    55%W +0.2%    55%W +0.6%    50%W +0.0%       -5.7% → +4.5%
  TSLA    20    40%W -0.1%    45%W -0.3%    50%W -0.1%    55%W +0.1%    50%W -0.1%    45%W -0.3%       -4.3% → +3.3%
  MU      20    25%W -0.2%    45%W -0.1%    55%W +0.1%    50%W +0.0%    40%W -0.1%    35%W -0.3%       -5.2% → +2.6%
Pre-session top-2 (9:25, 20d EOD win rate) — 2017-07-21  OR: 09:30/3b
  #1 META   +15m 60%W +0.0%  +30m 50%W -0.0%  +1h 50%W +0.0%  +2h 65%W +0.2%  +5h 70%W +0.4%  EOD 65%W +0.1%  EOD range -1.8% → +1.7%
  #2 CHTR   +15m 45%W -0.0%  +30m 40%W -0.1%  +1h 40%W -0.2%  +2h 55%W +0.1%  +5h 68%W +0.4%  EOD 65%W +0.2%  EOD range -2.7% → +1.9%
  Ticker   N          +15m          +30m           +1h           +2h           +5h           EOD           EOD range
  ----------------------------------------------------------------------------------------------------------------------
  META    20    60%W +0.0%    50%W -0.0%    50%W +0.0%    65%W +0.2%    70%W +0.4%    65%W +0.1%       -1.8% → +1.7%
  CHTR    20    45%W -0.0%    40%W -0.1%    40%W -0.2%    55%W +0.1%    68%W +0.4%    65%W +0.2%       -2.7% → +1.9%
  LLY     20    50%W +0.0%    50%W +0.0%    55%W +0.0%    60%W +0.1%    68%W +0.2%    60%W +0.2%       -0.7% → +1.0%
  SNPS    20    50%W +0.0%    60%W +0.1%    45%W -0.0%    60%W +0.1%    63%W +0.2%    55%W +0.2%       -1.1% → +1.1%
  MRVL    20    30%W -0.3%    40%W -0.2%    45%W -0.2%    45%W -0.2%    50%W +0.1%    55%W +0.3%       -3.2% → +2.4%
  QCOM    20    40%W -0.0%    60%W +0.1%    40%W -0.1%    45%W -0.0%    60%W +0.1%    55%W +0.2%       -1.8% → +1.4%
  AVGO    20    45%W -0.0%    25%W -0.1%    35%W -0.1%    40%W -0.1%    65%W +0.2%    55%W +0.3%       -2.3% → +2.3%
  AMD     20    40%W -0.3%    55%W +0.2%    60%W +0.1%    55%W +0.2%    55%W +0.6%    50%W +0.0%       -5.7% → +4.5%
  TSLA    20    45%W -0.1%    45%W -0.1%    50%W -0.1%    55%W +0.1%    50%W -0.1%    45%W -0.3%       -4.3% → +3.3%
  MU      20    30%W -0.1%    45%W -0.1%    55%W +0.1%    50%W +0.0%    40%W -0.1%    35%W -0.3%       -5.2% → +2.4%
Pre-session top-2 (9:25, 20d EOD win rate) — 2017-07-24  OR: 09:30/3b
  #1 CHTR   +15m 45%W -0.0%  +30m 40%W -0.1%  +1h 40%W -0.2%  +2h 50%W -0.0%  +5h 74%W +0.4%  EOD 70%W +0.3%  EOD range -2.7% → +1.9%
  #2 META   +15m 60%W +0.0%  +30m 50%W -0.0%  +1h 50%W +0.0%  +2h 60%W +0.2%  +5h 65%W +0.4%  EOD 60%W +0.1%  EOD range -1.8% → +1.7%
  Ticker   N          +15m          +30m           +1h           +2h           +5h           EOD           EOD range
  ----------------------------------------------------------------------------------------------------------------------
  CHTR    20    45%W -0.0%    40%W -0.1%    40%W -0.2%    50%W -0.0%    74%W +0.4%    70%W +0.3%       -2.7% → +1.9%
  META    20    60%W +0.0%    50%W -0.0%    50%W +0.0%    60%W +0.2%    65%W +0.4%    60%W +0.1%       -1.8% → +1.7%
  SNPS    20    55%W +0.0%    65%W +0.1%    50%W +0.1%    65%W +0.2%    68%W +0.2%    60%W +0.3%       -1.1% → +1.1%
  AVGO    20    50%W +0.0%    30%W -0.1%    35%W -0.1%    40%W -0.1%    65%W +0.3%    60%W +0.4%       -2.3% → +2.3%
  LLY     20    45%W -0.0%    45%W -0.0%    50%W +0.0%    60%W +0.1%    63%W +0.1%    55%W +0.1%       -0.7% → +1.0%
  MRVL    20    30%W -0.3%    35%W -0.3%    40%W -0.5%    40%W -0.5%    45%W -0.1%    55%W +0.2%       -3.2% → +2.4%
  QCOM    20    35%W -0.1%    55%W +0.0%    35%W -0.1%    45%W -0.0%    60%W +0.1%    55%W +0.2%       -1.8% → +1.4%
  AMD     20    45%W -0.2%    55%W +0.2%    60%W +0.1%    55%W +0.2%    55%W +0.3%    50%W +0.0%       -5.7% → +4.5%
  TSLA    20    40%W -0.1%    45%W -0.1%    50%W -0.1%    55%W +0.0%    50%W -0.1%    45%W -0.3%       -4.3% → +3.3%
  MU      20    30%W -0.1%    50%W -0.0%    55%W +0.1%    55%W +0.1%    45%W -0.0%    40%W -0.2%       -5.2% → +2.4%
Pre-session top-2 (9:25, 20d EOD win rate) — 2017-07-25  OR: 09:30/3b
  #1 SNPS   +15m 55%W +0.1%  +30m 65%W +0.1%  +1h 45%W -0.0%  +2h 65%W +0.1%  +5h 68%W +0.4%  EOD 65%W +0.3%  EOD range -1.1% → +1.1%
  #2 CHTR   +15m 45%W -0.0%  +30m 40%W -0.1%  +1h 40%W -0.2%  +2h 50%W -0.0%  +5h 74%W +0.4%  EOD 65%W +0.2%  EOD range -2.7% → +1.9%
  Ticker   N          +15m          +30m           +1h           +2h           +5h           EOD           EOD range
  ----------------------------------------------------------------------------------------------------------------------
  SNPS    20    55%W +0.1%    65%W +0.1%    45%W -0.0%    65%W +0.1%    68%W +0.4%    65%W +0.3%       -1.1% → +1.1%
  CHTR    20    45%W -0.0%    40%W -0.1%    40%W -0.2%    50%W -0.0%    74%W +0.4%    65%W +0.2%       -2.7% → +1.9%
  META    20    60%W +0.0%    50%W -0.0%    50%W -0.0%    55%W +0.1%    65%W +0.4%    60%W +0.1%       -1.8% → +1.7%
  LLY     20    50%W +0.0%    50%W +0.0%    55%W +0.0%    60%W +0.2%    63%W +0.2%    60%W +0.2%       -0.7% → +1.0%
  AVGO    20    45%W -0.0%    25%W -0.1%    30%W -0.2%    35%W -0.1%    65%W +0.2%    55%W +0.1%       -2.3% → +2.3%
  MRVL    20    25%W -0.3%    30%W -0.3%    35%W -0.6%    35%W -0.6%    40%W -0.2%    50%W -0.1%       -3.2% → +2.4%
  QCOM    20    35%W -0.1%    50%W -0.0%    30%W -0.2%    40%W -0.0%    55%W +0.1%    50%W +0.0%       -1.8% → +1.4%
  TSLA    20    40%W -0.1%    45%W -0.1%    50%W -0.1%    55%W +0.0%    50%W -0.1%    45%W -0.3%       -4.3% → +3.3%
  AMD     20    45%W -0.2%    55%W +0.2%    60%W +0.1%    55%W +0.2%    50%W -0.1%    45%W -0.0%       -5.7% → +4.5%
  MU      20    30%W -0.2%    45%W -0.0%    55%W +0.1%    60%W +0.3%    45%W -0.0%    40%W -0.1%       -5.2% → +2.4%
Pre-session top-2 (9:25, 20d EOD win rate) — 2017-07-26  OR: 09:30/3b
  #1 META   +15m 65%W +0.0%  +30m 55%W +0.0%  +1h 55%W +0.0%  +2h 60%W +0.1%  +5h 70%W +0.4%  EOD 65%W +0.2%  EOD range -1.8% → +1.7%
  #2 SNPS   +15m 60%W +0.1%  +30m 70%W +0.1%  +1h 50%W +0.1%  +2h 70%W +0.2%  +5h 74%W +0.4%  EOD 65%W +0.3%  EOD range -1.1% → +1.1%
  Ticker   N          +15m          +30m           +1h           +2h           +5h           EOD           EOD range
  ----------------------------------------------------------------------------------------------------------------------
  META    20    65%W +0.0%    55%W +0.0%    55%W +0.0%    60%W +0.1%    70%W +0.4%    65%W +0.2%       -1.8% → +1.7%
  SNPS    20    60%W +0.1%    70%W +0.1%    50%W +0.1%    70%W +0.2%    74%W +0.4%    65%W +0.3%       -1.1% → +1.1%
  CHTR    20    40%W -0.1%    40%W -0.2%    40%W -0.2%    50%W -0.0%    74%W +0.2%    60%W +0.2%       -2.7% → +1.9%
  AVGO    20    50%W +0.0%    30%W -0.1%    35%W -0.1%    40%W -0.1%    70%W +0.3%    60%W +0.4%       -2.3% → +2.3%
  LLY     20    45%W -0.0%    45%W -0.0%    55%W +0.0%    60%W +0.2%    58%W +0.0%    55%W +0.1%       -0.7% → +1.0%
  MRVL    20    30%W -0.3%    35%W -0.3%    40%W -0.5%    40%W -0.5%    45%W -0.1%    55%W +0.2%       -3.2% → +2.4%
  QCOM    20    40%W -0.1%    55%W +0.0%    35%W -0.1%    45%W -0.0%    55%W +0.1%    55%W +0.1%       -1.6% → +1.4%
  TSLA    20    40%W -0.1%    45%W -0.1%    50%W -0.1%    55%W +0.0%    55%W +0.1%    50%W -0.1%       -4.3% → +3.3%
  AMD     20    45%W -0.2%    60%W +0.2%    65%W +0.1%    55%W +0.2%    55%W +0.3%    50%W +0.0%       -5.7% → +4.5%
  MU      20    35%W -0.1%    50%W -0.0%    60%W +0.2%    65%W +0.4%    50%W +0.1%    40%W -0.1%       -5.2% → +2.4%
Pre-session top-2 (9:25, 20d EOD win rate) — 2017-07-27  OR: 09:30/3b
  #1 META   +15m 65%W +0.0%  +30m 55%W +0.0%  +1h 55%W +0.0%  +2h 60%W +0.1%  +5h 70%W +0.4%  EOD 70%W +0.2%  EOD range -1.8% → +1.7%
  #2 SNPS   +15m 65%W +0.1%  +30m 75%W +0.1%  +1h 55%W +0.2%  +2h 70%W +0.2%  +5h 79%W +0.4%  EOD 70%W +0.3%  EOD range -1.1% → +1.1%
  Ticker   N          +15m          +30m           +1h           +2h           +5h           EOD           EOD range
  ----------------------------------------------------------------------------------------------------------------------
  META    20    65%W +0.0%    55%W +0.0%    55%W +0.0%    60%W +0.1%    70%W +0.4%    70%W +0.2%       -1.8% → +1.7%
  SNPS    20    65%W +0.1%    75%W +0.1%    55%W +0.2%    70%W +0.2%    79%W +0.4%    70%W +0.3%       -1.1% → +1.1%
  AVGO    20    55%W +0.0%    35%W -0.0%    40%W -0.1%    45%W -0.0%    75%W +0.3%    65%W +0.4%       -1.4% → +2.3%
  LLY     20    45%W -0.1%    45%W -0.0%    50%W +0.0%    55%W +0.1%    63%W +0.2%    60%W +0.2%       -0.7% → +1.0%
  MRVL    20    30%W -0.2%    35%W -0.2%    40%W -0.2%    40%W -0.5%    45%W -0.1%    55%W +0.2%       -3.0% → +2.4%
  QCOM    20    40%W -0.1%    50%W -0.0%    30%W -0.2%    40%W -0.0%    55%W +0.1%    55%W +0.1%       -1.6% → +1.4%
  CHTR    20    35%W -0.2%    35%W -0.2%    35%W -0.3%    45%W -0.1%    68%W +0.2%    55%W +0.1%       -2.7% → +1.9%
  TSLA    20    45%W -0.1%    45%W -0.1%    50%W -0.1%    55%W +0.0%    60%W +0.2%    55%W +0.1%       -4.3% → +3.3%
  AMD     20    45%W -0.2%    60%W +0.2%    65%W +0.1%    55%W +0.2%    55%W +0.3%    50%W +0.0%       -5.7% → +4.5%
  MU      20    35%W -0.1%    50%W -0.0%    60%W +0.2%    65%W +0.4%    50%W +0.1%    40%W -0.1%       -5.2% → +2.4%
Pre-session top-2 (9:25, 20d EOD win rate) — 2017-07-28  OR: 09:30/3b
  #1 META   +15m 70%W +0.1%  +30m 60%W +0.0%  +1h 55%W +0.0%  +2h 60%W +0.1%  +5h 65%W +0.4%  EOD 65%W +0.1%  EOD range -1.8% → +1.7%
  #2 SNPS   +15m 70%W +0.1%  +30m 70%W +0.1%  +1h 50%W +0.1%  +2h 65%W +0.2%  +5h 74%W +0.2%  EOD 65%W +0.3%  EOD range -1.1% → +1.1%
  Ticker   N          +15m          +30m           +1h           +2h           +5h           EOD           EOD range
  ----------------------------------------------------------------------------------------------------------------------
  META    20    70%W +0.1%    60%W +0.0%    55%W +0.0%    60%W +0.1%    65%W +0.4%    65%W +0.1%       -1.8% → +1.7%
  SNPS    20    70%W +0.1%    70%W +0.1%    50%W +0.1%    65%W +0.2%    74%W +0.2%    65%W +0.3%       -1.1% → +1.1%
  LLY     20    50%W -0.0%    45%W -0.0%    50%W +0.0%    55%W +0.1%    68%W +0.2%    65%W +0.3%       -0.7% → +1.6%
  AVGO    20    60%W +0.0%    35%W -0.1%    40%W -0.1%    45%W -0.0%    70%W +0.2%    60%W +0.2%       -2.6% → +2.3%
  MRVL    20    30%W -0.2%    30%W -0.3%    35%W -0.3%    35%W -0.5%    40%W -0.2%    50%W -0.1%       -3.0% → +1.7%
  QCOM    20    40%W -0.1%    50%W -0.0%    25%W -0.2%    35%W -0.0%    50%W +0.0%    50%W +0.0%       -1.6% → +1.1%
  CHTR    20    35%W -0.2%    35%W -0.3%    35%W -0.3%    40%W -0.1%    63%W +0.2%    50%W -0.0%       -2.7% → +1.7%
  TSLA    20    45%W -0.1%    45%W -0.1%    50%W -0.1%    55%W +0.0%    55%W +0.1%    50%W -0.1%       -4.3% → +3.3%
  AMD     20    45%W -0.2%    60%W +0.2%    60%W +0.1%    55%W +0.2%    55%W +0.3%    50%W +0.0%       -5.7% → +4.5%
  MU      20    40%W -0.0%    55%W +0.0%    60%W +0.2%    60%W +0.3%    45%W -0.0%    35%W -0.2%       -5.2% → +2.4%
Pre-session top-2 (9:25, 20d EOD win rate) — 2017-07-31  OR: 09:30/3b
  #1 META   +15m 65%W +0.0%  +30m 65%W +0.1%  +1h 60%W +0.1%  +2h 65%W +0.1%  +5h 70%W +0.4%  EOD 70%W +0.2%  EOD range -1.8% → +1.7%
  #2 SNPS   +15m 70%W +0.1%  +30m 70%W +0.1%  +1h 50%W +0.1%  +2h 70%W +0.2%  +5h 79%W +0.2%  EOD 70%W +0.3%  EOD range -1.1% → +1.1%
  Ticker   N          +15m          +30m           +1h           +2h           +5h           EOD           EOD range
  ----------------------------------------------------------------------------------------------------------------------
  META    20    65%W +0.0%    65%W +0.1%    60%W +0.1%    65%W +0.1%    70%W +0.4%    70%W +0.2%       -1.8% → +1.7%
  SNPS    20    70%W +0.1%    70%W +0.1%    50%W +0.1%    70%W +0.2%    79%W +0.2%    70%W +0.3%       -1.1% → +1.1%
  LLY     20    50%W -0.0%    40%W -0.1%    45%W -0.1%    55%W +0.1%    63%W +0.2%    65%W +0.3%       -0.7% → +1.6%
  AVGO    20    55%W +0.0%    35%W -0.1%    40%W -0.1%    45%W -0.0%    75%W +0.2%    65%W +0.2%       -2.6% → +2.3%
  QCOM    20    45%W -0.0%    55%W +0.0%    30%W -0.1%    40%W -0.0%    55%W +0.1%    55%W +0.1%       -1.6% → +1.1%
  CHTR    20    40%W -0.1%    40%W -0.2%    40%W -0.3%    45%W -0.1%    68%W +0.2%    55%W +0.1%       -2.7% → +1.7%
  MRVL    20    30%W -0.3%    25%W -0.4%    30%W -0.5%    35%W -0.5%    40%W -0.2%    50%W -0.1%       -3.0% → +1.7%
  TSLA    20    50%W -0.1%    50%W -0.0%    55%W +0.1%    60%W +0.2%    60%W +0.2%    50%W +0.0%       -4.3% → +3.3%
  AMD     20    45%W -0.2%    60%W +0.2%    60%W +0.1%    55%W +0.2%    55%W +0.3%    50%W +0.0%       -5.7% → +4.5%
  MU      20    40%W -0.1%    55%W +0.0%    60%W +0.2%    60%W +0.3%    45%W -0.0%    35%W -0.2%       -5.2% → +2.4%

=========================================================================================================================================================================================
Pre-Session Top-2 Performance — 2017-07-03 to 2017-07-31  |  Unconditional OR-close entry  |  OR: 09:30/3b
=========================================================================================================================================================================================
Date         Ticker Rank  At       Entry       +15m       +30m       +45m        +1h     +1h30m        +2h        +3h        +4h        +5h        +6h        +7h        EOD
-----------------------------------------------------------------------------------------------------------------------------------------------------------------------------------------
2017-07-03   TSLA   #1    09:40   367.94    +0.36%W    +0.64%W    -0.18%L    -0.34%L    -1.71%L    -1.71%L    -3.72%L    -4.19%L    -4.17%L    -4.33%L    -4.35%L    -4.35%L
2017-07-03   CHTR   #2    09:40   337.14    -0.18%L    -0.73%L    -0.92%L    -1.44%L    -1.66%L    -1.99%L    -2.11%L    -2.71%L    -2.71%L    -2.71%L    -2.71%L    -2.71%L
2017-07-05   TSLA   #1    09:40   340.65    -0.81%L    -1.69%L    -1.60%L    -0.68%L    -1.55%L    -2.48%L    -1.78%L    -0.84%L    -1.96%L    -3.32%L    -4.01%L    -4.01%L
2017-07-05   LLY    #2    09:40    82.47    -0.50%L    -0.36%L    -0.11%L    -0.17%L    +0.17%W    -0.04%L    +0.06%W    +0.12%W    +0.21%W    +0.25%W    +0.25%W    +0.25%W
2017-07-06   LLY    #1    09:40    82.12    -0.05%L    -0.26%L    -0.28%L    -0.38%L    -0.54%L    -0.56%L    -0.49%L    -0.51%L    -0.80%L    -0.85%L    -0.57%L    -0.57%L
2017-07-06   CHTR   #2    09:40   333.58    -0.31%L    +0.03%W    -0.34%L    -0.45%L    -0.58%L    -0.37%L    +0.19%W    +0.20%W    -0.13%L    -0.15%L    -0.42%L    -0.42%L
2017-07-07   META   #1    09:40   150.18    +0.32%W    +0.37%W    +0.21%W    +0.38%W    +0.55%W    +0.77%W    +0.71%W    +1.20%W    +0.90%W    +0.75%W    +0.84%W    +0.84%W
2017-07-07   LLY    #2    09:40    81.67    -0.07%L    -0.07%L    +0.09%W    +0.17%W    +0.31%W    +0.53%W    +0.59%W    +0.50%W    +0.77%W    +0.69%W    +0.75%W    +0.75%W
2017-07-10   CHTR   #1    09:40   334.64    -0.25%L    -0.33%L    -0.26%L    -0.07%L    -0.04%L    +0.00%W    +0.27%W    +0.51%W    +0.84%W    +1.06%W    +0.59%W    +0.59%W
2017-07-10   META   #2    09:40   152.68    -0.42%L    +0.05%W    +0.02%W    +0.39%W    +0.57%W    +0.52%W    +0.32%W    +0.54%W    +0.73%W    +0.71%W    +0.54%W    +0.54%W
2017-07-11   CHTR   #1    09:40   336.17    +0.68%W    +0.54%W    +0.17%W    +0.84%W    +0.38%W    +0.39%W    +0.35%W    +0.76%W    +0.69%W    +0.67%W    +0.55%W    +0.55%W
2017-07-11   META   #2    09:40   153.34    +0.35%W    +0.29%W    +0.45%W    +0.52%W    +0.51%W    +0.36%W    +0.44%W    +1.04%W    +1.22%W    +1.22%W    +1.26%W    +1.26%W
2017-07-12   CHTR   #1    09:40   341.13    +0.08%W    +0.59%W    +0.94%W    +0.50%W    +0.57%W    +0.82%W    +0.93%W    +0.55%W    +0.55%W    +0.39%W    +0.44%W    +0.44%W
2017-07-12   META   #2    09:40   157.11    +0.04%W    +0.01%W    +0.15%W    +0.06%W    +0.39%W    +0.55%W    +0.48%W    +0.71%W    +1.17%W    +1.16%W    +1.15%W    +1.15%W
2017-07-13   META   #1    09:40   158.97    +0.35%W    +0.34%W    +0.09%W    -0.15%L    +0.30%W    +0.14%W    +0.26%W    -0.03%L    +0.14%W    +0.26%W    +0.18%W    +0.18%W
2017-07-13   CHTR   #2    09:40   342.72    -0.22%L    -0.31%L    -0.51%L    -0.81%L    -0.80%L    -0.92%L    -0.85%L    -0.85%L    -1.30%L    -1.27%L    -1.07%L    -1.07%L
2017-07-14   META   #1    09:40   159.98    -0.08%L    -0.01%L    -0.04%L    -0.07%L    +0.03%W    -0.01%L    +0.01%W    +0.01%W    +0.01%W    +0.01%W    -0.01%L    -0.01%L
2017-07-14   CHTR   #2    09:40   340.21    -0.80%L    -1.04%L    -1.11%L    -0.96%L    -0.51%L    -0.56%L    -0.51%L    -0.07%L    +0.49%W    +1.08%W    +0.78%W    +0.78%W
2017-07-17   META   #1    09:40   160.45    +0.03%W    -0.10%L    -0.35%L    -0.60%L    -0.85%L    -0.77%L    -0.71%L    -0.74%L    -0.93%L    -0.60%L    -0.45%L    -0.45%L
2017-07-17   CHTR   #2    09:40   343.00    +0.08%W    +0.31%W    +0.34%W    +0.15%W    +0.14%W    +0.10%W    +0.23%W    +0.26%W    +0.19%W    -0.09%L    -0.15%L    -0.15%L
2017-07-18   META   #1    09:40   160.16    +0.39%W    +0.39%W    +0.63%W    +0.39%W    +0.72%W    +0.87%W    +0.79%W    +1.36%W    +2.09%W    +1.62%W    +1.69%W    +1.69%W
2017-07-18   CHTR   #2    09:40   341.73    -0.01%L    +0.01%W    +0.31%W    +0.23%W    +0.59%W    +0.74%W    +0.77%W    +0.80%W    +1.02%W    +0.76%W    +0.84%W    +0.84%W
2017-07-19   META   #1    09:40   163.80    +0.03%W    +0.15%W    +0.41%W    +0.53%W    +0.68%W    +0.68%W    +1.07%W    +0.97%W    +0.58%W    +0.32%W    +0.21%W    +0.21%W
2017-07-19   CHTR   #2    09:40   345.38    +0.22%W    -0.19%L    -0.17%L    -0.65%L    -0.38%L    -0.11%L    +0.03%W    -0.04%L    +0.42%W    +0.33%W    +0.31%W    +0.31%W
2017-07-20   META   #1    09:40   164.38    +0.08%W    -0.58%L    -0.56%L    -0.78%L    -0.30%L    -0.12%L    +0.05%W    -0.36%L    -0.43%L    +0.13%W    +0.10%W    +0.10%W
2017-07-20   CHTR   #2    09:40   347.47    +0.25%W    -0.14%L    +0.08%W    -0.58%L    -0.11%L    +0.10%W    +0.05%W    +0.52%W    -0.25%L    -0.48%L    -0.59%L    -0.59%L
2017-07-21   META   #1    09:40   164.62    -0.01%L    +0.22%W    +0.06%W    +0.07%W    -0.10%L    -0.19%L    -0.08%L    -0.15%L    -0.05%L    -0.16%L    -0.13%L    -0.13%L
2017-07-21   CHTR   #2    09:40   348.00    -0.22%L    -0.20%L    -0.37%L    -0.44%L    -0.42%L    -0.31%L    -0.36%L    -0.29%L    +0.22%W    +0.50%W    +0.59%W    +0.59%W
2017-07-24   CHTR   #1    09:40   350.00    -0.39%L    -0.71%L    -0.50%L    -1.01%L    -1.25%L    -0.85%L    -0.75%L    -0.81%L    -0.64%L    -0.53%L    -0.52%L    -0.52%L
2017-07-24   META   #2    09:40   165.06    +0.18%W    +0.17%W    +0.00%W    +0.01%W    +0.07%W    -0.12%L    +0.07%W    +0.27%W    +0.42%W    +0.67%W    +0.57%W    +0.57%W
2017-07-25   SNPS   #1    09:40    76.46    +0.34%W    +0.30%W    +0.61%W    +0.48%W    +0.34%W    +0.29%W    +0.46%W    +0.44%W    +0.22%W    +0.04%W    -0.07%L    -0.07%L
2017-07-25   CHTR   #2    09:40   349.00    -0.46%L    -0.35%L    -0.32%L    -0.25%L    -0.46%L    -0.05%L    +0.35%W    +0.45%W    +0.13%W    -0.21%L    -0.28%L    -0.28%L
2017-07-26   META   #1    09:40   165.59    -0.25%L    -0.24%L    -0.14%L    -0.21%L    -0.55%L    -0.73%L    -0.36%L    -0.18%L    -0.26%L    -0.18%L    +0.01%W    +0.01%W
2017-07-26   SNPS   #2    09:40    76.66    +0.33%W    +0.44%W    +0.77%W    +0.46%W    +0.53%W    +0.38%W    +0.21%W    +0.26%W    +0.13%W    -0.05%L    +0.04%W    +0.04%W
2017-07-27   META   #1    09:40   173.22    +0.38%W    +1.17%W    +0.80%W    +0.74%W    +0.71%W    +0.51%W    -1.51%L    -2.03%L    -1.78%L    -1.86%L    -1.60%L    -1.60%L
2017-07-27   SNPS   #2    09:40    77.10    +0.04%W    -0.04%L    -0.09%L    -0.16%L    -0.18%L    -0.19%L    -0.69%L    -1.57%L    -1.45%L    -0.95%L    -0.96%L    -0.96%L
2017-07-28   META   #1    09:40   172.25    -0.39%L    +0.09%W    -0.15%L    +0.06%W    +0.05%W    +0.12%W    +0.48%W    +0.41%W    +0.17%W    +0.16%W    +0.12%W    +0.12%W
2017-07-28   SNPS   #2    09:40    76.41    -0.21%L    -0.14%L    -0.22%L    +0.00%L    +0.05%W    +0.08%W    +0.12%W    -0.04%L    +0.18%W    -0.04%L    +0.03%W    +0.03%W
2017-07-31   META   #1    09:40   172.09    -0.72%L    -1.07%L    -1.69%L    -1.90%L    -1.29%L    -0.96%L    -1.11%L    -1.76%L    -1.70%L    -1.32%L    -1.64%L    -1.64%L
2017-07-31   SNPS   #2    09:40    76.42    -0.30%L    +0.00%L    -0.07%L    -0.09%L    +0.09%W    +0.24%W    +0.37%W    +0.43%W    +0.29%W    +0.34%W    +0.21%W    +0.21%W

========================================================================================
Pre-session picks summary — 40 pick(s) across 20 trading day(s)

Top-2 picks (all days)  (40 signal(s))
  Hold      Count   Win Rate   Avg Gain    Avg Win   Avg Loss ProfitFactor   Sum Ret%
  -------------------------------------------------------------------------
  +15m         40      47.5%     -0.05%     +0.24%     -0.32%        0.68x     -2.16%
  +30m         40      47.5%     -0.06%     +0.32%     -0.41%        0.71x     -2.44%
  +45m         40      45.0%     -0.10%     +0.34%     -0.45%        0.61x     -3.85%
  +1h          40      42.5%     -0.16%     +0.35%     -0.53%        0.49x     -6.21%
  +1h30m       40      52.5%     -0.14%     +0.37%     -0.70%        0.58x     -5.51%
  +2h          40      50.0%     -0.12%     +0.41%     -0.65%        0.63x     -4.83%
  +3h          40      65.0%     -0.13%     +0.37%     -1.07%        0.64x     -5.35%
  +4h          40      55.0%     -0.12%     +0.56%     -0.95%        0.72x     -4.83%
  +5h          40      62.5%     -0.12%     +0.55%     -1.24%        0.74x     -4.78%
  +6h          40      55.0%     -0.15%     +0.60%     -1.06%        0.69x     -5.97%
  +7h          40      57.5%     -0.19%     +0.52%     -1.15%        0.62x     -7.45%
  EOD          40      57.5%     -0.19%     +0.52%     -1.15%        0.62x     -7.45%

=========================================================================================================================================================================================
Signal Analysis — 2017-07-03 to 2017-07-31  |  BULL only  |  Vol ≥ 1.0x 20dAvg
Windows: 09:30/3b  |  Collection: 3 bars  |  Tickers: 10
=========================================================================================================================================================================================
Date         Ticker Window   At       Entry  Vol/20d       +15m       +30m       +45m        +1h     +1h30m        +2h        +3h        +4h        +5h        +6h        +7h        EOD
-----------------------------------------------------------------------------------------------------------------------------------------------------------------------------------------
2017-07-03   LLY    09:30/3b 09:45    82.60    1.66x    +0.05%W    +0.19%W    +0.24%W    +0.23%W    +0.18%W    +0.33%W    +0.17%W    +0.12%W    +0.12%W    +0.12%W    +0.12%W    +0.12%W
2017-07-05   MU     09:30/3b 09:40    30.12    1.71x    -0.22%L    -0.03%L    -0.22%L    +0.53%W    +0.63%W    +0.33%W    +0.51%W    +1.10%W    +1.00%W    +1.06%W    +1.29%W    +1.29%W
2017-07-05   MRVL   09:30/3b 09:40    16.21    1.07x    -0.89%L    -0.86%L    -1.30%L    -1.02%L    -1.39%L    -1.02%L    +0.00%L    +0.09%W    +0.62%W    +0.59%W    +0.65%W    +0.65%W
2017-07-05   AMD    09:30/3b 09:40    12.61    1.56x    +0.03%W    +0.16%W    -0.16%L    +1.35%W    +1.09%W    +0.91%W    +2.85%W    +3.49%W    +3.85%W    +4.28%W    +4.52%W    +4.52%W
2017-07-06   MU     09:30/3b 09:50    30.32    1.02x    -0.52%L    -0.50%L    -0.29%L    -0.28%L    -0.13%L    +0.07%W    -0.51%L    -0.36%L    -0.75%L    -0.59%L    -0.72%L    -0.72%L
2017-07-07   TSLA   09:30/3b 09:50   311.69    1.80x    +0.33%W    +0.44%W    +0.83%W    +0.16%W    +0.46%W    +1.19%W    +0.41%W    -0.06%L    +0.12%W    +0.35%W    +0.47%W    +0.47%W
2017-07-10   CHTR   09:30/3b 09:50   333.63    1.03x    +0.15%W    +0.04%W    +0.02%W    +0.25%W    +0.27%W    +0.44%W    +0.73%W    +0.90%W    +1.26%W    +0.95%W    +0.89%W    +0.89%W
2017-07-11   MRVL   09:30/3b 09:45    16.11    3.02x    +0.19%W    +0.19%W    -0.12%L    +0.12%W    -0.40%L    -0.59%L    -0.87%L    -0.37%L    -0.50%L    -0.31%L    -0.28%L    -0.28%L
2017-07-11   TSLA   09:30/3b 09:40   317.86    1.53x    +0.37%W    +1.10%W    +1.72%W    +1.76%W    +1.98%W    +1.73%W    +1.92%W    +1.98%W    +2.02%W    +2.48%W    +2.94%W    +2.94%W
2017-07-12   CHTR   09:30/3b 09:50   341.49    1.22x    +0.29%W    +0.79%W    +0.77%W    +0.26%W    +0.64%W    +0.63%W    +0.72%W    +0.32%W    +0.34%W    +0.26%W    +0.34%W    +0.34%W
2017-07-13   META   09:30/3b 09:40   158.97    1.05x    +0.35%W    +0.34%W    +0.09%W    -0.15%L    +0.30%W    +0.14%W    +0.26%W    -0.03%L    +0.14%W    +0.26%W    +0.18%W    +0.18%W
2017-07-14   MU     09:30/3b 09:40    31.82    1.67x    -0.53%L    -0.57%L    -0.50%L    -0.33%L    -0.06%L    +0.25%W    +0.05%W    +0.02%W    -0.03%L    -0.03%L    -0.03%L    -0.03%L
2017-07-14   AMD    09:30/3b 09:40    13.69    1.09x    +0.40%W    +0.44%W    -0.37%L    +0.41%W    +1.03%W    +1.31%W    +1.17%W    +0.66%W    +0.80%W    +1.46%W    +1.61%W    +1.61%W
2017-07-18   META   09:30/3b 09:40   160.16    1.09x    +0.39%W    +0.39%W    +0.63%W    +0.39%W    +0.72%W    +0.87%W    +0.79%W    +1.36%W    +2.09%W    +1.62%W    +1.69%W    +1.69%W
2017-07-18   TSLA   09:30/3b 09:50   322.48    1.02x    +0.07%W    +0.52%W    +0.45%W    +0.72%W    +0.50%W    +0.38%W    +0.52%W    +1.32%W    +1.63%W    +1.86%W    +1.78%W    +1.78%W
2017-07-19   MU     09:30/3b 09:50    32.15    1.09x    -0.68%L    -0.55%L    -0.58%L    -0.95%L    -1.49%L    -1.20%L    -1.26%L    -1.20%L    -1.12%L    -1.09%L    -1.01%L    -1.01%L
2017-07-19   LLY    09:30/3b 09:45    83.78    1.55x    +0.13%W    +0.01%W    -0.01%L    +0.04%W    -0.07%L    +0.13%W    +0.10%W    -0.01%L    +0.35%W    +0.46%W    +0.50%W    +0.50%W
2017-07-19   QCOM   09:30/3b 09:45    56.37    1.57x    +0.04%W    -0.18%L    -0.02%L    -0.16%L    +0.02%W    +0.03%W    +0.59%W    +0.76%W    +0.62%W    +0.83%W    +0.76%W    +0.76%W
2017-07-20   META   09:30/3b 09:45   164.70    1.05x    -0.44%L    -0.94%L    -0.97%L    -0.72%L    -0.51%L    -0.25%L    -0.25%L    -0.59%L    -0.49%L    -0.02%L    -0.10%L    -0.10%L
2017-07-20   CHTR   09:30/3b 09:50   347.96    1.20x    -0.20%L    -0.18%L    -0.46%L    -0.56%L    +0.05%W    -0.11%L    +0.03%W    +0.15%W    -0.43%L    -0.76%L    -0.73%L    -0.73%L
2017-07-21   AMD    09:30/3b 09:40    13.83    1.02x    +0.37%W    +1.45%W    +0.87%W    +0.94%W    +0.95%W    +1.08%W    +1.45%W    +0.72%W    +0.29%W    -0.07%L    +0.36%W    +0.36%W
2017-07-24   META   09:30/3b 09:40   165.06    1.10x    +0.18%W    +0.17%W    +0.00%W    +0.01%W    +0.07%W    -0.12%L    +0.07%W    +0.27%W    +0.42%W    +0.67%W    +0.57%W    +0.57%W
2017-07-24   CHTR   09:30/3b 09:45   349.33    1.31x    -0.63%L    -0.48%L    -0.47%L    -0.91%L    -1.09%L    -0.58%L    -0.54%L    -0.64%L    -0.46%L    -0.35%L    -0.33%L    -0.33%L
2017-07-24   TSLA   09:30/3b 09:50   336.50    1.04x    +0.40%W    +0.68%W    +0.84%W    +1.87%W    +0.86%W    +0.78%W    +1.00%W    +1.73%W    +1.19%W    +1.79%W    +1.68%W    +1.68%W
2017-07-25   SNPS   09:30/3b 09:50    76.65    1.55x    -0.04%L    +0.33%W    +0.21%W    +0.22%W    +0.14%W    +0.25%W    +0.08%W    +0.16%W    -0.03%L    -0.38%L    -0.31%L    -0.31%L
2017-07-25   AMD    09:30/3b 09:40    14.11    1.06x    -0.42%L    +0.07%W    +0.11%W    +0.08%W    +0.08%W    -0.28%L    +0.93%W    +1.17%W    +0.61%W    +0.11%W    +0.11%W    +0.11%W
2017-07-26   CHTR   09:30/3b 09:40   350.49    1.43x    -0.66%L    -0.64%L    -0.70%L    -0.68%L    -0.84%L    -0.65%L    -0.82%L    -0.17%L    -0.27%L    -0.13%L    -0.49%L    -0.49%L
2017-07-26   AVGO   09:30/3b 09:50   257.19    1.02x    -0.01%L    +0.33%W    +0.17%W    +0.04%W    +0.05%W    +0.08%W    -0.40%L    -0.14%L    +0.09%W    -0.08%L    -0.07%L    -0.07%L
2017-07-27   MU     09:30/3b 09:40    30.82    2.40x    +1.25%W    +0.10%W    +0.68%W    +0.24%W    +0.05%W    -0.03%L    -1.04%L    -3.16%L    -2.97%L    -1.98%L    -1.90%L    -1.90%L
2017-07-27   CHTR   09:30/3b 09:50   362.00    3.98x    +0.72%W    +1.68%W    +1.69%W    +2.05%W    +1.60%W    +1.41%W    +1.35%W    -0.71%L    +0.06%W    +1.23%W    +1.35%W    +1.35%W
2017-07-28   META   09:30/3b 09:40   172.25    2.02x    -0.39%L    +0.09%W    -0.15%L    +0.06%W    +0.05%W    +0.12%W    +0.48%W    +0.41%W    +0.17%W    +0.16%W    +0.12%W    +0.12%W
2017-07-28   LLY    09:30/3b 09:50    83.04    1.26x    +0.00%L    -0.43%L    -0.45%L    -0.39%L    -0.06%L    -0.07%L    -0.47%L    -0.46%L    -0.19%L    +0.09%W    +0.07%W    +0.07%W
2017-07-28   AVGO   09:30/3b 09:40   250.10    3.26x    -0.26%L    -0.50%L    -0.67%L    -0.72%L    -0.90%L    -0.83%L    -0.68%L    -0.18%L    +0.20%W    +0.17%W    +0.10%W    +0.10%W
2017-07-28   AMD    09:30/3b 09:40    14.03    1.47x    -1.12%L    -0.33%L    -0.73%L    -1.09%L    -0.48%L    -0.58%L    -0.48%L    -0.51%L    -0.01%L    -0.44%L    -0.66%L    -0.66%L
2017-07-31   TSLA   09:30/3b 09:40   339.86    1.17x    -0.80%L    -0.83%L    -2.39%L    -3.28%L    -2.96%L    -3.20%L    -3.65%L    -4.77%L    -5.22%L    -4.59%L    -4.86%L    -4.86%L

========================================================================================
Summary — 35 qualifying signal(s) across 20 trading day(s)

Window 09:30/3b  (35 signal(s))
  Hold      Count   Win Rate   Avg Gain    Avg Win   Avg Loss ProfitFactor   Sum Ret%
  -------------------------------------------------------------------------
  +15m         35      51.4%     -0.06%     +0.32%     -0.46%        0.73x     -2.12%
  +30m         35      60.0%     +0.07%     +0.45%     -0.50%        1.35x     +2.47%
  +45m         35      45.7%     -0.03%     +0.58%     -0.55%        0.89x     -1.21%
  +1h          35      60.0%     +0.01%     +0.56%     -0.80%        1.04x     +0.50%
  +1h30m       35      62.9%     +0.04%     +0.53%     -0.80%        1.13x     +1.31%
  +2h          35      60.0%     +0.08%     +0.59%     -0.68%        1.31x     +2.96%
  +3h          35      62.9%     +0.15%     +0.73%     -0.84%        1.47x     +5.20%
  +4h          35      54.3%     +0.10%     +0.88%     -0.83%        1.25x     +3.37%
  +5h          35      62.9%     +0.16%     +0.82%     -0.96%        1.44x     +5.51%
  +6h          35      60.0%     +0.29%     +0.99%     -0.77%        1.92x     +9.98%
  +7h          35      62.9%     +0.30%     +1.00%     -0.88%        1.92x    +10.62%
  EOD          35      62.9%     +0.30%     +1.00%     -0.88%        1.92x    +10.62%
