Fetching 5-min bars (2018-04-17 → 2018-06-29) [alpaca]...
  [cache] loaded 12 tickers from cache
Fetching daily bars (2017-06-01 → 2018-06-29)...

=========================================================================================================================================================================================
Pre-Session Rankings (9:25) — 2018-06-01 to 2018-06-29  |  20d lookback
(Unconditional hold from OR close — no signal or vol filter)
=========================================================================================================================================================================================
Pre-session top-2 (9:25, 20d EOD win rate) — 2018-06-01  OR: 09:30/3b
  #1 QCOM   +15m 53%W +0.1%  +30m 47%W -0.0%  +1h 58%W +0.1%  +2h 53%W +0.1%  +5h 63%W +0.1%  EOD 74%W +0.4%  EOD range -1.1% → +4.3%
  #2 CHTR   +15m 58%W +0.1%  +30m 58%W +0.1%  +1h 74%W +0.4%  +2h 58%W +0.2%  +5h 58%W +0.1%  EOD 68%W +0.2%  EOD range -1.9% → +2.7%
  Ticker   N          +15m          +30m           +1h           +2h           +5h           EOD           EOD range
  ----------------------------------------------------------------------------------------------------------------------
  QCOM    20    53%W +0.1%    47%W -0.0%    58%W +0.1%    53%W +0.1%    63%W +0.1%    74%W +0.4%       -1.1% → +4.3%
  CHTR    20    58%W +0.1%    58%W +0.1%    74%W +0.4%    58%W +0.2%    58%W +0.1%    68%W +0.2%       -1.9% → +2.7%
  LLY     20    70%W +0.1%    55%W +0.1%    60%W +0.2%    60%W +0.2%    60%W +0.2%    65%W +0.4%       -0.6% → +1.6%
  AVGO    20    63%W +0.1%    58%W +0.2%    58%W +0.0%    58%W +0.1%    47%W -0.1%    63%W +0.0%       -1.6% → +3.5%
  SPOT    20    55%W +0.1%    55%W +0.1%    70%W +0.1%    60%W +0.4%    60%W +0.4%    55%W +0.2%       -3.9% → +5.0%
  META    20    58%W +0.0%    63%W +0.1%    68%W +0.3%    53%W +0.1%    53%W +0.2%    53%W +0.2%       -0.7% → +2.2%
  SNPS    20    63%W +0.1%    63%W +0.1%    79%W +0.3%    74%W +0.2%    47%W -0.0%    53%W +0.1%       -1.7% → +1.9%
  TSLA    20    42%W -0.0%    58%W +0.1%    63%W +0.2%    47%W -0.1%    47%W -0.1%    53%W +0.5%       -3.6% → +4.5%
  AMD     20    58%W +0.1%    63%W +0.3%    53%W +0.0%    53%W +0.3%    58%W +0.1%    53%W +0.6%       -1.2% → +2.0%
  MU      20    47%W -0.0%    53%W +0.0%    47%W -0.2%    47%W -0.2%    47%W -0.3%    47%W -0.4%       -3.4% → +2.3%
  MRVL    20    26%W -0.3%    26%W -0.3%    42%W -0.4%    37%W -0.3%    37%W -0.4%    47%W -0.1%       -3.4% → +2.6%
Pre-session top-2 (9:25, 20d EOD win rate) — 2018-06-04  OR: 09:30/3b
  #1 QCOM   +15m 50%W +0.0%  +30m 45%W -0.1%  +1h 55%W +0.1%  +2h 50%W +0.0%  +5h 60%W +0.1%  EOD 75%W +0.3%  EOD range -1.1% → +4.3%
  #2 LLY    +15m 65%W +0.1%  +30m 60%W +0.1%  +1h 60%W +0.2%  +2h 60%W +0.2%  +5h 55%W +0.1%  EOD 65%W +0.4%  EOD range -0.8% → +1.6%
  Ticker   N          +15m          +30m           +1h           +2h           +5h           EOD           EOD range
  ----------------------------------------------------------------------------------------------------------------------
  QCOM    20    50%W +0.0%    45%W -0.1%    55%W +0.1%    50%W +0.0%    60%W +0.1%    75%W +0.3%       -1.1% → +4.3%
  LLY     20    65%W +0.1%    60%W +0.1%    60%W +0.2%    60%W +0.2%    55%W +0.1%    65%W +0.4%       -0.8% → +1.6%
  CHTR    20    55%W +0.1%    55%W +0.1%    70%W +0.3%    55%W +0.1%    55%W +0.0%    65%W +0.2%       -1.9% → +2.7%
  AVGO    20    60%W +0.0%    60%W +0.1%    60%W +0.1%    60%W +0.1%    50%W -0.0%    65%W +0.3%       -1.6% → +3.5%
  META    20    60%W +0.0%    65%W +0.1%    70%W +0.3%    55%W +0.1%    55%W +0.3%    55%W +0.3%       -0.7% → +2.2%
  SNPS    20    60%W +0.1%    65%W +0.1%    80%W +0.2%    75%W +0.3%    50%W +0.0%    55%W +0.2%       -1.7% → +1.9%
  SPOT    20    55%W +0.1%    55%W +0.1%    70%W +0.1%    60%W +0.4%    60%W +0.4%    55%W +0.2%       -3.9% → +5.0%
  TSLA    20    40%W -0.0%    55%W +0.1%    65%W +0.2%    50%W -0.0%    50%W -0.1%    55%W +0.6%       -3.6% → +4.5%
  AMD     20    60%W +0.1%    65%W +0.4%    55%W +0.2%    55%W +0.3%    60%W +0.3%    55%W +0.6%       -1.2% → +2.6%
  MU      20    45%W -0.2%    50%W -0.1%    45%W -0.2%    45%W -0.2%    45%W -0.3%    45%W -0.4%       -3.4% → +2.3%
  MRVL    20    30%W -0.3%    25%W -0.3%    40%W -0.4%    35%W -0.4%    35%W -0.4%    45%W -0.2%       -3.4% → +2.6%
Pre-session top-2 (9:25, 20d EOD win rate) — 2018-06-05  OR: 09:30/3b
  #1 QCOM   +15m 50%W +0.0%  +30m 40%W -0.2%  +1h 50%W -0.1%  +2h 45%W -0.1%  +5h 55%W +0.1%  EOD 70%W +0.3%  EOD range -1.1% → +2.4%
  #2 LLY    +15m 65%W +0.1%  +30m 60%W +0.1%  +1h 60%W +0.1%  +2h 55%W +0.1%  +5h 55%W +0.1%  EOD 65%W +0.4%  EOD range -0.8% → +1.0%
  Ticker   N          +15m          +30m           +1h           +2h           +5h           EOD           EOD range
  ----------------------------------------------------------------------------------------------------------------------
  QCOM    20    50%W +0.0%    40%W -0.2%    50%W -0.1%    45%W -0.1%    55%W +0.1%    70%W +0.3%       -1.1% → +2.4%
  LLY     20    65%W +0.1%    60%W +0.1%    60%W +0.1%    55%W +0.1%    55%W +0.1%    65%W +0.4%       -0.8% → +1.0%
  CHTR    20    55%W +0.0%    55%W +0.1%    70%W +0.3%    55%W +0.1%    55%W +0.0%    65%W +0.2%       -1.9% → +2.7%
  AVGO    20    55%W +0.0%    55%W +0.1%    55%W +0.0%    55%W +0.1%    50%W -0.0%    65%W +0.2%       -1.6% → +1.8%
  SPOT    20    55%W +0.1%    55%W +0.1%    70%W +0.1%    65%W +0.4%    65%W +0.6%    60%W +0.6%       -3.9% → +5.0%
  META    20    60%W +0.0%    60%W +0.1%    70%W +0.3%    55%W +0.1%    55%W +0.3%    55%W +0.3%       -0.7% → +2.2%
  SNPS    20    60%W +0.1%    60%W +0.1%    75%W +0.2%    70%W +0.2%    50%W +0.0%    55%W +0.2%       -1.7% → +1.9%
  AMD     20    60%W +0.1%    65%W +0.4%    55%W +0.2%    50%W +0.0%    60%W +0.2%    55%W +0.6%       -1.2% → +2.6%
  TSLA    20    35%W -0.0%    50%W -0.1%    60%W +0.2%    45%W -0.2%    45%W -0.3%    50%W +0.1%       -3.6% → +3.1%
  MU      20    45%W -0.2%    50%W -0.1%    45%W -0.2%    40%W -0.2%    45%W -0.3%    45%W -0.4%       -3.4% → +2.3%
  MRVL    20    30%W -0.3%    25%W -0.3%    35%W -0.5%    30%W -0.4%    30%W -0.6%    40%W -0.3%       -3.4% → +1.4%
Pre-session top-2 (9:25, 20d EOD win rate) — 2018-06-06  OR: 09:30/3b
  #1 SPOT   +15m 60%W +0.1%  +30m 60%W +0.2%  +1h 75%W +0.2%  +2h 70%W +0.5%  +5h 70%W +0.8%  EOD 65%W +0.8%  EOD range -3.9% → +5.0%
  #2 LLY    +15m 60%W +0.0%  +30m 60%W +0.1%  +1h 60%W +0.1%  +2h 55%W +0.1%  +5h 55%W +0.1%  EOD 65%W +0.4%  EOD range -0.8% → +1.0%
  Ticker   N          +15m          +30m           +1h           +2h           +5h           EOD           EOD range
  ----------------------------------------------------------------------------------------------------------------------
  SPOT    20    60%W +0.1%    60%W +0.2%    75%W +0.2%    70%W +0.5%    70%W +0.8%    65%W +0.8%       -3.9% → +5.0%
  LLY     20    60%W +0.0%    60%W +0.1%    60%W +0.1%    55%W +0.1%    55%W +0.1%    65%W +0.4%       -0.8% → +1.0%
  QCOM    20    45%W -0.1%    40%W -0.3%    45%W -0.2%    40%W -0.2%    50%W +0.0%    65%W +0.2%       -1.1% → +2.4%
  CHTR    20    50%W +0.0%    55%W +0.1%    70%W +0.3%    50%W +0.0%    50%W -0.0%    60%W +0.1%       -1.9% → +2.7%
  AVGO    20    50%W -0.0%    50%W -0.0%    50%W +0.0%    50%W -0.0%    45%W -0.1%    60%W +0.0%       -1.6% → +1.8%
  META    20    60%W +0.0%    55%W +0.1%    65%W +0.3%    55%W +0.1%    55%W +0.3%    55%W +0.3%       -0.9% → +2.2%
  SNPS    20    60%W +0.1%    55%W +0.1%    70%W +0.2%    65%W +0.1%    50%W -0.0%    55%W +0.1%       -1.7% → +1.9%
  AMD     20    65%W +0.2%    65%W +0.4%    55%W +0.1%    45%W -0.3%    60%W +0.2%    55%W +0.5%       -1.2% → +2.6%
  MU      20    40%W -0.3%    50%W -0.1%    45%W -0.2%    40%W -0.3%    45%W -0.4%    45%W -0.4%       -3.4% → +2.3%
  TSLA    20    40%W -0.0%    50%W -0.1%    55%W +0.1%    40%W -0.3%    40%W -0.7%    45%W -0.4%       -3.6% → +3.1%
  MRVL    20    30%W -0.3%    25%W -0.3%    35%W -0.4%    30%W -0.4%    30%W -0.6%    40%W -0.3%       -3.4% → +1.4%
Pre-session top-2 (9:25, 20d EOD win rate) — 2018-06-07  OR: 09:30/3b
  #1 SPOT   +15m 65%W +0.1%  +30m 60%W +0.2%  +1h 75%W +0.2%  +2h 75%W +0.5%  +5h 75%W +0.8%  EOD 70%W +0.9%  EOD range -3.9% → +5.0%
  #2 LLY    +15m 55%W +0.0%  +30m 55%W +0.1%  +1h 60%W +0.1%  +2h 55%W +0.1%  +5h 55%W +0.1%  EOD 65%W +0.4%  EOD range -0.8% → +1.1%
  Ticker   N          +15m          +30m           +1h           +2h           +5h           EOD           EOD range
  ----------------------------------------------------------------------------------------------------------------------
  SPOT    20    65%W +0.1%    60%W +0.2%    75%W +0.2%    75%W +0.5%    75%W +0.8%    70%W +0.9%       -3.9% → +5.0%
  LLY     20    55%W +0.0%    55%W +0.1%    60%W +0.1%    55%W +0.1%    55%W +0.1%    65%W +0.4%       -0.8% → +1.1%
  QCOM    20    40%W -0.1%    40%W -0.2%    45%W -0.1%    45%W -0.1%    55%W +0.1%    65%W +0.2%       -1.1% → +2.4%
  CHTR    20    55%W +0.0%    60%W +0.1%    70%W +0.4%    55%W +0.1%    55%W +0.0%    65%W +0.2%       -1.8% → +2.7%
  AVGO    20    45%W -0.0%    45%W -0.1%    45%W -0.0%    50%W -0.0%    45%W -0.1%    60%W +0.0%       -1.6% → +1.8%
  META    20    55%W +0.0%    50%W +0.0%    60%W +0.3%    50%W +0.1%    50%W +0.1%    55%W +0.1%       -0.9% → +2.2%
  SNPS    20    55%W +0.1%    50%W +0.0%    65%W +0.1%    65%W +0.1%    45%W -0.0%    55%W +0.1%       -1.7% → +1.9%
  AMD     20    60%W +0.2%    60%W +0.3%    55%W +0.1%    45%W -0.3%    60%W +0.2%    55%W +0.5%       -1.2% → +2.6%
  TSLA    20    45%W -0.0%    45%W -0.2%    60%W +0.2%    45%W -0.2%    45%W -0.3%    50%W +0.1%       -3.6% → +4.6%
  MU      20    35%W -0.4%    50%W -0.1%    45%W -0.2%    35%W -0.3%    45%W -0.4%    45%W -0.4%       -3.4% → +2.3%
  MRVL    20    30%W -0.3%    25%W -0.3%    35%W -0.4%    30%W -0.4%    35%W -0.4%    40%W -0.3%       -3.4% → +1.4%
Pre-session top-2 (9:25, 20d EOD win rate) — 2018-06-08  OR: 09:30/3b
  #1 SPOT   +15m 65%W +0.1%  +30m 55%W +0.1%  +1h 75%W +0.2%  +2h 75%W +0.5%  +5h 75%W +0.8%  EOD 70%W +0.9%  EOD range -3.9% → +5.0%
  #2 CHTR   +15m 50%W +0.0%  +30m 60%W +0.1%  +1h 70%W +0.4%  +2h 55%W +0.1%  +5h 60%W +0.2%  EOD 70%W +0.3%  EOD range -1.8% → +2.7%
  Ticker   N          +15m          +30m           +1h           +2h           +5h           EOD           EOD range
  ----------------------------------------------------------------------------------------------------------------------
  SPOT    20    65%W +0.1%    55%W +0.1%    75%W +0.2%    75%W +0.5%    75%W +0.8%    70%W +0.9%       -3.9% → +5.0%
  CHTR    20    50%W +0.0%    60%W +0.1%    70%W +0.4%    55%W +0.1%    60%W +0.2%    70%W +0.3%       -1.8% → +2.7%
  LLY     20    50%W +0.0%    55%W +0.1%    60%W +0.1%    50%W +0.0%    50%W -0.0%    60%W +0.3%       -0.8% → +1.1%
  QCOM    20    40%W -0.1%    40%W -0.2%    45%W -0.1%    45%W -0.1%    50%W +0.0%    60%W +0.2%       -1.6% → +2.4%
  AVGO    20    45%W -0.0%    50%W -0.0%    45%W -0.0%    45%W -0.1%    40%W -0.1%    55%W +0.0%       -1.6% → +1.8%
  META    20    55%W +0.0%    45%W -0.1%    55%W +0.2%    45%W -0.0%    45%W -0.0%    50%W +0.0%       -0.9% → +2.2%
  SNPS    20    50%W +0.0%    45%W -0.1%    60%W +0.1%    60%W +0.0%    40%W -0.1%    50%W +0.0%       -1.7% → +1.9%
  AMD     20    55%W +0.1%    55%W +0.2%    50%W -0.1%    40%W -0.3%    55%W +0.1%    50%W +0.2%       -5.1% → +2.6%
  TSLA    20    45%W -0.0%    45%W -0.2%    60%W +0.2%    45%W -0.2%    45%W -0.3%    45%W -0.4%       -3.7% → +4.6%
  MU      20    30%W -0.4%    45%W -0.3%    40%W -0.3%    30%W -0.4%    40%W -0.4%    40%W -0.4%       -3.4% → +1.7%
  MRVL    20    35%W -0.3%    20%W -0.3%    30%W -0.5%    25%W -0.4%    30%W -0.6%    35%W -0.5%       -3.4% → +1.4%
Pre-session top-2 (9:25, 20d EOD win rate) — 2018-06-11  OR: 09:30/3b
  #1 SPOT   +15m 60%W +0.1%  +30m 50%W +0.0%  +1h 70%W +0.1%  +2h 70%W +0.5%  +5h 75%W +0.8%  EOD 70%W +0.9%  EOD range -3.9% → +2.4%
  #2 CHTR   +15m 45%W -0.0%  +30m 55%W +0.1%  +1h 65%W +0.2%  +2h 50%W +0.0%  +5h 55%W +0.0%  EOD 65%W +0.2%  EOD range -1.8% → +2.7%
  Ticker   N          +15m          +30m           +1h           +2h           +5h           EOD           EOD range
  ----------------------------------------------------------------------------------------------------------------------
  SPOT    20    60%W +0.1%    50%W +0.0%    70%W +0.1%    70%W +0.5%    75%W +0.8%    70%W +0.9%       -3.9% → +2.4%
  CHTR    20    45%W -0.0%    55%W +0.1%    65%W +0.2%    50%W +0.0%    55%W +0.0%    65%W +0.2%       -1.8% → +2.7%
  LLY     20    50%W +0.0%    55%W +0.1%    60%W +0.1%    50%W +0.0%    50%W -0.0%    60%W +0.3%       -0.8% → +1.1%
  QCOM    20    40%W -0.1%    40%W -0.2%    40%W -0.1%    40%W -0.2%    50%W +0.0%    60%W +0.1%       -1.6% → +2.4%
  AVGO    20    50%W -0.0%    55%W +0.1%    45%W -0.0%    45%W -0.1%    40%W -0.1%    55%W +0.0%       -1.6% → +1.8%
  META    20    55%W +0.0%    45%W -0.1%    55%W +0.1%    45%W -0.0%    45%W -0.0%    50%W +0.0%       -0.9% → +2.2%
  SNPS    20    50%W +0.0%    50%W +0.0%    55%W +0.1%    55%W +0.0%    40%W -0.1%    50%W +0.0%       -1.7% → +1.9%
  AMD     20    60%W +0.2%    60%W +0.3%    55%W +0.1%    40%W -0.3%    55%W +0.1%    50%W +0.2%       -5.1% → +2.6%
  TSLA    20    45%W -0.0%    45%W -0.1%    60%W +0.2%    45%W -0.1%    45%W -0.3%    45%W -0.4%       -3.7% → +4.6%
  MU      20    35%W -0.3%    50%W -0.1%    45%W -0.2%    35%W -0.3%    45%W -0.4%    40%W -0.4%       -3.4% → +3.6%
  MRVL    20    35%W -0.3%    25%W -0.3%    30%W -0.5%    25%W -0.6%    30%W -0.4%    30%W -0.5%       -3.4% → +1.4%
Pre-session top-2 (9:25, 20d EOD win rate) — 2018-06-12  OR: 09:30/3b
  #1 SPOT   +15m 60%W +0.1%  +30m 50%W +0.1%  +1h 70%W +0.1%  +2h 70%W +0.5%  +5h 75%W +0.8%  EOD 70%W +0.9%  EOD range -3.9% → +2.4%
  #2 CHTR   +15m 45%W -0.0%  +30m 55%W +0.1%  +1h 65%W +0.3%  +2h 50%W +0.1%  +5h 55%W +0.2%  EOD 65%W +0.2%  EOD range -1.8% → +2.7%
  Ticker   N          +15m          +30m           +1h           +2h           +5h           EOD           EOD range
  ----------------------------------------------------------------------------------------------------------------------
  SPOT    20    60%W +0.1%    50%W +0.1%    70%W +0.1%    70%W +0.5%    75%W +0.8%    70%W +0.9%       -3.9% → +2.4%
  CHTR    20    45%W -0.0%    55%W +0.1%    65%W +0.3%    50%W +0.1%    55%W +0.2%    65%W +0.2%       -1.8% → +2.7%
  SNPS    20    45%W -0.1%    45%W -0.0%    50%W -0.0%    55%W +0.0%    45%W -0.1%    55%W +0.1%       -1.7% → +1.9%
  LLY     20    50%W +0.0%    60%W +0.1%    65%W +0.1%    55%W +0.1%    50%W +0.0%    55%W +0.2%       -0.8% → +1.1%
  QCOM    20    40%W -0.1%    40%W -0.2%    35%W -0.2%    35%W -0.2%    50%W +0.0%    55%W +0.1%       -1.6% → +2.4%
  AVGO    20    45%W -0.0%    50%W -0.0%    40%W -0.1%    45%W -0.1%    45%W -0.0%    55%W +0.0%       -1.6% → +1.8%
  META    20    55%W +0.0%    45%W -0.1%    55%W +0.1%    45%W -0.0%    45%W -0.0%    50%W +0.0%       -0.9% → +2.2%
  TSLA    20    45%W -0.0%    50%W -0.0%    60%W +0.2%    50%W -0.0%    50%W -0.1%    50%W +0.1%       -3.7% → +4.6%
  AMD     20    60%W +0.2%    60%W +0.3%    55%W +0.1%    40%W -0.3%    55%W +0.1%    50%W +0.2%       -5.1% → +3.0%
  MU      20    30%W -0.4%    45%W -0.3%    40%W -0.3%    30%W -0.4%    45%W -0.6%    40%W -0.4%       -3.4% → +3.6%
  MRVL    20    35%W -0.3%    25%W -0.3%    30%W -0.5%    25%W -0.6%    30%W -0.4%    30%W -0.5%       -3.4% → +1.4%
Pre-session top-2 (9:25, 20d EOD win rate) — 2018-06-13  OR: 09:30/3b
  #1 SPOT   +15m 55%W +0.0%  +30m 50%W +0.1%  +1h 70%W +0.1%  +2h 65%W +0.4%  +5h 75%W +0.8%  EOD 65%W +0.9%  EOD range -3.9% → +2.4%
  #2 CHTR   +15m 45%W -0.0%  +30m 55%W +0.1%  +1h 65%W +0.3%  +2h 50%W +0.1%  +5h 55%W +0.2%  EOD 65%W +0.2%  EOD range -1.8% → +2.7%
  Ticker   N          +15m          +30m           +1h           +2h           +5h           EOD           EOD range
  ----------------------------------------------------------------------------------------------------------------------
  SPOT    20    55%W +0.0%    50%W +0.1%    70%W +0.1%    65%W +0.4%    75%W +0.8%    65%W +0.9%       -3.9% → +2.4%
  CHTR    20    45%W -0.0%    55%W +0.1%    65%W +0.3%    50%W +0.1%    55%W +0.2%    65%W +0.2%       -1.8% → +2.7%
  SNPS    20    45%W -0.1%    45%W -0.0%    50%W -0.0%    60%W +0.0%    45%W -0.0%    60%W +0.1%       -1.7% → +1.9%
  AVGO    20    45%W -0.0%    50%W -0.0%    40%W -0.0%    50%W -0.0%    50%W +0.0%    60%W +0.2%       -1.6% → +1.8%
  QCOM    20    40%W -0.1%    40%W -0.2%    35%W -0.2%    35%W -0.2%    50%W +0.0%    55%W +0.1%       -1.6% → +2.4%
  TSLA    20    50%W +0.0%    55%W +0.1%    65%W +0.2%    55%W +0.1%    55%W +0.0%    55%W +0.5%       -3.7% → +4.6%
  AMD     20    60%W +0.2%    65%W +0.3%    55%W +0.1%    45%W -0.3%    60%W +0.1%    55%W +0.5%       -5.1% → +3.0%
  META    20    55%W +0.0%    40%W -0.1%    50%W -0.0%    45%W -0.0%    45%W -0.1%    50%W +0.0%       -0.9% → +2.2%
  LLY     20    50%W +0.0%    60%W +0.1%    65%W +0.1%    55%W +0.0%    45%W -0.1%    50%W -0.0%       -0.8% → +1.1%
  MU      20    30%W -0.4%    45%W -0.5%    40%W -0.3%    30%W -0.4%    45%W -0.6%    40%W -0.4%       -3.4% → +3.6%
  MRVL    20    40%W -0.2%    30%W -0.3%    35%W -0.5%    30%W -0.4%    35%W -0.4%    35%W -0.3%       -2.8% → +1.4%
Pre-session top-2 (9:25, 20d EOD win rate) — 2018-06-14  OR: 09:30/3b
  #1 AVGO   +15m 50%W -0.0%  +30m 50%W -0.0%  +1h 40%W -0.0%  +2h 50%W -0.0%  +5h 55%W +0.1%  EOD 65%W +0.3%  EOD range -1.6% → +1.8%
  #2 SNPS   +15m 45%W -0.0%  +30m 50%W +0.0%  +1h 55%W +0.1%  +2h 65%W +0.0%  +5h 45%W -0.0%  EOD 60%W +0.1%  EOD range -1.7% → +1.9%
  Ticker   N          +15m          +30m           +1h           +2h           +5h           EOD           EOD range
  ----------------------------------------------------------------------------------------------------------------------
  AVGO    20    50%W -0.0%    50%W -0.0%    40%W -0.0%    50%W -0.0%    55%W +0.1%    65%W +0.3%       -1.6% → +1.8%
  SNPS    20    45%W -0.0%    50%W +0.0%    55%W +0.1%    65%W +0.0%    45%W -0.0%    60%W +0.1%       -1.7% → +1.9%
  SPOT    20    60%W +0.1%    55%W +0.2%    65%W +0.1%    60%W +0.3%    70%W +0.7%    60%W +0.9%       -3.9% → +2.4%
  CHTR    20    50%W +0.0%    55%W +0.1%    65%W +0.3%    50%W +0.1%    50%W +0.1%    60%W +0.1%       -2.3% → +2.7%
  META    20    55%W +0.0%    45%W -0.1%    55%W +0.1%    50%W +0.1%    50%W +0.1%    55%W +0.1%       -0.9% → +2.2%
  QCOM    20    45%W -0.0%    45%W -0.2%    40%W -0.1%    40%W -0.2%    55%W +0.0%    55%W +0.1%       -1.6% → +2.4%
  TSLA    20    50%W +0.0%    55%W +0.1%    65%W +0.2%    60%W +0.4%    55%W +0.0%    55%W +0.6%       -3.7% → +4.6%
  AMD     20    60%W +0.1%    65%W +0.3%    55%W +0.1%    45%W -0.3%    60%W +0.1%    55%W +0.5%       -5.1% → +3.0%
  LLY     20    55%W +0.0%    60%W +0.1%    65%W +0.1%    55%W +0.0%    50%W +0.1%    50%W +0.1%       -0.8% → +1.1%
  MRVL    20    45%W -0.0%    35%W -0.2%    40%W -0.4%    35%W -0.3%    40%W -0.3%    40%W -0.3%       -2.8% → +1.4%
  MU      20    30%W -0.3%    45%W -0.5%    35%W -0.4%    25%W -0.5%    40%W -0.9%    35%W -0.5%       -3.4% → +3.6%
Pre-session top-2 (9:25, 20d EOD win rate) — 2018-06-15  OR: 09:30/3b
  #1 AVGO   +15m 50%W -0.0%  +30m 55%W +0.1%  +1h 45%W -0.0%  +2h 55%W +0.1%  +5h 60%W +0.1%  EOD 65%W +0.4%  EOD range -1.6% → +1.8%
  #2 META   +15m 50%W -0.0%  +30m 50%W -0.0%  +1h 55%W +0.1%  +2h 55%W +0.1%  +5h 55%W +0.2%  EOD 60%W +0.1%  EOD range -0.9% → +2.2%
  Ticker   N          +15m          +30m           +1h           +2h           +5h           EOD           EOD range
  ----------------------------------------------------------------------------------------------------------------------
  AVGO    20    50%W -0.0%    55%W +0.1%    45%W -0.0%    55%W +0.1%    60%W +0.1%    65%W +0.4%       -1.6% → +1.8%
  META    20    50%W -0.0%    50%W -0.0%    55%W +0.1%    55%W +0.1%    55%W +0.2%    60%W +0.1%       -0.9% → +2.2%
  SPOT    20    60%W +0.1%    55%W +0.2%    65%W +0.1%    60%W +0.3%    70%W +0.7%    60%W +0.9%       -3.9% → +3.6%
  CHTR    20    50%W +0.0%    55%W +0.1%    65%W +0.3%    55%W +0.2%    50%W +0.1%    60%W +0.1%       -2.3% → +2.7%
  SNPS    20    40%W -0.1%    50%W +0.0%    55%W +0.1%    65%W +0.1%    40%W -0.1%    55%W +0.1%       -1.7% → +1.9%
  LLY     20    55%W +0.0%    65%W +0.2%    70%W +0.1%    60%W +0.1%    55%W +0.2%    55%W +0.2%       -0.8% → +1.1%
  QCOM    20    45%W -0.0%    45%W -0.2%    40%W -0.1%    45%W -0.1%    50%W +0.0%    55%W +0.1%       -1.6% → +2.4%
  TSLA    20    45%W -0.0%    50%W -0.0%    60%W +0.2%    65%W +0.4%    55%W +0.0%    55%W +0.6%       -3.7% → +4.6%
  AMD     20    60%W +0.1%    65%W +0.4%    55%W +0.2%    50%W +0.0%    55%W +0.1%    55%W +0.5%       -5.1% → +3.0%
  MRVL    20    45%W -0.1%    35%W -0.2%    40%W -0.4%    30%W -0.3%    35%W -0.4%    35%W -0.5%       -2.8% → +1.4%
  MU      20    30%W -0.3%    40%W -0.5%    30%W -0.4%    20%W -0.6%    35%W -1.0%    30%W -0.7%       -3.4% → +3.6%
Pre-session top-2 (9:25, 20d EOD win rate) — 2018-06-18  OR: 09:30/3b
  #1 AVGO   +15m 50%W -0.0%  +30m 60%W +0.2%  +1h 50%W +0.0%  +2h 50%W -0.0%  +5h 65%W +0.2%  EOD 70%W +0.5%  EOD range -1.6% → +1.8%
  #2 CHTR   +15m 55%W +0.1%  +30m 55%W +0.1%  +1h 60%W +0.3%  +2h 60%W +0.2%  +5h 55%W +0.5%  EOD 65%W +0.3%  EOD range -2.3% → +2.7%
  Ticker   N          +15m          +30m           +1h           +2h           +5h           EOD           EOD range
  ----------------------------------------------------------------------------------------------------------------------
  AVGO    20    50%W -0.0%    60%W +0.2%    50%W +0.0%    50%W -0.0%    65%W +0.2%    70%W +0.5%       -1.6% → +1.8%
  CHTR    20    55%W +0.1%    55%W +0.1%    60%W +0.3%    60%W +0.2%    55%W +0.5%    65%W +0.3%       -2.3% → +2.7%
  META    20    55%W +0.0%    55%W +0.0%    55%W +0.1%    60%W +0.2%    55%W +0.3%    60%W +0.1%       -0.9% → +2.2%
  SNPS    20    45%W -0.0%    55%W +0.1%    55%W +0.1%    65%W +0.1%    45%W -0.0%    60%W +0.1%       -1.7% → +1.9%
  SPOT    20    65%W +0.2%    60%W +0.2%    65%W +0.1%    60%W +0.3%    70%W +0.7%    60%W +0.9%       -3.9% → +3.6%
  TSLA    20    50%W +0.0%    50%W -0.0%    60%W +0.2%    65%W +0.4%    60%W +0.2%    60%W +0.6%       -3.7% → +4.6%
  QCOM    20    40%W -0.1%    50%W -0.1%    40%W -0.1%    45%W -0.1%    55%W +0.0%    55%W +0.1%       -1.6% → +2.4%
  AMD     20    60%W +0.1%    65%W +0.4%    55%W +0.2%    50%W +0.0%    55%W +0.2%    55%W +0.7%       -5.1% → +3.0%
  LLY     20    50%W +0.0%    60%W +0.1%    65%W +0.1%    55%W +0.0%    50%W +0.1%    50%W +0.1%       -0.8% → +1.1%
  MRVL    20    40%W -0.3%    35%W -0.2%    40%W -0.4%    25%W -0.4%    35%W -0.4%    40%W -0.5%       -2.8% → +1.4%
  MU      20    25%W -0.3%    40%W -0.5%    25%W -0.4%    20%W -0.8%    40%W -0.9%    30%W -0.7%       -3.4% → +3.6%
Pre-session top-2 (9:25, 20d EOD win rate) — 2018-06-19  OR: 09:30/3b
  #1 AVGO   +15m 50%W -0.0%  +30m 60%W +0.2%  +1h 50%W +0.0%  +2h 55%W +0.0%  +5h 65%W +0.2%  EOD 70%W +0.5%  EOD range -0.8% → +1.8%
  #2 META   +15m 60%W +0.0%  +30m 60%W +0.1%  +1h 60%W +0.2%  +2h 60%W +0.2%  +5h 60%W +0.4%  EOD 65%W +0.3%  EOD range -0.9% → +2.2%
  Ticker   N          +15m          +30m           +1h           +2h           +5h           EOD           EOD range
  ----------------------------------------------------------------------------------------------------------------------
  AVGO    20    50%W -0.0%    60%W +0.2%    50%W +0.0%    55%W +0.0%    65%W +0.2%    70%W +0.5%       -0.8% → +1.8%
  META    20    60%W +0.0%    60%W +0.1%    60%W +0.2%    60%W +0.2%    60%W +0.4%    65%W +0.3%       -0.9% → +2.2%
  SPOT    20    60%W +0.1%    65%W +0.3%    70%W +0.1%    65%W +0.5%    75%W +0.8%    65%W +0.9%       -2.3% → +3.6%
  CHTR    20    55%W +0.1%    55%W +0.1%    60%W +0.3%    60%W +0.2%    55%W +0.5%    65%W +0.3%       -2.3% → +2.7%
  TSLA    20    50%W +0.0%    50%W -0.0%    60%W +0.2%    70%W +0.4%    65%W +0.4%    65%W +0.7%       -3.7% → +4.6%
  SNPS    20    45%W -0.0%    55%W +0.1%    55%W +0.1%    65%W +0.1%    45%W -0.0%    60%W +0.1%       -1.7% → +1.9%
  AMD     20    65%W +0.2%    70%W +0.4%    60%W +0.3%    55%W +0.3%    60%W +0.5%    60%W +1.0%       -5.1% → +3.9%
  QCOM    20    40%W -0.1%    50%W -0.1%    40%W -0.1%    45%W -0.1%    55%W +0.0%    55%W +0.1%       -1.6% → +2.4%
  LLY     20    45%W -0.0%    60%W +0.1%    60%W +0.1%    50%W -0.0%    50%W +0.1%    50%W +0.1%       -0.8% → +1.1%
  MRVL    20    45%W -0.1%    40%W -0.1%    45%W -0.4%    30%W -0.4%    40%W -0.4%    45%W -0.2%       -2.8% → +1.4%
  MU      20    30%W -0.3%    45%W -0.3%    30%W -0.4%    25%W -0.6%    45%W -0.6%    35%W -0.5%       -3.4% → +3.6%
Pre-session top-2 (9:25, 20d EOD win rate) — 2018-06-20  OR: 09:30/3b
  #1 META   +15m 60%W +0.0%  +30m 60%W +0.1%  +1h 60%W +0.2%  +2h 60%W +0.2%  +5h 65%W +0.5%  EOD 70%W +0.4%  EOD range -0.9% → +2.2%
  #2 AVGO   +15m 45%W -0.0%  +30m 55%W +0.1%  +1h 45%W -0.0%  +2h 60%W +0.1%  +5h 70%W +0.3%  EOD 70%W +0.5%  EOD range -0.8% → +1.8%
  Ticker   N          +15m          +30m           +1h           +2h           +5h           EOD           EOD range
  ----------------------------------------------------------------------------------------------------------------------
  META    20    60%W +0.0%    60%W +0.1%    60%W +0.2%    60%W +0.2%    65%W +0.5%    70%W +0.4%       -0.9% → +2.2%
  AVGO    20    45%W -0.0%    55%W +0.1%    45%W -0.0%    60%W +0.1%    70%W +0.3%    70%W +0.5%       -0.8% → +1.8%
  SPOT    20    60%W +0.1%    65%W +0.3%    70%W +0.1%    65%W +0.5%    75%W +0.8%    65%W +0.9%       -2.3% → +3.6%
  TSLA    20    45%W -0.0%    45%W -0.1%    55%W +0.1%    65%W +0.3%    65%W +0.4%    65%W +0.7%       -3.7% → +4.6%
  QCOM    20    40%W -0.1%    50%W -0.1%    40%W -0.1%    50%W +0.1%    60%W +0.1%    60%W +0.2%       -1.6% → +2.4%
  CHTR    20    50%W +0.0%    50%W +0.0%    55%W +0.1%    55%W +0.2%    55%W +0.5%    60%W +0.3%       -2.3% → +2.7%
  AMD     20    60%W +0.1%    65%W +0.4%    55%W +0.3%    55%W +0.3%    60%W +0.5%    60%W +1.0%       -5.1% → +3.9%
  SNPS    20    40%W -0.1%    50%W +0.0%    50%W -0.0%    60%W +0.1%    45%W -0.1%    55%W +0.1%       -1.7% → +1.9%
  LLY     20    45%W -0.1%    60%W +0.1%    60%W +0.1%    55%W +0.0%    55%W +0.2%    55%W +0.2%       -0.8% → +1.1%
  MRVL    20    40%W -0.3%    40%W -0.1%    45%W -0.4%    30%W -0.4%    40%W -0.4%    45%W -0.1%       -2.8% → +1.4%
  MU      20    25%W -0.3%    40%W -0.5%    25%W -0.4%    30%W -0.4%    50%W -0.2%    40%W -0.5%       -3.4% → +3.6%
Pre-session top-2 (9:25, 20d EOD win rate) — 2018-06-21  OR: 09:30/3b
  #1 META   +15m 65%W +0.1%  +30m 60%W +0.1%  +1h 65%W +0.3%  +2h 65%W +0.4%  +5h 70%W +0.6%  EOD 75%W +0.4%  EOD range -0.9% → +2.2%
  #2 SPOT   +15m 55%W +0.0%  +30m 60%W +0.2%  +1h 65%W +0.1%  +2h 60%W +0.3%  +5h 75%W +0.8%  EOD 70%W +0.9%  EOD range -2.3% → +3.6%
  Ticker   N          +15m          +30m           +1h           +2h           +5h           EOD           EOD range
  ----------------------------------------------------------------------------------------------------------------------
  META    20    65%W +0.1%    60%W +0.1%    65%W +0.3%    65%W +0.4%    70%W +0.6%    75%W +0.4%       -0.9% → +2.2%
  SPOT    20    55%W +0.0%    60%W +0.2%    65%W +0.1%    60%W +0.3%    75%W +0.8%    70%W +0.9%       -2.3% → +3.6%
  TSLA    20    50%W +0.0%    50%W -0.0%    60%W +0.2%    70%W +0.4%    70%W +0.6%    70%W +0.8%       -3.7% → +4.6%
  AVGO    20    45%W -0.0%    55%W +0.1%    50%W +0.0%    65%W +0.1%    70%W +0.3%    70%W +0.5%       -0.8% → +1.8%
  QCOM    20    40%W -0.1%    50%W -0.1%    40%W -0.1%    50%W +0.1%    65%W +0.1%    60%W +0.2%       -1.6% → +2.4%
  AMD     20    60%W +0.1%    65%W +0.4%    55%W +0.3%    55%W +0.3%    60%W +0.5%    60%W +1.0%       -5.1% → +3.9%
  SNPS    20    40%W -0.1%    50%W +0.0%    45%W -0.1%    60%W +0.1%    50%W -0.0%    55%W +0.1%       -1.7% → +1.9%
  LLY     20    50%W +0.0%    60%W +0.1%    60%W +0.1%    60%W +0.1%    55%W +0.2%    55%W +0.2%       -0.8% → +1.1%
  CHTR    20    50%W +0.0%    45%W -0.1%    50%W -0.0%    55%W +0.2%    50%W +0.3%    55%W +0.3%       -2.3% → +2.7%
  MRVL    20    35%W -0.3%    40%W -0.1%    45%W -0.4%    30%W -0.4%    40%W -0.4%    45%W -0.1%       -2.8% → +1.6%
  MU      20    25%W -0.3%    40%W -0.5%    25%W -0.4%    30%W -0.6%    45%W -0.7%    40%W -0.5%       -3.4% → +3.6%
Pre-session top-2 (9:25, 20d EOD win rate) — 2018-06-22  OR: 09:30/3b
  #1 META   +15m 65%W +0.1%  +30m 60%W +0.1%  +1h 60%W +0.2%  +2h 65%W +0.4%  +5h 70%W +0.5%  EOD 75%W +0.4%  EOD range -0.9% → +1.6%
  #2 SPOT   +15m 55%W +0.0%  +30m 55%W +0.2%  +1h 60%W +0.1%  +2h 60%W +0.3%  +5h 75%W +0.8%  EOD 65%W +0.9%  EOD range -2.3% → +3.6%
  Ticker   N          +15m          +30m           +1h           +2h           +5h           EOD           EOD range
  ----------------------------------------------------------------------------------------------------------------------
  META    20    65%W +0.1%    60%W +0.1%    60%W +0.2%    65%W +0.4%    70%W +0.5%    75%W +0.4%       -0.9% → +1.6%
  SPOT    20    55%W +0.0%    55%W +0.2%    60%W +0.1%    60%W +0.3%    75%W +0.8%    65%W +0.9%       -2.3% → +3.6%
  TSLA    20    50%W +0.0%    45%W -0.1%    55%W +0.2%    65%W +0.4%    65%W +0.6%    65%W +0.7%       -4.0% → +4.6%
  AVGO    20    45%W -0.0%    50%W +0.0%    45%W -0.0%    60%W +0.1%    65%W +0.3%    65%W +0.5%       -0.8% → +1.8%
  QCOM    20    40%W -0.1%    50%W -0.1%    40%W -0.1%    50%W +0.1%    65%W +0.1%    60%W +0.2%       -1.6% → +1.8%
  AMD     20    60%W +0.1%    60%W +0.4%    55%W +0.3%    55%W +0.3%    60%W +0.5%    60%W +1.0%       -5.1% → +3.9%
  LLY     20    45%W -0.1%    55%W +0.0%    55%W +0.1%    60%W +0.1%    55%W +0.2%    55%W +0.2%       -0.8% → +1.1%
  SNPS    20    35%W -0.2%    45%W -0.0%    40%W -0.1%    55%W +0.0%    45%W -0.1%    50%W +0.0%       -1.7% → +1.4%
  CHTR    20    50%W +0.0%    45%W -0.1%    45%W -0.2%    50%W +0.0%    45%W -0.2%    50%W -0.1%       -2.3% → +2.7%
  MRVL    20    40%W -0.2%    40%W -0.1%    45%W -0.4%    30%W -0.7%    40%W -0.6%    40%W -0.3%       -2.8% → +1.6%
  MU      20    25%W -0.3%    40%W -0.5%    30%W -0.4%    35%W -0.6%    45%W -0.7%    35%W -0.6%       -3.4% → +3.6%
Pre-session top-2 (9:25, 20d EOD win rate) — 2018-06-25  OR: 09:30/3b
  #1 META   +15m 60%W +0.1%  +30m 65%W +0.1%  +1h 60%W +0.2%  +2h 60%W +0.4%  +5h 70%W +0.6%  EOD 80%W +0.4%  EOD range -0.9% → +1.6%
  #2 SPOT   +15m 55%W +0.0%  +30m 50%W +0.1%  +1h 55%W +0.1%  +2h 55%W +0.1%  +5h 70%W +0.8%  EOD 70%W +0.9%  EOD range -2.3% → +3.6%
  Ticker   N          +15m          +30m           +1h           +2h           +5h           EOD           EOD range
  ----------------------------------------------------------------------------------------------------------------------
  META    20    60%W +0.1%    65%W +0.1%    60%W +0.2%    60%W +0.4%    70%W +0.6%    80%W +0.4%       -0.9% → +1.6%
  SPOT    20    55%W +0.0%    50%W +0.1%    55%W +0.1%    55%W +0.1%    70%W +0.8%    70%W +0.9%       -2.3% → +3.6%
  TSLA    20    50%W +0.0%    40%W -0.2%    50%W -0.0%    60%W +0.3%    60%W +0.3%    60%W +0.6%       -4.0% → +4.6%
  AVGO    20    45%W -0.0%    50%W +0.0%    45%W -0.0%    60%W +0.1%    60%W +0.1%    60%W +0.4%       -0.8% → +1.8%
  AMD     20    60%W +0.1%    65%W +0.4%    60%W +0.4%    55%W +0.4%    60%W +0.5%    60%W +0.7%       -5.1% → +3.9%
  QCOM    20    40%W -0.0%    55%W +0.0%    40%W -0.1%    55%W +0.2%    60%W +0.1%    55%W +0.1%       -1.6% → +1.8%
  CHTR    20    50%W +0.0%    50%W +0.0%    50%W +0.0%    55%W +0.2%    50%W +0.3%    55%W +0.3%       -2.3% → +2.7%
  SNPS    20    40%W -0.1%    50%W +0.0%    40%W -0.1%    55%W +0.0%    45%W -0.1%    50%W +0.0%       -1.4% → +1.4%
  LLY     20    45%W -0.1%    55%W +0.0%    60%W +0.1%    60%W +0.1%    50%W +0.1%    50%W +0.1%       -0.8% → +1.1%
  MRVL    20    40%W -0.2%    40%W -0.1%    45%W -0.4%    30%W -0.7%    40%W -0.6%    45%W -0.1%       -2.8% → +1.6%
  MU      20    25%W -0.3%    40%W -0.6%    30%W -0.5%    30%W -0.8%    40%W -1.0%    30%W -0.8%       -4.1% → +3.6%
Pre-session top-2 (9:25, 20d EOD win rate) — 2018-06-26  OR: 09:30/3b
  #1 META   +15m 60%W +0.1%  +30m 60%W +0.0%  +1h 60%W +0.2%  +2h 60%W +0.4%  +5h 70%W +0.6%  EOD 80%W +0.4%  EOD range -1.0% → +1.6%
  #2 SPOT   +15m 50%W +0.0%  +30m 45%W -0.0%  +1h 50%W -0.0%  +2h 50%W +0.0%  +5h 65%W +0.7%  EOD 65%W +0.9%  EOD range -3.1% → +3.6%
  Ticker   N          +15m          +30m           +1h           +2h           +5h           EOD           EOD range
  ----------------------------------------------------------------------------------------------------------------------
  META    20    60%W +0.1%    60%W +0.0%    60%W +0.2%    60%W +0.4%    70%W +0.6%    80%W +0.4%       -1.0% → +1.6%
  SPOT    20    50%W +0.0%    45%W -0.0%    50%W -0.0%    50%W +0.0%    65%W +0.7%    65%W +0.9%       -3.1% → +3.6%
  AMD     20    55%W +0.1%    65%W +0.4%    60%W +0.4%    55%W +0.4%    60%W +0.5%    60%W +0.7%       -5.1% → +3.9%
  TSLA    20    50%W +0.0%    35%W -0.4%    45%W -0.4%    55%W +0.3%    55%W +0.3%    55%W +0.5%       -4.0% → +4.6%
  AVGO    20    40%W -0.0%    45%W -0.1%    40%W -0.1%    55%W +0.0%    55%W +0.1%    55%W +0.3%       -1.2% → +1.5%
  LLY     20    45%W -0.1%    50%W -0.0%    55%W +0.1%    60%W +0.1%    50%W +0.1%    50%W +0.1%       -0.8% → +1.1%
  QCOM    20    35%W -0.1%    50%W -0.0%    35%W -0.1%    50%W +0.0%    55%W +0.0%    50%W +0.0%       -1.6% → +1.0%
  CHTR    20    50%W +0.0%    45%W -0.1%    45%W -0.2%    50%W +0.0%    50%W +0.3%    50%W -0.0%       -2.3% → +2.7%
  SNPS    20    35%W -0.1%    45%W -0.0%    35%W -0.2%    50%W -0.0%    40%W -0.2%    45%W -0.0%       -1.4% → +1.4%
  MRVL    20    35%W -0.3%    35%W -0.2%    40%W -0.5%    25%W -0.8%    35%W -0.8%    40%W -0.3%       -2.8% → +1.6%
  MU      20    25%W -0.3%    35%W -0.6%    25%W -0.7%    25%W -0.9%    35%W -1.0%    25%W -0.9%       -4.1% → +3.6%
Pre-session top-2 (9:25, 20d EOD win rate) — 2018-06-27  OR: 09:30/3b
  #1 META   +15m 55%W +0.0%  +30m 55%W +0.0%  +1h 55%W +0.1%  +2h 60%W +0.4%  +5h 75%W +0.6%  EOD 80%W +0.4%  EOD range -1.0% → +1.6%
  #2 SPOT   +15m 50%W +0.0%  +30m 45%W -0.0%  +1h 50%W -0.0%  +2h 50%W +0.0%  +5h 65%W +0.7%  EOD 70%W +0.9%  EOD range -3.1% → +3.6%
  Ticker   N          +15m          +30m           +1h           +2h           +5h           EOD           EOD range
  ----------------------------------------------------------------------------------------------------------------------
  META    20    55%W +0.0%    55%W +0.0%    55%W +0.1%    60%W +0.4%    75%W +0.6%    80%W +0.4%       -1.0% → +1.6%
  SPOT    20    50%W +0.0%    45%W -0.0%    50%W -0.0%    50%W +0.0%    65%W +0.7%    70%W +0.9%       -3.1% → +3.6%
  AMD     20    60%W +0.1%    60%W +0.4%    60%W +0.4%    55%W +0.4%    65%W +0.5%    65%W +0.7%       -5.1% → +3.9%
  CHTR    20    50%W +0.0%    45%W -0.1%    45%W -0.2%    50%W +0.0%    55%W +0.7%    55%W +0.5%       -2.3% → +2.7%
  TSLA    20    45%W -0.1%    30%W -0.5%    40%W -0.5%    50%W +0.1%    55%W +0.3%    55%W +0.5%       -4.0% → +4.6%
  AVGO    20    35%W -0.0%    40%W -0.1%    40%W -0.1%    60%W +0.1%    60%W +0.1%    55%W +0.3%       -1.2% → +1.5%
  QCOM    20    30%W -0.1%    55%W +0.0%    40%W -0.1%    55%W +0.2%    60%W +0.1%    50%W +0.0%       -1.6% → +1.0%
  SNPS    20    35%W -0.1%    45%W -0.0%    30%W -0.2%    55%W +0.0%    45%W -0.1%    45%W -0.0%       -1.4% → +1.4%
  LLY     20    45%W -0.1%    45%W -0.1%    50%W -0.0%    60%W +0.1%    50%W +0.1%    45%W -0.1%       -0.8% → +1.1%
  MRVL    20    30%W -0.3%    30%W -0.2%    35%W -0.5%    25%W -0.7%    35%W -0.6%    40%W -0.3%       -2.8% → +1.6%
  MU      20    20%W -0.4%    30%W -0.6%    20%W -0.7%    20%W -0.9%    40%W -1.0%    30%W -0.9%       -4.1% → +3.6%
Pre-session top-2 (9:25, 20d EOD win rate) — 2018-06-28  OR: 09:30/3b
  #1 META   +15m 55%W +0.1%  +30m 55%W +0.0%  +1h 55%W +0.1%  +2h 55%W +0.2%  +5h 70%W +0.5%  EOD 75%W +0.4%  EOD range -1.9% → +1.6%
  #2 SPOT   +15m 55%W +0.1%  +30m 50%W +0.1%  +1h 50%W -0.0%  +2h 50%W +0.0%  +5h 60%W +0.7%  EOD 65%W +0.7%  EOD range -3.1% → +3.6%
  Ticker   N          +15m          +30m           +1h           +2h           +5h           EOD           EOD range
  ----------------------------------------------------------------------------------------------------------------------
  META    20    55%W +0.1%    55%W +0.0%    55%W +0.1%    55%W +0.2%    70%W +0.5%    75%W +0.4%       -1.9% → +1.6%
  SPOT    20    55%W +0.1%    50%W +0.1%    50%W -0.0%    50%W +0.0%    60%W +0.7%    65%W +0.7%       -3.1% → +3.6%
  AMD     20    55%W +0.0%    55%W +0.3%    55%W +0.3%    50%W +0.0%    60%W +0.3%    60%W +0.6%       -5.1% → +3.9%
  AVGO    20    30%W -0.1%    35%W -0.1%    35%W -0.2%    60%W +0.1%    60%W +0.1%    55%W +0.3%       -3.1% → +1.5%
  CHTR    20    55%W +0.1%    50%W -0.0%    45%W -0.2%    50%W +0.0%    50%W +0.3%    50%W -0.1%       -2.3% → +2.7%
  TSLA    20    40%W -0.2%    25%W -0.5%    40%W -0.5%    45%W -0.3%    50%W -0.3%    50%W +0.1%       -4.0% → +4.6%
  SNPS    20    35%W -0.1%    45%W -0.0%    30%W -0.2%    55%W +0.0%    45%W -0.1%    45%W -0.0%       -3.1% → +1.4%
  QCOM    20    35%W -0.1%    55%W +0.0%    40%W -0.1%    50%W +0.0%    55%W +0.0%    45%W -0.1%       -3.0% → +1.0%
  LLY     20    45%W -0.1%    45%W -0.1%    50%W -0.0%    60%W +0.1%    50%W +0.1%    40%W -0.2%       -0.8% → +1.1%
  MRVL    20    35%W -0.2%    35%W -0.2%    30%W -0.5%    20%W -0.7%    35%W -0.8%    35%W -0.6%       -2.8% → +1.6%
  MU      20    20%W -0.4%    25%W -0.6%    20%W -0.8%    20%W -0.9%    40%W -1.0%    30%W -0.9%       -4.7% → +3.6%
Pre-session top-2 (9:25, 20d EOD win rate) — 2018-06-29  OR: 09:30/3b
  #1 META   +15m 55%W +0.1%  +30m 55%W +0.0%  +1h 55%W +0.1%  +2h 55%W +0.2%  +5h 70%W +0.5%  EOD 75%W +0.4%  EOD range -1.9% → +1.6%
  #2 SPOT   +15m 55%W +0.1%  +30m 55%W +0.3%  +1h 50%W -0.0%  +2h 50%W +0.0%  +5h 60%W +0.6%  EOD 65%W +0.4%  EOD range -3.1% → +3.6%
  Ticker   N          +15m          +30m           +1h           +2h           +5h           EOD           EOD range
  ----------------------------------------------------------------------------------------------------------------------
  META    20    55%W +0.1%    55%W +0.0%    55%W +0.1%    55%W +0.2%    70%W +0.5%    75%W +0.4%       -1.9% → +1.6%
  SPOT    20    55%W +0.1%    55%W +0.3%    50%W -0.0%    50%W +0.0%    60%W +0.6%    65%W +0.4%       -3.1% → +3.6%
  AMD     20    55%W +0.1%    60%W +0.3%    60%W +0.3%    55%W +0.4%    65%W +0.5%    65%W +0.7%       -5.1% → +3.9%
  CHTR    20    55%W +0.1%    50%W -0.0%    45%W -0.2%    50%W +0.1%    55%W +0.5%    50%W +0.1%       -2.3% → +2.7%
  TSLA    20    40%W -0.2%    25%W -0.5%    40%W -0.4%    50%W -0.0%    55%W +0.0%    50%W +0.1%       -4.0% → +4.6%
  AVGO    20    25%W -0.2%    30%W -0.2%    30%W -0.3%    55%W +0.0%    55%W +0.0%    50%W +0.0%       -3.1% → +1.5%
  SNPS    20    35%W -0.2%    45%W -0.0%    25%W -0.2%    50%W -0.0%    45%W -0.1%    45%W +0.0%       -3.1% → +1.4%
  QCOM    20    35%W -0.1%    55%W +0.0%    40%W -0.1%    50%W +0.0%    55%W +0.0%    45%W -0.1%       -3.0% → +1.0%
  LLY     20    45%W -0.1%    45%W -0.1%    55%W +0.1%    60%W +0.1%    50%W +0.1%    40%W -0.2%       -0.8% → +1.1%
  MU      20    20%W -0.4%    25%W -0.6%    25%W -0.8%    25%W -0.9%    45%W -1.0%    35%W -0.8%       -4.7% → +3.6%
  MRVL    20    35%W -0.2%    35%W -0.2%    30%W -0.6%    20%W -0.7%    35%W -0.7%    35%W -0.6%       -2.8% → +1.6%

=========================================================================================================================================================================================
Pre-Session Top-2 Performance — 2018-06-01 to 2018-06-29  |  Unconditional OR-close entry  |  OR: 09:30/3b
=========================================================================================================================================================================================
Date         Ticker Rank  At       Entry       +15m       +30m       +45m        +1h     +1h30m        +2h        +3h        +4h        +5h        +6h        +7h        EOD
-----------------------------------------------------------------------------------------------------------------------------------------------------------------------------------------
2018-06-01   QCOM   #1    09:40    58.45    -0.31%L    -0.44%L    -0.09%L    -0.24%L    -0.29%L    -0.43%L    -0.15%L    -0.21%L    -0.08%L    -0.21%L    +0.24%W    +0.24%W
2018-06-01   CHTR   #2    09:40   266.00    -0.70%L    -1.26%L    -0.31%L    -0.49%L    -0.65%L    -1.47%L    -1.83%L    -1.69%L    -1.56%L    -1.62%L    -1.57%L    -1.57%L
2018-06-04   QCOM   #1    09:40    58.76    -0.48%L    -0.94%L    -1.09%L    -0.90%L    -1.24%L    -0.95%L    -0.45%L    -0.65%L    -0.48%L    -0.20%L    -0.10%L    -0.10%L
2018-06-04   LLY    #2    09:40    84.87    +0.61%W    +0.15%W    +0.25%W    +0.14%W    +0.08%W    -0.04%L    +0.19%W    +0.16%W    +0.42%W    +0.37%W    +0.22%W    +0.22%W
2018-06-05   QCOM   #1    09:40    59.44    -0.08%L    -0.31%L    -0.53%L    -0.87%L    -0.61%L    -0.58%L    -0.53%L    -0.58%L    -0.52%L    -0.81%L    -0.74%L    -0.74%L
2018-06-05   LLY    #2    09:40    85.31    -0.18%L    -0.07%L    -0.23%L    -0.36%L    -0.56%L    -0.74%L    -0.47%L    -0.53%L    -0.53%L    -0.64%L    -0.56%L    -0.56%L
2018-06-06   SPOT   #1    09:40   163.72    +0.07%W    +0.17%W    +0.19%W    +0.25%W    +0.17%W    +0.78%W    +0.75%W    +0.73%W    +0.75%W    +0.85%W    +1.06%W    +1.06%W
2018-06-06   LLY    #2    09:40    85.02    -0.27%L    -0.06%L    +0.08%W    +0.13%W    +0.26%W    +0.21%W    +0.42%W    +0.59%W    +0.61%W    +0.73%W    +1.07%W    +1.07%W
2018-06-07   SPOT   #1    09:40   167.24    +0.18%W    -0.41%L    -0.60%L    -1.04%L    -0.62%L    -0.13%L    -0.47%L    -0.25%L    -0.38%L    -0.39%L    -0.78%L    -0.78%L
2018-06-07   LLY    #2    09:40    86.12    -0.67%L    -0.74%L    -0.82%L    -0.77%L    -0.59%L    -0.46%L    -0.62%L    -0.62%L    -0.61%L    -0.38%L    -0.30%L    -0.30%L
2018-06-08   SPOT   #1    09:40   169.83    -0.43%L    -0.73%L    -0.59%L    -0.93%L    +0.02%W    -0.01%L    +0.05%W    +0.08%W    +0.59%W    +1.40%W    +0.88%W    +0.88%W
2018-06-08   CHTR   #2    09:40   279.35    -0.13%L    -0.29%L    -0.37%L    -1.13%L    -1.05%L    -1.46%L    -0.88%L    -1.49%L    -1.63%L    -0.83%L    -0.74%L    -0.74%L
2018-06-11   SPOT   #1    09:40   170.00    +0.23%W    +0.34%W    +0.01%W    +0.02%W    +0.11%W    +0.09%W    +0.49%W    +0.54%W    +1.18%W    +1.34%W    +1.46%W    +1.46%W
2018-06-11   CHTR   #2    09:40   278.94    +0.49%W    +0.77%W    +1.09%W    +0.45%W    +0.38%W    +0.43%W    +0.96%W    +1.34%W    +1.30%W    +1.39%W    +1.48%W    +1.48%W
2018-06-12   SPOT   #1    09:40   174.27    -0.06%L    +0.36%W    +0.40%W    +0.39%W    +0.55%W    -0.32%L    -1.83%L    -2.33%L    -2.36%L    -2.22%L    -2.26%L    -2.26%L
2018-06-12   CHTR   #2    09:40   285.21    +0.56%W    +0.87%W    +1.48%W    +2.13%W    +1.76%W    +1.98%W    +2.31%W    +2.36%W    +2.19%W    +1.71%W    +2.03%W    +2.03%W
2018-06-13   SPOT   #1    09:40   171.21    +0.53%W    +0.46%W    +0.10%W    -0.22%L    +0.00%L    -0.15%L    -0.11%L    -0.16%L    -0.13%L    -0.36%L    -0.23%L    -0.23%L
2018-06-13   CHTR   #2    09:40   291.60    +0.08%W    -0.09%L    -0.72%L    -0.93%L    -1.66%L    -1.92%L    -1.91%L    -2.20%L    -2.02%L    -2.15%L    -2.26%L    -2.26%L
2018-06-14   AVGO   #1    09:40   267.26    +0.39%W    +0.23%W    +0.46%W    +0.54%W    +0.46%W    +0.46%W    +0.15%W    +0.35%W    +0.10%W    +0.28%W    +0.46%W    +0.46%W
2018-06-14   SNPS   #2    09:40    90.87    -0.18%L    +0.16%W    +0.35%W    +0.28%W    +0.18%W    +0.54%W    +0.17%W    +0.20%W    -0.08%L    -0.02%L    +0.00%L    +0.00%L
2018-06-15   AVGO   #1    09:40   268.78    +0.34%W    +0.46%W    +0.64%W    +0.84%W    +0.25%W    -0.06%L    +0.12%W    +0.46%W    +0.56%W    +0.48%W    +0.52%W    +0.52%W
2018-06-15   META   #2    09:40   195.06    +0.38%W    +0.41%W    +0.39%W    +0.38%W    +0.78%W    +0.31%W    +0.67%W    +0.88%W    +0.56%W    +0.20%W    +0.40%W    +0.40%W
2018-06-18   AVGO   #1    09:40   266.42    -0.19%L    -0.56%L    -0.73%L    -0.56%L    +0.10%W    +0.02%W    -0.40%L    -0.21%L    -0.53%L    -0.62%L    -0.72%L    -0.72%L
2018-06-18   CHTR   #2    09:40   293.10    +0.83%W    +0.74%W    +0.89%W    +0.89%W    +0.78%W    +0.66%W    +0.94%W    +0.82%W    +0.98%W    +0.62%W    +0.74%W    +0.74%W
2018-06-19   AVGO   #1    09:40   257.16    -0.50%L    -0.01%L    -0.22%L    -0.54%L    +0.59%W    +0.96%W    +0.85%W    +1.06%W    +1.15%W    +1.34%W    +1.47%W    +1.47%W
2018-06-19   META   #2    09:40   196.25    -0.66%L    -0.44%L    -0.88%L    -1.00%L    -0.44%L    -0.31%L    -0.22%L    -0.15%L    +0.67%W    +0.55%W    +0.64%W    +0.64%W
2018-06-20   META   #1    09:40   201.09    +0.09%W    -0.07%L    +0.05%W    +0.36%W    +0.77%W    +0.45%W    +1.19%W    +0.94%W    +0.76%W    +0.41%W    +0.49%W    +0.49%W
2018-06-20   AVGO   #2    09:40   262.87    -0.45%L    -0.43%L    -0.30%L    +0.12%W    +0.34%W    +0.10%W    +0.06%W    -0.23%L    -0.34%L    -0.45%L    -0.68%L    -0.68%L
2018-06-21   META   #1    09:40   201.47    +0.62%W    +0.23%W    -0.46%L    -0.43%L    +0.11%W    +0.68%W    +0.25%W    +0.73%W    +0.51%W    -0.22%L    +0.01%W    +0.01%W
2018-06-21   SPOT   #2    09:40   179.88    +0.19%W    -0.43%L    -0.55%L    -0.11%L    +0.14%W    +0.73%W    +0.62%W    +0.57%W    +0.21%W    -0.50%L    -0.19%L    -0.19%L
2018-06-22   META   #1    09:40   200.49    -0.10%L    +0.00%W    -0.24%L    -0.42%L    -0.28%L    -0.07%L    +0.07%W    +0.61%W    +0.71%W    +0.57%W    +0.44%W    +0.44%W
2018-06-22   SPOT   #2    09:40   180.45    -1.29%L    -0.96%L    -0.89%L    -0.96%L    -0.39%L    -0.50%L    -0.83%L    -0.12%L    -0.03%L    +0.05%W    +0.28%W    +0.28%W
2018-06-25   META   #1    09:40   198.43    +0.05%W    -0.79%L    -0.84%L    -0.57%L    -0.83%L    -1.54%L    -2.08%L    -1.92%L    -2.23%L    -1.34%L    -1.03%L    -1.03%L
2018-06-25   SPOT   #2    09:40   175.84    -0.38%L    -1.77%L    -1.80%L    -1.42%L    -1.56%L    -2.63%L    -4.15%L    -4.69%L    -3.91%L    -3.21%L    -3.11%L    -3.11%L
2018-06-26   META   #1    09:40   198.20    -0.27%L    -0.12%L    -0.42%L    -0.53%L    -0.54%L    -0.84%L    -0.33%L    -0.05%L    +0.10%W    +0.25%W    +0.41%W    +0.41%W
2018-06-26   SPOT   #2    09:40   175.80    -0.49%L    -0.39%L    -0.31%L    -0.23%L    -0.56%L    -0.72%L    -0.44%L    +0.60%W    -0.14%L    -0.12%L    +0.10%W    +0.10%W
2018-06-27   META   #1    09:40   199.57    +0.27%W    +0.26%W    +0.27%W    +0.46%W    +0.12%W    -0.23%L    -0.44%L    -0.56%L    -0.58%L    -1.02%L    -1.87%L    -1.87%L
2018-06-27   SPOT   #2    09:40   177.63    +0.77%W    +2.07%W    +1.33%W    +1.30%W    +0.89%W    -0.17%L    -0.12%L    -1.97%L    -2.26%L    -2.65%L    -3.13%L    -3.13%L
2018-06-28   META   #1    09:40   194.94    +0.35%W    +0.25%W    +0.26%W    +0.26%W    +0.41%W    +0.45%W    -0.19%L    +0.29%W    +0.62%W    +0.82%W    +0.66%W    +0.66%W
2018-06-28   SPOT   #2    09:40   167.38    +0.33%W    +1.44%W    +1.15%W    +0.99%W    +1.54%W    +1.73%W    +1.35%W    +0.39%W    +0.64%W    +0.51%W    +0.17%W    +0.17%W
2018-06-29   META   #1    09:40   196.94    -0.19%L    -0.72%L    -0.67%L    -0.64%L    -0.37%L    -0.50%L    -0.66%L    -0.67%L    -0.79%L    -1.05%L    -1.33%L    -1.33%L
2018-06-29   SPOT   #2    09:40   170.75    -0.50%L    -1.33%L    -1.02%L    -0.76%L    -0.65%L    -0.88%L    -1.51%L    -1.35%L    -0.75%L    -1.21%L    -1.44%L    -1.44%L

========================================================================================
Pre-session picks summary — 42 pick(s) across 21 trading day(s)

Top-2 picks (all days)  (42 signal(s))
  Hold      Count   Win Rate   Avg Gain    Avg Win   Avg Loss ProfitFactor   Sum Ret%
  -------------------------------------------------------------------------
  +15m         42      47.6%     -0.03%     +0.37%     -0.39%        0.87x     -1.13%
  +30m         42      42.9%     -0.09%     +0.52%     -0.56%        0.70x     -3.99%
  +45m         42      42.9%     -0.13%     +0.52%     -0.61%        0.64x     -5.28%
  +1h          42      42.9%     -0.15%     +0.55%     -0.67%        0.62x     -6.15%
  +1h30m       42      54.8%     -0.05%     +0.47%     -0.68%        0.84x     -2.11%
  +2h          42      40.5%     -0.16%     +0.62%     -0.68%        0.62x     -6.51%
  +3h          42      45.2%     -0.21%     +0.61%     -0.90%        0.56x     -9.01%
  +4h          42      47.6%     -0.21%     +0.69%     -1.03%        0.61x     -8.91%
  +5h          42      47.6%     -0.17%     +0.73%     -1.00%        0.67x     -7.33%
  +6h          42      45.2%     -0.20%     +0.73%     -0.97%        0.62x     -8.38%
  +7h          42      52.4%     -0.19%     +0.69%     -1.15%        0.66x     -7.82%
  EOD          42      52.4%     -0.19%     +0.69%     -1.15%        0.66x     -7.82%

=========================================================================================================================================================================================
Signal Analysis — 2018-06-01 to 2018-06-29  |  BULL only  |  Vol ≥ 1.0x 20dAvg
Windows: 09:30/3b  |  Collection: 3 bars  |  Tickers: 11
=========================================================================================================================================================================================
Date         Ticker Window   At       Entry  Vol/20d       +15m       +30m       +45m        +1h     +1h30m        +2h        +3h        +4h        +5h        +6h        +7h        EOD
-----------------------------------------------------------------------------------------------------------------------------------------------------------------------------------------
2018-06-01   MRVL   09:30/3b 09:40    22.34    1.20x    +1.25%W    -0.58%L    +0.02%W    -1.16%L    -1.12%L    -0.94%L    -1.03%L    -0.76%L    -1.48%L    -1.14%L    -0.76%L    -0.76%L
2018-06-01   CHTR   09:30/3b 09:40   266.00    1.26x    -0.70%L    -1.26%L    -0.31%L    -0.49%L    -0.65%L    -1.47%L    -1.83%L    -1.69%L    -1.56%L    -1.62%L    -1.57%L    -1.57%L
2018-06-01   TSLA   09:30/3b 09:40   287.85    1.22x    -0.33%L    -0.51%L    -0.12%L    +0.23%W    +0.43%W    +0.70%W    +0.60%W    +0.94%W    +0.82%W    +0.99%W    +1.35%W    +1.35%W
2018-06-04   SPOT   09:30/3b 09:45   159.97    1.01x    -0.20%L    -0.15%L    -0.69%L    -0.93%L    -0.26%L    -0.04%L    +0.62%W    +0.88%W    +1.14%W    +1.55%W    +1.79%W    +1.79%W
2018-06-04   MU     09:30/3b 09:40    58.24    1.51x    -1.90%L    -2.27%L    -1.67%L    -1.42%L    -0.86%L    -0.47%L    -0.05%L    +0.05%W    +0.94%W    +1.43%W    +1.48%W    +1.48%W
2018-06-04   LLY    09:30/3b 09:40    84.87    2.70x    +0.61%W    +0.15%W    +0.25%W    +0.14%W    +0.08%W    -0.04%L    +0.19%W    +0.16%W    +0.42%W    +0.37%W    +0.22%W    +0.22%W
2018-06-05   AVGO   09:30/3b 09:40   261.03    3.34x    -0.57%L    -0.65%L    -0.87%L    -0.87%L    -0.62%L    -0.87%L    -0.75%L    -0.76%L    -0.69%L    -0.72%L    -0.66%L    -0.66%L
2018-06-05   AMD    09:30/3b 09:40    14.77    1.42x    +0.24%W    +0.31%W    +0.19%W    +0.17%W    -0.17%L    -0.37%L    +0.07%W    +0.75%W    +0.68%W    +0.54%W    +0.51%W    +0.51%W
2018-06-07   TSLA   09:30/3b 09:40   328.06    4.87x    -0.43%L    -0.90%L    -0.62%L    -1.60%L    -1.52%L    -1.16%L    -2.17%L    -3.13%L    -3.45%L    -3.41%L    -3.67%L    -3.67%L
2018-06-07   AVGO   09:30/3b 09:40   265.33    1.42x    -0.24%L    +0.17%W    +0.32%W    +0.41%W    -0.44%L    -0.28%L    -0.62%L    -0.58%L    -0.01%L    -0.21%L    -0.21%L    -0.21%L
2018-06-08   META   09:30/3b 09:40   187.97    1.03x    +0.53%W    +0.13%W    +0.09%W    +0.03%W    +0.51%W    +0.51%W    +0.52%W    +0.50%W    +0.72%W    +0.63%W    +0.57%W    +0.57%W
2018-06-08   SPOT   09:30/3b 09:40   169.83    4.59x    -0.43%L    -0.73%L    -0.59%L    -0.93%L    +0.02%W    -0.01%L    +0.05%W    +0.08%W    +0.59%W    +1.40%W    +0.88%W    +0.88%W
2018-06-08   LLY    09:30/3b 09:40    85.81    1.05x    +0.36%W    +0.64%W    +0.38%W    +0.29%W    +0.57%W    +0.16%W    +0.40%W    +0.29%W    +0.28%W    +0.16%W    +0.37%W    +0.37%W
2018-06-08   CHTR   09:30/3b 09:45   278.51    1.25x    +0.00%W    -0.00%L    -0.69%L    -0.91%L    -0.59%L    -1.09%L    -0.27%L    -1.04%L    -1.36%L    -0.56%L    -0.45%L    -0.45%L
2018-06-08   TSLA   09:30/3b 09:40   321.79    1.82x    -0.01%L    -0.09%L    -0.67%L    -1.14%L    -0.03%L    -0.08%L    -0.73%L    -0.99%L    -0.97%L    -1.25%L    -1.28%L    -1.28%L
2018-06-11   META   09:30/3b 09:40   189.47    1.23x    +0.25%W    +0.04%W    +0.13%W    +0.22%W    +1.03%W    +1.43%W    +1.29%W    +1.28%W    +1.36%W    +1.32%W    +1.10%W    +1.10%W
2018-06-11   CHTR   09:30/3b 09:50   280.35    1.06x    +0.16%W    +0.58%W    -0.01%L    -0.16%L    -0.17%L    -0.15%L    +0.21%W    +0.87%W    +0.54%W    +0.83%W    +0.97%W    +0.97%W
2018-06-11   AMD    09:30/3b 09:45    15.43    1.49x    -0.27%L    +0.06%W    +0.25%W    -0.20%L    +0.19%W    +0.45%W    +1.35%W    +1.81%W    +2.39%W    +2.65%W    +2.00%W    +2.00%W
2018-06-12   META   09:30/3b 09:40   192.55    1.01x    -0.32%L    -0.29%L    -0.26%L    -0.10%L    -0.28%L    -0.08%L    -0.03%L    +0.18%W    -0.10%L    -0.24%L    -0.09%L    -0.09%L
2018-06-12   CHTR   09:30/3b 09:40   285.21    1.56x    +0.56%W    +0.87%W    +1.48%W    +2.13%W    +1.76%W    +1.98%W    +2.31%W    +2.36%W    +2.19%W    +1.71%W    +2.03%W    +2.03%W
2018-06-12   AMD    09:30/3b 09:40    15.67    2.58x    -0.61%L    +0.19%W    -0.43%L    -0.45%L    -0.19%L    +0.80%W    +0.99%W    +0.96%W    +0.12%W    +0.70%W    +1.15%W    +1.15%W
2018-06-13   AMD    09:30/3b 09:40    16.11    2.16x    +0.14%W    +0.70%W    +1.44%W    +1.97%W    +1.26%W    +1.82%W    +1.72%W    +1.91%W    +1.75%W    +1.97%W    +1.32%W    +1.32%W
2018-06-14   SPOT   09:30/3b 09:50   172.86    1.04x    +0.05%W    +0.99%W    +0.92%W    +0.76%W    +1.41%W    +2.56%W    +2.74%W    +2.92%W    +3.78%W    +3.55%W    +3.03%W    +3.03%W
2018-06-14   CHTR   09:30/3b 09:40   292.99    1.77x    +1.03%W    +0.33%W    +0.00%W    -0.09%L    -0.43%L    +0.27%W    +0.56%W    +0.29%W    +1.07%W    +0.91%W    +0.94%W    +0.94%W
2018-06-14   AVGO   09:30/3b 09:40   267.26    1.04x    +0.39%W    +0.23%W    +0.46%W    +0.54%W    +0.46%W    +0.46%W    +0.15%W    +0.35%W    +0.10%W    +0.28%W    +0.46%W    +0.46%W
2018-06-15   SPOT   09:30/3b 09:50   174.93    1.67x    -0.22%L    +0.39%W    -0.14%L    -0.21%L    -0.22%L    +0.04%W    -0.01%L    -0.19%L    +0.03%W    +0.13%W    +0.07%W    +0.07%W
2018-06-15   LLY    09:30/3b 09:40    87.20    2.06x    -0.48%L    -0.60%L    -0.85%L    -0.92%L    -0.85%L    -0.92%L    -1.04%L    -1.05%L    -0.61%L    -0.54%L    -0.37%L    -0.37%L
2018-06-15   TSLA   09:30/3b 09:40   356.07    1.28x    +1.03%W    +1.95%W    +0.88%W    +0.23%W    +0.45%W    +0.63%W    +0.87%W    +1.49%W    +1.12%W    +0.80%W    +0.57%W    +0.57%W
2018-06-15   AVGO   09:30/3b 09:40   268.78    1.49x    +0.34%W    +0.46%W    +0.64%W    +0.84%W    +0.25%W    -0.06%L    +0.12%W    +0.46%W    +0.56%W    +0.48%W    +0.52%W    +0.52%W
2018-06-15   AMD    09:30/3b 09:40    16.14    1.40x    +1.18%W    +0.93%W    +1.49%W    +0.90%W    +1.05%W    +0.37%W    +0.74%W    +1.89%W    +2.17%W    +1.36%W    +1.24%W    +1.24%W
2018-06-18   META   09:30/3b 09:40   196.82    1.36x    +0.43%W    +0.73%W    +0.39%W    +0.64%W    +1.29%W    +1.29%W    +0.80%W    +0.90%W    +0.98%W    +0.78%W    +0.76%W    +0.76%W
2018-06-18   CHTR   09:30/3b 09:50   294.68    1.70x    -0.10%L    +0.21%W    +0.69%W    +0.66%W    +0.36%W    +0.17%W    +0.43%W    +0.20%W    +0.22%W    +0.20%W    +0.20%W    +0.20%W
2018-06-18   TSLA   09:30/3b 09:40   363.67    1.19x    -1.20%L    -1.14%L    -0.50%L    -0.28%L    -0.18%L    +0.28%W    +1.65%W    +1.65%W    +1.32%W    +1.89%W    +1.97%W    +1.97%W
2018-06-18   AMD    09:30/3b 09:40    16.47    1.10x    +2.19%W    +1.85%W    +1.61%W    +3.07%W    +4.42%W    +4.04%W    +3.98%W    +3.52%W    +4.37%W    +3.43%W    +3.89%W    +3.89%W
2018-06-20   SNPS   09:30/3b 09:40    90.31    1.49x    +0.30%W    +0.21%W    -0.01%L    -0.12%L    +0.03%W    +0.04%W    +0.74%W    +0.44%W    +0.50%W    +0.08%W    -0.01%L    -0.01%L
2018-06-20   LLY    09:30/3b 09:40    86.80    1.11x    +0.13%W    -0.15%L    -0.07%L    -0.21%L    -0.05%L    +0.35%W    +0.03%W    +0.24%W    -0.20%L    -0.36%L    -0.58%L    -0.58%L
2018-06-21   META   09:30/3b 09:45   202.42    1.15x    +0.10%W    -1.00%L    -0.78%L    -0.78%L    -0.30%L    +0.23%W    -0.27%L    +0.09%W    +0.02%W    -0.45%L    -0.45%L    -0.45%L
2018-06-21   CHTR   09:30/3b 09:40   294.89    1.11x    -0.56%L    -0.28%L    -0.77%L    -0.27%L    -0.21%L    -0.16%L    -0.65%L    -0.70%L    -1.08%L    -1.11%L    -1.03%L    -1.03%L
2018-06-26   MRVL   09:30/3b 09:45    20.18    1.20x    -0.89%L    -0.94%L    -0.89%L    -1.46%L    -1.16%L    -1.24%L    -1.64%L    -1.24%L    -1.11%L    -1.49%L    -1.36%L    -1.36%L
2018-06-26   AMD    09:30/3b 09:40    15.47    1.08x    +0.03%W    -0.81%L    -0.90%L    -1.26%L    -0.97%L    -1.07%L    -0.74%L    +0.16%W    +0.29%W    +0.13%W    +0.23%W    +0.23%W
2018-06-27   QCOM   09:30/3b 09:40    56.86    1.48x    +1.04%W    +0.64%W    +0.25%W    +0.28%W    -0.02%L    -0.58%L    -0.42%L    -1.50%L    -1.93%L    -2.37%L    -2.97%L    -2.97%L
2018-06-27   CHTR   09:30/3b 09:45   298.50    1.16x    +0.51%W    +0.50%W    +0.30%W    +0.05%W    +0.21%W    +0.45%W    +0.60%W    -0.10%L    -0.63%L    -0.67%L    -0.76%L    -0.76%L
2018-06-27   TSLA   09:30/3b 09:40   347.44    1.09x    -0.18%L    -0.31%L    +0.45%W    +0.42%W    +0.24%W    -0.48%L    -1.11%L    -1.04%L    -1.07%L    -1.02%L    -0.83%L    -0.83%L
2018-06-27   AVGO   09:30/3b 09:45   254.14    1.16x    -0.82%L    -0.83%L    -0.76%L    -1.03%L    -1.13%L    -0.99%L    -1.36%L    -1.64%L    -1.91%L    -2.60%L    -2.76%L    -2.76%L
2018-06-28   SNPS   09:30/3b 09:40    84.99    1.06x    -0.21%L    -0.39%L    -0.62%L    -0.53%L    -0.76%L    -0.80%L    -0.99%L    -0.34%L    -0.08%L    +0.00%L    +0.00%L    +0.00%L
2018-06-28   QCOM   09:30/3b 09:40    55.66    1.41x    +0.45%W    +0.20%W    +0.16%W    +0.45%W    +0.77%W    +1.38%W    +0.63%W    +0.56%W    +0.56%W    +0.47%W    +0.45%W    +0.45%W
2018-06-28   AMD    09:30/3b 09:40    15.08    1.20x    +0.63%W    +0.33%W    +0.13%W    +0.27%W    +0.17%W    +0.40%W    -0.07%L    +0.36%W    +1.19%W    +1.39%W    +1.53%W    +1.53%W
2018-06-29   SNPS   09:30/3b 09:40    85.60    1.00x    +0.08%W    -0.06%L    +0.22%W    +0.39%W    +0.18%W    +0.19%W    +0.25%W    +0.56%W    +0.19%W    +0.29%W    -0.01%L    -0.01%L
2018-06-29   MRVL   09:30/3b 09:40    21.88    1.08x    +0.50%W    +0.30%W    +0.41%W    +0.64%W    +0.41%W    +0.75%W    +0.46%W    -0.16%L    -0.78%L    -1.87%L    -2.01%L    -2.01%L
2018-06-29   QCOM   09:30/3b 09:40    56.76    1.74x    +0.01%W    -0.49%L    -0.41%L    -0.32%L    -0.13%L    -0.44%L    -0.49%L    -0.45%L    -0.57%L    -0.62%L    -1.11%L    -1.11%L

========================================================================================
Summary — 50 qualifying signal(s) across 21 trading day(s)

Window 09:30/3b  (50 signal(s))
  Hold      Count   Win Rate   Avg Gain    Avg Win   Avg Loss ProfitFactor   Sum Ret%
  -------------------------------------------------------------------------
  +15m         50      58.0%     +0.08%     +0.50%     -0.51%        1.37x     +3.88%
  +30m         50      54.0%     -0.01%     +0.52%     -0.63%        0.98x     -0.32%
  +45m         50      52.0%     -0.00%     +0.52%     -0.57%        0.99x     -0.08%
  +1h          50      48.0%     -0.04%     +0.65%     -0.69%        0.88x     -2.11%
  +1h30m       50      48.0%     +0.08%     +0.73%     -0.51%        1.32x     +4.24%
  +2h          50      52.0%     +0.16%     +0.84%     -0.57%        1.58x     +7.98%
  +3h          50      58.0%     +0.18%     +0.86%     -0.77%        1.54x     +8.81%
  +4h          50      64.0%     +0.23%     +0.91%     -0.97%        1.68x    +11.75%
  +5h          50      62.0%     +0.26%     +1.05%     -1.03%        1.66x    +12.84%
  +6h          50      60.0%     +0.20%     +1.08%     -1.11%        1.46x    +10.14%
  +7h          50      56.0%     +0.17%     +1.13%     -1.04%        1.38x     +8.61%
  EOD          50      56.0%     +0.17%     +1.13%     -1.04%        1.38x     +8.61%
