Fetching 5-min bars (2018-01-02 → 2018-02-28) [alpaca]...
  [cache] fetching 1 tickers from alpaca (cache miss)
  [cache] loaded 11 tickers from cache
Fetching daily bars (2017-02-01 → 2018-02-28)...

=========================================================================================================================================================================================
Pre-Session Rankings (9:25) — 2018-02-01 to 2018-02-28  |  20d lookback
=========================================================================================================================================================================================
Pre-session top-2 (9:25, 20d EOD win rate) — 2018-02-01  OR: 09:30/3b
  #1 LLY    +15m 50%W +0.0%  +30m 65%W +0.1%  +1h 65%W +0.1%  +2h 70%W +0.2%  +5h 65%W +0.1%  EOD 65%W +0.1%  EOD range -3.5% → +1.9%
  #2 CHTR   +15m 60%W +0.1%  +30m 40%W -0.0%  +1h 50%W +0.0%  +2h 40%W -0.1%  +5h 50%W +0.1%  EOD 65%W +0.1%  EOD range -1.3% → +1.9%
  Ticker   N          +15m          +30m           +1h           +2h           +5h           EOD           EOD range
  ----------------------------------------------------------------------------------------------------------------------
  LLY     20  50%W +0.0%  65%W +0.1%  65%W +0.1%  70%W +0.2%  65%W +0.1%  65%W +0.1%       -3.5% → +1.9%
  CHTR    20  60%W +0.1%  40%W -0.0%  50%W +0.0%  40%W -0.1%  50%W +0.1%  65%W +0.1%       -1.3% → +1.9%
  QCOM    20  60%W +0.1%  55%W +0.1%  60%W +0.1%  70%W +0.2%  55%W +0.1%  55%W +0.2%       -1.4% → +2.1%
  TSLA    20  45%W -0.3%  40%W -0.0%  60%W +0.3%  70%W +0.4%  60%W +0.3%  55%W +0.3%       -2.7% → +3.8%
  META    20  45%W -0.0%  55%W +0.0%  45%W -0.0%  40%W -0.1%  60%W +0.1%  50%W +0.0%       -1.5% → +1.6%
  SNPS    20  45%W -0.0%  65%W +0.2%  55%W +0.1%  55%W +0.0%  55%W +0.0%  50%W +0.1%       -1.9% → +1.3%
  MU      20  35%W -0.3%  50%W -0.1%  35%W -0.4%  40%W -0.5%  50%W -0.1%  50%W +0.0%       -4.0% → +3.9%
  AVGO    20  45%W -0.0%  45%W -0.1%  70%W +0.2%  60%W +0.2%  55%W +0.1%  50%W +0.0%       -2.1% → +1.8%
  AMD     20  50%W -0.0%  60%W +0.2%  50%W +0.1%  55%W +0.5%  55%W +0.2%  45%W -0.3%       -3.9% → +2.1%
  MRVL    20  35%W -0.2%  35%W -0.2%  45%W -0.0%  50%W -0.0%  40%W -0.1%  40%W -0.2%       -2.3% → +2.8%
Pre-session top-2 (9:25, 20d EOD win rate) — 2018-02-02  OR: 09:30/3b
  #1 LLY    +15m 50%W +0.0%  +30m 65%W +0.1%  +1h 65%W +0.1%  +2h 70%W +0.2%  +5h 65%W +0.1%  EOD 65%W +0.1%  EOD range -3.5% → +1.9%
  #2 CHTR   +15m 65%W +0.2%  +30m 45%W -0.0%  +1h 45%W -0.1%  +2h 35%W -0.1%  +5h 50%W +0.1%  EOD 60%W +0.1%  EOD range -1.8% → +1.9%
  Ticker   N          +15m          +30m           +1h           +2h           +5h           EOD           EOD range
  ----------------------------------------------------------------------------------------------------------------------
  LLY     20  50%W +0.0%  65%W +0.1%  65%W +0.1%  70%W +0.2%  65%W +0.1%  65%W +0.1%       -3.5% → +1.9%
  CHTR    20  65%W +0.2%  45%W -0.0%  45%W -0.1%  35%W -0.1%  50%W +0.1%  60%W +0.1%       -1.8% → +1.9%
  TSLA    20  45%W -0.3%  40%W -0.0%  55%W +0.2%  70%W +0.4%  60%W +0.3%  55%W +0.3%       -2.7% → +3.8%
  META    20  45%W -0.0%  55%W +0.0%  45%W -0.0%  40%W -0.1%  60%W +0.1%  50%W +0.0%       -1.5% → +1.6%
  QCOM    20  65%W +0.2%  60%W +0.1%  60%W +0.1%  65%W +0.1%  50%W +0.0%  50%W +0.0%       -1.4% → +2.1%
  SNPS    20  45%W -0.0%  60%W +0.1%  55%W +0.1%  50%W +0.0%  50%W -0.0%  45%W -0.0%       -1.9% → +1.3%
  MU      20  35%W -0.3%  50%W -0.0%  35%W -0.4%  40%W -0.5%  45%W -0.4%  45%W -0.4%       -4.0% → +3.9%
  AVGO    20  45%W -0.0%  45%W -0.0%  65%W +0.2%  55%W +0.2%  50%W -0.1%  45%W -0.1%       -2.1% → +1.8%
  AMD     20  50%W -0.0%  65%W +0.3%  50%W +0.1%  55%W +0.5%  50%W -0.1%  45%W -0.4%       -3.9% → +2.1%
  MRVL    20  35%W -0.2%  40%W -0.2%  40%W -0.0%  45%W -0.1%  35%W -0.2%  35%W -0.3%       -2.3% → +2.8%
Pre-session top-2 (9:25, 20d EOD win rate) — 2018-02-05  OR: 09:30/3b
  #1 CHTR   +15m 70%W +0.2%  +30m 45%W -0.0%  +1h 50%W +0.0%  +2h 40%W -0.1%  +5h 55%W +0.1%  EOD 65%W +0.1%  EOD range -1.8% → +1.9%
  #2 LLY    +15m 45%W -0.0%  +30m 60%W +0.0%  +1h 65%W +0.1%  +2h 65%W +0.2%  +5h 60%W +0.1%  EOD 60%W +0.1%  EOD range -3.5% → +1.9%
  Ticker   N          +15m          +30m           +1h           +2h           +5h           EOD           EOD range
  ----------------------------------------------------------------------------------------------------------------------
  CHTR    20  70%W +0.2%  45%W -0.0%  50%W +0.0%  40%W -0.1%  55%W +0.1%  65%W +0.1%       -1.8% → +1.9%
  LLY     20  45%W -0.0%  60%W +0.0%  65%W +0.1%  65%W +0.2%  60%W +0.1%  60%W +0.1%       -3.5% → +1.9%
  META    20  40%W -0.1%  60%W +0.0%  50%W -0.0%  45%W -0.1%  65%W +0.1%  50%W +0.0%       -1.5% → +1.6%
  QCOM    20  60%W +0.1%  55%W +0.1%  55%W +0.1%  60%W +0.1%  45%W -0.1%  50%W +0.0%       -1.4% → +2.1%
  TSLA    20  45%W -0.3%  40%W -0.0%  55%W +0.1%  65%W +0.3%  55%W +0.3%  50%W -0.0%       -2.7% → +3.8%
  SNPS    20  45%W -0.0%  55%W +0.1%  50%W -0.0%  45%W -0.0%  50%W -0.0%  45%W -0.0%       -1.9% → +1.3%
  AMD     20  50%W -0.0%  65%W +0.3%  45%W -0.1%  55%W +0.5%  50%W -0.1%  45%W -0.4%       -3.9% → +2.1%
  MU      20  30%W -0.3%  45%W -0.3%  35%W -0.4%  35%W -0.6%  40%W -0.7%  40%W -0.8%       -4.0% → +2.5%
  AVGO    20  45%W -0.0%  45%W -0.1%  65%W +0.2%  55%W +0.1%  45%W -0.1%  40%W -0.2%       -2.1% → +1.8%
  MRVL    20  30%W -0.2%  35%W -0.2%  35%W -0.0%  45%W -0.1%  35%W -0.2%  35%W -0.3%       -2.3% → +2.8%
Pre-session top-2 (9:25, 20d EOD win rate) — 2018-02-06  OR: 09:30/3b
  #1 CHTR   +15m 65%W +0.2%  +30m 45%W -0.0%  +1h 50%W +0.0%  +2h 35%W -0.1%  +5h 55%W +0.1%  EOD 65%W +0.1%  EOD range -4.1% → +1.9%
  #2 LLY    +15m 40%W -0.1%  +30m 55%W +0.0%  +1h 60%W +0.1%  +2h 60%W +0.2%  +5h 55%W +0.0%  EOD 55%W +0.1%  EOD range -4.3% → +1.9%
  Ticker   N          +15m          +30m           +1h           +2h           +5h           EOD           EOD range
  ----------------------------------------------------------------------------------------------------------------------
  CHTR    20  65%W +0.2%  45%W -0.0%  50%W +0.0%  35%W -0.1%  55%W +0.1%  65%W +0.1%       -4.1% → +1.9%
  LLY     20  40%W -0.1%  55%W +0.0%  60%W +0.1%  60%W +0.2%  55%W +0.0%  55%W +0.1%       -4.3% → +1.9%
  META    20  45%W -0.1%  60%W +0.1%  55%W +0.0%  45%W -0.1%  60%W +0.1%  45%W -0.0%       -3.4% → +1.6%
  SNPS    20  45%W -0.0%  55%W +0.1%  50%W -0.0%  45%W -0.0%  50%W -0.0%  45%W -0.0%       -2.9% → +1.3%
  QCOM    20  60%W +0.1%  60%W +0.1%  60%W +0.1%  60%W +0.1%  40%W -0.1%  45%W -0.1%       -3.8% → +2.1%
  TSLA    20  45%W -0.3%  45%W -0.0%  60%W +0.2%  65%W +0.3%  55%W +0.3%  45%W -0.1%       -2.7% → +3.8%
  AMD     20  55%W +0.1%  70%W +0.4%  50%W +0.1%  55%W +0.5%  45%W -0.6%  45%W -0.7%       -3.9% → +2.1%
  MU      20  35%W -0.3%  50%W -0.0%  40%W -0.1%  35%W -0.6%  35%W -0.7%  40%W -0.9%       -4.0% → +2.5%
  MRVL    20  35%W -0.2%  40%W -0.2%  40%W -0.0%  50%W -0.0%  35%W -0.2%  35%W -0.3%       -3.6% → +2.8%
  AVGO    20  45%W -0.0%  45%W -0.1%  65%W +0.2%  55%W +0.1%  40%W -0.4%  35%W -0.3%       -4.3% → +1.8%
Pre-session top-2 (9:25, 20d EOD win rate) — 2018-02-07  OR: 09:30/3b
  #1 CHTR   +15m 65%W +0.2%  +30m 40%W -0.0%  +1h 45%W -0.1%  +2h 30%W -0.1%  +5h 55%W +0.1%  EOD 65%W +0.3%  EOD range -4.1% → +1.9%
  #2 LLY    +15m 45%W -0.0%  +30m 55%W +0.0%  +1h 60%W +0.1%  +2h 60%W +0.2%  +5h 55%W +0.0%  EOD 55%W +0.1%  EOD range -4.3% → +1.9%
  Ticker   N          +15m          +30m           +1h           +2h           +5h           EOD           EOD range
  ----------------------------------------------------------------------------------------------------------------------
  CHTR    20  65%W +0.2%  40%W -0.0%  45%W -0.1%  30%W -0.1%  55%W +0.1%  65%W +0.3%       -4.1% → +1.9%
  LLY     20  45%W -0.0%  55%W +0.0%  60%W +0.1%  60%W +0.2%  55%W +0.0%  55%W +0.1%       -4.3% → +1.9%
  META    20  50%W +0.0%  55%W +0.1%  55%W +0.0%  45%W -0.1%  60%W +0.1%  50%W +0.0%       -3.4% → +1.6%
  QCOM    20  60%W +0.2%  60%W +0.1%  60%W +0.1%  65%W +0.1%  45%W -0.1%  50%W +0.0%       -3.8% → +2.1%
  SNPS    20  45%W -0.0%  50%W +0.0%  45%W -0.1%  40%W -0.1%  45%W -0.2%  45%W -0.0%       -2.9% → +1.3%
  MU      20  30%W -0.3%  45%W -0.3%  35%W -0.4%  30%W -0.7%  35%W -0.7%  40%W -0.9%       -4.0% → +3.5%
  TSLA    20  40%W -0.3%  40%W -0.1%  55%W +0.1%  60%W +0.2%  50%W -0.1%  40%W -0.2%       -2.7% → +2.0%
  AMD     20  55%W +0.1%  70%W +0.4%  50%W +0.1%  50%W +0.2%  40%W -1.0%  40%W -0.7%       -3.9% → +2.1%
  MRVL    20  35%W -0.2%  40%W -0.2%  35%W -0.0%  45%W -0.1%  30%W -0.3%  35%W -0.3%       -3.6% → +2.8%
  AVGO    20  50%W +0.0%  45%W -0.1%  60%W +0.2%  55%W +0.2%  40%W -0.4%  35%W -0.3%       -4.3% → +3.6%
Pre-session top-2 (9:25, 20d EOD win rate) — 2018-02-08  OR: 09:30/3b
  #1 CHTR   +15m 65%W +0.2%  +30m 40%W -0.0%  +1h 45%W -0.1%  +2h 35%W -0.1%  +5h 60%W +0.3%  EOD 65%W +0.3%  EOD range -4.1% → +1.9%
  #2 LLY    +15m 45%W -0.0%  +30m 55%W +0.0%  +1h 60%W +0.1%  +2h 60%W +0.2%  +5h 50%W -0.0%  EOD 55%W +0.1%  EOD range -4.3% → +1.9%
  Ticker   N          +15m          +30m           +1h           +2h           +5h           EOD           EOD range
  ----------------------------------------------------------------------------------------------------------------------
  CHTR    20  65%W +0.2%  40%W -0.0%  45%W -0.1%  35%W -0.1%  60%W +0.3%  65%W +0.3%       -4.1% → +1.9%
  LLY     20  45%W -0.0%  55%W +0.0%  60%W +0.1%  60%W +0.2%  50%W -0.0%  55%W +0.1%       -4.3% → +1.9%
  META    20  55%W +0.1%  55%W +0.1%  60%W +0.1%  50%W -0.0%  55%W +0.0%  50%W -0.0%       -3.4% → +1.6%
  QCOM    20  60%W +0.2%  60%W +0.1%  60%W +0.1%  65%W +0.1%  45%W -0.1%  50%W +0.0%       -3.8% → +2.1%
  SNPS    20  50%W -0.0%  50%W +0.1%  50%W -0.0%  45%W -0.1%  40%W -0.3%  45%W -0.1%       -2.9% → +1.3%
  MU      20  30%W -0.3%  45%W -0.2%  35%W -0.3%  30%W -0.7%  35%W -0.7%  40%W -0.9%       -2.7% → +3.5%
  TSLA    20  45%W -0.3%  45%W -0.0%  55%W +0.1%  60%W +0.2%  45%W -0.3%  40%W -0.2%       -2.7% → +2.0%
  AVGO    20  55%W +0.1%  50%W +0.0%  65%W +0.3%  60%W +0.3%  45%W -0.1%  40%W -0.2%       -4.3% → +3.6%
  AMD     20  60%W +0.1%  70%W +0.4%  50%W +0.1%  50%W +0.2%  40%W -1.0%  40%W -0.7%       -3.9% → +2.1%
  MRVL    20  35%W -0.2%  35%W -0.2%  35%W -0.0%  45%W -0.1%  30%W -0.4%  35%W -0.5%       -3.6% → +2.8%
Pre-session top-2 (9:25, 20d EOD win rate) — 2018-02-09  OR: 09:30/3b
  #1 CHTR   +15m 65%W +0.2%  +30m 40%W -0.0%  +1h 45%W -0.1%  +2h 35%W -0.1%  +5h 60%W +0.3%  EOD 65%W +0.3%  EOD range -4.1% → +1.9%
  #2 LLY    +15m 40%W -0.1%  +30m 50%W -0.0%  +1h 55%W +0.0%  +2h 55%W +0.2%  +5h 45%W -0.1%  EOD 50%W -0.0%  EOD range -4.3% → +1.9%
  Ticker   N          +15m          +30m           +1h           +2h           +5h           EOD           EOD range
  ----------------------------------------------------------------------------------------------------------------------
  CHTR    20  65%W +0.2%  40%W -0.0%  45%W -0.1%  35%W -0.1%  60%W +0.3%  65%W +0.3%       -4.1% → +1.9%
  LLY     20  40%W -0.1%  50%W -0.0%  55%W +0.0%  55%W +0.2%  45%W -0.1%  50%W -0.0%       -4.3% → +1.9%
  META    20  60%W +0.1%  60%W +0.1%  55%W +0.1%  45%W -0.1%  50%W -0.0%  45%W -0.2%       -3.7% → +1.6%
  QCOM    20  65%W +0.2%  60%W +0.1%  55%W +0.1%  60%W +0.1%  40%W -0.1%  45%W -0.1%       -3.8% → +2.1%
  SNPS    20  50%W +0.0%  50%W -0.0%  45%W -0.1%  45%W -0.2%  35%W -0.4%  40%W -0.2%       -3.1% → +1.3%
  TSLA    20  45%W -0.3%  45%W -0.0%  55%W +0.1%  60%W +0.2%  45%W -0.3%  40%W -0.3%       -6.9% → +2.0%
  AVGO    20  60%W +0.1%  55%W +0.2%  65%W +0.3%  60%W +0.3%  45%W -0.1%  40%W -0.2%       -4.3% → +3.6%
  AMD     20  60%W +0.1%  75%W +0.4%  50%W +0.1%  50%W +0.2%  40%W -1.2%  40%W -0.7%       -3.9% → +2.1%
  MU      20  35%W -0.3%  50%W -0.0%  35%W -0.3%  30%W -0.7%  30%W -0.8%  35%W -1.1%       -5.2% → +3.5%
  MRVL    20  40%W -0.1%  35%W -0.2%  35%W -0.0%  40%W -0.1%  25%W -0.4%  30%W -0.6%       -3.6% → +2.8%
Pre-session top-2 (9:25, 20d EOD win rate) — 2018-02-12  OR: 09:30/3b
  #1 CHTR   +15m 65%W +0.2%  +30m 45%W -0.0%  +1h 45%W -0.1%  +2h 35%W -0.1%  +5h 55%W +0.1%  EOD 60%W +0.1%  EOD range -4.1% → +1.9%
  #2 LLY    +15m 35%W -0.1%  +30m 45%W -0.1%  +1h 50%W +0.0%  +2h 50%W -0.1%  +5h 45%W -0.1%  EOD 50%W -0.0%  EOD range -4.3% → +1.9%
  Ticker   N          +15m          +30m           +1h           +2h           +5h           EOD           EOD range
  ----------------------------------------------------------------------------------------------------------------------
  CHTR    20  65%W +0.2%  45%W -0.0%  45%W -0.1%  35%W -0.1%  55%W +0.1%  60%W +0.1%       -4.1% → +1.9%
  LLY     20  35%W -0.1%  45%W -0.1%  50%W +0.0%  50%W -0.1%  45%W -0.1%  50%W -0.0%       -4.3% → +1.9%
  META    20  55%W +0.1%  55%W +0.1%  50%W +0.0%  45%W -0.2%  50%W -0.1%  45%W -0.2%       -3.7% → +1.6%
  SNPS    20  45%W -0.0%  45%W -0.1%  45%W -0.1%  45%W -0.2%  35%W -0.5%  45%W -0.2%       -3.1% → +1.3%
  QCOM    20  60%W +0.2%  55%W +0.1%  50%W +0.0%  55%W +0.1%  40%W -0.1%  45%W -0.1%       -3.8% → +2.8%
  TSLA    20  40%W -0.3%  40%W -0.0%  50%W +0.0%  55%W +0.1%  40%W -0.6%  40%W -0.3%       -6.9% → +2.0%
  AVGO    20  60%W +0.1%  60%W +0.2%  60%W +0.3%  60%W +0.3%  45%W -0.2%  40%W -0.2%       -4.3% → +3.6%
  AMD     20  60%W +0.1%  75%W +0.4%  45%W -0.1%  45%W -0.3%  35%W -1.4%  40%W -0.7%       -3.9% → +2.1%
  MU      20  40%W -0.3%  50%W -0.0%  35%W -0.3%  30%W -0.7%  30%W -0.8%  35%W -0.9%       -5.2% → +3.5%
  MRVL    20  45%W -0.1%  40%W -0.2%  40%W -0.0%  40%W -0.1%  25%W -0.4%  30%W -0.6%       -3.6% → +2.8%
Pre-session top-2 (9:25, 20d EOD win rate) — 2018-02-13  OR: 09:30/3b
  #1 CHTR   +15m 65%W +0.2%  +30m 40%W -0.0%  +1h 40%W -0.1%  +2h 30%W -0.1%  +5h 55%W +0.3%  EOD 60%W +0.3%  EOD range -4.1% → +1.9%
  #2 QCOM   +15m 55%W +0.1%  +30m 50%W +0.1%  +1h 45%W -0.1%  +2h 50%W +0.0%  +5h 40%W -0.1%  EOD 50%W +0.0%  EOD range -3.8% → +2.8%
  Ticker   N          +15m          +30m           +1h           +2h           +5h           EOD           EOD range
  ----------------------------------------------------------------------------------------------------------------------
  CHTR    20  65%W +0.2%  40%W -0.0%  40%W -0.1%  30%W -0.1%  55%W +0.3%  60%W +0.3%       -4.1% → +1.9%
  QCOM    20  55%W +0.1%  50%W +0.1%  45%W -0.1%  50%W +0.0%  40%W -0.1%  50%W +0.0%       -3.8% → +2.8%
  META    20  50%W +0.0%  50%W -0.0%  45%W -0.0%  45%W -0.2%  50%W -0.1%  45%W -0.2%       -3.7% → +1.6%
  LLY     20  35%W -0.1%  45%W -0.1%  45%W -0.1%  45%W -0.4%  45%W -0.1%  45%W -0.2%       -4.3% → +1.9%
  TSLA    20  45%W -0.3%  45%W -0.0%  50%W +0.0%  60%W +0.2%  45%W -0.3%  45%W -0.3%       -6.9% → +2.4%
  SNPS    20  50%W +0.0%  40%W -0.1%  40%W -0.1%  45%W -0.2%  30%W -0.5%  40%W -0.2%       -3.1% → +1.3%
  MU      20  40%W -0.3%  45%W -0.2%  35%W -0.3%  30%W -0.7%  30%W -0.8%  40%W -0.9%       -5.2% → +3.5%
  AVGO    20  55%W +0.1%  55%W +0.1%  55%W +0.2%  60%W +0.3%  45%W -0.2%  40%W -0.2%       -4.3% → +3.6%
  AMD     20  65%W +0.2%  70%W +0.4%  40%W -0.1%  40%W -0.6%  35%W -1.4%  40%W -0.7%       -3.9% → +2.1%
  MRVL    20  40%W -0.1%  40%W -0.2%  40%W -0.0%  40%W -0.1%  25%W -0.4%  30%W -0.6%       -3.6% → +1.7%
Pre-session top-2 (9:25, 20d EOD win rate) — 2018-02-14  OR: 09:30/3b
  #1 CHTR   +15m 60%W +0.2%  +30m 45%W -0.0%  +1h 40%W -0.1%  +2h 30%W -0.1%  +5h 55%W +0.3%  EOD 60%W +0.3%  EOD range -4.1% → +1.9%
  #2 LLY    +15m 40%W -0.1%  +30m 50%W -0.0%  +1h 50%W +0.0%  +2h 50%W -0.1%  +5h 50%W +0.0%  EOD 50%W +0.0%  EOD range -4.3% → +1.9%
  Ticker   N          +15m          +30m           +1h           +2h           +5h           EOD           EOD range
  ----------------------------------------------------------------------------------------------------------------------
  CHTR    20  60%W +0.2%  45%W -0.0%  40%W -0.1%  30%W -0.1%  55%W +0.3%  60%W +0.3%       -4.1% → +1.9%
  LLY     20  40%W -0.1%  50%W -0.0%  50%W +0.0%  50%W -0.1%  50%W +0.0%  50%W +0.0%       -4.3% → +1.9%
  QCOM    20  55%W +0.1%  45%W -0.0%  45%W -0.1%  50%W +0.0%  40%W -0.1%  50%W +0.0%       -3.8% → +2.8%
  META    20  55%W +0.1%  55%W +0.1%  50%W +0.1%  50%W -0.0%  50%W -0.0%  45%W -0.2%       -3.7% → +1.6%
  SNPS    20  55%W +0.1%  45%W -0.1%  45%W -0.1%  50%W +0.0%  35%W -0.4%  45%W -0.0%       -3.1% → +1.3%
  MU      20  40%W -0.1%  45%W -0.2%  35%W -0.3%  30%W -0.7%  35%W -0.7%  45%W -0.6%       -5.2% → +3.5%
  TSLA    20  45%W -0.3%  45%W -0.0%  50%W +0.0%  60%W +0.2%  50%W +0.1%  45%W -0.3%       -6.9% → +2.5%
  AVGO    20  55%W +0.1%  55%W +0.0%  55%W +0.1%  65%W +0.3%  50%W +0.1%  45%W -0.1%       -4.3% → +3.6%
  AMD     20  65%W +0.2%  70%W +0.4%  40%W -0.1%  40%W -0.6%  40%W -1.2%  45%W -0.5%       -3.9% → +2.1%
  MRVL    20  45%W -0.1%  45%W -0.2%  40%W -0.0%  40%W -0.1%  30%W -0.4%  35%W -0.5%       -3.6% → +2.1%
Pre-session top-2 (9:25, 20d EOD win rate) — 2018-02-15  OR: 09:30/3b
  #1 CHTR   +15m 55%W +0.2%  +30m 45%W -0.0%  +1h 40%W -0.1%  +2h 35%W -0.1%  +5h 55%W +0.3%  EOD 60%W +0.3%  EOD range -4.1% → +1.9%
  #2 QCOM   +15m 60%W +0.2%  +30m 50%W +0.1%  +1h 45%W -0.1%  +2h 50%W +0.0%  +5h 45%W -0.1%  EOD 55%W +0.2%  EOD range -3.8% → +2.8%
  Ticker   N          +15m          +30m           +1h           +2h           +5h           EOD           EOD range
  ----------------------------------------------------------------------------------------------------------------------
  CHTR    20  55%W +0.2%  45%W -0.0%  40%W -0.1%  35%W -0.1%  55%W +0.3%  60%W +0.3%       -4.1% → +1.9%
  QCOM    20  60%W +0.2%  50%W +0.1%  45%W -0.1%  50%W +0.0%  45%W -0.1%  55%W +0.2%       -3.8% → +2.8%
  META    20  60%W +0.1%  60%W +0.1%  55%W +0.1%  55%W +0.0%  50%W -0.0%  50%W -0.0%       -3.7% → +2.9%
  LLY     20  35%W -0.1%  50%W -0.0%  50%W +0.0%  45%W -0.4%  50%W +0.0%  50%W +0.0%       -4.3% → +1.9%
  SNPS    20  55%W +0.1%  45%W -0.1%  45%W -0.1%  50%W +0.0%  35%W -0.4%  45%W -0.0%       -3.1% → +1.7%
  MU      20  35%W -0.1%  45%W -0.2%  40%W -0.3%  35%W -0.7%  35%W -0.7%  45%W -0.6%       -5.2% → +3.5%
  TSLA    20  45%W -0.3%  45%W -0.0%  50%W +0.0%  60%W +0.2%  50%W +0.1%  45%W -0.3%       -6.9% → +2.5%
  AVGO    20  50%W -0.0%  55%W +0.0%  50%W +0.0%  60%W +0.3%  50%W +0.0%  45%W -0.1%       -4.3% → +3.6%
  AMD     20  65%W +0.2%  70%W +0.4%  40%W -0.1%  40%W -0.6%  40%W -1.2%  45%W -0.5%       -3.9% → +3.2%
  MRVL    20  45%W -0.1%  50%W -0.1%  35%W -0.0%  35%W -0.2%  30%W -0.4%  40%W -0.5%       -3.6% → +2.1%
Pre-session top-2 (9:25, 20d EOD win rate) — 2018-02-16  OR: 09:30/3b
  #1 CHTR   +15m 55%W +0.2%  +30m 45%W -0.0%  +1h 40%W -0.1%  +2h 35%W -0.1%  +5h 55%W +0.3%  EOD 60%W +0.3%  EOD range -4.1% → +1.6%
  #2 QCOM   +15m 65%W +0.2%  +30m 55%W +0.1%  +1h 45%W -0.1%  +2h 50%W +0.0%  +5h 45%W -0.1%  EOD 55%W +0.2%  EOD range -3.8% → +2.8%
  Ticker   N          +15m          +30m           +1h           +2h           +5h           EOD           EOD range
  ----------------------------------------------------------------------------------------------------------------------
  CHTR    20  55%W +0.2%  45%W -0.0%  40%W -0.1%  35%W -0.1%  55%W +0.3%  60%W +0.3%       -4.1% → +1.6%
  QCOM    20  65%W +0.2%  55%W +0.1%  45%W -0.1%  50%W +0.0%  45%W -0.1%  55%W +0.2%       -3.8% → +2.8%
  META    20  65%W +0.1%  60%W +0.1%  55%W +0.1%  55%W +0.0%  50%W -0.0%  50%W -0.0%       -3.7% → +2.9%
  SNPS    20  60%W +0.1%  50%W -0.0%  50%W +0.0%  55%W +0.2%  40%W -0.3%  50%W +0.2%       -3.1% → +2.4%
  MU      20  40%W -0.1%  45%W -0.2%  40%W -0.3%  35%W -0.7%  35%W -0.5%  50%W +0.0%       -5.2% → +3.5%
  TSLA    20  50%W -0.1%  50%W +0.1%  55%W +0.1%  60%W +0.3%  55%W +0.3%  50%W -0.1%       -6.9% → +3.0%
  LLY     20  35%W -0.1%  45%W -0.1%  50%W +0.0%  45%W -0.4%  45%W -0.0%  45%W -0.1%       -4.3% → +1.9%
  MRVL    20  50%W +0.0%  50%W -0.1%  35%W -0.1%  35%W -0.2%  35%W -0.4%  45%W -0.3%       -3.6% → +2.1%
  AVGO    20  50%W -0.0%  55%W +0.0%  45%W -0.1%  55%W +0.2%  50%W +0.0%  45%W -0.1%       -4.3% → +3.6%
  AMD     20  65%W +0.2%  65%W +0.4%  40%W -0.2%  35%W -0.7%  35%W -1.4%  45%W -0.6%       -3.9% → +3.2%
Pre-session top-2 (9:25, 20d EOD win rate) — 2018-02-20  OR: 09:30/3b
  #1 MU     +15m 40%W -0.1%  +30m 50%W -0.0%  +1h 45%W -0.1%  +2h 40%W -0.7%  +5h 40%W -0.4%  EOD 55%W +0.1%  EOD range -5.2% → +3.5%
  #2 QCOM   +15m 65%W +0.2%  +30m 55%W +0.2%  +1h 45%W -0.1%  +2h 50%W +0.0%  +5h 45%W -0.1%  EOD 55%W +0.2%  EOD range -3.8% → +2.8%
  Ticker   N          +15m          +30m           +1h           +2h           +5h           EOD           EOD range
  ----------------------------------------------------------------------------------------------------------------------
  MU      20  40%W -0.1%  50%W -0.0%  45%W -0.1%  40%W -0.7%  40%W -0.4%  55%W +0.1%       -5.2% → +3.5%
  QCOM    20  65%W +0.2%  55%W +0.2%  45%W -0.1%  50%W +0.0%  45%W -0.1%  55%W +0.2%       -3.8% → +2.8%
  CHTR    20  60%W +0.2%  50%W +0.0%  45%W -0.1%  35%W -0.1%  50%W +0.1%  55%W +0.2%       -4.1% → +1.6%
  META    20  65%W +0.1%  60%W +0.1%  55%W +0.1%  55%W +0.0%  50%W -0.0%  50%W -0.0%       -3.7% → +2.9%
  LLY     20  35%W -0.2%  45%W -0.1%  55%W +0.0%  45%W -0.4%  45%W -0.0%  50%W +0.0%       -4.3% → +1.9%
  SNPS    20  60%W +0.1%  45%W -0.0%  50%W +0.0%  55%W +0.1%  35%W -0.3%  45%W -0.0%       -3.1% → +2.4%
  MRVL    20  50%W +0.0%  50%W -0.1%  40%W -0.0%  35%W -0.2%  40%W -0.3%  45%W -0.2%       -3.6% → +2.1%
  TSLA    20  50%W -0.0%  55%W +0.2%  60%W +0.3%  60%W +0.4%  55%W +0.2%  45%W -0.2%       -6.9% → +3.0%
  AVGO    20  55%W +0.0%  60%W +0.1%  50%W +0.0%  55%W +0.2%  50%W +0.0%  45%W -0.1%       -4.3% → +3.6%
  AMD     20  65%W +0.2%  65%W +0.4%  40%W -0.2%  35%W -0.7%  35%W -1.5%  45%W -0.6%       -3.9% → +3.2%
Pre-session top-2 (9:25, 20d EOD win rate) — 2018-02-21  OR: 09:30/3b
  #1 QCOM   +15m 60%W +0.2%  +30m 55%W +0.1%  +1h 50%W +0.0%  +2h 50%W +0.0%  +5h 45%W -0.1%  EOD 55%W +0.2%  EOD range -3.8% → +2.8%
  #2 MU     +15m 40%W -0.1%  +30m 50%W -0.0%  +1h 45%W -0.2%  +2h 40%W -0.7%  +5h 35%W -0.4%  EOD 50%W +0.0%  EOD range -5.2% → +3.5%
  Ticker   N          +15m          +30m           +1h           +2h           +5h           EOD           EOD range
  ----------------------------------------------------------------------------------------------------------------------
  QCOM    20  60%W +0.2%  55%W +0.1%  50%W +0.0%  50%W +0.0%  45%W -0.1%  55%W +0.2%       -3.8% → +2.8%
  MU      20  40%W -0.1%  50%W -0.0%  45%W -0.2%  40%W -0.7%  35%W -0.4%  50%W +0.0%       -5.2% → +3.5%
  CHTR    20  55%W +0.2%  45%W -0.0%  40%W -0.1%  30%W -0.1%  50%W +0.0%  50%W -0.0%       -4.1% → +1.6%
  META    20  60%W +0.1%  55%W +0.1%  50%W +0.1%  55%W +0.0%  45%W -0.2%  45%W -0.5%       -3.7% → +2.9%
  SNPS    20  60%W +0.1%  40%W -0.1%  45%W -0.1%  55%W +0.1%  35%W -0.3%  45%W -0.0%       -3.1% → +2.4%
  LLY     20  30%W -0.3%  40%W -0.1%  50%W -0.1%  40%W -0.4%  40%W -0.1%  45%W -0.1%       -4.3% → +1.9%
  MRVL    20  50%W +0.0%  50%W -0.0%  40%W -0.1%  35%W -0.3%  40%W -0.3%  45%W -0.2%       -3.6% → +2.1%
  TSLA    20  45%W -0.2%  55%W +0.2%  60%W +0.3%  60%W +0.4%  50%W -0.0%  45%W -0.2%       -6.9% → +3.0%
  AVGO    20  60%W +0.1%  60%W +0.2%  50%W +0.0%  55%W +0.2%  45%W -0.2%  45%W -0.2%       -4.3% → +3.6%
  AMD     20  60%W +0.2%  60%W +0.4%  35%W -0.3%  35%W -0.7%  30%W -1.5%  40%W -0.7%       -3.9% → +3.2%
Pre-session top-2 (9:25, 20d EOD win rate) — 2018-02-22  OR: 09:30/3b
  #1 QCOM   +15m 60%W +0.2%  +30m 55%W +0.1%  +1h 45%W -0.1%  +2h 50%W +0.0%  +5h 50%W +0.0%  EOD 60%W +0.3%  EOD range -3.8% → +2.8%
  #2 MRVL   +15m 55%W +0.1%  +30m 55%W +0.1%  +1h 45%W -0.0%  +2h 40%W -0.2%  +5h 45%W -0.3%  EOD 50%W -0.0%  EOD range -3.6% → +2.1%
  Ticker   N          +15m          +30m           +1h           +2h           +5h           EOD           EOD range
  ----------------------------------------------------------------------------------------------------------------------
  QCOM    20  60%W +0.2%  55%W +0.1%  45%W -0.1%  50%W +0.0%  50%W +0.0%  60%W +0.3%       -3.8% → +2.8%
  MRVL    20  55%W +0.1%  55%W +0.1%  45%W -0.0%  40%W -0.2%  45%W -0.3%  50%W -0.0%       -3.6% → +2.1%
  CHTR    20  55%W +0.2%  45%W -0.0%  45%W -0.1%  35%W -0.1%  55%W +0.1%  50%W +0.1%       -4.1% → +1.6%
  META    20  60%W +0.1%  55%W +0.1%  50%W +0.1%  55%W +0.0%  45%W -0.2%  45%W -0.5%       -3.7% → +2.9%
  MU      20  35%W -0.2%  50%W -0.0%  45%W -0.2%  40%W -0.7%  35%W -0.4%  45%W -0.1%       -5.2% → +3.5%
  LLY     20  35%W -0.2%  45%W -0.1%  55%W +0.0%  45%W -0.3%  45%W -0.0%  45%W -0.1%       -4.3% → +1.9%
  TSLA    20  45%W -0.2%  60%W +0.2%  65%W +0.4%  65%W +0.4%  55%W +0.2%  45%W -0.2%       -6.9% → +3.0%
  SNPS    20  55%W +0.1%  35%W -0.2%  40%W -0.1%  50%W +0.0%  30%W -0.4%  40%W -0.1%       -3.1% → +2.4%
  AVGO    20  55%W +0.0%  55%W +0.0%  45%W -0.1%  50%W +0.0%  40%W -0.2%  40%W -0.4%       -4.3% → +3.6%
  AMD     20  55%W +0.1%  55%W +0.2%  40%W -0.3%  40%W -0.7%  35%W -1.5%  35%W -1.1%       -3.9% → +3.2%
Pre-session top-2 (9:25, 20d EOD win rate) — 2018-02-23  OR: 09:30/3b
  #1 QCOM   +15m 55%W +0.2%  +30m 50%W +0.0%  +1h 45%W -0.1%  +2h 55%W +0.1%  +5h 45%W -0.1%  EOD 55%W +0.2%  EOD range -3.8% → +2.8%
  #2 LLY    +15m 40%W -0.2%  +30m 50%W -0.0%  +1h 55%W +0.0%  +2h 50%W -0.0%  +5h 50%W +0.1%  EOD 50%W +0.0%  EOD range -4.3% → +1.9%
  Ticker   N          +15m          +30m           +1h           +2h           +5h           EOD           EOD range
  ----------------------------------------------------------------------------------------------------------------------
  QCOM    20  55%W +0.2%  50%W +0.0%  45%W -0.1%  55%W +0.1%  45%W -0.1%  55%W +0.2%       -3.8% → +2.8%
  LLY     20  40%W -0.2%  50%W -0.0%  55%W +0.0%  50%W -0.0%  50%W +0.1%  50%W +0.0%       -4.3% → +1.9%
  MRVL    20  55%W +0.1%  55%W +0.1%  45%W -0.0%  45%W -0.1%  45%W -0.2%  50%W -0.0%       -3.6% → +2.1%
  TSLA    20  45%W -0.2%  60%W +0.2%  65%W +0.4%  70%W +0.6%  60%W +0.4%  50%W -0.1%       -6.9% → +3.0%
  META    20  55%W +0.1%  50%W +0.0%  50%W +0.1%  55%W +0.1%  40%W -0.3%  45%W -0.4%       -3.7% → +2.9%
  MU      20  30%W -0.2%  45%W -0.2%  50%W -0.2%  45%W -0.6%  35%W -0.3%  45%W -0.1%       -5.2% → +3.5%
  CHTR    20  50%W +0.1%  45%W -0.0%  45%W -0.1%  35%W -0.1%  50%W -0.0%  45%W -0.1%       -4.1% → +1.6%
  SNPS    20  50%W -0.1%  35%W -0.3%  40%W -0.2%  50%W +0.0%  30%W -0.4%  40%W -0.1%       -6.0% → +2.4%
  AVGO    20  55%W +0.0%  55%W +0.0%  45%W -0.1%  55%W +0.2%  45%W -0.0%  40%W -0.3%       -4.3% → +3.6%
  AMD     20  55%W +0.2%  55%W +0.3%  45%W -0.2%  45%W -0.6%  40%W -1.3%  40%W -0.7%       -3.9% → +3.2%
Pre-session top-2 (9:25, 20d EOD win rate) — 2018-02-26  OR: 09:30/3b
  #1 QCOM   +15m 60%W +0.2%  +30m 50%W +0.0%  +1h 50%W +0.0%  +2h 60%W +0.1%  +5h 50%W +0.3%  EOD 60%W +0.5%  EOD range -3.8% → +2.8%
  #2 MRVL   +15m 60%W +0.1%  +30m 60%W +0.1%  +1h 45%W -0.0%  +2h 45%W -0.1%  +5h 50%W -0.0%  EOD 55%W +0.0%  EOD range -3.6% → +2.1%
  Ticker   N          +15m          +30m           +1h           +2h           +5h           EOD           EOD range
  ----------------------------------------------------------------------------------------------------------------------
  QCOM    20  60%W +0.2%  50%W +0.0%  50%W +0.0%  60%W +0.1%  50%W +0.3%  60%W +0.5%       -3.8% → +2.8%
  MRVL    20  60%W +0.1%  60%W +0.1%  45%W -0.0%  45%W -0.1%  50%W -0.0%  55%W +0.0%       -3.6% → +2.1%
  META    20  60%W +0.1%  55%W +0.1%  55%W +0.2%  60%W +0.1%  45%W -0.2%  50%W +0.0%       -3.7% → +2.9%
  MU      20  35%W -0.1%  50%W -0.1%  55%W +0.1%  50%W -0.2%  40%W -0.2%  50%W +0.0%       -5.2% → +3.5%
  LLY     20  45%W -0.2%  50%W -0.0%  55%W +0.0%  50%W -0.0%  55%W +0.2%  50%W +0.1%       -4.3% → +1.9%
  CHTR    20  50%W +0.1%  45%W -0.0%  45%W -0.1%  35%W -0.1%  55%W +0.1%  50%W +0.1%       -4.1% → +1.6%
  TSLA    20  45%W -0.2%  60%W +0.2%  65%W +0.4%  70%W +0.6%  65%W +0.4%  50%W -0.1%       -6.9% → +3.0%
  SNPS    20  55%W +0.1%  40%W -0.2%  45%W -0.1%  55%W +0.1%  35%W -0.2%  45%W -0.0%       -6.0% → +2.4%
  AVGO    20  60%W +0.1%  60%W +0.2%  45%W -0.1%  60%W +0.3%  50%W +0.0%  45%W -0.2%       -4.3% → +3.6%
  AMD     20  60%W +0.3%  55%W +0.3%  50%W -0.0%  45%W -0.3%  40%W -0.8%  40%W -0.6%       -3.5% → +3.2%
Pre-session top-2 (9:25, 20d EOD win rate) — 2018-02-27  OR: 09:30/3b
  #1 QCOM   +15m 60%W +0.2%  +30m 55%W +0.1%  +1h 55%W +0.1%  +2h 65%W +0.2%  +5h 50%W +0.3%  EOD 60%W +0.5%  EOD range -3.8% → +3.7%
  #2 MU     +15m 40%W -0.1%  +30m 55%W +0.1%  +1h 60%W +0.1%  +2h 55%W +0.2%  +5h 45%W -0.1%  EOD 50%W +0.0%  EOD range -5.2% → +3.5%
  Ticker   N          +15m          +30m           +1h           +2h           +5h           EOD           EOD range
  ----------------------------------------------------------------------------------------------------------------------
  QCOM    20  60%W +0.2%  55%W +0.1%  55%W +0.1%  65%W +0.2%  50%W +0.3%  60%W +0.5%       -3.8% → +3.7%
  MU      20  40%W -0.1%  55%W +0.1%  60%W +0.1%  55%W +0.2%  45%W -0.1%  50%W +0.0%       -5.2% → +3.5%
  LLY     20  45%W -0.2%  50%W -0.0%  50%W -0.1%  45%W -0.3%  55%W +0.2%  50%W +0.1%       -4.3% → +1.7%
  MRVL    20  55%W +0.1%  55%W +0.1%  40%W -0.1%  40%W -0.2%  45%W -0.1%  50%W +0.0%       -3.6% → +2.1%
  TSLA    20  45%W -0.2%  55%W +0.2%  60%W +0.3%  70%W +0.6%  65%W +0.3%  50%W -0.1%       -6.9% → +3.0%
  META    20  55%W +0.1%  50%W +0.0%  55%W +0.2%  60%W +0.1%  40%W -0.4%  45%W -0.3%       -3.7% → +2.9%
  CHTR    20  50%W +0.1%  45%W -0.1%  40%W -0.1%  35%W -0.1%  50%W -0.0%  45%W -0.1%       -4.1% → +1.6%
  AVGO    20  65%W +0.2%  65%W +0.3%  50%W +0.0%  60%W +0.3%  50%W +0.0%  45%W -0.2%       -4.3% → +3.6%
  SNPS    20  55%W +0.1%  40%W -0.2%  45%W -0.2%  55%W +0.1%  30%W -0.4%  40%W -0.1%       -6.0% → +2.4%
  AMD     20  60%W +0.2%  50%W +0.1%  45%W -0.2%  40%W -0.5%  40%W -0.8%  40%W -0.6%       -3.5% → +3.2%
Pre-session top-2 (9:25, 20d EOD win rate) — 2018-02-28  OR: 09:30/3b
  #1 QCOM   +15m 65%W +0.2%  +30m 55%W +0.2%  +1h 60%W +0.2%  +2h 65%W +0.2%  +5h 50%W +0.3%  EOD 60%W +0.5%  EOD range -3.8% → +3.7%
  #2 MU     +15m 45%W -0.0%  +30m 60%W +0.1%  +1h 65%W +0.1%  +2h 60%W +0.5%  +5h 50%W +0.1%  EOD 50%W +0.0%  EOD range -5.2% → +3.5%
  Ticker   N          +15m          +30m           +1h           +2h           +5h           EOD           EOD range
  ----------------------------------------------------------------------------------------------------------------------
  QCOM    20  65%W +0.2%  55%W +0.2%  60%W +0.2%  65%W +0.2%  50%W +0.3%  60%W +0.5%       -3.8% → +3.7%
  MU      20  45%W -0.0%  60%W +0.1%  65%W +0.1%  60%W +0.5%  50%W +0.1%  50%W +0.0%       -5.2% → +3.5%
  META    20  50%W +0.0%  50%W +0.0%  55%W +0.2%  60%W +0.1%  40%W -0.4%  45%W -0.3%       -3.7% → +2.9%
  LLY     20  40%W -0.2%  45%W -0.1%  45%W -0.2%  40%W -0.3%  50%W +0.1%  45%W -0.1%       -4.3% → +1.7%
  MRVL    20  60%W +0.1%  55%W +0.1%  40%W -0.1%  35%W -0.3%  40%W -0.2%  45%W -0.0%       -3.6% → +2.1%
  TSLA    20  45%W -0.2%  55%W +0.2%  60%W +0.3%  65%W +0.6%  60%W +0.2%  45%W -0.2%       -6.9% → +3.0%
  AVGO    20  70%W +0.2%  70%W +0.3%  55%W +0.0%  65%W +0.3%  55%W +0.0%  45%W -0.2%       -4.3% → +3.6%
  SNPS    20  60%W +0.1%  45%W -0.1%  50%W -0.0%  55%W +0.1%  30%W -0.3%  40%W -0.1%       -6.0% → +2.4%
  CHTR    20  45%W -0.0%  45%W -0.1%  35%W -0.1%  30%W -0.2%  45%W -0.2%  40%W -0.1%       -4.1% → +1.6%
  AMD     20  65%W +0.2%  55%W +0.3%  45%W -0.1%  45%W -0.3%  40%W -0.5%  40%W -0.6%       -3.5% → +3.2%

=========================================================================================================================================================================================
Pre-Session Top-2 Performance — 2018-02-01 to 2018-02-28  |  Unconditional OR-close entry  |  OR: 09:30/3b
=========================================================================================================================================================================================
Date         Ticker Rank  At       Entry       +15m       +30m       +45m        +1h     +1h30m        +2h        +3h        +4h        +5h        +6h        +7h        EOD
-----------------------------------------------------------------------------------------------------------------------------------------------------------------------------------------
2018-02-01   LLY    #1    09:45    81.70    +0.38%W    +0.15%W    -0.08%L    +0.02%W    +0.48%W    +0.72%W    +1.10%W    +1.13%W    +0.80%W    +0.73%W    +0.87%W    +0.87%W
2018-02-01   CHTR   #2    09:45   377.87    +0.37%W    +0.21%W    -0.15%L    -0.28%L    -0.24%L    -0.13%L    -0.16%L    -0.53%L    -0.91%L    -1.46%L    -1.77%L    -1.77%L
2018-02-02   LLY    #1    09:45    82.93    -0.68%L    -0.48%L    -0.27%L    +0.06%W    -0.13%L    -0.43%L    -0.86%L    -1.31%L    -1.66%L    -1.92%L    -2.11%L    -2.11%L
2018-02-02   CHTR   #2    09:45   386.30    +0.22%W    -0.31%L    -0.57%L    +0.45%W    +1.88%W    +1.41%W    +2.17%W    +0.98%W    +0.13%W    -0.59%L    +0.31%W    +0.31%W
2018-02-05   CHTR   #1    09:45   388.25    -0.68%L    -0.96%L    -1.24%L    -1.44%L    -1.77%L    -1.91%L    -2.19%L    -2.22%L    -2.26%L    -3.59%L    -4.06%L    -4.06%L
2018-02-05   LLY    #2    09:45    80.91    -0.37%L    -0.43%L    -0.46%L    -0.19%L    -0.62%L    -0.42%L    -0.74%L    -2.14%L    -2.79%L    -3.92%L    -4.30%L    -4.30%L
2018-02-06   CHTR   #1    09:45   366.08    +0.29%W    -0.02%L    -0.77%L    -0.26%L    -0.90%L    -0.76%L    -0.87%L    -1.12%L    -0.74%L    +0.43%W    +1.00%W    +1.00%W
2018-02-06   LLY    #2    09:45    78.07    +0.94%W    -0.15%L    -1.17%L    -0.68%L    -0.61%L    -1.05%L    -1.40%L    -2.63%L    -1.26%L    -0.15%L    -0.09%L    -0.09%L
2018-02-07   CHTR   #1    09:45   364.03    +0.75%W    +1.57%W    +0.96%W    +0.80%W    +1.27%W    +1.00%W    +0.03%W    -0.20%L    +0.39%W    +0.58%W    -0.11%L    -0.11%L
2018-02-07   LLY    #2    09:45    77.80    +0.05%W    +0.33%W    +0.15%W    +0.37%W    +0.74%W    +0.40%W    -0.23%L    -0.87%L    -1.03%L    -0.91%L    -1.39%L    -1.39%L
2018-02-08   CHTR   #1    09:45   360.41    -0.32%L    -0.67%L    -0.69%L    -1.12%L    -1.80%L    -2.13%L    -3.57%L    -2.90%L    -1.47%L    -2.19%L    -3.30%L    -3.30%L
2018-02-08   LLY    #2    09:45    77.45    -0.13%L    -0.17%L    -0.30%L    -0.30%L    -1.55%L    -1.59%L    -2.16%L    -1.98%L    -2.81%L    -3.43%L    -4.17%L    -4.17%L
2018-02-09   CHTR   #1    09:45   351.79    +0.66%W    +0.51%W    +0.59%W    -0.63%L    -0.10%L    -0.24%L    -2.39%L    -1.40%L    -1.01%L    -0.18%L    -0.81%L    -0.81%L
2018-02-09   LLY    #2    09:45    74.98    -0.43%L    -0.07%L    -0.25%L    -1.17%L    -0.64%L    -0.48%L    -1.49%L    -0.88%L    +0.24%W    +1.88%W    +1.67%W    +1.67%W
2018-02-12   CHTR   #1    09:45   353.21    +0.36%W    -0.25%L    -0.47%L    -0.52%L    -0.74%L    -0.18%L    +0.74%W    +0.65%W    +1.07%W    +1.15%W    +1.30%W    +1.30%W
2018-02-12   LLY    #2    09:45    76.46    -0.31%L    -1.31%L    -1.24%L    -1.26%L    -0.73%L    -0.60%L    -0.21%L    -0.35%L    +0.24%W    -0.38%L    -0.30%L    -0.30%L
2018-02-13   CHTR   #1    09:45   355.93    -0.01%L    +0.19%W    -0.04%L    -0.12%L    -0.15%L    -0.12%L    -0.25%L    +0.10%W    -0.11%L    +0.01%W    -0.06%L    -0.06%L
2018-02-13   QCOM   #2    09:45    65.15    +0.15%W    -0.12%L    -0.15%L    +0.35%W    +0.21%W    +0.21%W    +0.15%W    +0.40%W    +0.54%W    +0.73%W    +0.81%W    +0.81%W
2018-02-14   CHTR   #1    09:45   354.04    -0.08%L    +0.28%W    +0.27%W    +0.53%W    +0.51%W    +0.30%W    +0.87%W    +0.93%W    +0.74%W    +1.11%W    +1.38%W    +1.38%W
2018-02-14   LLY    #2    09:45    76.62    -0.38%L    +0.07%W    -0.27%L    -0.24%L    -0.33%L    -0.44%L    +0.09%W    +0.69%W    +0.35%W    +0.42%W    +0.55%W    +0.55%W
2018-02-15   CHTR   #1    09:45   357.83    +0.41%W    +0.67%W    +0.90%W    +0.47%W    +0.53%W    +0.97%W    +0.95%W    +2.03%W    +1.83%W    +1.65%W    +1.63%W    +1.63%W
2018-02-15   QCOM   #2    09:45    65.34    +0.23%W    +0.34%W    +0.00%L    -0.08%L    -0.47%L    -1.59%L    -1.42%L    -1.01%L    -0.38%L    -0.46%L    -0.08%L    -0.08%L
2018-02-16   CHTR   #1    09:45   366.08    +0.13%W    +0.55%W    +0.54%W    +0.48%W    +0.59%W    +0.70%W    +0.52%W    -0.04%L    -0.26%L    +0.09%W    -0.11%L    -0.11%L
2018-02-16   QCOM   #2    09:45    64.84    +0.34%W    +0.46%W    +0.48%W    +0.85%W    +0.91%W    +1.23%W    +1.28%W    +0.56%W    +0.56%W    +0.26%W    +0.03%W    +0.03%W
2018-02-20   MU     #1    09:45    44.98    -0.36%L    +0.35%W    -0.34%L    -0.43%L    -0.14%L    +0.12%W    +0.37%W    +0.28%W    -0.03%L    -0.28%L    -0.21%L    -0.21%L
2018-02-20   QCOM   #2    09:45    62.35    -0.47%L    +0.05%W    +0.47%W    +0.56%W    +0.38%W    +1.75%W    +1.84%W    +2.00%W    +2.23%W    +2.40%W    +2.63%W    +2.63%W
2018-02-21   QCOM   #1    09:45    63.04    -0.06%L    -0.11%L    -0.36%L    -0.08%L    +0.29%W    +0.73%W    +0.52%W    +0.56%W    +0.67%W    +0.35%W    +0.57%W    +0.57%W
2018-02-21   MU     #2    09:45    45.15    -0.20%L    +0.16%W    -0.08%L    +0.16%W    +0.18%W    +0.31%W    -0.14%L    +0.07%W    +0.18%W    -0.73%L    -1.35%L    -1.35%L
2018-02-22   QCOM   #1    09:45    63.20    -0.08%L    -0.01%L    +0.10%W    +0.44%W    +0.33%W    +0.35%W    -0.11%L    -0.60%L    -0.92%L    -1.69%L    -1.55%L    -1.55%L
2018-02-22   MRVL   #2    09:45    23.18    +0.60%W    +0.13%W    -0.22%L    +0.19%W    +0.17%W    +0.39%W    +0.17%W    -0.39%L    -0.11%L    -0.82%L    -0.26%L    -0.26%L
2018-02-23   QCOM   #1    09:45    62.25    +0.10%W    -0.19%L    -0.21%L    +0.08%W    +0.26%W    +0.34%W    +0.59%W    +0.66%W    +1.16%W    +1.45%W    +1.72%W    +1.72%W
2018-02-23   LLY    #2    09:45    78.17    +0.14%W    +0.06%W    +0.22%W    +0.22%W    -0.03%L    +0.59%W    +0.45%W    +0.45%W    +0.47%W    +0.68%W    +0.75%W    +0.75%W
2018-02-26   QCOM   #1    09:45    64.54    +0.39%W    +0.29%W    +0.62%W    +0.86%W    +1.63%W    +2.18%W    +1.52%W    +2.61%W    +3.67%W    +3.79%W    +3.75%W    +3.75%W
2018-02-26   MRVL   #2    09:45    23.46    -0.04%L    -0.26%L    -0.81%L    -0.72%L    -0.77%L    -0.55%L    -0.38%L    -0.68%L    -0.02%L    +0.09%W    +0.00%L    +0.00%L
2018-02-27   QCOM   #1    09:45    66.72    +0.35%W    +0.77%W    +0.80%W    +0.23%W    +0.07%W    -0.25%L    -0.30%L    -0.37%L    -0.99%L    -0.15%L    -0.57%L    -0.57%L
2018-02-27   MU     #2    09:45    47.66    +0.43%W    +1.42%W    +1.31%W    +0.87%W    +1.38%W    +1.21%W    +1.69%W    +2.26%W    +2.28%W    +2.59%W    +1.96%W    +1.96%W
2018-02-28   QCOM   #1    09:45    66.20    +0.45%W    +0.15%W    +0.21%W    -0.38%L    -0.93%L    -1.13%L    -0.68%L    -0.20%L    -0.70%L    -1.62%L    -1.80%L    -1.80%L
2018-02-28   MU     #2    09:45    48.62    +0.51%W    +1.00%W    +0.99%W    +1.11%W    +0.56%W    +0.21%W    +1.42%W    +1.30%W    +1.31%W    +0.29%W    +0.34%W    +0.34%W

========================================================================================
Pre-session picks summary — 38 pick(s) across 19 trading day(s)

Top-2 picks (all days)  (38 signal(s))
  Hold      Count   Win Rate   Avg Gain    Avg Win   Avg Loss  Exp Value  Total P&L
  ------------------------------------------------------------------------------------
  +15m         38      57.9%      +0.10%      +0.38%      -0.29%      +0.10%      +3.68%
  +30m         38      57.9%      +0.11%      +0.44%      -0.34%      +0.11%      +4.19%
  +45m         38      39.5%      -0.04%      +0.57%      -0.44%      -0.04%      -1.56%
  +1h          38      52.6%      -0.02%      +0.46%      -0.55%      -0.02%      -0.79%
  +1h30m       38      50.0%      -0.01%      +0.65%      -0.67%      -0.01%      -0.31%
  +2h          38      52.6%      +0.03%      +0.76%      -0.78%      +0.03%      +1.11%
  +3h          38      50.0%      -0.08%      +0.87%      -1.03%      -0.08%      -3.10%
  +4h          38      47.4%      -0.11%      +0.98%      -1.09%      -0.11%      -4.17%
  +5h          38      50.0%      -0.02%      +0.99%      -1.02%      -0.02%      -0.65%
  +6h          38      52.6%      -0.10%      +1.03%      -1.36%      -0.10%      -3.81%
  +7h          38      44.7%      -0.19%      +1.25%      -1.35%      -0.19%      -7.13%
  EOD          38      44.7%      -0.19%      +1.25%      -1.35%      -0.19%      -7.13%

=========================================================================================================================================================================================
Signal Analysis — 2018-02-01 to 2018-02-28  |  BULL only  |  Vol ≥ 1.0x 20dAvg
Windows: 09:30/3b  |  Collection: 3 bars  |  Tickers: 11
=========================================================================================================================================================================================
Date         Ticker Window   At       Entry  Vol/20d       +15m       +30m       +45m        +1h     +1h30m        +2h        +3h        +4h        +5h        +6h        +7h        EOD
-----------------------------------------------------------------------------------------------------------------------------------------------------------------------------------------
2018-02-01   META   09:30/3b 09:40   190.78    2.49x    -0.03%L    +0.87%W    +0.78%W    +1.60%W    +1.98%W    +2.25%W    +1.82%W    +1.70%W    +1.32%W    +1.17%W    +1.21%W    +1.21%W
2018-02-01   LLY    09:30/3b 09:45    81.70    2.00x    +0.38%W    +0.15%W    -0.08%L    +0.02%W    +0.48%W    +0.72%W    +1.10%W    +1.13%W    +0.80%W    +0.73%W    +0.87%W    +0.87%W
2018-02-01   CHTR   09:30/3b 09:40   378.33    2.39x    -0.14%L    -0.03%L    -0.12%L    -0.46%L    -0.36%L    -0.15%L    -0.23%L    -0.50%L    -1.07%L    -1.64%L    -1.89%L    -1.89%L
2018-02-01   AMD    09:30/3b 09:45    13.58    1.25x    +0.60%W    +1.09%W    +1.08%W    +1.92%W    +0.89%W    +0.75%W    -0.47%L    -0.84%L    -1.02%L    -2.61%L    -2.42%L    -2.42%L
2018-02-02   SNPS   09:30/3b 09:40    91.34    1.00x    -0.36%L    -0.35%L    -0.34%L    -0.43%L    -0.33%L    -0.54%L    -0.33%L    -0.90%L    -0.82%L    -1.01%L    -1.29%L    -1.29%L
2018-02-02   LLY    09:30/3b 09:40    82.93    1.52x    -0.58%L    -0.15%L    -0.28%L    -0.06%L    -0.02%L    -0.46%L    -0.73%L    -1.22%L    -1.54%L    -1.80%L    -2.11%L    -2.11%L
2018-02-02   CHTR   09:30/3b 09:40   385.23    4.61x    +1.02%W    -0.20%L    -0.29%L    +1.57%W    +2.80%W    +1.92%W    +2.58%W    +1.42%W    +0.40%W    +0.41%W    +0.59%W    +0.59%W
2018-02-05   SNPS   09:30/3b 09:40    90.28    1.19x    +0.18%W    +1.09%W    +1.02%W    +0.91%W    +0.53%W    +0.62%W    +0.74%W    -0.19%L    -0.65%L    -1.73%L    -2.95%L    -2.95%L
2018-02-05   LLY    09:30/3b 09:40    81.16    1.36x    -0.52%L    -0.86%L    -0.49%L    -0.75%L    -1.01%L    -1.01%L    -1.01%L    -2.45%L    -3.13%L    -3.67%L    -4.60%L    -4.60%L
2018-02-05   AVGO   09:30/3b 09:40   237.72    1.75x    +0.75%W    +1.48%W    +2.03%W    +2.11%W    +1.76%W    +1.83%W    +1.08%W    +0.23%W    -1.03%L    -2.16%L    -4.05%L    -4.05%L
2018-02-06   MU     09:30/3b 09:40    42.24    1.65x    -0.40%L    -1.03%L    -2.04%L    -2.56%L    -2.13%L    -0.88%L    +1.25%W    +1.04%W    +1.89%W    +3.50%W    +3.88%W    +3.88%W
2018-02-06   QCOM   09:30/3b 09:40    63.00    3.05x    +0.97%W    +0.10%W    -0.05%L    -0.17%L    +0.22%W    +0.48%W    +1.43%W    +1.22%W    +0.90%W    +2.03%W    +2.27%W    +2.27%W
2018-02-06   AVGO   09:30/3b 09:40   234.12    2.73x    -1.05%L    -0.75%L    -1.49%L    -1.69%L    -1.75%L    -0.95%L    +0.56%W    +0.33%W    +0.80%W    +2.08%W    +2.64%W    +2.64%W
2018-02-06   AMD    09:30/3b 09:40    11.63    1.69x    -0.56%L    -1.03%L    -2.49%L    -2.41%L    -2.06%L    -2.11%L    -1.46%L    -2.70%L    -2.54%L    +0.13%W    +0.17%W    +0.17%W
2018-02-07   SNPS   09:30/3b 09:40    86.93    1.89x    -0.18%L    +0.62%W    -0.24%L    -0.26%L    +0.60%W    +0.30%W    +0.02%W    +0.03%W    -0.62%L    -0.31%L    -1.23%L    -1.23%L
2018-02-07   MRVL   09:30/3b 09:40    21.86    1.11x    -0.59%L    -0.50%L    -0.73%L    -0.69%L    -0.18%L    -0.41%L    -0.64%L    -1.56%L    -1.88%L    -2.10%L    -2.42%L    -2.42%L
2018-02-07   QCOM   09:30/3b 09:40    64.35    1.03x    +0.84%W    +1.37%W    +1.55%W    +1.06%W    +2.14%W    +2.08%W    +2.55%W    +2.11%W    +1.86%W    +1.55%W    +1.07%W    +1.07%W
2018-02-08   LLY    09:30/3b 09:40    77.38    2.21x    +0.05%W    -0.05%L    -0.12%L    -0.12%L    -1.37%L    -1.64%L    -2.04%L    -1.68%L    -2.68%L    -2.86%L    -4.08%L    -4.08%L
2018-02-09   SNPS   09:30/3b 09:45    83.89    1.60x    -0.37%L    -0.37%L    -0.50%L    -1.44%L    -0.64%L    -0.74%L    -1.73%L    -1.55%L    -0.72%L    +1.08%W    +0.55%W    +0.55%W
2018-02-09   MU     09:30/3b 09:50    40.81    1.16x    -1.20%L    -0.96%L    -2.52%L    -2.77%L    -3.81%L    -3.90%L    -6.10%L    -3.86%L    -1.62%L    -0.71%L    -1.08%L    -1.08%L
2018-02-09   LLY    09:30/3b 09:40    75.21    1.12x    -0.97%L    -0.53%L    -0.40%L    -1.06%L    -0.73%L    -0.64%L    -1.83%L    -1.57%L    -0.10%L    +0.97%W    +1.36%W    +1.36%W
2018-02-09   MRVL   09:30/3b 09:40    21.05    1.07x    +0.24%W    +0.10%W    +1.05%W    +0.97%W    +0.43%W    -0.57%L    -2.14%L    -1.85%L    -0.67%L    +0.83%W    +1.19%W    +1.19%W
2018-02-09   TSLA   09:30/3b 09:50   317.21    1.95x    -2.33%L    -2.37%L    -2.82%L    -3.59%L    -5.16%L    -4.62%L    -6.10%L    -4.42%L    -2.82%L    -1.75%L    -2.14%L    -2.14%L
2018-02-13   MRVL   09:30/3b 09:40    21.93    1.34x    -0.34%L    -0.21%L    +0.25%W    +0.30%W    +0.93%W    +0.34%W    +0.66%W    +1.19%W    +1.14%W    +1.41%W    +1.94%W    +1.94%W
2018-02-14   SNPS   09:30/3b 09:40    85.18    1.24x    -0.22%L    +0.42%W    +0.65%W    +0.68%W    +1.03%W    +1.00%W    +0.68%W    +1.31%W    +1.26%W    +1.32%W    +1.69%W    +1.69%W
2018-02-14   LLY    09:30/3b 09:40    76.39    1.50x    -0.07%L    +0.26%W    +0.16%W    +0.07%W    -0.05%L    -0.01%L    +0.46%W    +1.01%W    +0.68%W    +0.52%W    +0.85%W    +0.85%W
2018-02-14   MRVL   09:30/3b 09:40    22.39    1.14x    -1.03%L    -0.36%L    -0.56%L    -0.54%L    -0.94%L    -0.76%L    -1.43%L    -1.03%L    -0.47%L    -0.45%L    -0.54%L    -0.54%L
2018-02-15   SNPS   09:30/3b 09:45    86.89    1.13x    +0.87%W    +1.09%W    +1.08%W    +0.72%W    +1.05%W    +1.32%W    +1.92%W    +2.33%W    +2.11%W    +2.23%W    +2.41%W    +2.41%W
2018-02-15   MU     09:30/3b 09:50    43.57    1.05x    -0.48%L    -0.30%L    -1.16%L    -1.70%L    -1.29%L    -1.15%L    -0.78%L    -1.43%L    -0.86%L    -0.36%L    -0.16%L    -0.16%L
2018-02-20   SNPS   09:30/3b 09:45    89.28    1.84x    -0.15%L    -0.34%L    -0.64%L    -0.21%L    +0.06%W    +0.26%W    +0.52%W    +0.73%W    +0.76%W    +0.44%W    +0.55%W    +0.55%W
2018-02-22   TSLA   09:30/3b 09:40   341.06    1.75x    +0.17%W    +0.95%W    +1.11%W    +1.21%W    +0.88%W    +1.50%W    +1.42%W    +0.51%W    +1.39%W    +1.48%W    +1.54%W    +1.54%W
2018-02-27   SNPS   09:30/3b 09:40    85.69    1.15x    -0.34%L    +0.75%W    +0.04%W    +0.08%W    -0.28%L    -0.81%L    -0.50%L    -0.30%L    -0.22%L    -0.74%L    -0.90%L    -0.90%L
2018-02-27   AMD    09:30/3b 09:40    12.81    1.04x    -1.15%L    -0.13%L    +0.46%W    -0.33%L    -0.25%L    -0.76%L    -0.75%L    -0.52%L    -0.99%L    -1.90%L    -2.20%L    -2.20%L
2018-02-28   LLY    09:30/3b 09:50    78.81    1.22x    -0.22%L    +0.44%W    +0.35%W    -0.02%L    -0.55%L    -1.02%L    -1.06%L    -1.20%L    -1.43%L    -2.06%L    -2.27%L    -2.27%L
2018-02-28   MRVL   09:30/3b 09:45    23.46    1.19x    +1.24%W    +0.85%W    +0.58%W    +0.04%W    -0.21%L    -0.55%L    +0.17%W    +0.40%W    +0.55%W    +0.21%W    +0.17%W    +0.17%W

========================================================================================
Summary — 35 qualifying signal(s) across 19 trading day(s)

Window 09:30/3b  (35 signal(s))
  Hold      Count   Win Rate   Avg Gain    Avg Win   Avg Loss  Exp Value  Total P&L
  ------------------------------------------------------------------------------------
  +15m         35      34.3%      -0.17%      +0.61%      -0.58%      -0.17%      -6.00%
  +30m         35      45.7%      +0.03%      +0.73%      -0.55%      +0.03%      +1.12%
  +45m         35      42.9%      -0.15%      +0.81%      -0.87%      -0.15%      -5.20%
  +1h          35      42.9%      -0.23%      +0.88%      -1.06%      -0.23%      -7.98%
  +1h30m       35      42.9%      -0.21%      +1.05%      -1.16%      -0.21%      -7.34%
  +2h          35      40.0%      -0.24%      +1.10%      -1.13%      -0.24%      -8.31%
  +3h          35      48.6%      -0.30%      +1.12%      -1.63%      -0.30%     -10.38%
  +4h          35      45.7%      -0.37%      +1.04%      -1.57%      -0.37%     -13.08%
  +5h          35      40.0%      -0.31%      +1.13%      -1.28%      -0.31%     -10.98%
  +6h          35      51.4%      -0.16%      +1.23%      -1.64%      -0.16%      -5.73%
  +7h          35      51.4%      -0.33%      +1.39%      -2.14%      -0.33%     -11.38%
  EOD          35      51.4%      -0.33%      +1.39%      -2.14%      -0.33%     -11.38%
