Fetching 5-min bars (2018-01-30 → 2018-03-29) [alpaca]...
  [cache] delta-fetching 4 tickers from alpaca (2018-03-01 → 2018-03-29)
  [cache] fetching 1 tickers from alpaca (cache miss)
  [cache] loaded 7 tickers from cache
Fetching daily bars (2017-03-01 → 2018-03-29)...

=========================================================================================================================================================================================
Pre-Session Rankings (9:25) — 2018-03-01 to 2018-03-29  |  20d lookback
=========================================================================================================================================================================================
Pre-session top-2 (9:25, 20d EOD win rate) — 2018-03-01  OR: 09:30/3b
  #1 QCOM   +15m 70%W +0.3%  +30m 60%W +0.2%  +1h 60%W +0.2%  +2h 60%W +0.2%  +5h 50%W +0.3%  EOD 60%W +0.5%  EOD range -3.8% → +3.7%
  #2 MU     +15m 50%W +0.0%  +30m 65%W +0.2%  +1h 70%W +0.2%  +2h 65%W +0.5%  +5h 55%W +0.3%  EOD 55%W +0.2%  EOD range -5.2% → +3.5%
  Ticker   N          +15m          +30m           +1h           +2h           +5h           EOD           EOD range
  ----------------------------------------------------------------------------------------------------------------------
  QCOM    20  70%W +0.3%  60%W +0.2%  60%W +0.2%  60%W +0.2%  50%W +0.3%  60%W +0.5%       -3.8% → +3.7%
  MU      20  50%W +0.0%  65%W +0.2%  70%W +0.2%  65%W +0.5%  55%W +0.3%  55%W +0.2%       -5.2% → +3.5%
  MRVL    20  65%W +0.1%  60%W +0.1%  45%W -0.1%  35%W -0.4%  45%W -0.1%  50%W +0.0%       -3.6% → +2.1%
  AVGO    20  75%W +0.2%  70%W +0.3%  55%W +0.0%  65%W +0.3%  55%W +0.0%  45%W -0.2%       -4.3% → +3.6%
  META    20  50%W +0.1%  50%W +0.1%  55%W +0.1%  55%W +0.1%  35%W -0.4%  40%W -0.4%       -3.7% → +2.9%
  TSLA    20  45%W -0.2%  55%W +0.2%  60%W +0.3%  60%W +0.6%  55%W +0.0%  40%W -0.3%       -6.9% → +3.0%
  AMD     20  70%W +0.2%  55%W +0.1%  45%W -0.1%  45%W -0.3%  40%W -0.5%  40%W -0.6%       -3.5% → +3.2%
  SNPS    20  65%W +0.1%  45%W -0.0%  50%W -0.0%  50%W +0.0%  30%W -0.3%  40%W -0.3%       -6.0% → +2.4%
  LLY     20  40%W -0.1%  50%W -0.0%  45%W -0.2%  35%W -0.4%  50%W +0.1%  40%W -0.2%       -4.3% → +1.7%
  CHTR    20  45%W -0.0%  45%W -0.0%  35%W -0.1%  30%W -0.2%  40%W -0.4%  35%W -0.2%       -4.1% → +1.6%
Pre-session top-2 (9:25, 20d EOD win rate) — 2018-03-02  OR: 09:30/3b
  #1 QCOM   +15m 70%W +0.3%  +30m 60%W +0.2%  +1h 60%W +0.3%  +2h 60%W +0.2%  +5h 50%W +0.2%  EOD 55%W +0.2%  EOD range -3.8% → +3.7%
  #2 MU     +15m 55%W +0.1%  +30m 65%W +0.2%  +1h 70%W +0.4%  +2h 70%W +0.6%  +5h 50%W +0.1%  EOD 50%W +0.0%  EOD range -5.2% → +3.5%
  Ticker   N          +15m          +30m           +1h           +2h           +5h           EOD           EOD range
  ----------------------------------------------------------------------------------------------------------------------
  QCOM    20  70%W +0.3%  60%W +0.2%  60%W +0.3%  60%W +0.2%  50%W +0.2%  55%W +0.2%       -3.8% → +3.7%
  MU      20  55%W +0.1%  65%W +0.2%  70%W +0.4%  70%W +0.6%  50%W +0.1%  50%W +0.0%       -5.2% → +3.5%
  MRVL    20  65%W +0.2%  60%W +0.1%  45%W -0.1%  40%W -0.4%  45%W -0.1%  50%W +0.0%       -3.6% → +2.1%
  AVGO    20  75%W +0.2%  70%W +0.3%  55%W +0.0%  65%W +0.3%  55%W +0.0%  45%W -0.2%       -4.3% → +3.6%
  META    20  55%W +0.2%  55%W +0.3%  55%W +0.1%  60%W +0.1%  35%W -0.4%  40%W -0.4%       -3.7% → +2.9%
  SNPS    20  65%W +0.1%  45%W -0.0%  50%W -0.0%  50%W +0.0%  30%W -0.3%  40%W -0.3%       -6.0% → +2.4%
  LLY     20  40%W -0.1%  50%W -0.0%  45%W -0.2%  35%W -0.4%  50%W +0.1%  40%W -0.2%       -4.3% → +1.7%
  CHTR    20  45%W -0.0%  50%W +0.0%  40%W -0.1%  35%W -0.2%  40%W -0.5%  35%W -0.4%       -4.1% → +1.6%
  TSLA    20  50%W -0.0%  60%W +0.2%  60%W +0.2%  55%W +0.2%  50%W -0.0%  35%W -0.4%       -6.9% → +3.0%
  AMD     20  70%W +0.2%  55%W +0.2%  45%W -0.1%  45%W -0.3%  35%W -0.8%  35%W -0.6%       -3.5% → +3.2%
Pre-session top-2 (9:25, 20d EOD win rate) — 2018-03-05  OR: 09:30/3b
  #1 QCOM   +15m 70%W +0.2%  +30m 60%W +0.2%  +1h 60%W +0.3%  +2h 65%W +0.3%  +5h 55%W +0.4%  EOD 60%W +0.5%  EOD range -3.8% → +3.7%
  #2 MU     +15m 55%W +0.1%  +30m 65%W +0.2%  +1h 70%W +0.4%  +2h 70%W +0.6%  +5h 55%W +0.5%  EOD 55%W +0.2%  EOD range -5.2% → +4.6%
  Ticker   N          +15m          +30m           +1h           +2h           +5h           EOD           EOD range
  ----------------------------------------------------------------------------------------------------------------------
  QCOM    20  70%W +0.2%  60%W +0.2%  60%W +0.3%  65%W +0.3%  55%W +0.4%  60%W +0.5%       -3.8% → +3.7%
  MU      20  55%W +0.1%  65%W +0.2%  70%W +0.4%  70%W +0.6%  55%W +0.5%  55%W +0.2%       -5.2% → +4.6%
  MRVL    20  65%W +0.2%  60%W +0.1%  50%W -0.0%  45%W -0.3%  50%W +0.0%  55%W +0.0%       -3.6% → +2.6%
  AVGO    20  75%W +0.3%  75%W +0.4%  60%W +0.2%  70%W +0.5%  60%W +0.2%  50%W +0.0%       -4.3% → +3.6%
  SNPS    20  65%W +0.2%  45%W -0.0%  50%W -0.0%  55%W +0.1%  35%W -0.2%  45%W -0.1%       -6.0% → +2.7%
  META    20  55%W +0.2%  55%W +0.2%  55%W +0.1%  60%W +0.1%  35%W -0.4%  40%W -0.4%       -3.7% → +2.9%
  TSLA    20  50%W -0.0%  60%W +0.2%  65%W +0.3%  60%W +0.6%  55%W +0.0%  40%W -0.3%       -6.9% → +3.4%
  AMD     20  70%W +0.2%  50%W +0.0%  45%W -0.1%  45%W -0.3%  40%W -0.5%  40%W -0.3%       -3.5% → +3.2%
  LLY     20  35%W -0.1%  45%W -0.1%  45%W -0.2%  35%W -0.4%  45%W -0.1%  40%W -0.2%       -4.3% → +1.7%
  CHTR    20  40%W -0.0%  45%W -0.0%  40%W -0.1%  35%W -0.2%  40%W -0.5%  35%W -0.4%       -4.1% → +1.6%
Pre-session top-2 (9:25, 20d EOD win rate) — 2018-03-06  OR: 09:30/3b
  #1 MU     +15m 60%W +0.1%  +30m 70%W +0.3%  +1h 70%W +0.6%  +2h 75%W +0.7%  +5h 60%W +1.1%  EOD 60%W +0.6%  EOD range -5.2% → +4.6%
  #2 QCOM   +15m 70%W +0.2%  +30m 60%W +0.2%  +1h 60%W +0.3%  +2h 65%W +0.3%  +5h 55%W +0.4%  EOD 60%W +0.5%  EOD range -3.8% → +3.7%
  Ticker   N          +15m          +30m           +1h           +2h           +5h           EOD           EOD range
  ----------------------------------------------------------------------------------------------------------------------
  MU      20  60%W +0.1%  70%W +0.3%  70%W +0.6%  75%W +0.7%  60%W +1.1%  60%W +0.6%       -5.2% → +4.6%
  QCOM    20  70%W +0.2%  60%W +0.2%  60%W +0.3%  65%W +0.3%  55%W +0.4%  60%W +0.5%       -3.8% → +3.7%
  MRVL    20  65%W +0.2%  60%W +0.1%  55%W +0.1%  45%W -0.3%  50%W +0.0%  55%W +0.0%       -3.6% → +2.6%
  AVGO    20  75%W +0.3%  75%W +0.4%  60%W +0.2%  70%W +0.6%  65%W +0.3%  55%W +0.2%       -4.3% → +3.6%
  SNPS    20  70%W +0.2%  45%W -0.0%  55%W +0.1%  60%W +0.2%  40%W -0.1%  50%W +0.2%       -6.0% → +2.7%
  META    20  60%W +0.3%  55%W +0.2%  55%W +0.1%  60%W +0.1%  35%W -0.4%  45%W -0.3%       -3.7% → +2.9%
  TSLA    20  55%W +0.1%  65%W +0.3%  65%W +0.4%  65%W +0.8%  60%W +0.2%  45%W -0.2%       -6.9% → +3.4%
  AMD     20  75%W +0.2%  55%W +0.2%  50%W +0.1%  50%W -0.0%  45%W -0.3%  45%W -0.1%       -3.5% → +3.2%
  LLY     20  40%W -0.1%  45%W -0.1%  45%W -0.2%  40%W -0.3%  50%W +0.1%  45%W -0.1%       -4.3% → +1.7%
  CHTR    20  40%W -0.0%  45%W -0.0%  35%W -0.1%  35%W -0.2%  40%W -0.5%  35%W -0.4%       -4.1% → +4.7%
Pre-session top-2 (9:25, 20d EOD win rate) — 2018-03-07  OR: 09:30/3b
  #1 MU     +15m 60%W +0.2%  +30m 70%W +0.3%  +1h 70%W +0.6%  +2h 75%W +0.8%  +5h 65%W +1.3%  EOD 65%W +0.6%  EOD range -5.2% → +4.6%
  #2 MRVL   +15m 65%W +0.2%  +30m 60%W +0.1%  +1h 55%W +0.1%  +2h 40%W -0.3%  +5h 55%W +0.1%  EOD 60%W +0.1%  EOD range -2.3% → +2.6%
  Ticker   N          +15m          +30m           +1h           +2h           +5h           EOD           EOD range
  ----------------------------------------------------------------------------------------------------------------------
  MU      20  60%W +0.2%  70%W +0.3%  70%W +0.6%  75%W +0.8%  65%W +1.3%  65%W +0.6%       -5.2% → +4.6%
  MRVL    20  65%W +0.2%  60%W +0.1%  55%W +0.1%  40%W -0.3%  55%W +0.1%  60%W +0.1%       -2.3% → +2.6%
  QCOM    20  65%W +0.2%  60%W +0.2%  55%W +0.2%  60%W +0.3%  55%W +0.4%  60%W +0.5%       -3.2% → +3.7%
  AVGO    20  75%W +0.2%  70%W +0.3%  55%W +0.0%  65%W +0.5%  65%W +0.3%  60%W +0.3%       -2.5% → +3.6%
  SNPS    20  65%W +0.2%  45%W -0.0%  55%W +0.1%  55%W +0.1%  40%W -0.0%  50%W +0.2%       -6.0% → +2.7%
  META    20  60%W +0.3%  55%W +0.1%  55%W +0.1%  55%W +0.1%  35%W -0.4%  45%W -0.3%       -3.7% → +2.9%
  TSLA    20  55%W +0.1%  65%W +0.2%  65%W +0.3%  60%W +0.6%  55%W +0.0%  45%W -0.2%       -6.9% → +3.4%
  AMD     20  70%W +0.2%  50%W +0.0%  45%W -0.1%  50%W -0.0%  45%W -0.3%  45%W -0.1%       -3.5% → +3.2%
  LLY     20  45%W -0.1%  50%W -0.0%  50%W -0.1%  40%W -0.2%  50%W +0.1%  45%W -0.1%       -4.2% → +1.7%
  CHTR    20  40%W -0.0%  45%W -0.0%  35%W -0.1%  35%W -0.2%  40%W -0.5%  35%W -0.4%       -3.3% → +4.7%
Pre-session top-2 (9:25, 20d EOD win rate) — 2018-03-08  OR: 09:30/3b
  #1 MU     +15m 60%W +0.2%  +30m 70%W +0.3%  +1h 70%W +0.6%  +2h 75%W +0.8%  +5h 60%W +1.1%  EOD 60%W +0.4%  EOD range -5.2% → +4.6%
  #2 MRVL   +15m 60%W +0.1%  +30m 65%W +0.1%  +1h 60%W +0.1%  +2h 45%W -0.2%  +5h 60%W +0.2%  EOD 60%W +0.1%  EOD range -2.3% → +2.6%
  Ticker   N          +15m          +30m           +1h           +2h           +5h           EOD           EOD range
  ----------------------------------------------------------------------------------------------------------------------
  MU      20  60%W +0.2%  70%W +0.3%  70%W +0.6%  75%W +0.8%  60%W +1.1%  60%W +0.4%       -5.2% → +4.6%
  MRVL    20  60%W +0.1%  65%W +0.1%  60%W +0.1%  45%W -0.2%  60%W +0.2%  60%W +0.1%       -2.3% → +2.6%
  QCOM    20  60%W +0.2%  60%W +0.2%  55%W +0.2%  55%W +0.3%  55%W +0.3%  60%W +0.3%       -3.2% → +3.7%
  AVGO    20  75%W +0.2%  70%W +0.3%  55%W +0.0%  60%W +0.5%  60%W +0.2%  55%W +0.2%       -2.5% → +3.1%
  TSLA    20  55%W +0.1%  65%W +0.2%  70%W +0.3%  60%W +0.6%  60%W +0.1%  50%W -0.1%       -6.9% → +3.4%
  AMD     20  75%W +0.2%  55%W +0.2%  50%W +0.1%  55%W +0.2%  50%W -0.1%  50%W +0.0%       -3.5% → +4.4%
  SNPS    20  65%W +0.1%  45%W -0.0%  55%W +0.1%  55%W +0.1%  45%W -0.0%  50%W +0.1%       -6.0% → +2.7%
  LLY     20  45%W -0.1%  55%W +0.1%  55%W +0.1%  45%W -0.2%  55%W +0.2%  50%W +0.1%       -4.2% → +1.7%
  META    20  55%W +0.2%  55%W +0.1%  60%W +0.3%  60%W +0.1%  40%W -0.4%  45%W -0.3%       -3.7% → +2.9%
  CHTR    20  40%W -0.0%  50%W +0.0%  40%W -0.0%  40%W -0.2%  45%W -0.2%  35%W -0.4%       -3.3% → +4.7%
Pre-session top-2 (9:25, 20d EOD win rate) — 2018-03-09  OR: 09:30/3b
  #1 MU     +15m 60%W +0.2%  +30m 75%W +0.4%  +1h 75%W +0.7%  +2h 80%W +1.0%  +5h 65%W +1.2%  EOD 65%W +0.6%  EOD range -5.2% → +4.6%
  #2 MRVL   +15m 60%W +0.1%  +30m 70%W +0.1%  +1h 60%W +0.1%  +2h 45%W -0.2%  +5h 65%W +0.3%  EOD 65%W +0.2%  EOD range -2.3% → +2.6%
  Ticker   N          +15m          +30m           +1h           +2h           +5h           EOD           EOD range
  ----------------------------------------------------------------------------------------------------------------------
  MU      20  60%W +0.2%  75%W +0.4%  75%W +0.7%  80%W +1.0%  65%W +1.2%  65%W +0.6%       -5.2% → +4.6%
  MRVL    20  60%W +0.1%  70%W +0.1%  60%W +0.1%  45%W -0.2%  65%W +0.3%  65%W +0.2%       -2.3% → +2.6%
  SNPS    20  65%W +0.1%  45%W -0.0%  55%W +0.1%  55%W +0.1%  50%W +0.0%  55%W +0.4%       -6.0% → +2.7%
  LLY     20  45%W -0.1%  55%W +0.1%  55%W +0.1%  45%W -0.2%  60%W +0.2%  55%W +0.2%       -4.2% → +1.7%
  QCOM    20  60%W +0.1%  60%W +0.1%  50%W +0.0%  50%W +0.0%  50%W -0.0%  55%W +0.2%       -3.2% → +3.7%
  AVGO    20  70%W +0.1%  65%W +0.3%  50%W +0.0%  55%W +0.3%  55%W +0.0%  50%W +0.1%       -2.5% → +3.1%
  META    20  50%W +0.0%  50%W +0.0%  55%W +0.1%  55%W +0.1%  40%W -0.4%  45%W -0.3%       -3.7% → +2.9%
  TSLA    20  50%W -0.0%  60%W +0.2%  65%W +0.3%  55%W +0.2%  60%W +0.1%  45%W -0.2%       -6.9% → +3.4%
  AMD     20  70%W +0.2%  50%W +0.0%  45%W -0.1%  50%W -0.0%  45%W -0.3%  45%W -0.1%       -3.5% → +4.4%
  CHTR    20  40%W -0.0%  50%W +0.0%  40%W -0.0%  40%W -0.2%  45%W -0.2%  40%W -0.4%       -3.3% → +4.7%
Pre-session top-2 (9:25, 20d EOD win rate) — 2018-03-12  OR: 09:30/3b
  #1 MU     +15m 55%W +0.1%  +30m 70%W +0.3%  +1h 75%W +0.7%  +2h 80%W +1.0%  +5h 65%W +1.2%  EOD 65%W +0.6%  EOD range -1.7% → +4.6%
  #2 MRVL   +15m 60%W +0.2%  +30m 70%W +0.2%  +1h 65%W +0.2%  +2h 50%W -0.0%  +5h 70%W +0.4%  EOD 65%W +0.2%  EOD range -1.7% → +2.6%
  Ticker   N          +15m          +30m           +1h           +2h           +5h           EOD           EOD range
  ----------------------------------------------------------------------------------------------------------------------
  MU      20  55%W +0.1%  70%W +0.3%  75%W +0.7%  80%W +1.0%  65%W +1.2%  65%W +0.6%       -1.7% → +4.6%
  MRVL    20  60%W +0.2%  70%W +0.2%  65%W +0.2%  50%W -0.0%  70%W +0.4%  65%W +0.2%       -1.7% → +2.6%
  SNPS    20  60%W +0.0%  45%W -0.0%  60%W +0.1%  60%W +0.2%  55%W +0.2%  60%W +0.5%       -6.0% → +2.7%
  LLY     20  45%W -0.1%  55%W +0.1%  55%W +0.1%  45%W -0.2%  65%W +0.2%  60%W +0.3%       -2.2% → +1.7%
  QCOM    20  60%W +0.1%  60%W +0.1%  55%W +0.2%  55%W +0.3%  55%W +0.3%  60%W +0.3%       -1.8% → +3.7%
  AVGO    20  70%W +0.1%  65%W +0.3%  55%W +0.0%  60%W +0.5%  60%W +0.2%  55%W +0.3%       -1.8% → +3.1%
  META    20  50%W +0.0%  50%W +0.0%  60%W +0.3%  60%W +0.1%  45%W -0.2%  50%W +0.1%       -2.1% → +2.9%
  TSLA    20  55%W +0.1%  65%W +0.2%  65%W +0.3%  60%W +0.4%  65%W +0.2%  50%W -0.1%       -3.1% → +3.4%
  CHTR    20  40%W -0.0%  55%W +0.1%  45%W -0.0%  45%W -0.1%  50%W -0.0%  45%W -0.1%       -2.4% → +4.7%
  AMD     20  70%W +0.2%  45%W -0.0%  45%W -0.1%  50%W -0.0%  45%W -0.3%  45%W -0.1%       -2.7% → +4.4%
Pre-session top-2 (9:25, 20d EOD win rate) — 2018-03-13  OR: 09:30/3b
  #1 MU     +15m 55%W +0.2%  +30m 75%W +0.4%  +1h 80%W +0.8%  +2h 85%W +1.1%  +5h 70%W +1.3%  EOD 70%W +1.0%  EOD range -1.7% → +4.6%
  #2 MRVL   +15m 55%W +0.1%  +30m 65%W +0.1%  +1h 60%W +0.1%  +2h 50%W -0.0%  +5h 70%W +0.4%  EOD 65%W +0.2%  EOD range -1.7% → +2.6%
  Ticker   N          +15m          +30m           +1h           +2h           +5h           EOD           EOD range
  ----------------------------------------------------------------------------------------------------------------------
  MU      20  55%W +0.2%  75%W +0.4%  80%W +0.8%  85%W +1.1%  70%W +1.3%  70%W +1.0%       -1.7% → +4.6%
  MRVL    20  55%W +0.1%  65%W +0.1%  60%W +0.1%  50%W -0.0%  70%W +0.4%  65%W +0.2%       -1.7% → +2.6%
  TSLA    20  60%W +0.2%  70%W +0.3%  70%W +0.4%  65%W +0.6%  70%W +0.4%  55%W +0.2%       -3.1% → +3.5%
  SNPS    20  65%W +0.1%  50%W +0.0%  60%W +0.1%  60%W +0.2%  55%W +0.2%  55%W +0.4%       -6.0% → +2.7%
  LLY     20  45%W -0.1%  55%W +0.1%  55%W +0.1%  45%W -0.2%  60%W +0.2%  55%W +0.2%       -2.2% → +1.1%
  QCOM    20  60%W +0.1%  60%W +0.1%  55%W +0.2%  55%W +0.3%  50%W -0.0%  55%W +0.2%       -1.8% → +3.7%
  AVGO    20  70%W +0.1%  60%W +0.3%  55%W +0.0%  60%W +0.5%  60%W +0.2%  55%W +0.3%       -1.8% → +3.1%
  META    20  55%W +0.1%  50%W +0.0%  60%W +0.3%  60%W +0.1%  45%W -0.2%  45%W -0.3%       -2.1% → +2.9%
  CHTR    20  40%W -0.0%  50%W +0.0%  45%W -0.0%  50%W +0.1%  50%W -0.0%  45%W -0.1%       -2.4% → +4.7%
  AMD     20  70%W +0.2%  45%W -0.0%  50%W +0.1%  55%W +0.1%  45%W -0.3%  40%W -0.5%       -2.7% → +4.4%
Pre-session top-2 (9:25, 20d EOD win rate) — 2018-03-14  OR: 09:30/3b
  #1 MU     +15m 55%W +0.3%  +30m 80%W +0.6%  +1h 75%W +0.8%  +2h 80%W +1.0%  +5h 65%W +1.2%  EOD 65%W +0.6%  EOD range -4.3% → +4.6%
  #2 MRVL   +15m 55%W +0.1%  +30m 65%W +0.1%  +1h 55%W +0.1%  +2h 45%W -0.2%  +5h 65%W +0.3%  EOD 60%W +0.1%  EOD range -5.1% → +2.6%
  Ticker   N          +15m          +30m           +1h           +2h           +5h           EOD           EOD range
  ----------------------------------------------------------------------------------------------------------------------
  MU      20  55%W +0.3%  80%W +0.6%  75%W +0.8%  80%W +1.0%  65%W +1.2%  65%W +0.6%       -4.3% → +4.6%
  MRVL    20  55%W +0.1%  65%W +0.1%  55%W +0.1%  45%W -0.2%  65%W +0.3%  60%W +0.1%       -5.1% → +2.6%
  TSLA    20  55%W +0.1%  70%W +0.3%  65%W +0.3%  65%W +0.4%  70%W +0.4%  55%W +0.2%       -3.1% → +3.5%
  SNPS    20  65%W +0.0%  55%W +0.1%  65%W +0.1%  55%W +0.2%  55%W +0.2%  55%W +0.4%       -6.0% → +2.7%
  LLY     20  45%W -0.1%  55%W +0.1%  60%W +0.1%  50%W -0.1%  55%W +0.2%  55%W +0.2%       -2.2% → +1.1%
  QCOM    20  60%W +0.1%  60%W +0.1%  55%W +0.2%  55%W +0.3%  50%W -0.0%  50%W -0.0%       -2.2% → +3.7%
  AVGO    20  70%W +0.1%  60%W +0.3%  55%W +0.0%  55%W +0.3%  55%W +0.0%  50%W +0.1%       -3.6% → +3.1%
  META    20  55%W +0.1%  50%W +0.0%  60%W +0.3%  55%W +0.1%  40%W -0.4%  40%W -0.4%       -2.1% → +2.9%
  CHTR    20  35%W -0.0%  50%W +0.0%  45%W -0.0%  50%W +0.1%  45%W -0.1%  40%W -0.3%       -2.4% → +4.7%
  AMD     20  70%W +0.2%  50%W +0.0%  55%W +0.2%  60%W +0.2%  45%W -0.3%  40%W -0.5%       -2.7% → +4.4%
Pre-session top-2 (9:25, 20d EOD win rate) — 2018-03-15  OR: 09:30/3b
  #1 MU     +15m 60%W +0.4%  +30m 80%W +0.7%  +1h 75%W +0.9%  +2h 80%W +1.2%  +5h 65%W +1.3%  EOD 65%W +0.8%  EOD range -4.3% → +4.6%
  #2 MRVL   +15m 55%W +0.2%  +30m 65%W +0.2%  +1h 55%W +0.1%  +2h 45%W -0.2%  +5h 65%W +0.3%  EOD 60%W +0.1%  EOD range -5.1% → +3.9%
  Ticker   N          +15m          +30m           +1h           +2h           +5h           EOD           EOD range
  ----------------------------------------------------------------------------------------------------------------------
  MU      20  60%W +0.4%  80%W +0.7%  75%W +0.9%  80%W +1.2%  65%W +1.3%  65%W +0.8%       -4.3% → +4.6%
  MRVL    20  55%W +0.2%  65%W +0.2%  55%W +0.1%  45%W -0.2%  65%W +0.3%  60%W +0.1%       -5.1% → +3.9%
  TSLA    20  55%W +0.1%  65%W +0.2%  65%W +0.2%  60%W +0.3%  65%W +0.2%  50%W -0.1%       -3.1% → +3.5%
  SNPS    20  60%W +0.0%  50%W +0.0%  60%W +0.1%  50%W +0.0%  50%W +0.0%  50%W +0.1%       -6.0% → +2.7%
  LLY     20  45%W -0.1%  50%W -0.0%  55%W +0.1%  45%W -0.2%  50%W +0.1%  50%W +0.1%       -2.2% → +1.1%
  QCOM    20  55%W +0.1%  65%W +0.2%  55%W +0.2%  50%W +0.0%  50%W -0.0%  50%W -0.0%       -2.2% → +3.7%
  AVGO    20  70%W +0.1%  60%W +0.3%  55%W +0.2%  55%W +0.3%  55%W +0.0%  50%W +0.1%       -3.6% → +3.1%
  META    20  55%W +0.1%  50%W +0.0%  60%W +0.3%  55%W +0.1%  45%W -0.4%  45%W -0.3%       -2.1% → +2.9%
  CHTR    20  35%W -0.1%  45%W -0.1%  45%W -0.0%  50%W +0.1%  45%W -0.2%  40%W -0.7%       -2.8% → +4.7%
  AMD     20  65%W +0.2%  45%W -0.0%  50%W +0.1%  55%W +0.1%  40%W -0.4%  35%W -1.0%       -2.7% → +4.4%
Pre-session top-2 (9:25, 20d EOD win rate) — 2018-03-16  OR: 09:30/3b
  #1 MU     +15m 65%W +0.5%  +30m 80%W +0.8%  +1h 75%W +0.8%  +2h 80%W +0.9%  +5h 60%W +1.2%  EOD 65%W +0.4%  EOD range -4.3% → +4.6%
  #2 MRVL   +15m 55%W +0.2%  +30m 65%W +0.2%  +1h 60%W +0.1%  +2h 50%W -0.0%  +5h 60%W +0.3%  EOD 60%W +0.1%  EOD range -5.1% → +3.9%
  Ticker   N          +15m          +30m           +1h           +2h           +5h           EOD           EOD range
  ----------------------------------------------------------------------------------------------------------------------
  MU      20  65%W +0.5%  80%W +0.8%  75%W +0.8%  80%W +0.9%  60%W +1.2%  65%W +0.4%       -4.3% → +4.6%
  MRVL    20  55%W +0.2%  65%W +0.2%  60%W +0.1%  50%W -0.0%  60%W +0.3%  60%W +0.1%       -5.1% → +3.9%
  SNPS    20  60%W +0.0%  50%W +0.0%  60%W +0.1%  50%W +0.0%  45%W -0.0%  50%W +0.0%       -6.0% → +2.7%
  QCOM    20  55%W +0.1%  65%W +0.2%  50%W +0.0%  50%W +0.0%  45%W -0.2%  50%W -0.0%       -2.2% → +3.7%
  AVGO    20  75%W +0.2%  60%W +0.2%  60%W +0.3%  60%W +0.5%  55%W +0.2%  50%W +0.1%       -3.6% → +3.1%
  META    20  55%W +0.1%  50%W +0.0%  60%W +0.2%  55%W +0.1%  45%W -0.4%  45%W -0.3%       -2.1% → +2.4%
  TSLA    20  55%W +0.1%  60%W +0.2%  65%W +0.2%  55%W +0.1%  60%W +0.1%  45%W -0.2%       -3.1% → +3.5%
  LLY     20  50%W -0.0%  45%W -0.1%  55%W +0.1%  50%W -0.1%  45%W -0.1%  45%W -0.2%       -2.2% → +1.1%
  CHTR    20  35%W -0.1%  40%W -0.1%  40%W -0.0%  50%W -0.0%  40%W -0.5%  35%W -0.8%       -2.8% → +4.7%
  AMD     20  65%W +0.2%  40%W -0.0%  45%W -0.1%  50%W -0.0%  35%W -0.5%  35%W -1.0%       -2.7% → +4.4%
Pre-session top-2 (9:25, 20d EOD win rate) — 2018-03-19  OR: 09:30/3b
  #1 MU     +15m 65%W +0.5%  +30m 85%W +0.9%  +1h 80%W +0.9%  +2h 85%W +0.9%  +5h 65%W +1.3%  EOD 65%W +0.8%  EOD range -4.3% → +4.6%
  #2 MRVL   +15m 50%W +0.1%  +30m 70%W +0.3%  +1h 65%W +0.2%  +2h 55%W +0.2%  +5h 60%W +0.4%  EOD 60%W +0.2%  EOD range -5.1% → +3.9%
  Ticker   N          +15m          +30m           +1h           +2h           +5h           EOD           EOD range
  ----------------------------------------------------------------------------------------------------------------------
  MU      20  65%W +0.5%  85%W +0.9%  80%W +0.9%  85%W +0.9%  65%W +1.3%  65%W +0.8%       -4.3% → +4.6%
  MRVL    20  50%W +0.1%  70%W +0.3%  65%W +0.2%  55%W +0.2%  60%W +0.4%  60%W +0.2%       -5.1% → +3.9%
  SNPS    20  60%W +0.0%  50%W +0.0%  60%W +0.1%  45%W -0.0%  45%W -0.0%  50%W +0.0%       -6.0% → +2.7%
  LLY     20  55%W +0.0%  50%W +0.0%  60%W +0.1%  55%W +0.1%  50%W +0.0%  50%W -0.1%       -2.2% → +1.1%
  QCOM    20  55%W +0.1%  60%W +0.1%  50%W +0.0%  50%W +0.0%  45%W -0.2%  50%W -0.0%       -2.2% → +3.7%
  META    20  50%W +0.0%  50%W +0.0%  60%W +0.2%  55%W +0.1%  40%W -0.4%  45%W -0.3%       -2.1% → +2.4%
  AVGO    20  70%W +0.1%  60%W +0.2%  65%W +0.3%  60%W +0.5%  50%W +0.0%  45%W -0.2%       -3.6% → +3.1%
  TSLA    20  50%W +0.0%  55%W +0.2%  60%W +0.1%  50%W -0.1%  55%W +0.0%  40%W -0.4%       -3.1% → +3.5%
  AMD     20  60%W +0.1%  40%W -0.0%  50%W +0.1%  55%W +0.1%  40%W -0.4%  40%W -0.5%       -2.7% → +4.4%
  CHTR    20  30%W -0.2%  35%W -0.1%  35%W -0.1%  45%W -0.1%  35%W -0.5%  30%W -0.8%       -2.8% → +4.7%
Pre-session top-2 (9:25, 20d EOD win rate) — 2018-03-20  OR: 09:30/3b
  #1 MU     +15m 65%W +0.5%  +30m 80%W +0.9%  +1h 75%W +0.8%  +2h 80%W +0.7%  +5h 60%W +1.2%  EOD 60%W +0.4%  EOD range -4.3% → +4.6%
  #2 MRVL   +15m 50%W +0.1%  +30m 70%W +0.3%  +1h 60%W +0.1%  +2h 50%W -0.0%  +5h 55%W +0.4%  EOD 60%W +0.2%  EOD range -5.1% → +3.9%
  Ticker   N          +15m          +30m           +1h           +2h           +5h           EOD           EOD range
  ----------------------------------------------------------------------------------------------------------------------
  MU      20  65%W +0.5%  80%W +0.9%  75%W +0.8%  80%W +0.7%  60%W +1.2%  60%W +0.4%       -4.3% → +4.6%
  MRVL    20  50%W +0.1%  70%W +0.3%  60%W +0.1%  50%W -0.0%  55%W +0.4%  60%W +0.2%       -5.1% → +3.9%
  SNPS    20  60%W +0.0%  50%W +0.0%  55%W +0.0%  40%W -0.1%  45%W -0.0%  50%W +0.0%       -6.0% → +2.7%
  META    20  50%W +0.0%  50%W +0.0%  60%W +0.2%  55%W +0.1%  40%W -0.4%  45%W -0.3%       -2.1% → +2.4%
  LLY     20  55%W +0.0%  45%W -0.1%  55%W +0.1%  50%W -0.1%  45%W -0.3%  45%W -0.5%       -2.2% → +1.1%
  QCOM    20  50%W +0.0%  55%W +0.0%  45%W -0.0%  45%W -0.2%  40%W -0.5%  45%W -0.2%       -2.2% → +3.7%
  AVGO    20  65%W +0.1%  55%W +0.1%  60%W +0.3%  55%W +0.5%  45%W -0.0%  45%W -0.3%       -3.6% → +3.1%
  TSLA    20  55%W +0.2%  55%W +0.2%  60%W +0.1%  50%W -0.1%  50%W -0.1%  40%W -0.5%       -3.1% → +3.5%
  AMD     20  65%W +0.2%  40%W -0.0%  50%W +0.1%  55%W +0.1%  40%W -0.4%  40%W -0.5%       -2.2% → +4.4%
  CHTR    20  30%W -0.2%  35%W -0.1%  30%W -0.1%  40%W -0.1%  35%W -0.7%  30%W -0.9%       -2.8% → +4.7%
Pre-session top-2 (9:25, 20d EOD win rate) — 2018-03-21  OR: 09:30/3b
  #1 MU     +15m 70%W +0.5%  +30m 80%W +0.9%  +1h 80%W +0.8%  +2h 80%W +0.7%  +5h 65%W +1.2%  EOD 65%W +0.8%  EOD range -4.3% → +4.6%
  #2 MRVL   +15m 55%W +0.1%  +30m 75%W +0.3%  +1h 65%W +0.2%  +2h 55%W +0.1%  +5h 60%W +0.5%  EOD 65%W +0.3%  EOD range -5.1% → +3.9%
  Ticker   N          +15m          +30m           +1h           +2h           +5h           EOD           EOD range
  ----------------------------------------------------------------------------------------------------------------------
  MU      20  70%W +0.5%  80%W +0.9%  80%W +0.8%  80%W +0.7%  65%W +1.2%  65%W +0.8%       -4.3% → +4.6%
  MRVL    20  55%W +0.1%  75%W +0.3%  65%W +0.2%  55%W +0.1%  60%W +0.5%  65%W +0.3%       -5.1% → +3.9%
  META    20  50%W +0.0%  50%W +0.0%  60%W +0.2%  50%W -0.0%  40%W -0.4%  45%W -0.3%       -2.1% → +2.4%
  SNPS    20  65%W +0.1%  50%W +0.0%  55%W +0.0%  35%W -0.2%  40%W -0.1%  45%W -0.2%       -6.0% → +2.7%
  LLY     20  55%W +0.0%  45%W -0.1%  55%W +0.1%  50%W -0.1%  45%W -0.2%  45%W -0.5%       -2.2% → +1.1%
  AVGO    20  60%W +0.1%  50%W -0.0%  55%W +0.2%  50%W +0.0%  45%W -0.0%  45%W -0.3%       -3.6% → +3.1%
  TSLA    20  55%W +0.2%  50%W +0.1%  55%W +0.1%  45%W -0.4%  50%W -0.2%  40%W -0.5%       -3.1% → +3.5%
  AMD     20  65%W +0.2%  40%W -0.0%  50%W +0.1%  50%W -0.0%  40%W -0.4%  40%W -0.7%       -2.2% → +4.4%
  QCOM    20  50%W +0.0%  50%W +0.0%  40%W -0.1%  40%W -0.3%  35%W -0.6%  40%W -0.5%       -2.2% → +3.7%
  CHTR    20  35%W -0.1%  35%W -0.1%  35%W -0.1%  45%W -0.1%  30%W -0.7%  30%W -0.9%       -2.8% → +4.7%
Pre-session top-2 (9:25, 20d EOD win rate) — 2018-03-22  OR: 09:30/3b
  #1 MU     +15m 75%W +0.5%  +30m 75%W +0.9%  +1h 75%W +0.8%  +2h 75%W +0.7%  +5h 60%W +1.2%  EOD 65%W +0.8%  EOD range -4.3% → +4.6%
  #2 MRVL   +15m 50%W +0.0%  +30m 75%W +0.3%  +1h 65%W +0.2%  +2h 55%W +0.1%  +5h 60%W +0.4%  EOD 60%W +0.2%  EOD range -5.1% → +3.9%
  Ticker   N          +15m          +30m           +1h           +2h           +5h           EOD           EOD range
  ----------------------------------------------------------------------------------------------------------------------
  MU      20  75%W +0.5%  75%W +0.9%  75%W +0.8%  75%W +0.7%  60%W +1.2%  65%W +0.8%       -4.3% → +4.6%
  MRVL    20  50%W +0.0%  75%W +0.3%  65%W +0.2%  55%W +0.1%  60%W +0.4%  60%W +0.2%       -5.1% → +3.9%
  AVGO    20  65%W +0.1%  55%W +0.1%  55%W +0.2%  55%W +0.2%  50%W +0.0%  50%W -0.0%       -3.6% → +3.1%
  META    20  55%W +0.1%  50%W +0.0%  60%W +0.2%  50%W -0.0%  40%W -0.4%  45%W -0.3%       -2.1% → +3.1%
  TSLA    20  60%W +0.3%  50%W +0.1%  55%W +0.1%  45%W -0.4%  50%W -0.2%  45%W -0.3%       -3.1% → +3.5%
  SNPS    20  70%W +0.1%  55%W +0.1%  60%W +0.1%  40%W -0.2%  40%W -0.1%  45%W -0.1%       -6.0% → +2.7%
  LLY     20  50%W -0.0%  40%W -0.1%  50%W -0.0%  45%W -0.1%  40%W -0.3%  45%W -0.4%       -2.2% → +1.1%
  AMD     20  70%W +0.2%  45%W -0.0%  45%W -0.1%  50%W -0.0%  35%W -0.5%  40%W -0.2%       -2.2% → +4.4%
  QCOM    20  55%W +0.1%  55%W +0.1%  45%W -0.0%  35%W -0.3%  30%W -0.7%  35%W -0.6%       -2.2% → +3.7%
  CHTR    20  35%W -0.0%  35%W -0.1%  30%W -0.1%  40%W -0.1%  25%W -0.7%  25%W -0.9%       -2.8% → +4.7%
Pre-session top-2 (9:25, 20d EOD win rate) — 2018-03-23  OR: 09:30/3b
  #1 MU     +15m 75%W +0.5%  +30m 75%W +0.9%  +1h 70%W +0.8%  +2h 70%W +0.7%  +5h 60%W +1.2%  EOD 65%W +0.8%  EOD range -4.3% → +4.6%
  #2 MRVL   +15m 50%W +0.0%  +30m 75%W +0.3%  +1h 65%W +0.2%  +2h 50%W -0.0%  +5h 60%W +0.4%  EOD 60%W +0.2%  EOD range -5.1% → +3.9%
  Ticker   N          +15m          +30m           +1h           +2h           +5h           EOD           EOD range
  ----------------------------------------------------------------------------------------------------------------------
  MU      20  75%W +0.5%  75%W +0.9%  70%W +0.8%  70%W +0.7%  60%W +1.2%  65%W +0.8%       -4.3% → +4.6%
  MRVL    20  50%W +0.0%  75%W +0.3%  65%W +0.2%  50%W -0.0%  60%W +0.4%  60%W +0.2%       -5.1% → +3.9%
  AVGO    20  65%W +0.1%  55%W +0.1%  50%W +0.1%  50%W -0.1%  50%W +0.0%  50%W -0.0%       -3.6% → +3.1%
  META    20  60%W +0.1%  55%W +0.1%  55%W +0.1%  45%W -0.2%  40%W -0.4%  45%W -0.3%       -2.1% → +3.1%
  SNPS    20  70%W +0.1%  55%W +0.1%  60%W +0.1%  40%W -0.2%  40%W -0.1%  45%W -0.1%       -1.7% → +2.7%
  TSLA    20  55%W +0.2%  45%W -0.0%  50%W -0.0%  40%W -0.5%  45%W -0.5%  40%W -0.5%       -3.1% → +3.5%
  LLY     20  50%W -0.0%  40%W -0.1%  50%W -0.0%  40%W -0.2%  35%W -0.3%  40%W -0.5%       -2.2% → +1.1%
  AMD     20  70%W +0.1%  40%W -0.1%  40%W -0.2%  45%W -0.1%  35%W -0.5%  35%W -0.7%       -2.2% → +4.4%
  QCOM    20  60%W +0.1%  60%W +0.2%  40%W -0.1%  30%W -0.3%  35%W -0.6%  35%W -0.6%       -2.2% → +3.7%
  CHTR    20  35%W -0.0%  30%W -0.1%  25%W -0.1%  40%W -0.1%  25%W -0.7%  30%W -0.9%       -2.8% → +4.7%
Pre-session top-2 (9:25, 20d EOD win rate) — 2018-03-26  OR: 09:30/3b
  #1 MU     +15m 75%W +0.5%  +30m 75%W +1.0%  +1h 70%W +0.9%  +2h 70%W +0.9%  +5h 55%W +1.1%  EOD 60%W +0.4%  EOD range -4.3% → +4.6%
  #2 MRVL   +15m 50%W +0.0%  +30m 75%W +0.3%  +1h 70%W +0.3%  +2h 55%W +0.1%  +5h 55%W +0.2%  EOD 55%W +0.1%  EOD range -5.1% → +3.9%
  Ticker   N          +15m          +30m           +1h           +2h           +5h           EOD           EOD range
  ----------------------------------------------------------------------------------------------------------------------
  MU      20  75%W +0.5%  75%W +1.0%  70%W +0.9%  70%W +0.9%  55%W +1.1%  60%W +0.4%       -4.3% → +4.6%
  MRVL    20  50%W +0.0%  75%W +0.3%  70%W +0.3%  55%W +0.1%  55%W +0.2%  55%W +0.1%       -5.1% → +3.9%
  AVGO    20  60%W +0.1%  50%W -0.0%  45%W -0.1%  45%W -0.3%  45%W -0.1%  45%W -0.2%       -3.6% → +3.1%
  META    20  60%W +0.1%  50%W +0.0%  55%W +0.1%  40%W -0.3%  35%W -0.4%  40%W -0.6%       -3.0% → +3.1%
  TSLA    20  60%W +0.3%  50%W +0.1%  55%W +0.1%  40%W -0.5%  45%W -0.5%  40%W -0.6%       -3.1% → +3.5%
  SNPS    20  70%W +0.1%  50%W +0.0%  60%W +0.1%  35%W -0.3%  35%W -0.1%  40%W -0.2%       -2.5% → +2.7%
  AMD     20  65%W +0.1%  40%W -0.1%  40%W -0.2%  45%W -0.2%  35%W -0.6%  35%W -1.3%       -2.2% → +4.4%
  LLY     20  50%W -0.0%  40%W -0.1%  45%W -0.1%  35%W -0.2%  30%W -0.4%  35%W -0.5%       -2.2% → +1.1%
  QCOM    20  55%W +0.1%  60%W +0.2%  35%W -0.1%  25%W -0.3%  30%W -0.6%  30%W -0.7%       -2.5% → +3.7%
  CHTR    20  40%W -0.0%  30%W -0.1%  25%W -0.1%  40%W -0.1%  20%W -0.7%  25%W -0.9%       -2.8% → +4.7%
Pre-session top-2 (9:25, 20d EOD win rate) — 2018-03-27  OR: 09:30/3b
  #1 MU     +15m 75%W +0.5%  +30m 70%W +0.9%  +1h 65%W +0.8%  +2h 65%W +0.7%  +5h 50%W +0.5%  EOD 60%W +0.4%  EOD range -4.3% → +4.6%
  #2 MRVL   +15m 50%W +0.0%  +30m 75%W +0.3%  +1h 70%W +0.3%  +2h 55%W +0.1%  +5h 55%W +0.2%  EOD 55%W +0.1%  EOD range -5.1% → +3.9%
  Ticker   N          +15m          +30m           +1h           +2h           +5h           EOD           EOD range
  ----------------------------------------------------------------------------------------------------------------------
  MU      20  75%W +0.5%  70%W +0.9%  65%W +0.8%  65%W +0.7%  50%W +0.5%  60%W +0.4%       -4.3% → +4.6%
  MRVL    20  50%W +0.0%  75%W +0.3%  70%W +0.3%  55%W +0.1%  55%W +0.2%  55%W +0.1%       -5.1% → +3.9%
  META    20  60%W +0.1%  50%W +0.0%  55%W +0.1%  40%W -0.3%  35%W -0.4%  45%W -0.6%       -3.0% → +3.1%
  SNPS    20  75%W +0.1%  50%W +0.0%  60%W +0.1%  35%W -0.3%  40%W -0.1%  45%W -0.1%       -2.5% → +2.7%
  AVGO    20  55%W +0.1%  45%W -0.1%  40%W -0.2%  40%W -0.5%  40%W -0.1%  45%W -0.2%       -3.6% → +3.1%
  TSLA    20  55%W +0.3%  50%W +0.0%  55%W +0.1%  35%W -0.5%  40%W -0.7%  35%W -0.6%       -3.1% → +3.5%
  LLY     20  45%W -0.0%  35%W -0.1%  45%W -0.1%  35%W -0.2%  30%W -0.4%  35%W -0.5%       -2.2% → +1.1%
  AMD     20  60%W +0.1%  40%W -0.1%  40%W -0.2%  45%W -0.2%  30%W -0.8%  30%W -1.3%       -2.2% → +4.4%
  QCOM    20  50%W +0.0%  60%W +0.2%  30%W -0.1%  25%W -0.3%  30%W -0.6%  30%W -0.7%       -2.5% → +3.0%
  CHTR    20  40%W -0.0%  30%W -0.1%  25%W -0.1%  40%W -0.1%  20%W -0.7%  25%W -0.9%       -2.8% → +4.7%
Pre-session top-2 (9:25, 20d EOD win rate) — 2018-03-28  OR: 09:30/3b
  #1 MU     +15m 75%W +0.5%  +30m 70%W +0.8%  +1h 65%W +0.8%  +2h 65%W +0.7%  +5h 45%W -0.1%  EOD 55%W +0.4%  EOD range -4.3% → +4.6%
  #2 MRVL   +15m 50%W +0.0%  +30m 70%W +0.2%  +1h 75%W +0.3%  +2h 60%W +0.1%  +5h 55%W +0.2%  EOD 55%W +0.1%  EOD range -5.1% → +3.9%
  Ticker   N          +15m          +30m           +1h           +2h           +5h           EOD           EOD range
  ----------------------------------------------------------------------------------------------------------------------
  MU      20  75%W +0.5%  70%W +0.8%  65%W +0.8%  65%W +0.7%  45%W -0.1%  55%W +0.4%       -4.3% → +4.6%
  MRVL    20  50%W +0.0%  70%W +0.2%  75%W +0.3%  60%W +0.1%  55%W +0.2%  55%W +0.1%       -5.1% → +3.9%
  META    20  65%W +0.2%  55%W +0.1%  60%W +0.2%  45%W -0.3%  35%W -0.4%  45%W -0.6%       -3.8% → +3.1%
  SNPS    20  75%W +0.1%  50%W +0.0%  60%W +0.1%  40%W -0.2%  40%W -0.1%  45%W -0.1%       -2.5% → +2.7%
  AVGO    20  55%W +0.1%  45%W -0.1%  40%W -0.2%  40%W -0.5%  35%W -0.2%  45%W -0.2%       -3.6% → +3.1%
  LLY     20  50%W -0.0%  35%W -0.1%  50%W -0.0%  40%W -0.2%  35%W -0.3%  40%W -0.5%       -2.2% → +1.1%
  TSLA    20  60%W +0.3%  50%W +0.0%  55%W +0.1%  35%W -0.5%  40%W -0.7%  35%W -0.6%       -6.3% → +3.5%
  CHTR    20  45%W -0.0%  30%W -0.1%  30%W -0.1%  45%W -0.1%  25%W -0.7%  30%W -0.8%       -2.8% → +4.7%
  AMD     20  60%W +0.1%  35%W -0.1%  40%W -0.3%  40%W -0.6%  30%W -1.0%  30%W -1.3%       -4.4% → +4.4%
  QCOM    20  50%W +0.0%  55%W +0.1%  25%W -0.1%  30%W -0.3%  30%W -0.6%  30%W -0.7%       -3.1% → +3.0%
Pre-session top-2 (9:25, 20d EOD win rate) — 2018-03-29  OR: 09:30/3b
  #1 MU     +15m 75%W +0.5%  +30m 70%W +0.8%  +1h 60%W +0.8%  +2h 65%W +0.9%  +5h 40%W -0.1%  EOD 50%W +0.1%  EOD range -4.3% → +4.6%
  #2 MRVL   +15m 50%W +0.0%  +30m 70%W +0.2%  +1h 70%W +0.3%  +2h 60%W +0.1%  +5h 50%W +0.0%  EOD 50%W -0.0%  EOD range -5.1% → +3.9%
  Ticker   N          +15m          +30m           +1h           +2h           +5h           EOD           EOD range
  ----------------------------------------------------------------------------------------------------------------------
  MU      20  75%W +0.5%  70%W +0.8%  60%W +0.8%  65%W +0.9%  40%W -0.1%  50%W +0.1%       -4.3% → +4.6%
  MRVL    20  50%W +0.0%  70%W +0.2%  70%W +0.3%  60%W +0.1%  50%W +0.0%  50%W -0.0%       -5.1% → +3.9%
  META    20  65%W +0.2%  55%W +0.1%  55%W +0.2%  45%W -0.3%  35%W -0.4%  45%W -0.5%       -3.8% → +3.1%
  SNPS    20  75%W +0.1%  55%W +0.0%  60%W +0.1%  40%W -0.2%  40%W -0.1%  45%W -0.1%       -2.5% → +2.7%
  LLY     20  55%W +0.0%  35%W -0.1%  50%W -0.0%  45%W -0.1%  40%W -0.2%  45%W -0.4%       -2.2% → +1.1%
  AVGO    20  55%W +0.1%  45%W -0.1%  40%W -0.2%  40%W -0.5%  35%W -0.2%  45%W -0.2%       -3.6% → +3.1%
  TSLA    20  65%W +0.4%  50%W +0.0%  55%W +0.1%  35%W -0.5%  40%W -0.7%  35%W -0.6%       -6.3% → +3.5%
  CHTR    20  45%W -0.0%  30%W -0.1%  30%W -0.1%  45%W -0.1%  25%W -0.7%  30%W -0.8%       -2.8% → +4.7%
  AMD     20  60%W +0.1%  35%W -0.1%  40%W -0.4%  45%W -0.2%  30%W -1.0%  30%W -1.3%       -4.4% → +4.4%
  QCOM    20  50%W +0.0%  50%W -0.0%  25%W -0.1%  30%W -0.2%  30%W -0.6%  30%W -0.7%       -3.1% → +3.0%

=========================================================================================================================================================================================
Pre-Session Top-2 Performance — 2018-03-01 to 2018-03-29  |  Unconditional OR-close entry  |  OR: 09:30/3b
=========================================================================================================================================================================================
Date         Ticker Rank  At       Entry       +15m       +30m       +45m        +1h     +1h30m        +2h        +3h        +4h        +5h        +6h        +7h        EOD
-----------------------------------------------------------------------------------------------------------------------------------------------------------------------------------------
2018-03-01   QCOM   #1    09:45    65.00    +0.43%W    +0.93%W    +1.45%W    +1.15%W    +1.23%W    +1.38%W    +1.06%W    -0.34%L    -0.69%L    +0.23%W    -0.06%L    -0.06%L
2018-03-01   MU     #2    09:45    47.66    +0.52%W    +0.86%W    +1.62%W    +0.88%W    +1.47%W    +2.01%W    +2.14%W    -0.71%L    -0.40%L    -0.27%L    -0.13%L    -0.13%L
2018-03-02   QCOM   #1    09:45    64.26    +0.23%W    +0.19%W    +0.33%W    +0.44%W    +0.24%W    +0.78%W    +0.70%W    +0.33%W    +0.27%W    +0.42%W    +0.75%W    +0.75%W
2018-03-02   MU     #2    09:45    46.92    +1.10%W    +1.31%W    +1.40%W    +2.12%W    +1.63%W    +3.11%W    +4.72%W    +3.85%W    +4.36%W    +4.38%W    +4.64%W    +4.64%W
2018-03-05   QCOM   #1    09:45    64.30    -0.07%L    -0.28%L    -0.47%L    +0.00%L    +0.03%W    -0.39%L    -0.44%L    -0.96%L    -0.65%L    -0.27%L    -0.40%L    -0.40%L
2018-03-05   MU     #2    09:45    49.87    +1.23%W    +1.26%W    +1.98%W    +2.67%W    +2.81%W    +3.11%W    +3.63%W    +4.21%W    +4.52%W    +4.35%W    +4.37%W    +4.37%W
2018-03-06   MU     #1    09:45    53.52    +0.73%W    +1.26%W    +1.73%W    +1.16%W    +0.75%W    +1.15%W    +1.58%W    +0.76%W    +1.24%W    +0.16%W    +0.43%W    +0.43%W
2018-03-06   QCOM   #2    09:45    62.59    -0.34%L    +0.19%W    +0.16%W    -0.08%L    -0.97%L    -0.97%L    -1.50%L    -1.69%L    -2.32%L    -0.54%L    -0.70%L    -0.70%L
2018-03-07   MU     #1    09:45    54.81    -0.21%L    -1.09%L    -0.68%L    -0.67%L    -2.14%L    -1.90%L    -1.85%L    -1.16%L    -1.41%L    -1.53%L    -1.54%L    -1.54%L
2018-03-07   MRVL   #2    09:45    23.61    -0.13%L    +0.34%W    +0.06%W    +0.21%W    -0.04%L    +0.04%W    +0.85%W    +0.51%W    +0.28%W    +0.42%W    +0.30%W    +0.30%W
2018-03-08   MU     #1    09:45    54.52    -0.25%L    +0.52%W    +0.58%W    +0.81%W    +1.44%W    +1.38%W    +1.42%W    +0.60%W    +1.26%W    +1.08%W    +1.29%W    +1.29%W
2018-03-08   MRVL   #2    09:45    23.82    -0.64%L    +0.02%W    +0.06%W    -0.36%L    +0.06%W    -0.13%L    +1.39%W    +1.24%W    +2.05%W    +1.55%W    +2.10%W    +2.10%W
2018-03-09   MU     #1    09:45    55.50    -0.22%L    -0.49%L    -0.50%L    -0.49%L    -1.05%L    -3.05%L    -2.16%L    -2.00%L    -2.11%L    -1.92%L    -1.66%L    -1.66%L
2018-03-09   MRVL   #2    09:45    24.37    +2.19%W    +3.28%W    +1.43%W    +1.08%W    +1.47%W    +1.47%W    +1.16%W    +1.27%W    +0.45%W    +0.20%W    -0.17%L    -0.17%L
2018-03-12   MU     #1    09:45    57.30    +1.30%W    +1.99%W    +2.77%W    +2.61%W    +3.12%W    +4.59%W    +5.27%W    +5.08%W    +4.52%W    +4.05%W    +3.60%W    +3.60%W
2018-03-12   MRVL   #2    09:45    24.27    -0.25%L    -0.64%L    -0.49%L    -1.34%L    -1.73%L    -1.63%L    -0.23%L    +0.19%W    -0.02%L    +0.68%W    +0.39%W    +0.39%W
2018-03-13   MU     #1    09:45    62.11    +0.56%W    +1.14%W    -0.70%L    -1.51%L    -3.32%L    -1.37%L    -1.18%L    -1.58%L    -4.09%L    -5.30%L    -4.31%L    -4.31%L
2018-03-13   MRVL   #2    09:45    24.19    -0.02%L    -1.69%L    -3.22%L    -3.51%L    -3.89%L    -4.09%L    -3.33%L    -3.29%L    -4.03%L    -5.46%L    -5.13%L    -5.13%L
2018-03-14   MU     #1    09:45    58.06    +1.91%W    +1.15%W    +2.72%W    +2.65%W    +1.70%W    +1.17%W    +2.17%W    +3.23%W    +2.58%W    +2.96%W    +2.96%W    +2.96%W
2018-03-14   MRVL   #2    09:45    22.52    +1.22%W    +1.04%W    +1.42%W    +1.71%W    +2.64%W    +2.04%W    +2.73%W    +3.09%W    +2.38%W    +3.26%W    +3.93%W    +3.93%W
2018-03-15   MU     #1    09:45    58.59    +1.07%W    +0.79%W    +1.11%W    +0.71%W    +1.25%W    +0.60%W    +0.31%W    +0.17%W    -0.10%L    +0.55%W    +0.39%W    +0.39%W
2018-03-15   MRVL   #2    09:45    23.16    -0.28%L    +0.04%W    +0.41%W    +0.54%W    +1.19%W    +2.01%W    +1.23%W    +0.84%W    -0.15%L    +0.06%W    +0.09%W    +0.09%W
2018-03-16   MU     #1    09:45    59.39    +0.30%W    +0.93%W    +1.33%W    +1.14%W    +0.92%W    +0.72%W    +1.31%W    +0.84%W    +1.48%W    +1.72%W    +2.00%W    +2.00%W
2018-03-16   MRVL   #2    09:45    23.11    -0.13%L    +0.74%W    +0.91%W    +1.25%W    +1.00%W    +1.17%W    +1.21%W    +0.76%W    +0.93%W    +0.50%W    +0.26%W    +0.26%W
2018-03-19   MU     #1    09:45    60.83    -0.22%L    -1.00%L    -0.91%L    -1.51%L    -2.02%L    -3.13%L    -3.25%L    -2.23%L    -2.50%L    -1.52%L    -1.13%L    -1.13%L
2018-03-19   MRVL   #2    09:45    23.26    -0.39%L    -0.99%L    -0.95%L    -1.14%L    -1.72%L    -2.24%L    -2.71%L    -2.30%L    -2.32%L    -2.28%L    -1.93%L    -1.93%L
2018-03-20   MU     #1    09:45    60.43    +0.12%W    +0.60%W    +0.67%W    +0.33%W    +0.30%W    +0.02%W    +1.06%W    +1.02%W    +0.93%W    +0.93%W    +1.19%W    +1.19%W
2018-03-20   MRVL   #2    09:45    22.94    +0.01%W    +0.02%W    +0.13%W    +0.26%W    +0.61%W    +0.09%W    +0.70%W    +0.92%W    +0.85%W    +0.74%W    +0.74%W    +0.74%W
2018-03-21   MU     #1    09:45    61.40    +0.20%W    -0.07%L    -0.20%L    -0.59%L    -0.91%L    -0.63%L    -0.47%L    -0.54%L    -0.86%L    -0.42%L    -0.57%L    -0.57%L
2018-03-21   MRVL   #2    09:45    23.04    +0.00%L    +0.41%W    +1.04%W    +0.95%W    +0.52%W    +0.35%W    +0.76%W    +0.89%W    +0.07%W    +0.02%W    -0.13%L    -0.13%L
2018-03-22   MU     #1    09:45    60.08    -0.45%L    -0.52%L    -0.71%L    -0.99%L    -1.43%L    -2.57%L    -1.83%L    -0.77%L    -0.70%L    -1.68%L    -1.88%L    -1.88%L
2018-03-22   MRVL   #2    09:45    22.77    +0.22%W    +0.13%W    +0.48%W    +0.40%W    -0.18%L    -1.32%L    -0.81%L    -1.01%L    -1.19%L    -2.94%L    -3.12%L    -3.12%L
2018-03-23   MU     #1    09:45    54.35    +1.66%W    +2.52%W    +3.50%W    +4.62%W    +3.64%W    +1.23%W    +0.61%W    +1.90%W    -0.01%L    +0.15%W    -0.26%L    -0.26%L
2018-03-23   MRVL   #2    09:45    21.79    +1.17%W    +0.80%W    +0.73%W    +1.31%W    +0.80%W    +0.11%W    +0.50%W    +0.44%W    -0.11%L    -1.40%L    -1.47%L    -1.47%L
2018-03-26   MU     #1    09:45    55.19    +0.51%W    -0.16%L    -1.14%L    -1.36%L    -4.38%L    -2.54%L    -2.77%L    -1.78%L    -1.18%L    +0.47%W    +0.67%W    +0.67%W
2018-03-26   MRVL   #2    09:45    22.23    -0.22%L    -0.67%L    -1.08%L    -1.26%L    -2.07%L    -1.80%L    -1.71%L    -1.51%L    -0.92%L    -0.13%L    -0.09%L    -0.09%L
2018-03-27   MU     #1    09:45    54.30    +0.99%W    +0.68%W    +0.81%W    +1.16%W    +1.56%W    +1.96%W    +0.68%W    -0.04%L    -2.10%L    -4.13%L    -3.48%L    -3.48%L
2018-03-27   MRVL   #2    09:45    22.14    +0.41%W    -0.14%L    -0.18%L    +0.05%W    -0.50%L    +0.50%W    -0.63%L    -0.63%L    -1.99%L    -3.79%L    -3.34%L    -3.34%L
2018-03-28   MU     #1    09:45    51.99    +2.32%W    +1.39%W    +0.45%W    -0.35%L    +0.73%W    +1.06%W    +0.46%W    +0.52%W    -0.10%L    -0.43%L    -0.94%L    -0.94%L
2018-03-28   MRVL   #2    09:45    21.05    +0.67%W    +0.24%W    -0.33%L    -1.40%L    -0.52%L    -0.31%L    -1.12%L    -1.35%L    -1.95%L    -2.28%L    -2.57%L    -2.57%L
2018-03-29   MU     #1    09:45    51.57    -0.12%L    +0.16%W    +0.13%W    +0.17%W    +0.33%W    +0.04%W    +0.00%L    +0.02%W    +1.09%W    +1.67%W    +1.05%W    +1.05%W
2018-03-29   MRVL   #2    09:45    20.57    +0.22%W    +0.71%W    +1.29%W    +1.09%W    +0.71%W    +0.39%W    +0.97%W    +1.19%W    +2.16%W    +2.21%W    +2.12%W    +2.12%W

========================================================================================
Pre-session picks summary — 42 pick(s) across 21 trading day(s)

Top-2 picks (all days)  (42 signal(s))
  Hold      Count   Win Rate   Avg Gain    Avg Win   Avg Loss  Exp Value  Total P&L
  ------------------------------------------------------------------------------------
  +15m         42      59.5%      +0.41%      +0.85%      -0.23%      +0.41%     +17.33%
  +30m         42      71.4%      +0.43%      +0.85%      -0.64%      +0.43%     +17.91%
  +45m         42      66.7%      +0.46%      +1.10%      -0.83%      +0.46%     +19.13%
  +1h          42      61.9%      +0.36%      +1.21%      -1.03%      +0.36%     +14.93%
  +1h30m       42      61.9%      +0.13%      +1.24%      -1.68%      +0.13%      +5.29%
  +2h          42      61.9%      +0.11%      +1.25%      -1.75%      +0.11%      +4.43%
  +3h          42      59.5%      +0.30%      +1.54%      -1.53%      +0.30%     +12.64%
  +4h          42      57.1%      +0.24%      +1.41%      -1.33%      +0.24%      +9.96%
  +5h          42      42.9%      -0.01%      +1.74%      -1.33%      -0.01%      -0.49%
  +6h          42      57.1%      -0.08%      +1.37%      -2.02%      -0.08%      -3.53%
  +7h          42      47.6%      -0.04%      +1.66%      -1.59%      -0.04%      -1.75%
  EOD          42      47.6%      -0.04%      +1.66%      -1.59%      -0.04%      -1.75%

=========================================================================================================================================================================================
Signal Analysis — 2018-03-01 to 2018-03-29  |  BULL only  |  Vol ≥ 1.0x 20dAvg
Windows: 09:30/3b  |  Collection: 3 bars  |  Tickers: 11
=========================================================================================================================================================================================
Date         Ticker Window   At       Entry  Vol/20d       +15m       +30m       +45m        +1h     +1h30m        +2h        +3h        +4h        +5h        +6h        +7h        EOD
-----------------------------------------------------------------------------------------------------------------------------------------------------------------------------------------
2018-03-05   MU     09:30/3b 09:40    49.75    2.02x    +1.56%W    +1.29%W    +2.21%W    +3.31%W    +2.98%W    +2.88%W    +3.64%W    +4.24%W    +4.61%W    +4.92%W    +4.62%W    +4.62%W
2018-03-06   AVGO   09:30/3b 09:40   249.80    1.10x    +0.25%W    -0.02%L    +0.25%W    +0.26%W    -0.46%L    -0.56%L    -0.74%L    -0.39%L    -0.25%L    +0.40%W    +0.47%W    +0.47%W
2018-03-07   MU     09:30/3b 09:40    54.76    2.21x    -0.75%L    -1.33%L    -0.62%L    -0.63%L    -1.57%L    -1.38%L    -1.92%L    -1.13%L    -1.18%L    -1.33%L    -1.44%L    -1.44%L
2018-03-08   MRVL   09:30/3b 09:45    23.82    1.64x    -0.64%L    +0.02%W    +0.06%W    -0.36%L    +0.06%W    -0.13%L    +1.39%W    +1.24%W    +2.05%W    +1.55%W    +2.10%W    +2.10%W
2018-03-08   CHTR   09:30/3b 09:40   340.94    1.18x    +0.29%W    +0.12%W    +0.33%W    +0.28%W    +0.12%W    +0.03%W    +0.13%W    -0.01%L    +0.20%W    -0.21%L    +0.07%W    +0.07%W
2018-03-09   MRVL   09:30/3b 09:40    24.37    7.06x    +1.34%W    +2.98%W    +2.57%W    +1.61%W    +1.10%W    +1.22%W    +1.12%W    +1.36%W    +0.24%W    +0.11%W    -0.17%L    -0.17%L
2018-03-09   AMD    09:30/3b 09:45    11.97    1.33x    -0.23%L    -0.40%L    -0.74%L    -1.48%L    -2.07%L    -2.26%L    -1.36%L    -2.44%L    -2.65%L    -2.65%L    -2.24%L    -2.24%L
2018-03-12   TSLA   09:30/3b 09:40   334.22    1.79x    +0.44%W    +1.01%W    +1.29%W    +1.22%W    +1.20%W    +1.65%W    +2.46%W    +3.29%W    +2.84%W    +3.50%W    +3.35%W    +3.35%W
2018-03-13   MRVL   09:30/3b 09:40    24.39    3.10x    -0.39%L    -2.38%L    -3.75%L    -4.16%L    -4.47%L    -4.67%L    -4.43%L    -4.16%L    -4.78%L    -6.01%L    -5.90%L    -5.90%L
2018-03-13   TSLA   09:30/3b 09:40   341.73    1.30x    -0.59%L    -0.04%L    -0.35%L    -0.59%L    -1.34%L    -0.63%L    -0.73%L    +0.34%W    +0.46%W    +0.30%W    +0.03%W    +0.03%W
2018-03-14   MU     09:30/3b 09:40    58.89    1.55x    -1.05%L    -0.37%L    +0.78%W    +0.87%W    +0.54%W    -0.07%L    +0.65%W    +1.63%W    +0.97%W    +1.05%W    +1.51%W    +1.51%W
2018-03-14   AMD    09:30/3b 09:40    11.59    1.09x    -0.39%L    -1.16%L    -0.91%L    -1.04%L    -2.11%L    -2.33%L    -2.11%L    -1.68%L    -1.90%L    -2.07%L    -1.98%L    -1.98%L
2018-03-19   MU     09:30/3b 09:40    60.62    1.15x    +0.26%W    -0.48%L    -0.39%L    -1.20%L    -1.64%L    -2.89%L    -2.64%L    -2.05%L    -1.88%L    -1.47%L    -0.79%L    -0.79%L
2018-03-19   AMD    09:30/3b 09:40    11.61    1.56x    +0.60%W    +0.90%W    +0.78%W    +0.17%W    -1.16%L    -1.68%L    -1.68%L    -1.77%L    -1.77%L    -1.72%L    -1.51%L    -1.51%L
2018-03-20   MU     09:30/3b 09:50    60.68    1.00x    -0.05%L    +0.23%W    +0.23%W    +0.13%W    -0.00%L    -0.29%L    +0.59%W    +0.63%W    +0.48%W    +0.68%W    +0.77%W    +0.77%W
2018-03-21   META   09:30/3b 09:50   164.96    3.31x    +0.86%W    +0.91%W    +1.88%W    +2.45%W    +3.28%W    +3.57%W    +4.66%W    +3.84%W    +2.37%W    +2.99%W    +2.72%W    +2.72%W
2018-03-21   TSLA   09:30/3b 09:40   313.58    1.19x    +1.23%W    +1.83%W    +1.44%W    +1.03%W    +1.27%W    +1.25%W    +2.48%W    +1.74%W    +1.28%W    +1.04%W    +0.94%W    +0.94%W
2018-03-27   META   09:30/3b 09:40   158.55    1.91x    +1.93%W    +1.38%W    +1.69%W    +1.33%W    -0.35%L    +0.35%W    -1.56%L    -2.05%L    -2.71%L    -4.65%L    -3.96%L    -3.96%L
2018-03-28   META   09:30/3b 09:40   153.30    2.07x    +0.46%W    +1.13%W    -0.07%L    -0.27%L    -0.54%L    -0.20%L    +0.58%W    +0.44%W    +0.17%W    -0.12%L    -0.18%L    -0.18%L
2018-03-28   MU     09:30/3b 09:45    51.99    1.12x    +2.32%W    +1.39%W    +0.45%W    -0.35%L    +0.73%W    +1.06%W    +0.46%W    +0.52%W    -0.10%L    -0.43%L    -0.94%L    -0.94%L
2018-03-28   AMD    09:30/3b 09:50     9.99    1.57x    +1.40%W    +0.25%W    -0.20%L    -0.95%L    -0.95%L    -0.45%L    +0.20%W    -0.50%L    -1.60%L    -1.85%L    -1.85%L    -1.85%L
2018-03-28   SNPS   09:30/3b 09:45    83.25    3.25x    +0.85%W    +0.04%W    -0.08%L    -0.56%L    -0.20%L    -0.20%L    -0.10%L    -0.17%L    -0.77%L    -0.84%L    -1.14%L    -1.14%L
2018-03-28   LLY    09:30/3b 09:40    76.44    1.58x    +0.80%W    +0.77%W    +0.68%W    +0.72%W    +0.81%W    +0.75%W    +1.28%W    +1.11%W    +1.11%W    +0.99%W    +0.76%W    +0.76%W
2018-03-29   META   09:30/3b 09:40   155.38    1.32x    +0.04%W    +0.79%W    +1.46%W    +2.16%W    +2.33%W    +2.38%W    +1.95%W    +2.73%W    +3.49%W    +3.17%W    +2.84%W    +2.84%W

========================================================================================
Summary — 24 qualifying signal(s) across 21 trading day(s)

Window 09:30/3b  (24 signal(s))
  Hold      Count   Win Rate   Avg Gain    Avg Win   Avg Loss  Exp Value  Total P&L
  ------------------------------------------------------------------------------------
  +15m         24      66.7%      +0.44%      +0.92%      -0.51%      +0.44%     +10.55%
  +30m         24      66.7%      +0.37%      +0.94%      -0.77%      +0.37%      +8.86%
  +45m         24      62.5%      +0.37%      +1.07%      -0.79%      +0.37%      +8.99%
  +1h          24      54.2%      +0.16%      +1.20%      -1.05%      +0.16%      +3.95%
  +1h30m       24      45.8%      -0.10%      +1.31%      -1.30%      -0.10%      -2.45%
  +2h          24      41.7%      -0.11%      +1.51%      -1.27%      -0.11%      -2.60%
  +3h          24      58.3%      +0.18%      +1.54%      -1.73%      +0.18%      +4.33%
  +4h          24      54.2%      +0.28%      +1.78%      -1.49%      +0.28%      +6.77%
  +5h          24      54.2%      +0.03%      +1.56%      -1.78%      +0.03%      +0.69%
  +6h          24      50.0%      -0.11%      +1.73%      -1.95%      -0.11%      -2.65%
  +7h          24      50.0%      -0.08%      +1.68%      -1.84%      -0.08%      -1.92%
  EOD          24      50.0%      -0.08%      +1.68%      -1.84%      -0.08%      -1.92%
