Fetching 5-min bars (2018-12-18 → 2019-02-28) [alpaca]...
  [cache] fetching 4 tickers from alpaca (cache miss)
  [cache] loaded 12 tickers from cache
Fetching daily bars (2018-02-01 → 2019-02-28)...

=========================================================================================================================================================================================
Pre-Session Rankings (9:25) — 2019-02-01 to 2019-02-28  |  20d lookback
(Unconditional hold from OR close — no signal or vol filter)
=========================================================================================================================================================================================
Pre-session top-2 (9:25, 20d EOD win rate) — 2019-02-01  OR: 09:30/3b
  #1 META   +15m 60%W +0.1%  +30m 55%W +0.1%  +1h 60%W +0.2%  +2h 60%W +0.5%  +5h 60%W +0.1%  EOD 75%W +0.3%  EOD range -3.4% → +2.7%
  #2 LLY    +15m 50%W -0.0%  +30m 50%W -0.0%  +1h 30%W -0.2%  +2h 40%W -0.1%  +5h 60%W +0.2%  EOD 75%W +0.4%  EOD range -2.4% → +2.4%
  Ticker   N          +15m          +30m           +1h           +2h           +5h           EOD           EOD range
  ----------------------------------------------------------------------------------------------------------------------
  META    20    60%W +0.1%    55%W +0.1%    60%W +0.2%    60%W +0.5%    60%W +0.1%    75%W +0.3%       -3.4% → +2.7%
  LLY     20    50%W -0.0%    50%W -0.0%    30%W -0.2%    40%W -0.1%    60%W +0.2%    75%W +0.4%       -2.4% → +2.4%
  SNPS    20    45%W -0.0%    65%W +0.1%    70%W +0.2%    70%W +0.4%    70%W +0.8%    70%W +0.6%       -2.3% → +2.3%
  MRVL    20    55%W +0.1%    55%W +0.1%    55%W +0.3%    65%W +0.4%    70%W +0.6%    70%W +0.6%       -2.4% → +1.7%
  SPOT    20    60%W +0.1%    50%W +0.0%    70%W +0.4%    60%W +0.4%    60%W +0.3%    65%W +0.4%       -3.7% → +5.8%
  TSLA    20    50%W -0.0%    50%W +0.0%    60%W +0.2%    60%W +0.6%    65%W +0.8%    65%W +1.0%       -6.0% → +3.3%
  AVGO    20    60%W +0.0%    55%W +0.1%    65%W +0.3%    70%W +0.4%    65%W +0.4%    65%W +0.2%       -4.3% → +2.4%
  AMD     20    60%W +0.4%    70%W +0.6%    55%W +0.4%    60%W +0.8%    60%W +1.1%    60%W +1.2%       -5.2% → +6.7%
  MU      20    45%W -0.1%    50%W +0.1%    50%W +0.1%    60%W +0.3%    65%W +0.3%    50%W -0.0%       -2.3% → +4.6%
  CHTR    20    50%W +0.0%    40%W -0.1%    55%W +0.1%    60%W +0.2%    45%W -0.1%    45%W -0.3%       -1.6% → +2.7%
  QCOM    20    30%W -0.2%    40%W -0.3%    35%W -0.3%    45%W -0.5%    40%W -0.3%    35%W -0.1%       -2.3% → +1.2%
Pre-session top-2 (9:25, 20d EOD win rate) — 2019-02-04  OR: 09:30/3b
  #1 LLY    +15m 55%W +0.1%  +30m 55%W +0.0%  +1h 35%W -0.1%  +2h 45%W -0.1%  +5h 65%W +0.3%  EOD 80%W +0.5%  EOD range -1.9% → +2.4%
  #2 META   +15m 60%W +0.1%  +30m 60%W +0.3%  +1h 60%W +0.2%  +2h 60%W +0.5%  +5h 60%W +0.1%  EOD 75%W +0.3%  EOD range -1.8% → +2.7%
  Ticker   N          +15m          +30m           +1h           +2h           +5h           EOD           EOD range
  ----------------------------------------------------------------------------------------------------------------------
  LLY     20    55%W +0.1%    55%W +0.0%    35%W -0.1%    45%W -0.1%    65%W +0.3%    80%W +0.5%       -1.9% → +2.4%
  META    20    60%W +0.1%    60%W +0.3%    60%W +0.2%    60%W +0.5%    60%W +0.1%    75%W +0.3%       -1.8% → +2.7%
  SNPS    20    45%W -0.0%    70%W +0.2%    75%W +0.3%    75%W +0.6%    75%W +0.8%    75%W +0.7%       -1.4% → +2.3%
  SPOT    20    60%W +0.1%    55%W +0.1%    75%W +0.4%    65%W +0.6%    65%W +0.3%    70%W +0.6%       -3.1% → +5.8%
  MRVL    20    55%W +0.1%    60%W +0.2%    60%W +0.3%    65%W +0.4%    70%W +0.6%    70%W +0.6%       -2.2% → +1.7%
  TSLA    20    50%W -0.0%    55%W +0.1%    65%W +0.5%    65%W +0.7%    70%W +0.8%    70%W +1.1%       -6.0% → +3.3%
  AVGO    20    60%W +0.0%    60%W +0.1%    65%W +0.3%    70%W +0.4%    65%W +0.4%    65%W +0.2%       -1.8% → +2.4%
  AMD     20    60%W +0.4%    75%W +0.6%    55%W +0.4%    65%W +1.2%    65%W +1.1%    65%W +1.2%       -5.2% → +6.7%
  MU      20    45%W -0.1%    55%W +0.4%    55%W +0.4%    60%W +0.5%    70%W +0.6%    55%W +0.2%       -2.3% → +4.6%
  CHTR    20    50%W +0.0%    40%W -0.1%    55%W +0.1%    60%W +0.2%    45%W -0.1%    45%W -0.3%       -1.6% → +2.7%
  QCOM    20    30%W -0.2%    45%W -0.3%    40%W -0.2%    45%W -0.5%    40%W -0.2%    35%W -0.1%       -2.3% → +1.2%
Pre-session top-2 (9:25, 20d EOD win rate) — 2019-02-05  OR: 09:30/3b
  #1 META   +15m 60%W +0.1%  +30m 60%W +0.3%  +1h 60%W +0.2%  +2h 60%W +0.5%  +5h 60%W +0.1%  EOD 75%W +0.3%  EOD range -1.8% → +2.5%
  #2 SNPS   +15m 45%W -0.0%  +30m 70%W +0.2%  +1h 75%W +0.3%  +2h 75%W +0.6%  +5h 75%W +0.8%  EOD 75%W +0.7%  EOD range -1.4% → +2.5%
  Ticker   N          +15m          +30m           +1h           +2h           +5h           EOD           EOD range
  ----------------------------------------------------------------------------------------------------------------------
  META    20    60%W +0.1%    60%W +0.3%    60%W +0.2%    60%W +0.5%    60%W +0.1%    75%W +0.3%       -1.8% → +2.5%
  SNPS    20    45%W -0.0%    70%W +0.2%    75%W +0.3%    75%W +0.6%    75%W +0.8%    75%W +0.7%       -1.4% → +2.5%
  LLY     20    50%W -0.0%    50%W -0.0%    35%W -0.2%    40%W -0.1%    60%W +0.2%    75%W +0.4%       -1.9% → +2.4%
  SPOT    20    60%W +0.1%    55%W +0.1%    75%W +0.4%    65%W +0.6%    65%W +0.3%    70%W +0.4%       -3.1% → +4.4%
  MRVL    20    60%W +0.2%    65%W +0.2%    60%W +0.4%    65%W +0.4%    70%W +0.7%    70%W +0.7%       -2.2% → +1.7%
  TSLA    20    55%W +0.1%    60%W +0.2%    65%W +0.5%    65%W +0.8%    70%W +0.8%    70%W +1.1%       -6.0% → +3.3%
  AVGO    20    65%W +0.1%    60%W +0.1%    70%W +0.3%    70%W +0.4%    65%W +0.6%    70%W +0.3%       -1.8% → +2.4%
  AMD     20    60%W +0.4%    75%W +0.6%    55%W +0.4%    65%W +0.8%    65%W +0.7%    60%W +0.3%       -5.2% → +6.7%
  MU      20    50%W +0.1%    60%W +0.4%    60%W +0.8%    60%W +0.5%    70%W +0.6%    55%W +0.2%       -2.3% → +4.6%
  CHTR    20    45%W -0.0%    40%W -0.1%    55%W +0.1%    55%W +0.1%    40%W -0.2%    40%W -0.4%       -1.6% → +2.4%
  QCOM    20    30%W -0.1%    45%W -0.2%    40%W -0.1%    50%W -0.2%    40%W -0.2%    35%W -0.1%       -2.3% → +1.2%
Pre-session top-2 (9:25, 20d EOD win rate) — 2019-02-06  OR: 09:30/3b
  #1 META   +15m 60%W +0.1%  +30m 65%W +0.3%  +1h 65%W +0.2%  +2h 60%W +0.5%  +5h 60%W +0.0%  EOD 75%W +0.2%  EOD range -1.8% → +2.5%
  #2 SNPS   +15m 40%W -0.1%  +30m 65%W +0.1%  +1h 75%W +0.2%  +2h 70%W +0.4%  +5h 75%W +0.7%  EOD 75%W +0.6%  EOD range -1.4% → +2.5%
  Ticker   N          +15m          +30m           +1h           +2h           +5h           EOD           EOD range
  ----------------------------------------------------------------------------------------------------------------------
  META    20    60%W +0.1%    65%W +0.3%    65%W +0.2%    60%W +0.5%    60%W +0.0%    75%W +0.2%       -1.8% → +2.5%
  SNPS    20    40%W -0.1%    65%W +0.1%    75%W +0.2%    70%W +0.4%    75%W +0.7%    75%W +0.6%       -1.4% → +2.5%
  SPOT    20    55%W +0.1%    50%W +0.0%    75%W +0.4%    60%W +0.4%    65%W +0.3%    70%W +0.2%       -3.1% → +4.4%
  LLY     20    50%W -0.0%    45%W -0.1%    35%W -0.2%    40%W -0.1%    60%W +0.2%    70%W +0.4%       -1.9% → +2.4%
  MRVL    20    60%W +0.2%    70%W +0.2%    65%W +0.4%    60%W +0.1%    70%W +0.7%    70%W +0.7%       -2.2% → +1.7%
  TSLA    20    50%W -0.1%    55%W +0.1%    65%W +0.2%    65%W +0.6%    70%W +0.8%    70%W +1.0%       -6.0% → +3.3%
  AVGO    20    65%W +0.1%    60%W +0.1%    70%W +0.3%    65%W +0.4%    60%W +0.4%    65%W +0.2%       -1.8% → +2.4%
  MU      20    55%W +0.2%    65%W +0.4%    60%W +0.8%    60%W +0.5%    65%W +0.6%    55%W +0.2%       -2.3% → +4.6%
  AMD     20    55%W +0.2%    70%W +0.4%    50%W +0.2%    60%W +0.5%    60%W +0.6%    55%W +0.2%       -5.2% → +6.0%
  CHTR    20    45%W -0.0%    40%W -0.1%    55%W +0.1%    50%W -0.1%    45%W -0.2%    45%W -0.3%       -1.6% → +2.4%
  QCOM    20    35%W -0.1%    50%W -0.1%    45%W -0.1%    55%W +0.1%    40%W -0.2%    40%W -0.1%       -2.3% → +1.2%
Pre-session top-2 (9:25, 20d EOD win rate) — 2019-02-07  OR: 09:30/3b
  #1 SNPS   +15m 45%W -0.0%  +30m 65%W +0.1%  +1h 80%W +0.3%  +2h 75%W +0.4%  +5h 80%W +0.7%  EOD 80%W +0.7%  EOD range -1.4% → +2.5%
  #2 SPOT   +15m 55%W +0.1%  +30m 50%W +0.0%  +1h 75%W +0.4%  +2h 60%W +0.4%  +5h 65%W +0.3%  EOD 75%W +0.4%  EOD range -2.0% → +4.4%
  Ticker   N          +15m          +30m           +1h           +2h           +5h           EOD           EOD range
  ----------------------------------------------------------------------------------------------------------------------
  SNPS    20    45%W -0.0%    65%W +0.1%    80%W +0.3%    75%W +0.4%    80%W +0.7%    80%W +0.7%       -1.4% → +2.5%
  SPOT    20    55%W +0.1%    50%W +0.0%    75%W +0.4%    60%W +0.4%    65%W +0.3%    75%W +0.4%       -2.0% → +4.4%
  META    20    65%W +0.1%    65%W +0.3%    65%W +0.2%    60%W +0.5%    55%W +0.0%    70%W +0.2%       -1.8% → +2.5%
  LLY     20    55%W +0.1%    45%W -0.1%    40%W -0.1%    45%W -0.1%    65%W +0.2%    70%W +0.4%       -1.9% → +2.4%
  MRVL    20    65%W +0.2%    70%W +0.2%    70%W +0.4%    65%W +0.3%    65%W +0.7%    70%W +0.7%       -2.2% → +1.7%
  TSLA    20    55%W +0.1%    55%W +0.1%    65%W +0.2%    65%W +0.6%    70%W +0.8%    70%W +1.0%       -6.0% → +3.3%
  AVGO    20    70%W +0.1%    60%W +0.1%    75%W +0.3%    70%W +0.4%    60%W +0.4%    65%W +0.2%       -1.8% → +2.4%
  MU      20    60%W +0.3%    70%W +0.5%    65%W +1.1%    65%W +0.9%    70%W +0.9%    55%W +0.7%       -2.3% → +4.6%
  AMD     20    55%W +0.2%    70%W +0.4%    50%W +0.2%    60%W +0.5%    60%W +0.6%    55%W +0.2%       -5.2% → +6.0%
  CHTR    20    45%W -0.0%    40%W -0.1%    60%W +0.1%    55%W +0.1%    50%W +0.1%    50%W +0.2%       -1.6% → +2.4%
  QCOM    20    40%W -0.1%    50%W -0.0%    50%W +0.1%    60%W +0.1%    45%W -0.1%    40%W -0.1%       -2.3% → +1.2%
Pre-session top-2 (9:25, 20d EOD win rate) — 2019-02-08  OR: 09:30/3b
  #1 SNPS   +15m 50%W +0.0%  +30m 65%W +0.2%  +1h 85%W +0.3%  +2h 70%W +0.3%  +5h 75%W +0.6%  EOD 80%W +0.7%  EOD range -1.4% → +2.5%
  #2 SPOT   +15m 50%W +0.0%  +30m 45%W -0.0%  +1h 75%W +0.3%  +2h 55%W +0.1%  +5h 60%W +0.3%  EOD 70%W +0.2%  EOD range -2.0% → +4.4%
  Ticker   N          +15m          +30m           +1h           +2h           +5h           EOD           EOD range
  ----------------------------------------------------------------------------------------------------------------------
  SNPS    20    50%W +0.0%    65%W +0.2%    85%W +0.3%    70%W +0.3%    75%W +0.6%    80%W +0.7%       -1.4% → +2.5%
  SPOT    20    50%W +0.0%    45%W -0.0%    75%W +0.3%    55%W +0.1%    60%W +0.3%    70%W +0.2%       -2.0% → +4.4%
  META    20    65%W +0.1%    65%W +0.3%    65%W +0.2%    55%W +0.3%    50%W -0.0%    65%W +0.1%       -1.8% → +2.5%
  LLY     20    50%W -0.0%    40%W -0.1%    45%W -0.0%    45%W -0.1%    60%W +0.2%    65%W +0.4%       -1.9% → +2.4%
  MRVL    20    60%W +0.2%    70%W +0.2%    75%W +0.4%    60%W +0.3%    60%W +0.6%    65%W +0.6%       -2.2% → +1.7%
  TSLA    20    55%W +0.1%    55%W +0.1%    60%W +0.1%    60%W +0.6%    65%W +0.7%    65%W +1.0%       -6.0% → +3.3%
  AVGO    20    70%W +0.1%    60%W +0.1%    75%W +0.3%    65%W +0.3%    55%W +0.2%    60%W +0.1%       -1.8% → +2.4%
  MU      20    60%W +0.3%    70%W +0.5%    65%W +1.1%    65%W +0.9%    65%W +0.9%    55%W +0.7%       -2.6% → +4.6%
  CHTR    20    45%W -0.0%    45%W -0.1%    65%W +0.1%    60%W +0.1%    55%W +0.3%    55%W +0.6%       -1.6% → +2.4%
  AMD     20    55%W +0.4%    75%W +0.6%    55%W +0.4%    60%W +0.5%    60%W +0.6%    55%W +0.2%       -4.4% → +6.0%
  QCOM    20    35%W -0.1%    55%W +0.0%    55%W +0.2%    55%W +0.1%    45%W -0.1%    40%W -0.2%       -2.3% → +1.2%
Pre-session top-2 (9:25, 20d EOD win rate) — 2019-02-11  OR: 09:30/3b
  #1 SNPS   +15m 45%W -0.0%  +30m 60%W +0.1%  +1h 85%W +0.3%  +2h 70%W +0.3%  +5h 75%W +0.6%  EOD 80%W +0.7%  EOD range -1.4% → +2.5%
  #2 SPOT   +15m 45%W -0.1%  +30m 40%W -0.1%  +1h 75%W +0.3%  +2h 55%W +0.1%  +5h 60%W +0.3%  EOD 70%W +0.2%  EOD range -2.0% → +4.4%
  Ticker   N          +15m          +30m           +1h           +2h           +5h           EOD           EOD range
  ----------------------------------------------------------------------------------------------------------------------
  SNPS    20    45%W -0.0%    60%W +0.1%    85%W +0.3%    70%W +0.3%    75%W +0.6%    80%W +0.7%       -1.4% → +2.5%
  SPOT    20    45%W -0.1%    40%W -0.1%    75%W +0.3%    55%W +0.1%    60%W +0.3%    70%W +0.2%       -2.0% → +4.4%
  META    20    70%W +0.1%    70%W +0.3%    65%W +0.2%    55%W +0.2%    50%W -0.0%    65%W +0.1%       -1.8% → +2.5%
  LLY     20    55%W +0.1%    45%W -0.1%    50%W -0.0%    45%W -0.1%    60%W +0.2%    65%W +0.4%       -1.9% → +2.4%
  MRVL    20    55%W +0.2%    65%W +0.2%    70%W +0.4%    55%W +0.2%    60%W +0.6%    65%W +0.6%       -2.2% → +1.7%
  TSLA    20    55%W +0.1%    50%W -0.0%    55%W +0.0%    55%W +0.4%    65%W +0.7%    65%W +0.8%       -6.0% → +3.3%
  CHTR    20    45%W -0.0%    45%W -0.1%    60%W +0.1%    55%W +0.1%    60%W +0.3%    60%W +0.6%       -1.6% → +2.4%
  AVGO    20    65%W +0.1%    55%W +0.1%    75%W +0.2%    60%W +0.2%    55%W +0.2%    60%W +0.1%       -1.8% → +2.4%
  MU      20    55%W +0.2%    65%W +0.4%    60%W +0.8%    60%W +0.5%    65%W +0.8%    55%W +0.7%       -2.6% → +4.6%
  AMD     20    55%W +0.4%    70%W +0.6%    55%W +0.4%    55%W +0.2%    60%W +0.6%    55%W +0.2%       -4.4% → +6.0%
  QCOM    20    35%W -0.1%    55%W +0.0%    50%W +0.1%    50%W -0.2%    45%W -0.1%    35%W -0.2%       -2.3% → +1.2%
Pre-session top-2 (9:25, 20d EOD win rate) — 2019-02-12  OR: 09:30/3b
  #1 SNPS   +15m 45%W -0.0%  +30m 55%W +0.1%  +1h 85%W +0.3%  +2h 70%W +0.3%  +5h 70%W +0.6%  EOD 75%W +0.7%  EOD range -1.4% → +2.5%
  #2 SPOT   +15m 45%W -0.1%  +30m 40%W -0.1%  +1h 75%W +0.3%  +2h 55%W +0.1%  +5h 65%W +0.3%  EOD 75%W +0.2%  EOD range -2.0% → +4.4%
  Ticker   N          +15m          +30m           +1h           +2h           +5h           EOD           EOD range
  ----------------------------------------------------------------------------------------------------------------------
  SNPS    20    45%W -0.0%    55%W +0.1%    85%W +0.3%    70%W +0.3%    70%W +0.6%    75%W +0.7%       -1.4% → +2.5%
  SPOT    20    45%W -0.1%    40%W -0.1%    75%W +0.3%    55%W +0.1%    65%W +0.3%    75%W +0.2%       -2.0% → +4.4%
  MRVL    20    50%W +0.1%    60%W +0.1%    70%W +0.4%    55%W +0.2%    60%W +0.6%    65%W +0.6%       -2.2% → +3.1%
  TSLA    20    60%W +0.2%    55%W +0.1%    60%W +0.1%    60%W +0.5%    65%W +0.7%    65%W +0.7%       -6.0% → +3.3%
  META    20    65%W +0.1%    65%W +0.2%    65%W +0.2%    50%W -0.1%    45%W -0.1%    60%W +0.1%       -1.8% → +2.5%
  LLY     20    50%W +0.0%    40%W -0.1%    45%W -0.0%    45%W -0.1%    55%W +0.2%    60%W +0.4%       -1.9% → +2.4%
  AVGO    20    60%W +0.1%    55%W +0.1%    75%W +0.2%    60%W +0.1%    55%W +0.1%    60%W +0.2%       -1.8% → +2.4%
  MU      20    55%W +0.2%    65%W +0.4%    60%W +0.9%    60%W +0.5%    65%W +0.8%    55%W +0.7%       -2.6% → +4.6%
  CHTR    20    45%W -0.0%    40%W -0.1%    55%W +0.1%    50%W -0.0%    55%W +0.2%    55%W +0.5%       -1.6% → +2.4%
  AMD     20    55%W +0.2%    70%W +0.6%    55%W +0.5%    55%W +0.2%    60%W +0.4%    55%W +0.2%       -4.4% → +6.0%
  QCOM    20    35%W -0.1%    55%W +0.0%    50%W +0.1%    50%W -0.2%    45%W -0.1%    35%W -0.2%       -2.3% → +1.2%
Pre-session top-2 (9:25, 20d EOD win rate) — 2019-02-13  OR: 09:30/3b
  #1 SNPS   +15m 50%W +0.0%  +30m 60%W +0.1%  +1h 85%W +0.3%  +2h 70%W +0.4%  +5h 70%W +0.6%  EOD 75%W +0.8%  EOD range -1.4% → +2.5%
  #2 SPOT   +15m 45%W -0.1%  +30m 40%W -0.1%  +1h 75%W +0.3%  +2h 55%W +0.1%  +5h 65%W +0.3%  EOD 75%W +0.2%  EOD range -2.0% → +4.1%
  Ticker   N          +15m          +30m           +1h           +2h           +5h           EOD           EOD range
  ----------------------------------------------------------------------------------------------------------------------
  SNPS    20    50%W +0.0%    60%W +0.1%    85%W +0.3%    70%W +0.4%    70%W +0.6%    75%W +0.8%       -1.4% → +2.5%
  SPOT    20    45%W -0.1%    40%W -0.1%    75%W +0.3%    55%W +0.1%    65%W +0.3%    75%W +0.2%       -2.0% → +4.1%
  LLY     20    50%W +0.0%    40%W -0.1%    45%W -0.0%    50%W -0.0%    60%W +0.2%    65%W +0.5%       -1.9% → +2.4%
  MRVL    20    55%W +0.2%    60%W +0.1%    65%W +0.3%    50%W +0.0%    65%W +0.6%    65%W +0.6%       -2.2% → +3.1%
  TSLA    20    60%W +0.2%    55%W +0.1%    55%W +0.0%    60%W +0.5%    65%W +0.7%    65%W +0.7%       -6.0% → +3.3%
  MU      20    60%W +0.2%    70%W +0.4%    60%W +0.9%    60%W +0.5%    65%W +0.9%    60%W +1.1%       -2.6% → +4.6%
  META    20    65%W +0.2%    60%W +0.2%    60%W +0.1%    45%W -0.3%    40%W -0.2%    55%W +0.1%       -1.8% → +2.5%
  CHTR    20    40%W -0.0%    35%W -0.1%    50%W +0.0%    45%W -0.2%    55%W +0.2%    55%W +0.5%       -1.6% → +2.4%
  AVGO    20    55%W +0.0%    50%W +0.0%    70%W +0.2%    55%W +0.0%    50%W -0.0%    55%W +0.1%       -1.8% → +2.4%
  AMD     20    55%W +0.2%    65%W +0.6%    55%W +0.5%    50%W -0.1%    55%W +0.2%    55%W +0.2%       -4.4% → +6.0%
  QCOM    20    40%W -0.1%    55%W +0.0%    50%W +0.0%    50%W -0.2%    45%W -0.1%    35%W -0.2%       -2.3% → +1.0%
Pre-session top-2 (9:25, 20d EOD win rate) — 2019-02-14  OR: 09:30/3b
  #1 SPOT   +15m 50%W +0.0%  +30m 45%W -0.0%  +1h 75%W +0.3%  +2h 55%W +0.3%  +5h 70%W +0.3%  EOD 75%W +0.4%  EOD range -2.0% → +4.1%
  #2 SNPS   +15m 55%W +0.1%  +30m 55%W +0.1%  +1h 80%W +0.3%  +2h 65%W +0.4%  +5h 65%W +0.6%  EOD 70%W +0.7%  EOD range -1.4% → +2.5%
  Ticker   N          +15m          +30m           +1h           +2h           +5h           EOD           EOD range
  ----------------------------------------------------------------------------------------------------------------------
  SPOT    20    50%W +0.0%    45%W -0.0%    75%W +0.3%    55%W +0.3%    70%W +0.3%    75%W +0.4%       -2.0% → +4.1%
  SNPS    20    55%W +0.1%    55%W +0.1%    80%W +0.3%    65%W +0.4%    65%W +0.6%    70%W +0.7%       -1.4% → +2.5%
  MU      20    65%W +0.2%    70%W +0.4%    65%W +0.9%    60%W +0.5%    70%W +1.2%    65%W +1.1%       -2.6% → +4.6%
  MRVL    20    60%W +0.2%    60%W +0.1%    70%W +0.3%    50%W +0.0%    65%W +0.6%    65%W +0.6%       -1.6% → +3.1%
  LLY     20    45%W -0.0%    35%W -0.2%    40%W -0.1%    45%W -0.1%    60%W +0.2%    60%W +0.4%       -1.9% → +2.4%
  TSLA    20    55%W +0.1%    55%W +0.1%    50%W -0.0%    55%W +0.4%    65%W +0.6%    60%W +0.6%       -6.0% → +3.3%
  AVGO    20    50%W +0.0%    45%W -0.1%    65%W +0.1%    50%W +0.0%    55%W +0.1%    60%W +0.2%       -1.8% → +2.4%
  META    20    60%W +0.1%    55%W +0.1%    60%W +0.1%    45%W -0.3%    40%W -0.1%    50%W -0.2%       -1.8% → +2.5%
  CHTR    20    40%W -0.0%    35%W -0.1%    55%W +0.1%    45%W -0.2%    55%W +0.2%    50%W +0.1%       -1.6% → +2.4%
  AMD     20    55%W +0.2%    60%W +0.5%    55%W +0.5%    50%W -0.1%    60%W +0.4%    50%W +0.1%       -4.4% → +6.0%
  QCOM    20    40%W -0.1%    55%W +0.0%    50%W +0.0%    50%W -0.2%    45%W -0.1%    35%W -0.2%       -2.3% → +1.0%
Pre-session top-2 (9:25, 20d EOD win rate) — 2019-02-15  OR: 09:30/3b
  #1 SPOT   +15m 50%W +0.0%  +30m 45%W -0.0%  +1h 80%W +0.4%  +2h 60%W +0.5%  +5h 70%W +0.3%  EOD 75%W +0.4%  EOD range -2.0% → +4.1%
  #2 SNPS   +15m 55%W +0.1%  +30m 55%W +0.1%  +1h 80%W +0.3%  +2h 65%W +0.2%  +5h 65%W +0.6%  EOD 70%W +0.7%  EOD range -1.4% → +2.5%
  Ticker   N          +15m          +30m           +1h           +2h           +5h           EOD           EOD range
  ----------------------------------------------------------------------------------------------------------------------
  SPOT    20    50%W +0.0%    45%W -0.0%    80%W +0.4%    60%W +0.5%    70%W +0.3%    75%W +0.4%       -2.0% → +4.1%
  SNPS    20    55%W +0.1%    55%W +0.1%    80%W +0.3%    65%W +0.2%    65%W +0.6%    70%W +0.7%       -1.4% → +2.5%
  MU      20    65%W +0.2%    70%W +0.4%    65%W +0.9%    55%W +0.3%    70%W +1.2%    65%W +1.1%       -2.6% → +4.6%
  LLY     20    40%W -0.1%    35%W -0.2%    40%W -0.1%    50%W -0.0%    65%W +0.2%    65%W +0.5%       -1.9% → +2.4%
  MRVL    20    60%W +0.2%    60%W +0.1%    70%W +0.3%    50%W +0.0%    60%W +0.6%    65%W +0.6%       -1.6% → +3.1%
  TSLA    20    55%W +0.2%    55%W +0.2%    55%W +0.0%    60%W +0.4%    70%W +0.7%    65%W +0.6%       -6.0% → +3.3%
  AVGO    20    55%W +0.0%    50%W +0.0%    65%W +0.1%    50%W +0.0%    60%W +0.1%    60%W +0.2%       -1.6% → +2.4%
  META    20    60%W +0.2%    60%W +0.1%    65%W +0.1%    50%W -0.1%    45%W -0.0%    55%W +0.1%       -1.8% → +2.5%
  CHTR    20    45%W -0.0%    35%W -0.1%    55%W +0.1%    45%W -0.2%    60%W +0.3%    55%W +0.6%       -1.6% → +2.4%
  AMD     20    55%W +0.2%    60%W +0.5%    55%W +0.5%    50%W -0.0%    65%W +0.7%    55%W +0.3%       -4.4% → +6.0%
  QCOM    20    40%W -0.1%    55%W +0.1%    55%W +0.2%    45%W -0.2%    50%W -0.0%    40%W -0.1%       -2.3% → +1.0%
Pre-session top-2 (9:25, 20d EOD win rate) — 2019-02-19  OR: 09:30/3b
  #1 SPOT   +15m 50%W +0.0%  +30m 50%W -0.0%  +1h 85%W +0.4%  +2h 65%W +0.5%  +5h 70%W +0.4%  EOD 80%W +0.5%  EOD range -2.0% → +4.1%
  #2 SNPS   +15m 55%W +0.1%  +30m 55%W +0.2%  +1h 80%W +0.4%  +2h 60%W +0.2%  +5h 65%W +0.5%  EOD 70%W +0.8%  EOD range -1.4% → +2.5%
  Ticker   N          +15m          +30m           +1h           +2h           +5h           EOD           EOD range
  ----------------------------------------------------------------------------------------------------------------------
  SPOT    20    50%W +0.0%    50%W -0.0%    85%W +0.4%    65%W +0.5%    70%W +0.4%    80%W +0.5%       -2.0% → +4.1%
  SNPS    20    55%W +0.1%    55%W +0.2%    80%W +0.4%    60%W +0.2%    65%W +0.5%    70%W +0.8%       -1.4% → +2.5%
  MU      20    65%W +0.2%    70%W +0.4%    65%W +0.8%    50%W +0.1%    70%W +0.9%    65%W +0.9%       -2.6% → +4.6%
  LLY     20    45%W -0.1%    35%W -0.2%    40%W -0.1%    50%W -0.0%    65%W +0.2%    65%W +0.5%       -1.9% → +2.4%
  TSLA    20    55%W +0.2%    55%W +0.2%    55%W +0.0%    60%W +0.3%    70%W +0.6%    65%W +0.7%       -6.0% → +3.3%
  MRVL    20    55%W +0.1%    60%W +0.1%    70%W +0.3%    50%W -0.0%    55%W +0.6%    60%W +0.6%       -2.2% → +3.1%
  AVGO    20    55%W +0.0%    50%W +0.0%    60%W +0.1%    45%W -0.1%    55%W +0.1%    60%W +0.2%       -1.6% → +2.3%
  CHTR    20    45%W -0.0%    35%W -0.1%    55%W +0.1%    45%W -0.2%    60%W +0.3%    55%W +0.7%       -1.6% → +2.4%
  AMD     20    55%W +0.2%    60%W +0.5%    55%W +0.5%    50%W -0.0%    65%W +0.7%    55%W +0.3%       -4.4% → +3.6%
  META    20    55%W +0.2%    55%W +0.1%    60%W +0.1%    45%W -0.3%    40%W -0.1%    50%W -0.2%       -1.8% → +2.5%
  QCOM    20    45%W -0.1%    60%W +0.1%    55%W +0.2%    45%W -0.2%    50%W -0.0%    40%W -0.1%       -2.3% → +1.0%
Pre-session top-2 (9:25, 20d EOD win rate) — 2019-02-20  OR: 09:30/3b
  #1 SPOT   +15m 50%W +0.0%  +30m 50%W -0.0%  +1h 80%W +0.4%  +2h 60%W +0.5%  +5h 70%W +0.4%  EOD 80%W +0.5%  EOD range -2.2% → +4.1%
  #2 SNPS   +15m 60%W +0.1%  +30m 55%W +0.2%  +1h 80%W +0.4%  +2h 60%W +0.2%  +5h 65%W +0.5%  EOD 70%W +0.8%  EOD range -1.4% → +2.5%
  Ticker   N          +15m          +30m           +1h           +2h           +5h           EOD           EOD range
  ----------------------------------------------------------------------------------------------------------------------
  SPOT    20    50%W +0.0%    50%W -0.0%    80%W +0.4%    60%W +0.5%    70%W +0.4%    80%W +0.5%       -2.2% → +4.1%
  SNPS    20    60%W +0.1%    55%W +0.2%    80%W +0.4%    60%W +0.2%    65%W +0.5%    70%W +0.8%       -1.4% → +2.5%
  MU      20    65%W +0.2%    70%W +0.4%    65%W +0.6%    50%W +0.0%    70%W +0.9%    65%W +0.7%       -2.6% → +2.6%
  TSLA    20    60%W +0.3%    55%W +0.2%    55%W +0.0%    60%W +0.3%    70%W +0.6%    65%W +0.7%       -1.5% → +3.3%
  LLY     20    50%W +0.0%    40%W -0.1%    40%W -0.1%    50%W -0.0%    65%W +0.2%    60%W +0.4%       -1.9% → +2.4%
  MRVL    20    60%W +0.2%    60%W +0.1%    70%W +0.3%    50%W -0.0%    55%W +0.6%    60%W +0.6%       -2.2% → +3.1%
  AVGO    20    55%W +0.0%    50%W +0.0%    60%W +0.1%    45%W -0.1%    55%W +0.1%    60%W +0.1%       -1.6% → +2.3%
  CHTR    20    50%W -0.0%    40%W -0.1%    60%W +0.1%    50%W -0.0%    65%W +0.3%    55%W +0.7%       -1.6% → +2.4%
  META    20    55%W +0.2%    55%W +0.1%    60%W +0.1%    45%W -0.3%    40%W -0.1%    50%W -0.2%       -1.8% → +2.5%
  AMD     20    55%W +0.1%    60%W +0.4%    55%W +0.5%    50%W -0.0%    60%W +0.4%    50%W +0.1%       -4.4% → +3.6%
  QCOM    20    45%W -0.1%    60%W +0.1%    55%W +0.1%    45%W -0.2%    50%W -0.0%    40%W -0.1%       -2.3% → +1.0%
Pre-session top-2 (9:25, 20d EOD win rate) — 2019-02-21  OR: 09:30/3b
  #1 SPOT   +15m 55%W +0.1%  +30m 55%W +0.1%  +1h 80%W +0.5%  +2h 60%W +0.5%  +5h 70%W +0.4%  EOD 80%W +0.5%  EOD range -2.2% → +4.1%
  #2 SNPS   +15m 65%W +0.2%  +30m 55%W +0.3%  +1h 80%W +0.4%  +2h 65%W +0.2%  +5h 70%W +0.5%  EOD 75%W +0.8%  EOD range -0.9% → +2.5%
  Ticker   N          +15m          +30m           +1h           +2h           +5h           EOD           EOD range
  ----------------------------------------------------------------------------------------------------------------------
  SPOT    20    55%W +0.1%    55%W +0.1%    80%W +0.5%    60%W +0.5%    70%W +0.4%    80%W +0.5%       -2.2% → +4.1%
  SNPS    20    65%W +0.2%    55%W +0.3%    80%W +0.4%    65%W +0.2%    70%W +0.5%    75%W +0.8%       -0.9% → +2.5%
  MU      20    65%W +0.2%    70%W +0.4%    70%W +0.6%    50%W +0.0%    70%W +0.9%    65%W +0.7%       -2.6% → +2.6%
  TSLA    20    65%W +0.3%    55%W +0.2%    50%W +0.0%    55%W +0.2%    70%W +0.6%    65%W +0.7%       -1.5% → +3.3%
  LLY     20    55%W +0.1%    45%W -0.1%    45%W -0.0%    55%W +0.2%    70%W +0.3%    60%W +0.5%       -1.9% → +2.4%
  MRVL    20    65%W +0.2%    60%W +0.2%    70%W +0.3%    50%W -0.0%    60%W +0.8%    60%W +0.7%       -2.2% → +3.1%
  CHTR    20    50%W -0.0%    40%W -0.1%    60%W +0.1%    55%W +0.1%    70%W +0.3%    60%W +0.7%       -1.6% → +2.4%
  AVGO    20    55%W +0.0%    55%W +0.1%    60%W +0.1%    45%W -0.1%    60%W +0.1%    60%W +0.1%       -1.6% → +2.3%
  META    20    55%W +0.1%    50%W +0.0%    60%W +0.1%    45%W -0.2%    40%W -0.1%    50%W -0.2%       -1.6% → +2.5%
  AMD     20    60%W +0.2%    65%W +0.5%    60%W +0.5%    55%W +0.2%    65%W +0.4%    50%W +0.1%       -2.5% → +3.6%
  QCOM    20    50%W -0.0%    65%W +0.1%    60%W +0.2%    50%W +0.0%    55%W +0.1%    40%W -0.1%       -2.3% → +1.0%
Pre-session top-2 (9:25, 20d EOD win rate) — 2019-02-22  OR: 09:30/3b
  #1 SPOT   +15m 50%W +0.0%  +30m 55%W +0.1%  +1h 85%W +0.5%  +2h 65%W +0.5%  +5h 75%W +0.5%  EOD 85%W +0.5%  EOD range -2.2% → +4.1%
  #2 SNPS   +15m 60%W +0.2%  +30m 55%W +0.3%  +1h 85%W +0.4%  +2h 70%W +0.4%  +5h 75%W +0.6%  EOD 80%W +0.9%  EOD range -0.8% → +2.5%
  Ticker   N          +15m          +30m           +1h           +2h           +5h           EOD           EOD range
  ----------------------------------------------------------------------------------------------------------------------
  SPOT    20    50%W +0.0%    55%W +0.1%    85%W +0.5%    65%W +0.5%    75%W +0.5%    85%W +0.5%       -2.2% → +4.1%
  SNPS    20    60%W +0.2%    55%W +0.3%    85%W +0.4%    70%W +0.4%    75%W +0.6%    80%W +0.9%       -0.8% → +2.5%
  MU      20    65%W +0.2%    70%W +0.4%    70%W +0.6%    50%W +0.0%    70%W +0.9%    65%W +0.7%       -2.6% → +2.6%
  CHTR    20    50%W -0.0%    40%W -0.1%    65%W +0.1%    60%W +0.2%    75%W +0.4%    65%W +0.9%       -1.6% → +2.4%
  TSLA    20    65%W +0.2%    50%W -0.0%    45%W -0.1%    50%W +0.1%    70%W +0.6%    65%W +0.7%       -3.3% → +3.3%
  LLY     20    50%W +0.0%    40%W -0.1%    50%W -0.0%    60%W +0.3%    65%W +0.3%    60%W +0.4%       -1.9% → +2.4%
  MRVL    20    60%W +0.2%    55%W +0.1%    70%W +0.3%    50%W -0.0%    65%W +0.8%    60%W +0.7%       -2.2% → +3.1%
  AVGO    20    55%W +0.0%    50%W +0.0%    60%W +0.1%    45%W -0.1%    60%W +0.1%    60%W +0.1%       -1.6% → +2.3%
  META    20    55%W +0.1%    50%W +0.0%    60%W +0.1%    45%W -0.2%    40%W -0.1%    50%W -0.2%       -1.6% → +2.5%
  AMD     20    60%W +0.2%    60%W +0.5%    60%W +0.5%    55%W +0.2%    65%W +0.4%    50%W +0.1%       -2.5% → +3.6%
  QCOM    20    50%W -0.0%    65%W +0.1%    60%W +0.2%    55%W +0.1%    60%W +0.1%    45%W -0.0%       -2.3% → +1.0%
Pre-session top-2 (9:25, 20d EOD win rate) — 2019-02-25  OR: 09:30/3b
  #1 SPOT   +15m 45%W -0.1%  +30m 50%W +0.0%  +1h 80%W +0.5%  +2h 65%W +0.5%  +5h 70%W +0.5%  EOD 85%W +0.5%  EOD range -2.2% → +4.1%
  #2 SNPS   +15m 60%W +0.2%  +30m 55%W +0.3%  +1h 85%W +0.4%  +2h 70%W +0.4%  +5h 75%W +0.5%  EOD 80%W +0.8%  EOD range -0.8% → +2.5%
  Ticker   N          +15m          +30m           +1h           +2h           +5h           EOD           EOD range
  ----------------------------------------------------------------------------------------------------------------------
  SPOT    20    45%W -0.1%    50%W +0.0%    80%W +0.5%    65%W +0.5%    70%W +0.5%    85%W +0.5%       -2.2% → +4.1%
  SNPS    20    60%W +0.2%    55%W +0.3%    85%W +0.4%    70%W +0.4%    75%W +0.5%    80%W +0.8%       -0.8% → +2.5%
  MU      20    60%W +0.1%    65%W +0.4%    65%W +0.5%    45%W -0.1%    65%W +0.8%    65%W +0.5%       -2.6% → +2.6%
  LLY     20    55%W +0.1%    40%W -0.1%    55%W +0.1%    65%W +0.3%    70%W +0.3%    65%W +0.4%       -1.0% → +2.4%
  CHTR    20    50%W -0.0%    40%W -0.1%    60%W +0.1%    55%W +0.1%    70%W +0.3%    60%W +0.7%       -1.6% → +2.4%
  TSLA    20    60%W +0.1%    50%W -0.0%    40%W -0.2%    45%W -0.1%    65%W +0.5%    60%W +0.5%       -3.3% → +3.3%
  AVGO    20    50%W +0.0%    45%W -0.1%    55%W +0.0%    50%W +0.0%    60%W +0.1%    60%W +0.1%       -1.6% → +2.3%
  MRVL    20    55%W +0.1%    50%W -0.0%    65%W +0.1%    45%W -0.2%    60%W +0.6%    55%W +0.5%       -2.2% → +3.1%
  META    20    55%W +0.1%    45%W -0.0%    65%W +0.2%    50%W -0.1%    45%W -0.0%    50%W -0.2%       -1.6% → +2.5%
  QCOM    20    55%W +0.0%    70%W +0.2%    60%W +0.2%    55%W +0.1%    60%W +0.1%    50%W +0.0%       -2.3% → +1.0%
  AMD     20    55%W +0.1%    55%W +0.3%    55%W +0.5%    50%W -0.0%    60%W +0.3%    50%W +0.1%       -2.5% → +3.6%
Pre-session top-2 (9:25, 20d EOD win rate) — 2019-02-26  OR: 09:30/3b
  #1 SPOT   +15m 45%W -0.2%  +30m 50%W +0.0%  +1h 75%W +0.5%  +2h 60%W +0.5%  +5h 65%W +0.5%  EOD 80%W +0.5%  EOD range -2.2% → +4.1%
  #2 SNPS   +15m 55%W +0.1%  +30m 55%W +0.1%  +1h 80%W +0.4%  +2h 70%W +0.2%  +5h 70%W +0.4%  EOD 75%W +0.6%  EOD range -0.8% → +2.5%
  Ticker   N          +15m          +30m           +1h           +2h           +5h           EOD           EOD range
  ----------------------------------------------------------------------------------------------------------------------
  SPOT    20    45%W -0.2%    50%W +0.0%    75%W +0.5%    60%W +0.5%    65%W +0.5%    80%W +0.5%       -2.2% → +4.1%
  SNPS    20    55%W +0.1%    55%W +0.1%    80%W +0.4%    70%W +0.2%    70%W +0.4%    75%W +0.6%       -0.8% → +2.5%
  MU      20    60%W +0.1%    60%W +0.3%    60%W +0.4%    40%W -0.2%    60%W +0.6%    60%W +0.4%       -2.6% → +2.2%
  LLY     20    55%W +0.1%    40%W -0.2%    50%W -0.0%    65%W +0.3%    65%W +0.3%    60%W +0.3%       -1.0% → +2.4%
  CHTR    20    45%W -0.1%    40%W -0.1%    60%W +0.1%    50%W +0.0%    70%W +0.2%    55%W +0.3%       -1.6% → +2.4%
  TSLA    20    60%W +0.1%    50%W +0.1%    45%W -0.1%    40%W -0.2%    60%W +0.2%    55%W +0.3%       -3.3% → +3.3%
  AVGO    20    45%W -0.0%    45%W -0.1%    55%W +0.0%    50%W +0.0%    60%W +0.1%    55%W +0.1%       -1.6% → +2.3%
  META    20    50%W +0.0%    40%W -0.1%    65%W +0.2%    50%W -0.1%    45%W -0.0%    50%W -0.2%       -1.6% → +2.5%
  MRVL    20    55%W +0.1%    50%W -0.0%    65%W +0.1%    45%W -0.2%    55%W +0.3%    50%W +0.2%       -2.2% → +3.1%
  QCOM    20    55%W +0.0%    70%W +0.2%    60%W +0.2%    55%W +0.1%    60%W +0.1%    45%W -0.0%       -2.3% → +1.0%
  AMD     20    55%W +0.1%    55%W +0.3%    55%W +0.5%    50%W -0.0%    55%W +0.2%    45%W -0.2%       -2.9% → +3.6%
Pre-session top-2 (9:25, 20d EOD win rate) — 2019-02-27  OR: 09:30/3b
  #1 SNPS   +15m 60%W +0.1%  +30m 60%W +0.2%  +1h 85%W +0.4%  +2h 70%W +0.2%  +5h 75%W +0.4%  EOD 75%W +0.6%  EOD range -0.8% → +2.5%
  #2 SPOT   +15m 45%W -0.2%  +30m 50%W +0.0%  +1h 70%W +0.5%  +2h 60%W +0.5%  +5h 65%W +0.5%  EOD 75%W +0.5%  EOD range -2.2% → +4.1%
  Ticker   N          +15m          +30m           +1h           +2h           +5h           EOD           EOD range
  ----------------------------------------------------------------------------------------------------------------------
  SNPS    20    60%W +0.1%    60%W +0.2%    85%W +0.4%    70%W +0.2%    75%W +0.4%    75%W +0.6%       -0.8% → +2.5%
  SPOT    20    45%W -0.2%    50%W +0.0%    70%W +0.5%    60%W +0.5%    65%W +0.5%    75%W +0.5%       -2.2% → +4.1%
  MU      20    55%W +0.1%    55%W +0.2%    55%W +0.3%    35%W -0.3%    60%W +0.6%    60%W +0.4%       -2.6% → +2.2%
  LLY     20    60%W +0.2%    45%W -0.1%    55%W +0.1%    70%W +0.3%    70%W +0.4%    60%W +0.4%       -1.0% → +2.4%
  TSLA    20    65%W +0.2%    55%W +0.2%    45%W -0.1%    40%W -0.2%    60%W +0.2%    55%W +0.3%       -3.3% → +3.3%
  MRVL    20    55%W +0.1%    50%W -0.0%    65%W +0.1%    45%W -0.2%    55%W +0.3%    50%W +0.2%       -2.2% → +3.1%
  QCOM    20    60%W +0.0%    70%W +0.2%    60%W +0.2%    60%W +0.2%    65%W +0.1%    50%W +0.0%       -2.3% → +1.0%
  CHTR    20    45%W -0.1%    45%W -0.1%    55%W +0.0%    45%W -0.1%    65%W +0.2%    50%W -0.0%       -1.6% → +2.4%
  AVGO    20    45%W -0.0%    45%W -0.1%    55%W +0.0%    45%W -0.1%    55%W +0.0%    50%W -0.0%       -1.6% → +2.3%
  META    20    55%W +0.1%    45%W -0.0%    65%W +0.1%    50%W -0.0%    50%W +0.0%    45%W -0.5%       -1.6% → +2.5%
  AMD     20    50%W -0.0%    50%W +0.1%    50%W +0.2%    45%W -0.1%    50%W -0.1%    40%W -0.3%       -2.9% → +3.6%
Pre-session top-2 (9:25, 20d EOD win rate) — 2019-02-28  OR: 09:30/3b
  #1 SNPS   +15m 60%W +0.1%  +30m 60%W +0.2%  +1h 85%W +0.4%  +2h 75%W +0.2%  +5h 80%W +0.4%  EOD 80%W +0.6%  EOD range -0.8% → +2.5%
  #2 SPOT   +15m 40%W -0.2%  +30m 45%W -0.0%  +1h 65%W +0.4%  +2h 60%W +0.5%  +5h 60%W +0.5%  EOD 70%W +0.4%  EOD range -2.2% → +4.1%
  Ticker   N          +15m          +30m           +1h           +2h           +5h           EOD           EOD range
  ----------------------------------------------------------------------------------------------------------------------
  SNPS    20    60%W +0.1%    60%W +0.2%    85%W +0.4%    75%W +0.2%    80%W +0.4%    80%W +0.6%       -0.8% → +2.5%
  SPOT    20    40%W -0.2%    45%W -0.0%    65%W +0.4%    60%W +0.5%    60%W +0.5%    70%W +0.4%       -2.2% → +4.1%
  MU      20    50%W +0.0%    50%W -0.0%    50%W +0.1%    30%W -0.3%    55%W +0.6%    60%W +0.4%       -2.6% → +2.2%
  LLY     20    60%W +0.2%    50%W -0.0%    55%W +0.1%    70%W +0.3%    70%W +0.6%    60%W +0.4%       -1.0% → +2.4%
  QCOM    20    60%W +0.1%    65%W +0.1%    60%W +0.2%    65%W +0.2%    70%W +0.1%    55%W +0.1%       -1.6% → +1.0%
  CHTR    20    45%W -0.1%    45%W -0.1%    55%W +0.0%    45%W -0.1%    65%W +0.2%    55%W +0.1%       -1.6% → +2.4%
  TSLA    20    65%W +0.2%    60%W +0.2%    50%W +0.0%    45%W -0.2%    60%W +0.5%    55%W +0.3%       -3.3% → +3.3%
  MRVL    20    55%W +0.1%    50%W -0.0%    65%W +0.1%    50%W -0.1%    55%W +0.3%    50%W +0.2%       -2.2% → +3.1%
  META    20    55%W +0.1%    45%W -0.0%    65%W +0.1%    50%W -0.0%    50%W +0.0%    45%W -0.3%       -1.6% → +2.5%
  AVGO    20    40%W -0.1%    45%W -0.1%    50%W -0.0%    40%W -0.2%    50%W -0.1%    45%W -0.0%       -1.6% → +2.3%
  AMD     20    50%W -0.0%    45%W -0.1%    45%W -0.1%    45%W -0.1%    50%W -0.1%    40%W -0.3%       -2.9% → +3.6%

=========================================================================================================================================================================================
Pre-Session Top-2 Performance — 2019-02-01 to 2019-02-28  |  Unconditional OR-close entry  |  OR: 09:30/3b
=========================================================================================================================================================================================
Date         Ticker Rank  At       Entry       +15m       +30m       +45m        +1h     +1h30m        +2h        +3h        +4h        +5h        +6h        +7h        EOD
-----------------------------------------------------------------------------------------------------------------------------------------------------------------------------------------
2019-02-01   META   #1    09:40   167.81    -0.03%L    +0.43%W    +0.48%W    -0.19%L    -0.72%L    -0.33%L    -0.80%L    -0.46%L    -0.54%L    -0.92%L    -1.25%L    -1.25%L
2019-02-01   LLY    #2    09:40   119.22    +0.38%W    +0.62%W    +0.88%W    +0.93%W    +0.98%W    +1.12%W    +1.15%W    +1.14%W    +1.18%W    +1.41%W    +1.36%W    +1.36%W
2019-02-04   LLY    #1    09:40   120.22    -0.87%L    -1.06%L    -1.21%L    -0.91%L    -1.07%L    -1.04%L    -0.92%L    -0.49%L    -0.50%L    -0.37%L    -0.05%L    -0.05%L
2019-02-04   META   #2    09:40   165.81    +0.24%W    +1.08%W    +0.92%W    +1.34%W    +1.38%W    +1.06%W    +1.60%W    +1.69%W    +1.70%W    +1.82%W    +2.07%W    +2.07%W
2019-02-05   META   #1    09:40   170.83    -0.50%L    +0.11%W    +0.25%W    +0.61%W    -0.02%L    +0.24%W    -0.38%L    -0.35%L    +0.04%W    +0.09%W    +0.19%W    +0.19%W
2019-02-05   SNPS   #2    09:40    98.44    -0.35%L    -0.29%L    +0.06%W    +0.06%W    -0.20%L    -0.15%L    -0.43%L    -0.41%L    +0.10%W    +0.18%W    +0.27%W    +0.27%W
2019-02-06   META   #1    09:40   171.39    +0.17%W    -0.74%L    -0.99%L    -0.50%L    -0.63%L    -0.71%L    -0.82%L    -0.48%L    -0.69%L    -0.48%L    -0.52%L    -0.52%L
2019-02-06   SNPS   #2    09:40    98.80    +0.17%W    -0.46%L    -0.17%L    +0.32%W    +0.47%W    +0.18%W    +0.25%W    +0.56%W    +0.61%W    +0.94%W    +0.97%W    +0.97%W
2019-02-07   SNPS   #1    09:40    98.33    +0.38%W    +0.47%W    +0.67%W    +0.47%W    +0.15%W    -0.12%L    -0.31%L    +0.01%W    -0.04%L    +0.06%W    +0.15%W    +0.15%W
2019-02-07   SPOT   #2    09:40   132.35    -0.48%L    -0.08%L    +0.88%W    +0.05%W    -1.67%L    -2.17%L    -1.70%L    -0.67%L    -1.43%L    -1.16%L    -0.88%L    -0.88%L
2019-02-08   SNPS   #1    09:40    98.37    -0.20%L    -0.13%L    -0.09%L    +0.23%W    +0.35%W    +0.29%W    +0.48%W    +0.57%W    +1.06%W    +0.86%W    +1.07%W    +1.07%W
2019-02-08   SPOT   #2    09:40   129.49    -0.22%L    -0.07%L    +0.11%W    +0.85%W    +1.74%W    +2.59%W    +3.49%W    +3.67%W    +4.73%W    +3.45%W    +4.07%W    +4.07%W
2019-02-11   SNPS   #1    09:40    99.03    -0.09%L    +0.00%L    +0.26%W    +0.40%W    +0.16%W    +0.05%W    +0.10%W    -0.25%L    -0.02%L    -0.13%L    -0.18%L    -0.18%L
2019-02-11   SPOT   #2    09:40   137.71    -0.20%L    -0.56%L    -0.74%L    -0.45%L    -0.80%L    -0.95%L    -0.74%L    -1.03%L    +0.15%W    -0.01%L    +0.14%W    +0.14%W
2019-02-12   SNPS   #1    09:40    99.58    +0.33%W    +0.46%W    +0.49%W    +0.45%W    +0.99%W    +1.23%W    +1.23%W    +1.52%W    +1.77%W    +2.03%W    +2.02%W    +2.02%W
2019-02-12   SPOT   #2    09:40   139.83    +0.62%W    +1.55%W    +2.00%W    +1.52%W    +1.79%W    +1.75%W    +1.46%W    +0.14%W    +0.94%W    +0.99%W    +0.46%W    +0.46%W
2019-02-13   SNPS   #1    09:40   101.52    +0.22%W    -0.21%L    -0.04%L    -0.09%L    -0.40%L    -0.71%L    -0.41%L    -0.33%L    -0.21%L    -0.35%L    -0.85%L    -0.85%L
2019-02-13   SPOT   #2    09:40   141.16    +0.72%W    +0.23%W    +0.67%W    +0.68%W    +0.84%W    +0.45%W    +1.24%W    +1.15%W    +1.35%W    +1.72%W    +1.71%W    +1.71%W
2019-02-14   SPOT   #1    09:40   144.45    +0.53%W    +0.20%W    +0.84%W    +0.67%W    +1.29%W    +1.77%W    +2.62%W    +1.43%W    +1.28%W    +1.90%W    +1.66%W    +1.66%W
2019-02-14   SNPS   #2    09:40   100.49    +0.36%W    +0.80%W    +0.53%W    +0.15%W    +0.15%W    +0.20%W    +0.35%W    +0.29%W    +0.18%W    +0.21%W    +0.11%W    +0.11%W
2019-02-15   SPOT   #1    09:40   146.12    +0.46%W    +0.34%W    +0.59%W    +0.55%W    +0.41%W    +0.49%W    +0.83%W    +0.53%W    +0.38%W    +1.49%W    +1.70%W    +1.70%W
2019-02-15   SNPS   #2    09:40   100.96    +0.27%W    +0.31%W    +0.41%W    +0.39%W    +0.24%W    -0.06%L    +0.27%W    +0.19%W    +0.51%W    +0.51%W    +0.68%W    +0.68%W
2019-02-19   SPOT   #1    09:40   149.50    -1.89%L    -1.40%L    -1.49%L    -1.68%L    -2.09%L    -1.67%L    -1.69%L    -1.62%L    -1.79%L    -1.74%L    -2.16%L    -2.16%L
2019-02-19   SNPS   #2    09:40   100.75    +0.11%W    +0.39%W    +0.32%W    +0.53%W    +0.52%W    +0.57%W    +0.78%W    +0.76%W    +1.06%W    +1.10%W    +1.10%W    +1.10%W
2019-02-20   SPOT   #1    09:40   147.05    +0.34%W    +0.26%W    +0.72%W    +0.66%W    +0.28%W    +0.94%W    -0.36%L    +0.18%W    +0.90%W    +0.95%W    +0.55%W    +0.55%W
2019-02-20   SNPS   #2    09:40   102.49    +0.99%W    +0.78%W    +1.00%W    +0.87%W    +0.86%W    +1.21%W    +0.52%W    +0.43%W    +0.38%W    +0.76%W    +0.52%W    +0.52%W
2019-02-21   SPOT   #1    09:40   147.75    -0.28%L    -0.03%L    +0.12%W    +0.11%W    +0.09%W    +0.49%W    +0.57%W    +0.77%W    +0.54%W    +0.34%W    +0.50%W    +0.50%W
2019-02-21   SNPS   #2    09:40   100.33    -0.13%L    -0.06%L    +0.45%W    +0.42%W    +0.72%W    +0.58%W    +1.35%W    +0.79%W    +0.82%W    +1.03%W    +1.12%W    +1.12%W
2019-02-22   SPOT   #1    09:40   150.89    -0.27%L    -0.98%L    -0.63%L    -0.11%L    +0.77%W    +0.71%W    +0.08%W    -0.61%L    -0.58%L    -0.02%L    +0.19%W    +0.19%W
2019-02-22   SNPS   #2    09:40   101.73    +0.86%W    +0.92%W    +0.19%W    +0.28%W    +0.64%W    +0.78%W    +0.79%W    +0.62%W    +0.07%W    +0.40%W    +0.56%W    +0.56%W
2019-02-25   SPOT   #1    09:40   151.91    -0.53%L    -1.35%L    -1.32%L    -1.36%L    -0.71%L    -1.18%L    -1.28%L    -1.06%L    -1.10%L    -1.34%L    -1.65%L    -1.65%L
2019-02-25   SNPS   #2    09:40   103.31    -0.12%L    +0.01%W    -0.29%L    -0.04%L    +0.30%W    +0.12%W    -0.32%L    -0.24%L    -0.17%L    -0.26%L    -0.38%L    -0.38%L
2019-02-26   SPOT   #1    09:40   147.47    -1.58%L    -0.21%L    -0.57%L    -0.67%L    -0.04%L    -0.32%L    -0.62%L    -0.71%L    -1.20%L    -1.37%L    -1.68%L    -1.68%L
2019-02-26   SNPS   #2    09:40   102.76    +0.02%W    +0.14%W    +0.18%W    +0.07%W    -0.10%L    -0.11%L    -0.07%L    -0.09%L    +0.03%W    +0.00%W    -0.16%L    -0.16%L
2019-02-27   SNPS   #1    09:40   102.27    -0.27%L    -0.59%L    -0.60%L    -0.40%L    -0.41%L    +0.03%W    -0.01%L    -0.05%L    +0.19%W    +0.19%W    +0.35%W    +0.35%W
2019-02-27   SPOT   #2    09:40   147.02    -0.26%L    -1.46%L    -2.11%L    -1.97%L    -2.31%L    -2.23%L    -2.46%L    -2.10%L    -1.62%L    -1.24%L    -1.37%L    -1.37%L
2019-02-28   SNPS   #1    09:40   102.80    -0.15%L    -0.52%L    -0.39%L    -0.58%L    -0.61%L    -0.02%L    +0.08%W    -0.21%L    -0.64%L    -0.67%L    -1.09%L    -1.09%L
2019-02-28   SPOT   #2    09:40   144.47    -0.84%L    -1.72%L    -2.24%L    -2.21%L    -2.59%L    -2.34%L    -2.22%L    -2.26%L    -3.44%L    -2.97%L    -3.00%L    -3.00%L

========================================================================================
Pre-session picks summary — 38 pick(s) across 19 trading day(s)

Top-2 picks (all days)  (38 signal(s))
  Hold      Count   Win Rate   Avg Gain    Avg Win   Avg Loss ProfitFactor   Sum Ret%
  -------------------------------------------------------------------------
  +15m         38      47.4%     -0.06%     +0.40%     -0.46%        0.77x     -2.12%
  +30m         38      47.4%     -0.07%     +0.51%     -0.60%        0.76x     -2.81%
  +45m         38      60.5%     +0.00%     +0.57%     -0.86%        1.01x     +0.13%
  +1h          38      63.2%     +0.04%     +0.53%     -0.80%        1.13x     +1.46%
  +1h30m       38      57.9%     +0.02%     +0.69%     -0.90%        1.05x     +0.73%
  +2h          38      57.9%     +0.07%     +0.77%     -0.88%        1.19x     +2.73%
  +3h          38      52.6%     +0.10%     +0.96%     -0.86%        1.24x     +3.70%
  +4h          38      50.0%     +0.08%     +0.86%     -0.71%        1.22x     +2.99%
  +5h          38      60.5%     +0.16%     +0.87%     -0.93%        1.43x     +5.97%
  +6h          38      60.5%     +0.25%     +0.97%     -0.87%        1.72x     +9.38%
  +7h          38      63.2%     +0.22%     +0.98%     -1.09%        1.55x     +8.32%
  EOD          38      63.2%     +0.22%     +0.98%     -1.09%        1.55x     +8.32%

=========================================================================================================================================================================================
Signal Analysis — 2019-02-01 to 2019-02-28  |  BULL only  |  Vol ≥ 1.0x 20dAvg
Windows: 09:30/3b  |  Collection: 3 bars  |  Tickers: 18
=========================================================================================================================================================================================
Date         Ticker Window   At       Entry  Vol/20d       +15m       +30m       +45m        +1h     +1h30m        +2h        +3h        +4h        +5h        +6h        +7h        EOD
-----------------------------------------------------------------------------------------------------------------------------------------------------------------------------------------
2019-02-01   META   09:30/3b 09:40   167.81    1.65x    -0.03%L    +0.43%W    +0.48%W    -0.19%L    -0.72%L    -0.33%L    -0.80%L    -0.46%L    -0.54%L    -0.92%L    -1.25%L    -1.25%L
2019-02-01   MU     09:30/3b 09:40    39.17    1.12x    -0.54%L    +0.54%W    +1.33%W    +1.20%W    +0.75%W    +1.15%W    +0.53%W    +1.37%W    +0.82%W    +1.17%W    +1.07%W    +1.07%W
2019-02-01   TSLA   09:30/3b 09:40   309.00    1.00x    -0.23%L    +1.42%W    +2.27%W    +1.93%W    +1.34%W    +1.45%W    +1.05%W    +0.45%W    +0.63%W    +0.57%W    +1.09%W    +1.09%W
2019-02-05   META   09:30/3b 09:40   170.83    1.09x    -0.50%L    +0.11%W    +0.25%W    +0.61%W    -0.02%L    +0.24%W    -0.38%L    -0.35%L    +0.04%W    +0.09%W    +0.19%W    +0.19%W
2019-02-05   MU     09:30/3b 09:40    40.08    1.20x    +0.29%W    +0.14%W    +0.02%W    -0.21%L    -0.51%L    -1.14%L    -1.68%L    -1.23%L    -1.38%L    -1.60%L    -1.83%L    -1.83%L
2019-02-05   MRVL   09:30/3b 09:40    18.53    1.49x    +0.22%W    +0.16%W    +0.16%W    +0.35%W    +0.76%W    -0.30%L    +0.08%W    +0.46%W    +0.70%W    +0.62%W    +0.70%W    +0.70%W
2019-02-08   LLY    09:30/3b 09:40   120.17    2.99x    +0.41%W    +0.90%W    +0.67%W    +0.82%W    +0.20%W    -0.37%L    -1.07%L    -0.36%L    -0.27%L    -0.28%L    -0.46%L    -0.46%L
2019-02-12   SPOT   09:30/3b 09:40   139.83    1.30x    +0.62%W    +1.55%W    +2.00%W    +1.52%W    +1.79%W    +1.75%W    +1.46%W    +0.14%W    +0.94%W    +0.99%W    +0.46%W    +0.46%W
2019-02-12   CHTR   09:30/3b 09:40   341.53    1.42x    -0.45%L    -0.14%L    -0.16%L    -0.23%L    -0.17%L    -0.24%L    -0.13%L    -0.16%L    -0.09%L    -0.21%L    -0.33%L    -0.33%L
2019-02-12   TSLA   09:30/3b 09:40   316.62    1.03x    +0.00%L    -0.19%L    -0.57%L    -0.44%L    -0.01%L    -0.13%L    -0.71%L    -1.30%L    -1.18%L    -1.36%L    -1.52%L    -1.52%L
2019-02-13   QCOM   09:30/3b 09:40    52.41    1.37x    -0.71%L    -0.92%L    -1.08%L    -0.93%L    -0.99%L    -1.11%L    -1.05%L    -1.16%L    -1.07%L    -1.36%L    -1.56%L    -1.56%L
2019-02-14   SPOT   09:30/3b 09:45   145.14    1.25x    -0.12%L    +0.00%W    +0.15%W    +0.16%W    +0.80%W    +1.56%W    +2.27%W    +1.11%W    +0.94%W    +1.34%W    +1.18%W    +1.18%W
2019-02-14   MU     09:30/3b 09:40    42.44    1.66x    +1.39%W    +0.33%W    +0.14%W    -0.78%L    -0.36%L    -0.30%L    -0.05%L    -0.19%L    -0.38%L    -0.52%L    -0.52%L    -0.52%L
2019-02-14   LLY    09:30/3b 09:40   119.52    4.01x    -0.40%L    -0.33%L    -0.40%L    -0.23%L    +0.01%W    +0.59%W    +1.13%W    +1.00%W    +0.92%W    +1.02%W    +1.00%W    +1.00%W
2019-02-14   AVGO   09:30/3b 09:40   281.99    1.05x    +0.18%W    +0.13%W    +0.08%W    -0.50%L    -0.74%L    -0.52%L    -0.49%L    -0.15%L    +0.06%W    +0.07%W    -0.17%L    -0.17%L
2019-02-15   LLY    09:30/3b 09:40   120.90    1.13x    +0.12%W    +0.02%W    +0.13%W    +0.09%W    +0.15%W    +0.34%W    +0.52%W    +0.58%W    +1.01%W    +1.03%W    +1.29%W    +1.29%W
2019-02-19   SPOT   09:30/3b 09:40   149.50    1.06x    -1.89%L    -1.40%L    -1.49%L    -1.68%L    -2.09%L    -1.67%L    -1.69%L    -1.62%L    -1.79%L    -1.74%L    -2.16%L    -2.16%L
2019-02-19   AMD    09:30/3b 09:40    24.16    1.15x    +0.06%W    +0.46%W    +0.95%W    +0.50%W    +0.77%W    +0.52%W    +0.14%W    -0.16%L    -0.30%L    -0.54%L    -0.87%L    -0.87%L
2019-02-20   LLY    09:30/3b 09:45   122.20    1.55x    +0.13%W    +0.19%W    +0.16%W    -0.14%L    -0.09%L    +0.02%W    -0.25%L    +0.09%W    +0.39%W    +0.29%W    +0.39%W    +0.39%W
2019-02-22   SNPS   09:30/3b 09:40   101.73    4.44x    +0.86%W    +0.92%W    +0.19%W    +0.28%W    +0.64%W    +0.78%W    +0.79%W    +0.62%W    +0.07%W    +0.40%W    +0.56%W    +0.56%W
2019-02-22   LLY    09:30/3b 09:40   123.74    1.11x    +0.50%W    +0.16%W    +0.33%W    +0.51%W    +0.23%W    +0.13%W    +0.48%W    +0.68%W    +0.19%W    +0.08%W    +0.20%W    +0.20%W
2019-02-22   CHTR   09:30/3b 09:40   352.46    1.30x    -0.06%L    -0.24%L    -0.36%L    -0.54%L    -0.56%L    -0.79%L    -0.67%L    -0.66%L    -0.72%L    -0.56%L    -0.71%L    -0.71%L
2019-02-26   QCOM   09:30/3b 09:45    52.78    1.47x    +0.70%W    +0.67%W    +0.60%W    +0.52%W    +0.81%W    +0.71%W    +0.28%W    +0.33%W    +0.63%W    +0.51%W    +0.49%W    +0.49%W
2019-02-27   SPOT   09:30/3b 09:45   147.38    1.17x    -0.68%L    -1.64%L    -2.31%L    -2.32%L    -2.35%L    -2.43%L    -2.86%L    -2.33%L    -1.95%L    -1.38%L    -1.61%L    -1.61%L
2019-02-27   LLY    09:30/3b 09:45   125.10    1.84x    +0.00%L    -0.29%L    -0.30%L    -0.33%L    -0.37%L    -0.13%L    +0.74%W    +0.47%W    +0.53%W    +0.48%W    +0.46%W    +0.46%W
2019-02-28   LLY    09:30/3b 09:45   126.95    1.07x    -0.43%L    -0.31%L    +0.29%W    +0.01%W    -0.12%L    -0.46%L    -0.60%L    +0.06%W    +0.15%W    -0.28%L    -0.52%L    -0.52%L

========================================================================================
Summary — 26 qualifying signal(s) across 19 trading day(s)

Window 09:30/3b  (26 signal(s))
  Hold      Count   Win Rate   Avg Gain    Avg Win   Avg Loss ProfitFactor   Sum Ret%
  -------------------------------------------------------------------------
  +15m         26      46.2%     -0.02%     +0.46%     -0.43%        0.91x     -0.54%
  +30m         26      65.4%     +0.10%     +0.48%     -0.61%        1.49x     +2.69%
  +45m         26      69.2%     +0.14%     +0.57%     -0.83%        1.53x     +3.52%
  +1h          26      50.0%     -0.00%     +0.65%     -0.66%        1.00x     -0.02%
  +1h30m       26      46.2%     -0.03%     +0.69%     -0.65%        0.90x     -0.87%
  +2h          26      46.2%     -0.03%     +0.77%     -0.71%        0.93x     -0.67%
  +3h          26      46.2%     -0.11%     +0.79%     -0.89%        0.76x     -2.96%
  +4h          26      50.0%     -0.11%     +0.57%     -0.78%        0.73x     -2.75%
  +5h          26      57.7%     -0.06%     +0.53%     -0.88%        0.83x     -1.65%
  +6h          26      53.8%     -0.08%     +0.62%     -0.90%        0.81x     -2.06%
  +7h          26      50.0%     -0.17%     +0.70%     -1.04%        0.67x     -4.42%
  EOD          26      50.0%     -0.17%     +0.70%     -1.04%        0.67x     -4.42%
