Fetching 5-min bars (2019-01-02 → 2019-02-28) [alpaca]...
  [cache] fetching 9 tickers from alpaca (cache miss)
  [cache] loaded 7 tickers from cache
Fetching daily bars (2018-02-01 → 2019-02-28)...

=========================================================================================================================================================================================
Pre-Session Rankings (9:25) — 2019-02-01 to 2019-02-28  |  20d lookback
=========================================================================================================================================================================================
Pre-session top-2 (9:25, 20d EOD win rate) — 2019-02-01  OR: 09:30/3b
  #1 LLY    +15m 55%W +0.1%  +30m 55%W +0.1%  +1h 50%W -0.0%  +2h 50%W -0.1%  +5h 65%W +0.2%  EOD 75%W +0.5%  EOD range -2.1% → +2.4%
  #2 SNPS   +15m 60%W +0.1%  +30m 60%W +0.1%  +1h 60%W +0.1%  +2h 70%W +0.2%  +5h 70%W +0.7%  EOD 70%W +0.6%  EOD range -2.3% → +2.1%
  Ticker   N          +15m          +30m           +1h           +2h           +5h           EOD           EOD range
  ----------------------------------------------------------------------------------------------------------------------
  LLY     20  55%W +0.1%  55%W +0.1%  50%W -0.0%  50%W -0.1%  65%W +0.2%  75%W +0.5%       -2.1% → +2.4%
  SNPS    20  60%W +0.1%  60%W +0.1%  60%W +0.1%  70%W +0.2%  70%W +0.7%  70%W +0.6%       -2.3% → +2.1%
  MRVL    20  40%W -0.1%  50%W -0.0%  50%W +0.0%  55%W +0.3%  65%W +0.3%  65%W +0.6%       -2.0% → +1.7%
  TSLA    20  50%W -0.0%  65%W +0.2%  45%W -0.1%  70%W +0.3%  65%W +1.1%  65%W +0.9%       -5.3% → +3.2%
  META    20  50%W -0.0%  55%W +0.0%  55%W +0.1%  65%W +0.5%  65%W +0.3%  60%W +0.3%       -2.5% → +2.9%
  AMD     20  50%W +0.1%  45%W -0.1%  45%W -0.5%  55%W +0.5%  65%W +1.1%  60%W +1.3%       -4.7% → +6.6%
  SPOT    20  60%W +0.3%  65%W +0.4%  55%W +0.2%  65%W +0.5%  55%W +0.2%  60%W +0.4%       -3.5% → +5.4%
  AVGO    20  50%W +0.0%  45%W -0.0%  55%W +0.1%  60%W +0.4%  60%W +0.3%  60%W +0.1%       -4.3% → +2.2%
  MU      20  70%W +0.2%  55%W +0.1%  55%W +0.3%  55%W +0.4%  60%W +0.7%  55%W +0.2%       -2.5% → +3.9%
  CHTR    20  65%W +0.3%  50%W +0.0%  50%W +0.1%  55%W +0.1%  50%W +0.1%  55%W +0.1%       -1.9% → +2.7%
  QCOM    20  50%W -0.1%  40%W -0.2%  55%W +0.1%  35%W -0.1%  45%W -0.3%  40%W -0.2%       -2.3% → +1.2%
Pre-session top-2 (9:25, 20d EOD win rate) — 2019-02-04  OR: 09:30/3b
  #1 LLY    +15m 60%W +0.3%  +30m 60%W +0.1%  +1h 55%W +0.0%  +2h 55%W +0.0%  +5h 70%W +0.3%  EOD 80%W +0.6%  EOD range -1.8% → +2.4%
  #2 SNPS   +15m 65%W +0.1%  +30m 65%W +0.1%  +1h 65%W +0.2%  +2h 75%W +0.4%  +5h 75%W +0.7%  EOD 75%W +0.7%  EOD range -1.3% → +2.1%
  Ticker   N          +15m          +30m           +1h           +2h           +5h           EOD           EOD range
  ----------------------------------------------------------------------------------------------------------------------
  LLY     20  60%W +0.3%  60%W +0.1%  55%W +0.0%  55%W +0.0%  70%W +0.3%  80%W +0.6%       -1.8% → +2.4%
  SNPS    20  65%W +0.1%  65%W +0.1%  65%W +0.2%  75%W +0.4%  75%W +0.7%  75%W +0.7%       -1.3% → +2.1%
  TSLA    20  50%W -0.0%  70%W +0.2%  50%W +0.1%  70%W +0.4%  70%W +1.1%  70%W +1.2%       -5.3% → +3.2%
  MRVL    20  45%W -0.0%  55%W +0.0%  55%W +0.2%  55%W +0.3%  65%W +0.3%  65%W +0.6%       -2.0% → +1.7%
  AMD     20  50%W +0.1%  50%W -0.0%  50%W -0.1%  60%W +0.7%  70%W +1.1%  65%W +1.3%       -4.7% → +6.6%
  SPOT    20  65%W +0.3%  70%W +0.5%  60%W +0.6%  70%W +0.6%  60%W +0.4%  65%W +0.5%       -2.7% → +5.4%
  META    20  55%W +0.0%  60%W +0.1%  55%W +0.1%  65%W +0.5%  65%W +0.3%  60%W +0.3%       -1.6% → +2.9%
  MU      20  70%W +0.2%  55%W +0.1%  60%W +0.6%  55%W +0.4%  65%W +0.9%  60%W +0.4%       -2.5% → +3.9%
  AVGO    20  55%W +0.1%  50%W +0.0%  55%W +0.1%  60%W +0.4%  60%W +0.3%  60%W +0.1%       -1.8% → +2.2%
  CHTR    20  65%W +0.3%  50%W +0.0%  50%W +0.1%  55%W +0.1%  50%W +0.1%  55%W +0.1%       -1.9% → +2.7%
  QCOM    20  55%W +0.1%  45%W -0.1%  60%W +0.2%  35%W -0.1%  45%W -0.2%  40%W -0.2%       -2.3% → +1.2%
Pre-session top-2 (9:25, 20d EOD win rate) — 2019-02-05  OR: 09:30/3b
  #1 SNPS   +15m 65%W +0.1%  +30m 65%W +0.1%  +1h 65%W +0.2%  +2h 75%W +0.4%  +5h 75%W +0.7%  EOD 75%W +0.7%  EOD range -1.3% → +2.1%
  #2 LLY    +15m 55%W +0.1%  +30m 60%W +0.1%  +1h 50%W -0.0%  +2h 50%W -0.1%  +5h 65%W +0.2%  EOD 75%W +0.5%  EOD range -1.8% → +2.4%
  Ticker   N          +15m          +30m           +1h           +2h           +5h           EOD           EOD range
  ----------------------------------------------------------------------------------------------------------------------
  SNPS    20  65%W +0.1%  65%W +0.1%  65%W +0.2%  75%W +0.4%  75%W +0.7%  75%W +0.7%       -1.3% → +2.1%
  LLY     20  55%W +0.1%  60%W +0.1%  50%W -0.0%  50%W -0.1%  65%W +0.2%  75%W +0.5%       -1.8% → +2.4%
  TSLA    20  55%W +0.0%  70%W +0.2%  50%W +0.1%  70%W +0.4%  70%W +1.1%  70%W +1.2%       -5.3% → +3.2%
  MRVL    20  45%W -0.0%  50%W +0.0%  50%W +0.0%  55%W +0.2%  65%W +0.3%  65%W +0.6%       -2.0% → +1.7%
  AVGO    20  55%W +0.1%  50%W +0.0%  55%W +0.1%  55%W +0.3%  60%W +0.5%  65%W +0.3%       -1.8% → +2.2%
  META    20  50%W -0.0%  65%W +0.2%  55%W +0.1%  65%W +0.5%  65%W +0.3%  60%W +0.3%       -1.6% → +2.9%
  MU      20  65%W +0.2%  60%W +0.2%  60%W +0.6%  55%W +0.4%  65%W +0.9%  60%W +0.4%       -2.5% → +3.9%
  AMD     20  45%W -0.0%  50%W -0.0%  45%W -0.4%  55%W +0.5%  65%W +0.6%  60%W +0.8%       -4.7% → +5.7%
  SPOT    20  65%W +0.3%  70%W +0.5%  60%W +0.6%  70%W +0.6%  60%W +0.2%  60%W +0.4%       -2.7% → +3.9%
  CHTR    20  60%W +0.2%  50%W +0.0%  50%W -0.0%  50%W -0.0%  45%W -0.0%  50%W -0.1%       -1.9% → +2.4%
  QCOM    20  55%W +0.1%  45%W -0.1%  55%W +0.2%  35%W -0.1%  40%W -0.2%  35%W -0.2%       -2.3% → +1.2%
Pre-session top-2 (9:25, 20d EOD win rate) — 2019-02-06  OR: 09:30/3b
  #1 SNPS   +15m 60%W +0.1%  +30m 70%W +0.1%  +1h 65%W +0.1%  +2h 70%W +0.2%  +5h 75%W +0.7%  EOD 75%W +0.6%  EOD range -1.3% → +2.1%
  #2 TSLA   +15m 50%W -0.0%  +30m 65%W +0.2%  +1h 50%W +0.1%  +2h 70%W +0.4%  +5h 70%W +1.1%  EOD 70%W +1.1%  EOD range -5.3% → +3.2%
  Ticker   N          +15m          +30m           +1h           +2h           +5h           EOD           EOD range
  ----------------------------------------------------------------------------------------------------------------------
  SNPS    20  60%W +0.1%  70%W +0.1%  65%W +0.1%  70%W +0.2%  75%W +0.7%  75%W +0.6%       -1.3% → +2.1%
  TSLA    20  50%W -0.0%  65%W +0.2%  50%W +0.1%  70%W +0.4%  70%W +1.1%  70%W +1.1%       -5.3% → +3.2%
  LLY     20  55%W +0.1%  55%W +0.1%  50%W -0.0%  50%W -0.1%  65%W +0.2%  70%W +0.4%       -1.8% → +2.4%
  MRVL    20  45%W -0.0%  50%W +0.0%  55%W +0.2%  50%W +0.1%  65%W +0.3%  65%W +0.5%       -2.0% → +1.7%
  META    20  50%W -0.0%  70%W +0.3%  60%W +0.1%  65%W +0.4%  65%W +0.2%  60%W +0.4%       -1.6% → +2.9%
  MU      20  65%W +0.2%  60%W +0.2%  60%W +0.6%  55%W +0.4%  65%W +0.9%  60%W +0.4%       -2.5% → +3.9%
  SPOT    20  60%W +0.3%  65%W +0.4%  60%W +0.3%  65%W +0.5%  60%W +0.2%  60%W +0.4%       -2.7% → +3.5%
  AVGO    20  55%W +0.1%  50%W +0.0%  60%W +0.1%  55%W +0.2%  55%W +0.2%  60%W +0.1%       -1.8% → +2.2%
  AMD     20  40%W -0.1%  45%W -0.1%  40%W -0.5%  50%W +0.1%  60%W +0.4%  55%W +0.5%       -4.7% → +5.7%
  CHTR    20  55%W +0.1%  45%W -0.0%  50%W -0.0%  45%W -0.1%  45%W -0.0%  50%W -0.0%       -1.9% → +2.4%
  QCOM    20  55%W +0.1%  50%W -0.0%  55%W +0.2%  40%W -0.0%  40%W -0.2%  35%W -0.2%       -2.3% → +1.2%
Pre-session top-2 (9:25, 20d EOD win rate) — 2019-02-07  OR: 09:30/3b
  #1 SNPS   +15m 55%W +0.0%  +30m 70%W +0.1%  +1h 70%W +0.2%  +2h 70%W +0.2%  +5h 80%W +0.7%  EOD 80%W +0.7%  EOD range -1.3% → +2.1%
  #2 TSLA   +15m 45%W -0.1%  +30m 65%W +0.2%  +1h 50%W +0.1%  +2h 70%W +0.4%  +5h 70%W +1.1%  EOD 70%W +1.1%  EOD range -5.3% → +3.2%
  Ticker   N          +15m          +30m           +1h           +2h           +5h           EOD           EOD range
  ----------------------------------------------------------------------------------------------------------------------
  SNPS    20  55%W +0.0%  70%W +0.1%  70%W +0.2%  70%W +0.2%  80%W +0.7%  80%W +0.7%       -1.3% → +2.1%
  TSLA    20  45%W -0.1%  65%W +0.2%  50%W +0.1%  70%W +0.4%  70%W +1.1%  70%W +1.1%       -5.3% → +3.2%
  MU      20  70%W +0.3%  65%W +0.2%  65%W +0.7%  60%W +0.8%  70%W +0.9%  65%W +0.6%       -2.5% → +3.9%
  MRVL    20  50%W +0.1%  55%W +0.1%  60%W +0.3%  55%W +0.2%  65%W +0.3%  65%W +0.6%       -2.0% → +1.7%
  LLY     20  50%W +0.0%  55%W +0.1%  50%W -0.0%  50%W -0.1%  65%W +0.2%  65%W +0.3%       -1.8% → +2.4%
  SPOT    20  60%W +0.3%  65%W +0.4%  60%W +0.3%  65%W +0.5%  60%W +0.2%  60%W +0.4%       -2.3% → +3.5%
  AVGO    20  60%W +0.2%  50%W +0.0%  65%W +0.1%  60%W +0.3%  55%W +0.2%  60%W +0.1%       -1.8% → +2.2%
  META    20  50%W -0.0%  70%W +0.3%  60%W +0.1%  60%W +0.4%  60%W +0.2%  55%W +0.3%       -1.6% → +2.9%
  CHTR    20  50%W +0.0%  45%W -0.0%  55%W +0.1%  45%W -0.2%  50%W +0.0%  55%W +0.4%       -1.9% → +2.4%
  AMD     20  40%W -0.1%  45%W -0.1%  40%W -0.5%  50%W +0.1%  55%W +0.3%  50%W -0.1%       -4.7% → +5.7%
  QCOM    20  55%W +0.1%  50%W -0.0%  60%W +0.2%  40%W -0.0%  40%W -0.2%  35%W -0.2%       -2.3% → +1.2%
Pre-session top-2 (9:25, 20d EOD win rate) — 2019-02-08  OR: 09:30/3b
  #1 SNPS   +15m 50%W +0.0%  +30m 70%W +0.1%  +1h 70%W +0.2%  +2h 65%W +0.1%  +5h 75%W +0.7%  EOD 80%W +0.7%  EOD range -1.3% → +2.1%
  #2 MU     +15m 70%W +0.3%  +30m 65%W +0.2%  +1h 65%W +0.7%  +2h 60%W +0.8%  +5h 65%W +0.9%  EOD 65%W +0.6%  EOD range -2.8% → +3.9%
  Ticker   N          +15m          +30m           +1h           +2h           +5h           EOD           EOD range
  ----------------------------------------------------------------------------------------------------------------------
  SNPS    20  50%W +0.0%  70%W +0.1%  70%W +0.2%  65%W +0.1%  75%W +0.7%  80%W +0.7%       -1.3% → +2.1%
  MU      20  70%W +0.3%  65%W +0.2%  65%W +0.7%  60%W +0.8%  65%W +0.9%  65%W +0.6%       -2.8% → +3.9%
  MRVL    20  50%W +0.1%  60%W +0.2%  65%W +0.4%  55%W +0.2%  65%W +0.3%  65%W +0.6%       -2.0% → +1.7%
  TSLA    20  45%W -0.1%  65%W +0.2%  55%W +0.3%  65%W +0.4%  65%W +0.9%  65%W +1.1%       -5.3% → +3.2%
  CHTR    20  50%W +0.0%  45%W -0.0%  60%W +0.2%  50%W -0.1%  55%W +0.2%  60%W +0.6%       -1.9% → +2.4%
  LLY     20  45%W -0.1%  55%W +0.1%  50%W -0.0%  45%W -0.2%  60%W +0.1%  60%W +0.3%       -1.8% → +2.4%
  SPOT    20  55%W +0.3%  65%W +0.4%  55%W +0.2%  60%W +0.3%  55%W +0.1%  55%W +0.3%       -2.3% → +3.5%
  AVGO    20  60%W +0.2%  55%W +0.1%  65%W +0.1%  55%W +0.2%  50%W -0.1%  55%W +0.0%       -1.8% → +2.2%
  META    20  50%W -0.0%  70%W +0.3%  65%W +0.2%  55%W +0.1%  55%W +0.1%  50%W +0.0%       -1.6% → +2.9%
  AMD     20  40%W -0.1%  50%W -0.0%  45%W -0.4%  50%W +0.1%  55%W +0.3%  50%W -0.1%       -3.8% → +5.7%
  QCOM    20  50%W +0.1%  55%W +0.1%  65%W +0.3%  40%W -0.0%  40%W -0.2%  35%W -0.2%       -2.3% → +1.2%
Pre-session top-2 (9:25, 20d EOD win rate) — 2019-02-11  OR: 09:30/3b
  #1 SNPS   +15m 50%W +0.0%  +30m 75%W +0.1%  +1h 70%W +0.2%  +2h 65%W +0.2%  +5h 75%W +0.7%  EOD 80%W +0.7%  EOD range -1.3% → +2.1%
  #2 MU     +15m 65%W +0.2%  +30m 60%W +0.2%  +1h 60%W +0.6%  +2h 55%W +0.4%  +5h 65%W +0.8%  EOD 65%W +0.6%  EOD range -2.8% → +3.9%
  Ticker   N          +15m          +30m           +1h           +2h           +5h           EOD           EOD range
  ----------------------------------------------------------------------------------------------------------------------
  SNPS    20  50%W +0.0%  75%W +0.1%  70%W +0.2%  65%W +0.2%  75%W +0.7%  80%W +0.7%       -1.3% → +2.1%
  MU      20  65%W +0.2%  60%W +0.2%  60%W +0.6%  55%W +0.4%  65%W +0.8%  65%W +0.6%       -2.8% → +3.9%
  MRVL    20  45%W +0.0%  55%W +0.2%  65%W +0.4%  55%W +0.2%  70%W +0.4%  65%W +0.6%       -2.0% → +1.7%
  CHTR    20  50%W +0.0%  45%W -0.1%  55%W +0.1%  45%W -0.2%  60%W +0.2%  65%W +0.6%       -1.9% → +2.4%
  TSLA    20  40%W -0.1%  60%W +0.1%  50%W +0.1%  60%W +0.3%  65%W +0.9%  65%W +1.0%       -5.3% → +3.2%
  LLY     20  50%W +0.0%  60%W +0.1%  55%W +0.1%  45%W -0.2%  60%W +0.1%  60%W +0.3%       -1.8% → +2.4%
  SPOT    20  55%W +0.2%  65%W +0.3%  55%W +0.2%  60%W +0.3%  55%W +0.1%  55%W +0.3%       -2.3% → +4.4%
  AVGO    20  55%W +0.1%  50%W +0.0%  65%W +0.1%  50%W -0.1%  50%W -0.1%  55%W +0.0%       -1.8% → +2.2%
  META    20  50%W -0.0%  65%W +0.3%  65%W +0.1%  50%W -0.0%  55%W +0.1%  50%W +0.0%       -1.6% → +2.9%
  AMD     20  40%W -0.1%  50%W +0.0%  45%W -0.4%  45%W -0.4%  55%W +0.3%  50%W -0.1%       -3.8% → +5.7%
  QCOM    20  50%W +0.1%  55%W +0.1%  60%W +0.3%  35%W -0.1%  40%W -0.2%  30%W -0.2%       -2.3% → +1.2%
Pre-session top-2 (9:25, 20d EOD win rate) — 2019-02-12  OR: 09:30/3b
  #1 SNPS   +15m 45%W -0.0%  +30m 75%W +0.1%  +1h 70%W +0.2%  +2h 65%W +0.2%  +5h 70%W +0.5%  EOD 75%W +0.5%  EOD range -1.3% → +2.1%
  #2 MU     +15m 65%W +0.2%  +30m 60%W +0.2%  +1h 60%W +0.6%  +2h 55%W +0.4%  +5h 65%W +0.8%  EOD 65%W +0.6%  EOD range -2.8% → +3.9%
  Ticker   N          +15m          +30m           +1h           +2h           +5h           EOD           EOD range
  ----------------------------------------------------------------------------------------------------------------------
  SNPS    20  45%W -0.0%  75%W +0.1%  70%W +0.2%  65%W +0.2%  70%W +0.5%  75%W +0.5%       -1.3% → +2.1%
  MU      20  65%W +0.2%  60%W +0.2%  60%W +0.6%  55%W +0.4%  65%W +0.8%  65%W +0.6%       -2.8% → +3.9%
  MRVL    20  50%W +0.1%  55%W +0.2%  65%W +0.5%  55%W +0.2%  70%W +0.4%  65%W +0.6%       -2.0% → +3.5%
  CHTR    20  50%W +0.0%  40%W -0.2%  50%W -0.0%  40%W -0.2%  55%W +0.1%  60%W +0.5%       -1.9% → +2.4%
  TSLA    20  45%W -0.1%  60%W +0.1%  50%W +0.0%  60%W +0.2%  60%W +0.7%  60%W +0.7%       -5.3% → +3.2%
  SPOT    20  55%W +0.2%  65%W +0.3%  55%W +0.2%  60%W +0.3%  60%W +0.1%  60%W +0.3%       -2.3% → +4.4%
  LLY     20  50%W +0.0%  55%W +0.1%  50%W -0.0%  45%W -0.2%  55%W +0.1%  55%W +0.3%       -1.8% → +2.4%
  AVGO    20  55%W +0.1%  50%W +0.0%  65%W +0.1%  50%W -0.1%  50%W -0.1%  55%W +0.0%       -1.8% → +2.2%
  AMD     20  45%W -0.0%  55%W +0.2%  50%W -0.0%  50%W -0.1%  55%W +0.2%  50%W -0.1%       -3.8% → +5.7%
  META    20  45%W -0.0%  65%W +0.2%  65%W +0.2%  45%W -0.1%  50%W -0.2%  45%W -0.1%       -1.6% → +2.9%
  QCOM    20  50%W +0.1%  55%W +0.1%  60%W +0.3%  35%W -0.1%  40%W -0.2%  30%W -0.2%       -2.3% → +1.2%
Pre-session top-2 (9:25, 20d EOD win rate) — 2019-02-13  OR: 09:30/3b
  #1 SNPS   +15m 50%W +0.0%  +30m 80%W +0.2%  +1h 75%W +0.3%  +2h 65%W +0.3%  +5h 70%W +0.6%  EOD 75%W +0.7%  EOD range -1.3% → +2.1%
  #2 MRVL   +15m 50%W +0.1%  +30m 55%W +0.2%  +1h 60%W +0.4%  +2h 55%W +0.2%  +5h 75%W +0.5%  EOD 70%W +0.6%  EOD range -2.0% → +3.5%
  Ticker   N          +15m          +30m           +1h           +2h           +5h           EOD           EOD range
  ----------------------------------------------------------------------------------------------------------------------
  SNPS    20  50%W +0.0%  80%W +0.2%  75%W +0.3%  65%W +0.3%  70%W +0.6%  75%W +0.7%       -1.3% → +2.1%
  MRVL    20  50%W +0.1%  55%W +0.2%  60%W +0.4%  55%W +0.2%  75%W +0.5%  70%W +0.6%       -2.0% → +3.5%
  MU      20  65%W +0.1%  60%W +0.2%  55%W +0.6%  50%W +0.2%  65%W +0.9%  65%W +0.9%       -2.8% → +3.9%
  CHTR    20  50%W +0.0%  35%W -0.2%  45%W -0.1%  35%W -0.2%  55%W +0.1%  60%W +0.5%       -1.9% → +2.4%
  TSLA    20  45%W -0.1%  60%W +0.1%  50%W +0.0%  55%W +0.1%  60%W +0.7%  60%W +0.7%       -5.3% → +3.2%
  SPOT    20  55%W +0.2%  65%W +0.3%  55%W +0.2%  60%W +0.3%  60%W +0.1%  60%W +0.3%       -2.3% → +4.4%
  LLY     20  50%W +0.0%  55%W +0.1%  50%W -0.0%  50%W -0.1%  60%W +0.2%  60%W +0.3%       -1.8% → +2.4%
  AVGO    20  50%W +0.0%  45%W -0.0%  60%W +0.1%  45%W -0.2%  45%W -0.2%  55%W +0.0%       -1.8% → +2.2%
  AMD     20  45%W -0.0%  55%W +0.2%  50%W -0.0%  45%W -0.5%  50%W -0.0%  50%W -0.1%       -3.8% → +5.7%
  META    20  45%W -0.0%  60%W +0.2%  60%W +0.1%  40%W -0.2%  45%W -0.6%  40%W -0.3%       -1.6% → +2.9%
  QCOM    20  50%W +0.1%  55%W +0.1%  60%W +0.2%  35%W -0.1%  40%W -0.2%  30%W -0.2%       -2.3% → +0.9%
Pre-session top-2 (9:25, 20d EOD win rate) — 2019-02-14  OR: 09:30/3b
  #1 MU     +15m 70%W +0.3%  +30m 65%W +0.3%  +1h 60%W +0.7%  +2h 55%W +0.8%  +5h 70%W +1.0%  EOD 70%W +1.1%  EOD range -2.8% → +3.9%
  #2 MRVL   +15m 55%W +0.2%  +30m 55%W +0.2%  +1h 65%W +0.4%  +2h 55%W +0.2%  +5h 75%W +0.5%  EOD 70%W +0.6%  EOD range -1.8% → +3.5%
  Ticker   N          +15m          +30m           +1h           +2h           +5h           EOD           EOD range
  ----------------------------------------------------------------------------------------------------------------------
  MU      20  70%W +0.3%  65%W +0.3%  60%W +0.7%  55%W +0.8%  70%W +1.0%  70%W +1.1%       -2.8% → +3.9%
  MRVL    20  55%W +0.2%  55%W +0.2%  65%W +0.4%  55%W +0.2%  75%W +0.5%  70%W +0.6%       -1.8% → +3.5%
  SNPS    20  45%W -0.0%  75%W +0.2%  75%W +0.3%  60%W +0.3%  65%W +0.6%  70%W +0.5%       -1.3% → +2.1%
  SPOT    20  50%W +0.1%  60%W +0.2%  55%W +0.2%  55%W +0.1%  65%W +0.2%  60%W +0.3%       -2.3% → +4.4%
  LLY     20  45%W -0.1%  50%W +0.0%  45%W -0.1%  45%W -0.2%  60%W +0.2%  60%W +0.3%       -1.8% → +2.4%
  AVGO    20  45%W -0.0%  40%W -0.0%  65%W +0.1%  50%W -0.1%  50%W -0.0%  60%W +0.1%       -1.8% → +2.2%
  CHTR    20  50%W +0.0%  40%W -0.1%  50%W -0.1%  35%W -0.2%  55%W +0.1%  55%W +0.3%       -1.9% → +2.4%
  TSLA    20  45%W -0.1%  60%W +0.1%  45%W -0.1%  50%W -0.0%  60%W +0.3%  55%W +0.3%       -5.3% → +3.2%
  AMD     20  45%W -0.0%  60%W +0.2%  50%W +0.1%  45%W -0.5%  55%W +0.4%  50%W +0.1%       -3.8% → +5.7%
  META    20  45%W -0.0%  55%W +0.1%  65%W +0.2%  40%W -0.2%  50%W -0.2%  40%W -0.3%       -1.6% → +2.9%
  QCOM    20  50%W +0.1%  55%W +0.1%  60%W +0.2%  35%W -0.1%  40%W -0.2%  30%W -0.2%       -2.3% → +0.9%
Pre-session top-2 (9:25, 20d EOD win rate) — 2019-02-15  OR: 09:30/3b
  #1 MU     +15m 75%W +0.4%  +30m 70%W +0.5%  +1h 65%W +0.7%  +2h 55%W +0.8%  +5h 70%W +1.0%  EOD 70%W +1.1%  EOD range -2.8% → +3.9%
  #2 MRVL   +15m 55%W +0.2%  +30m 55%W +0.2%  +1h 65%W +0.4%  +2h 55%W +0.2%  +5h 75%W +0.5%  EOD 70%W +0.6%  EOD range -1.4% → +3.5%
  Ticker   N          +15m          +30m           +1h           +2h           +5h           EOD           EOD range
  ----------------------------------------------------------------------------------------------------------------------
  MU      20  75%W +0.4%  70%W +0.5%  65%W +0.7%  55%W +0.8%  70%W +1.0%  70%W +1.1%       -2.8% → +3.9%
  MRVL    20  55%W +0.2%  55%W +0.2%  65%W +0.4%  55%W +0.2%  75%W +0.5%  70%W +0.6%       -1.4% → +3.5%
  SNPS    20  45%W -0.0%  75%W +0.2%  75%W +0.3%  60%W +0.3%  60%W +0.3%  65%W +0.5%       -1.3% → +2.1%
  LLY     20  40%W -0.1%  50%W +0.0%  40%W -0.1%  50%W -0.1%  60%W +0.2%  65%W +0.3%       -1.8% → +2.4%
  CHTR    20  50%W +0.0%  40%W -0.1%  50%W -0.1%  40%W -0.2%  60%W +0.3%  60%W +0.6%       -1.9% → +2.4%
  TSLA    20  45%W -0.1%  60%W +0.1%  50%W +0.0%  55%W +0.1%  65%W +0.7%  60%W +0.4%       -5.3% → +3.2%
  SPOT    20  45%W -0.1%  60%W +0.2%  60%W +0.2%  55%W +0.3%  65%W +0.2%  60%W +0.3%       -2.3% → +4.4%
  AVGO    20  50%W +0.0%  45%W -0.0%  65%W +0.1%  50%W -0.1%  50%W +0.0%  60%W +0.1%       -1.3% → +2.2%
  AMD     20  50%W +0.1%  65%W +0.2%  50%W +0.1%  45%W -0.5%  60%W +0.4%  50%W +0.1%       -3.5% → +5.7%
  META    20  50%W +0.0%  60%W +0.2%  70%W +0.2%  45%W -0.1%  55%W +0.1%  45%W -0.1%       -1.6% → +2.9%
  QCOM    20  50%W +0.1%  60%W +0.2%  60%W +0.3%  40%W -0.0%  40%W -0.1%  35%W -0.1%       -2.3% → +0.9%
Pre-session top-2 (9:25, 20d EOD win rate) — 2019-02-19  OR: 09:30/3b
  #1 MU     +15m 75%W +0.3%  +30m 70%W +0.3%  +1h 65%W +0.6%  +2h 50%W +0.3%  +5h 70%W +0.9%  EOD 70%W +0.9%  EOD range -2.8% → +3.9%
  #2 MRVL   +15m 55%W +0.2%  +30m 55%W +0.2%  +1h 65%W +0.4%  +2h 55%W +0.2%  +5h 70%W +0.5%  EOD 70%W +0.6%  EOD range -2.2% → +3.5%
  Ticker   N          +15m          +30m           +1h           +2h           +5h           EOD           EOD range
  ----------------------------------------------------------------------------------------------------------------------
  MU      20  75%W +0.3%  70%W +0.3%  65%W +0.6%  50%W +0.3%  70%W +0.9%  70%W +0.9%       -2.8% → +3.9%
  MRVL    20  55%W +0.2%  55%W +0.2%  65%W +0.4%  55%W +0.2%  70%W +0.5%  70%W +0.6%       -2.2% → +3.5%
  TSLA    20  45%W -0.1%  60%W +0.1%  55%W +0.2%  50%W +0.1%  65%W +0.3%  65%W +0.4%       -5.3% → +3.2%
  SNPS    20  40%W -0.0%  70%W +0.2%  75%W +0.2%  55%W +0.1%  60%W +0.2%  65%W +0.4%       -1.3% → +2.1%
  SPOT    20  50%W +0.1%  65%W +0.2%  65%W +0.2%  60%W +0.6%  65%W +0.3%  65%W +0.3%       -2.3% → +4.4%
  LLY     20  35%W -0.1%  45%W -0.0%  35%W -0.1%  50%W -0.1%  60%W +0.2%  65%W +0.3%       -1.8% → +2.4%
  CHTR    20  45%W -0.0%  40%W -0.1%  50%W -0.1%  40%W -0.2%  60%W +0.3%  60%W +0.6%       -1.9% → +2.4%
  AVGO    20  45%W -0.0%  45%W -0.0%  60%W +0.1%  45%W -0.2%  45%W -0.1%  55%W +0.0%       -1.3% → +2.2%
  AMD     20  50%W +0.1%  65%W +0.2%  50%W +0.1%  45%W -0.5%  60%W +0.4%  50%W +0.1%       -3.5% → +4.9%
  META    20  45%W -0.0%  55%W +0.1%  65%W +0.2%  40%W -0.2%  50%W -0.2%  40%W -0.3%       -1.6% → +2.9%
  QCOM    20  50%W +0.1%  60%W +0.2%  60%W +0.3%  40%W -0.0%  40%W -0.1%  35%W -0.1%       -2.3% → +0.9%
Pre-session top-2 (9:25, 20d EOD win rate) — 2019-02-20  OR: 09:30/3b
  #1 MU     +15m 75%W +0.3%  +30m 70%W +0.3%  +1h 65%W +0.6%  +2h 50%W +0.1%  +5h 70%W +0.9%  EOD 70%W +0.9%  EOD range -2.8% → +3.2%
  #2 MRVL   +15m 60%W +0.3%  +30m 60%W +0.3%  +1h 65%W +0.4%  +2h 55%W +0.2%  +5h 70%W +0.5%  EOD 70%W +0.6%  EOD range -2.2% → +3.5%
  Ticker   N          +15m          +30m           +1h           +2h           +5h           EOD           EOD range
  ----------------------------------------------------------------------------------------------------------------------
  MU      20  75%W +0.3%  70%W +0.3%  65%W +0.6%  50%W +0.1%  70%W +0.9%  70%W +0.9%       -2.8% → +3.2%
  MRVL    20  60%W +0.3%  60%W +0.3%  65%W +0.4%  55%W +0.2%  70%W +0.5%  70%W +0.6%       -2.2% → +3.5%
  TSLA    20  50%W +0.0%  60%W +0.1%  55%W +0.2%  50%W +0.1%  65%W +0.3%  65%W +0.4%       -1.9% → +3.2%
  SNPS    20  45%W -0.0%  70%W +0.2%  75%W +0.2%  55%W +0.1%  60%W +0.2%  65%W +0.4%       -1.3% → +2.1%
  SPOT    20  50%W +0.1%  60%W +0.2%  60%W +0.2%  55%W +0.3%  65%W +0.3%  65%W +0.3%       -2.3% → +4.4%
  CHTR    20  50%W +0.0%  45%W -0.0%  55%W +0.1%  45%W -0.1%  65%W +0.3%  60%W +0.6%       -1.9% → +2.4%
  LLY     20  35%W -0.1%  45%W -0.0%  35%W -0.2%  45%W -0.2%  60%W +0.2%  60%W +0.3%       -1.8% → +2.4%
  AVGO    20  50%W +0.0%  45%W -0.0%  60%W +0.1%  45%W -0.2%  45%W -0.1%  55%W +0.0%       -1.3% → +2.2%
  AMD     20  50%W +0.1%  65%W +0.2%  50%W +0.1%  45%W -0.5%  60%W +0.2%  45%W -0.0%       -3.5% → +4.9%
  META    20  45%W -0.0%  55%W +0.1%  65%W +0.2%  40%W -0.2%  50%W -0.2%  40%W -0.3%       -1.6% → +2.9%
  QCOM    20  50%W +0.1%  55%W +0.2%  55%W +0.2%  35%W -0.0%  40%W -0.1%  40%W -0.1%       -2.3% → +0.9%
Pre-session top-2 (9:25, 20d EOD win rate) — 2019-02-21  OR: 09:30/3b
  #1 MU     +15m 75%W +0.4%  +30m 75%W +0.5%  +1h 70%W +0.7%  +2h 55%W +0.4%  +5h 70%W +0.9%  EOD 70%W +0.9%  EOD range -2.8% → +3.2%
  #2 MRVL   +15m 60%W +0.3%  +30m 60%W +0.3%  +1h 65%W +0.4%  +2h 55%W +0.2%  +5h 70%W +0.5%  EOD 70%W +0.6%  EOD range -2.2% → +3.5%
  Ticker   N          +15m          +30m           +1h           +2h           +5h           EOD           EOD range
  ----------------------------------------------------------------------------------------------------------------------
  MU      20  75%W +0.4%  75%W +0.5%  70%W +0.7%  55%W +0.4%  70%W +0.9%  70%W +0.9%       -2.8% → +3.2%
  MRVL    20  60%W +0.3%  60%W +0.3%  65%W +0.4%  55%W +0.2%  70%W +0.5%  70%W +0.6%       -2.2% → +3.5%
  SNPS    20  45%W -0.0%  70%W +0.2%  75%W +0.3%  60%W +0.3%  65%W +0.2%  70%W +0.4%       -1.3% → +2.1%
  CHTR    20  50%W +0.0%  45%W -0.0%  60%W +0.1%  50%W +0.1%  70%W +0.4%  65%W +0.6%       -1.9% → +2.4%
  SPOT    20  50%W +0.1%  60%W +0.2%  60%W +0.2%  55%W +0.3%  65%W +0.3%  65%W +0.3%       -2.3% → +4.4%
  TSLA    20  45%W -0.1%  60%W +0.1%  50%W +0.0%  45%W -0.1%  60%W +0.3%  60%W +0.4%       -1.9% → +3.2%
  LLY     20  40%W -0.1%  50%W -0.0%  35%W -0.2%  50%W -0.1%  65%W +0.3%  60%W +0.3%       -1.8% → +2.4%
  AVGO    20  55%W +0.2%  50%W +0.0%  60%W +0.1%  45%W -0.2%  50%W +0.0%  50%W +0.0%       -1.3% → +2.2%
  AMD     20  50%W +0.1%  70%W +0.3%  55%W +0.6%  50%W -0.0%  65%W +0.2%  45%W -0.0%       -3.4% → +4.9%
  META    20  40%W -0.1%  50%W +0.0%  60%W +0.2%  40%W -0.2%  50%W -0.2%  40%W -0.3%       -1.6% → +2.9%
  QCOM    20  55%W +0.1%  60%W +0.3%  60%W +0.3%  40%W -0.0%  45%W -0.0%  40%W -0.1%       -2.3% → +0.9%
Pre-session top-2 (9:25, 20d EOD win rate) — 2019-02-22  OR: 09:30/3b
  #1 MRVL   +15m 55%W +0.2%  +30m 60%W +0.3%  +1h 65%W +0.4%  +2h 60%W +0.2%  +5h 75%W +0.5%  EOD 75%W +0.6%  EOD range -2.2% → +3.5%
  #2 SNPS   +15m 50%W -0.0%  +30m 75%W +0.2%  +1h 80%W +0.3%  +2h 65%W +0.3%  +5h 70%W +0.3%  EOD 75%W +0.6%  EOD range -0.9% → +2.1%
  Ticker   N          +15m          +30m           +1h           +2h           +5h           EOD           EOD range
  ----------------------------------------------------------------------------------------------------------------------
  MRVL    20  55%W +0.2%  60%W +0.3%  65%W +0.4%  60%W +0.2%  75%W +0.5%  75%W +0.6%       -2.2% → +3.5%
  SNPS    20  50%W -0.0%  75%W +0.2%  80%W +0.3%  65%W +0.3%  70%W +0.3%  75%W +0.6%       -0.9% → +2.1%
  MU      20  70%W +0.4%  75%W +0.5%  70%W +0.7%  55%W +0.4%  70%W +0.9%  70%W +0.9%       -2.8% → +3.2%
  CHTR    20  45%W -0.0%  50%W +0.0%  65%W +0.1%  55%W +0.2%  75%W +0.6%  70%W +0.8%       -1.6% → +2.4%
  SPOT    20  55%W +0.2%  65%W +0.2%  65%W +0.2%  60%W +0.6%  70%W +0.6%  70%W +0.4%       -2.3% → +4.4%
  TSLA    20  45%W -0.1%  55%W +0.1%  45%W -0.1%  40%W -0.1%  60%W +0.3%  60%W +0.4%       -3.0% → +3.2%
  LLY     20  35%W -0.1%  50%W -0.0%  40%W -0.1%  55%W +0.0%  65%W +0.3%  60%W +0.3%       -1.8% → +2.4%
  AVGO    20  50%W +0.1%  50%W +0.0%  60%W +0.1%  50%W -0.1%  50%W +0.0%  50%W +0.0%       -1.3% → +2.2%
  AMD     20  45%W -0.0%  70%W +0.3%  55%W +0.6%  50%W -0.0%  65%W +0.2%  45%W -0.0%       -3.4% → +4.9%
  QCOM    20  55%W +0.1%  60%W +0.3%  60%W +0.2%  45%W -0.0%  50%W +0.0%  45%W -0.1%       -2.3% → +0.9%
  META    20  40%W -0.1%  50%W +0.0%  60%W +0.2%  40%W -0.2%  50%W -0.2%  40%W -0.3%       -1.6% → +2.9%
Pre-session top-2 (9:25, 20d EOD win rate) — 2019-02-25  OR: 09:30/3b
  #1 SNPS   +15m 55%W +0.0%  +30m 75%W +0.2%  +1h 85%W +0.3%  +2h 65%W +0.4%  +5h 65%W +0.3%  EOD 75%W +0.6%  EOD range -0.9% → +2.1%
  #2 MU     +15m 65%W +0.3%  +30m 70%W +0.3%  +1h 65%W +0.6%  +2h 55%W +0.2%  +5h 65%W +0.7%  EOD 70%W +0.7%  EOD range -2.8% → +3.2%
  Ticker   N          +15m          +30m           +1h           +2h           +5h           EOD           EOD range
  ----------------------------------------------------------------------------------------------------------------------
  SNPS    20  55%W +0.0%  75%W +0.2%  85%W +0.3%  65%W +0.4%  65%W +0.3%  75%W +0.6%       -0.9% → +2.1%
  MU      20  65%W +0.3%  70%W +0.3%  65%W +0.6%  55%W +0.2%  65%W +0.7%  70%W +0.7%       -2.8% → +3.2%
  MRVL    20  50%W +0.1%  60%W +0.2%  60%W +0.3%  55%W +0.1%  70%W +0.5%  70%W +0.6%       -2.2% → +3.5%
  SPOT    20  55%W +0.2%  60%W +0.2%  70%W +0.3%  60%W +0.6%  65%W +0.6%  70%W +0.4%       -2.3% → +4.4%
  CHTR    20  45%W -0.0%  50%W +0.0%  65%W +0.1%  55%W +0.2%  70%W +0.4%  65%W +0.6%       -1.6% → +2.4%
  TSLA    20  50%W +0.0%  55%W +0.1%  50%W -0.0%  40%W -0.1%  55%W +0.1%  60%W +0.4%       -3.0% → +3.2%
  LLY     20  35%W -0.1%  45%W -0.1%  40%W -0.1%  55%W +0.0%  65%W +0.3%  60%W +0.3%       -0.6% → +2.4%
  AVGO    20  50%W +0.1%  45%W -0.0%  60%W +0.1%  55%W +0.0%  50%W +0.0%  55%W +0.0%       -1.3% → +2.2%
  QCOM    20  60%W +0.1%  65%W +0.3%  65%W +0.2%  50%W +0.0%  50%W +0.0%  50%W +0.0%       -2.3% → +0.9%
  META    20  45%W -0.0%  45%W -0.0%  65%W +0.2%  45%W -0.1%  55%W +0.1%  45%W -0.2%       -1.6% → +2.9%
  AMD     20  40%W -0.0%  65%W +0.2%  55%W +0.6%  50%W -0.2%  60%W +0.1%  45%W -0.0%       -3.4% → +4.9%
Pre-session top-2 (9:25, 20d EOD win rate) — 2019-02-26  OR: 09:30/3b
  #1 SNPS   +15m 50%W -0.0%  +30m 75%W +0.2%  +1h 85%W +0.3%  +2h 65%W +0.3%  +5h 60%W +0.2%  EOD 70%W +0.4%  EOD range -0.9% → +2.1%
  #2 MU     +15m 65%W +0.3%  +30m 70%W +0.3%  +1h 60%W +0.6%  +2h 50%W -0.0%  +5h 60%W +0.7%  EOD 65%W +0.6%  EOD range -2.8% → +2.7%
  Ticker   N          +15m          +30m           +1h           +2h           +5h           EOD           EOD range
  ----------------------------------------------------------------------------------------------------------------------
  SNPS    20  50%W -0.0%  75%W +0.2%  85%W +0.3%  65%W +0.3%  60%W +0.2%  70%W +0.4%       -0.9% → +2.1%
  MU      20  65%W +0.3%  70%W +0.3%  60%W +0.6%  50%W -0.0%  60%W +0.7%  65%W +0.6%       -2.8% → +2.7%
  MRVL    20  50%W +0.1%  60%W +0.2%  60%W +0.2%  55%W +0.1%  65%W +0.4%  65%W +0.5%       -2.2% → +3.5%
  SPOT    20  50%W +0.1%  60%W +0.2%  65%W +0.3%  55%W +0.6%  60%W +0.4%  65%W +0.3%       -2.3% → +4.4%
  CHTR    20  40%W -0.0%  50%W +0.0%  60%W +0.1%  50%W +0.1%  65%W +0.1%  60%W +0.4%       -1.6% → +2.4%
  LLY     20  35%W -0.1%  40%W -0.1%  40%W -0.1%  55%W +0.0%  65%W +0.3%  60%W +0.3%       -0.6% → +2.4%
  TSLA    20  55%W +0.1%  60%W +0.2%  55%W +0.1%  35%W -0.3%  50%W -0.0%  55%W +0.3%       -3.0% → +3.2%
  QCOM    20  55%W +0.1%  60%W +0.2%  60%W +0.1%  45%W -0.0%  45%W -0.0%  50%W +0.0%       -2.3% → +0.9%
  AVGO    20  50%W -0.0%  45%W -0.0%  60%W +0.1%  55%W +0.0%  50%W +0.0%  50%W +0.0%       -1.3% → +2.2%
  META    20  45%W -0.0%  45%W -0.0%  65%W +0.2%  45%W -0.1%  55%W +0.1%  45%W -0.2%       -1.6% → +2.9%
  AMD     20  45%W -0.0%  70%W +0.2%  55%W +0.6%  50%W -0.2%  55%W +0.1%  40%W -0.2%       -3.4% → +4.9%
Pre-session top-2 (9:25, 20d EOD win rate) — 2019-02-27  OR: 09:30/3b
  #1 SNPS   +15m 55%W +0.0%  +30m 75%W +0.2%  +1h 85%W +0.3%  +2h 70%W +0.3%  +5h 65%W +0.2%  EOD 70%W +0.4%  EOD range -0.9% → +2.1%
  #2 MRVL   +15m 50%W +0.1%  +30m 60%W +0.2%  +1h 60%W +0.2%  +2h 55%W +0.1%  +5h 65%W +0.4%  EOD 65%W +0.5%  EOD range -2.2% → +3.5%
  Ticker   N          +15m          +30m           +1h           +2h           +5h           EOD           EOD range
  ----------------------------------------------------------------------------------------------------------------------
  SNPS    20  55%W +0.0%  75%W +0.2%  85%W +0.3%  70%W +0.3%  65%W +0.2%  70%W +0.4%       -0.9% → +2.1%
  MRVL    20  50%W +0.1%  60%W +0.2%  60%W +0.2%  55%W +0.1%  65%W +0.4%  65%W +0.5%       -2.2% → +3.5%
  SPOT    20  55%W +0.2%  65%W +0.2%  70%W +0.4%  60%W +0.7%  65%W +0.5%  65%W +0.3%       -2.3% → +4.4%
  MU      20  60%W +0.1%  65%W +0.3%  55%W +0.5%  45%W -0.2%  55%W +0.5%  60%W +0.6%       -2.8% → +2.7%
  LLY     20  40%W -0.1%  45%W -0.1%  45%W -0.1%  60%W +0.0%  70%W +0.3%  60%W +0.3%       -0.6% → +2.4%
  CHTR    20  45%W -0.0%  50%W +0.0%  60%W +0.1%  45%W -0.1%  60%W +0.1%  55%W +0.2%       -1.6% → +2.4%
  TSLA    20  60%W +0.2%  60%W +0.2%  55%W +0.1%  40%W -0.3%  50%W -0.0%  55%W +0.3%       -3.0% → +3.2%
  QCOM    20  55%W +0.1%  60%W +0.2%  60%W +0.1%  50%W +0.0%  45%W -0.0%  50%W +0.0%       -2.3% → +0.9%
  AVGO    20  50%W -0.0%  45%W -0.0%  60%W +0.1%  50%W -0.1%  45%W -0.1%  45%W -0.0%       -1.3% → +1.7%
  META    20  50%W -0.0%  50%W +0.0%  65%W +0.2%  50%W -0.0%  55%W +0.1%  40%W -0.4%       -1.6% → +2.9%
  AMD     20  50%W +0.1%  65%W +0.1%  50%W +0.1%  45%W -0.6%  50%W +0.0%  35%W -0.3%       -3.4% → +4.9%
Pre-session top-2 (9:25, 20d EOD win rate) — 2019-02-28  OR: 09:30/3b
  #1 SNPS   +15m 55%W +0.0%  +30m 75%W +0.2%  +1h 85%W +0.3%  +2h 75%W +0.3%  +5h 70%W +0.2%  EOD 75%W +0.4%  EOD range -0.9% → +2.1%
  #2 MRVL   +15m 50%W +0.1%  +30m 60%W +0.2%  +1h 60%W +0.2%  +2h 60%W +0.2%  +5h 65%W +0.4%  EOD 70%W +0.5%  EOD range -2.2% → +3.5%
  Ticker   N          +15m          +30m           +1h           +2h           +5h           EOD           EOD range
  ----------------------------------------------------------------------------------------------------------------------
  SNPS    20  55%W +0.0%  75%W +0.2%  85%W +0.3%  75%W +0.3%  70%W +0.2%  75%W +0.4%       -0.9% → +2.1%
  MRVL    20  50%W +0.1%  60%W +0.2%  60%W +0.2%  60%W +0.2%  65%W +0.4%  70%W +0.5%       -2.2% → +3.5%
  MU      20  55%W +0.0%  65%W +0.3%  55%W +0.5%  45%W -0.3%  55%W +0.5%  60%W +0.6%       -2.8% → +2.7%
  CHTR    20  45%W -0.0%  50%W +0.0%  60%W +0.1%  45%W -0.1%  60%W +0.1%  60%W +0.2%       -1.6% → +2.4%
  SPOT    20  50%W +0.1%  60%W +0.2%  70%W +0.4%  60%W +0.7%  65%W +0.5%  60%W +0.3%       -2.3% → +4.4%
  LLY     20  40%W -0.1%  45%W -0.1%  45%W -0.1%  55%W +0.0%  75%W +0.4%  60%W +0.3%       -0.6% → +2.4%
  TSLA    20  60%W +0.2%  60%W +0.2%  60%W +0.2%  45%W -0.1%  55%W +0.1%  55%W +0.4%       -3.0% → +3.2%
  QCOM    20  50%W +0.0%  55%W +0.1%  60%W +0.1%  55%W +0.0%  50%W +0.0%  55%W +0.2%       -1.2% → +0.9%
  META    20  50%W -0.0%  50%W +0.0%  65%W +0.2%  50%W -0.0%  55%W +0.1%  40%W -0.2%       -1.6% → +2.9%
  AVGO    20  45%W -0.1%  45%W -0.0%  60%W +0.1%  50%W -0.1%  45%W -0.1%  40%W -0.0%       -1.3% → +1.7%
  AMD     20  50%W +0.1%  60%W +0.1%  50%W +0.1%  50%W -0.2%  50%W +0.0%  35%W -0.3%       -3.4% → +4.9%

=========================================================================================================================================================================================
Pre-Session Top-2 Performance — 2019-02-01 to 2019-02-28  |  Unconditional OR-close entry  |  OR: 09:30/3b
=========================================================================================================================================================================================
Date         Ticker Rank  At       Entry       +15m       +30m       +45m        +1h     +1h30m        +2h        +3h        +4h        +5h        +6h        +7h        EOD
-----------------------------------------------------------------------------------------------------------------------------------------------------------------------------------------
2019-02-01   LLY    #1    09:45   119.44    +0.54%W    +0.55%W    +0.50%W    +0.75%W    +0.74%W    +1.03%W    +0.92%W    +0.95%W    +0.98%W    +1.09%W    +1.17%W    +1.17%W
2019-02-01   SNPS   #2    09:45    93.27    +0.24%W    +0.83%W    +0.86%W    +0.62%W    +0.43%W    +0.92%W    +0.74%W    +0.61%W    +0.85%W    +1.50%W    +1.63%W    +1.63%W
2019-02-04   LLY    #1    09:45   120.20    -0.84%L    -1.14%L    -0.87%L    -0.97%L    -1.15%L    -0.84%L    -0.86%L    -0.45%L    -0.52%L    -0.31%L    -0.03%L    -0.03%L
2019-02-04   SNPS   #2    09:45    95.69    +0.11%W    +0.61%W    +0.59%W    +0.50%W    +1.14%W    +1.32%W    +1.50%W    +1.57%W    +1.81%W    +1.90%W    +1.96%W    +1.96%W
2019-02-05   SNPS   #1    09:45    98.34    -0.10%L    +0.10%W    +0.09%W    +0.06%W    -0.14%L    -0.20%L    -0.36%L    -0.27%L    +0.29%W    +0.32%W    +0.38%W    +0.38%W
2019-02-05   LLY    #2    09:45   120.95    +0.18%W    -0.08%L    +0.12%W    +0.12%W    +0.15%W    +0.50%W    +0.30%W    +0.19%W    +0.09%W    -0.24%L    -0.42%L    -0.42%L
2019-02-06   SNPS   #1    09:45    99.01    -0.36%L    -0.47%L    -0.16%L    +0.17%W    +0.20%W    -0.11%L    -0.05%L    +0.33%W    +0.38%W    +0.80%W    +0.76%W    +0.76%W
2019-02-06   TSLA   #2    09:45   322.46    -0.62%L    -1.58%L    -1.61%L    -0.95%L    -1.20%L    -0.91%L    -1.56%L    -0.96%L    -1.25%L    -1.26%L    -1.61%L    -1.61%L
2019-02-07   SNPS   #1    09:45    98.41    -0.02%L    +0.40%W    +0.59%W    +0.26%W    +0.10%W    -0.33%L    -0.40%L    -0.06%L    -0.12%L    -0.01%L    +0.06%W    +0.06%W
2019-02-07   TSLA   #2    09:45   309.94    +0.40%W    +1.09%W    +0.31%W    +0.23%W    -0.78%L    -1.39%L    -1.32%L    -0.56%L    -1.08%L    -0.84%L    -0.75%L    -0.75%L
2019-02-08   SNPS   #1    09:45    98.14    -0.04%L    +0.02%W    +0.31%W    +0.49%W    +0.68%W    +0.36%W    +0.72%W    +0.90%W    +1.35%W    +1.10%W    +1.30%W    +1.30%W
2019-02-08   MU     #2    09:45    38.19    -0.94%L    -1.20%L    -0.31%L    -1.18%L    -1.00%L    -1.70%L    -0.55%L    +0.77%W    +0.79%W    +0.75%W    +1.05%W    +1.05%W
2019-02-11   SNPS   #1    09:45    99.01    -0.08%L    +0.35%W    +0.48%W    +0.35%W    +0.32%W    +0.23%W    +0.02%W    -0.23%L    -0.23%L    -0.03%L    -0.16%L    -0.16%L
2019-02-11   MU     #2    09:45    37.56    +1.45%W    +2.06%W    +2.24%W    +2.58%W    +2.40%W    +2.61%W    +3.09%W    +2.26%W    +2.32%W    +2.56%W    +2.72%W    +2.72%W
2019-02-12   SNPS   #1    09:45    99.72    +0.39%W    +0.23%W    +0.37%W    +0.32%W    +0.91%W    +1.02%W    +0.97%W    +1.45%W    +1.65%W    +1.91%W    +1.88%W    +1.88%W
2019-02-12   MU     #2    09:45    39.68    +0.18%W    +0.39%W    +0.30%W    -0.50%L    -0.24%L    -0.91%L    -0.69%L    -0.19%L    +2.39%W    +1.97%W    +1.84%W    +1.84%W
2019-02-13   SNPS   #1    09:45   101.57    -0.01%L    -0.23%L    -0.14%L    -0.17%L    -0.54%L    -0.87%L    -0.42%L    -0.38%L    -0.27%L    -0.56%L    -0.90%L    -0.90%L
2019-02-13   MRVL   #2    09:45    19.57    +0.23%W    -0.59%L    +0.13%W    +0.18%W    -0.26%L    -0.59%L    -0.66%L    -0.97%L    -1.05%L    -1.51%L    -1.41%L    -1.41%L
2019-02-14   MU     #1    09:45    42.29    +1.71%W    +0.53%W    +0.79%W    +0.59%W    +0.11%W    -0.08%L    +0.39%W    +0.00%W    -0.24%L    -0.18%L    -0.16%L    -0.16%L
2019-02-14   MRVL   #2    09:45    19.41    -0.31%L    -0.72%L    -0.31%L    -0.62%L    -0.57%L    -0.72%L    -0.67%L    -0.62%L    -0.88%L    -1.06%L    -1.18%L    -1.18%L
2019-02-15   MU     #1    09:45    41.94    +0.10%W    +0.30%W    +0.79%W    +0.50%W    -0.15%L    -0.51%L    -0.02%L    -0.17%L    +0.24%W    +0.23%W    +0.12%W    +0.12%W
2019-02-15   MRVL   #2    09:45    19.25    -0.13%L    -0.47%L    -0.49%L    -0.70%L    -1.04%L    -1.40%L    -1.90%L    -2.18%L    -2.03%L    -2.00%L    -2.16%L    -2.16%L
2019-02-19   MU     #1    09:45    41.56    +0.53%W    +0.97%W    +0.72%W    +0.72%W    +0.71%W    +0.31%W    +0.47%W    +0.88%W    +1.77%W    +1.32%W    +0.97%W    +0.97%W
2019-02-19   MRVL   #2    09:45    19.04    +0.63%W    +0.92%W    +1.10%W    +1.23%W    +1.21%W    +1.26%W    +1.37%W    +1.55%W    +1.89%W    +1.68%W    +1.37%W    +1.37%W
2019-02-20   MU     #1    09:45    42.64    +0.39%W    +0.72%W    +1.06%W    +1.19%W    +0.69%W    +0.49%W    -0.32%L    -0.19%L    -0.08%L    -0.95%L    -1.00%L    -1.00%L
2019-02-20   MRVL   #2    09:45    19.41    +0.69%W    +0.57%W    +1.21%W    +1.37%W    +1.80%W    +2.04%W    +2.01%W    +2.58%W    +2.06%W    +2.01%W    +2.01%W    +2.01%W
2019-02-21   MU     #1    09:45    42.33    -0.39%L    -0.87%L    -0.47%L    -0.66%L    -0.58%L    -1.04%L    -0.66%L    -0.99%L    -1.60%L    -1.87%L    -1.89%L    -1.89%L
2019-02-21   MRVL   #2    09:45    19.59    -0.08%L    -0.03%L    +0.08%W    -0.03%L    +0.13%W    +0.03%W    +0.15%W    +0.38%W    +0.28%W    -0.13%L    +0.03%W    +0.03%W
2019-02-22   MRVL   #1    09:45    19.68    -0.25%L    +0.20%W    -0.43%L    -0.18%L    +0.08%W    -0.05%L    -0.08%L    -0.28%L    -0.33%L    -0.23%L    -0.20%L    -0.20%L
2019-02-22   SNPS   #2    09:45   102.06    +0.65%W    +0.24%W    -0.46%L    +0.01%W    +0.49%W    +0.38%W    +0.42%W    +0.25%W    -0.26%L    +0.05%W    +0.24%W    +0.24%W
2019-02-25   SNPS   #1    09:45   103.19    -0.07%L    +0.13%W    -0.15%L    +0.04%W    +0.39%W    +0.30%W    -0.21%L    -0.10%L    -0.09%L    -0.16%L    -0.26%L    -0.26%L
2019-02-25   MU     #2    09:45    43.41    +0.51%W    +0.48%W    -0.39%L    -0.75%L    -0.61%L    -0.70%L    -0.85%L    -1.11%L    -0.84%L    -1.06%L    -1.52%L    -1.52%L
2019-02-26   SNPS   #1    09:45   102.71    +0.15%W    +0.24%W    +0.26%W    -0.04%L    -0.12%L    +0.10%W    -0.25%L    -0.05%L    +0.11%W    +0.08%W    -0.11%L    -0.11%L
2019-02-26   MU     #2    09:45    43.02    -0.11%L    -0.21%L    -0.32%L    -0.31%L    -0.83%L    -0.46%L    -0.65%L    -0.68%L    -0.18%L    +0.06%W    -0.18%L    -0.18%L
2019-02-27   SNPS   #1    09:45   102.24    -0.36%L    -0.36%L    -0.57%L    -0.34%L    -0.29%L    +0.10%W    +0.04%W    -0.03%L    +0.21%W    +0.16%W    +0.38%W    +0.38%W
2019-02-27   MRVL   #2    09:45    19.70    -0.20%L    -0.30%L    -0.51%L    -0.05%L    -0.10%L    +0.23%W    +0.25%W    +0.05%W    -0.18%L    -0.18%L    +0.10%W    +0.10%W
2019-02-28   SNPS   #1    09:45   102.95    -0.65%L    -0.80%L    -0.58%L    -0.58%L    -0.63%L    -0.18%L    -0.13%L    -0.43%L    -0.69%L    -0.89%L    -1.23%L    -1.23%L
2019-02-28   MRVL   #2    09:45    19.67    -0.31%L    -0.08%L    +0.25%W    +0.43%W    +0.92%W    +1.32%W    +2.29%W    +2.26%W    +1.73%W    +1.88%W    +1.42%W    +1.42%W

========================================================================================
Pre-session picks summary — 38 pick(s) across 19 trading day(s)

Top-2 picks (all days)  (38 signal(s))
  Hold      Count   Win Rate   Avg Gain    Avg Win   Avg Loss  Exp Value  Total P&L
  ------------------------------------------------------------------------------------
  +15m         38      47.4%      +0.08%      +0.50%      -0.29%      +0.08%      +3.18%
  +30m         38      57.9%      +0.07%      +0.54%      -0.57%      +0.07%      +2.80%
  +45m         38      57.9%      +0.14%      +0.60%      -0.49%      +0.14%      +5.38%
  +1h          38      57.9%      +0.12%      +0.58%      -0.50%      +0.12%      +4.69%
  +1h30m       38      52.6%      +0.09%      +0.68%      -0.57%      +0.09%      +3.36%
  +2h          38      50.0%      +0.04%      +0.77%      -0.68%      +0.04%      +1.54%
  +3h          38      44.7%      +0.08%      +0.92%      -0.60%      +0.08%      +3.04%
  +4h          38      44.7%      +0.16%      +1.00%      -0.52%      +0.16%      +6.11%
  +5h          38      50.0%      +0.24%      +1.11%      -0.63%      +0.24%      +9.26%
  +6h          38      50.0%      +0.21%      +1.12%      -0.71%      +0.21%      +7.88%
  +7h          38      52.6%      +0.16%      +1.07%      -0.84%      +0.16%      +6.20%
  EOD          38      52.6%      +0.16%      +1.07%      -0.84%      +0.16%      +6.20%

=========================================================================================================================================================================================
Signal Analysis — 2019-02-01 to 2019-02-28  |  BULL only  |  Vol ≥ 1.0x 20dAvg
Windows: 09:30/3b  |  Collection: 3 bars  |  Tickers: 18
=========================================================================================================================================================================================
Date         Ticker Window   At       Entry  Vol/20d       +15m       +30m       +45m        +1h     +1h30m        +2h        +3h        +4h        +5h        +6h        +7h        EOD
-----------------------------------------------------------------------------------------------------------------------------------------------------------------------------------------
2019-02-01   META   09:30/3b 09:40   167.81    1.36x    -0.03%L    +0.43%W    +0.48%W    -0.19%L    -0.72%L    -0.33%L    -0.80%L    -0.46%L    -0.54%L    -0.92%L    -1.25%L    -1.25%L
2019-02-08   LLY    09:30/3b 09:40   120.17    2.61x    +0.41%W    +0.90%W    +0.67%W    +0.82%W    +0.20%W    -0.37%L    -1.07%L    -0.36%L    -0.27%L    -0.28%L    -0.46%L    -0.46%L
2019-02-12   SPOT   09:30/3b 09:40   139.83    1.01x    +0.62%W    +1.55%W    +2.00%W    +1.52%W    +1.79%W    +1.75%W    +1.46%W    +0.14%W    +0.94%W    +0.99%W    +0.46%W    +0.46%W
2019-02-14   MU     09:30/3b 09:40    42.44    1.28x    +1.39%W    +0.33%W    +0.14%W    -0.78%L    -0.36%L    -0.30%L    -0.05%L    -0.19%L    -0.38%L    -0.52%L    -0.52%L    -0.52%L
2019-02-14   SPOT   09:30/3b 09:40   144.45    1.43x    +0.53%W    +0.20%W    +0.84%W    +0.67%W    +1.29%W    +1.77%W    +2.62%W    +1.43%W    +1.28%W    +1.90%W    +1.66%W    +1.66%W
2019-02-14   LLY    09:30/3b 09:40   119.52    5.41x    -0.40%L    -0.33%L    -0.40%L    -0.23%L    +0.01%W    +0.59%W    +1.13%W    +1.00%W    +0.92%W    +1.02%W    +1.00%W    +1.00%W
2019-02-20   LLY    09:30/3b 09:45   122.20    2.30x    +0.13%W    +0.19%W    +0.16%W    -0.14%L    -0.09%L    +0.02%W    -0.25%L    +0.09%W    +0.39%W    +0.29%W    +0.39%W    +0.39%W
2019-02-21   LLY    09:30/3b 09:40   122.56    4.53x    -0.38%L    -0.23%L    +0.20%W    +0.28%W    +0.74%W    +0.42%W    +0.82%W    +0.45%W    -0.18%L    -0.12%L    +0.14%W    +0.14%W
2019-02-22   SNPS   09:30/3b 09:40   101.73    2.62x    +0.86%W    +0.92%W    +0.19%W    +0.28%W    +0.64%W    +0.78%W    +0.79%W    +0.62%W    +0.07%W    +0.40%W    +0.56%W    +0.56%W
2019-02-22   LLY    09:30/3b 09:40   123.74    1.43x    +0.50%W    +0.16%W    +0.33%W    +0.51%W    +0.23%W    +0.13%W    +0.48%W    +0.68%W    +0.19%W    +0.08%W    +0.20%W    +0.20%W
2019-02-26   QCOM   09:30/3b 09:45    52.78    1.28x    +0.70%W    +0.67%W    +0.60%W    +0.52%W    +0.81%W    +0.71%W    +0.28%W    +0.33%W    +0.63%W    +0.51%W    +0.49%W    +0.49%W
2019-02-27   SPOT   09:30/3b 09:40   147.02    1.16x    -0.26%L    -1.46%L    -2.11%L    -1.97%L    -2.31%L    -2.23%L    -2.46%L    -2.10%L    -1.62%L    -1.24%L    -1.37%L    -1.37%L
2019-02-27   LLY    09:30/3b 09:40   124.85    5.70x    +0.38%W    +0.02%W    -0.05%L    -0.04%L    -0.10%L    +0.01%W    +0.82%W    +0.82%W    +0.81%W    +0.62%W    +0.66%W    +0.66%W
2019-02-28   LLY    09:30/3b 09:40   126.60    1.28x    +0.10%W    +0.05%W    +0.36%W    +0.37%W    +0.17%W    -0.34%L    -0.33%L    -0.16%L    +0.61%W    +0.05%W    -0.24%L    -0.24%L

========================================================================================
Summary — 14 qualifying signal(s) across 19 trading day(s)

Window 09:30/3b  (14 signal(s))
  Hold      Count   Win Rate   Avg Gain    Avg Win   Avg Loss  Exp Value  Total P&L
  ------------------------------------------------------------------------------------
  +15m         14      71.4%      +0.32%      +0.56%      -0.27%      +0.32%      +4.54%
  +30m         14      78.6%      +0.24%      +0.49%      -0.68%      +0.24%      +3.39%
  +45m         14      78.6%      +0.24%      +0.54%      -0.85%      +0.24%      +3.42%
  +1h          14      57.1%      +0.12%      +0.62%      -0.56%      +0.12%      +1.61%
  +1h30m       14      64.3%      +0.16%      +0.65%      -0.72%      +0.16%      +2.30%
  +2h          14      64.3%      +0.19%      +0.69%      -0.71%      +0.19%      +2.61%
  +3h          14      57.1%      +0.25%      +1.05%      -0.83%      +0.25%      +3.45%
  +4h          14      64.3%      +0.16%      +0.62%      -0.65%      +0.16%      +2.30%
  +5h          14      64.3%      +0.20%      +0.65%      -0.60%      +0.20%      +2.86%
  +6h          14      64.3%      +0.20%      +0.65%      -0.62%      +0.20%      +2.79%
  +7h          14      64.3%      +0.12%      +0.62%      -0.77%      +0.12%      +1.73%
  EOD          14      64.3%      +0.12%      +0.62%      -0.77%      +0.12%      +1.73%
