Fetching 5-min bars (2019-09-01 → 2019-10-31) [alpaca]...
  [cache] delta-fetching 8 tickers from alpaca (2019-10-01 → 2019-10-31)
  [cache] fetching 3 tickers from alpaca (cache miss)
  [cache] loaded 8 tickers from cache
Fetching daily bars (2018-10-01 → 2019-10-31)...

=========================================================================================================================================================================================
Pre-Session Rankings (9:25) — 2019-10-01 to 2019-10-31  |  20d lookback
=========================================================================================================================================================================================
Pre-session top-2 (9:25, 20d EOD win rate) — 2019-10-01  OR: 09:30/3b
  #1 AVGO   +15m 40%W -0.1%  +30m 40%W -0.0%  +1h 50%W +0.0%  +2h 75%W +0.3%  +5h 65%W +0.5%  EOD 60%W +0.4%  EOD range -2.1% → +1.7%
  #2 META   +15m 45%W -0.0%  +30m 45%W -0.1%  +1h 50%W +0.0%  +2h 30%W -0.2%  +5h 40%W -0.3%  EOD 55%W +0.1%  EOD range -2.9% → +1.6%
  Ticker   N          +15m          +30m           +1h           +2h           +5h           EOD           EOD range
  ----------------------------------------------------------------------------------------------------------------------
  AVGO    20  40%W -0.1%  40%W -0.0%  50%W +0.0%  75%W +0.3%  65%W +0.5%  60%W +0.4%       -2.1% → +1.7%
  META    20  45%W -0.0%  45%W -0.1%  50%W +0.0%  30%W -0.2%  40%W -0.3%  55%W +0.1%       -2.9% → +1.6%
  CHTR    20  50%W +0.0%  65%W +0.1%  45%W -0.0%  60%W +0.2%  55%W +0.1%  55%W +0.1%       -1.5% → +1.1%
  MRVL    20  55%W +0.1%  45%W -0.1%  50%W +0.0%  40%W -0.1%  40%W -0.2%  50%W -0.0%       -2.8% → +3.9%
  CRWD    20  30%W -0.8%  45%W -0.3%  35%W -0.3%  40%W -0.1%  40%W -0.5%  50%W -0.7%      -9.7% → +10.0%
  QCOM    20  45%W -0.0%  35%W -0.1%  50%W -0.1%  45%W -0.0%  45%W -0.1%  50%W +0.0%       -3.2% → +2.7%
  TSLA    20  30%W -0.2%  40%W -0.2%  50%W -0.0%  50%W +0.1%  50%W -0.0%  45%W -0.3%       -6.2% → +5.7%
  AMD     20  55%W +0.0%  40%W -0.1%  45%W -0.2%  30%W -0.2%  35%W -1.0%  45%W -0.3%       -3.0% → +2.1%
  SNPS    20  65%W +0.0%  60%W +0.1%  55%W +0.2%  60%W +0.1%  50%W -0.1%  45%W -0.1%       -2.5% → +3.2%
  SPOT    20  25%W -0.1%  30%W -0.2%  35%W -0.3%  40%W -0.1%  40%W -0.6%  45%W -0.6%       -3.1% → +1.8%
  MU      20  40%W -0.2%  25%W -0.3%  50%W -0.0%  40%W -0.5%  35%W -0.9%  35%W -0.4%       -4.3% → +1.7%
  LLY     20  30%W -0.1%  30%W -0.2%  45%W -0.2%  40%W -0.2%  30%W -0.2%  35%W -0.1%       -1.8% → +3.0%
  DDOG     8  71%W +0.4%  57%W +0.3%  43%W -0.7%  43%W -1.2%  29%W -4.9%  29%W -2.6%       -9.1% → +5.4%
Pre-session top-2 (9:25, 20d EOD win rate) — 2019-10-02  OR: 09:30/3b
  #1 AVGO   +15m 40%W -0.1%  +30m 40%W -0.0%  +1h 50%W +0.0%  +2h 75%W +0.3%  +5h 65%W +0.5%  EOD 60%W +0.4%  EOD range -2.1% → +1.7%
  #2 META   +15m 45%W -0.0%  +30m 45%W -0.1%  +1h 50%W +0.0%  +2h 30%W -0.2%  +5h 40%W -0.3%  EOD 55%W +0.1%  EOD range -2.9% → +1.6%
  Ticker   N          +15m          +30m           +1h           +2h           +5h           EOD           EOD range
  ----------------------------------------------------------------------------------------------------------------------
  AVGO    20  40%W -0.1%  40%W -0.0%  50%W +0.0%  75%W +0.3%  65%W +0.5%  60%W +0.4%       -2.1% → +1.7%
  META    20  45%W -0.0%  45%W -0.1%  50%W +0.0%  30%W -0.2%  40%W -0.3%  55%W +0.1%       -2.9% → +1.6%
  MRVL    20  55%W +0.1%  45%W -0.1%  50%W +0.0%  40%W -0.1%  40%W -0.2%  50%W -0.0%       -4.8% → +3.9%
  CRWD    20  35%W -0.7%  50%W -0.0%  35%W -0.3%  45%W -0.1%  40%W -0.5%  50%W -0.7%      -9.7% → +10.0%
  CHTR    20  45%W -0.1%  60%W +0.1%  40%W -0.1%  55%W +0.1%  50%W +0.0%  50%W -0.1%       -2.0% → +1.1%
  TSLA    20  35%W -0.2%  45%W -0.1%  50%W -0.0%  55%W +0.1%  55%W +0.1%  50%W -0.1%       -6.2% → +5.7%
  QCOM    20  45%W -0.0%  35%W -0.1%  50%W -0.1%  45%W -0.0%  45%W -0.1%  50%W +0.0%       -3.3% → +2.7%
  AMD     20  55%W +0.0%  40%W -0.2%  45%W -0.2%  30%W -0.4%  35%W -1.5%  45%W -0.7%       -3.0% → +2.1%
  SNPS    20  65%W +0.0%  60%W +0.1%  50%W +0.1%  55%W +0.0%  50%W -0.1%  45%W -0.1%       -2.5% → +3.2%
  SPOT    20  25%W -0.1%  35%W -0.2%  35%W -0.3%  40%W -0.1%  40%W -0.6%  45%W -1.1%       -3.1% → +1.8%
  MU      20  40%W -0.2%  25%W -0.3%  50%W -0.0%  40%W -0.5%  35%W -0.9%  35%W -0.5%       -4.3% → +1.7%
  LLY     20  30%W -0.1%  30%W -0.2%  45%W -0.1%  40%W -0.3%  25%W -0.3%  30%W -0.2%       -1.8% → +3.0%
  DDOG     9  62%W +0.3%  50%W -0.1%  38%W -0.8%  38%W -1.9%  25%W -4.9%  25%W -3.2%       -9.1% → +5.4%
Pre-session top-2 (9:25, 20d EOD win rate) — 2019-10-03  OR: 09:30/3b
  #1 AVGO   +15m 40%W -0.1%  +30m 45%W -0.0%  +1h 50%W +0.0%  +2h 70%W +0.3%  +5h 65%W +0.5%  EOD 60%W +0.4%  EOD range -2.1% → +1.7%
  #2 META   +15m 50%W +0.0%  +30m 50%W -0.0%  +1h 50%W +0.0%  +2h 25%W -0.2%  +5h 40%W -0.3%  EOD 55%W +0.1%  EOD range -2.9% → +1.6%
  Ticker   N          +15m          +30m           +1h           +2h           +5h           EOD           EOD range
  ----------------------------------------------------------------------------------------------------------------------
  AVGO    20  40%W -0.1%  45%W -0.0%  50%W +0.0%  70%W +0.3%  65%W +0.5%  60%W +0.4%       -2.1% → +1.7%
  META    20  50%W +0.0%  50%W -0.0%  50%W +0.0%  25%W -0.2%  40%W -0.3%  55%W +0.1%       -2.9% → +1.6%
  TSLA    20  40%W -0.1%  50%W -0.0%  50%W -0.0%  55%W +0.1%  60%W +0.1%  55%W +0.2%       -6.2% → +5.7%
  MRVL    20  55%W +0.1%  45%W -0.1%  45%W -0.1%  35%W -0.1%  45%W -0.1%  50%W -0.0%       -4.8% → +3.9%
  CRWD    20  35%W -0.7%  50%W -0.0%  35%W -0.3%  40%W -0.2%  40%W -0.5%  50%W -0.7%      -9.7% → +10.0%
  CHTR    20  50%W +0.0%  60%W +0.1%  45%W -0.0%  55%W +0.1%  50%W +0.0%  50%W -0.1%       -2.0% → +1.1%
  AMD     20  50%W +0.0%  45%W -0.1%  50%W -0.1%  30%W -0.2%  35%W -0.8%  45%W -0.2%       -3.0% → +2.1%
  SPOT    20  30%W -0.1%  40%W -0.1%  40%W -0.2%  45%W -0.1%  45%W -0.6%  45%W -1.1%       -3.1% → +1.8%
  QCOM    20  50%W -0.0%  40%W -0.0%  45%W -0.2%  40%W -0.2%  40%W -0.5%  45%W -0.2%       -3.3% → +2.7%
  SNPS    20  60%W +0.0%  60%W +0.1%  50%W +0.1%  50%W -0.1%  45%W -0.5%  40%W -0.2%       -2.5% → +3.2%
  MU      20  40%W -0.2%  25%W -0.3%  45%W -0.1%  40%W -0.5%  35%W -0.9%  35%W -0.6%       -4.3% → +1.7%
  LLY     20  30%W -0.1%  30%W -0.3%  45%W -0.1%  40%W -0.3%  25%W -0.3%  30%W -0.4%       -1.8% → +3.0%
  DDOG    10  56%W +0.3%  44%W -0.5%  33%W -0.9%  33%W -2.0%  22%W -4.9%  22%W -2.6%       -9.1% → +5.4%
Pre-session top-2 (9:25, 20d EOD win rate) — 2019-10-04  OR: 09:30/3b
  #1 AVGO   +15m 35%W -0.1%  +30m 40%W -0.0%  +1h 50%W +0.0%  +2h 75%W +0.3%  +5h 65%W +0.6%  EOD 65%W +0.5%  EOD range -2.1% → +1.7%
  #2 META   +15m 45%W -0.0%  +30m 45%W -0.1%  +1h 45%W -0.1%  +2h 25%W -0.2%  +5h 40%W -0.3%  EOD 55%W +0.1%  EOD range -2.9% → +1.8%
  Ticker   N          +15m          +30m           +1h           +2h           +5h           EOD           EOD range
  ----------------------------------------------------------------------------------------------------------------------
  AVGO    20  35%W -0.1%  40%W -0.0%  50%W +0.0%  75%W +0.3%  65%W +0.6%  65%W +0.5%       -2.1% → +1.7%
  META    20  45%W -0.0%  45%W -0.1%  45%W -0.1%  25%W -0.2%  40%W -0.3%  55%W +0.1%       -2.9% → +1.8%
  CHTR    20  45%W -0.1%  55%W +0.1%  40%W -0.1%  50%W +0.0%  55%W +0.1%  55%W +0.1%       -2.0% → +1.2%
  TSLA    20  40%W -0.1%  50%W -0.0%  45%W -0.3%  55%W +0.0%  60%W +0.1%  55%W +0.2%       -6.2% → +5.7%
  MRVL    20  50%W -0.0%  40%W -0.1%  45%W -0.1%  35%W -0.1%  45%W -0.1%  50%W -0.1%       -4.8% → +3.9%
  CRWD    20  35%W -0.7%  45%W -0.3%  35%W -0.3%  45%W -0.2%  40%W -0.5%  50%W -0.7%      -9.7% → +10.0%
  AMD     20  50%W +0.0%  45%W -0.1%  50%W -0.1%  30%W -0.2%  40%W -0.2%  50%W -0.1%       -3.0% → +2.1%
  QCOM    20  50%W -0.0%  35%W -0.1%  45%W -0.2%  45%W -0.0%  45%W -0.1%  50%W +0.0%       -3.3% → +2.7%
  SPOT    20  30%W -0.1%  35%W -0.2%  35%W -0.3%  50%W +0.0%  45%W -0.6%  45%W -1.1%       -3.1% → +2.1%
  MU      20  35%W -0.2%  25%W -0.4%  40%W -0.1%  45%W -0.3%  40%W -0.8%  40%W -0.6%       -4.3% → +2.4%
  SNPS    20  55%W +0.0%  55%W +0.0%  45%W -0.1%  50%W -0.1%  45%W -0.5%  40%W -0.2%       -2.5% → +3.2%
  DDOG    11  50%W -0.1%  50%W -0.1%  40%W -0.8%  40%W -1.6%  30%W -4.4%  30%W -2.1%       -9.1% → +6.2%
  LLY     20  25%W -0.1%  25%W -0.3%  40%W -0.2%  35%W -0.4%  20%W -0.3%  25%W -0.4%       -1.8% → +3.0%
Pre-session top-2 (9:25, 20d EOD win rate) — 2019-10-07  OR: 09:30/3b
  #1 AVGO   +15m 40%W -0.1%  +30m 40%W -0.1%  +1h 45%W -0.1%  +2h 75%W +0.3%  +5h 65%W +0.6%  EOD 65%W +0.6%  EOD range -2.1% → +1.7%
  #2 META   +15m 50%W +0.0%  +30m 50%W -0.0%  +1h 45%W -0.1%  +2h 25%W -0.2%  +5h 40%W -0.3%  EOD 55%W +0.1%  EOD range -2.9% → +1.8%
  Ticker   N          +15m          +30m           +1h           +2h           +5h           EOD           EOD range
  ----------------------------------------------------------------------------------------------------------------------
  AVGO    20  40%W -0.1%  40%W -0.1%  45%W -0.1%  75%W +0.3%  65%W +0.6%  65%W +0.6%       -2.1% → +1.7%
  META    20  50%W +0.0%  50%W -0.0%  45%W -0.1%  25%W -0.2%  40%W -0.3%  55%W +0.1%       -2.9% → +1.8%
  CRWD    20  40%W -0.4%  50%W -0.0%  40%W -0.3%  50%W +0.0%  45%W -0.1%  55%W +0.1%      -9.7% → +10.0%
  CHTR    20  45%W -0.1%  50%W +0.0%  35%W -0.1%  50%W +0.0%  55%W +0.1%  55%W +0.1%       -2.0% → +1.2%
  AMD     20  55%W +0.1%  50%W +0.0%  50%W -0.1%  35%W -0.2%  45%W -0.2%  55%W +0.2%       -3.0% → +2.1%
  MRVL    20  50%W -0.0%  40%W -0.1%  40%W -0.1%  35%W -0.1%  45%W -0.2%  50%W -0.1%       -4.8% → +3.9%
  TSLA    20  40%W -0.1%  50%W -0.0%  45%W -0.4%  50%W -0.0%  55%W +0.1%  50%W -0.0%       -6.2% → +5.7%
  QCOM    20  55%W +0.0%  40%W -0.1%  45%W -0.2%  50%W +0.0%  50%W +0.2%  50%W +0.2%       -3.3% → +2.7%
  MU      20  40%W -0.2%  30%W -0.3%  40%W -0.1%  50%W -0.1%  45%W -0.4%  45%W -0.4%       -4.3% → +2.7%
  SNPS    20  55%W +0.0%  55%W +0.1%  40%W -0.1%  50%W -0.1%  45%W -0.5%  45%W -0.1%       -2.5% → +3.2%
  SPOT    20  35%W -0.1%  30%W -0.2%  30%W -0.4%  50%W +0.0%  45%W -0.6%  45%W -1.1%       -3.1% → +2.1%
  DDOG    12  55%W +0.0%  45%W +0.0%  36%W -0.7%  36%W -1.2%  36%W -4.0%  36%W -1.6%       -9.1% → +6.2%
  LLY     20  30%W -0.1%  30%W -0.3%  40%W -0.2%  30%W -0.4%  20%W -0.3%  30%W -0.3%       -1.8% → +3.0%
Pre-session top-2 (9:25, 20d EOD win rate) — 2019-10-08  OR: 09:30/3b
  #1 AVGO   +15m 40%W -0.1%  +30m 45%W -0.1%  +1h 40%W -0.1%  +2h 70%W +0.3%  +5h 65%W +0.6%  EOD 65%W +0.6%  EOD range -2.1% → +1.7%
  #2 CRWD   +15m 45%W -0.1%  +30m 55%W +0.2%  +1h 45%W -0.1%  +2h 55%W +0.3%  +5h 50%W +0.3%  EOD 60%W +0.6%  EOD range -5.9% → +10.0%
  Ticker   N          +15m          +30m           +1h           +2h           +5h           EOD           EOD range
  ----------------------------------------------------------------------------------------------------------------------
  AVGO    20  40%W -0.1%  45%W -0.1%  40%W -0.1%  70%W +0.3%  65%W +0.6%  65%W +0.6%       -2.1% → +1.7%
  CRWD    20  45%W -0.1%  55%W +0.2%  45%W -0.1%  55%W +0.3%  50%W +0.3%  60%W +0.6%      -5.9% → +10.0%
  CHTR    20  50%W -0.0%  55%W +0.1%  40%W -0.0%  55%W +0.1%  60%W +0.2%  60%W +0.2%       -2.0% → +1.2%
  META    20  55%W +0.0%  55%W +0.0%  45%W -0.1%  30%W -0.2%  40%W -0.3%  55%W +0.1%       -2.9% → +1.8%
  AMD     20  60%W +0.2%  55%W +0.1%  55%W +0.2%  40%W -0.2%  45%W -0.1%  55%W +0.2%       -3.0% → +2.1%
  TSLA    20  40%W -0.1%  50%W -0.0%  45%W -0.4%  50%W -0.0%  55%W +0.1%  50%W -0.0%       -6.2% → +5.7%
  SPOT    20  40%W -0.1%  35%W -0.2%  30%W -0.4%  55%W +0.1%  50%W -0.2%  50%W -0.7%       -3.1% → +2.1%
  QCOM    20  55%W +0.0%  45%W -0.0%  50%W -0.1%  55%W +0.1%  55%W +0.5%  50%W +0.2%       -3.3% → +2.7%
  MU      20  40%W -0.2%  35%W -0.2%  45%W -0.1%  55%W +0.1%  50%W -0.0%  45%W -0.2%       -4.3% → +2.7%
  MRVL    20  45%W -0.1%  40%W -0.1%  45%W -0.1%  30%W -0.2%  45%W -0.2%  45%W -0.4%       -4.8% → +3.9%
  SNPS    20  60%W +0.0%  60%W +0.1%  45%W -0.0%  55%W +0.1%  50%W -0.1%  45%W -0.1%       -2.2% → +3.2%
  DDOG    13  58%W +0.1%  42%W -0.2%  42%W -0.6%  42%W -0.8%  42%W -2.1%  42%W -1.5%       -9.1% → +6.2%
  LLY     20  30%W -0.1%  30%W -0.2%  45%W -0.1%  35%W -0.3%  25%W -0.2%  30%W -0.2%       -1.5% → +3.0%
Pre-session top-2 (9:25, 20d EOD win rate) — 2019-10-09  OR: 09:30/3b
  #1 CHTR   +15m 50%W -0.0%  +30m 55%W +0.1%  +1h 35%W -0.1%  +2h 50%W +0.0%  +5h 65%W +0.3%  EOD 60%W +0.3%  EOD range -2.0% → +1.2%
  #2 AVGO   +15m 40%W -0.1%  +30m 40%W -0.2%  +1h 35%W -0.1%  +2h 65%W +0.2%  +5h 65%W +0.6%  EOD 60%W +0.4%  EOD range -2.1% → +1.5%
  Ticker   N          +15m          +30m           +1h           +2h           +5h           EOD           EOD range
  ----------------------------------------------------------------------------------------------------------------------
  CHTR    20  50%W -0.0%  55%W +0.1%  35%W -0.1%  50%W +0.0%  65%W +0.3%  60%W +0.3%       -2.0% → +1.2%
  AVGO    20  40%W -0.1%  40%W -0.2%  35%W -0.1%  65%W +0.2%  65%W +0.6%  60%W +0.4%       -2.1% → +1.5%
  META    20  50%W +0.0%  55%W +0.0%  45%W -0.1%  30%W -0.2%  45%W -0.2%  55%W +0.1%       -2.9% → +1.8%
  CRWD    20  40%W -0.4%  55%W +0.1%  40%W -0.3%  50%W +0.0%  50%W +0.3%  55%W +0.1%      -5.9% → +10.0%
  SPOT    20  40%W -0.1%  40%W -0.1%  30%W -0.4%  50%W -0.0%  55%W +0.3%  55%W +0.0%       -3.1% → +2.1%
  TSLA    20  35%W -0.2%  45%W -0.1%  40%W -0.4%  50%W -0.0%  55%W +0.1%  50%W -0.0%       -6.2% → +5.7%
  AMD     20  55%W +0.2%  50%W +0.0%  50%W -0.1%  35%W -0.2%  50%W +0.1%  50%W -0.1%       -3.0% → +2.1%
  MU      20  40%W -0.2%  35%W -0.2%  45%W -0.1%  55%W +0.1%  50%W -0.0%  45%W -0.4%       -4.3% → +2.7%
  SNPS    20  60%W +0.0%  60%W +0.1%  45%W -0.1%  60%W +0.1%  55%W +0.1%  45%W -0.1%       -2.2% → +3.2%
  QCOM    20  50%W -0.0%  40%W -0.1%  45%W -0.2%  50%W -0.1%  50%W +0.2%  45%W -0.1%       -3.3% → +2.7%
  MRVL    20  40%W -0.1%  35%W -0.2%  45%W -0.1%  30%W -0.2%  45%W -0.3%  40%W -0.5%       -4.8% → +3.9%
  DDOG    14  54%W +0.0%  38%W -0.3%  38%W -0.7%  38%W -1.2%  38%W -1.3%  38%W -1.6%       -9.1% → +6.2%
  LLY     20  30%W -0.1%  30%W -0.2%  45%W -0.1%  35%W -0.3%  25%W -0.2%  30%W -0.2%       -1.5% → +0.9%
Pre-session top-2 (9:25, 20d EOD win rate) — 2019-10-10  OR: 09:30/3b
  #1 META   +15m 45%W -0.0%  +30m 55%W +0.0%  +1h 45%W -0.1%  +2h 30%W -0.2%  +5h 45%W -0.2%  EOD 55%W +0.1%  EOD range -2.9% → +1.8%
  #2 CHTR   +15m 45%W -0.1%  +30m 50%W +0.0%  +1h 30%W -0.2%  +2h 45%W -0.1%  +5h 60%W +0.2%  EOD 55%W +0.1%  EOD range -2.0% → +1.2%
  Ticker   N          +15m          +30m           +1h           +2h           +5h           EOD           EOD range
  ----------------------------------------------------------------------------------------------------------------------
  META    20  45%W -0.0%  55%W +0.0%  45%W -0.1%  30%W -0.2%  45%W -0.2%  55%W +0.1%       -2.9% → +1.8%
  CHTR    20  45%W -0.1%  50%W +0.0%  30%W -0.2%  45%W -0.1%  60%W +0.2%  55%W +0.1%       -2.0% → +1.2%
  AVGO    20  35%W -0.1%  35%W -0.2%  30%W -0.2%  65%W +0.2%  65%W +0.5%  55%W +0.3%       -2.1% → +1.5%
  CRWD    20  35%W -0.7%  50%W -0.0%  45%W -0.3%  50%W +0.0%  50%W +0.3%  50%W -0.7%      -5.9% → +10.0%
  TSLA    20  40%W -0.1%  45%W -0.1%  40%W -0.4%  50%W -0.0%  55%W +0.1%  50%W -0.0%       -6.2% → +5.7%
  AMD     20  50%W +0.0%  50%W +0.0%  50%W -0.1%  35%W -0.2%  50%W +0.1%  50%W -0.1%       -3.0% → +2.1%
  SNPS    20  55%W +0.0%  55%W +0.1%  50%W +0.0%  60%W +0.1%  60%W +0.2%  50%W +0.0%       -2.2% → +3.2%
  SPOT    20  45%W -0.0%  45%W -0.0%  30%W -0.4%  45%W -0.2%  50%W -0.3%  50%W -0.6%       -3.1% → +2.1%
  MU      20  40%W -0.1%  40%W -0.1%  45%W -0.1%  55%W +0.1%  50%W -0.0%  45%W -0.4%       -4.3% → +2.7%
  DDOG    15  50%W -0.0%  43%W -0.2%  43%W -0.6%  43%W -0.8%  43%W -0.8%  43%W -1.5%       -9.1% → +6.2%
  QCOM    20  50%W -0.0%  40%W -0.1%  45%W -0.2%  45%W -0.2%  50%W +0.1%  40%W -0.1%       -3.3% → +2.7%
  MRVL    20  40%W -0.1%  35%W -0.2%  45%W -0.1%  30%W -0.2%  45%W -0.3%  35%W -0.5%       -4.8% → +2.3%
  LLY     20  30%W -0.1%  25%W -0.3%  40%W -0.2%  35%W -0.3%  25%W -0.2%  25%W -0.2%       -1.5% → +0.9%
Pre-session top-2 (9:25, 20d EOD win rate) — 2019-10-11  OR: 09:30/3b
  #1 CHTR   +15m 45%W -0.1%  +30m 50%W +0.0%  +1h 30%W -0.2%  +2h 45%W -0.1%  +5h 60%W +0.2%  EOD 60%W +0.1%  EOD range -2.0% → +1.2%
  #2 META   +15m 50%W +0.0%  +30m 60%W +0.0%  +1h 50%W -0.0%  +2h 35%W -0.1%  +5h 45%W -0.2%  EOD 55%W +0.1%  EOD range -2.9% → +1.8%
  Ticker   N          +15m          +30m           +1h           +2h           +5h           EOD           EOD range
  ----------------------------------------------------------------------------------------------------------------------
  CHTR    20  45%W -0.1%  50%W +0.0%  30%W -0.2%  45%W -0.1%  60%W +0.2%  60%W +0.1%       -2.0% → +1.2%
  META    20  50%W +0.0%  60%W +0.0%  50%W -0.0%  35%W -0.1%  45%W -0.2%  55%W +0.1%       -2.9% → +1.8%
  CRWD    20  35%W -0.7%  50%W -0.0%  45%W -0.3%  50%W +0.0%  50%W +0.3%  50%W -0.5%      -5.9% → +10.0%
  TSLA    20  40%W -0.1%  45%W -0.1%  35%W -0.4%  50%W -0.0%  55%W +0.1%  50%W -0.0%       -6.2% → +5.7%
  SNPS    20  55%W +0.0%  55%W +0.1%  50%W +0.0%  60%W +0.1%  60%W +0.2%  50%W +0.0%       -2.2% → +3.2%
  SPOT    20  50%W +0.0%  50%W -0.0%  30%W -0.4%  40%W -0.5%  50%W -0.3%  50%W -0.6%       -3.1% → +2.1%
  AVGO    20  35%W -0.1%  35%W -0.2%  30%W -0.2%  65%W +0.2%  60%W +0.3%  50%W +0.0%       -2.1% → +1.5%
  MU      20  40%W -0.1%  40%W -0.1%  45%W -0.1%  55%W +0.1%  50%W -0.0%  45%W -0.4%       -4.3% → +2.7%
  AMD     20  50%W +0.0%  50%W +0.0%  50%W -0.1%  35%W -0.2%  45%W -0.1%  45%W -0.2%       -3.0% → +2.1%
  DDOG    16  53%W +0.0%  47%W +0.0%  47%W -0.5%  47%W -0.5%  40%W -1.3%  40%W -1.6%       -9.1% → +6.2%
  MRVL    20  40%W -0.1%  35%W -0.2%  45%W -0.1%  35%W -0.1%  40%W -0.3%  35%W -0.5%       -4.8% → +2.3%
  QCOM    20  50%W -0.0%  40%W -0.1%  45%W -0.2%  45%W -0.2%  45%W -0.1%  35%W -0.1%       -3.3% → +2.7%
  LLY     20  30%W -0.1%  25%W -0.2%  35%W -0.3%  35%W -0.3%  20%W -0.2%  25%W -0.2%       -1.5% → +0.9%
Pre-session top-2 (9:25, 20d EOD win rate) — 2019-10-14  OR: 09:30/3b
  #1 META   +15m 50%W +0.0%  +30m 60%W +0.1%  +1h 50%W +0.0%  +2h 40%W -0.1%  +5h 50%W -0.0%  EOD 60%W +0.1%  EOD range -2.9% → +1.8%
  #2 CRWD   +15m 40%W -0.4%  +30m 55%W +0.1%  +1h 50%W +0.0%  +2h 55%W +0.3%  +5h 55%W +0.7%  EOD 55%W +0.6%  EOD range -5.9% → +10.0%
  Ticker   N          +15m          +30m           +1h           +2h           +5h           EOD           EOD range
  ----------------------------------------------------------------------------------------------------------------------
  META    20  50%W +0.0%  60%W +0.1%  50%W +0.0%  40%W -0.1%  50%W -0.0%  60%W +0.1%       -2.9% → +1.8%
  CRWD    20  40%W -0.4%  55%W +0.1%  50%W +0.0%  55%W +0.3%  55%W +0.7%  55%W +0.6%      -5.9% → +10.0%
  CHTR    20  40%W -0.1%  45%W -0.1%  25%W -0.2%  45%W -0.1%  55%W +0.1%  55%W +0.1%       -2.0% → +1.2%
  TSLA    20  45%W -0.0%  50%W -0.0%  40%W -0.4%  55%W +0.0%  60%W +0.4%  55%W +0.2%       -6.2% → +5.7%
  SNPS    20  55%W +0.0%  50%W +0.0%  45%W -0.1%  60%W +0.1%  60%W +0.2%  50%W +0.0%       -2.2% → +3.2%
  MU      20  35%W -0.1%  40%W -0.2%  45%W -0.1%  55%W +0.1%  50%W -0.0%  45%W -0.4%       -4.3% → +2.7%
  AMD     20  55%W +0.1%  45%W -0.1%  50%W -0.1%  35%W -0.2%  45%W -0.1%  45%W -0.2%       -3.0% → +1.8%
  SPOT    20  55%W +0.1%  55%W +0.0%  35%W -0.4%  45%W -0.5%  50%W -0.3%  45%W -0.8%       -3.1% → +2.1%
  AVGO    20  40%W -0.1%  40%W -0.1%  35%W -0.1%  65%W +0.2%  60%W +0.2%  45%W -0.4%       -2.1% → +1.5%
  DDOG    17  56%W +0.1%  50%W +0.1%  50%W -0.2%  44%W -0.4%  38%W -0.8%  44%W -1.5%       -9.1% → +6.2%
  MRVL    20  40%W -0.1%  35%W -0.2%  40%W -0.2%  35%W -0.2%  40%W -0.3%  35%W -0.5%       -4.8% → +2.3%
  QCOM    20  50%W +0.0%  45%W -0.0%  45%W -0.1%  45%W -0.2%  50%W +0.1%  35%W -0.1%       -3.3% → +2.7%
  LLY     20  25%W -0.1%  25%W -0.2%  35%W -0.2%  35%W -0.3%  20%W -0.2%  25%W -0.2%       -1.5% → +0.9%
Pre-session top-2 (9:25, 20d EOD win rate) — 2019-10-15  OR: 09:30/3b
  #1 META   +15m 50%W +0.0%  +30m 60%W +0.1%  +1h 50%W +0.1%  +2h 45%W -0.0%  +5h 50%W +0.1%  EOD 60%W +0.1%  EOD range -2.9% → +1.8%
  #2 TSLA   +15m 40%W -0.1%  +30m 50%W -0.0%  +1h 45%W -0.2%  +2h 60%W +0.2%  +5h 65%W +0.6%  EOD 60%W +0.4%  EOD range -6.2% → +5.7%
  Ticker   N          +15m          +30m           +1h           +2h           +5h           EOD           EOD range
  ----------------------------------------------------------------------------------------------------------------------
  META    20  50%W +0.0%  60%W +0.1%  50%W +0.1%  45%W -0.0%  50%W +0.1%  60%W +0.1%       -2.9% → +1.8%
  TSLA    20  40%W -0.1%  50%W -0.0%  45%W -0.2%  60%W +0.2%  65%W +0.6%  60%W +0.4%       -6.2% → +5.7%
  CHTR    20  35%W -0.1%  40%W -0.1%  30%W -0.2%  45%W -0.0%  60%W +0.1%  55%W +0.1%       -2.0% → +1.2%
  CRWD    20  35%W -0.7%  50%W -0.0%  50%W +0.0%  50%W +0.0%  50%W +0.3%  50%W -0.5%      -5.9% → +10.0%
  SNPS    20  55%W +0.1%  45%W -0.0%  50%W +0.0%  60%W +0.1%  60%W +0.2%  50%W +0.0%       -2.2% → +3.2%
  SPOT    20  55%W +0.1%  55%W +0.0%  35%W -0.3%  50%W -0.2%  55%W +0.3%  50%W -0.2%       -3.1% → +2.1%
  AMD     20  55%W +0.1%  40%W -0.2%  50%W -0.1%  35%W -0.2%  45%W -0.1%  45%W -0.2%       -3.0% → +3.4%
  DDOG    18  53%W +0.0%  47%W +0.0%  47%W -0.5%  41%W -0.5%  35%W -1.3%  41%W -1.6%       -9.1% → +6.2%
  MU      20  35%W -0.2%  35%W -0.3%  45%W -0.1%  55%W +0.1%  45%W -0.2%  40%W -0.5%       -4.3% → +2.7%
  MRVL    20  40%W -0.1%  30%W -0.2%  40%W -0.1%  40%W -0.2%  40%W -0.3%  40%W -0.5%       -4.8% → +2.3%
  AVGO    20  35%W -0.1%  35%W -0.2%  30%W -0.2%  60%W +0.1%  55%W +0.1%  40%W -0.4%       -2.1% → +1.5%
  QCOM    20  50%W +0.0%  45%W -0.0%  45%W -0.1%  45%W -0.2%  45%W -0.1%  30%W -0.3%       -3.3% → +2.7%
  LLY     20  25%W -0.1%  30%W -0.2%  40%W -0.2%  40%W -0.2%  20%W -0.2%  25%W -0.2%       -1.5% → +0.9%
Pre-session top-2 (9:25, 20d EOD win rate) — 2019-10-16  OR: 09:30/3b
  #1 META   +15m 50%W +0.0%  +30m 65%W +0.1%  +1h 55%W +0.2%  +2h 50%W +0.1%  +5h 55%W +0.3%  EOD 60%W +0.1%  EOD range -2.9% → +1.8%
  #2 TSLA   +15m 45%W -0.0%  +30m 55%W +0.0%  +1h 50%W +0.0%  +2h 60%W +0.3%  +5h 65%W +0.6%  EOD 60%W +0.4%  EOD range -6.2% → +5.7%
  Ticker   N          +15m          +30m           +1h           +2h           +5h           EOD           EOD range
  ----------------------------------------------------------------------------------------------------------------------
  META    20  50%W +0.0%  65%W +0.1%  55%W +0.2%  50%W +0.1%  55%W +0.3%  60%W +0.1%       -2.9% → +1.8%
  TSLA    20  45%W -0.0%  55%W +0.0%  50%W +0.0%  60%W +0.3%  65%W +0.6%  60%W +0.4%       -6.2% → +5.7%
  CHTR    20  40%W -0.1%  40%W -0.1%  35%W -0.2%  45%W -0.0%  60%W +0.1%  55%W +0.1%       -2.0% → +1.2%
  CRWD    20  40%W -0.4%  55%W +0.2%  55%W +0.3%  50%W +0.0%  50%W +0.3%  50%W -0.5%      -5.9% → +10.0%
  SNPS    20  50%W +0.0%  40%W -0.0%  50%W +0.0%  60%W +0.1%  60%W +0.2%  50%W +0.0%       -2.2% → +3.2%
  SPOT    20  55%W +0.1%  55%W +0.0%  40%W -0.2%  50%W -0.2%  55%W +0.3%  50%W -0.2%       -3.1% → +2.1%
  AMD     20  60%W +0.2%  45%W -0.1%  55%W +0.2%  40%W -0.2%  50%W +0.1%  45%W -0.2%       -3.0% → +3.4%
  DDOG    19  50%W -0.0%  44%W -0.1%  44%W -0.4%  44%W -0.4%  39%W -0.8%  44%W -1.5%       -9.1% → +6.2%
  MU      20  40%W -0.1%  40%W -0.2%  50%W +0.0%  55%W +0.1%  45%W -0.2%  40%W -0.5%       -4.3% → +3.0%
  MRVL    20  45%W -0.1%  35%W -0.2%  40%W -0.1%  40%W -0.2%  40%W -0.3%  40%W -0.5%       -4.8% → +2.3%
  AVGO    20  35%W -0.1%  40%W -0.1%  30%W -0.2%  60%W +0.1%  55%W +0.1%  40%W -0.4%       -2.1% → +2.5%
  QCOM    20  50%W +0.0%  50%W +0.1%  45%W -0.1%  45%W -0.2%  45%W -0.1%  30%W -0.3%       -3.3% → +2.7%
  LLY     20  25%W -0.1%  30%W -0.2%  40%W -0.2%  40%W -0.2%  20%W -0.2%  25%W -0.2%       -1.5% → +0.8%
Pre-session top-2 (9:25, 20d EOD win rate) — 2019-10-17  OR: 09:30/3b
  #1 META   +15m 50%W +0.0%  +30m 60%W +0.1%  +1h 50%W +0.1%  +2h 50%W +0.1%  +5h 60%W +0.4%  EOD 60%W +0.1%  EOD range -2.9% → +1.8%
  #2 TSLA   +15m 40%W -0.1%  +30m 55%W +0.0%  +1h 55%W +0.2%  +2h 65%W +0.4%  +5h 65%W +0.6%  EOD 60%W +0.4%  EOD range -6.2% → +5.7%
  Ticker   N          +15m          +30m           +1h           +2h           +5h           EOD           EOD range
  ----------------------------------------------------------------------------------------------------------------------
  META    20  50%W +0.0%  60%W +0.1%  50%W +0.1%  50%W +0.1%  60%W +0.4%  60%W +0.1%       -2.9% → +1.8%
  TSLA    20  40%W -0.1%  55%W +0.0%  55%W +0.2%  65%W +0.4%  65%W +0.6%  60%W +0.4%       -6.2% → +5.7%
  CHTR    20  40%W -0.1%  40%W -0.1%  35%W -0.2%  45%W -0.0%  60%W +0.1%  55%W +0.1%       -2.0% → +1.7%
  SNPS    20  45%W -0.0%  40%W -0.0%  50%W +0.0%  65%W +0.1%  65%W +0.3%  50%W +0.0%       -2.2% → +3.2%
  SPOT    20  50%W +0.0%  50%W -0.0%  40%W -0.2%  50%W -0.2%  55%W +0.3%  50%W -0.2%       -3.1% → +2.1%
  CRWD    20  45%W -0.1%  55%W +0.2%  55%W +0.3%  50%W +0.0%  50%W +0.3%  45%W -1.3%      -5.9% → +10.0%
  AMD     20  60%W +0.1%  45%W -0.1%  55%W +0.2%  45%W -0.2%  55%W +0.3%  45%W -0.2%       -3.0% → +3.4%
  DDOG    20  47%W -0.1%  47%W +0.0%  47%W -0.3%  47%W -0.2%  42%W -0.2%  42%W -1.4%       -9.1% → +6.2%
  MRVL    20  40%W -0.1%  30%W -0.2%  40%W -0.2%  40%W -0.3%  40%W -0.3%  40%W -0.5%       -4.8% → +2.3%
  AVGO    20  35%W -0.1%  40%W -0.1%  30%W -0.1%  65%W +0.2%  55%W +0.1%  40%W -0.3%       -2.1% → +2.5%
  MU      20  40%W -0.1%  40%W -0.2%  50%W +0.0%  55%W +0.1%  45%W -0.2%  35%W -0.6%       -4.3% → +3.0%
  QCOM    20  50%W +0.0%  55%W +0.1%  50%W +0.0%  45%W -0.2%  50%W +0.1%  35%W -0.3%       -3.3% → +2.7%
  LLY     20  25%W -0.2%  25%W -0.2%  35%W -0.2%  35%W -0.3%  20%W -0.3%  20%W -0.4%       -1.5% → +0.8%
Pre-session top-2 (9:25, 20d EOD win rate) — 2019-10-18  OR: 09:30/3b
  #1 CHTR   +15m 45%W -0.1%  +30m 40%W -0.1%  +1h 40%W -0.1%  +2h 50%W +0.1%  +5h 65%W +0.2%  EOD 60%W +0.1%  EOD range -2.0% → +1.7%
  #2 META   +15m 45%W -0.0%  +30m 55%W +0.1%  +1h 45%W -0.1%  +2h 45%W -0.0%  +5h 55%W +0.4%  EOD 55%W +0.1%  EOD range -2.9% → +1.8%
  Ticker   N          +15m          +30m           +1h           +2h           +5h           EOD           EOD range
  ----------------------------------------------------------------------------------------------------------------------
  CHTR    20  45%W -0.1%  40%W -0.1%  40%W -0.1%  50%W +0.1%  65%W +0.2%  60%W +0.1%       -2.0% → +1.7%
  META    20  45%W -0.0%  55%W +0.1%  45%W -0.1%  45%W -0.0%  55%W +0.4%  55%W +0.1%       -2.9% → +1.8%
  TSLA    20  40%W -0.2%  50%W -0.0%  50%W +0.0%  60%W +0.2%  60%W +0.6%  55%W +0.3%       -6.2% → +5.7%
  SPOT    20  50%W +0.0%  55%W +0.1%  45%W -0.1%  55%W +0.0%  60%W +0.3%  55%W +0.0%       -3.1% → +2.1%
  AMD     20  60%W +0.2%  45%W -0.1%  50%W -0.0%  40%W -0.2%  55%W +0.3%  50%W -0.0%       -3.0% → +3.4%
  CRWD    20  50%W +0.0%  55%W +0.2%  55%W +0.3%  50%W +0.0%  50%W +0.3%  45%W -1.3%      -5.9% → +10.0%
  SNPS    20  40%W -0.1%  35%W -0.1%  45%W -0.1%  60%W +0.1%  60%W +0.3%  45%W -0.1%       -2.2% → +3.2%
  DDOG    20  45%W -0.0%  50%W +0.1%  50%W -0.1%  50%W -0.0%  45%W -0.1%  45%W -1.1%       -9.1% → +6.2%
  MRVL    20  40%W -0.1%  35%W -0.2%  35%W -0.3%  40%W -0.3%  40%W -0.3%  40%W -0.5%       -4.8% → +2.3%
  MU      20  45%W -0.0%  45%W -0.2%  50%W +0.0%  55%W +0.1%  45%W -0.2%  35%W -0.6%       -4.3% → +3.0%
  QCOM    20  50%W +0.0%  60%W +0.1%  50%W +0.0%  45%W -0.2%  50%W +0.1%  35%W -0.3%       -3.3% → +2.7%
  AVGO    20  35%W -0.1%  40%W -0.1%  25%W -0.2%  60%W +0.1%  50%W +0.0%  35%W -0.4%       -2.1% → +2.5%
  LLY     20  20%W -0.2%  20%W -0.3%  30%W -0.3%  30%W -0.3%  15%W -0.3%  15%W -0.5%       -1.5% → +0.8%
Pre-session top-2 (9:25, 20d EOD win rate) — 2019-10-21  OR: 09:30/3b
  #1 CHTR   +15m 45%W -0.1%  +30m 40%W -0.1%  +1h 40%W -0.1%  +2h 50%W +0.1%  +5h 65%W +0.2%  EOD 60%W +0.1%  EOD range -2.0% → +1.7%
  #2 META   +15m 45%W -0.0%  +30m 55%W +0.1%  +1h 45%W -0.1%  +2h 45%W -0.0%  +5h 55%W +0.4%  EOD 55%W +0.1%  EOD range -2.9% → +1.8%
  Ticker   N          +15m          +30m           +1h           +2h           +5h           EOD           EOD range
  ----------------------------------------------------------------------------------------------------------------------
  CHTR    20  45%W -0.1%  40%W -0.1%  40%W -0.1%  50%W +0.1%  65%W +0.2%  60%W +0.1%       -2.0% → +1.7%
  META    20  45%W -0.0%  55%W +0.1%  45%W -0.1%  45%W -0.0%  55%W +0.4%  55%W +0.1%       -2.9% → +1.8%
  TSLA    20  45%W -0.1%  50%W -0.0%  50%W +0.0%  60%W +0.2%  60%W +0.6%  55%W +0.3%       -6.2% → +5.7%
  SPOT    20  45%W -0.0%  50%W -0.1%  40%W -0.3%  55%W +0.0%  60%W +0.3%  55%W +0.0%       -3.1% → +2.1%
  AMD     20  55%W +0.1%  45%W -0.1%  50%W -0.0%  40%W -0.2%  55%W +0.3%  50%W -0.0%       -3.0% → +3.4%
  CRWD    20  50%W -0.2%  50%W -0.2%  50%W -0.1%  45%W -0.2%  50%W +0.3%  45%W -1.3%      -5.9% → +10.0%
  SNPS    20  40%W -0.1%  35%W -0.1%  45%W -0.1%  60%W +0.1%  60%W +0.3%  45%W -0.1%       -2.2% → +3.2%
  DDOG    20  40%W -0.2%  50%W +0.1%  50%W -0.1%  50%W -0.0%  45%W -0.1%  45%W -1.1%       -9.1% → +6.2%
  MRVL    20  35%W -0.1%  35%W -0.2%  35%W -0.3%  40%W -0.3%  40%W -0.3%  40%W -0.3%       -4.8% → +2.3%
  MU      20  40%W -0.1%  40%W -0.2%  45%W -0.1%  55%W +0.1%  45%W -0.2%  35%W -0.6%       -4.3% → +3.0%
  QCOM    20  45%W -0.0%  60%W +0.1%  50%W +0.0%  45%W -0.2%  50%W +0.1%  35%W -0.3%       -3.3% → +2.7%
  AVGO    20  35%W -0.1%  35%W -0.2%  25%W -0.2%  60%W +0.1%  50%W +0.0%  35%W -0.4%       -2.1% → +2.5%
  LLY     20  25%W -0.2%  25%W -0.2%  30%W -0.2%  30%W -0.3%  15%W -0.3%  15%W -0.4%       -1.5% → +0.8%
Pre-session top-2 (9:25, 20d EOD win rate) — 2019-10-22  OR: 09:30/3b
  #1 META   +15m 45%W -0.0%  +30m 60%W +0.1%  +1h 50%W +0.1%  +2h 50%W +0.1%  +5h 60%W +0.6%  EOD 60%W +0.1%  EOD range -2.9% → +1.8%
  #2 CHTR   +15m 40%W -0.1%  +30m 40%W -0.1%  +1h 45%W -0.1%  +2h 45%W -0.0%  +5h 60%W +0.1%  EOD 55%W +0.1%  EOD range -2.0% → +1.7%
  Ticker   N          +15m          +30m           +1h           +2h           +5h           EOD           EOD range
  ----------------------------------------------------------------------------------------------------------------------
  META    20  45%W -0.0%  60%W +0.1%  50%W +0.1%  50%W +0.1%  60%W +0.6%  60%W +0.1%       -2.9% → +1.8%
  CHTR    20  40%W -0.1%  40%W -0.1%  45%W -0.1%  45%W -0.0%  60%W +0.1%  55%W +0.1%       -2.0% → +1.7%
  TSLA    20  45%W -0.2%  50%W -0.0%  50%W +0.0%  55%W +0.0%  55%W +0.6%  55%W +0.3%       -6.2% → +5.7%
  SPOT    20  45%W -0.0%  50%W -0.1%  45%W -0.3%  55%W +0.0%  60%W +0.4%  55%W +0.0%       -3.1% → +2.1%
  CRWD    20  55%W +0.2%  55%W +0.2%  55%W +0.3%  50%W +0.4%  50%W +0.2%  50%W -0.5%      -5.9% → +10.0%
  AMD     20  55%W +0.1%  45%W -0.1%  55%W +0.2%  45%W -0.2%  55%W +0.5%  50%W -0.0%       -3.0% → +3.4%
  SNPS    20  40%W -0.1%  35%W -0.1%  45%W -0.1%  60%W +0.1%  60%W +0.3%  45%W -0.1%       -2.2% → +3.2%
  DDOG    20  35%W -0.5%  45%W -0.1%  50%W -0.1%  45%W -0.4%  45%W -0.7%  45%W -1.3%       -9.1% → +6.2%
  MU      20  40%W -0.1%  45%W -0.2%  45%W -0.1%  55%W +0.1%  45%W -0.2%  40%W -0.5%       -4.3% → +3.0%
  MRVL    20  35%W -0.1%  40%W -0.1%  40%W -0.2%  45%W -0.2%  40%W -0.3%  40%W -0.3%       -4.8% → +2.3%
  QCOM    20  45%W -0.0%  55%W +0.1%  45%W -0.0%  45%W -0.2%  50%W +0.1%  35%W -0.3%       -3.3% → +2.7%
  AVGO    20  35%W -0.1%  35%W -0.1%  30%W -0.2%  60%W +0.1%  50%W +0.0%  35%W -0.4%       -2.1% → +2.5%
  LLY     20  30%W -0.1%  30%W -0.2%  30%W -0.2%  30%W -0.2%  15%W -0.3%  15%W -0.4%       -1.5% → +0.8%
Pre-session top-2 (9:25, 20d EOD win rate) — 2019-10-23  OR: 09:30/3b
  #1 META   +15m 50%W +0.0%  +30m 55%W +0.1%  +1h 50%W +0.1%  +2h 50%W +0.1%  +5h 60%W +0.6%  EOD 60%W +0.1%  EOD range -3.9% → +1.8%
  #2 TSLA   +15m 50%W -0.1%  +30m 55%W +0.0%  +1h 55%W +0.2%  +2h 60%W +0.2%  +5h 60%W +0.7%  EOD 60%W +0.6%  EOD range -1.6% → +5.7%
  Ticker   N          +15m          +30m           +1h           +2h           +5h           EOD           EOD range
  ----------------------------------------------------------------------------------------------------------------------
  META    20  50%W +0.0%  55%W +0.1%  50%W +0.1%  50%W +0.1%  60%W +0.6%  60%W +0.1%       -3.9% → +1.8%
  TSLA    20  50%W -0.1%  55%W +0.0%  55%W +0.2%  60%W +0.2%  60%W +0.7%  60%W +0.6%       -1.6% → +5.7%
  SPOT    20  50%W +0.0%  55%W +0.1%  45%W -0.3%  60%W +0.1%  65%W +0.4%  60%W +0.1%       -3.1% → +2.1%
  CHTR    20  40%W -0.1%  40%W -0.0%  45%W -0.0%  45%W -0.0%  65%W +0.1%  55%W +0.1%       -2.0% → +1.7%
  CRWD    20  55%W +0.2%  55%W +0.2%  55%W +0.3%  50%W +0.4%  50%W +0.2%  50%W -0.5%      -5.9% → +10.0%
  AMD     20  55%W +0.1%  50%W +0.0%  60%W +0.3%  50%W -0.0%  55%W +0.5%  50%W -0.0%       -2.3% → +3.4%
  MRVL    20  30%W -0.1%  40%W -0.2%  40%W -0.2%  45%W -0.2%  45%W -0.1%  45%W -0.2%       -4.8% → +2.3%
  SNPS    20  35%W -0.1%  30%W -0.1%  45%W -0.1%  60%W +0.1%  60%W +0.3%  45%W -0.1%       -3.6% → +3.2%
  DDOG    20  30%W -0.5%  40%W -0.3%  50%W -0.1%  45%W -0.4%  45%W -0.7%  45%W -1.3%       -9.1% → +6.2%
  MU      20  35%W -0.1%  45%W -0.2%  45%W -0.1%  60%W +0.2%  45%W -0.2%  40%W -0.5%       -4.3% → +3.0%
  QCOM    20  45%W -0.0%  55%W +0.1%  45%W -0.0%  50%W -0.0%  50%W +0.1%  35%W -0.2%       -3.3% → +2.7%
  AVGO    20  30%W -0.1%  35%W -0.1%  30%W -0.2%  60%W +0.1%  50%W +0.0%  35%W -0.4%       -1.5% → +2.5%
  LLY     20  30%W -0.1%  30%W -0.2%  25%W -0.3%  30%W -0.3%  15%W -0.3%  15%W -0.5%       -1.5% → +0.8%
Pre-session top-2 (9:25, 20d EOD win rate) — 2019-10-24  OR: 09:30/3b
  #1 META   +15m 50%W +0.0%  +30m 55%W +0.1%  +1h 55%W +0.2%  +2h 55%W +0.1%  +5h 60%W +0.6%  EOD 60%W +0.1%  EOD range -3.9% → +1.8%
  #2 TSLA   +15m 55%W +0.1%  +30m 55%W +0.0%  +1h 55%W +0.2%  +2h 60%W +0.2%  +5h 60%W +0.7%  EOD 60%W +0.6%  EOD range -1.6% → +5.7%
  Ticker   N          +15m          +30m           +1h           +2h           +5h           EOD           EOD range
  ----------------------------------------------------------------------------------------------------------------------
  META    20  50%W +0.0%  55%W +0.1%  55%W +0.2%  55%W +0.1%  60%W +0.6%  60%W +0.1%       -3.9% → +1.8%
  TSLA    20  55%W +0.1%  55%W +0.0%  55%W +0.2%  60%W +0.2%  60%W +0.7%  60%W +0.6%       -1.6% → +5.7%
  SPOT    20  45%W -0.0%  55%W +0.1%  40%W -0.3%  55%W +0.0%  60%W +0.3%  55%W +0.0%       -3.1% → +2.1%
  CHTR    20  45%W -0.1%  40%W -0.0%  45%W -0.0%  40%W -0.1%  60%W +0.1%  50%W +0.0%       -2.0% → +1.7%
  AMD     20  60%W +0.1%  50%W +0.0%  60%W +0.3%  55%W +0.2%  50%W +0.2%  50%W -0.0%       -2.3% → +3.4%
  CRWD    20  55%W +0.3%  55%W +0.2%  55%W +0.3%  50%W +0.4%  45%W -0.4%  45%W -0.6%      -5.9% → +10.0%
  SNPS    20  35%W -0.1%  35%W -0.1%  45%W -0.1%  60%W +0.1%  55%W +0.2%  45%W -0.1%       -3.6% → +1.6%
  DDOG    20  30%W -0.4%  45%W -0.1%  50%W -0.1%  45%W -0.4%  45%W -0.7%  45%W -1.3%       -9.1% → +6.2%
  MU      20  40%W -0.0%  45%W -0.2%  40%W -0.1%  55%W +0.1%  45%W -0.2%  40%W -0.5%       -4.3% → +3.0%
  MRVL    20  30%W -0.2%  40%W -0.2%  40%W -0.3%  40%W -0.3%  40%W -0.3%  40%W -0.3%       -4.8% → +1.4%
  QCOM    20  45%W -0.0%  55%W +0.1%  40%W -0.1%  45%W -0.1%  50%W -0.0%  30%W -0.4%       -3.3% → +1.9%
  AVGO    20  30%W -0.1%  35%W -0.2%  30%W -0.2%  55%W +0.1%  45%W -0.1%  30%W -0.5%       -1.5% → +2.5%
  LLY     20  35%W -0.1%  35%W -0.2%  30%W -0.3%  35%W -0.2%  20%W -0.2%  20%W -0.4%       -1.4% → +3.5%
Pre-session top-2 (9:25, 20d EOD win rate) — 2019-10-25  OR: 09:30/3b
  #1 META   +15m 50%W -0.0%  +30m 55%W +0.1%  +1h 60%W +0.2%  +2h 60%W +0.3%  +5h 65%W +0.7%  EOD 60%W +0.3%  EOD range -3.9% → +1.8%
  #2 TSLA   +15m 50%W -0.1%  +30m 50%W -0.0%  +1h 50%W +0.0%  +2h 60%W +0.2%  +5h 55%W +0.6%  EOD 60%W +0.3%  EOD range -1.6% → +3.3%
  Ticker   N          +15m          +30m           +1h           +2h           +5h           EOD           EOD range
  ----------------------------------------------------------------------------------------------------------------------
  META    20  50%W -0.0%  55%W +0.1%  60%W +0.2%  60%W +0.3%  65%W +0.7%  60%W +0.3%       -3.9% → +1.8%
  TSLA    20  50%W -0.1%  50%W -0.0%  50%W +0.0%  60%W +0.2%  55%W +0.6%  60%W +0.3%       -1.6% → +3.3%
  SPOT    20  45%W -0.0%  55%W +0.1%  40%W -0.2%  60%W +0.1%  65%W +0.4%  60%W +0.1%       -3.1% → +2.1%
  CRWD    20  55%W +0.3%  60%W +0.8%  60%W +0.7%  55%W +1.2%  50%W +0.2%  50%W +0.0%      -5.8% → +10.0%
  CHTR    20  45%W -0.1%  40%W -0.0%  45%W -0.0%  40%W -0.1%  60%W +0.1%  50%W +0.0%       -2.0% → +1.7%
  DDOG    20  30%W -0.4%  45%W -0.1%  55%W +0.2%  50%W -0.0%  50%W +0.3%  50%W -0.4%       -8.3% → +8.3%
  MU      20  40%W -0.0%  50%W -0.0%  40%W -0.1%  60%W +0.2%  50%W -0.0%  45%W -0.3%       -4.3% → +3.0%
  AMD     20  55%W +0.0%  50%W -0.0%  55%W +0.2%  55%W +0.2%  45%W -0.1%  45%W -0.1%       -2.3% → +3.4%
  SNPS    20  35%W -0.1%  40%W -0.1%  45%W -0.1%  60%W +0.1%  55%W +0.2%  45%W -0.1%       -3.6% → +1.6%
  MRVL    20  30%W -0.1%  40%W -0.1%  40%W -0.3%  45%W -0.2%  40%W -0.3%  40%W -0.3%       -4.8% → +1.8%
  QCOM    20  45%W -0.1%  55%W +0.1%  35%W -0.2%  50%W +0.0%  50%W -0.0%  30%W -0.4%       -3.3% → +1.9%
  AVGO    20  25%W -0.1%  35%W -0.2%  25%W -0.2%  50%W +0.0%  45%W -0.1%  30%W -0.5%       -1.5% → +2.5%
  LLY     20  35%W -0.2%  35%W -0.2%  35%W -0.2%  40%W -0.2%  25%W -0.2%  25%W -0.2%       -1.4% → +3.5%
Pre-session top-2 (9:25, 20d EOD win rate) — 2019-10-28  OR: 09:30/3b
  #1 META   +15m 55%W +0.1%  +30m 60%W +0.2%  +1h 60%W +0.2%  +2h 65%W +0.6%  +5h 70%W +0.8%  EOD 65%W +0.5%  EOD range -3.9% → +1.8%
  #2 TSLA   +15m 55%W +0.1%  +30m 55%W +0.0%  +1h 50%W +0.0%  +2h 60%W +0.2%  +5h 60%W +0.7%  EOD 65%W +0.6%  EOD range -1.6% → +8.9%
  Ticker   N          +15m          +30m           +1h           +2h           +5h           EOD           EOD range
  ----------------------------------------------------------------------------------------------------------------------
  META    20  55%W +0.1%  60%W +0.2%  60%W +0.2%  65%W +0.6%  70%W +0.8%  65%W +0.5%       -3.9% → +1.8%
  TSLA    20  55%W +0.1%  55%W +0.0%  50%W +0.0%  60%W +0.2%  60%W +0.7%  65%W +0.6%       -1.6% → +8.9%
  SPOT    20  50%W +0.0%  60%W +0.3%  45%W -0.2%  65%W +0.2%  70%W +0.5%  65%W +0.2%       -2.1% → +2.1%
  DDOG    20  30%W -0.3%  50%W +0.3%  60%W +0.3%  55%W +0.2%  55%W +0.8%  55%W +0.4%       -8.3% → +8.3%
  MU      20  45%W -0.0%  50%W +0.0%  40%W -0.1%  65%W +0.3%  55%W +0.1%  50%W -0.0%       -2.8% → +3.0%
  CRWD    20  60%W +0.5%  65%W +1.2%  65%W +1.0%  55%W +1.2%  50%W +0.2%  50%W +0.0%      -5.8% → +10.0%
  CHTR    20  50%W -0.0%  40%W -0.0%  50%W +0.0%  45%W -0.0%  65%W +0.2%  50%W +0.0%       -2.0% → +1.7%
  AMD     20  60%W +0.1%  55%W +0.2%  55%W +0.2%  60%W +0.4%  50%W +0.2%  50%W +0.0%       -2.3% → +3.4%
  SNPS    20  40%W -0.1%  45%W -0.0%  50%W +0.0%  65%W +0.1%  55%W +0.2%  50%W +0.0%       -3.6% → +1.6%
  MRVL    20  30%W -0.1%  45%W -0.0%  40%W -0.3%  45%W -0.2%  45%W -0.1%  45%W -0.2%       -4.8% → +1.8%
  QCOM    20  50%W +0.0%  55%W +0.1%  40%W -0.1%  55%W +0.1%  55%W +0.1%  35%W -0.2%       -3.3% → +1.9%
  AVGO    20  30%W -0.1%  35%W -0.2%  25%W -0.2%  50%W +0.0%  50%W +0.0%  35%W -0.4%       -1.5% → +2.5%
  LLY     20  30%W -0.2%  35%W -0.2%  35%W -0.2%  40%W -0.2%  30%W -0.2%  30%W -0.2%       -1.4% → +3.5%
Pre-session top-2 (9:25, 20d EOD win rate) — 2019-10-29  OR: 09:30/3b
  #1 META   +15m 55%W +0.1%  +30m 60%W +0.2%  +1h 65%W +0.3%  +2h 70%W +0.7%  +5h 70%W +0.8%  EOD 65%W +0.7%  EOD range -3.9% → +1.8%
  #2 TSLA   +15m 55%W +0.1%  +30m 55%W +0.0%  +1h 50%W +0.0%  +2h 60%W +0.2%  +5h 60%W +0.7%  EOD 65%W +0.6%  EOD range -2.5% → +8.9%
  Ticker   N          +15m          +30m           +1h           +2h           +5h           EOD           EOD range
  ----------------------------------------------------------------------------------------------------------------------
  META    20  55%W +0.1%  60%W +0.2%  65%W +0.3%  70%W +0.7%  70%W +0.8%  65%W +0.7%       -3.9% → +1.8%
  TSLA    20  55%W +0.1%  55%W +0.0%  50%W +0.0%  60%W +0.2%  60%W +0.7%  65%W +0.6%       -2.5% → +8.9%
  SPOT    20  50%W +0.0%  60%W +0.3%  45%W -0.2%  65%W +0.2%  70%W +0.5%  65%W +0.2%       -2.1% → +4.6%
  MU      20  45%W -0.0%  45%W -0.1%  40%W -0.1%  65%W +0.4%  55%W +0.1%  50%W -0.0%       -2.8% → +3.0%
  AMD     20  60%W +0.1%  55%W +0.2%  55%W +0.3%  60%W +0.6%  50%W +0.2%  50%W +0.0%       -2.3% → +3.4%
  SNPS    20  45%W -0.0%  45%W -0.0%  50%W +0.0%  65%W +0.2%  50%W +0.0%  50%W -0.0%       -3.6% → +1.6%
  DDOG    20  30%W -0.3%  50%W +0.3%  60%W +0.4%  55%W +0.4%  50%W +0.3%  50%W -0.2%       -8.3% → +8.3%
  MRVL    20  35%W -0.0%  40%W -0.1%  40%W -0.3%  45%W -0.2%  45%W -0.1%  45%W -0.2%       -4.8% → +1.8%
  CRWD    20  55%W +0.3%  60%W +0.8%  60%W +0.7%  50%W +0.4%  45%W -0.4%  45%W -0.6%       -5.8% → +7.1%
  CHTR    20  45%W -0.1%  35%W -0.1%  45%W -0.0%  40%W -0.1%  60%W +0.1%  45%W -0.1%       -2.0% → +1.7%
  QCOM    20  50%W +0.0%  60%W +0.1%  45%W -0.0%  60%W +0.2%  60%W +0.3%  40%W -0.1%       -3.3% → +2.4%
  LLY     20  35%W -0.2%  40%W -0.1%  40%W -0.2%  45%W -0.1%  35%W -0.2%  35%W -0.2%       -1.4% → +3.5%
  AVGO    20  30%W -0.1%  35%W -0.2%  25%W -0.3%  45%W -0.1%  45%W -0.1%  30%W -0.4%       -1.5% → +2.5%
Pre-session top-2 (9:25, 20d EOD win rate) — 2019-10-30  OR: 09:30/3b
  #1 META   +15m 60%W +0.1%  +30m 60%W +0.2%  +1h 70%W +0.3%  +2h 70%W +0.7%  +5h 70%W +0.8%  EOD 65%W +0.7%  EOD range -3.9% → +1.8%
  #2 SPOT   +15m 50%W +0.0%  +30m 55%W +0.3%  +1h 45%W -0.2%  +2h 65%W +0.2%  +5h 70%W +0.5%  EOD 65%W +0.2%  EOD range -1.8% → +4.6%
  Ticker   N          +15m          +30m           +1h           +2h           +5h           EOD           EOD range
  ----------------------------------------------------------------------------------------------------------------------
  META    20  60%W +0.1%  60%W +0.2%  70%W +0.3%  70%W +0.7%  70%W +0.8%  65%W +0.7%       -3.9% → +1.8%
  SPOT    20  50%W +0.0%  55%W +0.3%  45%W -0.2%  65%W +0.2%  70%W +0.5%  65%W +0.2%       -1.8% → +4.6%
  TSLA    20  50%W -0.1%  50%W -0.0%  50%W +0.1%  55%W +0.2%  55%W +0.6%  60%W +0.3%       -2.5% → +8.9%
  DDOG    20  35%W -0.2%  55%W +0.6%  65%W +0.5%  60%W +0.7%  55%W +0.8%  55%W +0.4%       -8.3% → +8.3%
  MU      20  45%W -0.0%  45%W -0.1%  40%W -0.1%  65%W +0.4%  55%W +0.1%  50%W -0.0%       -2.8% → +3.0%
  AMD     20  60%W +0.1%  55%W +0.2%  55%W +0.3%  60%W +0.6%  50%W +0.2%  50%W +0.0%       -1.5% → +3.4%
  SNPS    20  50%W +0.0%  50%W +0.0%  55%W +0.1%  70%W +0.3%  50%W +0.0%  50%W -0.0%       -3.6% → +1.6%
  MRVL    20  35%W -0.0%  40%W -0.1%  45%W -0.1%  45%W -0.2%  45%W -0.1%  45%W -0.2%       -3.0% → +1.8%
  CRWD    20  50%W -0.0%  60%W +0.6%  60%W +0.7%  50%W +0.1%  45%W -0.4%  45%W -0.6%       -5.8% → +7.1%
  CHTR    20  45%W -0.1%  35%W -0.1%  45%W -0.0%  40%W -0.1%  60%W +0.1%  45%W -0.1%       -1.7% → +1.7%
  QCOM    20  50%W +0.0%  60%W +0.1%  45%W -0.0%  60%W +0.2%  60%W +0.3%  40%W -0.1%       -2.1% → +2.4%
  LLY     20  35%W -0.2%  40%W -0.1%  40%W -0.2%  45%W -0.1%  35%W -0.2%  35%W -0.2%       -1.4% → +3.5%
  AVGO    20  35%W -0.1%  40%W -0.1%  30%W -0.2%  45%W -0.1%  45%W -0.1%  30%W -0.4%       -1.4% → +2.5%
Pre-session top-2 (9:25, 20d EOD win rate) — 2019-10-31  OR: 09:30/3b
  #1 SPOT   +15m 45%W -0.0%  +30m 55%W +0.3%  +1h 45%W -0.2%  +2h 65%W +0.2%  +5h 70%W +0.5%  EOD 65%W +0.2%  EOD range -1.8% → +4.6%
  #2 META   +15m 55%W +0.0%  +30m 55%W +0.1%  +1h 65%W +0.2%  +2h 70%W +0.7%  +5h 65%W +0.8%  EOD 60%W +0.7%  EOD range -3.9% → +1.8%
  Ticker   N          +15m          +30m           +1h           +2h           +5h           EOD           EOD range
  ----------------------------------------------------------------------------------------------------------------------
  SPOT    20  45%W -0.0%  55%W +0.3%  45%W -0.2%  65%W +0.2%  70%W +0.5%  65%W +0.2%       -1.8% → +4.6%
  META    20  55%W +0.0%  55%W +0.1%  65%W +0.2%  70%W +0.7%  65%W +0.8%  60%W +0.7%       -3.9% → +1.8%
  DDOG    20  35%W -0.2%  55%W +0.6%  70%W +1.0%  65%W +0.9%  60%W +1.2%  60%W +1.8%       -8.3% → +8.3%
  MU      20  40%W -0.0%  45%W -0.1%  40%W -0.2%  60%W +0.3%  55%W +0.1%  55%W +0.1%       -2.8% → +3.0%
  TSLA    20  50%W -0.1%  50%W -0.0%  50%W +0.1%  55%W +0.2%  50%W +0.3%  55%W +0.1%       -2.5% → +8.9%
  AMD     20  60%W +0.1%  50%W -0.1%  50%W +0.1%  60%W +0.6%  50%W +0.2%  55%W +0.2%       -1.5% → +3.4%
  SNPS    20  50%W +0.0%  50%W +0.0%  60%W +0.2%  75%W +0.4%  55%W +0.2%  55%W +0.1%       -3.6% → +1.6%
  CRWD    20  55%W +0.3%  65%W +1.0%  65%W +1.0%  55%W +0.8%  45%W -0.4%  45%W -0.6%       -5.8% → +8.0%
  CHTR    20  40%W -0.1%  30%W -0.1%  40%W -0.0%  40%W -0.1%  60%W +0.1%  45%W -0.1%       -1.7% → +1.7%
  MRVL    20  30%W -0.1%  40%W -0.1%  45%W -0.1%  45%W -0.3%  40%W -0.3%  40%W -0.3%       -3.0% → +1.8%
  LLY     20  35%W -0.2%  40%W -0.1%  40%W -0.2%  50%W +0.0%  40%W -0.1%  40%W -0.1%       -1.0% → +3.5%
  QCOM    20  45%W -0.1%  55%W +0.1%  45%W -0.0%  60%W +0.2%  60%W +0.3%  40%W -0.1%       -2.1% → +2.4%
  AVGO    20  35%W -0.1%  40%W -0.1%  35%W -0.1%  50%W +0.0%  50%W +0.0%  35%W -0.3%       -1.4% → +2.5%

=========================================================================================================================================================================================
Pre-Session Top-2 Performance — 2019-10-01 to 2019-10-31  |  Unconditional OR-close entry  |  OR: 09:30/3b
=========================================================================================================================================================================================
Date         Ticker Rank  At       Entry       +15m       +30m       +45m        +1h     +1h30m        +2h        +3h        +4h        +5h        +6h        +7h        EOD
-----------------------------------------------------------------------------------------------------------------------------------------------------------------------------------------
2019-10-01   AVGO   #1    09:45   278.95    -0.23%L    -0.83%L    -0.64%L    -1.24%L    -1.73%L    -1.42%L    -1.04%L    -1.54%L    -1.25%L    -1.44%L    -1.47%L    -1.47%L
2019-10-01   META   #2    09:45   179.08    -0.64%L    -1.09%L    -1.12%L    -1.18%L    -1.67%L    -1.65%L    -1.62%L    -2.13%L    -1.74%L    -1.83%L    -1.84%L    -1.84%L
2019-10-02   AVGO   #1    09:45   271.48    -0.05%L    +0.60%W    -0.17%L    -0.56%L    -0.42%L    -1.01%L    -0.96%L    -1.07%L    -0.46%L    -0.73%L    -0.53%L    -0.53%L
2019-10-02   META   #2    09:45   174.44    +0.29%W    +1.11%W    +0.37%W    +0.34%W    -0.09%L    -0.24%L    -0.21%L    -0.10%L    +0.44%W    +0.08%W    +0.09%W    +0.09%W
2019-10-03   AVGO   #1    09:45   270.25    -1.00%L    -0.68%L    -0.36%L    -0.63%L    +0.69%W    +0.36%W    +0.85%W    +1.35%W    +1.16%W    +1.12%W    +1.51%W    +1.51%W
2019-10-03   META   #2    09:45   176.18    -1.12%L    -0.43%L    -0.16%L    -0.61%L    +0.58%W    +0.14%W    +1.40%W    +1.96%W    +1.75%W    +1.43%W    +1.84%W    +1.84%W
2019-10-04   AVGO   #1    09:45   279.16    +0.17%W    -0.42%L    -0.54%L    -0.59%L    +0.21%W    +0.10%W    -0.10%L    +0.11%W    +0.16%W    +0.71%W    +0.85%W    +0.85%W
2019-10-04   META   #2    09:45   178.44    +0.84%W    +0.64%W    +0.30%W    +0.34%W    +0.61%W    +0.93%W    +0.94%W    +0.92%W    +1.23%W    +1.37%W    +1.10%W    +1.10%W
2019-10-07   AVGO   #1    09:45   278.34    +0.24%W    +0.21%W    +0.19%W    -0.00%L    -0.12%L    -0.05%L    -0.27%L    +0.22%W    -0.56%L    -0.89%L    -0.80%L    -0.80%L
2019-10-07   META   #2    09:45   178.62    +0.51%W    +0.36%W    +0.70%W    +0.64%W    +1.16%W    +1.10%W    +1.12%W    +1.03%W    +0.74%W    +0.68%W    +0.60%W    +0.60%W
2019-10-08   AVGO   #1    09:45   271.89    -0.43%L    -0.34%L    -0.68%L    -0.64%L    -0.56%L    -0.89%L    +0.42%W    +0.57%W    +0.96%W    -0.17%L    -0.57%L    -0.57%L
2019-10-08   CRWD   #2    09:45    66.30    -2.25%L    +0.08%W    -0.57%L    -1.45%L    -0.17%L    -0.29%L    -0.39%L    +1.41%W    +0.60%W    -0.94%L    -1.51%L    -1.51%L
2019-10-09   CHTR   #1    09:45   431.19    -0.24%L    -0.43%L    -0.43%L    -0.43%L    -0.64%L    -0.42%L    -0.34%L    -0.23%L    -0.32%L    -0.45%L    -0.45%L    -0.45%L
2019-10-09   AVGO   #2    09:45   273.83    -0.01%L    -0.03%L    -0.02%L    -0.16%L    -0.19%L    +0.21%W    +0.07%W    +0.08%W    +0.11%W    -0.16%L    -0.24%L    -0.24%L
2019-10-10   META   #1    09:45   180.41    +0.18%W    +0.40%W    +0.36%W    +0.34%W    +0.56%W    +0.54%W    -0.04%L    -0.31%L    -0.44%L    -0.20%L    -0.12%L    -0.12%L
2019-10-10   CHTR   #2    09:45   426.36    +0.04%W    +0.23%W    +0.14%W    +0.40%W    +0.77%W    +0.70%W    +0.47%W    +0.50%W    +0.20%W    +0.13%W    +0.11%W    +0.11%W
2019-10-11   CHTR   #1    09:45   430.37    -0.30%L    -0.15%L    -0.09%L    -0.20%L    -0.65%L    -0.60%L    -0.57%L    -0.49%L    -1.21%L    -1.49%L    -1.74%L    -1.74%L
2019-10-11   META   #2    09:45   183.49    +0.37%W    +0.83%W    +0.94%W    +0.72%W    +0.89%W    +1.48%W    +0.94%W    +1.31%W    +1.28%W    +0.60%W    +0.34%W    +0.34%W
2019-10-14   META   #1    09:45   183.53    +0.19%W    +0.13%W    +0.18%W    +0.34%W    +0.18%W    +0.16%W    -0.02%L    -0.04%L    -0.01%L    +0.02%W    -0.13%L    -0.13%L
2019-10-14   CRWD   #2    09:45    57.42    -3.00%L    -3.12%L    -2.60%L    -1.39%L    -2.12%L    -3.66%L    -4.77%L    -4.46%L    -6.57%L    -5.36%L    -5.07%L    -5.07%L
2019-10-15   META   #1    09:45   186.62    +0.26%W    +0.78%W    +0.96%W    +1.47%W    +1.49%W    +1.62%W    +1.46%W    +1.43%W    +1.44%W    +1.27%W    +1.18%W    +1.18%W
2019-10-15   TSLA   #2    09:45   255.94    +0.12%W    +0.51%W    +0.99%W    +0.50%W    +0.49%W    +0.84%W    +1.28%W    +1.17%W    +1.23%W    +0.93%W    +0.75%W    +0.75%W
2019-10-16   META   #1    09:45   187.96    -0.18%L    -0.35%L    -0.07%L    -0.14%L    +0.35%W    +0.74%W    +0.46%W    +0.51%W    +0.66%W    +0.72%W    +0.88%W    +0.88%W
2019-10-16   TSLA   #2    09:45   260.35    -0.83%L    -0.38%L    +0.01%W    +0.32%W    +0.40%W    +0.35%W    -0.10%L    -0.26%L    -0.79%L    -0.30%L    -0.25%L    -0.25%L
2019-10-17   META   #1    09:45   190.52    -0.23%L    -0.15%L    -0.53%L    -0.75%L    -0.48%L    -0.49%L    -0.54%L    -0.42%L    -0.02%L    -0.08%L    -0.06%L    -0.06%L
2019-10-17   TSLA   #2    09:45   262.13    -0.24%L    -0.04%L    -0.13%L    -0.59%L    -0.32%L    -0.21%L    +0.20%W    -0.10%L    -0.06%L    -0.17%L    -0.06%L    -0.06%L
2019-10-18   CHTR   #1    09:45   442.26    -0.21%L    -0.35%L    -0.05%L    -0.09%L    -0.10%L    -0.26%L    -0.48%L    -0.35%L    -0.33%L    -0.34%L    -0.50%L    -0.50%L
2019-10-18   META   #2    09:45   190.92    -0.64%L    -0.55%L    -1.22%L    -1.51%L    -1.83%L    -2.32%L    -3.03%L    -2.48%L    -2.58%L    -2.51%L    -2.65%L    -2.65%L
2019-10-21   CHTR   #1    09:45   439.66    -0.07%L    +0.25%W    +0.34%W    +0.51%W    -0.01%L    -0.13%L    -0.25%L    -0.37%L    -0.40%L    -0.49%L    -0.40%L    -0.40%L
2019-10-21   META   #2    09:45   187.68    +0.02%W    +0.25%W    +0.14%W    +0.23%W    +0.71%W    +0.94%W    +0.88%W    +0.76%W    +0.91%W    +1.03%W    +1.10%W    +1.10%W
2019-10-22   META   #1    09:45   189.80    +0.11%W    -0.11%L    -0.09%L    -0.19%L    -1.47%L    -2.67%L    -3.54%L    -3.40%L    -3.36%L    -3.59%L    -3.95%L    -3.95%L
2019-10-22   CHTR   #2    09:45   438.15    -0.06%L    -0.03%L    +0.16%W    -0.07%L    -0.15%L    -0.42%L    +0.51%W    +0.37%W    +0.05%W    -0.12%L    -0.21%L    -0.21%L
2019-10-23   META   #1    09:45   184.09    -0.08%L    -0.07%L    -0.50%L    +0.14%W    +1.14%W    +0.62%W    +0.48%W    +0.56%W    +0.88%W    +0.95%W    +1.13%W    +1.13%W
2019-10-23   TSLA   #2    09:45   252.20    +0.17%W    +0.42%W    +0.68%W    +0.50%W    +1.00%W    +1.42%W    +0.75%W    +1.08%W    +0.73%W    +0.88%W    +1.07%W    +1.07%W
2019-10-24   META   #1    09:45   184.10    -0.49%L    -0.67%L    -0.32%L    +0.08%W    +0.70%W    +0.93%W    +1.17%W    +0.75%W    +0.92%W    +1.10%W    +1.24%W    +1.24%W
2019-10-24   TSLA   #2    09:45   299.30    -1.10%L    -1.35%L    -2.91%L    -1.91%L    -1.94%L    -0.50%L    -0.77%L    -0.69%L    -0.32%L    +0.22%W    +0.11%W    +0.11%W
2019-10-25   META   #1    09:45   185.81    +0.15%W    +0.30%W    +0.74%W    +1.03%W    +1.62%W    +1.40%W    +1.51%W    +1.29%W    +1.18%W    +1.13%W    +1.11%W    +1.11%W
2019-10-25   TSLA   #2    09:45   301.34    +1.02%W    +1.69%W    +1.77%W    +2.81%W    +3.97%W    +5.43%W    +5.33%W    +7.10%W    +8.53%W    +8.82%W    +8.91%W    +8.91%W
2019-10-28   META   #1    09:45   186.06    +0.63%W    +0.50%W    +0.87%W    +0.96%W    +0.93%W    +1.14%W    +1.46%W    +1.43%W    +1.55%W    +1.83%W    +1.83%W    +1.83%W
2019-10-28   TSLA   #2    09:45   335.88    -0.40%L    -0.40%L    -1.05%L    -0.74%L    -1.25%L    -1.14%L    -3.82%L    -3.22%L    -1.80%L    -2.38%L    -2.49%L    -2.49%L
2019-10-29   META   #1    09:45   189.70    +0.06%W    -0.20%L    -0.08%L    +0.15%W    -0.27%L    -0.48%L    -0.30%L    +0.44%W    -0.17%L    -0.17%L    -0.20%L    -0.20%L
2019-10-29   TSLA   #2    09:45   319.64    -1.29%L    -0.54%L    -0.17%L    +0.87%W    -0.29%L    -0.09%L    +0.16%W    -0.41%L    -0.79%L    -1.38%L    -1.08%L    -1.08%L
2019-10-30   META   #1    09:45   188.43    -0.30%L    -0.25%L    -0.39%L    -0.29%L    -0.76%L    -0.40%L    -0.71%L    -1.19%L    -0.60%L    +0.31%W    -0.13%L    -0.13%L
2019-10-30   SPOT   #2    09:45   137.97    -0.07%L    +0.65%W    +1.27%W    +1.74%W    +1.68%W    +1.59%W    +0.81%W    +1.28%W    +1.46%W    +1.70%W    +1.72%W    +1.72%W
2019-10-31   SPOT   #1    09:45   141.43    -1.13%L    -1.06%L    -0.86%L    +0.06%W    +0.30%W    +1.74%W    +0.98%W    +1.40%W    +1.58%W    +1.92%W    +1.95%W    +1.95%W
2019-10-31   META   #2    09:45   195.57    -0.96%L    -1.07%L    -1.54%L    -1.05%L    -0.83%L    -0.72%L    -1.78%L    -1.74%L    -1.36%L    -1.72%L    -1.99%L    -1.99%L

========================================================================================
Pre-session picks summary — 46 pick(s) across 23 trading day(s)

Top-2 picks (all days)  (46 signal(s))
  Hold      Count   Win Rate   Avg Gain    Avg Win   Avg Loss  Exp Value  Total P&L
  ------------------------------------------------------------------------------------
  +15m         46      39.1%      -0.27%      +0.30%      -0.63%      -0.27%     -12.19%
  +30m         46      41.3%      -0.11%      +0.52%      -0.56%      -0.11%      -5.16%
  +45m         46      41.3%      -0.13%      +0.59%      -0.64%      -0.13%      -6.16%
  +1h          46      47.8%      -0.04%      +0.66%      -0.68%      -0.04%      -1.93%
  +1h30m       46      47.8%      +0.05%      +0.93%      -0.75%      +0.05%      +2.38%
  +2h          46      50.0%      +0.10%      +1.06%      -0.87%      +0.10%      +4.43%
  +3h          46      50.0%      -0.04%      +1.03%      -1.12%      -0.04%      -1.99%
  +4h          46      54.3%      +0.09%      +1.16%      -1.19%      +0.09%      +4.01%
  +5h          46      52.2%      +0.10%      +1.24%      -1.14%      +0.10%      +4.59%
  +6h          46      50.0%      +0.04%      +1.26%      -1.17%      +0.04%      +2.05%
  +7h          46      45.7%      +0.02%      +1.40%      -1.14%      +0.02%      +0.98%
  EOD          46      45.7%      +0.02%      +1.40%      -1.14%      +0.02%      +0.98%

=========================================================================================================================================================================================
Signal Analysis — 2019-10-01 to 2019-10-31  |  BULL only  |  Vol ≥ 1.0x 20dAvg
Windows: 09:30/3b  |  Collection: 3 bars  |  Tickers: 18
=========================================================================================================================================================================================
Date         Ticker Window   At       Entry  Vol/20d       +15m       +30m       +45m        +1h     +1h30m        +2h        +3h        +4h        +5h        +6h        +7h        EOD
-----------------------------------------------------------------------------------------------------------------------------------------------------------------------------------------
2019-10-01   CHTR   09:30/3b 09:40   414.06    2.14x    +0.20%W    -0.57%L    -0.44%L    -0.57%L    -1.08%L    -1.41%L    -1.31%L    -1.46%L    -1.33%L    -1.69%L    -2.01%L    -2.01%L
2019-10-01   QCOM   09:30/3b 09:40    77.72    1.14x    -0.21%L    -1.29%L    -1.26%L    -1.57%L    -2.08%L    -2.21%L    -2.56%L    -3.37%L    -2.88%L    -2.77%L    -2.93%L    -2.93%L
2019-10-02   SPOT   09:30/3b 09:40   114.17    1.39x    -0.74%L    +0.61%W    +0.14%W    -0.53%L    -0.81%L    -0.64%L    -1.11%L    -1.20%L    -0.58%L    -0.14%L    -0.24%L    -0.24%L
2019-10-03   LLY    09:30/3b 09:40   107.85    1.14x    -0.49%L    -1.30%L    -0.95%L    -1.18%L    -0.76%L    -0.58%L    -0.78%L    -0.55%L    -0.80%L    -0.66%L    -0.49%L    -0.49%L
2019-10-03   QCOM   09:30/3b 09:45    74.67    1.08x    -1.50%L    -1.47%L    -0.84%L    -1.04%L    +0.43%W    +0.16%W    +0.83%W    +1.37%W    +1.25%W    +0.80%W    +1.43%W    +1.43%W
2019-10-04   TSLA   09:30/3b 09:40   233.03    1.54x    +0.02%W    -1.38%L    -1.99%L    -1.42%L    -1.61%L    -1.60%L    -0.77%L    -0.70%L    -0.55%L    -0.78%L    -0.69%L    -0.69%L
2019-10-08   TSLA   09:30/3b 09:40   238.51    1.20x    -0.90%L    -0.48%L    +0.01%W    -0.30%L    -0.15%L    +0.29%W    +1.34%W    +2.05%W    +1.99%W    +1.00%W    +0.62%W    +0.62%W
2019-10-09   MRVL   09:30/3b 09:40    23.26    1.98x    +0.25%W    +1.23%W    +1.06%W    +1.04%W    +0.29%W    +0.76%W    +0.93%W    +0.87%W    +0.98%W    +0.42%W    +0.20%W    +0.20%W
2019-10-09   QCOM   09:30/3b 09:40    74.14    1.14x    +0.38%W    +0.49%W    +0.73%W    +0.68%W    -0.18%L    +0.20%W    +0.49%W    +0.27%W    +0.59%W    +0.29%W    +0.28%W    +0.28%W
2019-10-10   TSLA   09:30/3b 09:40   246.41    1.26x    +0.94%W    +0.83%W    +0.02%W    +0.45%W    +0.11%W    -0.25%L    -1.06%L    -1.32%L    -1.23%L    -0.80%L    -0.68%L    -0.68%L
2019-10-10   QCOM   09:30/3b 09:40    74.86    1.33x    +1.07%W    +0.91%W    +0.73%W    +0.76%W    +1.40%W    +0.97%W    +0.57%W    +0.36%W    +0.13%W    +0.05%W    +0.16%W    +0.16%W
2019-10-15   META   09:30/3b 09:40   185.84    1.09x    +0.48%W    +1.28%W    +1.09%W    +1.79%W    +1.90%W    +2.23%W    +1.74%W    +1.82%W    +1.86%W    +1.79%W    +1.61%W    +1.61%W
2019-10-17   LLY    09:30/3b 09:40   109.18    1.22x    -0.19%L    -0.32%L    -0.20%L    -0.12%L    -0.23%L    -0.37%L    -0.54%L    -0.41%L    -0.45%L    -0.50%L    -0.65%L    -0.65%L
2019-10-21   QCOM   09:30/3b 09:40    78.51    1.46x    -0.16%L    -0.12%L    -0.16%L    -0.33%L    +0.23%W    +0.24%W    +0.24%W    +0.54%W    +0.51%W    +0.46%W    +0.57%W    +0.57%W
2019-10-22   AMD    09:30/3b 09:40    31.98    1.57x    -0.34%L    +0.03%W    +0.22%W    -0.05%L    -0.59%L    -0.46%L    -0.34%L    -0.66%L    -0.78%L    -1.33%L    -1.47%L    -1.47%L
2019-10-23   META   09:30/3b 09:40   184.08    1.07x    -0.16%L    +0.10%W    -0.03%L    -0.20%L    +0.96%W    +0.58%W    +0.48%W    +0.57%W    +0.63%W    +0.77%W    +1.14%W    +1.14%W
2019-10-23   CRWD   09:30/3b 09:40    47.48    1.34x    +3.91%W    +2.27%W    +2.21%W    +1.70%W    +4.72%W    +4.89%W    +4.29%W    +3.14%W    +0.72%W    +0.84%W    +0.91%W    +0.91%W
2019-10-23   CHTR   09:30/3b 09:40   437.42    1.63x    +0.10%W    -0.16%L    -0.25%L    -0.48%L    -0.31%L    -0.54%L    -0.56%L    -0.18%L    -0.58%L    -0.54%L    -0.45%L    -0.45%L
2019-10-23   SNPS   09:30/3b 09:40   133.82    1.74x    +0.67%W    -0.01%L    -0.10%L    -0.08%L    +0.21%W    +0.40%W    +0.34%W    +0.04%W    -0.55%L    -0.04%L    +0.10%W    +0.10%W
2019-10-23   DDOG   09:30/3b 09:40    28.30    3.06x    -1.66%L    -0.28%L    +1.77%W    +2.97%W    -1.41%L    +1.52%W    +0.78%W    +1.41%W    -0.44%L    +0.41%W    +1.55%W    +1.55%W
2019-10-24   META   09:30/3b 09:40   184.72    1.14x    -0.68%L    -0.66%L    -0.63%L    -0.30%L    +0.45%W    +0.57%W    +0.55%W    +0.44%W    +0.60%W    +0.52%W    +0.90%W    +0.90%W
2019-10-24   MRVL   09:30/3b 09:40    24.23    2.38x    -0.95%L    -1.14%L    -0.83%L    -0.19%L    -0.25%L    +0.12%W    +0.04%W    +0.12%W    +0.37%W    +0.72%W    +0.68%W    +0.68%W
2019-10-24   CHTR   09:30/3b 09:40   437.80    1.20x    -0.42%L    -0.06%L    -0.61%L    -0.52%L    -0.48%L    -0.59%L    -0.98%L    -1.15%L    -0.98%L    -0.88%L    -0.76%L    -0.76%L
2019-10-24   SNPS   09:30/3b 09:40   135.41    1.96x    +0.27%W    +0.47%W    +0.58%W    +0.57%W    +0.85%W    +0.97%W    +1.02%W    +1.10%W    +1.05%W    +1.16%W    +1.71%W    +1.71%W
2019-10-25   MRVL   09:30/3b 09:50    24.48    1.12x    -0.06%L    +0.57%W    +0.57%W    +0.80%W    +1.45%W    +1.80%W    +1.69%W    +1.84%W    +0.90%W    +0.90%W    +1.04%W    +1.04%W
2019-10-25   TSLA   09:30/3b 09:40   298.75    1.64x    +1.68%W    +2.73%W    +2.18%W    +3.52%W    +4.67%W    +6.14%W    +6.25%W    +7.47%W    +9.20%W    +9.35%W    +9.85%W    +9.85%W
2019-10-25   SPOT   09:30/3b 09:40   119.48    2.25x    +0.49%W    +0.85%W    +0.85%W    +0.69%W    +1.26%W    +1.75%W    +1.45%W    +1.96%W    +1.43%W    +0.93%W    +1.01%W    +1.01%W
2019-10-25   DDOG   09:30/3b 09:45    32.81    1.26x    -0.04%L    +1.15%W    +2.19%W    +2.79%W    +4.78%W    +3.57%W    +2.86%W    +3.07%W    +1.00%W    +4.02%W    +4.44%W    +4.44%W
2019-10-28   META   09:30/3b 09:50   186.62    1.59x    +0.31%W    +0.26%W    +0.54%W    +0.49%W    +0.62%W    +0.82%W    +1.15%W    +1.11%W    +1.24%W    +1.45%W    +1.52%W    +1.52%W
2019-10-28   TSLA   09:30/3b 09:40   339.32    3.15x    -1.76%L    -1.42%L    -1.80%L    -1.90%L    -1.71%L    -1.90%L    -4.61%L    -4.17%L    -2.93%L    -3.44%L    -3.48%L    -3.48%L
2019-10-29   CHTR   09:30/3b 09:40   468.27    1.40x    -0.03%L    -0.32%L    -0.38%L    -0.27%L    -0.33%L    -0.19%L    -0.28%L    -0.50%L    -0.64%L    -0.72%L    -0.90%L    -0.90%L
2019-10-29   TSLA   09:30/3b 09:40   323.62    1.27x    -1.50%L    -2.10%L    -1.89%L    -0.84%L    -1.55%L    -1.64%L    -1.05%L    -1.91%L    -1.95%L    -2.42%L    -2.29%L    -2.29%L
2019-10-29   SNPS   09:30/3b 09:40   137.38    2.81x    +0.01%W    +0.27%W    +0.09%W    +0.21%W    +0.44%W    +0.34%W    +0.20%W    -0.32%L    -0.44%L    -0.28%L    -0.51%L    -0.51%L
2019-10-29   LLY    09:30/3b 09:45   112.55    1.06x    -0.50%L    -0.54%L    -0.52%L    -0.26%L    -0.27%L    -0.30%L    -0.01%L    -0.20%L    -0.79%L    -0.85%L    -0.80%L    -0.80%L
2019-10-30   AMD    09:30/3b 09:40    33.17    2.50x    -2.05%L    -2.05%L    -2.08%L    -2.44%L    -2.47%L    -2.03%L    -1.39%L    -1.67%L    -1.84%L    -0.23%L    -0.09%L    -0.09%L
2019-10-30   SPOT   09:30/3b 09:40   137.00    1.12x    +1.31%W    +1.25%W    +2.15%W    +2.09%W    +2.53%W    +2.13%W    +1.64%W    +2.06%W    +2.15%W    +2.56%W    +2.44%W    +2.44%W

========================================================================================
Summary — 36 qualifying signal(s) across 23 trading day(s)

Window 09:30/3b  (36 signal(s))
  Hold      Count   Win Rate   Avg Gain    Avg Win   Avg Loss  Exp Value  Total P&L
  ------------------------------------------------------------------------------------
  +15m         36      44.4%      -0.06%      +0.75%      -0.72%      -0.06%      -2.27%
  +30m         36      47.2%      -0.01%      +0.90%      -0.82%      -0.01%      -0.35%
  +45m         36      50.0%      +0.06%      +0.95%      -0.83%      +0.06%      +2.20%
  +1h          36      41.7%      +0.17%      +1.37%      -0.69%      +0.17%      +5.97%
  +1h30m       36      50.0%      +0.31%      +1.52%      -0.91%      +0.31%     +11.00%
  +2h          36      58.3%      +0.44%      +1.45%      -0.98%      +0.44%     +15.72%
  +3h          36      58.3%      +0.32%      +1.38%      -1.16%      +0.32%     +11.51%
  +4h          36      55.6%      +0.33%      +1.58%      -1.24%      +0.33%     +11.85%
  +5h          36      50.0%      +0.19%      +1.48%      -1.10%      +0.19%      +6.84%
  +6h          36      52.8%      +0.29%      +1.50%      -1.06%      +0.29%     +10.39%
  +7h          36      55.6%      +0.38%      +1.61%      -1.15%      +0.38%     +13.73%
  EOD          36      55.6%      +0.38%      +1.61%      -1.15%      +0.38%     +13.73%
