Fetching 5-min bars (2019-08-04 → 2019-09-30) [alpaca]...
  [cache] fetching 9 tickers from alpaca (cache miss)
  [cache] loaded 8 tickers from cache
Fetching daily bars (2018-09-03 → 2019-09-30)...

=========================================================================================================================================================================================
Pre-Session Rankings (9:25) — 2019-09-03 to 2019-09-30  |  20d lookback
=========================================================================================================================================================================================
Pre-session top-2 (9:25, 20d EOD win rate) — 2019-09-03  OR: 09:30/3b
  #1 CHTR   +15m 75%W +0.2%  +30m 70%W +0.2%  +1h 70%W +0.1%  +2h 65%W +0.3%  +5h 75%W +0.4%  EOD 75%W +0.3%  EOD range -1.8% → +1.7%
  #2 TSLA   +15m 55%W +0.1%  +30m 40%W -0.2%  +1h 50%W -0.1%  +2h 45%W -0.2%  +5h 40%W -0.3%  EOD 55%W +0.0%  EOD range -3.8% → +3.1%
  Ticker   N          +15m          +30m           +1h           +2h           +5h           EOD           EOD range
  ----------------------------------------------------------------------------------------------------------------------
  CHTR    20  75%W +0.2%  70%W +0.2%  70%W +0.1%  65%W +0.3%  75%W +0.4%  75%W +0.3%       -1.8% → +1.7%
  TSLA    20  55%W +0.1%  40%W -0.2%  50%W -0.1%  45%W -0.2%  40%W -0.3%  55%W +0.0%       -3.8% → +3.1%
  SNPS    20  60%W +0.1%  65%W +0.1%  60%W +0.3%  55%W +0.1%  60%W +0.3%  55%W +0.3%       -2.4% → +2.5%
  LLY     20  50%W -0.0%  50%W +0.1%  45%W -0.1%  50%W +0.0%  50%W -0.0%  55%W +0.2%       -3.1% → +2.1%
  MU      20  40%W -0.2%  45%W -0.2%  35%W -0.2%  45%W -0.6%  45%W -0.3%  50%W -0.0%       -3.0% → +2.0%
  AMD     20  65%W +0.5%  55%W +0.3%  50%W +0.1%  45%W -0.1%  45%W -0.1%  50%W -0.2%       -5.3% → +5.6%
  SPOT    20  70%W +0.1%  55%W +0.0%  40%W -0.1%  50%W -0.1%  55%W +0.1%  50%W -0.0%       -3.0% → +2.2%
  AVGO    20  65%W +0.2%  60%W +0.1%  60%W +0.2%  55%W +0.1%  65%W +0.2%  50%W +0.1%       -3.3% → +2.0%
  META    20  60%W +0.1%  45%W -0.1%  45%W -0.1%  50%W +0.0%  35%W -0.3%  45%W -0.1%       -2.6% → +2.7%
  CRWD    20  60%W +0.4%  40%W -0.1%  45%W -0.2%  50%W -0.1%  40%W -0.7%  45%W -0.8%       -4.2% → +4.9%
  QCOM    20  60%W +0.1%  40%W -0.2%  45%W -0.2%  60%W +0.1%  50%W -0.0%  45%W -0.1%       -3.8% → +3.0%
  MRVL    20  55%W +0.1%  45%W -0.1%  45%W -0.2%  45%W -0.1%  45%W -0.5%  35%W -0.6%       -3.4% → +2.9%
Pre-session top-2 (9:25, 20d EOD win rate) — 2019-09-04  OR: 09:30/3b
  #1 CHTR   +15m 80%W +0.2%  +30m 75%W +0.2%  +1h 75%W +0.2%  +2h 70%W +0.4%  +5h 80%W +0.4%  EOD 80%W +0.3%  EOD range -1.8% → +1.7%
  #2 LLY    +15m 50%W -0.0%  +30m 50%W +0.1%  +1h 45%W -0.1%  +2h 50%W +0.0%  +5h 55%W +0.1%  EOD 60%W +0.3%  EOD range -3.1% → +2.1%
  Ticker   N          +15m          +30m           +1h           +2h           +5h           EOD           EOD range
  ----------------------------------------------------------------------------------------------------------------------
  CHTR    20  80%W +0.2%  75%W +0.2%  75%W +0.2%  70%W +0.4%  80%W +0.4%  80%W +0.3%       -1.8% → +1.7%
  LLY     20  50%W -0.0%  50%W +0.1%  45%W -0.1%  50%W +0.0%  55%W +0.1%  60%W +0.3%       -3.1% → +2.1%
  TSLA    20  55%W +0.1%  40%W -0.2%  55%W +0.1%  45%W -0.2%  40%W -0.4%  55%W +0.0%       -3.8% → +3.1%
  SNPS    20  60%W +0.1%  65%W +0.1%  65%W +0.3%  60%W +0.2%  60%W +0.3%  55%W +0.3%       -2.4% → +2.5%
  MU      20  40%W -0.2%  45%W -0.2%  35%W -0.2%  45%W -0.6%  45%W -0.3%  50%W -0.0%       -3.0% → +2.0%
  CRWD    20  60%W +0.4%  40%W -0.1%  50%W +0.1%  45%W -0.3%  45%W -0.4%  50%W -0.3%       -4.2% → +4.9%
  AMD     20  60%W +0.4%  50%W +0.1%  50%W +0.1%  45%W -0.1%  45%W -0.1%  50%W -0.0%       -5.3% → +5.6%
  AVGO    20  65%W +0.2%  55%W +0.1%  60%W +0.2%  55%W +0.1%  65%W +0.2%  50%W +0.1%       -3.3% → +2.0%
  META    20  60%W +0.1%  45%W -0.1%  45%W -0.1%  50%W +0.0%  35%W -0.3%  45%W -0.1%       -2.6% → +2.7%
  SPOT    20  65%W +0.1%  50%W -0.0%  40%W -0.1%  45%W -0.4%  50%W -0.3%  45%W -0.3%       -3.0% → +2.2%
  QCOM    20  60%W +0.1%  40%W -0.2%  45%W -0.2%  55%W +0.0%  50%W -0.0%  45%W -0.1%       -3.8% → +3.0%
  MRVL    20  50%W +0.0%  45%W -0.1%  45%W -0.2%  45%W -0.1%  45%W -0.5%  35%W -0.6%       -3.4% → +2.9%
Pre-session top-2 (9:25, 20d EOD win rate) — 2019-09-05  OR: 09:30/3b
  #1 CHTR   +15m 80%W +0.2%  +30m 80%W +0.2%  +1h 75%W +0.2%  +2h 75%W +0.4%  +5h 85%W +0.4%  EOD 85%W +0.4%  EOD range -1.8% → +1.7%
  #2 SNPS   +15m 60%W +0.0%  +30m 65%W +0.1%  +1h 65%W +0.3%  +2h 65%W +0.4%  +5h 60%W +0.3%  EOD 60%W +0.3%  EOD range -2.4% → +2.5%
  Ticker   N          +15m          +30m           +1h           +2h           +5h           EOD           EOD range
  ----------------------------------------------------------------------------------------------------------------------
  CHTR    20  80%W +0.2%  80%W +0.2%  75%W +0.2%  75%W +0.4%  85%W +0.4%  85%W +0.4%       -1.8% → +1.7%
  SNPS    20  60%W +0.0%  65%W +0.1%  65%W +0.3%  65%W +0.4%  60%W +0.3%  60%W +0.3%       -2.4% → +2.5%
  CRWD    20  55%W +0.2%  40%W -0.1%  50%W +0.1%  50%W +0.2%  50%W +0.2%  55%W +0.3%       -4.2% → +4.9%
  LLY     20  45%W -0.1%  45%W -0.1%  40%W -0.1%  45%W -0.1%  50%W -0.0%  55%W +0.2%       -3.1% → +2.1%
  TSLA    20  50%W -0.0%  40%W -0.2%  55%W +0.1%  45%W -0.2%  35%W -0.4%  50%W -0.3%       -3.8% → +3.1%
  QCOM    20  60%W +0.1%  40%W -0.2%  50%W -0.0%  60%W +0.1%  55%W +0.1%  50%W +0.2%       -3.8% → +3.0%
  AVGO    20  60%W +0.1%  50%W +0.0%  55%W +0.1%  60%W +0.1%  60%W +0.1%  50%W +0.1%       -3.3% → +2.0%
  META    20  55%W +0.0%  45%W -0.1%  45%W -0.1%  55%W +0.0%  35%W -0.3%  45%W -0.1%       -2.6% → +2.7%
  MU      20  40%W -0.2%  50%W -0.0%  40%W -0.0%  50%W -0.1%  40%W -0.3%  45%W -0.2%       -3.0% → +2.0%
  AMD     20  60%W +0.2%  50%W +0.1%  50%W +0.1%  45%W -0.1%  40%W -0.4%  45%W -0.3%       -5.3% → +5.6%
  SPOT    20  65%W +0.1%  50%W -0.0%  40%W -0.1%  45%W -0.4%  45%W -0.4%  45%W -0.3%       -3.0% → +2.2%
  MRVL    20  50%W +0.0%  50%W +0.0%  50%W -0.0%  50%W -0.0%  45%W -0.3%  40%W -0.4%       -3.4% → +2.9%
Pre-session top-2 (9:25, 20d EOD win rate) — 2019-09-06  OR: 09:30/3b
  #1 CHTR   +15m 80%W +0.2%  +30m 80%W +0.2%  +1h 75%W +0.2%  +2h 75%W +0.3%  +5h 80%W +0.4%  EOD 80%W +0.3%  EOD range -1.8% → +1.7%
  #2 SNPS   +15m 60%W +0.0%  +30m 65%W +0.1%  +1h 65%W +0.3%  +2h 65%W +0.2%  +5h 60%W +0.3%  EOD 60%W +0.3%  EOD range -2.4% → +2.5%
  Ticker   N          +15m          +30m           +1h           +2h           +5h           EOD           EOD range
  ----------------------------------------------------------------------------------------------------------------------
  CHTR    20  80%W +0.2%  80%W +0.2%  75%W +0.2%  75%W +0.3%  80%W +0.4%  80%W +0.3%       -1.8% → +1.7%
  SNPS    20  60%W +0.0%  65%W +0.1%  65%W +0.3%  65%W +0.2%  60%W +0.3%  60%W +0.3%       -2.4% → +2.5%
  CRWD    20  50%W +0.0%  40%W -0.1%  50%W +0.1%  45%W -0.0%  50%W +0.2%  55%W +0.3%       -4.2% → +4.9%
  LLY     20  45%W -0.1%  45%W -0.1%  40%W -0.1%  45%W -0.1%  50%W -0.0%  55%W +0.2%       -3.1% → +1.8%
  TSLA    20  45%W -0.1%  40%W -0.2%  55%W +0.1%  45%W -0.2%  35%W -0.4%  50%W -0.3%       -3.8% → +3.0%
  META    20  55%W +0.0%  45%W -0.1%  45%W -0.1%  55%W +0.0%  35%W -0.3%  45%W -0.1%       -2.6% → +2.7%
  MU      20  45%W -0.1%  45%W -0.1%  40%W -0.0%  45%W -0.5%  40%W -0.3%  45%W -0.2%       -3.0% → +2.0%
  SPOT    20  60%W +0.1%  50%W -0.0%  40%W -0.1%  40%W -0.4%  45%W -0.4%  45%W -0.3%       -3.0% → +2.2%
  QCOM    20  55%W +0.0%  40%W -0.2%  45%W -0.2%  55%W +0.0%  50%W -0.0%  45%W -0.1%       -3.8% → +2.0%
  AVGO    20  60%W +0.0%  50%W +0.0%  50%W +0.0%  55%W +0.1%  60%W +0.1%  45%W -0.1%       -3.3% → +1.6%
  AMD     20  55%W +0.2%  45%W -0.1%  45%W -0.3%  40%W -0.2%  35%W -0.6%  40%W -0.7%       -5.3% → +5.6%
  MRVL    20  50%W +0.0%  50%W +0.0%  45%W -0.2%  45%W -0.1%  40%W -0.3%  35%W -0.4%       -3.4% → +2.2%
Pre-session top-2 (9:25, 20d EOD win rate) — 2019-09-09  OR: 09:30/3b
  #1 CHTR   +15m 80%W +0.1%  +30m 80%W +0.2%  +1h 75%W +0.2%  +2h 75%W +0.3%  +5h 80%W +0.4%  EOD 80%W +0.3%  EOD range -1.8% → +1.7%
  #2 SNPS   +15m 60%W +0.0%  +30m 65%W +0.0%  +1h 65%W +0.3%  +2h 65%W +0.2%  +5h 60%W +0.2%  EOD 55%W +0.2%  EOD range -2.4% → +2.0%
  Ticker   N          +15m          +30m           +1h           +2h           +5h           EOD           EOD range
  ----------------------------------------------------------------------------------------------------------------------
  CHTR    20  80%W +0.1%  80%W +0.2%  75%W +0.2%  75%W +0.3%  80%W +0.4%  80%W +0.3%       -1.8% → +1.7%
  SNPS    20  60%W +0.0%  65%W +0.0%  65%W +0.3%  65%W +0.2%  60%W +0.2%  55%W +0.2%       -2.4% → +2.0%
  CRWD    20  50%W -0.0%  35%W -0.2%  45%W -0.2%  40%W -0.3%  45%W -0.4%  50%W -0.3%       -4.4% → +4.3%
  TSLA    20  45%W -0.1%  40%W -0.2%  55%W +0.1%  45%W -0.2%  35%W -0.4%  50%W -0.3%       -3.8% → +3.0%
  LLY     20  40%W -0.1%  40%W -0.1%  35%W -0.2%  45%W -0.1%  45%W -0.2%  50%W +0.0%       -3.1% → +1.2%
  META    20  50%W +0.0%  40%W -0.1%  45%W -0.1%  55%W +0.0%  35%W -0.3%  45%W -0.1%       -2.6% → +1.2%
  SPOT    20  55%W +0.1%  50%W -0.0%  40%W -0.1%  40%W -0.4%  45%W -0.4%  45%W -0.3%       -3.0% → +1.1%
  QCOM    20  50%W +0.0%  35%W -0.2%  45%W -0.2%  50%W +0.0%  45%W -0.1%  45%W -0.1%       -3.8% → +1.8%
  AVGO    20  60%W +0.0%  45%W -0.0%  50%W +0.0%  55%W +0.1%  60%W +0.1%  45%W -0.1%       -3.3% → +1.6%
  MU      20  40%W -0.2%  40%W -0.2%  40%W -0.0%  40%W -0.5%  35%W -0.6%  40%W -0.3%       -3.0% → +1.9%
  MRVL    20  50%W +0.0%  50%W +0.0%  45%W -0.2%  45%W -0.1%  35%W -0.3%  35%W -0.4%       -3.4% → +1.8%
  AMD     20  50%W -0.0%  40%W -0.2%  40%W -0.6%  35%W -0.4%  30%W -0.7%  35%W -1.0%       -5.3% → +2.8%
Pre-session top-2 (9:25, 20d EOD win rate) — 2019-09-10  OR: 09:30/3b
  #1 CHTR   +15m 75%W +0.1%  +30m 75%W +0.2%  +1h 70%W +0.2%  +2h 75%W +0.3%  +5h 75%W +0.4%  EOD 80%W +0.3%  EOD range -1.8% → +1.7%
  #2 TSLA   +15m 50%W -0.0%  +30m 45%W -0.1%  +1h 60%W +0.2%  +2h 50%W +0.1%  +5h 40%W -0.4%  EOD 55%W +0.0%  EOD range -3.8% → +3.0%
  Ticker   N          +15m          +30m           +1h           +2h           +5h           EOD           EOD range
  ----------------------------------------------------------------------------------------------------------------------
  CHTR    20  75%W +0.1%  75%W +0.2%  70%W +0.2%  75%W +0.3%  75%W +0.4%  80%W +0.3%       -1.8% → +1.7%
  TSLA    20  50%W -0.0%  45%W -0.1%  60%W +0.2%  50%W +0.1%  40%W -0.4%  55%W +0.0%       -3.8% → +3.0%
  META    20  45%W -0.0%  40%W -0.1%  50%W -0.0%  55%W +0.0%  40%W -0.2%  50%W -0.0%       -2.6% → +1.2%
  SNPS    20  55%W +0.0%  65%W +0.0%  65%W +0.3%  65%W +0.2%  55%W +0.2%  50%W +0.0%       -2.5% → +2.0%
  LLY     20  40%W -0.1%  40%W -0.1%  35%W -0.2%  45%W -0.1%  45%W -0.2%  50%W +0.0%       -3.1% → +1.2%
  CRWD    20  45%W -0.3%  30%W -0.5%  40%W -0.2%  35%W -0.6%  45%W -0.7%  45%W -0.9%       -9.7% → +4.3%
  SPOT    20  50%W +0.0%  50%W -0.0%  45%W -0.1%  40%W -0.2%  45%W -0.4%  45%W -0.3%       -3.0% → +1.1%
  AVGO    20  65%W +0.1%  45%W -0.0%  55%W +0.1%  60%W +0.1%  60%W +0.1%  45%W -0.1%       -3.3% → +1.6%
  MU      20  40%W -0.2%  40%W -0.2%  40%W -0.0%  40%W -0.5%  35%W -0.9%  40%W -0.3%       -3.0% → +1.9%
  MRVL    20  55%W +0.1%  50%W +0.0%  45%W -0.2%  50%W -0.0%  35%W -0.2%  40%W -0.2%       -3.4% → +1.8%
  QCOM    20  45%W -0.0%  35%W -0.2%  45%W -0.2%  50%W +0.0%  40%W -0.1%  40%W -0.2%       -3.8% → +1.8%
  AMD     20  50%W -0.0%  40%W -0.2%  40%W -0.6%  30%W -0.6%  25%W -1.0%  30%W -1.1%       -5.3% → +2.8%
Pre-session top-2 (9:25, 20d EOD win rate) — 2019-09-11  OR: 09:30/3b
  #1 CHTR   +15m 70%W +0.1%  +30m 70%W +0.1%  +1h 70%W +0.1%  +2h 75%W +0.3%  +5h 75%W +0.4%  EOD 80%W +0.3%  EOD range -1.8% → +1.7%
  #2 TSLA   +15m 50%W -0.0%  +30m 50%W +0.0%  +1h 65%W +0.2%  +2h 55%W +0.3%  +5h 45%W -0.2%  EOD 60%W +0.1%  EOD range -3.8% → +3.0%
  Ticker   N          +15m          +30m           +1h           +2h           +5h           EOD           EOD range
  ----------------------------------------------------------------------------------------------------------------------
  CHTR    20  70%W +0.1%  70%W +0.1%  70%W +0.1%  75%W +0.3%  75%W +0.4%  80%W +0.3%       -1.8% → +1.7%
  TSLA    20  50%W -0.0%  50%W +0.0%  65%W +0.2%  55%W +0.3%  45%W -0.2%  60%W +0.1%       -3.8% → +3.0%
  META    20  45%W -0.0%  40%W -0.1%  45%W -0.0%  50%W -0.0%  40%W -0.2%  50%W -0.1%       -2.6% → +1.2%
  CRWD    20  45%W -0.3%  30%W -0.5%  40%W -0.2%  35%W -0.6%  50%W +0.2%  50%W -0.3%       -9.7% → +5.0%
  SNPS    20  55%W +0.0%  65%W +0.0%  65%W +0.3%  65%W +0.2%  55%W +0.2%  50%W +0.0%       -2.5% → +2.0%
  LLY     20  45%W -0.1%  40%W -0.1%  35%W -0.2%  50%W +0.0%  50%W -0.0%  50%W +0.1%       -3.1% → +3.0%
  MRVL    20  60%W +0.1%  55%W +0.1%  45%W -0.1%  50%W -0.0%  35%W -0.2%  45%W -0.1%       -2.7% → +1.8%
  SPOT    20  45%W -0.1%  45%W -0.2%  45%W -0.1%  40%W -0.2%  45%W -0.3%  45%W -0.3%       -3.0% → +1.1%
  QCOM    20  50%W +0.0%  40%W -0.1%  50%W -0.0%  55%W +0.0%  45%W -0.1%  45%W -0.1%       -3.8% → +1.8%
  AVGO    20  60%W +0.0%  45%W -0.0%  55%W +0.1%  60%W +0.1%  60%W +0.1%  45%W -0.1%       -3.3% → +1.7%
  MU      20  40%W -0.2%  40%W -0.2%  40%W -0.0%  35%W -0.5%  35%W -0.9%  35%W -0.3%       -3.0% → +1.9%
  AMD     20  55%W +0.0%  45%W -0.1%  45%W -0.3%  35%W -0.4%  25%W -0.7%  35%W -1.0%       -5.1% → +2.8%
Pre-session top-2 (9:25, 20d EOD win rate) — 2019-09-12  OR: 09:30/3b
  #1 CHTR   +15m 70%W +0.1%  +30m 70%W +0.1%  +1h 75%W +0.1%  +2h 80%W +0.3%  +5h 80%W +0.4%  EOD 85%W +0.4%  EOD range -1.8% → +1.7%
  #2 TSLA   +15m 50%W -0.0%  +30m 50%W +0.0%  +1h 65%W +0.2%  +2h 55%W +0.3%  +5h 45%W -0.2%  EOD 60%W +0.1%  EOD range -3.8% → +3.0%
  Ticker   N          +15m          +30m           +1h           +2h           +5h           EOD           EOD range
  ----------------------------------------------------------------------------------------------------------------------
  CHTR    20  70%W +0.1%  70%W +0.1%  75%W +0.1%  80%W +0.3%  80%W +0.4%  85%W +0.4%       -1.8% → +1.7%
  TSLA    20  50%W -0.0%  50%W +0.0%  65%W +0.2%  55%W +0.3%  45%W -0.2%  60%W +0.1%       -3.8% → +3.0%
  META    20  45%W -0.0%  40%W -0.1%  45%W -0.0%  50%W -0.0%  40%W -0.2%  55%W +0.1%       -2.6% → +1.2%
  CRWD    20  50%W -0.0%  35%W -0.2%  40%W -0.2%  35%W -0.4%  45%W -0.6%  50%W -0.5%       -9.7% → +5.0%
  SPOT    20  40%W -0.1%  40%W -0.3%  45%W -0.1%  45%W -0.1%  45%W -0.3%  50%W -0.2%       -3.0% → +1.1%
  LLY     20  40%W -0.1%  40%W -0.1%  35%W -0.2%  45%W -0.1%  45%W -0.1%  50%W +0.1%       -3.1% → +3.0%
  MRVL    20  65%W +0.2%  55%W +0.1%  45%W -0.1%  50%W -0.0%  35%W -0.2%  45%W -0.1%       -2.7% → +3.9%
  SNPS    20  55%W +0.0%  65%W +0.0%  60%W +0.3%  65%W +0.2%  50%W -0.2%  45%W -0.1%       -2.5% → +1.2%
  QCOM    20  50%W +0.0%  40%W -0.1%  50%W -0.0%  55%W +0.0%  45%W -0.1%  45%W -0.1%       -3.8% → +1.8%
  AVGO    20  60%W +0.0%  45%W -0.0%  55%W +0.1%  60%W +0.1%  60%W +0.1%  45%W -0.1%       -3.3% → +1.7%
  MU      20  40%W -0.2%  40%W -0.3%  40%W -0.0%  35%W -0.5%  35%W -0.9%  35%W -0.3%       -3.0% → +1.9%
  AMD     20  55%W +0.0%  45%W -0.1%  40%W -0.4%  30%W -0.4%  25%W -1.0%  35%W -1.0%       -5.1% → +2.8%
Pre-session top-2 (9:25, 20d EOD win rate) — 2019-09-13  OR: 09:30/3b
  #1 CHTR   +15m 75%W +0.1%  +30m 70%W +0.1%  +1h 75%W +0.2%  +2h 80%W +0.3%  +5h 80%W +0.4%  EOD 80%W +0.3%  EOD range -1.8% → +1.7%
  #2 TSLA   +15m 50%W -0.0%  +30m 50%W +0.2%  +1h 70%W +0.3%  +2h 55%W +0.3%  +5h 45%W -0.1%  EOD 60%W +0.1%  EOD range -3.4% → +3.0%
  Ticker   N          +15m          +30m           +1h           +2h           +5h           EOD           EOD range
  ----------------------------------------------------------------------------------------------------------------------
  CHTR    20  75%W +0.1%  70%W +0.1%  75%W +0.2%  80%W +0.3%  80%W +0.4%  80%W +0.3%       -1.8% → +1.7%
  TSLA    20  50%W -0.0%  50%W +0.2%  70%W +0.3%  55%W +0.3%  45%W -0.1%  60%W +0.1%       -3.4% → +3.0%
  META    20  45%W -0.0%  40%W -0.1%  45%W -0.0%  50%W -0.0%  40%W -0.2%  55%W +0.1%       -1.7% → +1.2%
  CRWD    20  50%W -0.0%  35%W -0.2%  40%W -0.2%  35%W -0.4%  45%W -0.8%  50%W -0.5%       -9.7% → +5.0%
  SNPS    20  55%W +0.0%  65%W +0.0%  60%W +0.3%  70%W +0.3%  55%W +0.2%  50%W +0.0%       -2.5% → +1.2%
  LLY     20  40%W -0.1%  40%W -0.1%  40%W -0.1%  50%W +0.0%  50%W -0.0%  50%W +0.1%       -2.1% → +3.0%
  QCOM    20  55%W +0.0%  45%W -0.1%  55%W +0.0%  60%W +0.1%  50%W -0.0%  50%W +0.0%       -3.8% → +1.8%
  AVGO    20  60%W +0.0%  50%W +0.0%  60%W +0.2%  65%W +0.1%  65%W +0.1%  50%W +0.1%       -3.3% → +1.7%
  SPOT    20  35%W -0.1%  35%W -0.3%  45%W -0.1%  45%W -0.1%  40%W -0.6%  45%W -0.5%       -3.0% → +1.1%
  MU      20  45%W -0.1%  45%W -0.1%  45%W -0.0%  40%W -0.5%  40%W -0.6%  40%W -0.2%       -3.0% → +1.9%
  MRVL    20  65%W +0.2%  55%W +0.1%  45%W -0.1%  50%W -0.0%  35%W -0.2%  40%W -0.2%       -2.7% → +3.9%
  AMD     20  55%W +0.0%  45%W -0.1%  40%W -0.4%  35%W -0.3%  30%W -0.7%  40%W -1.0%       -5.1% → +2.8%
Pre-session top-2 (9:25, 20d EOD win rate) — 2019-09-16  OR: 09:30/3b
  #1 CHTR   +15m 75%W +0.2%  +30m 75%W +0.2%  +1h 80%W +0.2%  +2h 80%W +0.3%  +5h 80%W +0.4%  EOD 80%W +0.3%  EOD range -1.8% → +1.7%
  #2 TSLA   +15m 45%W -0.1%  +30m 45%W -0.1%  +1h 65%W +0.2%  +2h 55%W +0.3%  +5h 45%W -0.1%  EOD 55%W +0.0%  EOD range -3.4% → +3.0%
  Ticker   N          +15m          +30m           +1h           +2h           +5h           EOD           EOD range
  ----------------------------------------------------------------------------------------------------------------------
  CHTR    20  75%W +0.2%  75%W +0.2%  80%W +0.2%  80%W +0.3%  80%W +0.4%  80%W +0.3%       -1.8% → +1.7%
  TSLA    20  45%W -0.1%  45%W -0.1%  65%W +0.2%  55%W +0.3%  45%W -0.1%  55%W +0.0%       -3.4% → +3.0%
  AVGO    20  60%W +0.0%  50%W +0.0%  60%W +0.2%  70%W +0.2%  70%W +0.2%  55%W +0.2%       -3.3% → +1.7%
  META    20  50%W +0.0%  45%W -0.1%  45%W -0.0%  50%W -0.0%  40%W -0.1%  50%W -0.0%       -1.7% → +1.2%
  CRWD    20  50%W -0.0%  35%W -0.6%  40%W -0.2%  35%W -0.4%  45%W -0.8%  50%W -0.5%       -9.7% → +5.0%
  SNPS    20  55%W +0.0%  65%W +0.1%  65%W +0.3%  70%W +0.3%  55%W +0.2%  50%W +0.0%       -2.5% → +1.2%
  SPOT    20  30%W -0.1%  35%W -0.3%  45%W -0.1%  45%W -0.1%  45%W -0.3%  50%W -0.2%       -3.0% → +1.5%
  LLY     20  40%W -0.1%  35%W -0.1%  40%W -0.1%  50%W +0.0%  50%W -0.0%  50%W +0.1%       -2.1% → +3.0%
  QCOM    20  55%W +0.0%  40%W -0.1%  50%W -0.0%  55%W +0.0%  50%W -0.0%  50%W +0.0%       -3.8% → +1.8%
  AMD     20  55%W +0.0%  50%W +0.1%  45%W -0.2%  40%W -0.1%  35%W -0.6%  45%W -0.6%       -5.1% → +2.8%
  MU      20  45%W -0.1%  40%W -0.1%  50%W +0.0%  45%W -0.5%  45%W -0.5%  40%W -0.2%       -3.0% → +1.9%
  MRVL    20  65%W +0.2%  55%W +0.1%  50%W -0.0%  50%W +0.0%  35%W -0.2%  40%W -0.2%       -2.7% → +3.9%
Pre-session top-2 (9:25, 20d EOD win rate) — 2019-09-17  OR: 09:30/3b
  #1 CHTR   +15m 75%W +0.2%  +30m 75%W +0.2%  +1h 75%W +0.1%  +2h 75%W +0.3%  +5h 75%W +0.4%  EOD 75%W +0.3%  EOD range -1.8% → +1.7%
  #2 AVGO   +15m 60%W +0.1%  +30m 55%W +0.1%  +1h 60%W +0.2%  +2h 70%W +0.2%  +5h 70%W +0.2%  EOD 55%W +0.3%  EOD range -3.3% → +1.7%
  Ticker   N          +15m          +30m           +1h           +2h           +5h           EOD           EOD range
  ----------------------------------------------------------------------------------------------------------------------
  CHTR    20  75%W +0.2%  75%W +0.2%  75%W +0.1%  75%W +0.3%  75%W +0.4%  75%W +0.3%       -1.8% → +1.7%
  AVGO    20  60%W +0.1%  55%W +0.1%  60%W +0.2%  70%W +0.2%  70%W +0.2%  55%W +0.3%       -3.3% → +1.7%
  CRWD    20  50%W -0.0%  40%W -0.6%  35%W -0.4%  35%W -0.4%  45%W -0.8%  50%W -0.5%       -9.7% → +5.0%
  TSLA    20  45%W -0.1%  40%W -0.2%  60%W +0.2%  50%W +0.1%  45%W -0.1%  50%W -0.2%       -3.4% → +3.0%
  QCOM    20  55%W +0.0%  45%W -0.1%  50%W -0.0%  55%W +0.0%  50%W -0.0%  50%W +0.0%       -3.8% → +1.8%
  META    20  50%W +0.0%  50%W -0.0%  45%W -0.0%  45%W -0.1%  35%W -0.3%  45%W -0.2%       -1.7% → +1.2%
  AMD     20  55%W +0.0%  50%W +0.1%  45%W -0.2%  40%W -0.1%  35%W -0.6%  45%W -0.6%       -5.1% → +2.3%
  SNPS    20  55%W +0.0%  65%W +0.1%  60%W +0.3%  65%W +0.2%  50%W -0.1%  45%W -0.1%       -2.5% → +1.2%
  SPOT    20  25%W -0.2%  30%W -0.3%  40%W -0.2%  40%W -0.1%  40%W -0.6%  45%W -0.5%       -3.0% → +1.5%
  LLY     20  40%W -0.1%  35%W -0.1%  40%W -0.2%  50%W -0.0%  45%W -0.1%  45%W -0.1%       -2.1% → +3.0%
  MU      20  45%W -0.1%  45%W -0.0%  50%W +0.0%  50%W -0.1%  45%W -0.5%  40%W -0.2%       -3.0% → +1.9%
  MRVL    20  65%W +0.3%  55%W +0.1%  45%W -0.1%  45%W -0.0%  35%W -0.2%  35%W -0.3%       -2.7% → +3.9%
Pre-session top-2 (9:25, 20d EOD win rate) — 2019-09-18  OR: 09:30/3b
  #1 CHTR   +15m 70%W +0.1%  +30m 75%W +0.2%  +1h 70%W +0.1%  +2h 75%W +0.3%  +5h 75%W +0.4%  EOD 75%W +0.3%  EOD range -1.8% → +1.7%
  #2 QCOM   +15m 55%W +0.0%  +30m 45%W -0.1%  +1h 55%W +0.0%  +2h 55%W +0.0%  +5h 50%W -0.0%  EOD 55%W +0.2%  EOD range -3.8% → +1.8%
  Ticker   N          +15m          +30m           +1h           +2h           +5h           EOD           EOD range
  ----------------------------------------------------------------------------------------------------------------------
  CHTR    20  70%W +0.1%  75%W +0.2%  70%W +0.1%  75%W +0.3%  75%W +0.4%  75%W +0.3%       -1.8% → +1.7%
  QCOM    20  55%W +0.0%  45%W -0.1%  55%W +0.0%  55%W +0.0%  50%W -0.0%  55%W +0.2%       -3.8% → +1.8%
  AVGO    20  60%W +0.1%  55%W +0.1%  60%W +0.2%  70%W +0.2%  70%W +0.2%  55%W +0.3%       -3.3% → +1.7%
  META    20  55%W +0.0%  50%W -0.0%  45%W -0.0%  40%W -0.1%  35%W -0.4%  50%W -0.0%       -1.7% → +1.2%
  CRWD    20  45%W -0.4%  40%W -0.2%  30%W -0.4%  35%W -0.4%  45%W -0.8%  50%W -0.5%       -9.7% → +5.0%
  TSLA    20  40%W -0.2%  40%W -0.2%  55%W +0.1%  50%W +0.1%  45%W -0.1%  50%W -0.2%       -3.4% → +3.0%
  AMD     20  55%W +0.0%  50%W +0.1%  40%W -0.4%  40%W -0.1%  35%W -0.4%  50%W -0.1%       -5.1% → +2.3%
  SNPS    20  55%W +0.0%  70%W +0.1%  60%W +0.3%  65%W +0.3%  50%W -0.1%  45%W -0.1%       -2.5% → +1.5%
  SPOT    20  20%W -0.2%  30%W -0.3%  35%W -0.3%  40%W -0.1%  40%W -0.6%  45%W -0.5%       -3.0% → +1.5%
  LLY     20  40%W -0.1%  35%W -0.1%  40%W -0.2%  50%W -0.0%  45%W -0.1%  45%W -0.1%       -2.1% → +3.0%
  MU      20  45%W -0.1%  45%W -0.0%  45%W -0.1%  50%W -0.1%  45%W -0.5%  40%W -0.2%       -3.0% → +1.9%
  MRVL    20  65%W +0.3%  55%W +0.1%  45%W -0.1%  45%W -0.0%  35%W -0.2%  40%W -0.2%       -2.7% → +3.9%
Pre-session top-2 (9:25, 20d EOD win rate) — 2019-09-19  OR: 09:30/3b
  #1 CHTR   +15m 70%W +0.2%  +30m 75%W +0.2%  +1h 70%W +0.1%  +2h 75%W +0.3%  +5h 75%W +0.4%  EOD 75%W +0.3%  EOD range -1.8% → +1.7%
  #2 META   +15m 50%W +0.0%  +30m 50%W -0.0%  +1h 50%W +0.0%  +2h 45%W -0.1%  +5h 35%W -0.5%  EOD 55%W +0.1%  EOD range -1.7% → +1.2%
  Ticker   N          +15m          +30m           +1h           +2h           +5h           EOD           EOD range
  ----------------------------------------------------------------------------------------------------------------------
  CHTR    20  70%W +0.2%  75%W +0.2%  70%W +0.1%  75%W +0.3%  75%W +0.4%  75%W +0.3%       -1.8% → +1.7%
  META    20  50%W +0.0%  50%W -0.0%  50%W +0.0%  45%W -0.1%  35%W -0.5%  55%W +0.1%       -1.7% → +1.2%
  CRWD    20  40%W -0.8%  40%W -0.2%  30%W -0.4%  35%W -0.4%  40%W -0.8%  50%W -0.5%       -9.7% → +5.0%
  LLY     20  40%W -0.1%  40%W -0.1%  45%W -0.1%  50%W -0.0%  45%W -0.1%  50%W +0.1%       -2.1% → +3.0%
  QCOM    20  50%W -0.0%  40%W -0.2%  50%W -0.0%  55%W +0.0%  45%W -0.1%  50%W +0.0%       -3.8% → +1.3%
  AVGO    20  55%W +0.0%  50%W +0.0%  55%W +0.1%  65%W +0.1%  65%W +0.1%  50%W +0.1%       -3.3% → +1.7%
  MU      20  40%W -0.1%  40%W -0.1%  40%W -0.1%  45%W -0.5%  40%W -0.9%  45%W -0.2%       -3.0% → +1.9%
  TSLA    20  45%W -0.2%  35%W -0.3%  50%W -0.1%  45%W -0.1%  40%W -0.3%  45%W -0.5%       -3.4% → +3.0%
  AMD     20  55%W +0.0%  50%W +0.1%  45%W -0.4%  35%W -0.1%  30%W -0.6%  45%W -0.3%       -5.1% → +2.3%
  SNPS    20  60%W +0.0%  70%W +0.1%  60%W +0.2%  60%W +0.1%  45%W -0.4%  45%W -0.1%       -2.5% → +1.5%
  SPOT    20  20%W -0.2%  30%W -0.3%  30%W -0.3%  35%W -0.2%  40%W -0.6%  45%W -0.5%       -3.0% → +1.5%
  MRVL    20  70%W +0.3%  60%W +0.1%  45%W -0.1%  45%W -0.0%  35%W -0.2%  40%W -0.2%       -2.7% → +3.9%
Pre-session top-2 (9:25, 20d EOD win rate) — 2019-09-20  OR: 09:30/3b
  #1 CHTR   +15m 70%W +0.2%  +30m 80%W +0.2%  +1h 65%W +0.1%  +2h 70%W +0.3%  +5h 70%W +0.4%  EOD 70%W +0.3%  EOD range -1.8% → +1.7%
  #2 META   +15m 50%W +0.0%  +30m 50%W -0.0%  +1h 55%W +0.1%  +2h 45%W -0.1%  +5h 40%W -0.3%  EOD 60%W +0.1%  EOD range -1.7% → +1.2%
  Ticker   N          +15m          +30m           +1h           +2h           +5h           EOD           EOD range
  ----------------------------------------------------------------------------------------------------------------------
  CHTR    20  70%W +0.2%  80%W +0.2%  65%W +0.1%  70%W +0.3%  70%W +0.4%  70%W +0.3%       -1.8% → +1.7%
  META    20  50%W +0.0%  50%W -0.0%  55%W +0.1%  45%W -0.1%  40%W -0.3%  60%W +0.1%       -1.7% → +1.2%
  LLY     20  45%W -0.0%  45%W -0.1%  50%W +0.0%  55%W +0.1%  50%W +0.0%  55%W +0.4%       -2.1% → +3.0%
  CRWD    20  35%W -0.8%  40%W -0.2%  30%W -0.3%  35%W -0.4%  40%W -0.8%  50%W -0.5%       -9.7% → +5.0%
  TSLA    20  45%W -0.1%  40%W -0.3%  55%W +0.1%  50%W +0.0%  45%W -0.1%  50%W -0.2%       -3.4% → +3.0%
  QCOM    20  50%W -0.0%  40%W -0.2%  50%W -0.0%  55%W +0.0%  45%W -0.1%  50%W +0.0%       -3.8% → +1.3%
  AVGO    20  55%W +0.0%  50%W +0.0%  55%W +0.1%  65%W +0.1%  65%W +0.2%  50%W +0.1%       -3.3% → +1.7%
  MU      20  40%W -0.2%  40%W -0.1%  40%W -0.1%  45%W -0.5%  40%W -0.9%  45%W -0.2%       -3.0% → +1.9%
  SNPS    20  65%W +0.1%  70%W +0.2%  60%W +0.2%  60%W +0.1%  45%W -0.4%  45%W -0.1%       -2.5% → +1.5%
  SPOT    20  20%W -0.2%  30%W -0.3%  30%W -0.3%  35%W -0.3%  40%W -0.6%  45%W -0.5%       -3.0% → +1.5%
  MRVL    20  65%W +0.3%  60%W +0.1%  50%W -0.0%  45%W -0.0%  35%W -0.2%  40%W -0.2%       -2.7% → +3.9%
  AMD     20  55%W +0.0%  50%W +0.0%  45%W -0.4%  35%W -0.1%  25%W -0.9%  40%W -0.6%       -5.1% → +2.3%
Pre-session top-2 (9:25, 20d EOD win rate) — 2019-09-23  OR: 09:30/3b
  #1 CHTR   +15m 65%W +0.2%  +30m 80%W +0.2%  +1h 65%W +0.1%  +2h 70%W +0.3%  +5h 65%W +0.4%  EOD 65%W +0.3%  EOD range -1.8% → +1.7%
  #2 META   +15m 50%W +0.0%  +30m 50%W -0.0%  +1h 55%W +0.1%  +2h 45%W -0.1%  +5h 40%W -0.3%  EOD 60%W +0.1%  EOD range -1.7% → +1.2%
  Ticker   N          +15m          +30m           +1h           +2h           +5h           EOD           EOD range
  ----------------------------------------------------------------------------------------------------------------------
  CHTR    20  65%W +0.2%  80%W +0.2%  65%W +0.1%  70%W +0.3%  65%W +0.4%  65%W +0.3%       -1.8% → +1.7%
  META    20  50%W +0.0%  50%W -0.0%  55%W +0.1%  45%W -0.1%  40%W -0.3%  60%W +0.1%       -1.7% → +1.2%
  LLY     20  45%W -0.0%  45%W -0.1%  50%W +0.0%  55%W +0.1%  50%W +0.0%  55%W +0.4%       -2.1% → +3.0%
  CRWD    20  35%W -0.5%  45%W -0.2%  35%W -0.2%  35%W -0.4%  40%W -0.8%  50%W -0.5%       -9.7% → +5.0%
  TSLA    20  40%W -0.2%  40%W -0.2%  55%W +0.1%  50%W +0.0%  45%W -0.1%  50%W -0.2%       -3.4% → +3.0%
  QCOM    20  50%W -0.0%  40%W -0.1%  50%W -0.0%  55%W +0.0%  45%W -0.1%  50%W +0.0%       -3.8% → +1.3%
  AVGO    20  55%W +0.0%  55%W +0.1%  55%W +0.1%  65%W +0.1%  60%W +0.2%  50%W +0.1%       -3.3% → +1.7%
  SNPS    20  60%W +0.0%  65%W +0.2%  60%W +0.2%  60%W +0.1%  45%W -0.4%  45%W -0.1%       -2.5% → +1.5%
  SPOT    20  25%W -0.1%  35%W -0.2%  35%W -0.3%  35%W -0.2%  40%W -0.6%  45%W -0.5%       -3.0% → +1.5%
  MU      20  40%W -0.2%  40%W -0.1%  45%W -0.1%  40%W -0.5%  35%W -0.9%  40%W -0.3%       -3.0% → +1.9%
  MRVL    20  65%W +0.1%  55%W +0.1%  50%W -0.0%  40%W -0.1%  30%W -0.2%  40%W -0.4%       -2.7% → +3.9%
  AMD     20  55%W +0.0%  50%W -0.0%  45%W -0.4%  35%W -0.3%  20%W -1.4%  35%W -1.0%       -5.1% → +2.3%
  DDOG     2  100%W +0.3%  0%W -0.5%  0%W -0.9%  0%W -1.2%  0%W -4.9%  0%W -6.6%       -6.6% → -6.6%
Pre-session top-2 (9:25, 20d EOD win rate) — 2019-09-24  OR: 09:30/3b
  #1 CHTR   +15m 65%W +0.2%  +30m 80%W +0.1%  +1h 60%W +0.1%  +2h 75%W +0.3%  +5h 70%W +0.4%  EOD 70%W +0.3%  EOD range -1.5% → +1.7%
  #2 META   +15m 50%W +0.0%  +30m 45%W -0.1%  +1h 50%W +0.0%  +2h 45%W -0.1%  +5h 40%W -0.2%  EOD 60%W +0.1%  EOD range -1.5% → +1.2%
  Ticker   N          +15m          +30m           +1h           +2h           +5h           EOD           EOD range
  ----------------------------------------------------------------------------------------------------------------------
  CHTR    20  65%W +0.2%  80%W +0.1%  60%W +0.1%  75%W +0.3%  70%W +0.4%  70%W +0.3%       -1.5% → +1.7%
  META    20  50%W +0.0%  45%W -0.1%  50%W +0.0%  45%W -0.1%  40%W -0.2%  60%W +0.1%       -1.5% → +1.2%
  LLY     20  40%W -0.1%  40%W -0.1%  45%W -0.1%  55%W +0.1%  50%W +0.0%  55%W +0.4%       -1.8% → +3.0%
  QCOM    20  50%W -0.0%  45%W -0.0%  55%W +0.0%  60%W +0.1%  50%W -0.0%  55%W +0.2%       -2.6% → +1.3%
  AVGO    20  50%W +0.0%  50%W +0.0%  50%W +0.0%  70%W +0.2%  65%W +0.3%  55%W +0.3%       -1.5% → +1.7%
  CRWD    20  30%W -0.8%  40%W -0.4%  30%W -0.3%  35%W -0.4%  40%W -0.5%  50%W -0.7%       -9.7% → +5.0%
  TSLA    20  35%W -0.2%  35%W -0.2%  50%W -0.1%  55%W +0.3%  50%W +0.0%  50%W -0.1%       -2.8% → +3.0%
  SNPS    20  60%W +0.0%  65%W +0.2%  60%W +0.2%  65%W +0.3%  50%W -0.1%  50%W +0.0%       -2.5% → +1.7%
  MRVL    20  60%W +0.1%  50%W +0.0%  45%W -0.1%  40%W -0.1%  35%W -0.2%  45%W -0.2%       -2.7% → +3.9%
  SPOT    20  25%W -0.1%  35%W -0.2%  30%W -0.3%  40%W -0.1%  40%W -0.6%  45%W -0.5%       -3.0% → +1.5%
  MU      20  40%W -0.2%  35%W -0.1%  45%W -0.1%  45%W -0.3%  40%W -0.8%  40%W -0.3%       -3.0% → +1.9%
  AMD     20  50%W -0.0%  45%W -0.2%  40%W -0.6%  35%W -0.3%  25%W -0.9%  40%W -0.6%       -2.5% → +2.3%
  DDOG     3  100%W +1.5%  50%W +0.8%  50%W +1.3%  50%W +0.7%  0%W -2.6%  0%W -4.0%       -6.6% → -1.4%
Pre-session top-2 (9:25, 20d EOD win rate) — 2019-09-25  OR: 09:30/3b
  #1 CHTR   +15m 60%W +0.1%  +30m 75%W +0.1%  +1h 55%W +0.1%  +2h 70%W +0.3%  +5h 65%W +0.3%  EOD 65%W +0.2%  EOD range -1.5% → +1.1%
  #2 META   +15m 50%W +0.0%  +30m 50%W -0.0%  +1h 50%W +0.0%  +2h 40%W -0.1%  +5h 35%W -0.4%  EOD 55%W +0.1%  EOD range -2.9% → +1.2%
  Ticker   N          +15m          +30m           +1h           +2h           +5h           EOD           EOD range
  ----------------------------------------------------------------------------------------------------------------------
  CHTR    20  60%W +0.1%  75%W +0.1%  55%W +0.1%  70%W +0.3%  65%W +0.3%  65%W +0.2%       -1.5% → +1.1%
  META    20  50%W +0.0%  50%W -0.0%  50%W +0.0%  40%W -0.1%  35%W -0.4%  55%W +0.1%       -2.9% → +1.2%
  QCOM    20  45%W -0.0%  40%W -0.1%  50%W -0.0%  55%W +0.1%  50%W -0.0%  55%W +0.2%       -3.2% → +1.3%
  LLY     20  40%W -0.1%  40%W -0.1%  50%W -0.1%  50%W -0.0%  45%W -0.2%  50%W +0.1%       -1.8% → +3.0%
  AVGO    20  50%W +0.0%  45%W -0.0%  45%W -0.0%  65%W +0.2%  60%W +0.2%  50%W +0.1%       -2.1% → +1.7%
  MRVL    20  60%W +0.1%  45%W -0.0%  40%W -0.1%  35%W -0.2%  35%W -0.2%  45%W -0.2%       -2.8% → +3.9%
  CRWD    20  25%W -0.8%  40%W -0.4%  30%W -0.3%  35%W -0.4%  35%W -0.8%  45%W -1.6%       -9.7% → +5.0%
  TSLA    20  30%W -0.2%  35%W -0.3%  45%W -0.2%  50%W +0.0%  45%W -0.1%  45%W -0.4%       -6.2% → +3.0%
  SNPS    20  60%W +0.0%  65%W +0.1%  55%W +0.2%  60%W +0.1%  45%W -0.4%  45%W -0.1%       -2.5% → +1.7%
  SPOT    20  20%W -0.2%  35%W -0.2%  30%W -0.3%  40%W -0.1%  40%W -0.6%  45%W -0.6%       -3.1% → +1.5%
  MU      20  40%W -0.2%  30%W -0.2%  40%W -0.1%  40%W -0.5%  35%W -0.9%  35%W -0.4%       -3.0% → +1.9%
  AMD     20  50%W -0.0%  40%W -0.2%  35%W -0.6%  30%W -0.4%  25%W -1.4%  35%W -1.0%       -3.0% → +2.3%
  DDOG     4  100%W +0.4%  67%W +0.4%  33%W -0.7%  33%W -1.2%  0%W -4.9%  0%W -6.0%       -6.6% → -1.4%
Pre-session top-2 (9:25, 20d EOD win rate) — 2019-09-26  OR: 09:30/3b
  #1 CHTR   +15m 55%W +0.1%  +30m 70%W +0.1%  +1h 50%W +0.0%  +2h 70%W +0.3%  +5h 65%W +0.2%  EOD 65%W +0.2%  EOD range -1.5% → +1.1%
  #2 META   +15m 50%W +0.0%  +30m 45%W -0.1%  +1h 50%W +0.0%  +2h 40%W -0.1%  +5h 40%W -0.2%  EOD 60%W +0.1%  EOD range -2.9% → +1.6%
  Ticker   N          +15m          +30m           +1h           +2h           +5h           EOD           EOD range
  ----------------------------------------------------------------------------------------------------------------------
  CHTR    20  55%W +0.1%  70%W +0.1%  50%W +0.0%  70%W +0.3%  65%W +0.2%  65%W +0.2%       -1.5% → +1.1%
  META    20  50%W +0.0%  45%W -0.1%  50%W +0.0%  40%W -0.1%  40%W -0.2%  60%W +0.1%       -2.9% → +1.6%
  QCOM    20  50%W -0.0%  40%W -0.0%  55%W +0.0%  60%W +0.1%  55%W +0.3%  60%W +0.4%       -3.2% → +2.7%
  AVGO    20  50%W +0.0%  45%W -0.0%  45%W -0.0%  70%W +0.2%  65%W +0.4%  55%W +0.3%       -2.1% → +1.7%
  MRVL    20  60%W +0.1%  45%W -0.0%  40%W -0.1%  40%W -0.1%  40%W -0.2%  50%W -0.0%       -2.8% → +3.9%
  CRWD    20  30%W -0.8%  45%W -0.3%  35%W -0.3%  40%W -0.1%  40%W -0.5%  50%W -0.7%       -9.7% → +5.0%
  TSLA    20  30%W -0.2%  40%W -0.2%  45%W -0.2%  55%W +0.3%  50%W +0.0%  50%W -0.1%       -6.2% → +3.5%
  SNPS    20  65%W +0.0%  65%W +0.1%  60%W +0.2%  65%W +0.3%  50%W -0.1%  50%W +0.0%       -2.5% → +3.2%
  SPOT    20  25%W -0.1%  35%W -0.1%  35%W -0.2%  45%W -0.1%  45%W -0.3%  50%W -0.2%       -3.1% → +1.8%
  LLY     20  40%W -0.0%  40%W -0.1%  50%W -0.1%  50%W -0.0%  45%W -0.2%  50%W +0.1%       -1.8% → +3.0%
  MU      20  40%W -0.2%  30%W -0.2%  45%W -0.1%  45%W -0.3%  40%W -0.8%  40%W -0.3%       -2.2% → +1.9%
  AMD     20  50%W -0.0%  40%W -0.2%  35%W -0.6%  30%W -0.4%  30%W -0.9%  40%W -0.6%       -3.0% → +2.3%
  DDOG     5  75%W +0.3%  50%W -0.0%  50%W -0.2%  50%W -0.5%  25%W -2.6%  25%W -3.7%       -6.6% → +1.0%
Pre-session top-2 (9:25, 20d EOD win rate) — 2019-09-27  OR: 09:30/3b
  #1 META   +15m 45%W -0.0%  +30m 40%W -0.1%  +1h 45%W -0.1%  +2h 35%W -0.1%  +5h 35%W -0.3%  EOD 60%W +0.1%  EOD range -2.9% → +1.6%
  #2 CHTR   +15m 50%W +0.0%  +30m 65%W +0.1%  +1h 45%W -0.0%  +2h 65%W +0.2%  +5h 60%W +0.2%  EOD 60%W +0.2%  EOD range -1.5% → +1.1%
  Ticker   N          +15m          +30m           +1h           +2h           +5h           EOD           EOD range
  ----------------------------------------------------------------------------------------------------------------------
  META    20  45%W -0.0%  40%W -0.1%  45%W -0.1%  35%W -0.1%  35%W -0.3%  60%W +0.1%       -2.9% → +1.6%
  CHTR    20  50%W +0.0%  65%W +0.1%  45%W -0.0%  65%W +0.2%  60%W +0.2%  60%W +0.2%       -1.5% → +1.1%
  QCOM    20  45%W -0.0%  35%W -0.1%  55%W +0.0%  55%W +0.1%  55%W +0.3%  60%W +0.4%       -3.2% → +2.7%
  AVGO    20  50%W +0.0%  40%W -0.0%  45%W -0.0%  70%W +0.2%  65%W +0.4%  55%W +0.3%       -2.1% → +1.7%
  MRVL    20  60%W +0.1%  45%W -0.0%  40%W -0.1%  35%W -0.2%  40%W -0.2%  50%W -0.0%       -2.8% → +3.9%
  TSLA    20  35%W -0.2%  45%W -0.2%  45%W -0.2%  50%W +0.1%  55%W +0.1%  50%W -0.1%       -6.2% → +5.7%
  SNPS    20  70%W +0.1%  65%W +0.1%  65%W +0.3%  65%W +0.1%  50%W -0.1%  50%W +0.0%       -2.5% → +3.2%
  CRWD    20  25%W -0.8%  40%W -0.6%  30%W -0.5%  35%W -0.4%  35%W -0.8%  45%W -1.6%       -9.7% → +5.0%
  SPOT    20  20%W -0.2%  30%W -0.2%  30%W -0.3%  40%W -0.1%  40%W -0.6%  45%W -0.6%       -3.1% → +1.8%
  LLY     20  35%W -0.1%  35%W -0.1%  45%W -0.2%  45%W -0.1%  40%W -0.2%  45%W -0.0%       -1.8% → +3.0%
  AMD     20  50%W -0.0%  35%W -0.2%  35%W -0.6%  25%W -0.4%  30%W -0.9%  40%W -0.6%       -3.0% → +2.1%
  MU      20  35%W -0.2%  25%W -0.3%  45%W -0.1%  40%W -0.5%  35%W -0.9%  35%W -0.4%       -2.2% → +1.7%
  DDOG     6  80%W +0.4%  60%W +0.3%  40%W -0.7%  40%W -1.2%  20%W -4.9%  20%W -6.0%       -9.1% → +1.0%
Pre-session top-2 (9:25, 20d EOD win rate) — 2019-09-30  OR: 09:30/3b
  #1 META   +15m 45%W -0.0%  +30m 40%W -0.1%  +1h 50%W +0.0%  +2h 30%W -0.2%  +5h 35%W -0.4%  EOD 55%W +0.1%  EOD range -2.9% → +1.6%
  #2 CHTR   +15m 50%W +0.0%  +30m 65%W +0.1%  +1h 45%W -0.0%  +2h 60%W +0.2%  +5h 55%W +0.1%  EOD 55%W +0.1%  EOD range -1.5% → +1.1%
  Ticker   N          +15m          +30m           +1h           +2h           +5h           EOD           EOD range
  ----------------------------------------------------------------------------------------------------------------------
  META    20  45%W -0.0%  40%W -0.1%  50%W +0.0%  30%W -0.2%  35%W -0.4%  55%W +0.1%       -2.9% → +1.6%
  CHTR    20  50%W +0.0%  65%W +0.1%  45%W -0.0%  60%W +0.2%  55%W +0.1%  55%W +0.1%       -1.5% → +1.1%
  QCOM    20  45%W -0.0%  40%W -0.0%  55%W +0.0%  50%W +0.0%  50%W -0.0%  55%W +0.2%       -3.2% → +2.7%
  AVGO    20  45%W -0.0%  40%W -0.0%  50%W +0.0%  70%W +0.3%  60%W +0.4%  55%W +0.3%       -2.1% → +1.7%
  MRVL    20  60%W +0.1%  40%W -0.1%  45%W -0.1%  35%W -0.2%  35%W -0.2%  45%W -0.2%       -2.8% → +3.9%
  CRWD    20  25%W -0.8%  40%W -0.6%  30%W -0.4%  35%W -0.2%  35%W -0.8%  45%W -1.6%       -9.7% → +5.0%
  TSLA    20  30%W -0.2%  40%W -0.2%  50%W -0.0%  50%W +0.1%  50%W -0.0%  45%W -0.3%       -6.2% → +5.7%
  SNPS    20  70%W +0.1%  60%W +0.1%  60%W +0.3%  60%W +0.1%  45%W -0.4%  45%W -0.1%       -2.5% → +3.2%
  AMD     20  50%W -0.0%  35%W -0.2%  40%W -0.4%  25%W -0.4%  30%W -1.4%  40%W -0.7%       -3.0% → +2.1%
  SPOT    20  20%W -0.2%  30%W -0.2%  30%W -0.3%  35%W -0.2%  35%W -0.8%  40%W -1.0%       -3.1% → +1.8%
  LLY     20  35%W -0.1%  35%W -0.1%  50%W -0.1%  45%W -0.1%  35%W -0.2%  40%W -0.0%       -1.8% → +3.0%
  MU      20  35%W -0.2%  20%W -0.4%  45%W -0.1%  35%W -0.5%  30%W -1.0%  30%W -0.5%       -4.3% → +1.7%
  DDOG     7  67%W +0.3%  50%W -0.1%  33%W -0.8%  33%W -1.9%  17%W -5.4%  17%W -4.3%       -9.1% → +1.0%

=========================================================================================================================================================================================
Pre-Session Top-2 Performance — 2019-09-03 to 2019-09-30  |  Unconditional OR-close entry  |  OR: 09:30/3b
=========================================================================================================================================================================================
Date         Ticker Rank  At       Entry       +15m       +30m       +45m        +1h     +1h30m        +2h        +3h        +4h        +5h        +6h        +7h        EOD
-----------------------------------------------------------------------------------------------------------------------------------------------------------------------------------------
2019-09-03   CHTR   #1    09:45   409.41    +0.11%W    +0.09%W    +0.20%W    +0.35%W    +0.42%W    +0.90%W    +0.67%W    +0.38%W    +0.35%W    +0.49%W    +0.53%W    +0.53%W
2019-09-03   TSLA   #2    09:45   227.11    -0.22%L    -0.37%L    -0.11%L    +0.20%W    -0.22%L    -0.43%L    -1.10%L    -1.51%L    -1.14%L    -0.92%L    -0.88%L    -0.88%L
2019-09-04   CHTR   #1    09:45   416.96    -0.05%L    +0.04%W    -0.02%L    -0.07%L    -0.14%L    +0.19%W    +0.62%W    +0.18%W    +0.28%W    +0.60%W    +0.60%W    +0.60%W
2019-09-04   LLY    #2    09:45   113.37    -0.17%L    -0.11%L    -0.05%L    -0.33%L    -0.71%L    -0.39%L    -0.24%L    -0.73%L    -0.42%L    -0.31%L    -0.08%L    -0.08%L
2019-09-05   CHTR   #1    09:45   423.44    +0.66%W    +1.28%W    +0.50%W    +0.27%W    +0.15%W    +0.29%W    -0.17%L    -0.51%L    -0.58%L    -0.62%L    -0.34%L    -0.34%L
2019-09-05   SNPS   #2    09:45   144.65    +0.46%W    +0.99%W    +1.01%W    +0.41%W    +0.12%W    +0.04%W    +0.27%W    +0.13%W    +0.37%W    +0.72%W    +0.91%W    +0.91%W
2019-09-06   CHTR   #1    09:45   424.57    +0.06%W    +0.34%W    +0.42%W    +0.41%W    +0.37%W    +0.25%W    +0.27%W    +0.59%W    +0.64%W    +0.33%W    +0.29%W    +0.29%W
2019-09-06   SNPS   #2    09:45   145.91    +0.08%W    +0.05%W    +0.27%W    +0.34%W    +0.30%W    +0.42%W    -0.27%L    -0.17%L    +0.20%W    -0.22%L    -0.28%L    -0.28%L
2019-09-09   CHTR   #1    09:45   425.03    -0.37%L    -0.09%L    -0.61%L    -1.21%L    -1.07%L    -1.34%L    -1.66%L    -1.49%L    -1.13%L    -1.06%L    -1.23%L    -1.23%L
2019-09-09   SNPS   #2    09:45   144.93    -0.63%L    -1.33%L    -1.05%L    -1.23%L    -1.38%L    -1.41%L    -2.56%L    -2.05%L    -2.53%L    -2.41%L    -2.51%L    -2.51%L
2019-09-10   CHTR   #1    09:45   420.66    -0.05%L    -0.15%L    -0.14%L    +0.06%W    +0.23%W    +0.40%W    +0.66%W    +0.52%W    -0.08%L    -0.18%L    +0.15%W    +0.15%W
2019-09-10   TSLA   #2    09:45   230.31    +0.25%W    +0.61%W    +1.18%W    +0.70%W    +0.93%W    +1.25%W    +1.41%W    +2.00%W    +1.68%W    +1.99%W    +2.27%W    +2.27%W
2019-09-11   CHTR   #1    09:45   422.54    +0.29%W    +0.43%W    +0.34%W    +0.08%W    +0.21%W    +0.12%W    +0.05%W    +0.43%W    +0.55%W    +0.59%W    +0.58%W    +0.58%W
2019-09-11   TSLA   #2    09:45   240.12    -0.32%L    +0.52%W    +1.27%W    +0.77%W    +1.17%W    +1.87%W    +2.66%W    +2.72%W    +2.66%W    +2.63%W    +2.96%W    +2.96%W
2019-09-12   CHTR   #1    09:45   425.80    +0.20%W    +0.05%W    +0.59%W    +0.74%W    +0.50%W    +0.92%W    +1.12%W    +0.96%W    +0.82%W    -0.05%L    -0.19%L    -0.19%L
2019-09-12   TSLA   #2    09:45   246.93    +0.47%W    +1.16%W    +2.10%W    +1.01%W    +0.17%W    -0.16%L    -0.50%L    +0.32%W    -0.21%L    -0.14%L    -0.43%L    -0.43%L
2019-09-13   CHTR   #1    09:45   423.96    +0.15%W    +0.26%W    +0.17%W    +0.07%W    -0.14%L    -0.42%L    -0.13%L    +0.24%W    +0.20%W    +0.41%W    +0.37%W    +0.37%W
2019-09-13   TSLA   #2    09:45   247.53    -0.34%L    -0.78%L    -0.54%L    -0.44%L    -0.70%L    -0.43%L    -0.87%L    -0.52%L    -0.77%L    -0.81%L    -0.91%L    -0.91%L
2019-09-16   CHTR   #1    09:45   424.65    +0.20%W    +0.15%W    -0.22%L    -0.35%L    -0.46%L    -0.90%L    -0.93%L    -1.25%L    -0.85%L    -0.31%L    -0.33%L    -0.33%L
2019-09-16   TSLA   #2    09:45   246.31    +0.05%W    -0.36%L    -1.12%L    -1.01%L    -0.93%L    -1.68%L    -1.52%L    -1.27%L    -1.39%L    -1.45%L    -1.47%L    -1.47%L
2019-09-17   CHTR   #1    09:45   422.64    -0.77%L    +0.12%W    +0.21%W    -0.04%L    -0.01%L    +0.31%W    +0.19%W    +0.16%W    +0.37%W    +0.57%W    +0.59%W    +0.59%W
2019-09-17   AVGO   #2    09:45   285.77    -0.55%L    -0.37%L    -0.09%L    +0.10%W    +0.01%W    +0.41%W    +0.37%W    +0.64%W    +0.56%W    +1.12%W    +1.05%W    +1.05%W
2019-09-18   CHTR   #1    09:45   420.60    +0.54%W    +1.06%W    +0.68%W    +0.62%W    +0.78%W    +0.91%W    +1.05%W    +0.82%W    +0.48%W    +1.12%W    +1.12%W    +1.12%W
2019-09-18   QCOM   #2    09:45    78.91    -0.19%L    -0.18%L    -0.24%L    -0.19%L    +0.04%W    +0.14%W    -0.04%L    -0.78%L    -1.15%L    -0.13%L    -0.04%L    -0.04%L
2019-09-19   CHTR   #1    09:45   428.75    -0.22%L    +0.07%W    -0.21%L    -0.23%L    -0.14%L    -0.08%L    -0.20%L    -0.13%L    -0.20%L    -0.35%L    -0.31%L    -0.31%L
2019-09-19   META   #2    09:45   188.92    +0.58%W    +0.79%W    +1.00%W    +0.99%W    +0.70%W    +0.86%W    +0.44%W    +0.14%W    +0.22%W    +0.55%W    +0.65%W    +0.65%W
2019-09-20   CHTR   #1    09:45   426.75    -0.09%L    -0.26%L    -0.49%L    -0.45%L    -0.49%L    -0.55%L    -0.86%L    -1.46%L    -1.33%L    -1.52%L    -1.54%L    -1.54%L
2019-09-20   META   #2    09:45   192.05    -0.06%L    -0.16%L    -0.33%L    -0.28%L    -0.61%L    -1.04%L    -1.10%L    -1.69%L    -1.15%L    -1.46%L    -1.12%L    -1.12%L
2019-09-23   CHTR   #1    09:45   421.26    +0.19%W    +0.08%W    +0.05%W    -0.03%L    -0.08%L    +0.14%W    +0.39%W    +0.21%W    +0.18%W    +0.12%W    +0.08%W    +0.08%W
2019-09-23   META   #2    09:45   187.62    +0.02%W    -0.56%L    -0.74%L    -1.16%L    -0.58%L    -0.20%L    -0.54%L    -0.24%L    -0.34%L    -0.31%L    -0.41%L    -0.41%L
2019-09-24   CHTR   #1    09:45   424.00    -0.32%L    -0.38%L    -0.33%L    -0.31%L    -0.50%L    -1.09%L    -1.56%L    -1.31%L    -1.27%L    -1.45%L    -1.49%L    -1.49%L
2019-09-24   META   #2    09:45   186.75    +0.00%L    +0.01%W    -0.19%L    -0.59%L    -0.52%L    -1.01%L    -2.35%L    -2.79%L    -2.84%L    -2.88%L    -2.92%L    -2.92%L
2019-09-25   CHTR   #1    09:45   416.12    -0.13%L    -0.27%L    -0.13%L    -0.27%L    -0.17%L    +0.29%W    +0.21%W    +0.21%W    +0.09%W    +0.21%W    +0.17%W    +0.17%W
2019-09-25   META   #2    09:45   179.89    -0.08%L    -0.66%L    -0.32%L    -0.75%L    +0.12%W    -0.01%L    +0.47%W    +1.00%W    +1.63%W    +1.86%W    +1.61%W    +1.61%W
2019-09-26   CHTR   #1    09:45   413.92    -0.21%L    -0.51%L    -0.74%L    -0.70%L    -1.70%L    -1.80%L    -0.96%L    -1.01%L    -1.13%L    -0.59%L    -0.70%L    -0.70%L
2019-09-26   META   #2    09:45   179.98    -0.00%L    -0.18%L    +0.11%W    -0.08%L    -0.97%L    -1.19%L    -0.66%L    -0.73%L    -0.27%L    +0.21%W    +0.10%W    +0.10%W
2019-09-27   META   #1    09:45   178.65    -0.42%L    -0.06%L    -0.18%L    +0.18%W    +0.22%W    -0.23%L    -0.52%L    -0.71%L    -1.42%L    -1.00%L    -0.88%L    -0.88%L
2019-09-27   CHTR   #2    09:45   411.08    -0.10%L    -0.19%L    -0.41%L    -0.22%L    -0.37%L    -0.91%L    -1.57%L    -1.41%L    -2.16%L    -1.37%L    -1.15%L    -1.15%L
2019-09-30   META   #1    09:45   177.73    +0.26%W    +0.17%W    -0.15%L    -0.18%L    -0.39%L    -0.32%L    +0.16%W    +0.25%W    +0.31%W    -0.07%L    +0.19%W    +0.19%W
2019-09-30   CHTR   #2    09:45   408.85    +0.38%W    +0.42%W    +0.40%W    +0.40%W    +0.30%W    +0.52%W    +0.84%W    +0.91%W    +0.99%W    +0.96%W    +0.82%W    +0.82%W

========================================================================================
Pre-session picks summary — 40 pick(s) across 20 trading day(s)

Top-2 picks (all days)  (40 signal(s))
  Hold      Count   Win Rate   Avg Gain    Avg Win   Avg Loss  Exp Value  Total P&L
  ------------------------------------------------------------------------------------
  +15m         40      45.0%      -0.01%      +0.27%      -0.24%      -0.01%      -0.36%
  +30m         40      52.5%      +0.04%      +0.41%      -0.37%      +0.04%      +1.72%
  +45m         40      42.5%      +0.05%      +0.62%      -0.37%      +0.05%      +2.08%
  +1h          40      45.0%      -0.06%      +0.43%      -0.46%      -0.06%      -2.43%
  +1h30m       40      45.0%      -0.14%      +0.37%      -0.56%      -0.14%      -5.54%
  +2h          40      47.5%      -0.13%      +0.54%      -0.74%      -0.13%      -5.36%
2026-06-01 23:50:16,760 WARNING DDOG 2019-09-19: insufficient history for vol_20day_avg, skipping
2026-06-01 23:50:16,974 WARNING DDOG 2019-09-20: insufficient history for vol_20day_avg, skipping
  +3h          40      45.0%      -0.21%      +0.66%      -0.92%      -0.21%      -8.43%
  +4h          40      50.0%      -0.22%      +0.64%      -1.09%      -0.22%      -8.96%
  +5h          40      47.5%      -0.24%      +0.66%      -1.06%      -0.24%      -9.77%
  +6h          40      42.5%      -0.13%      +0.85%      -0.85%      -0.13%      -5.12%
  +7h          40      47.5%      -0.10%      +0.79%      -0.92%      -0.10%      -4.20%
  EOD          40      47.5%      -0.10%      +0.79%      -0.92%      -0.10%      -4.20%

=========================================================================================================================================================================================
Signal Analysis — 2019-09-03 to 2019-09-30  |  BULL only  |  Vol ≥ 1.0x 20dAvg
Windows: 09:30/3b  |  Collection: 3 bars  |  Tickers: 18
=========================================================================================================================================================================================
Date         Ticker Window   At       Entry  Vol/20d       +15m       +30m       +45m        +1h     +1h30m        +2h        +3h        +4h        +5h        +6h        +7h        EOD
-----------------------------------------------------------------------------------------------------------------------------------------------------------------------------------------
2019-09-03   CRWD   09:30/3b 09:40    80.91    1.18x    +0.53%W    -0.02%L    +0.55%W    +1.12%W    +1.02%W    +0.64%W    +0.12%W    +0.66%W    +1.58%W    +3.12%W    +3.41%W    +3.41%W
2019-09-03   LLY    09:30/3b 09:40   113.72    1.57x    -0.18%L    -0.49%L    -0.53%L    -0.60%L    -0.80%L    -0.30%L    -0.24%L    -0.19%L    +0.07%W    +0.00%L    +0.22%W    +0.22%W
2019-09-04   AVGO   09:30/3b 09:40   282.71    2.37x    +0.18%W    -0.37%L    +0.08%W    -0.36%L    -0.24%L    +0.24%W    +0.10%W    +0.37%W    +0.02%W    +0.01%W    +0.14%W    +0.14%W
2019-09-05   TSLA   09:30/3b 09:40   223.18    1.53x    -0.53%L    +0.16%W    +0.41%W    +0.44%W    +0.27%W    +0.90%W    +1.06%W    +2.00%W    +2.23%W    +2.69%W    +2.82%W    +2.82%W
2019-09-06   MU     09:30/3b 09:45    49.36    1.11x    -0.43%L    -0.43%L    -0.18%L    +0.06%W    +0.06%W    -0.53%L    -0.69%L    -0.75%L    -0.84%L    -0.83%L    -0.81%L    -0.81%L
2019-09-06   SNPS   09:30/3b 09:45   145.91    1.37x    +0.08%W    +0.05%W    +0.27%W    +0.34%W    +0.30%W    +0.42%W    -0.27%L    -0.17%L    +0.20%W    -0.22%L    -0.28%L    -0.28%L
2019-09-06   SPOT   09:30/3b 09:40   135.25    3.09x    -0.22%L    +0.55%W    +0.47%W    +0.75%W    +0.54%W    +0.87%W    +0.45%W    +0.76%W    +0.81%W    +0.49%W    +0.61%W    +0.61%W
2019-09-09   META   09:30/3b 09:40   187.39    1.28x    -0.33%L    -0.17%L    +0.26%W    +0.45%W    +0.36%W    +0.12%W    -0.61%L    -0.25%L    -0.01%L    +0.72%W    +0.74%W    +0.74%W
2019-09-10   META   09:30/3b 09:45   187.44    1.49x    +0.14%W    +0.04%W    +0.14%W    -0.05%L    -0.37%L    -0.30%L    -0.10%L    -0.33%L    -1.30%L    -1.21%L    -0.60%L    -0.60%L
2019-09-10   MU     09:30/3b 09:40    49.53    1.27x    -0.34%L    -0.65%L    -0.59%L    -1.14%L    -1.84%L    -1.59%L    -0.99%L    -0.79%L    -1.27%L    -0.67%L    -0.28%L    -0.28%L
2019-09-10   CRWD   09:30/3b 09:40    68.82    2.99x    -1.19%L    +0.16%W    +1.50%W    +2.12%W    +2.12%W    +3.37%W    +3.12%W    +2.45%W    +2.37%W    +3.35%W    +4.23%W    +4.23%W
2019-09-11   META   09:30/3b 09:45   186.81    1.11x    +0.36%W    +0.39%W    +0.36%W    +0.55%W    +0.68%W    +1.03%W    +1.31%W    +0.85%W    +0.70%W    +0.70%W    +0.94%W    +0.94%W
2019-09-11   QCOM   09:30/3b 09:40    78.45    1.09x    +0.74%W    +1.08%W    +0.97%W    +1.07%W    +0.91%W    +0.97%W    +0.78%W    +0.91%W    +1.72%W    +1.66%W    +1.84%W    +1.84%W
2019-09-12   CHTR   09:30/3b 09:45   425.80    1.08x    +0.20%W    +0.05%W    +0.59%W    +0.74%W    +0.50%W    +0.92%W    +1.12%W    +0.96%W    +0.82%W    -0.05%L    -0.19%L    -0.19%L
2019-09-12   AMD    09:30/3b 09:40    30.25    1.02x    +0.79%W    +1.54%W    +1.59%W    +1.12%W    +0.62%W    +0.58%W    +0.46%W    +0.61%W    +0.35%W    +0.20%W    -0.10%L    -0.10%L
2019-09-12   SNPS   09:30/3b 09:45   136.36    1.26x    +0.37%W    +1.26%W    +1.53%W    +1.17%W    +0.69%W    +1.22%W    +0.96%W    +1.42%W    +1.43%W    +0.89%W    +0.76%W    +0.76%W
2019-09-13   TSLA   09:30/3b 09:40   246.94    1.01x    +0.06%W    -0.32%L    -0.33%L    -0.43%L    -0.14%L    -0.18%L    -0.48%L    -0.31%L    -0.45%L    -0.50%L    -0.68%L    -0.68%L
2019-09-13   LLY    09:30/3b 09:40   111.94    1.16x    -0.18%L    -0.40%L    -0.29%L    -0.96%L    -0.51%L    -1.05%L    -0.89%L    -0.90%L    -0.99%L    -1.05%L    -0.94%L    -0.94%L
2019-09-16   CRWD   09:30/3b 09:40    66.22    1.02x    -0.95%L    -0.69%L    -1.31%L    -1.19%L    -1.02%L    -0.57%L    +1.39%W    +2.45%W    +3.63%W    +2.88%W    +2.33%W    +2.33%W
2019-09-18   SPOT   09:30/3b 09:45   129.95    1.13x    +0.35%W    +0.02%W    -0.38%L    -1.08%L    -1.01%L    -1.56%L    -2.05%L    -2.39%L    -2.97%L    -1.63%L    -1.52%L    -1.52%L
2019-09-19   CHTR   09:30/3b 09:50   429.13    1.27x    -0.27%L    -0.28%L    -0.34%L    -0.38%L    -0.15%L    -0.18%L    -0.31%L    -0.14%L    -0.28%L    -0.53%L    -0.40%L    -0.40%L
2019-09-20   SPOT   09:30/3b 09:50   124.99    2.12x    +0.39%W    -0.04%L    -0.00%L    -0.40%L    -0.44%L    -1.19%L    -1.32%L    -2.46%L    -2.37%L    -3.21%L    -3.45%L    -3.45%L
2019-09-20   LLY    09:30/3b 09:40   116.36    1.02x    +0.13%W    -0.04%L    -0.12%L    +0.00%W    -0.61%L    -0.26%L    +0.06%W    +0.00%W    +0.30%W    +0.19%W    -0.19%L    -0.19%L
2019-09-24   CHTR   09:30/3b 09:40   424.38    2.48x    -0.37%L    -0.47%L    -0.34%L    -0.35%L    -0.57%L    -1.20%L    -1.77%L    -1.42%L    -1.44%L    -1.57%L    -1.57%L    -1.57%L
2019-09-26   SNPS   09:30/3b 09:45   139.69    1.15x    +0.15%W    -0.37%L    +0.10%W    +0.56%W    +0.00%L    +0.09%W    +0.77%W    +1.10%W    +0.92%W    +0.87%W    +0.76%W    +0.76%W
2019-09-27   TSLA   09:30/3b 09:40   244.24    1.33x    -0.56%L    -0.58%L    +0.28%W    +0.95%W    +1.22%W    +0.14%W    -1.31%L    -1.38%L    -1.86%L    -1.43%L    -0.86%L    -0.86%L
2019-09-30   SPOT   09:30/3b 09:40   112.44    1.41x    +0.77%W    +1.79%W    +1.33%W    +1.05%W    +0.90%W    +1.35%W    +2.10%W    +2.19%W    +1.97%W    +1.65%W    +1.43%W    +1.43%W

========================================================================================
Summary — 27 qualifying signal(s) across 20 trading day(s)

Window 09:30/3b  (27 signal(s))
  Hold      Count   Win Rate   Avg Gain    Avg Win   Avg Loss  Exp Value  Total P&L
  ------------------------------------------------------------------------------------
  +15m         27      55.6%      -0.01%      +0.35%      -0.46%      -0.01%      -0.31%
  +30m         27      44.4%      +0.07%      +0.59%      -0.35%      +0.07%      +1.77%
  +45m         27      59.3%      +0.22%      +0.65%      -0.40%      +0.22%      +6.01%
  +1h          27      59.3%      +0.21%      +0.78%      -0.63%      +0.21%      +5.56%
  +1h30m       27      51.9%      +0.09%      +0.73%      -0.59%      +0.09%      +2.50%
  +2h          27      55.6%      +0.15%      +0.86%      -0.74%      +0.15%      +3.93%
  +3h          27      51.9%      +0.10%      +0.99%      -0.85%      +0.10%      +2.80%
  +4h          27      51.9%      +0.19%      +1.19%      -0.88%      +0.19%      +5.25%
  +5h          27      59.3%      +0.20%      +1.19%      -1.25%      +0.20%      +5.33%
  +6h          27      51.9%      +0.24%      +1.39%      -0.99%      +0.24%      +6.52%
  +7h          27      48.1%      +0.31%      +1.55%      -0.85%      +0.31%      +8.34%
  EOD          27      48.1%      +0.31%      +1.55%      -0.85%      +0.31%      +8.34%
