Fetching 5-min bars (2019-08-17 → 2019-10-31) [alpaca]...
  [cache] fetching 3 tickers from alpaca (cache miss)
  [cache] loaded 14 tickers from cache
Fetching daily bars (2018-10-01 → 2019-10-31)...

=========================================================================================================================================================================================
Pre-Session Rankings (9:25) — 2019-10-01 to 2019-10-31  |  20d lookback
(Unconditional hold from OR close — no signal or vol filter)
=========================================================================================================================================================================================
Pre-session top-2 (9:25, 20d EOD win rate) — 2019-10-01  OR: 09:30/3b
  #1 AVGO   +15m 50%W -0.0%  +30m 30%W -0.2%  +1h 55%W +0.1%  +2h 55%W +0.1%  +5h 70%W +0.3%  EOD 60%W +0.3%  EOD range -2.1% → +1.6%
  #2 META   +15m 45%W -0.1%  +30m 35%W -0.2%  +1h 45%W -0.1%  +2h 35%W -0.2%  +5h 35%W -0.2%  EOD 55%W +0.1%  EOD range -3.0% → +1.3%
  Ticker   N          +15m          +30m           +1h           +2h           +5h           EOD           EOD range
  ----------------------------------------------------------------------------------------------------------------------
  AVGO    20    50%W -0.0%    30%W -0.2%    55%W +0.1%    55%W +0.1%    70%W +0.3%    60%W +0.3%       -2.1% → +1.6%
  META    20    45%W -0.1%    35%W -0.2%    45%W -0.1%    35%W -0.2%    35%W -0.2%    55%W +0.1%       -3.0% → +1.3%
  SNPS    20    60%W +0.1%    65%W +0.1%    50%W +0.1%    55%W +0.2%    50%W -0.2%    50%W -0.0%       -2.9% → +2.9%
  MRVL    20    45%W -0.0%    45%W -0.1%    50%W +0.1%    50%W +0.0%    55%W +0.1%    50%W -0.0%       -3.2% → +4.4%
  QCOM    20    45%W -0.1%    45%W -0.0%    45%W -0.1%    50%W +0.1%    50%W +0.1%    50%W -0.1%       -3.1% → +2.7%
  CHTR    20    50%W +0.0%    50%W +0.0%    40%W -0.1%    55%W +0.1%    50%W -0.0%    50%W +0.0%       -1.6% → +0.9%
  TSLA    20    45%W -0.2%    40%W -0.2%    45%W -0.1%    55%W +0.1%    40%W -0.2%    45%W -0.4%       -6.7% → +6.2%
  SPOT    20    25%W -0.4%    25%W -0.5%    25%W -0.4%    30%W -0.3%    40%W -0.8%    40%W -0.8%       -3.2% → +1.4%
  LLY     20    45%W -0.1%    30%W -0.2%    40%W -0.2%    35%W -0.3%    40%W -0.3%    40%W -0.2%       -2.1% → +2.8%
  CRWD    20    20%W -1.0%    35%W -0.6%    50%W -0.1%    40%W -0.4%    40%W -0.5%    40%W -0.9%     -10.0% → +10.2%
  AMD     20    45%W -0.1%    35%W -0.2%    45%W -0.2%    35%W -0.3%    40%W -1.0%    40%W -0.3%       -3.5% → +2.4%
  MU      20    45%W -0.1%    45%W -0.1%    55%W +0.1%    35%W -0.2%    40%W -0.8%    35%W -0.5%       -4.2% → +1.5%
  DDOG     8    43%W -0.2%    29%W -0.2%    29%W -0.5%    29%W -1.5%    14%W -5.2%    29%W -3.0%       -9.3% → +5.1%
Pre-session top-2 (9:25, 20d EOD win rate) — 2019-10-02  OR: 09:30/3b
  #1 AVGO   +15m 55%W +0.0%  +30m 30%W -0.2%  +1h 55%W +0.1%  +2h 55%W +0.1%  +5h 70%W +0.3%  EOD 60%W +0.3%  EOD range -2.1% → +1.6%
  #2 META   +15m 40%W -0.1%  +30m 35%W -0.2%  +1h 45%W -0.1%  +2h 35%W -0.2%  +5h 35%W -0.2%  EOD 55%W +0.1%  EOD range -3.0% → +1.3%
  Ticker   N          +15m          +30m           +1h           +2h           +5h           EOD           EOD range
  ----------------------------------------------------------------------------------------------------------------------
  AVGO    20    55%W +0.0%    30%W -0.2%    55%W +0.1%    55%W +0.1%    70%W +0.3%    60%W +0.3%       -2.1% → +1.6%
  META    20    40%W -0.1%    35%W -0.2%    45%W -0.1%    35%W -0.2%    35%W -0.2%    55%W +0.1%       -3.0% → +1.3%
  SNPS    20    65%W +0.1%    65%W +0.1%    50%W +0.1%    55%W +0.2%    50%W -0.2%    50%W -0.0%       -2.9% → +2.9%
  MRVL    20    45%W -0.0%    45%W -0.1%    50%W +0.1%    50%W +0.0%    55%W +0.1%    50%W -0.0%       -4.9% → +4.4%
  QCOM    20    45%W -0.1%    45%W -0.0%    45%W -0.1%    50%W +0.1%    50%W +0.1%    50%W -0.1%       -3.1% → +2.7%
  TSLA    20    45%W -0.2%    40%W -0.2%    50%W -0.1%    60%W +0.2%    45%W -0.0%    50%W -0.2%       -6.7% → +6.2%
  CHTR    20    50%W +0.0%    50%W +0.0%    35%W -0.1%    50%W +0.0%    45%W -0.1%    45%W -0.0%       -2.0% → +0.9%
  SPOT    20    25%W -0.4%    25%W -0.5%    25%W -0.5%    30%W -0.3%    40%W -0.9%    40%W -1.3%       -3.2% → +1.4%
  CRWD    20    20%W -1.0%    35%W -0.6%    50%W -0.2%    40%W -0.4%    40%W -0.5%    40%W -0.9%     -10.0% → +10.2%
  AMD     20    45%W -0.1%    35%W -0.3%    45%W -0.2%    35%W -0.3%    40%W -1.3%    40%W -0.7%       -3.5% → +2.4%
  MU      20    45%W -0.1%    45%W -0.1%    55%W +0.1%    35%W -0.2%    40%W -0.8%    35%W -0.5%       -4.2% → +1.5%
  LLY     20    45%W -0.1%    30%W -0.2%    40%W -0.1%    35%W -0.3%    35%W -0.3%    35%W -0.2%       -2.1% → +2.8%
  DDOG     9    38%W -0.2%    25%W -0.7%    25%W -0.8%    25%W -2.2%    12%W -5.1%    25%W -3.5%       -9.3% → +5.1%
Pre-session top-2 (9:25, 20d EOD win rate) — 2019-10-03  OR: 09:30/3b
  #1 META   +15m 45%W -0.1%  +30m 40%W -0.2%  +1h 45%W -0.1%  +2h 35%W -0.2%  +5h 35%W -0.2%  EOD 55%W +0.1%  EOD range -3.0% → +1.3%
  #2 TSLA   +15m 50%W -0.0%  +30m 45%W -0.1%  +1h 55%W +0.0%  +2h 60%W +0.2%  +5h 50%W -0.0%  EOD 55%W +0.1%  EOD range -6.7% → +6.2%
  Ticker   N          +15m          +30m           +1h           +2h           +5h           EOD           EOD range
  ----------------------------------------------------------------------------------------------------------------------
  META    20    45%W -0.1%    40%W -0.2%    45%W -0.1%    35%W -0.2%    35%W -0.2%    55%W +0.1%       -3.0% → +1.3%
  TSLA    20    50%W -0.0%    45%W -0.1%    55%W +0.0%    60%W +0.2%    50%W -0.0%    55%W +0.1%       -6.7% → +6.2%
  AVGO    20    50%W -0.1%    35%W -0.2%    55%W +0.1%    50%W +0.0%    65%W +0.3%    55%W +0.3%       -2.1% → +1.6%
  MRVL    20    40%W -0.0%    45%W -0.1%    45%W -0.0%    50%W +0.0%    55%W +0.1%    50%W -0.0%       -4.9% → +4.4%
  SNPS    20    60%W +0.1%    70%W +0.1%    50%W +0.1%    50%W +0.0%    45%W -0.4%    45%W -0.2%       -2.9% → +2.9%
  QCOM    20    45%W -0.1%    50%W +0.0%    40%W -0.1%    45%W -0.2%    45%W -0.4%    45%W -0.4%       -3.1% → +2.7%
  CHTR    20    50%W +0.0%    50%W +0.0%    40%W -0.1%    50%W +0.0%    45%W -0.1%    45%W -0.0%       -2.0% → +1.1%
  SPOT    20    25%W -0.4%    30%W -0.5%    25%W -0.5%    30%W -0.3%    40%W -0.9%    40%W -1.3%       -3.2% → +1.4%
  AMD     20    40%W -0.1%    40%W -0.2%    50%W -0.0%    35%W -0.3%    40%W -0.9%    40%W -0.5%       -3.5% → +2.4%
  MU      20    40%W -0.2%    45%W -0.1%    50%W +0.0%    40%W -0.2%    40%W -0.8%    35%W -0.5%       -4.2% → +1.5%
  LLY     20    40%W -0.2%    30%W -0.2%    40%W -0.1%    35%W -0.3%    35%W -0.3%    35%W -0.3%       -2.1% → +2.8%
  CRWD    20    20%W -1.2%    35%W -0.6%    50%W -0.2%    35%W -0.5%    35%W -0.5%    35%W -1.2%     -10.0% → +10.2%
  DDOG    10    33%W -0.2%    22%W -1.2%    22%W -1.1%    22%W -1.5%    11%W -4.9%    22%W -3.0%       -9.3% → +5.1%
Pre-session top-2 (9:25, 20d EOD win rate) — 2019-10-04  OR: 09:30/3b
  #1 AVGO   +15m 50%W -0.1%  +30m 30%W -0.2%  +1h 50%W -0.0%  +2h 50%W +0.1%  +5h 65%W +0.4%  EOD 60%W +0.5%  EOD range -2.1% → +1.7%
  #2 META   +15m 45%W -0.1%  +30m 35%W -0.2%  +1h 45%W -0.1%  +2h 35%W -0.2%  +5h 35%W -0.2%  EOD 55%W +0.1%  EOD range -3.0% → +2.5%
  Ticker   N          +15m          +30m           +1h           +2h           +5h           EOD           EOD range
  ----------------------------------------------------------------------------------------------------------------------
  AVGO    20    50%W -0.1%    30%W -0.2%    50%W -0.0%    50%W +0.1%    65%W +0.4%    60%W +0.5%       -2.1% → +1.7%
  META    20    45%W -0.1%    35%W -0.2%    45%W -0.1%    35%W -0.2%    35%W -0.2%    55%W +0.1%       -3.0% → +2.5%
  TSLA    20    50%W -0.0%    40%W -0.2%    50%W -0.1%    60%W +0.1%    50%W -0.0%    55%W +0.1%       -6.7% → +6.2%
  QCOM    20    45%W -0.1%    45%W -0.0%    40%W -0.1%    50%W +0.1%    50%W +0.1%    50%W -0.1%       -3.1% → +2.7%
  CHTR    20    50%W +0.0%    45%W -0.0%    35%W -0.2%    50%W +0.0%    50%W -0.0%    50%W +0.0%       -2.0% → +1.3%
  SNPS    20    60%W +0.1%    65%W +0.0%    45%W -0.2%    50%W +0.0%    45%W -0.4%    45%W -0.2%       -2.9% → +2.9%
  MRVL    20    40%W -0.0%    40%W -0.2%    45%W -0.0%    50%W +0.0%    50%W -0.1%    45%W -0.2%       -4.9% → +4.4%
  AMD     20    40%W -0.1%    40%W -0.2%    50%W -0.0%    40%W -0.2%    45%W -0.3%    45%W -0.3%       -3.5% → +2.4%
  SPOT    20    25%W -0.3%    30%W -0.5%    20%W -0.5%    35%W -0.3%    40%W -0.9%    40%W -1.3%       -3.2% → +2.0%
  MU      20    45%W -0.1%    45%W -0.1%    50%W +0.0%    45%W -0.2%    45%W -0.6%    40%W -0.4%       -4.2% → +2.8%
  CRWD    20    20%W -1.2%    30%W -0.8%    50%W -0.2%    40%W -0.5%    35%W -0.5%    35%W -1.2%     -10.0% → +10.2%
  LLY     20    35%W -0.2%    25%W -0.3%    35%W -0.2%    30%W -0.3%    30%W -0.4%    30%W -0.4%       -2.1% → +2.8%
  DDOG    11    40%W -0.2%    30%W -0.7%    30%W -0.8%    30%W -1.3%    20%W -4.3%    30%W -2.5%       -9.3% → +6.4%
Pre-session top-2 (9:25, 20d EOD win rate) — 2019-10-07  OR: 09:30/3b
  #1 META   +15m 50%W +0.0%  +30m 40%W -0.2%  +1h 50%W +0.0%  +2h 40%W -0.2%  +5h 35%W -0.2%  EOD 60%W +0.3%  EOD range -3.0% → +2.5%
  #2 AVGO   +15m 55%W +0.0%  +30m 35%W -0.2%  +1h 45%W -0.1%  +2h 50%W +0.1%  +5h 65%W +0.5%  EOD 60%W +0.5%  EOD range -2.1% → +1.7%
  Ticker   N          +15m          +30m           +1h           +2h           +5h           EOD           EOD range
  ----------------------------------------------------------------------------------------------------------------------
  META    20    50%W +0.0%    40%W -0.2%    50%W +0.0%    40%W -0.2%    35%W -0.2%    60%W +0.3%       -3.0% → +2.5%
  AVGO    20    55%W +0.0%    35%W -0.2%    45%W -0.1%    50%W +0.1%    65%W +0.5%    60%W +0.5%       -2.1% → +1.7%
  SNPS    20    60%W +0.1%    65%W +0.0%    40%W -0.2%    50%W +0.0%    45%W -0.4%    50%W -0.0%       -2.9% → +2.9%
  QCOM    20    45%W -0.1%    45%W -0.0%    40%W -0.1%    50%W +0.1%    50%W +0.1%    50%W -0.1%       -3.1% → +2.7%
  CHTR    20    45%W -0.0%    40%W -0.0%    30%W -0.2%    50%W +0.0%    50%W -0.0%    50%W +0.0%       -2.0% → +1.3%
  TSLA    20    55%W +0.0%    40%W -0.2%    50%W -0.1%    55%W +0.1%    45%W -0.0%    50%W -0.2%       -6.7% → +6.2%
  AMD     20    45%W -0.1%    40%W -0.1%    50%W -0.0%    45%W -0.2%    50%W -0.0%    50%W +0.0%       -3.5% → +2.4%
  MRVL    20    40%W -0.0%    40%W -0.2%    40%W -0.1%    50%W +0.0%    45%W -0.3%    45%W -0.2%       -4.9% → +4.4%
  SPOT    20    30%W -0.3%    30%W -0.5%    15%W -0.5%    35%W -0.3%    40%W -0.9%    40%W -1.3%       -3.2% → +2.0%
  MU      20    45%W -0.1%    45%W -0.1%    50%W +0.0%    45%W -0.2%    45%W -0.6%    40%W -0.4%       -4.2% → +2.8%
  CRWD    20    25%W -1.2%    35%W -0.8%    50%W -0.2%    40%W -0.5%    40%W -0.4%    40%W -0.4%     -10.0% → +10.2%
  DDOG    12    36%W -0.2%    27%W -0.2%    27%W -0.5%    27%W -1.1%    27%W -3.7%    36%W -1.9%       -9.3% → +6.4%
  LLY     20    35%W -0.2%    25%W -0.2%    35%W -0.2%    30%W -0.4%    30%W -0.3%    35%W -0.3%       -2.1% → +2.8%
Pre-session top-2 (9:25, 20d EOD win rate) — 2019-10-08  OR: 09:30/3b
  #1 META   +15m 55%W +0.1%  +30m 45%W -0.1%  +1h 50%W +0.0%  +2h 40%W -0.2%  +5h 40%W -0.2%  EOD 60%W +0.3%  EOD range -3.0% → +2.5%
  #2 AVGO   +15m 55%W +0.1%  +30m 40%W -0.1%  +1h 50%W +0.0%  +2h 50%W +0.1%  +5h 65%W +0.5%  EOD 60%W +0.5%  EOD range -2.1% → +1.7%
  Ticker   N          +15m          +30m           +1h           +2h           +5h           EOD           EOD range
  ----------------------------------------------------------------------------------------------------------------------
  META    20    55%W +0.1%    45%W -0.1%    50%W +0.0%    40%W -0.2%    40%W -0.2%    60%W +0.3%       -3.0% → +2.5%
  AVGO    20    55%W +0.1%    40%W -0.1%    50%W +0.0%    50%W +0.1%    65%W +0.5%    60%W +0.5%       -2.1% → +1.7%
  CHTR    20    50%W +0.0%    40%W -0.0%    35%W -0.1%    55%W +0.1%    55%W +0.1%    55%W +0.1%       -2.0% → +1.3%
  SNPS    20    65%W +0.1%    70%W +0.1%    45%W -0.2%    55%W +0.2%    50%W -0.1%    50%W -0.0%       -2.5% → +2.9%
  QCOM    20    45%W -0.1%    45%W -0.0%    45%W -0.0%    55%W +0.3%    55%W +0.3%    50%W -0.1%       -3.1% → +2.7%
  TSLA    20    55%W +0.0%    40%W -0.2%    50%W -0.1%    55%W +0.1%    45%W -0.0%    50%W -0.2%       -6.7% → +6.2%
  AMD     20    50%W +0.0%    45%W -0.0%    55%W +0.1%    50%W -0.0%    50%W -0.0%    50%W +0.0%       -3.5% → +2.4%
  SPOT    20    35%W -0.2%    35%W -0.5%    20%W -0.5%    40%W -0.3%    45%W -0.7%    45%W -0.8%       -3.2% → +2.0%
  MRVL    20    45%W -0.0%    45%W -0.1%    45%W -0.0%    45%W -0.0%    45%W -0.2%    45%W -0.3%       -4.9% → +4.4%
  CRWD    20    30%W -1.0%    40%W -0.6%    55%W +0.1%    45%W -0.3%    45%W -0.3%    45%W -0.1%      -6.0% → +10.2%
  DDOG    13    42%W -0.2%    33%W -0.2%    33%W -0.4%    33%W -0.7%    33%W -2.5%    42%W -1.6%       -9.3% → +6.4%
  MU      20    50%W -0.0%    50%W +0.0%    55%W +0.1%    50%W +0.0%    50%W -0.2%    40%W -0.2%       -4.2% → +2.8%
  LLY     20    35%W -0.2%    25%W -0.2%    35%W -0.1%    35%W -0.3%    30%W -0.3%    35%W -0.2%       -1.8% → +2.8%
Pre-session top-2 (9:25, 20d EOD win rate) — 2019-10-09  OR: 09:30/3b
  #1 META   +15m 50%W +0.0%  +30m 45%W -0.2%  +1h 45%W -0.1%  +2h 40%W -0.2%  +5h 45%W -0.1%  EOD 60%W +0.3%  EOD range -3.0% → +2.5%
  #2 CHTR   +15m 50%W +0.0%  +30m 40%W -0.1%  +1h 35%W -0.2%  +2h 50%W +0.0%  +5h 60%W +0.2%  EOD 55%W +0.1%  EOD range -2.0% → +1.3%
  Ticker   N          +15m          +30m           +1h           +2h           +5h           EOD           EOD range
  ----------------------------------------------------------------------------------------------------------------------
  META    20    50%W +0.0%    45%W -0.2%    45%W -0.1%    40%W -0.2%    45%W -0.1%    60%W +0.3%       -3.0% → +2.5%
  CHTR    20    50%W +0.0%    40%W -0.1%    35%W -0.2%    50%W +0.0%    60%W +0.2%    55%W +0.1%       -2.0% → +1.3%
  AVGO    20    50%W -0.1%    40%W -0.1%    45%W -0.1%    45%W -0.0%    65%W +0.5%    55%W +0.3%       -2.1% → +1.7%
  SNPS    20    65%W +0.1%    70%W +0.1%    45%W -0.2%    60%W +0.2%    55%W +0.1%    50%W -0.0%       -2.5% → +2.9%
  SPOT    20    40%W -0.2%    40%W -0.5%    25%W -0.5%    45%W -0.2%    50%W -0.0%    50%W -0.1%       -3.2% → +2.0%
  TSLA    20    50%W -0.1%    35%W -0.2%    45%W -0.2%    55%W +0.1%    45%W -0.0%    50%W -0.2%       -6.7% → +6.2%
  QCOM    20    40%W -0.1%    40%W -0.0%    40%W -0.1%    50%W -0.1%    50%W -0.0%    45%W -0.4%       -3.1% → +2.7%
  AMD     20    50%W +0.0%    45%W -0.0%    50%W -0.0%    45%W -0.2%    50%W +0.0%    45%W -0.2%       -3.5% → +2.4%
  MU      20    50%W -0.0%    50%W +0.0%    55%W +0.1%    50%W +0.0%    50%W -0.2%    40%W -0.4%       -4.2% → +2.8%
  MRVL    20    40%W -0.1%    40%W -0.2%    40%W -0.1%    45%W -0.0%    40%W -0.3%    40%W -0.5%       -4.9% → +4.4%
  CRWD    20    30%W -1.0%    35%W -0.8%    50%W -0.2%    40%W -0.5%    40%W -0.4%    40%W -0.4%      -6.0% → +10.2%
  DDOG    14    46%W -0.2%    31%W -0.2%    31%W -0.5%    31%W -1.1%    31%W -1.5%    38%W -1.9%       -9.3% → +6.4%
  LLY     20    30%W -0.2%    25%W -0.2%    35%W -0.1%    35%W -0.3%    30%W -0.3%    35%W -0.2%       -1.8% → +1.2%
Pre-session top-2 (9:25, 20d EOD win rate) — 2019-10-10  OR: 09:30/3b
  #1 META   +15m 45%W -0.1%  +30m 40%W -0.2%  +1h 45%W -0.1%  +2h 40%W -0.2%  +5h 45%W -0.1%  EOD 60%W +0.3%  EOD range -3.0% → +2.5%
  #2 SNPS   +15m 65%W +0.1%  +30m 65%W +0.0%  +1h 50%W -0.0%  +2h 60%W +0.2%  +5h 60%W +0.3%  EOD 55%W +0.1%  EOD range -2.5% → +2.9%
  Ticker   N          +15m          +30m           +1h           +2h           +5h           EOD           EOD range
  ----------------------------------------------------------------------------------------------------------------------
  META    20    45%W -0.1%    40%W -0.2%    45%W -0.1%    40%W -0.2%    45%W -0.1%    60%W +0.3%       -3.0% → +2.5%
  SNPS    20    65%W +0.1%    65%W +0.0%    50%W -0.0%    60%W +0.2%    60%W +0.3%    55%W +0.1%       -2.5% → +2.9%
  CHTR    20    45%W -0.0%    35%W -0.1%    30%W -0.2%    45%W -0.0%    55%W +0.1%    50%W +0.0%       -2.0% → +1.3%
  TSLA    20    45%W -0.1%    35%W -0.2%    45%W -0.2%    55%W +0.1%    45%W -0.0%    50%W -0.2%       -6.7% → +6.2%
  AVGO    20    45%W -0.1%    35%W -0.2%    40%W -0.1%    45%W -0.0%    65%W +0.4%    50%W -0.0%       -2.1% → +1.7%
  SPOT    20    45%W -0.1%    45%W -0.5%    25%W -0.5%    40%W -0.3%    45%W -0.8%    45%W -0.8%       -3.2% → +2.0%
  QCOM    20    40%W -0.1%    40%W -0.0%    40%W -0.1%    50%W -0.1%    50%W -0.0%    45%W -0.4%       -3.1% → +2.7%
  AMD     20    45%W -0.1%    40%W -0.1%    45%W -0.2%    40%W -0.2%    50%W +0.0%    45%W -0.2%       -3.5% → +2.4%
  DDOG    15    43%W -0.2%    36%W -0.2%    36%W -0.4%    36%W -0.7%    36%W -1.4%    43%W -1.6%       -9.3% → +6.4%
  MU      20    45%W -0.1%    45%W -0.1%    50%W +0.0%    50%W +0.0%    50%W -0.2%    40%W -0.4%       -4.2% → +2.8%
  MRVL    20    40%W -0.1%    40%W -0.2%    40%W -0.1%    45%W -0.0%    40%W -0.3%    40%W -0.5%       -4.9% → +2.5%
  CRWD    20    30%W -1.2%    30%W -0.9%    50%W -0.2%    40%W -0.6%    40%W -0.4%    40%W -1.2%      -6.0% → +10.2%
  LLY     20    30%W -0.2%    25%W -0.2%    35%W -0.1%    35%W -0.3%    30%W -0.3%    30%W -0.3%       -1.8% → +1.2%
Pre-session top-2 (9:25, 20d EOD win rate) — 2019-10-11  OR: 09:30/3b
  #1 META   +15m 50%W +0.0%  +30m 45%W -0.1%  +1h 50%W +0.0%  +2h 45%W -0.1%  +5h 45%W -0.1%  EOD 65%W +0.3%  EOD range -3.0% → +2.5%
  #2 SNPS   +15m 65%W +0.1%  +30m 65%W +0.0%  +1h 50%W -0.0%  +2h 60%W +0.2%  +5h 60%W +0.3%  EOD 55%W +0.1%  EOD range -2.5% → +2.9%
  Ticker   N          +15m          +30m           +1h           +2h           +5h           EOD           EOD range
  ----------------------------------------------------------------------------------------------------------------------
  META    20    50%W +0.0%    45%W -0.1%    50%W +0.0%    45%W -0.1%    45%W -0.1%    65%W +0.3%       -3.0% → +2.5%
  SNPS    20    65%W +0.1%    65%W +0.0%    50%W -0.0%    60%W +0.2%    60%W +0.3%    55%W +0.1%       -2.5% → +2.9%
  QCOM    20    45%W -0.1%    40%W -0.0%    40%W -0.1%    50%W -0.1%    50%W -0.0%    50%W -0.2%       -3.1% → +2.7%
  CHTR    20    45%W -0.0%    35%W -0.1%    30%W -0.2%    45%W -0.0%    55%W +0.1%    50%W +0.1%       -2.0% → +1.3%
  TSLA    20    50%W -0.0%    35%W -0.2%    45%W -0.2%    55%W +0.1%    45%W -0.0%    50%W -0.2%       -6.7% → +6.2%
  SPOT    20    50%W +0.0%    50%W -0.2%    30%W -0.5%    35%W -0.5%    45%W -0.8%    45%W -0.8%       -3.2% → +2.0%
  AVGO    20    50%W +0.0%    35%W -0.2%    40%W -0.1%    45%W -0.0%    60%W +0.2%    45%W -0.1%       -2.1% → +1.7%
  AMD     20    45%W -0.1%    40%W -0.1%    45%W -0.2%    40%W -0.2%    45%W -0.1%    45%W -0.2%       -3.5% → +2.4%
  MU      20    50%W -0.0%    45%W -0.1%    50%W +0.0%    50%W +0.0%    50%W -0.2%    40%W -0.4%       -4.2% → +2.8%
  MRVL    20    45%W -0.0%    40%W -0.2%    45%W -0.0%    50%W +0.0%    40%W -0.3%    40%W -0.3%       -4.9% → +2.5%
  CRWD    20    30%W -1.2%    30%W -0.9%    55%W +0.2%    40%W -0.3%    40%W -0.4%    40%W -0.5%      -6.0% → +10.2%
  DDOG    16    47%W -0.2%    40%W -0.2%    40%W -0.3%    40%W -0.3%    33%W -1.5%    40%W -1.9%       -9.3% → +6.4%
  LLY     20    35%W -0.2%    25%W -0.2%    30%W -0.1%    35%W -0.3%    25%W -0.3%    30%W -0.2%       -1.8% → +1.2%
Pre-session top-2 (9:25, 20d EOD win rate) — 2019-10-14  OR: 09:30/3b
  #1 META   +15m 50%W +0.0%  +30m 45%W -0.1%  +1h 50%W +0.0%  +2h 45%W -0.1%  +5h 45%W -0.1%  EOD 65%W +0.3%  EOD range -3.0% → +2.5%
  #2 SNPS   +15m 65%W +0.1%  +30m 65%W +0.0%  +1h 50%W -0.0%  +2h 65%W +0.2%  +5h 60%W +0.3%  EOD 55%W +0.1%  EOD range -2.5% → +2.9%
  Ticker   N          +15m          +30m           +1h           +2h           +5h           EOD           EOD range
  ----------------------------------------------------------------------------------------------------------------------
  META    20    50%W +0.0%    45%W -0.1%    50%W +0.0%    45%W -0.1%    45%W -0.1%    65%W +0.3%       -3.0% → +2.5%
  SNPS    20    65%W +0.1%    65%W +0.0%    50%W -0.0%    65%W +0.2%    60%W +0.3%    55%W +0.1%       -2.5% → +2.9%
  QCOM    20    45%W -0.1%    45%W -0.0%    45%W -0.0%    50%W +0.0%    55%W +0.1%    50%W -0.2%       -3.1% → +2.7%
  TSLA    20    45%W -0.1%    35%W -0.2%    50%W -0.1%    60%W +0.1%    45%W -0.0%    50%W -0.2%       -6.7% → +6.2%
  CRWD    20    35%W -1.0%    35%W -0.7%    60%W +0.4%    45%W -0.1%    45%W -0.3%    45%W -0.2%      -5.9% → +10.2%
  CHTR    20    45%W -0.0%    35%W -0.1%    30%W -0.2%    45%W -0.0%    50%W -0.0%    45%W -0.0%       -2.0% → +1.3%
  AVGO    20    55%W +0.1%    40%W -0.1%    45%W -0.0%    50%W +0.1%    60%W +0.2%    45%W -0.2%       -2.1% → +1.7%
  AMD     20    45%W -0.1%    35%W -0.1%    45%W -0.2%    40%W -0.2%    45%W -0.1%    45%W -0.2%       -3.5% → +2.1%
  DDOG    17    50%W -0.1%    44%W -0.1%    44%W -0.3%    44%W -0.2%    38%W -1.4%    44%W -1.6%       -9.3% → +6.4%
  SPOT    20    50%W +0.0%    55%W +0.0%    35%W -0.5%    40%W -0.5%    45%W -0.8%    40%W -0.8%       -3.2% → +2.0%
  MU      20    50%W -0.0%    40%W -0.1%    50%W +0.0%    50%W +0.0%    50%W -0.2%    40%W -0.4%       -4.2% → +2.8%
  MRVL    20    45%W -0.0%    40%W -0.2%    40%W -0.1%    45%W -0.0%    40%W -0.3%    40%W -0.3%       -4.9% → +2.5%
  LLY     20    40%W -0.1%    30%W -0.2%    35%W -0.1%    40%W -0.3%    30%W -0.3%    30%W -0.2%       -1.8% → +1.2%
Pre-session top-2 (9:25, 20d EOD win rate) — 2019-10-15  OR: 09:30/3b
  #1 META   +15m 50%W +0.0%  +30m 45%W -0.1%  +1h 55%W +0.1%  +2h 50%W -0.1%  +5h 50%W +0.2%  EOD 70%W +0.3%  EOD range -3.0% → +2.5%
  #2 SNPS   +15m 70%W +0.1%  +30m 65%W +0.0%  +1h 55%W +0.2%  +2h 70%W +0.2%  +5h 65%W +0.3%  EOD 60%W +0.1%  EOD range -2.5% → +2.9%
  Ticker   N          +15m          +30m           +1h           +2h           +5h           EOD           EOD range
  ----------------------------------------------------------------------------------------------------------------------
  META    20    50%W +0.0%    45%W -0.1%    55%W +0.1%    50%W -0.1%    50%W +0.2%    70%W +0.3%       -3.0% → +2.5%
  SNPS    20    70%W +0.1%    65%W +0.0%    55%W +0.2%    70%W +0.2%    65%W +0.3%    60%W +0.1%       -2.5% → +2.9%
  TSLA    20    40%W -0.2%    35%W -0.2%    55%W +0.0%    65%W +0.1%    50%W +0.2%    55%W +0.3%       -6.7% → +6.2%
  SPOT    20    55%W +0.1%    55%W +0.0%    40%W -0.5%    45%W -0.3%    50%W -0.1%    45%W -0.2%       -3.2% → +2.0%
  MRVL    20    45%W -0.0%    35%W -0.3%    40%W -0.1%    45%W -0.0%    45%W -0.2%    45%W -0.2%       -4.9% → +2.5%
  QCOM    20    45%W -0.1%    45%W -0.0%    45%W -0.0%    50%W +0.0%    50%W -0.0%    45%W -0.5%       -3.1% → +2.7%
  CHTR    20    40%W -0.1%    30%W -0.1%    30%W -0.1%    45%W -0.0%    50%W -0.0%    45%W -0.0%       -2.0% → +1.3%
  AVGO    20    60%W +0.1%    35%W -0.1%    45%W -0.0%    50%W +0.0%    60%W +0.2%    45%W -0.2%       -2.1% → +1.7%
  AMD     20    45%W -0.1%    35%W -0.1%    45%W -0.2%    40%W -0.2%    45%W -0.1%    45%W -0.2%       -3.5% → +3.6%
  DDOG    18    53%W +0.0%    41%W -0.2%    41%W -0.3%    41%W -0.3%    35%W -1.5%    41%W -1.9%       -9.3% → +6.4%
  CRWD    20    35%W -1.2%    35%W -0.9%    60%W +0.4%    45%W -0.1%    40%W -0.4%    40%W -0.5%      -5.9% → +10.2%
  MU      20    50%W -0.0%    40%W -0.1%    50%W +0.0%    45%W -0.1%    45%W -0.5%    35%W -0.6%       -4.2% → +2.8%
  LLY     20    40%W -0.1%    35%W -0.2%    40%W -0.1%    45%W -0.2%    30%W -0.3%    30%W -0.2%       -1.8% → +1.2%
Pre-session top-2 (9:25, 20d EOD win rate) — 2019-10-16  OR: 09:30/3b
  #1 META   +15m 55%W +0.1%  +30m 50%W +0.0%  +1h 60%W +0.2%  +2h 55%W +0.2%  +5h 55%W +0.4%  EOD 70%W +0.3%  EOD range -3.0% → +2.5%
  #2 SNPS   +15m 70%W +0.1%  +30m 60%W +0.0%  +1h 55%W +0.2%  +2h 70%W +0.2%  +5h 65%W +0.3%  EOD 60%W +0.1%  EOD range -2.5% → +2.9%
  Ticker   N          +15m          +30m           +1h           +2h           +5h           EOD           EOD range
  ----------------------------------------------------------------------------------------------------------------------
  META    20    55%W +0.1%    50%W +0.0%    60%W +0.2%    55%W +0.2%    55%W +0.4%    70%W +0.3%       -3.0% → +2.5%
  SNPS    20    70%W +0.1%    60%W +0.0%    55%W +0.2%    70%W +0.2%    65%W +0.3%    60%W +0.1%       -2.5% → +2.9%
  TSLA    20    40%W -0.1%    40%W -0.1%    60%W +0.1%    65%W +0.1%    50%W +0.2%    55%W +0.3%       -6.7% → +6.2%
  SPOT    20    55%W +0.1%    55%W +0.0%    45%W -0.3%    45%W -0.3%    50%W -0.1%    45%W -0.2%       -3.2% → +2.1%
  MRVL    20    45%W -0.1%    40%W -0.3%    40%W -0.1%    45%W -0.0%    45%W -0.2%    45%W -0.2%       -4.9% → +2.5%
  QCOM    20    50%W -0.0%    50%W +0.0%    50%W +0.0%    50%W +0.0%    50%W -0.0%    45%W -0.5%       -3.1% → +2.7%
  CHTR    20    45%W -0.0%    35%W -0.1%    30%W -0.1%    45%W -0.0%    50%W -0.0%    45%W -0.0%       -2.0% → +1.3%
  AVGO    20    60%W +0.1%    40%W -0.1%    50%W +0.0%    55%W +0.1%    60%W +0.3%    45%W -0.2%       -2.1% → +2.5%
  AMD     20    45%W -0.1%    40%W -0.1%    50%W -0.0%    45%W -0.2%    50%W -0.0%    45%W -0.2%       -3.5% → +3.6%
  DDOG    19    50%W -0.1%    39%W -0.2%    44%W -0.3%    44%W -0.2%    39%W -1.4%    44%W -1.6%       -9.3% → +6.4%
  CRWD    20    35%W -1.2%    35%W -0.9%    60%W +0.4%    45%W -0.1%    40%W -0.4%    40%W -0.5%      -5.9% → +10.2%
  MU      20    50%W -0.0%    45%W -0.1%    50%W +0.0%    45%W -0.1%    45%W -0.5%    35%W -0.6%       -4.2% → +2.9%
  LLY     20    40%W -0.1%    35%W -0.2%    40%W -0.1%    45%W -0.2%    30%W -0.3%    30%W -0.2%       -1.8% → +1.0%
Pre-session top-2 (9:25, 20d EOD win rate) — 2019-10-17  OR: 09:30/3b
  #1 META   +15m 60%W +0.2%  +30m 55%W +0.2%  +1h 60%W +0.2%  +2h 55%W +0.3%  +5h 60%W +0.5%  EOD 70%W +0.3%  EOD range -3.0% → +2.5%
  #2 SNPS   +15m 65%W +0.1%  +30m 55%W +0.0%  +1h 55%W +0.2%  +2h 75%W +0.3%  +5h 70%W +0.5%  EOD 60%W +0.1%  EOD range -2.5% → +2.9%
  Ticker   N          +15m          +30m           +1h           +2h           +5h           EOD           EOD range
  ----------------------------------------------------------------------------------------------------------------------
  META    20    60%W +0.2%    55%W +0.2%    60%W +0.2%    55%W +0.3%    60%W +0.5%    70%W +0.3%       -3.0% → +2.5%
  SNPS    20    65%W +0.1%    55%W +0.0%    55%W +0.2%    75%W +0.3%    70%W +0.5%    60%W +0.1%       -2.5% → +2.9%
  TSLA    20    35%W -0.2%    40%W -0.1%    65%W +0.1%    70%W +0.1%    50%W +0.2%    55%W +0.3%       -6.7% → +6.2%
  AVGO    20    60%W +0.1%    40%W -0.1%    55%W +0.1%    60%W +0.3%    65%W +0.3%    50%W -0.0%       -2.1% → +2.5%
  SPOT    20    50%W +0.0%    50%W -0.1%    45%W -0.3%    45%W -0.3%    50%W -0.1%    45%W -0.2%       -3.2% → +2.1%
  MRVL    20    40%W -0.1%    35%W -0.3%    40%W -0.1%    45%W -0.0%    45%W -0.2%    45%W -0.2%       -4.9% → +2.5%
  QCOM    20    45%W -0.1%    50%W -0.0%    55%W +0.1%    50%W +0.0%    55%W +0.1%    45%W -0.5%       -3.1% → +2.7%
  CHTR    20    45%W -0.0%    35%W -0.1%    30%W -0.1%    45%W -0.0%    50%W -0.0%    45%W -0.0%       -2.0% → +1.7%
  AMD     20    45%W -0.1%    45%W -0.1%    50%W -0.0%    50%W -0.0%    55%W +0.2%    45%W -0.2%       -3.5% → +3.6%
  DDOG    20    47%W -0.2%    42%W -0.2%    47%W -0.2%    42%W -0.2%    42%W -1.3%    42%W -1.5%       -9.3% → +6.4%
  CRWD    20    35%W -1.0%    40%W -0.9%    60%W +0.4%    45%W -0.1%    40%W -0.5%    35%W -1.2%      -5.9% → +10.2%
  MU      20    45%W -0.1%    45%W -0.2%    50%W +0.0%    45%W -0.1%    45%W -0.5%    30%W -0.8%       -4.2% → +2.9%
  LLY     20    40%W -0.1%    35%W -0.2%    40%W -0.1%    40%W -0.3%    30%W -0.3%    25%W -0.3%       -1.8% → +1.0%
Pre-session top-2 (9:25, 20d EOD win rate) — 2019-10-18  OR: 09:30/3b
  #1 META   +15m 55%W +0.1%  +30m 50%W +0.0%  +1h 55%W +0.1%  +2h 50%W -0.1%  +5h 60%W +0.5%  EOD 70%W +0.3%  EOD range -3.0% → +2.5%
  #2 SNPS   +15m 60%W +0.0%  +30m 50%W -0.0%  +1h 50%W -0.0%  +2h 70%W +0.2%  +5h 65%W +0.5%  EOD 55%W +0.1%  EOD range -2.5% → +2.9%
  Ticker   N          +15m          +30m           +1h           +2h           +5h           EOD           EOD range
  ----------------------------------------------------------------------------------------------------------------------
  META    20    55%W +0.1%    50%W +0.0%    55%W +0.1%    50%W -0.1%    60%W +0.5%    70%W +0.3%       -3.0% → +2.5%
  SNPS    20    60%W +0.0%    50%W -0.0%    50%W -0.0%    70%W +0.2%    65%W +0.5%    55%W +0.1%       -2.5% → +2.9%
  SPOT    20    55%W +0.1%    55%W +0.1%    50%W -0.0%    50%W -0.0%    55%W +0.5%    50%W -0.0%       -3.2% → +2.1%
  CHTR    20    50%W +0.0%    40%W -0.1%    35%W -0.1%    50%W +0.0%    55%W +0.1%    50%W +0.1%       -2.0% → +1.7%
  TSLA    20    35%W -0.2%    40%W -0.1%    60%W +0.1%    65%W +0.1%    50%W +0.2%    50%W +0.2%       -6.7% → +6.2%
  AMD     20    45%W -0.1%    45%W -0.1%    50%W -0.0%    45%W -0.2%    55%W +0.2%    50%W +0.1%       -3.5% → +3.6%
  MRVL    20    35%W -0.1%    35%W -0.2%    35%W -0.2%    40%W -0.1%    45%W -0.2%    45%W -0.2%       -4.9% → +2.5%
  QCOM    20    40%W -0.1%    55%W +0.1%    60%W +0.1%    50%W +0.0%    55%W +0.1%    45%W -0.5%       -3.1% → +2.7%
  AVGO    20    55%W +0.0%    40%W -0.1%    50%W +0.0%    55%W +0.1%    60%W +0.2%    45%W -0.2%       -2.1% → +2.5%
  DDOG    20    50%W -0.1%    45%W -0.1%    50%W -0.1%    45%W -0.2%    45%W -0.8%    45%W -1.5%       -9.3% → +6.4%
  CRWD    20    40%W -0.6%    45%W -0.6%    60%W +0.4%    45%W -0.1%    40%W -0.5%    35%W -1.2%      -5.9% → +10.2%
  MU      20    40%W -0.2%    45%W -0.2%    50%W -0.1%    45%W -0.1%    45%W -0.5%    30%W -0.7%       -4.2% → +2.9%
  LLY     20    35%W -0.2%    30%W -0.2%    35%W -0.1%    35%W -0.3%    25%W -0.3%    20%W -0.4%       -1.8% → +0.8%
Pre-session top-2 (9:25, 20d EOD win rate) — 2019-10-21  OR: 09:30/3b
  #1 META   +15m 60%W +0.1%  +30m 50%W +0.0%  +1h 55%W +0.1%  +2h 50%W -0.1%  +5h 60%W +0.5%  EOD 70%W +0.3%  EOD range -3.0% → +2.5%
  #2 SNPS   +15m 60%W +0.0%  +30m 50%W -0.0%  +1h 50%W -0.0%  +2h 70%W +0.2%  +5h 65%W +0.5%  EOD 55%W +0.1%  EOD range -2.5% → +2.9%
  Ticker   N          +15m          +30m           +1h           +2h           +5h           EOD           EOD range
  ----------------------------------------------------------------------------------------------------------------------
  META    20    60%W +0.1%    50%W +0.0%    55%W +0.1%    50%W -0.1%    60%W +0.5%    70%W +0.3%       -3.0% → +2.5%
  SNPS    20    60%W +0.0%    50%W -0.0%    50%W -0.0%    70%W +0.2%    65%W +0.5%    55%W +0.1%       -2.5% → +2.9%
  SPOT    20    50%W +0.0%    50%W -0.1%    45%W -0.3%    50%W -0.0%    55%W +0.5%    50%W -0.0%       -3.2% → +2.1%
  MRVL    20    40%W -0.1%    40%W -0.1%    35%W -0.2%    40%W -0.1%    50%W -0.0%    50%W +0.0%       -4.9% → +2.5%
  CHTR    20    50%W +0.0%    45%W -0.1%    40%W -0.1%    55%W +0.1%    55%W +0.1%    50%W +0.1%       -2.0% → +1.7%
  TSLA    20    40%W -0.1%    45%W -0.1%    60%W +0.1%    65%W +0.1%    50%W +0.2%    50%W +0.2%       -6.7% → +6.2%
  AMD     20    45%W -0.1%    45%W -0.1%    50%W -0.0%    45%W -0.2%    55%W +0.2%    50%W +0.1%       -3.5% → +3.6%
  QCOM    20    45%W -0.0%    55%W +0.1%    60%W +0.1%    50%W +0.0%    55%W +0.1%    45%W -0.5%       -3.1% → +2.7%
  AVGO    20    60%W +0.1%    40%W -0.1%    50%W +0.0%    55%W +0.1%    60%W +0.2%    45%W -0.2%       -2.1% → +2.5%
  DDOG    20    50%W -0.1%    45%W -0.1%    50%W -0.1%    45%W -0.2%    45%W -0.8%    45%W -1.5%       -9.3% → +6.4%
  CRWD    20    40%W -1.0%    40%W -0.9%    55%W +0.2%    45%W -0.3%    40%W -0.5%    35%W -1.2%      -6.3% → +10.2%
  MU      20    45%W -0.1%    40%W -0.3%    50%W -0.1%    45%W -0.1%    45%W -0.5%    30%W -0.7%       -4.2% → +2.9%
  LLY     20    35%W -0.2%    35%W -0.2%    30%W -0.1%    40%W -0.3%    20%W -0.3%    25%W -0.4%       -1.8% → +0.8%
Pre-session top-2 (9:25, 20d EOD win rate) — 2019-10-22  OR: 09:30/3b
  #1 META   +15m 55%W +0.1%  +30m 50%W +0.0%  +1h 60%W +0.1%  +2h 55%W +0.3%  +5h 65%W +0.5%  EOD 75%W +0.3%  EOD range -3.0% → +2.5%
  #2 SNPS   +15m 60%W +0.0%  +30m 50%W -0.0%  +1h 50%W -0.0%  +2h 70%W +0.2%  +5h 65%W +0.5%  EOD 55%W +0.1%  EOD range -2.5% → +2.9%
  Ticker   N          +15m          +30m           +1h           +2h           +5h           EOD           EOD range
  ----------------------------------------------------------------------------------------------------------------------
  META    20    55%W +0.1%    50%W +0.0%    60%W +0.1%    55%W +0.3%    65%W +0.5%    75%W +0.3%       -3.0% → +2.5%
  SNPS    20    60%W +0.0%    50%W -0.0%    50%W -0.0%    70%W +0.2%    65%W +0.5%    55%W +0.1%       -2.5% → +2.9%
  SPOT    20    50%W +0.0%    50%W -0.1%    45%W -0.3%    50%W -0.0%    55%W +0.5%    50%W -0.0%       -3.2% → +2.1%
  MRVL    20    35%W -0.1%    40%W -0.1%    40%W -0.1%    35%W -0.1%    50%W -0.0%    50%W +0.0%       -4.9% → +2.5%
  CHTR    20    50%W +0.0%    50%W -0.0%    45%W -0.0%    55%W +0.1%    50%W +0.1%    50%W +0.1%       -2.0% → +1.7%
  TSLA    20    40%W -0.1%    45%W -0.1%    60%W +0.1%    60%W +0.1%    50%W +0.2%    50%W +0.2%       -6.7% → +6.2%
  AMD     20    45%W -0.1%    45%W -0.1%    55%W +0.1%    50%W -0.0%    55%W +0.3%    50%W +0.1%       -3.5% → +3.6%
  QCOM    20    40%W -0.1%    50%W +0.0%    55%W +0.1%    50%W +0.0%    55%W +0.1%    45%W -0.5%       -3.1% → +2.7%
  DDOG    20    45%W -0.2%    40%W -0.2%    50%W -0.1%    40%W -0.2%    45%W -0.9%    45%W -1.5%       -9.3% → +6.4%
  CRWD    20    45%W -0.5%    45%W -0.6%    60%W +0.4%    50%W +0.1%    45%W -0.4%    40%W -0.5%      -6.3% → +10.2%
  AVGO    20    55%W +0.0%    40%W -0.1%    45%W -0.0%    55%W +0.1%    60%W +0.2%    40%W -0.2%       -2.1% → +2.5%
  MU      20    40%W -0.1%    45%W -0.1%    50%W -0.1%    45%W -0.1%    45%W -0.5%    35%W -0.6%       -4.2% → +2.9%
  LLY     20    40%W -0.1%    40%W -0.2%    30%W -0.1%    45%W -0.2%    25%W -0.3%    25%W -0.3%       -1.8% → +0.8%
Pre-session top-2 (9:25, 20d EOD win rate) — 2019-10-23  OR: 09:30/3b
  #1 META   +15m 55%W +0.1%  +30m 50%W +0.0%  +1h 60%W +0.1%  +2h 55%W +0.3%  +5h 65%W +0.5%  EOD 75%W +0.3%  EOD range -4.2% → +2.5%
  #2 SNPS   +15m 55%W +0.0%  +30m 45%W -0.1%  +1h 50%W -0.0%  +2h 70%W +0.2%  +5h 65%W +0.5%  EOD 55%W +0.1%  EOD range -4.1% → +2.9%
  Ticker   N          +15m          +30m           +1h           +2h           +5h           EOD           EOD range
  ----------------------------------------------------------------------------------------------------------------------
  META    20    55%W +0.1%    50%W +0.0%    60%W +0.1%    55%W +0.3%    65%W +0.5%    75%W +0.3%       -4.2% → +2.5%
  SNPS    20    55%W +0.0%    45%W -0.1%    50%W -0.0%    70%W +0.2%    65%W +0.5%    55%W +0.1%       -4.1% → +2.9%
  MRVL    20    35%W -0.1%    40%W -0.1%    40%W -0.1%    35%W -0.1%    50%W +0.0%    55%W +0.1%       -4.9% → +2.5%
  TSLA    20    45%W -0.1%    50%W -0.0%    65%W +0.1%    65%W +0.1%    55%W +0.6%    55%W +0.6%       -2.0% → +6.2%
  SPOT    20    55%W +0.1%    50%W -0.0%    45%W -0.1%    50%W +0.1%    55%W +0.5%    50%W +0.0%       -2.9% → +2.1%
  CHTR    20    50%W +0.0%    50%W -0.0%    45%W -0.0%    55%W +0.1%    55%W +0.2%    50%W +0.1%       -2.0% → +1.7%
  AMD     20    45%W -0.1%    50%W +0.0%    55%W +0.1%    50%W -0.0%    55%W +0.3%    50%W +0.1%       -2.7% → +3.6%
  QCOM    20    40%W -0.1%    50%W +0.0%    55%W +0.1%    50%W +0.0%    55%W +0.1%    45%W -0.5%       -2.9% → +2.7%
  DDOG    20    45%W -0.2%    40%W -0.4%    50%W -0.1%    40%W -0.2%    45%W -0.9%    45%W -1.5%       -9.3% → +6.4%
  CRWD    20    45%W -0.4%    45%W -0.6%    60%W +0.4%    50%W +0.1%    45%W -0.4%    40%W -0.5%      -6.3% → +10.2%
  AVGO    20    50%W +0.0%    40%W -0.1%    45%W -0.0%    55%W +0.1%    60%W +0.2%    40%W -0.2%       -1.2% → +2.5%
  MU      20    35%W -0.3%    40%W -0.3%    50%W -0.1%    45%W -0.1%    45%W -0.5%    35%W -0.6%       -4.2% → +2.9%
  LLY     20    40%W -0.1%    40%W -0.2%    25%W -0.1%    45%W -0.3%    25%W -0.3%    25%W -0.4%       -1.8% → +0.8%
Pre-session top-2 (9:25, 20d EOD win rate) — 2019-10-24  OR: 09:30/3b
  #1 META   +15m 55%W +0.1%  +30m 55%W +0.1%  +1h 60%W +0.1%  +2h 60%W +0.5%  +5h 65%W +0.5%  EOD 75%W +0.3%  EOD range -4.2% → +2.5%
  #2 SNPS   +15m 55%W +0.0%  +30m 45%W -0.0%  +1h 45%W -0.1%  +2h 70%W +0.2%  +5h 60%W +0.3%  EOD 55%W +0.1%  EOD range -4.1% → +1.7%
  Ticker   N          +15m          +30m           +1h           +2h           +5h           EOD           EOD range
  ----------------------------------------------------------------------------------------------------------------------
  META    20    55%W +0.1%    55%W +0.1%    60%W +0.1%    60%W +0.5%    65%W +0.5%    75%W +0.3%       -4.2% → +2.5%
  SNPS    20    55%W +0.0%    45%W -0.0%    45%W -0.1%    70%W +0.2%    60%W +0.3%    55%W +0.1%       -4.1% → +1.7%
  TSLA    20    45%W -0.1%    45%W -0.1%    60%W +0.1%    65%W +0.1%    55%W +0.4%    55%W +0.6%       -2.0% → +6.2%
  MRVL    20    35%W -0.1%    40%W -0.1%    35%W -0.2%    30%W -0.3%    45%W -0.2%    50%W -0.1%       -4.9% → +1.5%
  CHTR    20    55%W +0.1%    50%W -0.0%    45%W -0.0%    50%W -0.0%    55%W +0.2%    50%W -0.0%       -2.0% → +1.7%
  AMD     20    50%W +0.0%    55%W +0.1%    55%W +0.1%    55%W +0.2%    50%W +0.1%    50%W +0.1%       -2.7% → +3.6%
  SPOT    20    55%W +0.1%    50%W -0.0%    45%W -0.0%    50%W +0.1%    50%W +0.2%    45%W -0.2%       -2.9% → +2.1%
  CRWD    20    50%W +0.0%    50%W -0.1%    60%W +0.4%    50%W +0.4%    45%W -0.4%    45%W -0.5%      -6.3% → +10.2%
  DDOG    20    45%W -0.2%    40%W -0.3%    50%W -0.1%    40%W -0.2%    45%W -1.0%    45%W -1.5%       -9.3% → +6.4%
  QCOM    20    40%W -0.1%    45%W -0.0%    50%W +0.0%    45%W -0.1%    50%W -0.0%    40%W -0.6%       -2.9% → +2.4%
  MU      20    40%W -0.1%    40%W -0.3%    45%W -0.2%    40%W -0.1%    45%W -0.5%    35%W -0.6%       -4.2% → +2.9%
  AVGO    20    50%W +0.0%    40%W -0.1%    40%W -0.1%    55%W +0.1%    55%W +0.2%    35%W -0.3%       -1.2% → +2.5%
  LLY     20    45%W -0.0%    40%W -0.2%    30%W -0.1%    50%W -0.1%    30%W -0.2%    30%W -0.3%       -1.3% → +3.2%
Pre-session top-2 (9:25, 20d EOD win rate) — 2019-10-25  OR: 09:30/3b
  #1 META   +15m 55%W +0.1%  +30m 50%W +0.1%  +1h 55%W +0.1%  +2h 65%W +0.6%  +5h 70%W +0.6%  EOD 75%W +0.4%  EOD range -4.2% → +2.5%
  #2 SNPS   +15m 55%W +0.0%  +30m 45%W -0.0%  +1h 45%W -0.1%  +2h 70%W +0.2%  +5h 60%W +0.3%  EOD 55%W +0.1%  EOD range -4.1% → +1.7%
  Ticker   N          +15m          +30m           +1h           +2h           +5h           EOD           EOD range
  ----------------------------------------------------------------------------------------------------------------------
  META    20    55%W +0.1%    50%W +0.1%    55%W +0.1%    65%W +0.6%    70%W +0.6%    75%W +0.4%       -4.2% → +2.5%
  SNPS    20    55%W +0.0%    45%W -0.0%    45%W -0.1%    70%W +0.2%    60%W +0.3%    55%W +0.1%       -4.1% → +1.7%
  SPOT    20    60%W +0.1%    50%W -0.0%    50%W +0.0%    55%W +0.3%    55%W +0.5%    50%W +0.0%       -2.9% → +2.1%
  MRVL    20    35%W -0.1%    40%W -0.1%    30%W -0.2%    35%W -0.1%    45%W -0.2%    50%W -0.1%       -4.9% → +1.5%
  CRWD    20    50%W +0.0%    55%W +0.3%    65%W +0.4%    55%W +1.0%    50%W +0.0%    50%W +0.3%      -6.3% → +10.2%
  CHTR    20    55%W +0.1%    50%W -0.0%    45%W -0.0%    50%W -0.0%    55%W +0.2%    50%W -0.0%       -2.0% → +1.7%
  TSLA    20    40%W -0.1%    40%W -0.1%    55%W +0.0%    60%W +0.1%    50%W +0.2%    50%W +0.2%       -2.0% → +3.4%
  AMD     20    55%W +0.1%    55%W +0.1%    55%W +0.1%    60%W +0.2%    50%W +0.1%    50%W +0.1%       -2.7% → +3.6%
  DDOG    20    45%W -0.2%    45%W -0.2%    55%W +0.2%    45%W -0.2%    50%W -0.1%    50%W -0.4%       -7.9% → +8.9%
  MU      20    45%W -0.0%    45%W -0.1%    45%W -0.2%    45%W -0.1%    50%W -0.1%    40%W -0.3%       -4.2% → +3.1%
  QCOM    20    40%W -0.1%    45%W -0.0%    50%W +0.0%    50%W +0.0%    50%W -0.0%    40%W -0.6%       -2.9% → +2.4%
  LLY     20    45%W -0.1%    40%W -0.2%    30%W -0.1%    50%W +0.0%    35%W -0.2%    35%W -0.2%       -1.3% → +3.2%
  AVGO    20    50%W +0.0%    40%W -0.1%    35%W -0.2%    50%W +0.0%    55%W +0.2%    35%W -0.3%       -1.2% → +2.5%
Pre-session top-2 (9:25, 20d EOD win rate) — 2019-10-28  OR: 09:30/3b
  #1 META   +15m 60%W +0.2%  +30m 55%W +0.2%  +1h 60%W +0.2%  +2h 70%W +0.6%  +5h 75%W +0.6%  EOD 80%W +0.5%  EOD range -4.2% → +2.5%
  #2 SNPS   +15m 60%W +0.0%  +30m 50%W -0.0%  +1h 50%W +0.0%  +2h 75%W +0.2%  +5h 65%W +0.3%  EOD 60%W +0.1%  EOD range -4.1% → +1.7%
  Ticker   N          +15m          +30m           +1h           +2h           +5h           EOD           EOD range
  ----------------------------------------------------------------------------------------------------------------------
  META    20    60%W +0.2%    55%W +0.2%    60%W +0.2%    70%W +0.6%    75%W +0.6%    80%W +0.5%       -4.2% → +2.5%
  SNPS    20    60%W +0.0%    50%W -0.0%    50%W +0.0%    75%W +0.2%    65%W +0.3%    60%W +0.1%       -4.1% → +1.7%
  SPOT    20    65%W +0.2%    55%W +0.1%    55%W +0.1%    60%W +0.4%    60%W +0.6%    55%W +0.2%       -2.0% → +2.1%
  MRVL    20    35%W -0.1%    45%W -0.1%    30%W -0.2%    40%W -0.1%    50%W +0.0%    55%W +0.1%       -4.9% → +1.5%
  CHTR    20    60%W +0.1%    55%W +0.0%    50%W +0.1%    55%W +0.1%    60%W +0.6%    55%W +0.4%       -2.0% → +1.7%
  TSLA    20    45%W -0.1%    45%W -0.1%    55%W +0.0%    60%W +0.1%    55%W +0.4%    55%W +0.6%       -2.0% → +9.9%
  AMD     20    60%W +0.2%    60%W +0.1%    55%W +0.1%    65%W +0.2%    55%W +0.2%    55%W +0.2%       -2.0% → +3.6%
  DDOG    20    45%W -0.1%    50%W +0.0%    60%W +0.3%    50%W +0.1%    55%W +0.4%    55%W +1.0%       -7.9% → +8.9%
  CRWD    20    55%W +0.3%    60%W +0.4%    70%W +0.6%    60%W +1.0%    50%W +0.0%    50%W +0.3%      -6.3% → +10.2%
  MU      20    50%W -0.0%    50%W +0.0%    50%W +0.0%    50%W +0.1%    55%W +0.2%    45%W -0.1%       -2.8% → +3.1%
  QCOM    20    40%W -0.1%    45%W -0.0%    50%W +0.0%    55%W +0.2%    55%W +0.1%    45%W -0.5%       -2.9% → +2.4%
  AVGO    20    50%W +0.0%    40%W -0.1%    35%W -0.2%    50%W +0.0%    60%W +0.2%    40%W -0.2%       -1.2% → +2.5%
  LLY     20    40%W -0.1%    35%W -0.2%    30%W -0.1%    50%W +0.0%    35%W -0.2%    35%W -0.2%       -1.3% → +3.2%
Pre-session top-2 (9:25, 20d EOD win rate) — 2019-10-29  OR: 09:30/3b
  #1 META   +15m 60%W +0.2%  +30m 55%W +0.2%  +1h 65%W +0.3%  +2h 75%W +0.6%  +5h 75%W +0.6%  EOD 80%W +0.6%  EOD range -4.2% → +2.5%
  #2 SNPS   +15m 65%W +0.1%  +30m 45%W -0.0%  +1h 50%W +0.0%  +2h 75%W +0.2%  +5h 60%W +0.2%  EOD 55%W +0.1%  EOD range -4.1% → +1.7%
  Ticker   N          +15m          +30m           +1h           +2h           +5h           EOD           EOD range
  ----------------------------------------------------------------------------------------------------------------------
  META    20    60%W +0.2%    55%W +0.2%    65%W +0.3%    75%W +0.6%    75%W +0.6%    80%W +0.6%       -4.2% → +2.5%
  SNPS    20    65%W +0.1%    45%W -0.0%    50%W +0.0%    75%W +0.2%    60%W +0.2%    55%W +0.1%       -4.1% → +1.7%
  SPOT    20    65%W +0.2%    55%W +0.1%    55%W +0.1%    60%W +0.4%    60%W +0.6%    55%W +0.2%       -2.0% → +4.7%
  TSLA    20    40%W -0.1%    40%W -0.1%    55%W +0.0%    60%W +0.1%    55%W +0.4%    55%W +0.6%       -3.5% → +9.9%
  AMD     20    60%W +0.2%    60%W +0.1%    60%W +0.2%    65%W +0.4%    55%W +0.2%    55%W +0.2%       -2.0% → +3.6%
  MU      20    50%W -0.0%    45%W -0.1%    45%W -0.1%    55%W +0.3%    50%W +0.1%    50%W +0.1%       -2.8% → +3.1%
  MRVL    20    35%W -0.1%    40%W -0.1%    30%W -0.2%    35%W -0.2%    45%W -0.2%    50%W -0.1%       -4.9% → +1.5%
  QCOM    20    45%W -0.0%    50%W +0.0%    55%W +0.1%    60%W +0.2%    60%W +0.2%    50%W -0.2%       -2.9% → +2.4%
  CHTR    20    55%W +0.1%    50%W -0.0%    50%W +0.1%    55%W +0.1%    55%W +0.2%    50%W -0.0%       -2.0% → +1.7%
  DDOG    20    40%W -0.2%    45%W -0.0%    65%W +0.6%    55%W +0.5%    50%W -0.1%    50%W -0.4%       -7.9% → +8.9%
  CRWD    20    50%W +0.0%    55%W +0.3%    65%W +0.4%    55%W +0.5%    45%W -0.4%    45%W -0.5%       -6.3% → +7.5%
  LLY     20    40%W -0.1%    35%W -0.2%    35%W -0.1%    55%W +0.1%    40%W -0.1%    40%W -0.1%       -1.3% → +3.2%
  AVGO    20    50%W +0.0%    40%W -0.1%    35%W -0.2%    50%W +0.0%    55%W +0.2%    35%W -0.2%       -1.2% → +2.5%
Pre-session top-2 (9:25, 20d EOD win rate) — 2019-10-30  OR: 09:30/3b
  #1 META   +15m 60%W +0.2%  +30m 55%W +0.2%  +1h 65%W +0.3%  +2h 75%W +0.6%  +5h 75%W +0.6%  EOD 80%W +0.6%  EOD range -4.2% → +2.5%
  #2 SNPS   +15m 65%W +0.0%  +30m 50%W -0.0%  +1h 55%W +0.2%  +2h 80%W +0.3%  +5h 60%W +0.2%  EOD 55%W +0.1%  EOD range -4.1% → +1.7%
  Ticker   N          +15m          +30m           +1h           +2h           +5h           EOD           EOD range
  ----------------------------------------------------------------------------------------------------------------------
  META    20    60%W +0.2%    55%W +0.2%    65%W +0.3%    75%W +0.6%    75%W +0.6%    80%W +0.6%       -4.2% → +2.5%
  SNPS    20    65%W +0.0%    50%W -0.0%    55%W +0.2%    80%W +0.3%    60%W +0.2%    55%W +0.1%       -4.1% → +1.7%
  SPOT    20    60%W +0.1%    55%W +0.1%    55%W +0.1%    60%W +0.4%    60%W +0.6%    55%W +0.2%       -1.8% → +4.7%
  AMD     20    55%W +0.1%    60%W +0.1%    60%W +0.2%    65%W +0.4%    55%W +0.2%    55%W +0.2%       -1.5% → +3.6%
  DDOG    20    45%W -0.1%    50%W +0.0%    70%W +0.8%    60%W +0.8%    55%W +0.4%    55%W +1.0%       -7.9% → +8.9%
  MU      20    50%W -0.0%    45%W -0.1%    45%W -0.1%    55%W +0.3%    50%W +0.1%    50%W +0.1%       -2.8% → +3.1%
  MRVL    20    35%W -0.1%    40%W -0.1%    30%W -0.2%    35%W -0.2%    45%W -0.2%    50%W -0.1%       -3.4% → +1.5%
  QCOM    20    45%W -0.0%    50%W +0.0%    55%W +0.1%    60%W +0.2%    60%W +0.2%    50%W -0.2%       -2.6% → +2.4%
  CHTR    20    50%W +0.0%    50%W -0.0%    50%W +0.1%    55%W +0.1%    55%W +0.2%    50%W -0.0%       -1.7% → +1.7%
  TSLA    20    35%W -0.2%    40%W -0.1%    50%W -0.0%    55%W +0.1%    50%W +0.2%    50%W +0.2%       -3.5% → +9.9%
  CRWD    20    45%W -0.2%    60%W +0.4%    65%W +0.6%    55%W +0.1%    45%W -0.4%    45%W -0.5%       -6.3% → +7.5%
  LLY     20    40%W -0.1%    35%W -0.2%    35%W -0.1%    55%W +0.1%    40%W -0.1%    40%W -0.1%       -1.3% → +3.2%
  AVGO    20    45%W -0.0%    45%W -0.1%    35%W -0.1%    50%W +0.0%    55%W +0.2%    35%W -0.2%       -1.6% → +2.5%
Pre-session top-2 (9:25, 20d EOD win rate) — 2019-10-31  OR: 09:30/3b
  #1 META   +15m 60%W +0.1%  +30m 50%W +0.1%  +1h 60%W +0.2%  +2h 70%W +0.6%  +5h 70%W +0.6%  EOD 80%W +0.6%  EOD range -4.2% → +2.5%
  #2 SNPS   +15m 70%W +0.1%  +30m 50%W +0.1%  +1h 60%W +0.2%  +2h 85%W +0.3%  +5h 65%W +0.3%  EOD 60%W +0.2%  EOD range -4.1% → +1.7%
  Ticker   N          +15m          +30m           +1h           +2h           +5h           EOD           EOD range
  ----------------------------------------------------------------------------------------------------------------------
  META    20    60%W +0.1%    50%W +0.1%    60%W +0.2%    70%W +0.6%    70%W +0.6%    80%W +0.6%       -4.2% → +2.5%
  SNPS    20    70%W +0.1%    50%W +0.1%    60%W +0.2%    85%W +0.3%    65%W +0.3%    60%W +0.2%       -4.1% → +1.7%
  SPOT    20    65%W +0.2%    55%W +0.1%    60%W +0.3%    65%W +0.4%    65%W +0.7%    60%W +0.4%       -1.8% → +4.7%
  DDOG    20    50%W +0.1%    55%W +0.2%    75%W +0.8%    65%W +0.9%    60%W +1.4%    60%W +1.6%       -7.9% → +8.9%
  MU      20    55%W +0.0%    45%W -0.1%    45%W -0.2%    50%W +0.1%    50%W +0.1%    55%W +0.2%       -2.8% → +3.1%
  AMD     20    55%W +0.1%    55%W +0.1%    55%W +0.2%    65%W +0.4%    55%W +0.2%    55%W +0.2%       -1.5% → +3.6%
  CRWD    20    50%W +0.0%    65%W +0.5%    70%W +0.8%    60%W +0.6%    50%W -0.1%    50%W +0.3%       -6.3% → +8.2%
  QCOM    20    45%W -0.1%    45%W -0.0%    55%W +0.1%    60%W +0.2%    60%W +0.2%    50%W -0.2%       -2.6% → +2.4%
  CHTR    20    45%W -0.0%    45%W -0.0%    45%W -0.0%    50%W -0.0%    55%W +0.2%    50%W -0.0%       -1.7% → +1.7%
  TSLA    20    35%W -0.2%    40%W -0.1%    45%W -0.2%    55%W +0.1%    45%W -0.1%    50%W +0.0%       -3.5% → +9.9%
  LLY     20    45%W -0.1%    40%W -0.2%    35%W -0.1%    60%W +0.1%    45%W -0.0%    45%W -0.0%       -1.2% → +3.2%
  MRVL    20    40%W -0.1%    40%W -0.1%    30%W -0.2%    30%W -0.3%    40%W -0.2%    45%W -0.2%       -3.4% → +1.2%
  AVGO    20    45%W -0.0%    40%W -0.1%    40%W -0.1%    50%W +0.0%    60%W +0.2%    40%W -0.2%       -1.6% → +2.5%

=========================================================================================================================================================================================
Pre-Session Top-2 Performance — 2019-10-01 to 2019-10-31  |  Unconditional OR-close entry  |  OR: 09:30/3b
=========================================================================================================================================================================================
Date         Ticker Rank  At       Entry       +15m       +30m       +45m        +1h     +1h30m        +2h        +3h        +4h        +5h        +6h        +7h        EOD
-----------------------------------------------------------------------------------------------------------------------------------------------------------------------------------------
2019-10-01   AVGO   #1    09:40   278.15    +0.39%W    -0.75%L    -0.01%L    -0.88%L    -1.41%L    -1.04%L    -0.80%L    -1.35%L    -1.05%L    -1.03%L    -1.19%L    -1.19%L
2019-10-01   META   #2    09:40   179.47    -0.55%L    -1.23%L    -1.33%L    -1.46%L    -1.87%L    -1.40%L    -1.96%L    -2.27%L    -2.11%L    -2.02%L    -2.05%L    -2.05%L
2019-10-02   AVGO   #1    09:40   271.99    -0.19%L    +0.30%W    +0.15%W    -0.59%L    -0.71%L    -0.95%L    -1.04%L    -0.98%L    -0.78%L    -0.72%L    -0.72%L    -0.72%L
2019-10-02   META   #2    09:40   174.09    +0.61%W    +0.94%W    +0.82%W    +0.88%W    -0.00%L    +0.01%W    +0.02%W    +0.21%W    +0.47%W    +0.51%W    +0.29%W    +0.29%W
2019-10-03   META   #1    09:40   175.12    +0.27%W    -0.17%L    +0.36%W    +0.18%W    +0.85%W    +0.85%W    +1.92%W    +2.53%W    +2.32%W    +2.15%W    +2.46%W    +2.46%W
2019-10-03   TSLA   #2    09:40   228.13    -1.01%L    -0.31%L    +0.32%W    -0.84%L    +0.31%W    +0.06%W    +0.35%W    +1.24%W    +1.72%W    +1.65%W    +2.10%W    +2.10%W
2019-10-04   AVGO   #1    09:40   277.76    +0.47%W    +0.17%W    -0.23%L    -0.01%L    +0.50%W    +0.52%W    +0.37%W    +0.63%W    +0.74%W    +1.09%W    +1.36%W    +1.36%W
2019-10-04   META   #2    09:40   178.39    +0.62%W    +0.73%W    +0.30%W    +0.29%W    +0.69%W    +0.94%W    +0.86%W    +1.09%W    +1.22%W    +1.34%W    +1.13%W    +1.13%W
2019-10-07   META   #1    09:40   178.83    +0.26%W    +0.29%W    +0.58%W    +0.55%W    +1.04%W    +1.12%W    +0.95%W    +0.93%W    +0.68%W    +0.65%W    +0.47%W    +0.47%W
2019-10-07   AVGO   #2    09:40   278.31    +0.13%W    +0.25%W    +0.38%W    +0.08%W    -0.13%L    -0.03%L    -0.25%L    +0.22%W    -0.35%L    -0.80%L    -0.79%L    -0.79%L
2019-10-08   META   #1    09:40   178.94    -0.38%L    -0.15%L    -0.20%L    -0.22%L    -0.03%L    -0.12%L    -0.12%L    +0.15%W    +0.48%W    -0.29%L    -0.68%L    -0.68%L
2019-10-08   AVGO   #2    09:40   271.78    -0.20%L    -0.20%L    -0.41%L    -0.62%L    -0.58%L    -0.84%L    +0.27%W    +0.60%W    +0.69%W    -0.10%L    -0.53%L    -0.53%L
2019-10-09   META   #1    09:40   178.65    -0.23%L    +0.00%L    +0.21%W    +0.27%W    +0.34%W    +0.50%W    +0.45%W    +0.48%W    +0.69%W    +0.71%W    +0.66%W    +0.66%W
2019-10-09   CHTR   #2    09:40   430.81    -0.13%L    -0.15%L    -0.31%L    -0.39%L    -0.67%L    -0.47%L    -0.17%L    -0.19%L    -0.21%L    -0.39%L    -0.36%L    -0.36%L
2019-10-10   META   #1    09:40   179.58    +0.70%W    +0.69%W    +0.72%W    +0.88%W    +1.02%W    +0.97%W    +0.40%W    +0.08%W    -0.09%L    +0.24%W    +0.34%W    +0.34%W
2019-10-10   SNPS   #2    09:40   136.16    +0.43%W    +0.52%W    +0.87%W    +0.55%W    +1.23%W    +1.50%W    +1.11%W    +0.86%W    +0.82%W    +0.88%W    +1.51%W    +1.51%W
2019-10-11   META   #1    09:40   183.30    +0.38%W    +0.82%W    +1.08%W    +0.73%W    +1.07%W    +1.54%W    +1.00%W    +1.36%W    +1.46%W    +0.93%W    +0.44%W    +0.44%W
2019-10-11   SNPS   #2    09:40   139.91    +0.34%W    +0.33%W    +0.44%W    +0.42%W    +0.36%W    +0.03%W    -0.56%L    -0.15%L    -0.11%L    -0.48%L    -0.93%L    -0.93%L
2019-10-14   META   #1    09:40   182.84    +0.38%W    +0.57%W    +0.48%W    +0.84%W    +0.57%W    +0.62%W    +0.32%W    +0.34%W    +0.37%W    +0.39%W    +0.25%W    +0.25%W
2019-10-14   SNPS   #2    09:40   138.75    +0.01%W    +0.18%W    +0.19%W    +0.68%W    +0.31%W    +0.22%W    -0.10%L    -0.28%L    +0.00%W    -0.01%L    +0.07%W    +0.07%W
2019-10-15   META   #1    09:40   185.84    +0.48%W    +1.28%W    +1.09%W    +1.79%W    +1.90%W    +2.23%W    +1.74%W    +1.82%W    +1.86%W    +1.79%W    +1.61%W    +1.61%W
2019-10-15   SNPS   #2    09:40   140.38    +0.24%W    -0.02%L    +0.46%W    +0.56%W    +0.85%W    +0.54%W    +0.12%W    +0.31%W    +0.56%W    +0.24%W    +0.21%W    +0.21%W
2019-10-16   META   #1    09:40   187.26    +0.54%W    +0.43%W    +0.37%W    +0.28%W    +0.92%W    +1.02%W    +0.77%W    +0.86%W    +1.05%W    +1.06%W    +1.25%W    +1.25%W
2019-10-16   SNPS   #2    09:40   137.88    -0.75%L    -0.19%L    -0.12%L    +0.18%W    +0.58%W    +0.32%W    +0.36%W    +0.44%W    +0.61%W    +0.64%W    +0.65%W    +0.65%W
2019-10-17   META   #1    09:40   190.31    -0.07%L    -0.23%L    -0.11%L    -0.40%L    -0.39%L    -0.41%L    -0.45%L    -0.38%L    -0.04%L    -0.01%L    +0.05%W    +0.05%W
2019-10-17   SNPS   #2    09:40   139.16    -0.29%L    -0.26%L    -0.66%L    -0.88%L    -0.92%L    -1.43%L    -1.36%L    -1.39%L    -1.45%L    -1.70%L    -1.67%L    -1.67%L
2019-10-18   META   #1    09:40   190.38    +0.06%W    -0.27%L    -0.61%L    -1.30%L    -1.48%L    -1.98%L    -3.07%L    -2.29%L    -2.26%L    -2.21%L    -2.37%L    -2.37%L
2019-10-18   SNPS   #2    09:40   137.35    -0.15%L    -0.36%L    -0.42%L    -1.05%L    -0.57%L    -1.14%L    -2.61%L    -1.89%L    -1.92%L    -1.63%L    -1.74%L    -1.74%L
2019-10-21   META   #1    09:40   188.09    -0.03%L    -0.04%L    -0.02%L    +0.07%W    +0.56%W    +0.64%W    +0.64%W    +0.66%W    +0.66%W    +0.73%W    +0.88%W    +0.88%W
2019-10-21   SNPS   #2    09:40   135.21    -0.17%L    +0.16%W    +0.36%W    +1.12%W    +1.14%W    +1.22%W    +1.34%W    +1.03%W    +1.11%W    +0.94%W    +1.08%W    +1.08%W
2019-10-22   META   #1    09:40   190.38    -0.04%L    -0.43%L    -0.31%L    -0.39%L    -2.14%L    -2.65%L    -3.69%L    -3.60%L    -3.56%L    -3.68%L    -4.24%L    -4.24%L
2019-10-22   SNPS   #2    09:40   137.81    -1.45%L    -2.42%L    -1.60%L    -1.94%L    -2.17%L    -2.54%L    -3.14%L    -2.96%L    -3.95%L    -4.13%L    -4.13%L    -4.13%L
2019-10-23   META   #1    09:40   184.08    -0.16%L    +0.10%W    -0.03%L    -0.20%L    +0.96%W    +0.58%W    +0.48%W    +0.57%W    +0.63%W    +0.77%W    +1.14%W    +1.14%W
2019-10-23   SNPS   #2    09:40   133.82    +0.67%W    -0.01%L    -0.10%L    -0.08%L    +0.21%W    +0.40%W    +0.34%W    +0.04%W    -0.55%L    -0.04%L    +0.10%W    +0.10%W
2019-10-24   META   #1    09:40   184.72    -0.68%L    -0.66%L    -0.63%L    -0.30%L    +0.45%W    +0.57%W    +0.55%W    +0.44%W    +0.60%W    +0.52%W    +0.90%W    +0.90%W
2019-10-24   SNPS   #2    09:40   135.41    +0.27%W    +0.47%W    +0.58%W    +0.57%W    +0.85%W    +0.97%W    +1.02%W    +1.10%W    +1.05%W    +1.16%W    +1.71%W    +1.71%W
2019-10-25   META   #1    09:40   185.78    +0.17%W    +0.29%W    +0.79%W    +0.87%W    +1.50%W    +1.50%W    +1.54%W    +1.30%W    +1.17%W    +1.21%W    +1.13%W    +1.13%W
2019-10-25   SNPS   #2    09:40   136.57    +0.41%W    +1.09%W    +0.85%W    +0.66%W    +0.82%W    +0.23%W    +0.60%W    +0.47%W    +0.25%W    +0.37%W    +0.41%W    +0.41%W
2019-10-28   META   #1    09:40   185.93    +0.70%W    +0.76%W    +0.60%W    +1.09%W    +0.99%W    +1.32%W    +1.62%W    +1.53%W    +1.53%W    +1.86%W    +1.90%W    +1.90%W
2019-10-28   SNPS   #2    09:40   137.62    +0.17%W    -0.12%L    -0.42%L    -0.14%L    -0.17%L    +0.03%W    +0.08%W    -0.06%L    -0.17%L    -0.31%L    -0.21%L    -0.21%L
2019-10-29   META   #1    09:40   190.16    -0.11%L    -0.39%L    -0.44%L    -0.12%L    -0.56%L    -0.79%L    -0.48%L    +0.29%W    -0.57%L    -0.38%L    -0.44%L    -0.44%L
2019-10-29   SNPS   #2    09:40   137.38    +0.01%W    +0.27%W    +0.09%W    +0.21%W    +0.44%W    +0.34%W    +0.20%W    -0.32%L    -0.44%L    -0.28%L    -0.51%L    -0.51%L
2019-10-30   META   #1    09:40   187.93    +0.09%W    -0.15%L    +0.20%W    -0.14%L    -0.22%L    -0.55%L    -0.20%L    -0.86%L    -0.35%L    +0.20%W    +0.13%W    +0.13%W
2019-10-30   SNPS   #2    09:40   136.19    +0.46%W    +0.38%W    +0.70%W    +0.76%W    +1.01%W    +1.08%W    +1.17%W    +0.87%W    +0.73%W    +1.00%W    +1.00%W    +1.00%W
2019-10-31   META   #1    09:40   195.53    -0.82%L    -1.51%L    -1.44%L    -1.07%L    -0.81%L    -0.29%L    -1.98%L    -1.64%L    -1.50%L    -1.70%L    -1.97%L    -1.97%L
2019-10-31   SNPS   #2    09:40   136.57    +0.13%W    +0.23%W    +0.17%W    +0.36%W    +0.49%W    +0.40%W    +0.10%W    +0.24%W    -0.96%L    -0.65%L    -0.58%L    -0.58%L

========================================================================================
Pre-session picks summary — 46 pick(s) across 23 trading day(s)

Top-2 picks (all days)  (46 signal(s))
  Hold      Count   Win Rate   Avg Gain    Avg Win   Avg Loss ProfitFactor   Sum Ret%
  -------------------------------------------------------------------------
  +15m         46      58.7%     +0.04%     +0.35%     -0.39%        1.27x     +2.02%
  +30m         46      50.0%     +0.03%     +0.49%     -0.44%        1.12x     +1.24%
  +45m         46      56.5%     +0.08%     +0.51%     -0.47%        1.40x     +3.75%
  +1h          46      54.3%     +0.04%     +0.60%     -0.62%        1.14x     +1.86%
  +1h30m       46      60.9%     +0.15%     +0.78%     -0.82%        1.48x     +7.11%
  +2h          46      65.2%     +0.12%     +0.74%     -1.04%        1.34x     +5.59%
  +3h          46      63.0%     -0.03%     +0.71%     -1.29%        0.94x     -1.29%
  +4h          46      65.2%     +0.05%     +0.76%     -1.29%        1.10x     +2.12%
  +5h          46      56.5%     +0.02%     +0.90%     -1.12%        1.05x     +1.02%
  +6h          46      54.3%     +0.01%     +0.92%     -1.07%        1.02x     +0.47%
  +7h          46      60.9%     +0.00%     +0.90%     -1.39%        1.01x     +0.14%
  EOD          46      60.9%     +0.00%     +0.90%     -1.39%        1.01x     +0.14%

=========================================================================================================================================================================================
Signal Analysis — 2019-10-01 to 2019-10-31  |  BULL only  |  Vol ≥ 1.0x 20dAvg
Windows: 09:30/3b  |  Collection: 3 bars  |  Tickers: 18
=========================================================================================================================================================================================
Date         Ticker Window   At       Entry  Vol/20d       +15m       +30m       +45m        +1h     +1h30m        +2h        +3h        +4h        +5h        +6h        +7h        EOD
-----------------------------------------------------------------------------------------------------------------------------------------------------------------------------------------
2019-10-01   QCOM   09:30/3b 09:45    77.98    1.02x    -1.00%L    -1.72%L    -1.61%L    -2.03%L    -2.58%L    -2.72%L    -2.98%L    -3.65%L    -3.33%L    -3.19%L    -3.26%L    -3.26%L
2019-10-02   SPOT   09:30/3b 09:40   114.17    1.52x    -0.74%L    +0.61%W    +0.14%W    -0.53%L    -0.81%L    -0.64%L    -1.11%L    -1.20%L    -0.58%L    -0.14%L    -0.24%L    -0.24%L
2019-10-02   MU     09:30/3b 09:40    42.41    1.47x    -0.23%L    +0.33%W    +0.25%W    -0.18%L    -0.28%L    +0.29%W    -0.70%L    -1.13%L    -0.54%L    -0.84%L    -1.00%L    -1.00%L
2019-10-03   LLY    09:30/3b 09:40   107.85    2.42x    -0.49%L    -1.30%L    -0.95%L    -1.18%L    -0.76%L    -0.58%L    -0.78%L    -0.55%L    -0.80%L    -0.66%L    -0.49%L    -0.49%L
2019-10-03   QCOM   09:30/3b 09:45    74.67    1.35x    -1.50%L    -1.47%L    -0.84%L    -1.04%L    +0.43%W    +0.16%W    +0.83%W    +1.37%W    +1.25%W    +0.80%W    +1.43%W    +1.43%W
2019-10-04   TSLA   09:30/3b 09:40   233.03    1.80x    +0.02%W    -1.38%L    -1.99%L    -1.42%L    -1.61%L    -1.60%L    -0.77%L    -0.70%L    -0.55%L    -0.78%L    -0.69%L    -0.69%L
2019-10-08   TSLA   09:30/3b 09:40   238.51    1.54x    -0.90%L    -0.48%L    +0.01%W    -0.30%L    -0.15%L    +0.29%W    +1.34%W    +2.05%W    +1.99%W    +1.00%W    +0.62%W    +0.62%W
2019-10-09   MRVL   09:30/3b 09:40    23.26    1.28x    +0.25%W    +1.23%W    +1.06%W    +1.04%W    +0.29%W    +0.76%W    +0.93%W    +0.87%W    +0.98%W    +0.42%W    +0.20%W    +0.20%W
2019-10-09   QCOM   09:30/3b 09:40    74.14    1.04x    +0.38%W    +0.49%W    +0.73%W    +0.68%W    -0.18%L    +0.20%W    +0.49%W    +0.27%W    +0.59%W    +0.29%W    +0.28%W    +0.28%W
2019-10-10   QCOM   09:30/3b 09:50    75.64    1.33x    -0.17%L    -0.32%L    -0.30%L    -0.04%L    +0.29%W    -0.03%L    -0.49%L    -0.59%L    -0.93%L    -0.95%L    -0.87%L    -0.87%L
2019-10-10   TSLA   09:30/3b 09:45   247.68    1.04x    +0.10%W    +0.23%W    -0.51%L    -0.04%L    -0.42%L    -0.87%L    -1.59%L    -1.77%L    -1.63%L    -1.22%L    -1.19%L    -1.19%L
2019-10-14   DDOG   09:30/3b 09:40    35.91    1.03x    +0.33%W    -1.64%L    -2.53%L    -1.48%L    +0.31%W    -0.92%L    -5.21%L    -6.18%L    -7.40%L    -7.85%L    -7.94%L    -7.94%L
2019-10-15   META   09:30/3b 09:45   186.62    1.15x    +0.26%W    +0.78%W    +0.96%W    +1.47%W    +1.49%W    +1.62%W    +1.46%W    +1.43%W    +1.44%W    +1.27%W    +1.18%W    +1.18%W
2019-10-15   QCOM   09:30/3b 09:45    76.63    1.20x    +0.00%L    +0.38%W    +0.86%W    +1.29%W    +1.02%W    +1.02%W    +0.93%W    +1.49%W    +1.59%W    +1.43%W    +1.55%W    +1.55%W
2019-10-16   TSLA   09:30/3b 09:40   260.50    1.17x    -0.68%L    -0.47%L    -0.19%L    +0.43%W    +0.32%W    +0.09%W    -0.26%L    -0.13%L    -0.70%L    -0.48%L    -0.31%L    -0.31%L
2019-10-17   SPOT   09:30/3b 09:40   117.25    1.25x    +0.33%W    +0.37%W    +0.58%W    +0.50%W    +0.76%W    +1.26%W    +1.15%W    +0.73%W    +0.76%W    +0.77%W    +0.50%W    +0.50%W
2019-10-18   LLY    09:30/3b 09:45   108.65    1.05x    +0.04%W    +0.08%W    -0.20%L    -0.20%L    -0.08%L    -0.08%L    -0.53%L    -0.47%L    -0.03%L    +0.06%W    -0.02%L    -0.02%L
2019-10-21   QCOM   09:30/3b 09:40    78.51    2.12x    -0.16%L    -0.12%L    -0.16%L    -0.33%L    +0.23%W    +0.24%W    +0.24%W    +0.54%W    +0.51%W    +0.46%W    +0.57%W    +0.57%W
2019-10-22   META   09:30/3b 09:40   190.38    1.28x    -0.04%L    -0.43%L    -0.31%L    -0.39%L    -2.14%L    -2.65%L    -3.69%L    -3.60%L    -3.56%L    -3.68%L    -4.24%L    -4.24%L
2019-10-22   CRWD   09:30/3b 09:40    48.32    1.15x    -0.62%L    -0.94%L    -0.80%L    -1.11%L    -4.29%L    -5.53%L    -5.85%L    -6.03%L    -6.79%L    -5.47%L    -4.44%L    -4.44%L
2019-10-22   CHTR   09:30/3b 09:40   438.13    1.30x    -0.07%L    -0.03%L    +0.08%W    -0.03%L    -0.05%L    -0.45%L    +0.48%W    +0.34%W    +0.17%W    +0.02%W    -0.20%L    -0.20%L
2019-10-22   AMD    09:30/3b 09:40    31.98    1.98x    -0.34%L    +0.03%W    +0.22%W    -0.05%L    -0.59%L    -0.46%L    -0.34%L    -0.66%L    -0.78%L    -1.33%L    -1.47%L    -1.47%L
2019-10-23   META   09:30/3b 09:40   184.08    1.58x    -0.16%L    +0.10%W    -0.03%L    -0.20%L    +0.96%W    +0.58%W    +0.48%W    +0.57%W    +0.63%W    +0.77%W    +1.14%W    +1.14%W
2019-10-23   SNPS   09:30/3b 09:40   133.82    1.53x    +0.67%W    -0.01%L    -0.10%L    -0.08%L    +0.21%W    +0.40%W    +0.34%W    +0.04%W    -0.55%L    -0.04%L    +0.10%W    +0.10%W
2019-10-23   CRWD   09:30/3b 09:40    47.48    1.38x    +3.91%W    +2.27%W    +2.21%W    +1.70%W    +4.72%W    +4.89%W    +4.29%W    +3.14%W    +0.72%W    +0.84%W    +0.91%W    +0.91%W
2019-10-23   CHTR   09:30/3b 09:40   437.42    2.46x    +0.10%W    -0.16%L    -0.25%L    -0.48%L    -0.31%L    -0.54%L    -0.56%L    -0.18%L    -0.58%L    -0.54%L    -0.45%L    -0.45%L
2019-10-23   DDOG   09:30/3b 09:40    28.30    2.14x    -1.66%L    -0.28%L    +1.77%W    +2.97%W    -1.41%L    +1.52%W    +0.78%W    +1.41%W    -0.44%L    +0.41%W    +1.55%W    +1.55%W
2019-10-24   META   09:30/3b 09:40   184.72    1.52x    -0.68%L    -0.66%L    -0.63%L    -0.30%L    +0.45%W    +0.57%W    +0.55%W    +0.44%W    +0.60%W    +0.52%W    +0.90%W    +0.90%W
2019-10-24   SNPS   09:30/3b 09:40   135.41    2.33x    +0.27%W    +0.47%W    +0.58%W    +0.57%W    +0.85%W    +0.97%W    +1.02%W    +1.10%W    +1.05%W    +1.16%W    +1.71%W    +1.71%W
2019-10-24   MRVL   09:30/3b 09:40    24.23    2.77x    -0.95%L    -1.14%L    -0.83%L    -0.19%L    -0.25%L    +0.12%W    +0.04%W    +0.12%W    +0.37%W    +0.72%W    +0.68%W    +0.68%W
2019-10-24   CHTR   09:30/3b 09:40   437.80    1.34x    -0.42%L    -0.06%L    -0.61%L    -0.52%L    -0.48%L    -0.59%L    -0.98%L    -1.15%L    -0.98%L    -0.88%L    -0.76%L    -0.76%L
2019-10-25   SNPS   09:30/3b 09:45   136.97    1.27x    +0.38%W    +0.82%W    +0.42%W    +0.52%W    +0.43%W    +0.01%W    +0.30%W    +0.20%W    -0.12%L    -0.00%L    +0.12%W    +0.12%W
2019-10-25   SPOT   09:30/3b 09:40   119.48    3.15x    +0.49%W    +0.85%W    +0.85%W    +0.69%W    +1.26%W    +1.75%W    +1.45%W    +1.96%W    +1.43%W    +0.93%W    +1.01%W    +1.01%W
2019-10-25   MRVL   09:30/3b 09:50    24.48    1.12x    -0.06%L    +0.57%W    +0.57%W    +0.80%W    +1.45%W    +1.80%W    +1.69%W    +1.84%W    +0.90%W    +0.90%W    +1.04%W    +1.04%W
2019-10-25   TSLA   09:30/3b 09:45   301.34    1.57x    +1.02%W    +1.69%W    +1.77%W    +2.81%W    +3.97%W    +5.43%W    +5.33%W    +7.10%W    +8.53%W    +8.82%W    +8.91%W    +8.91%W
2019-10-25   DDOG   09:30/3b 09:45    32.81    1.47x    -0.04%L    +1.15%W    +2.19%W    +2.79%W    +4.78%W    +3.57%W    +2.86%W    +3.07%W    +1.00%W    +4.02%W    +4.44%W    +4.44%W
2019-10-28   META   09:30/3b 09:50   186.62    1.59x    +0.31%W    +0.26%W    +0.54%W    +0.49%W    +0.62%W    +0.82%W    +1.15%W    +1.11%W    +1.24%W    +1.45%W    +1.52%W    +1.52%W
2019-10-28   TSLA   09:30/3b 09:40   339.32    4.22x    -1.76%L    -1.42%L    -1.80%L    -1.90%L    -1.71%L    -1.90%L    -4.61%L    -4.17%L    -2.93%L    -3.44%L    -3.48%L    -3.48%L
2019-10-29   SNPS   09:30/3b 09:40   137.38    6.90x    +0.01%W    +0.27%W    +0.09%W    +0.21%W    +0.44%W    +0.34%W    +0.20%W    -0.32%L    -0.44%L    -0.28%L    -0.51%L    -0.51%L
2019-10-29   LLY    09:30/3b 09:45   112.55    1.08x    -0.50%L    -0.54%L    -0.52%L    -0.26%L    -0.27%L    -0.30%L    -0.01%L    -0.20%L    -0.79%L    -0.85%L    -0.80%L    -0.80%L
2019-10-29   CHTR   09:30/3b 09:40   468.27    1.29x    -0.03%L    -0.32%L    -0.38%L    -0.27%L    -0.33%L    -0.19%L    -0.28%L    -0.50%L    -0.64%L    -0.72%L    -0.90%L    -0.90%L
2019-10-29   TSLA   09:30/3b 09:40   323.62    1.57x    -1.50%L    -2.10%L    -1.89%L    -0.84%L    -1.55%L    -1.64%L    -1.05%L    -1.91%L    -1.95%L    -2.42%L    -2.29%L    -2.29%L
2019-10-30   SPOT   09:30/3b 09:45   137.97    1.14x    -0.07%L    +0.65%W    +1.27%W    +1.74%W    +1.68%W    +1.59%W    +0.81%W    +1.28%W    +1.46%W    +1.70%W    +1.72%W    +1.72%W
2019-10-30   QCOM   09:30/3b 09:40    82.11    1.39x    -0.34%L    -0.25%L    -0.38%L    -0.40%L    -0.66%L    -0.94%L    -0.79%L    -1.00%L    -1.19%L    -0.82%L    -0.85%L    -0.85%L
2019-10-30   AMD    09:30/3b 09:40    33.17    2.82x    -2.05%L    -2.05%L    -2.08%L    -2.44%L    -2.47%L    -2.03%L    -1.39%L    -1.67%L    -1.84%L    -0.23%L    -0.09%L    -0.09%L

========================================================================================
Summary — 45 qualifying signal(s) across 23 trading day(s)

Window 09:30/3b  (45 signal(s))
  Hold      Count   Win Rate   Avg Gain    Avg Win   Avg Loss ProfitFactor   Sum Ret%
  -------------------------------------------------------------------------
  +15m         45      37.8%     -0.18%     +0.52%     -0.61%        0.52x     -8.31%
  +30m         45      46.7%     -0.13%     +0.65%     -0.80%        0.71x     -5.63%
  +45m         45      46.7%     -0.06%     +0.82%     -0.83%        0.86x     -2.73%
  +1h          45      37.8%     +0.06%     +1.22%     -0.65%        1.14x     +2.48%
  +1h30m       45      48.9%     +0.08%     +1.22%     -1.02%        1.15x     +3.53%
  +2h          45      55.6%     +0.12%     +1.21%     -1.23%        1.23x     +5.62%
  +3h          45      53.3%     -0.11%     +1.21%     -1.62%        0.86x     -4.84%
  +4h          45      51.1%     -0.12%     +1.41%     -1.72%        0.86x     -5.28%
  +5h          45      44.4%     -0.29%     +1.36%     -1.60%        0.68x    -12.90%
  +6h          45      48.9%     -0.18%     +1.31%     -1.60%        0.78x     -8.05%
  +7h          45      48.9%     -0.10%     +1.46%     -1.59%        0.88x     -4.38%
  EOD          45      48.9%     -0.10%     +1.46%     -1.59%        0.88x     -4.38%
