Fetching 5-min bars (2019-07-20 → 2019-09-30) [alpaca]...
  [cache] fetching 3 tickers from alpaca (cache miss)
  [cache] loaded 14 tickers from cache
Fetching daily bars (2018-09-03 → 2019-09-30)...

=========================================================================================================================================================================================
Pre-Session Rankings (9:25) — 2019-09-03 to 2019-09-30  |  20d lookback
(Unconditional hold from OR close — no signal or vol filter)
=========================================================================================================================================================================================
Pre-session top-2 (9:25, 20d EOD win rate) — 2019-09-03  OR: 09:30/3b
  #1 CHTR   +15m 65%W +0.1%  +30m 65%W +0.3%  +1h 75%W +0.3%  +2h 75%W +0.3%  +5h 75%W +0.4%  EOD 75%W +0.4%  EOD range -2.0% → +1.9%
  #2 SPOT   +15m 60%W +0.2%  +30m 65%W +0.1%  +1h 50%W +0.0%  +2h 55%W +0.2%  +5h 45%W -0.2%  EOD 55%W +0.0%  EOD range -3.1% → +2.1%
  Ticker   N          +15m          +30m           +1h           +2h           +5h           EOD           EOD range
  ----------------------------------------------------------------------------------------------------------------------
  CHTR    20    65%W +0.1%    65%W +0.3%    75%W +0.3%    75%W +0.3%    75%W +0.4%    75%W +0.4%       -2.0% → +1.9%
  SPOT    20    60%W +0.2%    65%W +0.1%    50%W +0.0%    55%W +0.2%    45%W -0.2%    55%W +0.0%       -3.1% → +2.1%
  LLY     20    40%W -0.1%    50%W -0.1%    50%W +0.0%    45%W -0.2%    40%W -0.2%    55%W +0.2%       -3.0% → +1.8%
  SNPS    20    50%W +0.0%    50%W -0.1%    55%W +0.1%    45%W -0.2%    55%W +0.1%    50%W +0.0%       -2.8% → +2.5%
  MU      20    65%W +0.2%    45%W -0.1%    45%W -0.2%    50%W +0.2%    45%W -0.2%    50%W -0.1%       -3.1% → +2.0%
  AMD     20    65%W +0.2%    50%W +0.0%    40%W -0.2%    45%W -0.6%    55%W +0.3%    50%W +0.0%       -5.7% → +5.8%
  META    20    50%W -0.0%    45%W -0.1%    50%W -0.1%    50%W -0.1%    40%W -0.3%    45%W -0.0%       -3.1% → +3.1%
  QCOM    20    55%W +0.0%    45%W -0.1%    55%W +0.1%    45%W -0.1%    50%W +0.1%    45%W -0.2%       -4.0% → +2.6%
  TSLA    20    45%W -0.2%    35%W -0.4%    45%W -0.1%    45%W -0.1%    30%W -0.5%    45%W -0.2%       -4.5% → +3.0%
  AVGO    20    60%W +0.2%    60%W +0.1%    60%W +0.2%    50%W +0.0%    60%W +0.3%    45%W -0.1%       -3.8% → +2.7%
  CRWD    20    40%W -0.3%    40%W -0.1%    35%W -0.5%    40%W -1.0%    40%W -0.7%    40%W -0.8%       -4.7% → +5.3%
  MRVL    20    60%W +0.0%    55%W +0.1%    45%W -0.1%    45%W -0.1%    35%W -0.5%    35%W -0.7%       -3.6% → +3.8%
Pre-session top-2 (9:25, 20d EOD win rate) — 2019-09-04  OR: 09:30/3b
  #1 CHTR   +15m 70%W +0.1%  +30m 65%W +0.3%  +1h 80%W +0.4%  +2h 80%W +0.4%  +5h 80%W +0.4%  EOD 80%W +0.4%  EOD range -2.0% → +1.9%
  #2 LLY    +15m 40%W -0.1%  +30m 50%W -0.1%  +1h 50%W +0.0%  +2h 45%W -0.2%  +5h 45%W -0.1%  EOD 60%W +0.2%  EOD range -2.9% → +1.8%
  Ticker   N          +15m          +30m           +1h           +2h           +5h           EOD           EOD range
  ----------------------------------------------------------------------------------------------------------------------
  CHTR    20    70%W +0.1%    65%W +0.3%    80%W +0.4%    80%W +0.4%    80%W +0.4%    80%W +0.4%       -2.0% → +1.9%
  LLY     20    40%W -0.1%    50%W -0.1%    50%W +0.0%    45%W -0.2%    45%W -0.1%    60%W +0.2%       -2.9% → +1.8%
  SNPS    20    45%W -0.0%    50%W -0.1%    55%W +0.1%    45%W -0.1%    55%W +0.1%    50%W +0.0%       -2.8% → +2.5%
  SPOT    20    60%W +0.2%    60%W +0.0%    50%W +0.0%    50%W +0.0%    45%W -0.5%    50%W -0.2%       -3.1% → +2.1%
  MU      20    65%W +0.2%    45%W -0.1%    45%W -0.2%    50%W +0.2%    45%W -0.2%    50%W -0.1%       -3.1% → +2.0%
  AMD     20    65%W +0.2%    45%W -0.1%    40%W -0.2%    45%W -0.4%    55%W +0.3%    50%W +0.0%       -5.7% → +5.8%
  META    20    50%W -0.0%    45%W -0.2%    50%W -0.0%    50%W -0.1%    40%W -0.3%    45%W -0.0%       -3.1% → +3.1%
  QCOM    20    55%W +0.0%    45%W -0.1%    55%W +0.1%    45%W -0.1%    50%W +0.1%    45%W -0.2%       -4.0% → +2.6%
  TSLA    20    50%W -0.0%    35%W -0.4%    45%W -0.0%    45%W -0.1%    30%W -0.5%    45%W -0.3%       -4.5% → +3.0%
  AVGO    20    60%W +0.2%    60%W +0.1%    60%W +0.2%    50%W +0.0%    60%W +0.3%    45%W -0.1%       -3.8% → +2.7%
  CRWD    20    40%W -0.3%    40%W -0.1%    40%W -0.5%    40%W -1.0%    45%W -0.7%    40%W -0.8%       -4.7% → +5.3%
  MRVL    20    55%W +0.0%    55%W +0.1%    45%W -0.1%    45%W -0.1%    35%W -0.5%    35%W -0.7%       -3.6% → +3.8%
Pre-session top-2 (9:25, 20d EOD win rate) — 2019-09-05  OR: 09:30/3b
  #1 CHTR   +15m 75%W +0.2%  +30m 70%W +0.3%  +1h 80%W +0.4%  +2h 85%W +0.4%  +5h 80%W +0.5%  EOD 85%W +0.4%  EOD range -2.0% → +1.9%
  #2 SNPS   +15m 50%W +0.0%  +30m 50%W -0.1%  +1h 55%W +0.1%  +2h 50%W +0.0%  +5h 55%W +0.1%  EOD 55%W +0.1%  EOD range -2.8% → +2.5%
  Ticker   N          +15m          +30m           +1h           +2h           +5h           EOD           EOD range
  ----------------------------------------------------------------------------------------------------------------------
  CHTR    20    75%W +0.2%    70%W +0.3%    80%W +0.4%    85%W +0.4%    80%W +0.5%    85%W +0.4%       -2.0% → +1.9%
  SNPS    20    50%W +0.0%    50%W -0.1%    55%W +0.1%    50%W +0.0%    55%W +0.1%    55%W +0.1%       -2.8% → +2.5%
  LLY     20    45%W -0.0%    45%W -0.3%    45%W -0.1%    40%W -0.2%    40%W -0.2%    55%W +0.2%       -2.9% → +1.8%
  QCOM    20    55%W +0.0%    45%W -0.1%    60%W +0.1%    50%W +0.0%    55%W +0.3%    50%W +0.3%       -4.0% → +2.6%
  AVGO    20    60%W +0.2%    55%W +0.1%    55%W +0.1%    55%W +0.2%    60%W +0.3%    50%W +0.0%       -3.8% → +2.7%
  META    20    45%W -0.1%    45%W -0.1%    50%W -0.0%    55%W +0.1%    40%W -0.3%    45%W -0.0%       -3.1% → +3.1%
  SPOT    20    60%W +0.2%    60%W +0.0%    50%W +0.0%    50%W +0.0%    40%W -0.7%    45%W -0.5%       -3.1% → +2.1%
  MU      20    65%W +0.3%    50%W +0.1%    50%W -0.1%    50%W +0.2%    40%W -0.3%    45%W -0.3%       -3.1% → +2.0%
  CRWD    20    40%W -0.3%    40%W -0.1%    40%W -0.5%    45%W -0.6%    50%W -0.3%    45%W -0.5%       -4.7% → +5.3%
  AMD     20    65%W +0.2%    45%W -0.1%    40%W -0.2%    45%W -0.4%    50%W -0.2%    45%W -0.1%       -5.7% → +5.8%
  MRVL    20    55%W +0.0%    60%W +0.1%    50%W +0.0%    50%W +0.1%    40%W -0.3%    40%W -0.5%       -3.6% → +3.8%
  TSLA    20    45%W -0.2%    35%W -0.4%    45%W -0.0%    45%W -0.1%    25%W -0.7%    40%W -0.6%       -4.5% → +3.0%
Pre-session top-2 (9:25, 20d EOD win rate) — 2019-09-06  OR: 09:30/3b
  #1 CHTR   +15m 75%W +0.3%  +30m 70%W +0.4%  +1h 80%W +0.4%  +2h 85%W +0.5%  +5h 75%W +0.5%  EOD 80%W +0.4%  EOD range -2.0% → +1.9%
  #2 SNPS   +15m 50%W +0.0%  +30m 50%W -0.1%  +1h 55%W +0.1%  +2h 50%W +0.0%  +5h 55%W +0.1%  EOD 55%W +0.1%  EOD range -2.8% → +2.5%
  Ticker   N          +15m          +30m           +1h           +2h           +5h           EOD           EOD range
  ----------------------------------------------------------------------------------------------------------------------
  CHTR    20    75%W +0.3%    70%W +0.4%    80%W +0.4%    85%W +0.5%    75%W +0.5%    80%W +0.4%       -2.0% → +1.9%
  SNPS    20    50%W +0.0%    50%W -0.1%    55%W +0.1%    50%W +0.0%    55%W +0.1%    55%W +0.1%       -2.8% → +2.5%
  LLY     20    45%W -0.0%    45%W -0.3%    45%W -0.1%    40%W -0.2%    40%W -0.2%    55%W +0.2%       -2.9% → +1.6%
  META    20    45%W -0.1%    45%W -0.1%    50%W -0.0%    55%W +0.1%    40%W -0.3%    45%W -0.0%       -3.1% → +3.1%
  SPOT    20    55%W +0.1%    55%W +0.0%    50%W +0.0%    45%W -0.1%    40%W -0.7%    45%W -0.5%       -3.1% → +2.1%
  MU      20    65%W +0.3%    50%W +0.1%    50%W -0.1%    45%W -0.1%    40%W -0.3%    45%W -0.3%       -3.1% → +2.0%
  CRWD    20    35%W -0.5%    40%W -0.1%    40%W -0.5%    40%W -0.6%    50%W -0.3%    45%W -0.5%       -4.7% → +5.3%
  QCOM    20    60%W +0.1%    45%W -0.1%    55%W +0.0%    45%W -0.1%    50%W +0.1%    45%W -0.2%       -4.0% → +2.6%
  AVGO    20    60%W +0.1%    55%W +0.1%    55%W +0.1%    55%W +0.1%    60%W +0.3%    45%W -0.1%       -3.8% → +2.7%
  MRVL    20    60%W +0.1%    60%W +0.1%    45%W -0.1%    45%W -0.1%    40%W -0.3%    40%W -0.5%       -3.6% → +3.8%
  TSLA    20    40%W -0.2%    35%W -0.4%    45%W -0.0%    45%W -0.1%    25%W -0.7%    40%W -0.6%       -4.5% → +2.8%
  AMD     20    65%W +0.2%    45%W -0.2%    35%W -0.3%    40%W -0.5%    45%W -0.6%    40%W -0.4%       -5.7% → +5.8%
Pre-session top-2 (9:25, 20d EOD win rate) — 2019-09-09  OR: 09:30/3b
  #1 CHTR   +15m 75%W +0.3%  +30m 70%W +0.3%  +1h 80%W +0.4%  +2h 85%W +0.5%  +5h 75%W +0.5%  EOD 80%W +0.4%  EOD range -2.0% → +1.9%
  #2 SNPS   +15m 50%W +0.0%  +30m 50%W -0.1%  +1h 55%W +0.1%  +2h 50%W +0.0%  +5h 55%W +0.1%  EOD 50%W +0.0%  EOD range -2.8% → +2.5%
  Ticker   N          +15m          +30m           +1h           +2h           +5h           EOD           EOD range
  ----------------------------------------------------------------------------------------------------------------------
  CHTR    20    75%W +0.3%    70%W +0.3%    80%W +0.4%    85%W +0.5%    75%W +0.5%    80%W +0.4%       -2.0% → +1.9%
  SNPS    20    50%W +0.0%    50%W -0.1%    55%W +0.1%    50%W +0.0%    55%W +0.1%    50%W +0.0%       -2.8% → +2.5%
  LLY     20    40%W -0.1%    40%W -0.3%    40%W -0.2%    35%W -0.2%    35%W -0.2%    50%W +0.0%       -2.9% → +1.2%
  SPOT    20    55%W +0.1%    55%W +0.0%    50%W +0.0%    45%W -0.1%    40%W -0.7%    45%W -0.5%       -3.1% → +1.1%
  MU      20    65%W +0.3%    50%W +0.1%    50%W -0.1%    45%W -0.1%    40%W -0.3%    45%W -0.3%       -3.1% → +1.9%
  QCOM    20    60%W +0.1%    45%W -0.1%    55%W +0.0%    45%W -0.1%    50%W +0.1%    45%W -0.2%       -4.0% → +2.6%
  AVGO    20    60%W +0.1%    50%W +0.0%    55%W +0.1%    55%W +0.1%    60%W +0.2%    45%W -0.1%       -3.8% → +2.7%
  META    20    40%W -0.1%    40%W -0.3%    45%W -0.2%    50%W -0.1%    40%W -0.3%    40%W -0.0%       -3.1% → +1.1%
  MRVL    20    60%W +0.1%    60%W +0.1%    45%W -0.1%    45%W -0.1%    40%W -0.3%    40%W -0.5%       -3.6% → +3.8%
  CRWD    20    35%W -0.5%    35%W -0.2%    40%W -0.5%    40%W -0.6%    45%W -0.7%    40%W -0.8%       -4.7% → +4.5%
  TSLA    20    40%W -0.3%    35%W -0.4%    45%W -0.1%    45%W -0.1%    25%W -0.7%    40%W -0.6%       -4.5% → +2.8%
  AMD     20    60%W +0.1%    40%W -0.3%    30%W -0.3%    35%W -0.6%    40%W -0.6%    35%W -0.8%       -5.7% → +2.4%
Pre-session top-2 (9:25, 20d EOD win rate) — 2019-09-10  OR: 09:30/3b
  #1 CHTR   +15m 70%W +0.2%  +30m 70%W +0.2%  +1h 75%W +0.4%  +2h 85%W +0.5%  +5h 70%W +0.5%  EOD 75%W +0.4%  EOD range -2.0% → +1.9%
  #2 LLY    +15m 40%W -0.1%  +30m 40%W -0.3%  +1h 40%W -0.2%  +2h 35%W -0.2%  +5h 35%W -0.2%  EOD 50%W +0.0%  EOD range -2.9% → +1.2%
  Ticker   N          +15m          +30m           +1h           +2h           +5h           EOD           EOD range
  ----------------------------------------------------------------------------------------------------------------------
  CHTR    20    70%W +0.2%    70%W +0.2%    75%W +0.4%    85%W +0.5%    70%W +0.5%    75%W +0.4%       -2.0% → +1.9%
  LLY     20    40%W -0.1%    40%W -0.3%    40%W -0.2%    35%W -0.2%    35%W -0.2%    50%W +0.0%       -2.9% → +1.2%
  META    20    40%W -0.1%    40%W -0.2%    50%W +0.0%    55%W +0.1%    40%W -0.1%    45%W -0.0%       -3.1% → +1.1%
  SNPS    20    45%W -0.0%    50%W -0.1%    55%W +0.1%    50%W +0.0%    50%W -0.1%    45%W -0.1%       -2.9% → +2.5%
  SPOT    20    55%W +0.1%    55%W +0.0%    50%W +0.0%    45%W -0.1%    40%W -0.7%    45%W -0.5%       -3.1% → +1.1%
  MU      20    65%W +0.3%    50%W +0.1%    50%W -0.1%    45%W -0.1%    40%W -0.3%    45%W -0.3%       -3.1% → +1.9%
  TSLA    20    45%W -0.3%    40%W -0.3%    50%W -0.0%    50%W -0.0%    30%W -0.5%    45%W -0.3%       -4.5% → +2.8%
  AVGO    20    60%W +0.0%    45%W -0.1%    50%W +0.0%    55%W +0.1%    55%W +0.1%    45%W -0.1%       -3.8% → +2.7%
  MRVL    20    60%W +0.1%    60%W +0.1%    45%W -0.1%    50%W +0.1%    40%W -0.3%    40%W -0.4%       -3.6% → +3.8%
  CRWD    20    35%W -0.5%    30%W -0.3%    40%W -0.5%    40%W -0.6%    45%W -0.7%    40%W -0.8%      -10.0% → +4.5%
  QCOM    20    60%W +0.1%    45%W -0.1%    55%W +0.0%    45%W -0.1%    45%W -0.1%    40%W -0.3%       -4.0% → +2.6%
  AMD     20    60%W +0.1%    40%W -0.3%    30%W -0.3%    35%W -0.6%    35%W -0.9%    30%W -1.0%       -5.7% → +2.4%
Pre-session top-2 (9:25, 20d EOD win rate) — 2019-09-11  OR: 09:30/3b
  #1 CHTR   +15m 65%W +0.2%  +30m 65%W +0.1%  +1h 70%W +0.3%  +2h 85%W +0.5%  +5h 70%W +0.5%  EOD 75%W +0.4%  EOD range -2.0% → +1.9%
  #2 LLY    +15m 45%W -0.1%  +30m 40%W -0.3%  +1h 40%W -0.2%  +2h 40%W -0.2%  +5h 40%W -0.2%  EOD 50%W +0.0%  EOD range -2.9% → +2.8%
  Ticker   N          +15m          +30m           +1h           +2h           +5h           EOD           EOD range
  ----------------------------------------------------------------------------------------------------------------------
  CHTR    20    65%W +0.2%    65%W +0.1%    70%W +0.3%    85%W +0.5%    70%W +0.5%    75%W +0.4%       -2.0% → +1.9%
  LLY     20    45%W -0.1%    40%W -0.3%    40%W -0.2%    40%W -0.2%    40%W -0.2%    50%W +0.0%       -2.9% → +2.8%
  TSLA    20    50%W -0.1%    45%W -0.2%    55%W +0.1%    55%W +0.2%    35%W -0.4%    50%W +0.1%       -4.5% → +2.8%
  META    20    40%W -0.1%    35%W -0.2%    50%W +0.0%    50%W -0.1%    40%W -0.1%    45%W -0.0%       -3.1% → +1.1%
  SNPS    20    45%W -0.0%    50%W -0.1%    55%W +0.1%    50%W +0.0%    50%W -0.1%    45%W -0.1%       -2.9% → +2.5%
  SPOT    20    50%W +0.0%    50%W +0.0%    50%W +0.0%    45%W -0.1%    40%W -0.7%    45%W -0.5%       -3.1% → +1.1%
  MRVL    20    65%W +0.3%    65%W +0.1%    50%W +0.0%    50%W +0.1%    45%W -0.1%    45%W -0.3%       -3.1% → +3.8%
  CRWD    20    30%W -0.6%    30%W -0.3%    40%W -0.5%    40%W -0.6%    50%W -0.4%    45%W -0.8%      -10.0% → +4.5%
  QCOM    20    65%W +0.2%    50%W -0.1%    60%W +0.1%    50%W +0.0%    50%W +0.1%    45%W -0.2%       -4.0% → +2.6%
  AVGO    20    60%W +0.0%    40%W -0.2%    50%W +0.0%    55%W +0.1%    55%W +0.1%    45%W -0.1%       -3.8% → +2.7%
  MU      20    65%W +0.3%    50%W +0.1%    50%W -0.1%    40%W -0.1%    40%W -0.3%    40%W -0.3%       -3.1% → +1.9%
  AMD     20    60%W +0.1%    40%W -0.2%    35%W -0.3%    40%W -0.5%    40%W -0.6%    35%W -0.8%       -5.7% → +2.4%
Pre-session top-2 (9:25, 20d EOD win rate) — 2019-09-12  OR: 09:30/3b
  #1 CHTR   +15m 65%W +0.2%  +30m 65%W +0.1%  +1h 70%W +0.2%  +2h 85%W +0.4%  +5h 70%W +0.5%  EOD 75%W +0.4%  EOD range -2.0% → +1.9%
  #2 LLY    +15m 40%W -0.1%  +30m 35%W -0.3%  +1h 35%W -0.3%  +2h 35%W -0.2%  +5h 35%W -0.2%  EOD 50%W +0.0%  EOD range -2.9% → +2.8%
  Ticker   N          +15m          +30m           +1h           +2h           +5h           EOD           EOD range
  ----------------------------------------------------------------------------------------------------------------------
  CHTR    20    65%W +0.2%    65%W +0.1%    70%W +0.2%    85%W +0.4%    70%W +0.5%    75%W +0.4%       -2.0% → +1.9%
  LLY     20    40%W -0.1%    35%W -0.3%    35%W -0.3%    35%W -0.2%    35%W -0.2%    50%W +0.0%       -2.9% → +2.8%
  TSLA    20    50%W -0.1%    45%W -0.2%    55%W +0.1%    55%W +0.2%    35%W -0.4%    50%W +0.1%       -4.5% → +3.9%
  META    20    40%W -0.1%    35%W -0.2%    50%W +0.0%    50%W -0.1%    40%W -0.1%    45%W -0.0%       -3.1% → +1.3%
  SPOT    20    45%W -0.1%    45%W -0.0%    45%W -0.1%    45%W -0.1%    40%W -0.7%    45%W -0.5%       -3.1% → +1.1%
  MRVL    20    65%W +0.3%    65%W +0.1%    50%W +0.0%    50%W +0.1%    45%W -0.1%    45%W -0.3%       -3.1% → +4.4%
  QCOM    20    65%W +0.2%    50%W -0.1%    60%W +0.1%    50%W +0.0%    50%W +0.1%    45%W -0.2%       -4.0% → +1.8%
  AVGO    20    60%W +0.0%    40%W -0.2%    50%W +0.0%    55%W +0.1%    55%W +0.1%    45%W -0.1%       -3.8% → +1.6%
  SNPS    20    45%W -0.0%    50%W -0.1%    50%W +0.0%    50%W +0.0%    45%W -0.3%    40%W -0.1%       -2.9% → +1.8%
  CRWD    20    25%W -0.6%    35%W -0.3%    40%W -0.5%    40%W -0.7%    45%W -0.7%    40%W -0.8%      -10.0% → +4.5%
  MU      20    65%W +0.3%    50%W +0.1%    50%W -0.1%    35%W -0.3%    35%W -0.5%    35%W -0.3%       -3.1% → +1.9%
  AMD     20    60%W +0.1%    40%W -0.2%    35%W -0.3%    40%W -0.5%    35%W -0.9%    35%W -1.0%       -5.7% → +2.4%
Pre-session top-2 (9:25, 20d EOD win rate) — 2019-09-13  OR: 09:30/3b
  #1 CHTR   +15m 70%W +0.2%  +30m 70%W +0.2%  +1h 75%W +0.3%  +2h 85%W +0.5%  +5h 75%W +0.6%  EOD 75%W +0.4%  EOD range -2.0% → +1.9%
  #2 LLY    +15m 40%W -0.1%  +30m 35%W -0.3%  +1h 40%W -0.2%  +2h 40%W -0.2%  +5h 40%W -0.2%  EOD 50%W +0.0%  EOD range -2.3% → +2.8%
  Ticker   N          +15m          +30m           +1h           +2h           +5h           EOD           EOD range
  ----------------------------------------------------------------------------------------------------------------------
  CHTR    20    70%W +0.2%    70%W +0.2%    75%W +0.3%    85%W +0.5%    75%W +0.6%    75%W +0.4%       -2.0% → +1.9%
  LLY     20    40%W -0.1%    35%W -0.3%    40%W -0.2%    40%W -0.2%    40%W -0.2%    50%W +0.0%       -2.3% → +2.8%
  TSLA    20    50%W -0.1%    50%W -0.0%    60%W +0.2%    55%W +0.2%    35%W -0.4%    50%W +0.1%       -3.8% → +3.9%
  AVGO    20    55%W +0.0%    45%W -0.1%    55%W +0.1%    60%W +0.2%    60%W +0.2%    50%W +0.0%       -3.8% → +1.6%
  META    20    40%W -0.1%    35%W -0.2%    50%W +0.0%    50%W -0.1%    40%W -0.1%    45%W -0.0%       -1.9% → +1.3%
  SNPS    20    50%W +0.0%    55%W +0.0%    55%W +0.1%    55%W +0.2%    50%W -0.1%    45%W -0.1%       -2.9% → +1.8%
  QCOM    20    60%W +0.1%    55%W +0.1%    60%W +0.2%    55%W +0.2%    55%W +0.3%    45%W -0.2%       -4.0% → +1.8%
  SPOT    20    40%W -0.1%    40%W -0.1%    40%W -0.1%    45%W -0.1%    35%W -0.7%    40%W -0.6%       -3.1% → +1.1%
  MU      20    60%W +0.3%    55%W +0.2%    55%W +0.1%    40%W -0.1%    40%W -0.3%    40%W -0.3%       -3.1% → +1.9%
  MRVL    20    60%W +0.1%    65%W +0.1%    45%W -0.1%    50%W +0.1%    40%W -0.3%    40%W -0.4%       -3.1% → +4.4%
  CRWD    20    25%W -0.6%    35%W -0.3%    40%W -0.5%    40%W -0.7%    45%W -0.7%    40%W -0.8%      -10.0% → +4.5%
  AMD     20    60%W +0.1%    45%W -0.1%    40%W -0.3%    45%W -0.4%    40%W -0.6%    35%W -0.8%       -5.7% → +2.4%
Pre-session top-2 (9:25, 20d EOD win rate) — 2019-09-16  OR: 09:30/3b
  #1 CHTR   +15m 65%W +0.2%  +30m 70%W +0.1%  +1h 70%W +0.3%  +2h 80%W +0.5%  +5h 75%W +0.5%  EOD 75%W +0.4%  EOD range -2.0% → +1.9%
  #2 LLY    +15m 35%W -0.2%  +30m 30%W -0.3%  +1h 35%W -0.3%  +2h 40%W -0.2%  +5h 40%W -0.2%  EOD 50%W -0.0%  EOD range -2.3% → +2.8%
  Ticker   N          +15m          +30m           +1h           +2h           +5h           EOD           EOD range
  ----------------------------------------------------------------------------------------------------------------------
  CHTR    20    65%W +0.2%    70%W +0.1%    70%W +0.3%    80%W +0.5%    75%W +0.5%    75%W +0.4%       -2.0% → +1.9%
  LLY     20    35%W -0.2%    30%W -0.3%    35%W -0.3%    40%W -0.2%    40%W -0.2%    50%W -0.0%       -2.3% → +2.8%
  AVGO    20    50%W -0.0%    40%W -0.2%    50%W +0.0%    60%W +0.2%    65%W +0.3%    50%W +0.0%       -3.8% → +1.6%
  META    20    40%W -0.1%    35%W -0.2%    50%W -0.0%    50%W -0.1%    40%W -0.1%    45%W -0.0%       -1.9% → +1.3%
  SNPS    20    50%W +0.0%    55%W +0.0%    55%W +0.1%    55%W +0.2%    50%W -0.1%    45%W -0.1%       -2.9% → +1.8%
  SPOT    20    35%W -0.2%    35%W -0.2%    40%W -0.2%    45%W -0.1%    40%W -0.7%    45%W -0.5%       -3.1% → +1.3%
  QCOM    20    60%W +0.1%    50%W -0.1%    55%W +0.1%    50%W +0.1%    55%W +0.3%    45%W -0.2%       -4.0% → +1.8%
  TSLA    20    50%W -0.1%    45%W -0.2%    55%W +0.1%    50%W +0.1%    35%W -0.4%    45%W -0.3%       -3.8% → +3.9%
  MU      20    60%W +0.3%    55%W +0.2%    55%W +0.1%    45%W -0.1%    45%W -0.2%    40%W -0.3%       -3.1% → +1.9%
  MRVL    20    65%W +0.1%    65%W +0.1%    50%W +0.0%    55%W +0.2%    45%W -0.1%    40%W -0.3%       -3.1% → +4.4%
  CRWD    20    20%W -0.7%    30%W -0.4%    40%W -0.6%    40%W -0.7%    45%W -0.7%    40%W -1.3%      -10.0% → +4.5%
  AMD     20    60%W +0.2%    50%W -0.0%    45%W -0.2%    50%W -0.1%    45%W -0.6%    40%W -0.4%       -5.7% → +2.4%
Pre-session top-2 (9:25, 20d EOD win rate) — 2019-09-17  OR: 09:30/3b
  #1 CHTR   +15m 65%W +0.1%  +30m 70%W +0.1%  +1h 65%W +0.2%  +2h 75%W +0.4%  +5h 70%W +0.3%  EOD 70%W +0.4%  EOD range -2.0% → +1.9%
  #2 AVGO   +15m 50%W -0.0%  +30m 45%W -0.1%  +1h 55%W +0.1%  +2h 60%W +0.2%  +5h 70%W +0.4%  EOD 55%W +0.1%  EOD range -3.8% → +1.6%
  Ticker   N          +15m          +30m           +1h           +2h           +5h           EOD           EOD range
  ----------------------------------------------------------------------------------------------------------------------
  CHTR    20    65%W +0.1%    70%W +0.1%    65%W +0.2%    75%W +0.4%    70%W +0.3%    70%W +0.4%       -2.0% → +1.9%
  AVGO    20    50%W -0.0%    45%W -0.1%    55%W +0.1%    60%W +0.2%    70%W +0.4%    55%W +0.1%       -3.8% → +1.6%
  MU      20    60%W +0.3%    55%W +0.2%    55%W +0.1%    50%W +0.2%    50%W -0.1%    45%W -0.3%       -3.1% → +1.9%
  LLY     20    40%W -0.1%    30%W -0.3%    35%W -0.3%    40%W -0.2%    40%W -0.2%    45%W -0.2%       -2.3% → +2.8%
  QCOM    20    60%W +0.1%    50%W -0.1%    55%W +0.1%    50%W +0.1%    55%W +0.3%    45%W -0.2%       -4.0% → +1.8%
  META    20    40%W -0.1%    40%W -0.2%    45%W -0.1%    45%W -0.2%    35%W -0.3%    40%W -0.2%       -1.9% → +1.3%
  SNPS    20    45%W -0.0%    55%W +0.0%    50%W +0.0%    50%W +0.0%    45%W -0.3%    40%W -0.1%       -2.9% → +1.8%
  SPOT    20    35%W -0.2%    30%W -0.3%    35%W -0.3%    40%W -0.2%    35%W -0.8%    40%W -0.6%       -3.1% → +1.3%
  CRWD    20    20%W -0.8%    30%W -0.6%    35%W -0.6%    35%W -0.8%    45%W -0.7%    40%W -1.3%      -10.0% → +4.5%
  TSLA    20    50%W -0.1%    40%W -0.2%    50%W -0.0%    45%W -0.1%    35%W -0.4%    40%W -0.6%       -3.8% → +3.9%
  AMD     20    60%W +0.2%    50%W -0.0%    45%W -0.2%    50%W -0.1%    45%W -0.6%    40%W -0.4%       -5.7% → +2.4%
  MRVL    20    65%W +0.1%    70%W +0.2%    45%W -0.1%    50%W +0.1%    40%W -0.3%    35%W -0.4%       -3.1% → +4.4%
Pre-session top-2 (9:25, 20d EOD win rate) — 2019-09-18  OR: 09:30/3b
  #1 CHTR   +15m 65%W +0.1%  +30m 70%W +0.1%  +1h 70%W +0.2%  +2h 75%W +0.4%  +5h 70%W +0.3%  EOD 75%W +0.4%  EOD range -2.0% → +1.9%
  #2 AVGO   +15m 50%W -0.0%  +30m 45%W -0.1%  +1h 55%W +0.1%  +2h 55%W +0.1%  +5h 70%W +0.4%  EOD 55%W +0.1%  EOD range -3.8% → +1.6%
  Ticker   N          +15m          +30m           +1h           +2h           +5h           EOD           EOD range
  ----------------------------------------------------------------------------------------------------------------------
  CHTR    20    65%W +0.1%    70%W +0.1%    70%W +0.2%    75%W +0.4%    70%W +0.3%    75%W +0.4%       -2.0% → +1.9%
  AVGO    20    50%W -0.0%    45%W -0.1%    55%W +0.1%    55%W +0.1%    70%W +0.4%    55%W +0.1%       -3.8% → +1.6%
  QCOM    20    60%W +0.1%    50%W -0.1%    55%W +0.1%    55%W +0.3%    55%W +0.3%    50%W +0.2%       -4.0% → +1.8%
  META    20    40%W -0.1%    40%W -0.2%    45%W -0.1%    40%W -0.2%    35%W -0.5%    45%W -0.0%       -1.9% → +1.3%
  SNPS    20    50%W +0.0%    60%W +0.1%    55%W +0.1%    55%W +0.2%    50%W -0.2%    45%W -0.1%       -2.9% → +1.9%
  MU      20    65%W +0.3%    55%W +0.2%    55%W +0.2%    50%W +0.2%    50%W -0.1%    45%W -0.3%       -3.1% → +1.9%
  LLY     20    40%W -0.1%    30%W -0.3%    35%W -0.3%    40%W -0.2%    40%W -0.2%    45%W -0.2%       -2.3% → +2.8%
  CRWD    20    25%W -0.7%    35%W -0.4%    40%W -0.6%    40%W -0.6%    45%W -0.7%    45%W -0.9%      -10.0% → +4.5%
  AMD     20    65%W +0.2%    50%W -0.0%    45%W -0.2%    50%W -0.1%    45%W -0.3%    45%W -0.1%       -5.7% → +2.4%
  SPOT    20    30%W -0.3%    30%W -0.4%    30%W -0.3%    40%W -0.2%    35%W -0.8%    40%W -0.6%       -3.1% → +1.3%
  MRVL    20    65%W +0.1%    70%W +0.2%    50%W +0.0%    50%W +0.1%    45%W -0.1%    40%W -0.3%       -3.1% → +4.4%
  TSLA    20    50%W -0.0%    40%W -0.2%    50%W -0.0%    45%W -0.1%    35%W -0.4%    40%W -0.6%       -3.8% → +3.9%
Pre-session top-2 (9:25, 20d EOD win rate) — 2019-09-19  OR: 09:30/3b
  #1 CHTR   +15m 70%W +0.2%  +30m 70%W +0.1%  +1h 70%W +0.2%  +2h 75%W +0.4%  +5h 70%W +0.3%  EOD 75%W +0.4%  EOD range -2.0% → +1.9%
  #2 META   +15m 40%W -0.2%  +30m 35%W -0.2%  +1h 50%W +0.0%  +2h 45%W -0.2%  +5h 35%W -0.4%  EOD 50%W +0.0%  EOD range -1.9% → +1.3%
  Ticker   N          +15m          +30m           +1h           +2h           +5h           EOD           EOD range
  ----------------------------------------------------------------------------------------------------------------------
  CHTR    20    70%W +0.2%    70%W +0.1%    70%W +0.2%    75%W +0.4%    70%W +0.3%    75%W +0.4%       -2.0% → +1.9%
  META    20    40%W -0.2%    35%W -0.2%    50%W +0.0%    45%W -0.2%    35%W -0.4%    50%W +0.0%       -1.9% → +1.3%
  MU      20    65%W +0.2%    50%W +0.1%    50%W -0.0%    45%W -0.1%    45%W -0.5%    50%W -0.1%       -3.1% → +1.9%
  LLY     20    40%W -0.1%    30%W -0.3%    35%W -0.2%    45%W -0.2%    40%W -0.2%    50%W +0.0%       -2.3% → +2.8%
  QCOM    20    60%W +0.1%    45%W -0.1%    50%W -0.0%    55%W +0.3%    50%W +0.1%    50%W +0.0%       -4.0% → +1.8%
  AVGO    20    50%W -0.0%    40%W -0.1%    50%W +0.0%    50%W -0.0%    65%W +0.2%    50%W -0.0%       -3.8% → +1.6%
  SNPS    20    55%W +0.1%    65%W +0.2%    55%W +0.2%    50%W +0.0%    45%W -0.4%    45%W -0.1%       -2.9% → +1.9%
  CRWD    20    20%W -0.8%    30%W -0.4%    40%W -0.6%    40%W -0.6%    40%W -0.7%    45%W -0.9%      -10.0% → +4.5%
  SPOT    20    35%W -0.3%    30%W -0.4%    25%W -0.3%    35%W -0.4%    35%W -0.8%    40%W -0.6%       -3.1% → +1.3%
  MRVL    20    65%W +0.2%    75%W +0.2%    50%W +0.1%    50%W +0.1%    45%W -0.1%    40%W -0.3%       -3.1% → +4.4%
  TSLA    20    55%W +0.1%    35%W -0.2%    50%W -0.0%    40%W -0.2%    35%W -0.5%    40%W -0.7%       -3.8% → +3.9%
  AMD     20    65%W +0.2%    45%W -0.1%    50%W -0.1%    45%W -0.2%    40%W -0.6%    40%W -0.3%       -5.7% → +2.4%
Pre-session top-2 (9:25, 20d EOD win rate) — 2019-09-20  OR: 09:30/3b
  #1 CHTR   +15m 65%W +0.2%  +30m 70%W +0.1%  +1h 65%W +0.2%  +2h 70%W +0.4%  +5h 65%W +0.3%  EOD 70%W +0.4%  EOD range -2.0% → +1.9%
  #2 META   +15m 45%W -0.1%  +30m 40%W -0.2%  +1h 55%W +0.1%  +2h 50%W -0.1%  +5h 35%W -0.2%  EOD 55%W +0.1%  EOD range -1.9% → +1.3%
  Ticker   N          +15m          +30m           +1h           +2h           +5h           EOD           EOD range
  ----------------------------------------------------------------------------------------------------------------------
  CHTR    20    65%W +0.2%    70%W +0.1%    65%W +0.2%    70%W +0.4%    65%W +0.3%    70%W +0.4%       -2.0% → +1.9%
  META    20    45%W -0.1%    40%W -0.2%    55%W +0.1%    50%W -0.1%    35%W -0.2%    55%W +0.1%       -1.9% → +1.3%
  LLY     20    45%W -0.1%    35%W -0.3%    40%W -0.1%    45%W -0.2%    45%W -0.2%    55%W +0.2%       -2.3% → +2.8%
  MU      20    65%W +0.2%    55%W +0.2%    50%W +0.1%    45%W -0.1%    45%W -0.5%    50%W -0.1%       -3.1% → +1.9%
  QCOM    20    65%W +0.1%    45%W -0.0%    50%W -0.0%    55%W +0.3%    50%W +0.1%    50%W +0.0%       -4.0% → +1.8%
  AVGO    20    50%W -0.0%    40%W -0.1%    50%W +0.0%    50%W -0.0%    65%W +0.2%    50%W -0.0%       -3.8% → +1.6%
  SNPS    20    60%W +0.1%    70%W +0.3%    60%W +0.3%    50%W +0.1%    45%W -0.4%    45%W -0.1%       -2.9% → +1.9%
  CRWD    20    20%W -0.9%    30%W -0.4%    40%W -0.6%    40%W -0.6%    40%W -0.7%    45%W -0.9%      -10.0% → +4.5%
  TSLA    20    55%W +0.1%    35%W -0.2%    55%W +0.1%    45%W -0.2%    35%W -0.4%    45%W -0.4%       -3.8% → +3.9%
  SPOT    20    30%W -0.3%    25%W -0.4%    20%W -0.3%    30%W -0.8%    35%W -0.8%    40%W -0.6%       -3.1% → +1.3%
  MRVL    20    65%W +0.1%    70%W +0.2%    55%W +0.1%    55%W +0.2%    45%W -0.3%    40%W -0.3%       -3.1% → +4.4%
  AMD     20    65%W +0.2%    45%W -0.1%    50%W -0.1%    45%W -0.2%    35%W -0.6%    35%W -0.6%       -5.7% → +2.4%
Pre-session top-2 (9:25, 20d EOD win rate) — 2019-09-23  OR: 09:30/3b
  #1 CHTR   +15m 70%W +0.2%  +30m 70%W +0.1%  +1h 65%W +0.2%  +2h 70%W +0.4%  +5h 65%W +0.3%  EOD 70%W +0.4%  EOD range -2.0% → +1.9%
  #2 META   +15m 45%W -0.1%  +30m 40%W -0.2%  +1h 55%W +0.1%  +2h 50%W -0.1%  +5h 35%W -0.2%  EOD 55%W +0.1%  EOD range -1.9% → +1.3%
  Ticker   N          +15m          +30m           +1h           +2h           +5h           EOD           EOD range
  ----------------------------------------------------------------------------------------------------------------------
  CHTR    20    70%W +0.2%    70%W +0.1%    65%W +0.2%    70%W +0.4%    65%W +0.3%    70%W +0.4%       -2.0% → +1.9%
  META    20    45%W -0.1%    40%W -0.2%    55%W +0.1%    50%W -0.1%    35%W -0.2%    55%W +0.1%       -1.9% → +1.3%
  LLY     20    50%W -0.0%    35%W -0.2%    45%W -0.1%    45%W -0.2%    50%W -0.0%    55%W +0.2%       -2.3% → +2.8%
  QCOM    20    60%W +0.1%    45%W -0.0%    50%W -0.0%    55%W +0.3%    50%W +0.1%    50%W +0.0%       -4.0% → +1.8%
  AVGO    20    50%W -0.0%    40%W -0.1%    50%W +0.0%    50%W -0.0%    65%W +0.2%    50%W -0.0%       -3.8% → +1.6%
  SNPS    20    60%W +0.1%    70%W +0.3%    60%W +0.3%    50%W +0.1%    45%W -0.4%    45%W -0.1%       -2.9% → +1.9%
  MU      20    60%W +0.1%    55%W +0.2%    50%W +0.1%    40%W -0.2%    40%W -0.8%    45%W -0.3%       -3.1% → +1.9%
  CRWD    20    20%W -0.8%    35%W -0.3%    45%W -0.5%    35%W -0.6%    40%W -0.7%    45%W -0.9%      -10.0% → +4.5%
  TSLA    20    50%W -0.0%    35%W -0.2%    55%W +0.1%    45%W -0.2%    35%W -0.4%    45%W -0.4%       -3.8% → +3.9%
  SPOT    20    35%W -0.3%    30%W -0.4%    25%W -0.3%    30%W -0.5%    35%W -0.8%    40%W -0.6%       -3.1% → +1.3%
  MRVL    20    60%W +0.1%    65%W +0.2%    55%W +0.1%    50%W +0.1%    45%W -0.4%    40%W -0.4%       -3.1% → +4.4%
  AMD     20    60%W +0.1%    40%W -0.1%    50%W -0.1%    40%W -0.3%    30%W -1.0%    30%W -0.8%       -5.7% → +2.4%
  DDOG     2     0%W -1.6%     0%W -1.7%     0%W -1.1%     0%W -1.5%     0%W -5.2%     0%W -6.9%       -6.9% → -6.9%
Pre-session top-2 (9:25, 20d EOD win rate) — 2019-09-24  OR: 09:30/3b
  #1 CHTR   +15m 70%W +0.2%  +30m 65%W +0.1%  +1h 60%W +0.1%  +2h 70%W +0.4%  +5h 70%W +0.3%  EOD 70%W +0.4%  EOD range -1.3% → +1.9%
  #2 META   +15m 50%W -0.0%  +30m 35%W -0.2%  +1h 50%W +0.0%  +2h 50%W -0.1%  +5h 35%W -0.2%  EOD 55%W +0.1%  EOD range -1.5% → +1.3%
  Ticker   N          +15m          +30m           +1h           +2h           +5h           EOD           EOD range
  ----------------------------------------------------------------------------------------------------------------------
  CHTR    20    70%W +0.2%    65%W +0.1%    60%W +0.1%    70%W +0.4%    70%W +0.3%    70%W +0.4%       -1.3% → +1.9%
  META    20    50%W -0.0%    35%W -0.2%    50%W +0.0%    50%W -0.1%    35%W -0.2%    55%W +0.1%       -1.5% → +1.3%
  LLY     20    50%W -0.1%    30%W -0.2%    40%W -0.1%    45%W -0.2%    50%W -0.0%    55%W +0.2%       -2.1% → +2.8%
  QCOM    20    65%W +0.1%    50%W +0.0%    55%W +0.1%    60%W +0.3%    55%W +0.3%    55%W +0.2%       -2.6% → +1.8%
  AVGO    20    55%W +0.0%    40%W -0.1%    50%W +0.0%    55%W +0.1%    70%W +0.4%    55%W +0.1%       -1.8% → +1.6%
  SNPS    20    60%W +0.1%    70%W +0.2%    60%W +0.3%    55%W +0.3%    50%W -0.2%    50%W +0.0%       -2.9% → +1.9%
  MU      20    60%W +0.1%    50%W +0.0%    50%W +0.1%    45%W -0.1%    45%W -0.5%    45%W -0.3%       -2.9% → +1.9%
  MRVL    20    60%W +0.1%    60%W +0.1%    50%W +0.1%    55%W +0.1%    50%W -0.2%    45%W -0.2%       -2.9% → +4.4%
  CRWD    20    20%W -0.8%    35%W -0.3%    45%W -0.5%    35%W -0.5%    40%W -0.5%    45%W -0.9%      -10.0% → +4.5%
  TSLA    20    50%W -0.0%    35%W -0.2%    50%W -0.0%    50%W -0.0%    35%W -0.2%    45%W -0.3%       -3.1% → +3.9%
  SPOT    20    35%W -0.3%    30%W -0.4%    25%W -0.3%    35%W -0.3%    40%W -0.8%    40%W -0.6%       -3.1% → +1.3%
  AMD     20    55%W +0.0%    35%W -0.2%    45%W -0.3%    40%W -0.3%    35%W -0.6%    35%W -0.6%       -2.3% → +2.4%
  DDOG     3    50%W +0.3%    50%W -0.0%    50%W +1.0%    50%W +0.3%     0%W -3.2%     0%W -4.4%       -6.9% → -1.9%
Pre-session top-2 (9:25, 20d EOD win rate) — 2019-09-25  OR: 09:30/3b
  #1 CHTR   +15m 65%W +0.2%  +30m 60%W +0.1%  +1h 55%W +0.1%  +2h 65%W +0.3%  +5h 65%W +0.3%  EOD 65%W +0.3%  EOD range -1.6% → +0.9%
  #2 QCOM   +15m 65%W +0.1%  +30m 45%W -0.0%  +1h 50%W -0.0%  +2h 60%W +0.3%  +5h 55%W +0.3%  EOD 55%W +0.2%  EOD range -3.1% → +1.8%
  Ticker   N          +15m          +30m           +1h           +2h           +5h           EOD           EOD range
  ----------------------------------------------------------------------------------------------------------------------
  CHTR    20    65%W +0.2%    60%W +0.1%    55%W +0.1%    65%W +0.3%    65%W +0.3%    65%W +0.3%       -1.6% → +0.9%
  QCOM    20    65%W +0.1%    45%W -0.0%    50%W -0.0%    60%W +0.3%    55%W +0.3%    55%W +0.2%       -3.1% → +1.8%
  META    20    50%W +0.0%    35%W -0.2%    50%W +0.0%    50%W -0.1%    35%W -0.4%    50%W +0.0%       -3.0% → +1.3%
  LLY     20    50%W -0.1%    30%W -0.2%    45%W -0.1%    45%W -0.2%    50%W -0.1%    50%W +0.1%       -2.1% → +2.8%
  AVGO    20    55%W +0.0%    35%W -0.2%    45%W -0.1%    55%W +0.1%    65%W +0.2%    50%W -0.0%       -2.1% → +1.6%
  SNPS    20    60%W +0.1%    70%W +0.2%    55%W +0.2%    50%W +0.1%    45%W -0.4%    45%W -0.1%       -2.9% → +1.9%
  MRVL    20    55%W +0.1%    55%W +0.0%    45%W -0.1%    50%W +0.0%    50%W -0.2%    45%W -0.2%       -3.2% → +4.4%
  SPOT    20    30%W -0.3%    30%W -0.4%    25%W -0.3%    35%W -0.3%    40%W -0.8%    40%W -0.8%       -3.2% → +1.3%
  MU      20    60%W +0.1%    50%W +0.0%    45%W -0.1%    40%W -0.2%    40%W -0.8%    40%W -0.5%       -2.9% → +1.9%
  CRWD    20    20%W -0.8%    35%W -0.3%    45%W -0.5%    35%W -0.5%    35%W -0.7%    40%W -1.8%      -10.0% → +4.5%
  TSLA    20    45%W -0.2%    35%W -0.2%    45%W -0.1%    50%W -0.1%    35%W -0.3%    40%W -0.6%       -6.7% → +3.9%
  AMD     20    50%W -0.0%    30%W -0.2%    40%W -0.5%    35%W -0.4%    30%W -1.0%    30%W -0.8%       -3.5% → +2.4%
  DDOG     4    33%W -0.2%    33%W -0.2%    33%W -0.5%    33%W -1.5%     0%W -5.2%     0%W -6.5%       -6.9% → -1.9%
Pre-session top-2 (9:25, 20d EOD win rate) — 2019-09-26  OR: 09:30/3b
  #1 QCOM   +15m 60%W +0.1%  +30m 50%W +0.0%  +1h 50%W -0.0%  +2h 65%W +0.3%  +5h 60%W +0.4%  EOD 60%W +0.4%  EOD range -3.1% → +2.7%
  #2 CHTR   +15m 60%W +0.1%  +30m 55%W +0.0%  +1h 50%W -0.0%  +2h 65%W +0.2%  +5h 60%W +0.2%  EOD 60%W +0.2%  EOD range -1.6% → +0.9%
  Ticker   N          +15m          +30m           +1h           +2h           +5h           EOD           EOD range
  ----------------------------------------------------------------------------------------------------------------------
  QCOM    20    60%W +0.1%    50%W +0.0%    50%W -0.0%    65%W +0.3%    60%W +0.4%    60%W +0.4%       -3.1% → +2.7%
  CHTR    20    60%W +0.1%    55%W +0.0%    50%W -0.0%    65%W +0.2%    60%W +0.2%    60%W +0.2%       -1.6% → +0.9%
  META    20    45%W -0.1%    30%W -0.2%    45%W -0.1%    45%W -0.2%    40%W -0.2%    55%W +0.1%       -3.0% → +1.3%
  AVGO    20    55%W +0.0%    35%W -0.2%    50%W -0.0%    55%W +0.1%    70%W +0.4%    55%W +0.1%       -2.1% → +1.6%
  SNPS    20    65%W +0.1%    65%W +0.2%    60%W +0.3%    55%W +0.3%    50%W -0.2%    50%W +0.0%       -2.9% → +2.9%
  LLY     20    50%W -0.1%    30%W -0.2%    45%W -0.1%    45%W -0.2%    50%W -0.1%    50%W +0.1%       -2.1% → +2.8%
  MRVL    20    55%W +0.1%    55%W +0.0%    50%W +0.1%    55%W +0.1%    55%W +0.1%    50%W -0.0%       -3.2% → +4.4%
  SPOT    20    30%W -0.3%    30%W -0.4%    25%W -0.3%    35%W -0.2%    45%W -0.8%    45%W -0.5%       -3.2% → +1.3%
  MU      20    60%W +0.1%    50%W +0.0%    50%W +0.0%    45%W -0.1%    45%W -0.5%    45%W -0.3%       -1.9% → +1.9%
  TSLA    20    40%W -0.2%    35%W -0.2%    45%W -0.1%    55%W +0.2%    40%W -0.1%    45%W -0.3%       -6.7% → +4.1%
  CRWD    20    20%W -0.8%    35%W -0.3%    50%W -0.1%    40%W -0.4%    40%W -0.5%    40%W -0.9%      -10.0% → +4.5%
  AMD     20    50%W -0.0%    30%W -0.2%    40%W -0.3%    35%W -0.3%    35%W -0.6%    35%W -0.6%       -3.5% → +2.4%
  DDOG     5    25%W -0.7%    25%W -0.7%    50%W +0.0%    50%W -0.6%     0%W -3.2%    25%W -4.2%       -6.9% → +0.7%
Pre-session top-2 (9:25, 20d EOD win rate) — 2019-09-27  OR: 09:30/3b
  #1 QCOM   +15m 55%W +0.0%  +30m 45%W -0.0%  +1h 45%W -0.1%  +2h 60%W +0.3%  +5h 60%W +0.4%  EOD 60%W +0.4%  EOD range -3.1% → +2.7%
  #2 META   +15m 40%W -0.1%  +30m 30%W -0.2%  +1h 45%W -0.1%  +2h 40%W -0.2%  +5h 35%W -0.2%  EOD 55%W +0.1%  EOD range -3.0% → +1.3%
  Ticker   N          +15m          +30m           +1h           +2h           +5h           EOD           EOD range
  ----------------------------------------------------------------------------------------------------------------------
  QCOM    20    55%W +0.0%    45%W -0.0%    45%W -0.1%    60%W +0.3%    60%W +0.4%    60%W +0.4%       -3.1% → +2.7%
  META    20    40%W -0.1%    30%W -0.2%    45%W -0.1%    40%W -0.2%    35%W -0.2%    55%W +0.1%       -3.0% → +1.3%
  CHTR    20    55%W +0.1%    50%W +0.0%    45%W -0.1%    60%W +0.2%    55%W +0.1%    55%W +0.1%       -1.6% → +0.9%
  AVGO    20    50%W -0.0%    30%W -0.2%    50%W -0.0%    55%W +0.1%    70%W +0.4%    55%W +0.1%       -2.1% → +1.6%
  SNPS    20    70%W +0.1%    70%W +0.2%    60%W +0.4%    55%W +0.3%    50%W -0.2%    50%W +0.0%       -2.9% → +2.9%
  MRVL    20    55%W +0.1%    50%W -0.0%    50%W +0.1%    50%W +0.0%    55%W +0.1%    50%W -0.0%       -3.2% → +4.4%
  TSLA    20    45%W -0.2%    40%W -0.2%    45%W -0.1%    55%W +0.2%    45%W -0.0%    50%W -0.3%       -6.7% → +6.2%
  LLY     20    45%W -0.1%    25%W -0.2%    40%W -0.2%    40%W -0.2%    45%W -0.3%    45%W -0.1%       -2.1% → +2.8%
  SPOT    20    25%W -0.4%    25%W -0.5%    20%W -0.3%    30%W -0.3%    40%W -0.8%    40%W -0.8%       -3.2% → +1.3%
  MU      20    55%W +0.0%    45%W -0.1%    50%W +0.0%    40%W -0.2%    40%W -0.8%    40%W -0.5%       -1.9% → +1.5%
  CRWD    20    15%W -0.9%    30%W -0.6%    45%W -0.5%    35%W -0.5%    35%W -0.7%    35%W -1.8%      -10.0% → +4.2%
  AMD     20    45%W -0.1%    30%W -0.2%    40%W -0.3%    30%W -0.3%    35%W -0.6%    35%W -0.6%       -3.5% → +2.4%
  DDOG     6    40%W -0.2%    20%W -0.2%    40%W -0.5%    40%W -1.5%     0%W -5.2%    20%W -6.5%       -9.3% → +0.7%
Pre-session top-2 (9:25, 20d EOD win rate) — 2019-09-30  OR: 09:30/3b
  #1 QCOM   +15m 50%W -0.0%  +30m 50%W +0.0%  +1h 50%W -0.0%  +2h 55%W +0.3%  +5h 55%W +0.3%  EOD 55%W +0.2%  EOD range -3.1% → +2.7%
  #2 AVGO   +15m 50%W -0.0%  +30m 30%W -0.2%  +1h 55%W +0.1%  +2h 55%W +0.1%  +5h 65%W +0.2%  EOD 55%W +0.1%  EOD range -2.1% → +1.6%
  Ticker   N          +15m          +30m           +1h           +2h           +5h           EOD           EOD range
  ----------------------------------------------------------------------------------------------------------------------
  QCOM    20    50%W -0.0%    50%W +0.0%    50%W -0.0%    55%W +0.3%    55%W +0.3%    55%W +0.2%       -3.1% → +2.7%
  AVGO    20    50%W -0.0%    30%W -0.2%    55%W +0.1%    55%W +0.1%    65%W +0.2%    55%W +0.1%       -2.1% → +1.6%
  META    20    40%W -0.1%    30%W -0.2%    45%W -0.1%    35%W -0.3%    30%W -0.4%    50%W +0.0%       -3.0% → +1.3%
  CHTR    20    50%W +0.0%    50%W +0.0%    40%W -0.1%    55%W +0.1%    50%W -0.0%    50%W +0.0%       -1.6% → +0.9%
  SNPS    20    65%W +0.1%    65%W +0.1%    55%W +0.3%    50%W +0.1%    45%W -0.4%    45%W -0.1%       -2.9% → +2.9%
  LLY     20    45%W -0.1%    30%W -0.2%    45%W -0.2%    40%W -0.2%    45%W -0.3%    45%W -0.1%       -2.1% → +2.8%
  MRVL    20    50%W +0.0%    45%W -0.1%    50%W +0.1%    45%W -0.0%    50%W -0.2%    45%W -0.2%       -3.2% → +4.4%
  TSLA    20    40%W -0.2%    35%W -0.3%    45%W -0.1%    55%W +0.1%    40%W -0.2%    45%W -0.6%       -6.7% → +6.2%
  SPOT    20    20%W -0.5%    20%W -0.5%    20%W -0.4%    25%W -0.5%    35%W -0.9%    35%W -1.3%       -3.2% → +1.3%
  MU      20    50%W -0.1%    40%W -0.1%    50%W +0.0%    35%W -0.4%    35%W -0.9%    35%W -0.6%       -4.2% → +1.5%
  CRWD    20    15%W -1.0%    30%W -0.6%    45%W -0.5%    35%W -0.5%    35%W -0.7%    35%W -1.8%      -10.0% → +4.2%
  AMD     20    45%W -0.1%    30%W -0.2%    45%W -0.2%    30%W -0.3%    35%W -1.0%    35%W -0.6%       -3.5% → +2.4%
  DDOG     7    33%W -0.4%    17%W -0.7%    33%W -0.8%    33%W -2.2%     0%W -5.6%    17%W -4.8%       -9.3% → +0.7%

=========================================================================================================================================================================================
Pre-Session Top-2 Performance — 2019-09-03 to 2019-09-30  |  Unconditional OR-close entry  |  OR: 09:30/3b
=========================================================================================================================================================================================
Date         Ticker Rank  At       Entry       +15m       +30m       +45m        +1h     +1h30m        +2h        +3h        +4h        +5h        +6h        +7h        EOD
-----------------------------------------------------------------------------------------------------------------------------------------------------------------------------------------
2019-09-03   CHTR   #1    09:40   410.01    +0.07%W    -0.03%L    +0.19%W    +0.41%W    +0.10%W    +0.65%W    +0.45%W    +0.29%W    +0.23%W    +0.24%W    +0.38%W    +0.38%W
2019-09-03   SPOT   #2    09:40   133.87    +0.51%W    -0.13%L    -0.57%L    -0.35%L    -0.61%L    -0.94%L    -0.71%L    -0.89%L    -0.86%L    -0.56%L    -0.37%L    -0.37%L
2019-09-04   CHTR   #1    09:40   416.62    +0.43%W    +0.03%W    +0.09%W    -0.04%L    -0.04%L    +0.30%W    +0.66%W    +0.37%W    +0.35%W    +0.64%W    +0.68%W    +0.68%W
2019-09-04   LLY    #2    09:40   113.49    +0.08%W    -0.33%L    -0.14%L    -0.33%L    -0.85%L    -0.54%L    -0.46%L    -0.70%L    -0.44%L    -0.47%L    -0.19%L    -0.19%L
2019-09-05   CHTR   #1    09:40   422.90    +0.27%W    +1.13%W    +0.83%W    +0.40%W    +0.41%W    +0.46%W    +0.19%W    -0.27%L    -0.56%L    -0.38%L    -0.21%L    -0.21%L
2019-09-05   SNPS   #2    09:40   144.43    +0.07%W    +0.79%W    +0.98%W    +0.59%W    +0.42%W    +0.26%W    +0.47%W    +0.26%W    +0.57%W    +0.90%W    +1.06%W    +1.06%W
2019-09-06   CHTR   #1    09:40   423.94    +0.25%W    +0.30%W    +0.46%W    +0.55%W    +0.53%W    +0.45%W    +0.47%W    +0.83%W    +0.82%W    +0.52%W    +0.44%W    +0.44%W
2019-09-06   SNPS   #2    09:40   145.77    +0.14%W    +0.27%W    +0.38%W    +0.46%W    +0.44%W    +0.54%W    -0.03%L    +0.01%W    +0.24%W    -0.01%L    -0.19%L    -0.19%L
2019-09-09   CHTR   #1    09:40   424.48    -0.27%L    +0.03%W    -0.54%L    -0.86%L    -0.97%L    -1.23%L    -1.51%L    -1.44%L    -1.06%L    -1.00%L    -1.10%L    -1.10%L
2019-09-09   SNPS   #2    09:40   145.52    -0.95%L    -1.76%L    -1.44%L    -1.64%L    -1.86%L    -1.68%L    -2.80%L    -2.56%L    -3.00%L    -2.90%L    -2.91%L    -2.91%L
2019-09-10   CHTR   #1    09:40   420.52    -0.02%L    -0.01%L    -0.10%L    -0.08%L    +0.27%W    +0.20%W    +0.68%W    +0.56%W    -0.08%L    -0.15%L    +0.19%W    +0.19%W
2019-09-10   LLY    #2    09:40   108.01    +0.03%W    +0.26%W    +0.75%W    +0.68%W    +1.20%W    +1.08%W    +2.36%W    +1.99%W    +2.68%W    +2.77%W    +2.83%W    +2.83%W
2019-09-11   CHTR   #1    09:40   422.56    +0.22%W    +0.47%W    +0.27%W    +0.13%W    +0.38%W    +0.23%W    +0.09%W    +0.33%W    +0.60%W    +0.49%W    +0.58%W    +0.58%W
2019-09-11   LLY    #2    09:40   111.39    -0.44%L    -0.39%L    -0.31%L    -0.22%L    -0.27%L    -0.58%L    -0.31%L    -0.31%L    -0.45%L    -0.16%L    +0.24%W    +0.24%W
2019-09-12   CHTR   #1    09:40   424.80    +0.16%W    +0.37%W    +0.69%W    +1.01%W    +0.63%W    +0.92%W    +1.25%W    +1.31%W    +1.12%W    +0.30%W    +0.04%W    +0.04%W
2019-09-12   LLY    #2    09:40   111.78    -0.53%L    -0.21%L    -0.45%L    +0.02%W    -0.02%L    +0.12%W    +0.34%W    +0.42%W    +0.35%W    +0.01%W    -0.24%L    -0.24%L
2019-09-13   CHTR   #1    09:40   424.57    -0.02%L    +0.10%W    +0.04%W    -0.20%L    -0.31%L    -0.49%L    -0.21%L    +0.03%W    +0.10%W    +0.17%W    +0.22%W    +0.22%W
2019-09-13   LLY    #2    09:40   111.94    -0.18%L    -0.40%L    -0.29%L    -0.96%L    -0.51%L    -1.05%L    -0.89%L    -0.90%L    -0.99%L    -1.05%L    -0.94%L    -0.94%L
2019-09-16   CHTR   #1    09:40   424.93    +0.03%W    +0.17%W    -0.18%L    -0.37%L    -0.46%L    -0.86%L    -1.16%L    -1.25%L    -1.02%L    -0.36%L    -0.40%L    -0.40%L
2019-09-16   LLY    #2    09:40   110.42    +0.03%W    -0.48%L    -0.72%L    -0.78%L    -0.45%L    -0.50%L    -0.60%L    -0.05%L    -0.26%L    -0.21%L    -0.27%L    -0.27%L
2019-09-17   CHTR   #1    09:40   422.58    -0.28%L    -0.07%L    +0.15%W    +0.11%W    -0.03%L    +0.22%W    +0.30%W    +0.21%W    +0.32%W    +0.63%W    +0.61%W    +0.61%W
2019-09-17   AVGO   #2    09:40   287.28    -1.05%L    -0.85%L    -0.90%L    -0.51%L    -0.55%L    -0.15%L    -0.10%L    +0.07%W    +0.08%W    +0.43%W    +0.52%W    +0.52%W
2019-09-18   CHTR   #1    09:40   421.34    +0.16%W    +0.54%W    +0.66%W    +0.52%W    +0.62%W    +0.62%W    +0.75%W    +0.65%W    +0.38%W    +0.94%W    +0.94%W    +0.94%W
2019-09-18   AVGO   #2    09:40   289.11    +0.30%W    -0.06%L    -0.18%L    -0.42%L    -0.93%L    -0.74%L    -0.51%L    -0.74%L    -1.44%L    -0.58%L    -0.47%L    -0.47%L
2019-09-19   CHTR   #1    09:40   428.86    -0.48%L    -0.12%L    -0.28%L    -0.18%L    -0.14%L    -0.07%L    -0.22%L    -0.18%L    -0.19%L    -0.28%L    -0.34%L    -0.34%L
2019-09-19   META   #2    09:40   189.41    +0.24%W    +0.60%W    +0.66%W    +0.72%W    +0.60%W    +0.62%W    +0.15%W    -0.13%L    -0.04%L    +0.33%W    +0.39%W    +0.39%W
2019-09-20   CHTR   #1    09:40   425.87    +0.24%W    -0.03%L    -0.02%L    -0.36%L    -0.30%L    -0.36%L    -0.62%L    -1.25%L    -1.15%L    -1.39%L    -1.34%L    -1.34%L
2019-09-20   META   #2    09:40   192.65    -0.50%L    -0.40%L    -0.71%L    -0.69%L    -0.77%L    -1.41%L    -1.52%L    -1.71%L    -1.48%L    -1.63%L    -1.43%L    -1.43%L
2019-09-23   CHTR   #1    09:40   421.76    -0.13%L    -0.07%L    -0.08%L    -0.08%L    -0.21%L    -0.02%L    +0.37%W    +0.02%W    +0.06%W    +0.04%W    -0.04%L    -0.04%L
2019-09-23   META   #2    09:40   187.63    +0.11%W    -0.62%L    -0.59%L    -1.10%L    -0.77%L    -0.44%L    -0.55%L    -0.42%L    -0.43%L    -0.34%L    -0.42%L    -0.42%L
2019-09-24   CHTR   #1    09:40   424.38    -0.37%L    -0.47%L    -0.34%L    -0.35%L    -0.57%L    -1.20%L    -1.77%L    -1.42%L    -1.44%L    -1.57%L    -1.57%L    -1.57%L
2019-09-24   META   #2    09:40   186.97    -0.08%L    -0.22%L    -0.37%L    -0.61%L    -0.58%L    -1.33%L    -2.40%L    -2.80%L    -3.02%L    -3.25%L    -3.04%L    -3.04%L
2019-09-25   CHTR   #1    09:40   416.93    -0.22%L    -0.43%L    -0.40%L    -0.47%L    -0.42%L    +0.07%W    +0.02%W    -0.16%L    -0.11%L    +0.01%W    -0.03%L    -0.03%L
2019-09-25   QCOM   #2    09:40    75.21    -0.12%L    +0.09%W    +0.38%W    +0.74%W    +1.65%W    +1.49%W    +1.58%W    +1.91%W    +2.54%W    +2.82%W    +2.73%W    +2.73%W
2019-09-26   QCOM   #1    09:40    76.96    -0.39%L    -0.48%L    -0.57%L    -0.45%L    -0.94%L    -0.70%L    -0.19%L    +0.14%W    +0.39%W    +0.51%W    +0.55%W    +0.55%W
2019-09-26   CHTR   #2    09:40   414.94    -0.34%L    -0.74%L    -0.92%L    -0.94%L    -1.68%L    -2.01%L    -1.34%L    -1.19%L    -1.27%L    -0.89%L    -0.94%L    -0.94%L
2019-09-27   QCOM   #1    09:40    77.70    -0.10%L    +0.13%W    +0.23%W    +0.06%W    +0.31%W    -0.53%L    -0.52%L    -0.91%L    -1.56%L    -1.40%L    -1.39%L    -1.39%L
2019-09-27   META   #2    09:40   179.40    -0.76%L    -0.81%L    -0.46%L    -0.31%L    +0.04%W    -0.78%L    -0.74%L    -0.99%L    -1.65%L    -1.54%L    -1.30%L    -1.30%L
2019-09-30   QCOM   #1    09:40    76.68    -0.07%L    -0.14%L    -0.29%L    -0.27%L    -0.39%L    -0.37%L    -0.21%L    -0.35%L    -0.17%L    -0.27%L    -0.52%L    -0.52%L
2019-09-30   AVGO   #2    09:40   274.80    -0.58%L    -0.60%L    -0.21%L    -0.66%L    -0.31%L    -0.45%L    +0.42%W    +0.55%W    +0.26%W    +0.29%W    +0.47%W    +0.47%W

========================================================================================
Pre-session picks summary — 40 pick(s) across 20 trading day(s)

Top-2 picks (all days)  (40 signal(s))
  Hold      Count   Win Rate   Avg Gain    Avg Win   Avg Loss ProfitFactor   Sum Ret%
  -------------------------------------------------------------------------
  +15m         40      45.0%     -0.11%     +0.19%     -0.36%        0.43x     -4.52%
  +30m         40      37.5%     -0.11%     +0.35%     -0.39%        0.54x     -4.56%
  +45m         40      37.5%     -0.11%     +0.45%     -0.44%        0.61x     -4.29%
  +1h          40      35.0%     -0.17%     +0.46%     -0.51%        0.49x     -6.79%
  +1h30m       40      35.0%     -0.18%     +0.54%     -0.57%        0.51x     -7.33%
  +2h          40      40.0%     -0.26%     +0.51%     -0.77%        0.45x    -10.20%
  +3h          40      42.5%     -0.22%     +0.62%     -0.84%        0.54x     -8.83%
  +4h          40      45.0%     -0.27%     +0.55%     -0.94%        0.48x    -10.71%
  +5h          40      42.5%     -0.29%     +0.65%     -0.99%        0.49x    -11.58%
  +6h          40      45.0%     -0.21%     +0.67%     -0.93%        0.59x     -8.36%
  +7h          40      42.5%     -0.17%     +0.76%     -0.85%        0.66x     -6.77%
  EOD          40      42.5%     -0.17%     +0.76%     -0.85%        0.66x     -6.77%

=========================================================================================================================================================================================
Signal Analysis — 2019-09-03 to 2019-09-30  |  BULL only  |  Vol ≥ 1.0x 20dAvg
Windows: 09:30/3b  |  Collection: 3 bars  |  Tickers: 18
=========================================================================================================================================================================================
Date         Ticker Window   At       Entry  Vol/20d       +15m       +30m       +45m        +1h     +1h30m        +2h        +3h        +4h        +5h        +6h        +7h        EOD
-----------------------------------------------------------------------------------------------------------------------------------------------------------------------------------------
2019-09-03   MU     09:30/3b 09:40    45.29    1.51x    -0.64%L    -1.79%L    -1.07%L    -1.39%L    -1.28%L    -1.28%L    -1.21%L    -1.41%L    -1.56%L    -0.55%L    -0.66%L    -0.66%L
2019-09-03   LLY    09:30/3b 09:40   113.72    2.28x    -0.18%L    -0.49%L    -0.53%L    -0.60%L    -0.80%L    -0.30%L    -0.24%L    -0.19%L    +0.07%W    +0.00%L    +0.22%W    +0.22%W
2019-09-03   CRWD   09:30/3b 09:45    81.48    1.30x    -1.17%L    -1.08%L    -0.11%L    +0.95%W    +0.71%W    -0.01%L    -0.38%L    +0.16%W    +1.06%W    +2.01%W    +2.68%W    +2.68%W
2019-09-04   AVGO   09:30/3b 09:40   282.71    2.80x    +0.18%W    -0.37%L    +0.08%W    -0.36%L    -0.24%L    +0.24%W    +0.10%W    +0.37%W    +0.02%W    +0.01%W    +0.14%W    +0.14%W
2019-09-05   TSLA   09:30/3b 09:40   223.18    1.51x    -0.53%L    +0.16%W    +0.41%W    +0.44%W    +0.27%W    +0.90%W    +1.06%W    +2.00%W    +2.23%W    +2.69%W    +2.82%W    +2.82%W
2019-09-06   SNPS   09:30/3b 09:45   145.91    1.62x    +0.08%W    +0.05%W    +0.27%W    +0.34%W    +0.30%W    +0.42%W    -0.27%L    -0.17%L    +0.20%W    -0.22%L    -0.28%L    -0.28%L
2019-09-06   SPOT   09:30/3b 09:40   135.25    4.40x    -0.22%L    +0.55%W    +0.47%W    +0.75%W    +0.54%W    +0.87%W    +0.45%W    +0.76%W    +0.81%W    +0.49%W    +0.61%W    +0.61%W
2019-09-06   MU     09:30/3b 09:45    49.36    1.16x    -0.43%L    -0.43%L    -0.18%L    +0.06%W    +0.06%W    -0.53%L    -0.69%L    -0.75%L    -0.84%L    -0.83%L    -0.81%L    -0.81%L
2019-09-09   META   09:30/3b 09:40   187.39    1.59x    -0.33%L    -0.17%L    +0.26%W    +0.45%W    +0.36%W    +0.12%W    -0.61%L    -0.25%L    -0.01%L    +0.72%W    +0.74%W    +0.74%W
2019-09-10   META   09:30/3b 09:45   187.44    1.73x    +0.14%W    +0.04%W    +0.14%W    -0.05%L    -0.37%L    -0.30%L    -0.10%L    -0.33%L    -1.30%L    -1.21%L    -0.60%L    -0.60%L
2019-09-10   MU     09:30/3b 09:40    49.53    1.60x    -0.34%L    -0.65%L    -0.59%L    -1.14%L    -1.84%L    -1.59%L    -0.99%L    -0.79%L    -1.27%L    -0.67%L    -0.28%L    -0.28%L
2019-09-10   CRWD   09:30/3b 09:40    68.82    3.59x    -1.19%L    +0.16%W    +1.50%W    +2.12%W    +2.12%W    +3.37%W    +3.12%W    +2.45%W    +2.37%W    +3.35%W    +4.23%W    +4.23%W
2019-09-10   CHTR   09:30/3b 09:40   420.52    1.23x    -0.02%L    -0.01%L    -0.10%L    -0.08%L    +0.27%W    +0.20%W    +0.68%W    +0.56%W    -0.08%L    -0.15%L    +0.19%W    +0.19%W
2019-09-11   META   09:30/3b 09:45   186.81    1.21x    +0.36%W    +0.39%W    +0.36%W    +0.55%W    +0.68%W    +1.03%W    +1.31%W    +0.85%W    +0.70%W    +0.70%W    +0.94%W    +0.94%W
2019-09-11   QCOM   09:30/3b 09:45    79.03    1.12x    +0.24%W    +0.23%W    +0.12%W    +0.29%W    +0.16%W    +0.10%W    +0.15%W    +0.22%W    +1.00%W    +0.84%W    +1.09%W    +1.09%W
2019-09-12   SNPS   09:30/3b 09:45   136.36    1.44x    +0.37%W    +1.26%W    +1.53%W    +1.17%W    +0.69%W    +1.22%W    +0.96%W    +1.42%W    +1.43%W    +0.89%W    +0.76%W    +0.76%W
2019-09-12   CHTR   09:30/3b 09:50   426.46    1.08x    +0.15%W    +0.14%W    +0.57%W    +0.33%W    +0.46%W    +0.79%W    +1.02%W    +0.90%W    +0.61%W    -0.14%L    -0.34%L    -0.34%L
2019-09-12   AMD    09:30/3b 09:50    30.20    1.02x    +0.67%W    +1.38%W    +1.35%W    +0.82%W    +0.85%W    +0.93%W    +0.52%W    +0.83%W    +0.42%W    +0.14%W    +0.06%W    +0.06%W
2019-09-13   LLY    09:30/3b 09:50   111.82    1.16x    -0.04%L    -0.19%L    -0.89%L    -0.55%L    -0.62%L    -1.12%L    -0.91%L    -0.68%L    -0.85%L    -0.94%L    -0.83%L    -0.83%L
2019-09-13   TSLA   09:30/3b 09:40   246.94    1.08x    +0.06%W    -0.32%L    -0.33%L    -0.43%L    -0.14%L    -0.18%L    -0.48%L    -0.31%L    -0.45%L    -0.50%L    -0.68%L    -0.68%L
2019-09-16   CRWD   09:30/3b 09:40    66.22    1.36x    -0.95%L    -0.69%L    -1.31%L    -1.19%L    -1.02%L    -0.57%L    +1.39%W    +2.45%W    +3.63%W    +2.88%W    +2.33%W    +2.33%W
2019-09-16   TSLA   09:30/3b 09:40   246.47    1.34x    +0.13%W    -0.21%L    -0.99%L    -0.97%L    -0.89%L    -1.51%L    -1.64%L    -1.16%L    -1.58%L    -1.47%L    -1.53%L    -1.53%L
2026-06-02 19:29:26,520 WARNING DDOG 2019-09-19: insufficient history for vol_20day_avg, skipping
2026-06-02 19:29:26,788 WARNING DDOG 2019-09-20: insufficient history for vol_20day_avg, skipping
2019-09-17   META   09:30/3b 09:40   187.13    1.19x    -0.18%L    -0.23%L    -0.49%L    -0.61%L    -0.62%L    -0.57%L    -0.62%L    -0.68%L    -0.61%L    -0.01%L    +0.52%W    +0.52%W
2019-09-17   CRWD   09:30/3b 09:45    69.46    1.01x    -1.21%L    -0.12%L    -0.23%L    -0.10%L    +1.65%W    +2.15%W    +1.58%W    +1.21%W    +1.86%W    +2.09%W    +2.30%W    +2.30%W
2019-09-18   SPOT   09:30/3b 09:50   130.14    1.13x    +0.12%W    -0.17%L    -0.80%L    -1.02%L    -1.09%L    -1.87%L    -2.09%L    -2.45%L    -2.72%L    -1.75%L    -1.66%L    -1.66%L
2019-09-19   CHTR   09:30/3b 09:50   429.13    1.27x    -0.27%L    -0.28%L    -0.34%L    -0.38%L    -0.15%L    -0.18%L    -0.31%L    -0.14%L    -0.28%L    -0.53%L    -0.40%L    -0.40%L
2019-09-20   SPOT   09:30/3b 09:50   124.99    2.12x    +0.39%W    -0.04%L    -0.00%L    -0.40%L    -0.44%L    -1.19%L    -1.32%L    -2.46%L    -2.37%L    -3.21%L    -3.45%L    -3.45%L
2019-09-20   LLY    09:30/3b 09:50   116.64    1.02x    -0.14%L    -0.12%L    -0.12%L    -0.41%L    -0.70%L    -0.54%L    -0.11%L    -0.40%L    +0.11%W    -0.04%L    -0.42%L    -0.42%L
2019-09-23   AMD    09:30/3b 09:40    30.60    1.45x    -0.62%L    -1.44%L    -0.78%L    -1.05%L    -1.13%L    -1.03%L    -0.07%L    -0.07%L    +0.10%W    +0.18%W    +0.16%W    +0.16%W
2019-09-24   CHTR   09:30/3b 09:40   424.38    2.69x    -0.37%L    -0.47%L    -0.34%L    -0.35%L    -0.57%L    -1.20%L    -1.77%L    -1.42%L    -1.44%L    -1.57%L    -1.57%L    -1.57%L
2019-09-26   SNPS   09:30/3b 09:50   139.61    1.15x    -0.02%L    +0.01%W    +0.17%W    +0.64%W    +0.09%W    +0.08%W    +0.78%W    +1.09%W    +0.81%W    +0.77%W    +0.82%W    +0.82%W
2019-09-27   TSLA   09:30/3b 09:40   244.24    1.47x    -0.56%L    -0.58%L    +0.28%W    +0.95%W    +1.22%W    +0.14%W    -1.31%L    -1.38%L    -1.86%L    -1.43%L    -0.86%L    -0.86%L
2019-09-27   AMD    09:30/3b 09:40    29.53    1.02x    -1.17%L    -0.80%L    -0.14%L    +0.27%W    +0.78%W    -1.02%L    -1.46%L    -2.08%L    -3.32%L    -2.83%L    -2.74%L    -2.74%L
2019-09-30   SPOT   09:30/3b 09:40   112.44    1.88x    +0.77%W    +1.79%W    +1.33%W    +1.05%W    +0.90%W    +1.35%W    +2.10%W    +2.19%W    +1.97%W    +1.65%W    +1.43%W    +1.43%W

========================================================================================
Summary — 34 qualifying signal(s) across 20 trading day(s)

Window 09:30/3b  (34 signal(s))
  Hold      Count   Win Rate   Avg Gain    Avg Win   Avg Loss ProfitFactor   Sum Ret%
  -------------------------------------------------------------------------
  +15m         34      38.2%     -0.20%     +0.28%     -0.50%        0.35x     -6.92%
  +30m         34      35.3%     -0.13%     +0.51%     -0.48%        0.58x     -4.48%
  +45m         34      44.1%     -0.02%     +0.59%     -0.49%        0.95x     -0.51%
  +1h          34      47.1%     +0.00%     +0.70%     -0.62%        1.01x     +0.11%
  +1h30m       34      52.9%     +0.01%     +0.67%     -0.74%        1.02x     +0.22%
  +2h          34      47.1%     -0.03%     +0.87%     -0.83%        0.93x     -1.09%
  +3h          34      41.2%     -0.04%     +1.09%     -0.83%        0.92x     -1.32%
  +4h          34      44.1%     +0.01%     +1.16%     -0.90%        1.02x     +0.34%
  +5h          34      52.9%     -0.03%     +1.08%     -1.28%        0.94x     -1.15%
  +6h          34      44.1%     +0.04%     +1.29%     -0.95%        1.08x     +1.37%
  +7h          34      52.9%     +0.14%     +1.22%     -1.07%        1.28x     +4.88%
  EOD          34      52.9%     +0.14%     +1.22%     -1.07%        1.28x     +4.88%
