Fetching 5-min bars (2019-07-02 → 2019-08-30) [alpaca]...
  [cache] fetching 9 tickers from alpaca (cache miss)
  [cache] loaded 8 tickers from cache
Fetching daily bars (2018-08-01 → 2019-08-30)...

=========================================================================================================================================================================================
Pre-Session Rankings (9:25) — 2019-08-01 to 2019-08-30  |  20d lookback
=========================================================================================================================================================================================
Pre-session top-2 (9:25, 20d EOD win rate) — 2019-08-01  OR: 09:30/3b
  #1 TSLA   +15m 55%W +0.1%  +30m 40%W -0.1%  +1h 40%W -0.1%  +2h 55%W +0.2%  +5h 85%W +0.6%  EOD 80%W +0.6%  EOD range -2.1% → +2.9%
  #2 MU     +15m 35%W -0.3%  +30m 30%W -0.5%  +1h 30%W -0.2%  +2h 45%W -0.2%  +5h 60%W +0.2%  EOD 65%W +0.5%  EOD range -3.3% → +2.8%
  Ticker   N          +15m          +30m           +1h           +2h           +5h           EOD           EOD range
  ----------------------------------------------------------------------------------------------------------------------
  TSLA    20  55%W +0.1%  40%W -0.1%  40%W -0.1%  55%W +0.2%  85%W +0.6%  80%W +0.6%       -2.1% → +2.9%
  MU      20  35%W -0.3%  30%W -0.5%  30%W -0.2%  45%W -0.2%  60%W +0.2%  65%W +0.5%       -3.3% → +2.8%
  SNPS    20  50%W +0.0%  50%W -0.0%  55%W +0.1%  60%W +0.0%  58%W +0.2%  65%W +0.3%       -1.7% → +1.8%
  META    20  45%W -0.0%  50%W -0.0%  55%W +0.1%  40%W -0.2%  50%W -0.1%  55%W +0.1%       -1.4% → +2.4%
  MRVL    20  45%W -0.1%  35%W -0.2%  45%W -0.2%  55%W +0.1%  65%W +0.2%  55%W +0.1%       -1.7% → +1.9%
  CRWD    20  60%W +0.8%  65%W +1.0%  70%W +0.6%  65%W +0.5%  65%W +0.7%  55%W +0.7%       -4.6% → +8.2%
  CHTR    20  50%W +0.0%  40%W -0.1%  40%W -0.1%  50%W +0.0%  58%W +0.1%  55%W +0.0%       -1.3% → +3.7%
  AMD     20  50%W -0.0%  45%W -0.2%  45%W -0.2%  40%W -0.2%  45%W -0.2%  45%W -0.4%       -2.6% → +3.5%
  LLY     20  40%W -0.1%  45%W -0.1%  45%W -0.3%  35%W -0.3%  47%W -0.2%  45%W -0.1%       -1.9% → +1.4%
  SPOT    20  25%W -0.2%  45%W -0.1%  20%W -0.5%  40%W -0.0%  47%W -0.1%  40%W -0.2%       -2.1% → +5.1%
  QCOM    20  40%W -0.1%  50%W -0.0%  50%W -0.0%  55%W +0.1%  35%W -0.1%  40%W -0.3%       -2.3% → +1.9%
  AVGO    20  50%W -0.0%  35%W -0.1%  30%W -0.2%  30%W -0.2%  40%W -0.3%  30%W -0.2%       -2.2% → +1.2%
Pre-session top-2 (9:25, 20d EOD win rate) — 2019-08-02  OR: 09:30/3b
  #1 TSLA   +15m 50%W +0.0%  +30m 40%W -0.1%  +1h 40%W -0.1%  +2h 55%W +0.2%  +5h 85%W +0.6%  EOD 80%W +0.6%  EOD range -3.7% → +2.9%
  #2 MU     +15m 35%W -0.2%  +30m 30%W -0.4%  +1h 30%W -0.2%  +2h 50%W -0.0%  +5h 55%W +0.2%  EOD 65%W +0.5%  EOD range -4.5% → +2.8%
  Ticker   N          +15m          +30m           +1h           +2h           +5h           EOD           EOD range
  ----------------------------------------------------------------------------------------------------------------------
  TSLA    20  50%W +0.0%  40%W -0.1%  40%W -0.1%  55%W +0.2%  85%W +0.6%  80%W +0.6%       -3.7% → +2.9%
  MU      20  35%W -0.2%  30%W -0.4%  30%W -0.2%  50%W -0.0%  55%W +0.2%  65%W +0.5%       -4.5% → +2.8%
  SNPS    20  45%W -0.1%  50%W -0.0%  55%W +0.1%  60%W +0.0%  55%W +0.2%  60%W +0.3%       -1.7% → +1.8%
  META    20  45%W -0.0%  50%W -0.0%  55%W +0.1%  40%W -0.2%  45%W -0.3%  50%W -0.2%       -1.8% → +2.4%
  MRVL    20  50%W +0.1%  40%W -0.2%  45%W -0.2%  55%W +0.1%  60%W +0.2%  50%W +0.0%       -3.5% → +1.8%
  CRWD    20  60%W +0.8%  70%W +1.0%  65%W +0.5%  65%W +0.5%  60%W +0.3%  50%W +0.1%       -4.6% → +8.2%
  CHTR    20  50%W +0.0%  40%W -0.1%  40%W -0.1%  50%W +0.0%  55%W +0.1%  50%W +0.0%       -1.3% → +3.7%
  LLY     20  45%W -0.1%  50%W +0.0%  50%W -0.1%  40%W -0.2%  50%W -0.1%  50%W -0.1%       -1.9% → +1.6%
  AMD     20  50%W -0.0%  45%W -0.1%  40%W -0.2%  40%W -0.2%  40%W -0.4%  40%W -0.6%       -4.5% → +3.5%
  SPOT    20  30%W -0.2%  45%W -0.1%  25%W -0.4%  45%W -0.0%  50%W -0.0%  40%W -0.2%       -2.1% → +5.1%
  QCOM    20  40%W -0.1%  45%W -0.1%  45%W -0.1%  60%W +0.1%  35%W -0.3%  40%W -0.3%       -2.3% → +1.9%
  AVGO    20  55%W +0.0%  40%W -0.1%  35%W -0.1%  35%W -0.1%  40%W -0.3%  30%W -0.2%       -2.6% → +1.2%
Pre-session top-2 (9:25, 20d EOD win rate) — 2019-08-05  OR: 09:30/3b
  #1 TSLA   +15m 55%W +0.1%  +30m 45%W -0.1%  +1h 40%W -0.1%  +2h 55%W +0.2%  +5h 85%W +0.6%  EOD 80%W +0.8%  EOD range -3.7% → +2.9%
  #2 MU     +15m 35%W -0.2%  +30m 30%W -0.4%  +1h 30%W -0.2%  +2h 50%W -0.0%  +5h 55%W +0.3%  EOD 65%W +0.6%  EOD range -4.5% → +2.8%
  Ticker   N          +15m          +30m           +1h           +2h           +5h           EOD           EOD range
  ----------------------------------------------------------------------------------------------------------------------
  TSLA    20  55%W +0.1%  45%W -0.1%  40%W -0.1%  55%W +0.2%  85%W +0.6%  80%W +0.8%       -3.7% → +2.9%
  MU      20  35%W -0.2%  30%W -0.4%  30%W -0.2%  50%W -0.0%  55%W +0.3%  65%W +0.6%       -4.5% → +2.8%
  SNPS    20  45%W -0.1%  50%W -0.0%  55%W +0.1%  55%W +0.0%  50%W +0.1%  55%W +0.2%       -1.7% → +0.9%
  LLY     20  50%W +0.0%  55%W +0.1%  55%W +0.1%  45%W -0.1%  55%W +0.1%  55%W +0.1%       -1.9% → +1.6%
  CHTR    20  50%W +0.0%  40%W -0.1%  40%W -0.1%  55%W +0.1%  55%W +0.1%  50%W +0.0%       -1.3% → +3.7%
  META    20  45%W -0.0%  50%W -0.0%  55%W +0.1%  40%W -0.2%  40%W -0.5%  45%W -0.5%       -1.8% → +2.4%
  MRVL    20  55%W +0.1%  40%W -0.2%  45%W -0.2%  55%W +0.1%  55%W +0.2%  45%W -0.2%       -3.5% → +1.8%
  CRWD    20  65%W +0.8%  75%W +1.1%  60%W +0.5%  65%W +0.5%  60%W +0.3%  45%W -0.5%       -4.6% → +8.2%
  AMD     20  50%W -0.0%  45%W -0.1%  40%W -0.3%  35%W -0.2%  35%W -0.4%  40%W -0.6%       -4.5% → +3.5%
  QCOM    20  40%W -0.1%  45%W -0.1%  45%W -0.2%  55%W +0.1%  30%W -0.4%  40%W -0.3%       -2.3% → +1.9%
  SPOT    20  35%W -0.2%  45%W -0.1%  25%W -0.5%  45%W -0.0%  45%W -0.1%  35%W -0.4%       -2.1% → +5.1%
  AVGO    20  55%W +0.0%  35%W -0.1%  35%W -0.1%  35%W -0.1%  40%W -0.3%  30%W -0.2%       -2.6% → +1.2%
Pre-session top-2 (9:25, 20d EOD win rate) — 2019-08-06  OR: 09:30/3b
  #1 TSLA   +15m 50%W +0.0%  +30m 40%W -0.1%  +1h 40%W -0.1%  +2h 50%W +0.1%  +5h 80%W +0.6%  EOD 75%W +0.8%  EOD range -3.7% → +2.9%
  #2 MU     +15m 30%W -0.2%  +30m 25%W -0.4%  +1h 25%W -0.3%  +2h 45%W -0.1%  +5h 50%W +0.1%  EOD 60%W +0.5%  EOD range -4.5% → +1.6%
  Ticker   N          +15m          +30m           +1h           +2h           +5h           EOD           EOD range
  ----------------------------------------------------------------------------------------------------------------------
  TSLA    20  50%W +0.0%  40%W -0.1%  40%W -0.1%  50%W +0.1%  80%W +0.6%  75%W +0.8%       -3.7% → +2.9%
  MU      20  30%W -0.2%  25%W -0.4%  25%W -0.3%  45%W -0.1%  50%W +0.1%  60%W +0.5%       -4.5% → +1.6%
  LLY     20  50%W +0.0%  55%W +0.1%  55%W +0.1%  45%W -0.1%  55%W +0.1%  55%W +0.1%       -3.1% → +1.6%
  CHTR    20  50%W +0.0%  40%W -0.1%  35%W -0.1%  50%W +0.0%  50%W +0.0%  50%W +0.0%       -1.3% → +3.7%
  SNPS    20  45%W -0.1%  45%W -0.1%  50%W +0.0%  50%W -0.0%  45%W -0.2%  50%W -0.1%       -1.7% → +0.9%
  CRWD    20  60%W +0.8%  70%W +0.9%  55%W +0.2%  65%W +0.5%  55%W +0.3%  45%W -0.5%       -4.6% → +8.2%
  META    20  40%W -0.0%  45%W -0.1%  50%W -0.0%  35%W -0.3%  35%W -0.6%  40%W -0.6%       -1.8% → +2.4%
  MRVL    20  55%W +0.1%  35%W -0.3%  40%W -0.3%  50%W +0.0%  50%W +0.0%  40%W -0.4%       -3.5% → +1.8%
  AMD     20  50%W -0.0%  45%W -0.1%  35%W -0.3%  30%W -0.2%  30%W -0.5%  35%W -0.6%       -4.5% → +3.5%
  SPOT    20  40%W -0.2%  45%W -0.1%  25%W -0.6%  45%W -0.0%  45%W -0.1%  35%W -0.4%       -2.1% → +5.1%
  QCOM    20  35%W -0.2%  40%W -0.2%  40%W -0.3%  55%W +0.0%  30%W -0.5%  35%W -0.4%       -2.3% → +1.9%
  AVGO    20  50%W -0.0%  40%W -0.1%  35%W -0.1%  35%W -0.1%  40%W -0.3%  30%W -0.2%       -2.6% → +1.2%
Pre-session top-2 (9:25, 20d EOD win rate) — 2019-08-07  OR: 09:30/3b
  #1 TSLA   +15m 55%W +0.1%  +30m 40%W -0.1%  +1h 40%W -0.1%  +2h 50%W +0.1%  +5h 80%W +0.6%  EOD 75%W +0.8%  EOD range -3.7% → +2.9%
  #2 MU     +15m 35%W -0.2%  +30m 25%W -0.4%  +1h 25%W -0.3%  +2h 45%W -0.1%  +5h 50%W +0.3%  EOD 60%W +0.5%  EOD range -4.5% → +1.6%
  Ticker   N          +15m          +30m           +1h           +2h           +5h           EOD           EOD range
  ----------------------------------------------------------------------------------------------------------------------
  TSLA    20  55%W +0.1%  40%W -0.1%  40%W -0.1%  50%W +0.1%  80%W +0.6%  75%W +0.8%       -3.7% → +2.9%
  MU      20  35%W -0.2%  25%W -0.4%  25%W -0.3%  45%W -0.1%  50%W +0.3%  60%W +0.5%       -4.5% → +1.6%
  LLY     20  50%W +0.0%  55%W +0.1%  55%W +0.1%  50%W +0.0%  55%W +0.4%  55%W +0.1%       -3.1% → +1.6%
  CHTR    20  45%W -0.0%  35%W -0.1%  30%W -0.2%  45%W -0.1%  45%W -0.1%  45%W -0.1%       -1.3% → +3.7%
  SNPS    20  50%W +0.0%  40%W -0.1%  45%W -0.0%  45%W -0.0%  45%W -0.2%  45%W -0.1%       -1.7% → +0.9%
  META    20  40%W -0.0%  40%W -0.2%  50%W -0.0%  30%W -0.3%  35%W -0.6%  40%W -0.6%       -1.8% → +2.4%
  CRWD    20  60%W +0.8%  65%W +0.7%  50%W -0.1%  60%W +0.3%  50%W -0.6%  40%W -0.7%       -4.6% → +8.2%
  MRVL    20  55%W +0.1%  30%W -0.3%  35%W -0.4%  45%W -0.0%  45%W -0.1%  35%W -0.4%       -3.5% → +1.8%
  AMD     20  50%W -0.0%  40%W -0.2%  30%W -0.3%  25%W -0.2%  30%W -0.5%  35%W -0.6%       -4.5% → +2.2%
  SPOT    20  40%W -0.2%  40%W -0.2%  20%W -0.8%  40%W -0.2%  45%W -0.1%  35%W -0.4%       -2.1% → +5.1%
  QCOM    20  30%W -0.2%  35%W -0.3%  35%W -0.4%  50%W -0.0%  25%W -0.7%  30%W -0.6%       -2.3% → +1.9%
  AVGO    20  50%W -0.0%  40%W -0.1%  35%W -0.1%  30%W -0.2%  40%W -0.3%  25%W -0.2%       -2.6% → +1.2%
Pre-session top-2 (9:25, 20d EOD win rate) — 2019-08-08  OR: 09:30/3b
  #1 TSLA   +15m 60%W +0.1%  +30m 45%W -0.1%  +1h 45%W -0.1%  +2h 55%W +0.2%  +5h 80%W +0.9%  EOD 75%W +0.8%  EOD range -3.7% → +3.1%
  #2 MU     +15m 30%W -0.2%  +30m 30%W -0.3%  +1h 30%W -0.3%  +2h 50%W -0.0%  +5h 50%W +0.3%  EOD 60%W +0.5%  EOD range -4.5% → +1.6%
  Ticker   N          +15m          +30m           +1h           +2h           +5h           EOD           EOD range
  ----------------------------------------------------------------------------------------------------------------------
  TSLA    20  60%W +0.1%  45%W -0.1%  45%W -0.1%  55%W +0.2%  80%W +0.9%  75%W +0.8%       -3.7% → +3.1%
  MU      20  30%W -0.2%  30%W -0.3%  30%W -0.3%  50%W -0.0%  50%W +0.3%  60%W +0.5%       -4.5% → +1.6%
  LLY     20  50%W +0.0%  55%W +0.1%  55%W +0.2%  50%W +0.0%  55%W +0.4%  55%W +0.1%       -3.1% → +2.1%
  CHTR    20  50%W +0.0%  40%W -0.1%  35%W -0.2%  50%W -0.0%  45%W -0.1%  45%W -0.1%       -1.3% → +3.7%
  SNPS    20  50%W +0.0%  40%W -0.1%  50%W +0.0%  45%W -0.0%  50%W +0.1%  45%W -0.1%       -1.7% → +2.2%
  META    20  40%W -0.0%  40%W -0.2%  50%W -0.0%  35%W -0.2%  40%W -0.6%  40%W -0.6%       -1.8% → +2.4%
  MRVL    20  60%W +0.1%  35%W -0.3%  40%W -0.3%  50%W +0.0%  50%W +0.0%  40%W -0.4%       -3.5% → +2.9%
  CRWD    20  65%W +0.9%  70%W +0.9%  50%W -0.1%  60%W +0.4%  50%W -0.6%  40%W -0.7%       -4.6% → +8.2%
  AMD     20  50%W -0.0%  45%W -0.1%  35%W -0.2%  30%W -0.2%  35%W -0.5%  40%W -0.6%       -4.5% → +2.2%
  SPOT    20  45%W -0.1%  45%W -0.1%  25%W -0.6%  45%W -0.0%  50%W +0.1%  40%W -0.4%       -2.1% → +5.1%
  QCOM    20  35%W -0.2%  40%W -0.2%  40%W -0.3%  55%W +0.0%  30%W -0.5%  35%W -0.4%       -2.2% → +3.0%
  AVGO    20  55%W +0.0%  45%W -0.0%  40%W -0.0%  35%W -0.1%  45%W -0.1%  30%W -0.1%       -2.6% → +2.0%
Pre-session top-2 (9:25, 20d EOD win rate) — 2019-08-09  OR: 09:30/3b
  #1 TSLA   +15m 55%W +0.1%  +30m 45%W -0.1%  +1h 40%W -0.1%  +2h 55%W +0.2%  +5h 80%W +1.1%  EOD 75%W +1.0%  EOD range -3.7% → +3.1%
  #2 MU     +15m 35%W -0.2%  +30m 35%W -0.3%  +1h 35%W -0.1%  +2h 55%W +0.2%  +5h 55%W +0.6%  EOD 60%W +0.5%  EOD range -4.5% → +2.0%
  Ticker   N          +15m          +30m           +1h           +2h           +5h           EOD           EOD range
  ----------------------------------------------------------------------------------------------------------------------
  TSLA    20  55%W +0.1%  45%W -0.1%  40%W -0.1%  55%W +0.2%  80%W +1.1%  75%W +1.0%       -3.7% → +3.1%
  MU      20  35%W -0.2%  35%W -0.3%  35%W -0.1%  55%W +0.2%  55%W +0.6%  60%W +0.5%       -4.5% → +2.0%
  LLY     20  50%W +0.0%  60%W +0.2%  60%W +0.4%  55%W +0.2%  60%W +0.8%  60%W +0.4%       -3.1% → +2.1%
  SNPS    20  55%W +0.1%  45%W -0.1%  55%W +0.1%  50%W -0.0%  55%W +0.2%  50%W +0.0%       -1.7% → +2.5%
  META    20  40%W -0.0%  40%W -0.2%  55%W +0.1%  40%W -0.2%  45%W -0.5%  45%W -0.6%       -1.8% → +2.7%
  MRVL    20  60%W +0.1%  40%W -0.3%  45%W -0.2%  55%W +0.1%  55%W +0.2%  45%W -0.2%       -3.5% → +2.9%
  CRWD    20  60%W +0.9%  70%W +0.7%  55%W +0.4%  65%W +0.7%  55%W +0.3%  45%W -0.5%       -4.6% → +8.2%
  CHTR    20  55%W +0.1%  45%W -0.1%  40%W -0.1%  50%W -0.0%  45%W -0.1%  45%W -0.1%       -1.3% → +3.7%
  AMD     20  55%W +0.1%  50%W -0.0%  40%W -0.2%  35%W -0.2%  40%W -0.4%  45%W -0.5%       -4.5% → +5.6%
  SPOT    20  50%W -0.0%  50%W +0.0%  30%W -0.4%  50%W +0.1%  55%W +0.2%  45%W -0.2%       -2.1% → +5.1%
  QCOM    20  40%W -0.2%  45%W -0.1%  45%W -0.2%  55%W +0.0%  35%W -0.4%  40%W -0.3%       -2.0% → +3.0%
  AVGO    20  55%W +0.0%  50%W +0.0%  45%W -0.0%  35%W -0.1%  45%W -0.1%  30%W -0.1%       -2.6% → +2.0%
Pre-session top-2 (9:25, 20d EOD win rate) — 2019-08-12  OR: 09:30/3b
  #1 TSLA   +15m 50%W +0.0%  +30m 45%W -0.1%  +1h 40%W -0.1%  +2h 55%W +0.2%  +5h 75%W +1.1%  EOD 70%W +1.0%  EOD range -3.7% → +3.1%
  #2 MU     +15m 30%W -0.2%  +30m 30%W -0.3%  +1h 35%W -0.3%  +2h 50%W -0.0%  +5h 50%W +0.3%  EOD 55%W +0.3%  EOD range -4.5% → +2.0%
  Ticker   N          +15m          +30m           +1h           +2h           +5h           EOD           EOD range
  ----------------------------------------------------------------------------------------------------------------------
  TSLA    20  50%W +0.0%  45%W -0.1%  40%W -0.1%  55%W +0.2%  75%W +1.1%  70%W +1.0%       -3.7% → +3.1%
  MU      20  30%W -0.2%  30%W -0.3%  35%W -0.3%  50%W -0.0%  50%W +0.3%  55%W +0.3%       -4.5% → +2.0%
  LLY     20  50%W +0.0%  55%W +0.2%  60%W +0.4%  55%W +0.2%  55%W +0.4%  55%W +0.1%       -3.1% → +2.1%
  SNPS    20  60%W +0.2%  45%W -0.1%  55%W +0.1%  50%W -0.0%  55%W +0.2%  50%W +0.0%       -1.7% → +2.5%
  CRWD    20  65%W +1.1%  75%W +0.9%  60%W +0.4%  65%W +0.6%  50%W -0.2%  45%W -0.5%       -4.6% → +8.2%
  AMD     20  50%W -0.0%  45%W -0.1%  40%W -0.2%  40%W -0.2%  40%W -0.4%  45%W -0.5%       -4.5% → +5.6%
  SPOT    20  55%W +0.0%  50%W +0.0%  30%W -0.4%  50%W +0.1%  55%W +0.2%  45%W -0.3%       -2.1% → +5.1%
  META    20  40%W -0.0%  40%W -0.1%  50%W -0.1%  35%W -0.3%  40%W -0.6%  40%W -0.7%       -1.8% → +2.7%
  MRVL    20  60%W +0.1%  40%W -0.3%  45%W -0.2%  55%W +0.1%  50%W +0.0%  40%W -0.4%       -3.5% → +2.9%
  CHTR    20  60%W +0.2%  45%W -0.1%  40%W -0.1%  45%W -0.2%  45%W -0.1%  40%W -0.1%       -1.3% → +3.7%
  QCOM    20  45%W -0.1%  45%W -0.1%  45%W -0.2%  55%W +0.0%  35%W -0.4%  40%W -0.3%       -2.0% → +3.0%
  AVGO    20  50%W -0.0%  50%W +0.0%  45%W -0.0%  30%W -0.2%  40%W -0.3%  25%W -0.2%       -2.6% → +2.0%
Pre-session top-2 (9:25, 20d EOD win rate) — 2019-08-13  OR: 09:30/3b
  #1 TSLA   +15m 55%W +0.1%  +30m 40%W -0.1%  +1h 40%W -0.1%  +2h 55%W +0.2%  +5h 70%W +0.8%  EOD 65%W +0.6%  EOD range -3.7% → +3.1%
  #2 LLY    +15m 50%W +0.0%  +30m 60%W +0.2%  +1h 65%W +0.4%  +2h 55%W +0.2%  +5h 55%W +0.4%  EOD 60%W +0.1%  EOD range -3.1% → +2.1%
  Ticker   N          +15m          +30m           +1h           +2h           +5h           EOD           EOD range
  ----------------------------------------------------------------------------------------------------------------------
  TSLA    20  55%W +0.1%  40%W -0.1%  40%W -0.1%  55%W +0.2%  70%W +0.8%  65%W +0.6%       -3.7% → +3.1%
  LLY     20  50%W +0.0%  60%W +0.2%  65%W +0.4%  55%W +0.2%  55%W +0.4%  60%W +0.1%       -3.1% → +2.1%
  MU      20  25%W -0.2%  25%W -0.4%  30%W -0.3%  50%W -0.0%  45%W -0.1%  55%W +0.3%       -4.5% → +2.0%
  CRWD    20  65%W +1.0%  75%W +1.1%  60%W +0.6%  65%W +0.8%  50%W -0.2%  45%W -0.5%       -4.6% → +8.2%
  SNPS    20  55%W +0.1%  40%W -0.1%  50%W +0.0%  45%W -0.0%  50%W +0.1%  45%W -0.1%       -1.7% → +2.5%
  CHTR    20  60%W +0.2%  50%W +0.1%  45%W -0.1%  50%W -0.1%  45%W -0.1%  40%W -0.1%       -1.3% → +3.7%
  AMD     20  50%W -0.0%  40%W -0.2%  35%W -0.2%  35%W -0.2%  35%W -0.5%  40%W -0.6%       -5.3% → +5.6%
  SPOT    20  55%W +0.0%  55%W +0.0%  30%W -0.4%  50%W +0.1%  50%W -0.2%  40%W -0.6%       -2.1% → +5.1%
  QCOM    20  40%W -0.2%  40%W -0.2%  40%W -0.3%  50%W -0.0%  35%W -0.5%  40%W -0.4%       -2.0% → +3.0%
  META    20  45%W -0.0%  45%W -0.1%  50%W -0.1%  35%W -0.3%  35%W -0.6%  35%W -0.7%       -1.8% → +2.7%
  MRVL    20  55%W +0.1%  35%W -0.3%  40%W -0.3%  50%W +0.0%  45%W -0.1%  35%W -0.4%       -3.5% → +2.9%
  AVGO    20  55%W +0.0%  55%W +0.0%  50%W +0.0%  35%W -0.1%  45%W -0.1%  30%W -0.1%       -2.6% → +2.0%
Pre-session top-2 (9:25, 20d EOD win rate) — 2019-08-14  OR: 09:30/3b
  #1 TSLA   +15m 50%W -0.0%  +30m 40%W -0.1%  +1h 40%W -0.1%  +2h 55%W +0.2%  +5h 70%W +0.8%  EOD 65%W +0.6%  EOD range -3.7% → +3.1%
  #2 LLY    +15m 55%W +0.1%  +30m 65%W +0.3%  +1h 70%W +0.4%  +2h 60%W +0.3%  +5h 60%W +0.8%  EOD 60%W +0.4%  EOD range -3.1% → +2.1%
  Ticker   N          +15m          +30m           +1h           +2h           +5h           EOD           EOD range
  ----------------------------------------------------------------------------------------------------------------------
  TSLA    20  50%W -0.0%  40%W -0.1%  40%W -0.1%  55%W +0.2%  70%W +0.8%  65%W +0.6%       -3.7% → +3.1%
  LLY     20  55%W +0.1%  65%W +0.3%  70%W +0.4%  60%W +0.3%  60%W +0.8%  60%W +0.4%       -3.1% → +2.1%
  MU      20  25%W -0.2%  20%W -0.4%  30%W -0.5%  50%W -0.0%  45%W -0.1%  55%W +0.3%       -4.5% → +2.0%
  CRWD    20  60%W +0.8%  70%W +0.8%  55%W +0.2%  60%W +0.6%  55%W +0.3%  50%W -0.2%       -4.6% → +8.2%
  SNPS    20  55%W +0.1%  40%W -0.1%  50%W +0.0%  45%W -0.0%  55%W +0.2%  50%W +0.0%       -1.7% → +2.5%
  QCOM    20  45%W -0.1%  45%W -0.2%  40%W -0.3%  50%W -0.0%  35%W -0.5%  45%W -0.3%       -2.0% → +3.0%
  MRVL    20  50%W +0.0%  35%W -0.3%  40%W -0.3%  50%W +0.1%  50%W +0.0%  40%W -0.4%       -3.5% → +2.9%
  CHTR    20  65%W +0.2%  55%W +0.2%  45%W -0.1%  50%W -0.1%  45%W -0.1%  40%W -0.1%       -1.3% → +3.7%
  AMD     20  55%W +0.1%  45%W -0.1%  35%W -0.2%  35%W -0.2%  35%W -0.4%  40%W -0.6%       -5.3% → +5.6%
  SPOT    20  60%W +0.1%  60%W +0.0%  30%W -0.3%  45%W -0.2%  55%W +0.1%  40%W -0.4%       -2.0% → +5.1%
  META    20  50%W -0.0%  45%W -0.1%  55%W +0.1%  40%W -0.2%  40%W -0.5%  35%W -0.7%       -1.8% → +2.7%
  AVGO    20  55%W +0.0%  55%W +0.0%  55%W +0.1%  40%W -0.1%  50%W +0.1%  35%W -0.0%       -2.6% → +2.0%
Pre-session top-2 (9:25, 20d EOD win rate) — 2019-08-15  OR: 09:30/3b
  #1 TSLA   +15m 50%W -0.0%  +30m 40%W -0.1%  +1h 40%W -0.1%  +2h 50%W +0.1%  +5h 65%W +0.8%  EOD 65%W +0.6%  EOD range -3.8% → +3.1%
  #2 LLY    +15m 55%W +0.1%  +30m 65%W +0.3%  +1h 70%W +0.4%  +2h 60%W +0.3%  +5h 60%W +0.8%  EOD 60%W +0.4%  EOD range -3.1% → +2.1%
  Ticker   N          +15m          +30m           +1h           +2h           +5h           EOD           EOD range
  ----------------------------------------------------------------------------------------------------------------------
  TSLA    20  50%W -0.0%  40%W -0.1%  40%W -0.1%  50%W +0.1%  65%W +0.8%  65%W +0.6%       -3.8% → +3.1%
  LLY     20  55%W +0.1%  65%W +0.3%  70%W +0.4%  60%W +0.3%  60%W +0.8%  60%W +0.4%       -3.1% → +2.1%
  MU      20  25%W -0.2%  20%W -0.4%  25%W -0.6%  45%W -0.1%  40%W -0.2%  50%W +0.1%       -4.5% → +2.0%
  SNPS    20  60%W +0.1%  45%W -0.1%  55%W +0.1%  45%W -0.0%  55%W +0.2%  50%W +0.0%       -1.7% → +2.5%
  CRWD    20  65%W +1.0%  70%W +1.1%  50%W -0.0%  55%W +0.3%  50%W -0.2%  45%W -0.5%       -4.6% → +8.2%
  SPOT    20  65%W +0.1%  65%W +0.1%  35%W -0.2%  50%W +0.1%  60%W +0.2%  45%W -0.1%       -1.9% → +5.1%
  QCOM    20  45%W -0.0%  45%W -0.2%  40%W -0.3%  50%W -0.0%  35%W -0.5%  45%W -0.3%       -2.0% → +3.0%
  MRVL    20  50%W +0.0%  35%W -0.3%  45%W -0.2%  45%W -0.0%  50%W +0.0%  40%W -0.4%       -3.5% → +2.9%
  CHTR    20  65%W +0.2%  60%W +0.2%  50%W -0.0%  50%W -0.1%  50%W +0.0%  40%W -0.1%       -1.3% → +3.7%
  AMD     20  60%W +0.1%  50%W +0.0%  40%W -0.2%  35%W -0.2%  35%W -0.4%  40%W -0.5%       -5.3% → +5.6%
  META    20  50%W -0.0%  45%W -0.1%  55%W +0.1%  40%W -0.2%  40%W -0.5%  35%W -0.7%       -2.6% → +2.7%
  AVGO    20  55%W +0.0%  50%W +0.0%  50%W +0.0%  35%W -0.2%  45%W -0.1%  30%W -0.1%       -2.6% → +2.0%
Pre-session top-2 (9:25, 20d EOD win rate) — 2019-08-16  OR: 09:30/3b
  #1 TSLA   +15m 50%W -0.0%  +30m 45%W -0.1%  +1h 45%W -0.1%  +2h 50%W +0.1%  +5h 60%W +0.8%  EOD 65%W +0.6%  EOD range -3.8% → +3.1%
  #2 LLY    +15m 55%W +0.1%  +30m 65%W +0.3%  +1h 65%W +0.4%  +2h 55%W +0.3%  +5h 55%W +0.4%  EOD 55%W +0.1%  EOD range -3.1% → +2.1%
  Ticker   N          +15m          +30m           +1h           +2h           +5h           EOD           EOD range
  ----------------------------------------------------------------------------------------------------------------------
  TSLA    20  50%W -0.0%  45%W -0.1%  45%W -0.1%  50%W +0.1%  60%W +0.8%  65%W +0.6%       -3.8% → +3.1%
  LLY     20  55%W +0.1%  65%W +0.3%  65%W +0.4%  55%W +0.3%  55%W +0.4%  55%W +0.1%       -3.1% → +2.1%
  MU      20  25%W -0.2%  20%W -0.4%  20%W -0.6%  40%W -0.3%  35%W -0.2%  50%W +0.1%       -4.5% → +2.0%
  SNPS    20  60%W +0.1%  45%W -0.1%  50%W +0.0%  40%W -0.0%  50%W -0.1%  45%W -0.2%       -1.7% → +2.5%
  SPOT    20  65%W +0.1%  60%W +0.0%  35%W -0.2%  50%W +0.1%  60%W +0.2%  45%W -0.1%       -1.9% → +5.1%
  QCOM    20  50%W +0.1%  50%W -0.0%  45%W -0.2%  55%W +0.0%  35%W -0.4%  45%W -0.2%       -2.0% → +3.0%
  MRVL    20  50%W +0.0%  35%W -0.3%  45%W -0.3%  45%W -0.0%  50%W +0.0%  40%W -0.4%       -3.5% → +2.9%
  CRWD    20  60%W +0.8%  65%W +0.8%  45%W -0.3%  50%W -0.1%  45%W -0.4%  40%W -0.6%       -4.6% → +8.2%
  CHTR    20  70%W +0.2%  60%W +0.2%  50%W -0.0%  50%W -0.0%  50%W +0.0%  40%W -0.1%       -1.3% → +3.7%
  AMD     20  55%W +0.1%  45%W -0.1%  40%W -0.2%  35%W -0.2%  35%W -0.5%  40%W -0.5%       -5.3% → +5.6%
  META    20  45%W -0.0%  40%W -0.1%  55%W +0.0%  40%W -0.1%  35%W -0.5%  35%W -0.7%       -2.6% → +2.7%
  AVGO    20  50%W -0.0%  45%W -0.1%  45%W -0.0%  35%W -0.2%  40%W -0.3%  25%W -0.2%       -2.6% → +2.0%
Pre-session top-2 (9:25, 20d EOD win rate) — 2019-08-19  OR: 09:30/3b
  #1 TSLA   +15m 55%W +0.1%  +30m 50%W +0.0%  +1h 50%W +0.1%  +2h 55%W +0.2%  +5h 55%W +0.4%  EOD 65%W +0.6%  EOD range -3.8% → +3.1%
  #2 LLY    +15m 50%W +0.0%  +30m 60%W +0.3%  +1h 60%W +0.2%  +2h 50%W +0.2%  +5h 55%W +0.0%  EOD 55%W +0.2%  EOD range -3.1% → +2.1%
  Ticker   N          +15m          +30m           +1h           +2h           +5h           EOD           EOD range
  ----------------------------------------------------------------------------------------------------------------------
  TSLA    20  55%W +0.1%  50%W +0.0%  50%W +0.1%  55%W +0.2%  55%W +0.4%  65%W +0.6%       -3.8% → +3.1%
  LLY     20  50%W +0.0%  60%W +0.3%  60%W +0.2%  50%W +0.2%  55%W +0.0%  55%W +0.2%       -3.1% → +2.1%
  MU      20  25%W -0.2%  20%W -0.4%  20%W -0.6%  35%W -0.5%  35%W -0.2%  50%W -0.0%       -4.5% → +2.0%
  SNPS    20  60%W +0.1%  45%W -0.1%  55%W +0.1%  45%W -0.0%  55%W +0.2%  50%W +0.0%       -1.7% → +2.5%
  SPOT    20  65%W +0.1%  60%W +0.0%  35%W -0.2%  55%W +0.3%  60%W +0.2%  50%W -0.0%       -1.9% → +5.1%
  QCOM    20  50%W +0.1%  45%W -0.1%  45%W -0.2%  55%W +0.1%  40%W -0.4%  50%W -0.1%       -2.0% → +3.0%
  MRVL    20  55%W +0.1%  40%W -0.3%  50%W -0.1%  50%W +0.1%  55%W +0.2%  45%W -0.2%       -3.5% → +2.9%
  CRWD    20  60%W +0.8%  60%W +0.7%  50%W -0.0%  55%W +0.6%  45%W -0.4%  45%W -0.6%       -4.6% → +8.2%
  CHTR    20  70%W +0.3%  65%W +0.3%  55%W +0.0%  55%W +0.2%  55%W +0.1%  45%W -0.0%       -0.9% → +3.7%
  AMD     20  55%W +0.1%  50%W +0.0%  45%W -0.1%  40%W -0.2%  40%W -0.3%  45%W -0.5%       -5.3% → +5.6%
  META    20  50%W -0.0%  40%W -0.1%  55%W +0.1%  45%W -0.0%  40%W -0.4%  40%W -0.6%       -2.6% → +2.7%
  AVGO    20  50%W -0.0%  45%W -0.0%  50%W +0.0%  40%W -0.1%  45%W -0.1%  30%W -0.1%       -2.6% → +2.0%
Pre-session top-2 (9:25, 20d EOD win rate) — 2019-08-20  OR: 09:30/3b
  #1 TSLA   +15m 60%W +0.1%  +30m 50%W +0.0%  +1h 55%W +0.3%  +2h 60%W +0.2%  +5h 60%W +0.8%  EOD 70%W +1.0%  EOD range -3.8% → +3.1%
  #2 LLY    +15m 50%W +0.0%  +30m 60%W +0.2%  +1h 60%W +0.2%  +2h 50%W +0.2%  +5h 55%W +0.0%  EOD 55%W +0.2%  EOD range -3.1% → +2.1%
  Ticker   N          +15m          +30m           +1h           +2h           +5h           EOD           EOD range
  ----------------------------------------------------------------------------------------------------------------------
  TSLA    20  60%W +0.1%  50%W +0.0%  55%W +0.3%  60%W +0.2%  60%W +0.8%  70%W +1.0%       -3.8% → +3.1%
  LLY     20  50%W +0.0%  60%W +0.2%  60%W +0.2%  50%W +0.2%  55%W +0.0%  55%W +0.2%       -3.1% → +2.1%
  MU      20  25%W -0.2%  20%W -0.3%  25%W -0.6%  35%W -0.5%  35%W -0.2%  50%W -0.0%       -4.5% → +2.0%
  CHTR    20  70%W +0.2%  65%W +0.2%  60%W +0.1%  60%W +0.2%  60%W +0.2%  50%W +0.1%       -0.9% → +3.7%
  SNPS    20  60%W +0.1%  40%W -0.1%  55%W +0.1%  45%W -0.0%  55%W +0.2%  50%W +0.1%       -1.7% → +2.5%
  SPOT    20  65%W +0.1%  55%W +0.0%  35%W -0.2%  55%W +0.3%  60%W +0.2%  50%W -0.0%       -1.9% → +5.1%
  QCOM    20  50%W +0.1%  45%W -0.2%  45%W -0.2%  60%W +0.1%  45%W -0.2%  50%W -0.1%       -2.0% → +3.0%
  MRVL    20  55%W +0.1%  40%W -0.3%  50%W -0.0%  50%W +0.1%  55%W +0.2%  45%W -0.4%       -3.5% → +2.9%
  CRWD    20  60%W +0.7%  55%W +0.3%  50%W -0.0%  55%W +0.6%  45%W -0.4%  45%W -0.6%       -4.6% → +8.2%
  AMD     20  55%W +0.1%  50%W +0.0%  45%W -0.1%  40%W -0.2%  40%W -0.3%  45%W -0.5%       -5.3% → +5.6%
  META    20  50%W -0.0%  40%W -0.1%  55%W +0.1%  50%W +0.0%  35%W -0.4%  35%W -0.6%       -2.6% → +2.7%
  AVGO    20  45%W -0.1%  40%W -0.1%  50%W +0.0%  45%W -0.1%  50%W +0.1%  35%W -0.0%       -2.6% → +2.0%
Pre-session top-2 (9:25, 20d EOD win rate) — 2019-08-21  OR: 09:30/3b
  #1 TSLA   +15m 55%W +0.1%  +30m 55%W +0.1%  +1h 55%W +0.3%  +2h 60%W +0.3%  +5h 60%W +0.4%  EOD 70%W +0.6%  EOD range -3.8% → +3.1%
  #2 CHTR   +15m 70%W +0.2%  +30m 70%W +0.3%  +1h 65%W +0.1%  +2h 65%W +0.3%  +5h 60%W +0.2%  EOD 55%W +0.2%  EOD range -0.9% → +3.7%
  Ticker   N          +15m          +30m           +1h           +2h           +5h           EOD           EOD range
  ----------------------------------------------------------------------------------------------------------------------
  TSLA    20  55%W +0.1%  55%W +0.1%  55%W +0.3%  60%W +0.3%  60%W +0.4%  70%W +0.6%       -3.8% → +3.1%
  CHTR    20  70%W +0.2%  70%W +0.3%  65%W +0.1%  65%W +0.3%  60%W +0.2%  55%W +0.2%       -0.9% → +3.7%
  QCOM    20  55%W +0.1%  50%W -0.0%  50%W +0.0%  65%W +0.2%  50%W +0.0%  55%W +0.1%       -2.0% → +3.0%
  MU      20  30%W -0.2%  25%W -0.3%  30%W -0.5%  40%W -0.3%  40%W -0.2%  50%W -0.0%       -4.5% → +2.0%
  CRWD    20  65%W +0.8%  60%W +0.7%  55%W +0.5%  60%W +0.9%  50%W +0.2%  50%W -0.2%       -4.6% → +8.2%
  SNPS    20  55%W +0.0%  45%W -0.1%  55%W +0.1%  50%W +0.0%  55%W +0.2%  50%W +0.1%       -1.7% → +2.5%
  SPOT    20  70%W +0.1%  60%W +0.0%  40%W -0.2%  60%W +0.4%  60%W +0.2%  50%W -0.0%       -1.4% → +5.1%
  LLY     20  50%W +0.0%  60%W +0.2%  55%W +0.2%  55%W +0.3%  50%W -0.1%  50%W -0.0%       -3.1% → +2.1%
  AMD     20  60%W +0.1%  55%W +0.2%  45%W -0.1%  45%W -0.1%  40%W -0.3%  45%W -0.5%       -5.3% → +5.6%
  MRVL    20  55%W +0.1%  40%W -0.2%  45%W -0.2%  45%W -0.0%  50%W +0.1%  40%W -0.4%       -3.5% → +2.9%
  AVGO    20  50%W -0.0%  45%W -0.0%  50%W +0.0%  50%W +0.1%  50%W +0.1%  40%W -0.0%       -2.6% → +2.0%
  META    20  55%W +0.0%  45%W -0.1%  55%W +0.1%  50%W +0.0%  35%W -0.4%  35%W -0.5%       -2.6% → +2.7%
Pre-session top-2 (9:25, 20d EOD win rate) — 2019-08-22  OR: 09:30/3b
  #1 TSLA   +15m 55%W +0.1%  +30m 55%W +0.1%  +1h 50%W +0.1%  +2h 55%W +0.2%  +5h 55%W +0.3%  EOD 65%W +0.4%  EOD range -3.8% → +3.1%
  #2 CHTR   +15m 65%W +0.1%  +30m 65%W +0.2%  +1h 65%W +0.1%  +2h 65%W +0.2%  +5h 60%W +0.1%  EOD 55%W +0.2%  EOD range -0.9% → +3.7%
  Ticker   N          +15m          +30m           +1h           +2h           +5h           EOD           EOD range
  ----------------------------------------------------------------------------------------------------------------------
  TSLA    20  55%W +0.1%  55%W +0.1%  50%W +0.1%  55%W +0.2%  55%W +0.3%  65%W +0.4%       -3.8% → +3.1%
  CHTR    20  65%W +0.1%  65%W +0.2%  65%W +0.1%  65%W +0.2%  60%W +0.1%  55%W +0.2%       -0.9% → +3.7%
  SNPS    20  50%W -0.0%  50%W -0.0%  55%W +0.2%  50%W +0.0%  55%W +0.2%  50%W +0.1%       -1.7% → +2.5%
  LLY     20  45%W -0.1%  55%W +0.2%  55%W +0.2%  55%W +0.3%  50%W -0.1%  50%W -0.0%       -3.1% → +2.1%
  QCOM    20  50%W +0.0%  45%W -0.1%  45%W -0.2%  60%W +0.1%  45%W -0.2%  50%W -0.1%       -2.0% → +3.0%
  MU      20  25%W -0.2%  20%W -0.3%  25%W -0.6%  35%W -0.5%  40%W -0.3%  45%W -0.2%       -4.5% → +2.0%
  CRWD    20  65%W +0.7%  55%W +0.3%  50%W -0.0%  55%W +0.7%  45%W -0.4%  45%W -0.6%       -4.6% → +8.2%
  AMD     20  60%W +0.2%  55%W +0.3%  45%W -0.1%  45%W -0.1%  40%W -0.3%  45%W -0.5%       -5.3% → +5.6%
  SPOT    20  70%W +0.1%  55%W +0.0%  40%W -0.1%  55%W +0.4%  55%W +0.1%  45%W -0.4%       -2.0% → +5.1%
  AVGO    20  55%W +0.0%  50%W +0.0%  55%W +0.1%  55%W +0.2%  55%W +0.2%  45%W -0.0%       -2.6% → +2.0%
  MRVL    20  55%W +0.1%  35%W -0.3%  40%W -0.3%  40%W -0.1%  45%W -0.3%  35%W -0.5%       -3.5% → +2.9%
  META    20  60%W +0.1%  45%W -0.1%  50%W -0.0%  50%W +0.0%  30%W -0.4%  30%W -0.6%       -2.6% → +2.7%
Pre-session top-2 (9:25, 20d EOD win rate) — 2019-08-23  OR: 09:30/3b
  #1 CHTR   +15m 70%W +0.1%  +30m 65%W +0.2%  +1h 65%W +0.1%  +2h 65%W +0.2%  +5h 65%W +0.2%  EOD 60%W +0.2%  EOD range -0.7% → +3.7%
  #2 TSLA   +15m 55%W +0.1%  +30m 50%W +0.0%  +1h 45%W -0.1%  +2h 50%W +0.1%  +5h 50%W +0.0%  EOD 60%W +0.3%  EOD range -3.8% → +3.1%
  Ticker   N          +15m          +30m           +1h           +2h           +5h           EOD           EOD range
  ----------------------------------------------------------------------------------------------------------------------
  CHTR    20  70%W +0.1%  65%W +0.2%  65%W +0.1%  65%W +0.2%  65%W +0.2%  60%W +0.2%       -0.7% → +3.7%
  TSLA    20  55%W +0.1%  50%W +0.0%  45%W -0.1%  50%W +0.1%  50%W +0.0%  60%W +0.3%       -3.8% → +3.1%
  MU      20  30%W -0.2%  25%W -0.3%  20%W -0.6%  40%W -0.5%  45%W -0.2%  50%W -0.0%       -4.5% → +2.0%
  AMD     20  60%W +0.4%  50%W +0.2%  40%W -0.1%  40%W -0.1%  45%W -0.3%  50%W -0.1%       -5.3% → +5.6%
  LLY     20  45%W -0.1%  50%W +0.1%  50%W -0.0%  50%W +0.1%  50%W -0.0%  50%W -0.0%       -3.1% → +2.1%
  SNPS    20  50%W -0.0%  50%W -0.0%  50%W +0.1%  45%W -0.0%  50%W -0.1%  45%W -0.1%       -1.7% → +2.5%
  SPOT    20  65%W +0.1%  50%W -0.1%  40%W -0.2%  55%W +0.4%  55%W +0.1%  45%W -0.4%       -2.9% → +5.1%
  QCOM    20  50%W +0.0%  40%W -0.2%  40%W -0.2%  60%W +0.1%  45%W -0.2%  45%W -0.2%       -2.0% → +3.0%
  AVGO    20  55%W +0.0%  50%W +0.0%  55%W +0.1%  55%W +0.2%  60%W +0.2%  45%W -0.0%       -2.6% → +2.0%
  CRWD    20  60%W +0.7%  50%W +0.1%  45%W -0.3%  55%W +0.4%  40%W -0.7%  40%W -0.8%       -4.6% → +8.2%
  META    20  60%W +0.1%  45%W -0.1%  50%W -0.0%  50%W +0.0%  30%W -0.4%  30%W -0.6%       -2.6% → +2.7%
  MRVL    20  55%W +0.1%  35%W -0.3%  35%W -0.4%  40%W -0.1%  45%W -0.3%  30%W -0.5%       -3.5% → +2.9%
Pre-session top-2 (9:25, 20d EOD win rate) — 2019-08-26  OR: 09:30/3b
  #1 CHTR   +15m 70%W +0.1%  +30m 65%W +0.2%  +1h 65%W +0.1%  +2h 60%W +0.2%  +5h 60%W +0.1%  EOD 55%W +0.1%  EOD range -1.8% → +1.0%
  #2 TSLA   +15m 60%W +0.1%  +30m 55%W +0.1%  +1h 50%W +0.0%  +2h 45%W -0.0%  +5h 45%W -0.3%  EOD 55%W +0.1%  EOD range -3.8% → +3.1%
  Ticker   N          +15m          +30m           +1h           +2h           +5h           EOD           EOD range
  ----------------------------------------------------------------------------------------------------------------------
  CHTR    20  70%W +0.1%  65%W +0.2%  65%W +0.1%  60%W +0.2%  60%W +0.1%  55%W +0.1%       -1.8% → +1.0%
  TSLA    20  60%W +0.1%  55%W +0.1%  50%W +0.0%  45%W -0.0%  45%W -0.3%  55%W +0.1%       -3.8% → +3.1%
  MU      20  35%W -0.2%  30%W -0.3%  25%W -0.5%  40%W -0.5%  45%W -0.3%  50%W -0.0%       -4.5% → +2.0%
  AMD     20  60%W +0.4%  50%W +0.2%  45%W -0.1%  40%W -0.1%  45%W -0.3%  50%W -0.1%       -5.3% → +5.6%
  SPOT    20  70%W +0.1%  55%W +0.0%  45%W -0.1%  55%W +0.4%  60%W +0.2%  50%W -0.0%       -2.9% → +5.1%
  LLY     20  50%W -0.0%  55%W +0.2%  50%W -0.0%  45%W -0.1%  45%W -0.2%  50%W -0.0%       -3.1% → +2.1%
  SNPS    20  50%W -0.0%  55%W +0.0%  55%W +0.2%  45%W -0.0%  50%W -0.1%  45%W -0.1%       -2.4% → +2.5%
  AVGO    20  55%W +0.0%  50%W +0.0%  55%W +0.1%  50%W +0.0%  55%W +0.1%  45%W -0.0%       -3.3% → +2.0%
  CRWD    20  60%W +0.7%  50%W +0.1%  45%W -0.3%  55%W +0.4%  35%W -1.0%  40%W -1.0%       -4.6% → +8.2%
  QCOM    20  50%W +0.0%  35%W -0.2%  35%W -0.3%  55%W +0.1%  40%W -0.4%  40%W -0.3%       -3.8% → +3.0%
  META    20  65%W +0.1%  50%W -0.0%  55%W +0.1%  50%W +0.0%  30%W -0.4%  30%W -0.6%       -2.6% → +2.7%
  MRVL    20  60%W +0.1%  40%W -0.3%  40%W -0.4%  35%W -0.1%  40%W -0.6%  30%W -0.6%       -3.5% → +2.9%
Pre-session top-2 (9:25, 20d EOD win rate) — 2019-08-27  OR: 09:30/3b
  #1 CHTR   +15m 75%W +0.2%  +30m 70%W +0.3%  +1h 70%W +0.1%  +2h 65%W +0.2%  +5h 65%W +0.2%  EOD 60%W +0.2%  EOD range -1.8% → +1.7%
  #2 TSLA   +15m 65%W +0.1%  +30m 55%W +0.1%  +1h 55%W +0.3%  +2h 50%W +0.1%  +5h 45%W -0.3%  EOD 55%W +0.1%  EOD range -3.8% → +3.1%
  Ticker   N          +15m          +30m           +1h           +2h           +5h           EOD           EOD range
  ----------------------------------------------------------------------------------------------------------------------
  CHTR    20  75%W +0.2%  70%W +0.3%  70%W +0.1%  65%W +0.2%  65%W +0.2%  60%W +0.2%       -1.8% → +1.7%
  TSLA    20  65%W +0.1%  55%W +0.1%  55%W +0.3%  50%W +0.1%  45%W -0.3%  55%W +0.1%       -3.8% → +3.1%
  AMD     20  65%W +0.5%  55%W +0.3%  50%W +0.1%  45%W -0.1%  45%W -0.1%  55%W +0.2%       -5.3% → +5.6%
  LLY     20  50%W -0.0%  55%W +0.2%  50%W +0.0%  50%W +0.1%  50%W -0.0%  55%W +0.2%       -3.1% → +2.1%
  MU      20  40%W -0.1%  35%W -0.2%  30%W -0.5%  40%W -0.5%  45%W -0.3%  50%W -0.0%       -4.5% → +2.0%
  SPOT    20  75%W +0.1%  55%W +0.0%  45%W -0.1%  55%W +0.4%  60%W +0.2%  50%W -0.0%       -2.9% → +5.1%
  CRWD    20  65%W +0.7%  50%W +0.1%  45%W -0.3%  55%W +0.4%  40%W -0.7%  45%W -0.8%       -3.3% → +8.2%
  SNPS    20  55%W +0.0%  60%W +0.0%  60%W +0.3%  50%W +0.0%  50%W -0.1%  45%W -0.1%       -2.4% → +2.5%
  AVGO    20  60%W +0.1%  55%W +0.1%  60%W +0.2%  50%W -0.0%  55%W +0.1%  45%W -0.0%       -3.3% → +2.0%
  QCOM    20  55%W +0.0%  40%W -0.2%  40%W -0.2%  60%W +0.1%  40%W -0.4%  40%W -0.3%       -3.8% → +3.0%
  META    20  65%W +0.1%  50%W -0.0%  55%W +0.1%  55%W +0.0%  35%W -0.4%  35%W -0.5%       -2.6% → +2.7%
  MRVL    20  65%W +0.1%  45%W -0.2%  45%W -0.4%  40%W -0.1%  35%W -0.6%  25%W -0.6%       -3.5% → +2.9%
Pre-session top-2 (9:25, 20d EOD win rate) — 2019-08-28  OR: 09:30/3b
  #1 CHTR   +15m 75%W +0.2%  +30m 70%W +0.2%  +1h 70%W +0.1%  +2h 65%W +0.2%  +5h 65%W +0.2%  EOD 65%W +0.2%  EOD range -1.8% → +1.7%
  #2 LLY    +15m 50%W -0.0%  +30m 55%W +0.2%  +1h 50%W +0.0%  +2h 50%W +0.1%  +5h 50%W -0.0%  EOD 55%W +0.2%  EOD range -3.1% → +2.1%
  Ticker   N          +15m          +30m           +1h           +2h           +5h           EOD           EOD range
  ----------------------------------------------------------------------------------------------------------------------
  CHTR    20  75%W +0.2%  70%W +0.2%  70%W +0.1%  65%W +0.2%  65%W +0.2%  65%W +0.2%       -1.8% → +1.7%
  LLY     20  50%W -0.0%  55%W +0.2%  50%W +0.0%  50%W +0.1%  50%W -0.0%  55%W +0.2%       -3.1% → +2.1%
  TSLA    20  60%W +0.1%  50%W +0.0%  55%W +0.2%  45%W -0.1%  40%W -0.4%  50%W -0.0%       -3.8% → +3.1%
  AMD     20  65%W +0.5%  55%W +0.3%  45%W -0.1%  40%W -0.1%  40%W -0.3%  50%W -0.2%       -5.3% → +5.6%
  MU      20  40%W -0.1%  35%W -0.2%  30%W -0.5%  40%W -0.6%  40%W -0.6%  45%W -0.2%       -4.5% → +2.0%
  SNPS    20  55%W +0.0%  60%W +0.0%  55%W +0.3%  50%W -0.0%  50%W -0.1%  45%W -0.1%       -2.4% → +2.5%
  SPOT    20  75%W +0.1%  55%W +0.0%  45%W -0.1%  50%W -0.1%  55%W +0.1%  45%W -0.4%       -3.0% → +5.1%
  AVGO    20  55%W +0.1%  55%W +0.1%  60%W +0.2%  50%W -0.0%  55%W +0.1%  45%W -0.0%       -3.3% → +2.0%
  CRWD    20  60%W +0.4%  45%W -0.1%  40%W -0.3%  50%W -0.1%  35%W -1.0%  40%W -1.0%       -4.2% → +4.9%
  QCOM    20  55%W +0.0%  35%W -0.2%  40%W -0.2%  55%W +0.0%  35%W -0.4%  35%W -0.3%       -3.8% → +3.0%
  META    20  60%W +0.1%  50%W -0.0%  50%W -0.0%  50%W +0.0%  30%W -0.4%  30%W -0.6%       -2.6% → +2.7%
  MRVL    20  65%W +0.1%  45%W -0.2%  45%W -0.4%  40%W -0.1%  35%W -0.6%  25%W -0.7%       -3.5% → +2.9%
Pre-session top-2 (9:25, 20d EOD win rate) — 2019-08-29  OR: 09:30/3b
  #1 CHTR   +15m 75%W +0.2%  +30m 70%W +0.2%  +1h 70%W +0.1%  +2h 65%W +0.2%  +5h 70%W +0.3%  EOD 70%W +0.2%  EOD range -1.8% → +1.7%
  #2 TSLA   +15m 55%W +0.1%  +30m 45%W -0.1%  +1h 55%W +0.1%  +2h 45%W -0.1%  +5h 40%W -0.3%  EOD 55%W +0.0%  EOD range -3.8% → +3.1%
  Ticker   N          +15m          +30m           +1h           +2h           +5h           EOD           EOD range
  ----------------------------------------------------------------------------------------------------------------------
  CHTR    20  75%W +0.2%  70%W +0.2%  70%W +0.1%  65%W +0.2%  70%W +0.3%  70%W +0.2%       -1.8% → +1.7%
  TSLA    20  55%W +0.1%  45%W -0.1%  55%W +0.1%  45%W -0.1%  40%W -0.3%  55%W +0.0%       -3.8% → +3.1%
  AMD     20  70%W +0.6%  60%W +0.4%  50%W +0.1%  45%W -0.1%  45%W -0.1%  55%W +0.2%       -5.3% → +5.6%
  LLY     20  50%W -0.0%  55%W +0.2%  50%W +0.0%  50%W +0.1%  50%W -0.0%  55%W +0.2%       -3.1% → +2.1%
  MU      20  40%W -0.1%  40%W -0.2%  35%W -0.2%  45%W -0.3%  45%W -0.3%  50%W -0.0%       -4.5% → +2.0%
  SNPS    20  55%W +0.0%  60%W +0.0%  55%W +0.3%  50%W +0.0%  55%W +0.2%  50%W +0.1%       -2.4% → +2.5%
  AVGO    20  60%W +0.2%  60%W +0.1%  65%W +0.2%  55%W +0.1%  60%W +0.2%  50%W +0.1%       -3.3% → +2.0%
  CRWD    20  65%W +0.7%  50%W +0.0%  45%W -0.2%  55%W +0.4%  40%W -0.7%  45%W -0.8%       -4.2% → +4.9%
  SPOT    20  80%W +0.1%  55%W +0.0%  45%W -0.1%  50%W -0.1%  55%W +0.1%  45%W -0.4%       -3.0% → +2.2%
  QCOM    20  55%W +0.0%  35%W -0.2%  40%W -0.2%  55%W +0.0%  40%W -0.2%  40%W -0.2%       -3.8% → +3.0%
  META    20  60%W +0.1%  50%W -0.0%  50%W -0.0%  50%W +0.0%  35%W -0.4%  35%W -0.5%       -2.6% → +2.7%
  MRVL    20  60%W +0.1%  45%W -0.2%  50%W -0.1%  45%W -0.1%  40%W -0.6%  30%W -0.6%       -3.5% → +2.9%
Pre-session top-2 (9:25, 20d EOD win rate) — 2019-08-30  OR: 09:30/3b
  #1 CHTR   +15m 70%W +0.1%  +30m 65%W +0.2%  +1h 65%W +0.1%  +2h 65%W +0.2%  +5h 75%W +0.4%  EOD 75%W +0.3%  EOD range -1.8% → +1.7%
  #2 TSLA   +15m 60%W +0.1%  +30m 45%W -0.1%  +1h 50%W -0.1%  +2h 50%W +0.1%  +5h 45%W -0.1%  EOD 60%W +0.1%  EOD range -3.8% → +3.1%
  Ticker   N          +15m          +30m           +1h           +2h           +5h           EOD           EOD range
  ----------------------------------------------------------------------------------------------------------------------
  CHTR    20  70%W +0.1%  65%W +0.2%  65%W +0.1%  65%W +0.2%  75%W +0.4%  75%W +0.3%       -1.8% → +1.7%
  TSLA    20  60%W +0.1%  45%W -0.1%  50%W -0.1%  50%W +0.1%  45%W -0.1%  60%W +0.1%       -3.8% → +3.1%
  MU      20  40%W -0.1%  45%W -0.2%  35%W -0.2%  45%W -0.3%  50%W -0.1%  55%W +0.2%       -3.0% → +2.0%
  AMD     20  70%W +0.6%  60%W +0.4%  50%W +0.1%  45%W -0.1%  45%W -0.1%  55%W +0.2%       -5.3% → +5.6%
  SNPS    20  55%W +0.0%  60%W +0.0%  55%W +0.3%  50%W +0.0%  60%W +0.3%  55%W +0.3%       -2.4% → +2.5%
  LLY     20  50%W -0.0%  50%W +0.1%  45%W -0.1%  50%W +0.1%  50%W -0.0%  55%W +0.2%       -3.1% → +2.1%
  SPOT    20  75%W +0.1%  50%W -0.1%  40%W -0.2%  50%W -0.1%  55%W +0.1%  50%W -0.0%       -3.0% → +2.2%
  AVGO    20  60%W +0.2%  60%W +0.1%  60%W +0.2%  55%W +0.1%  65%W +0.2%  50%W +0.1%       -3.3% → +2.0%
  CRWD    20  65%W +0.7%  45%W -0.1%  45%W -0.2%  50%W -0.1%  40%W -0.7%  45%W -0.8%       -4.2% → +4.9%
  QCOM    20  55%W +0.0%  35%W -0.2%  40%W -0.2%  55%W +0.0%  45%W -0.1%  45%W -0.1%       -3.8% → +3.0%
  META    20  55%W +0.1%  45%W -0.1%  45%W -0.1%  50%W +0.0%  35%W -0.3%  40%W -0.3%       -2.6% → +2.7%
  MRVL    20  55%W +0.1%  45%W -0.2%  45%W -0.2%  45%W -0.1%  45%W -0.5%  35%W -0.6%       -3.4% → +2.9%

=========================================================================================================================================================================================
Pre-Session Top-2 Performance — 2019-08-01 to 2019-08-30  |  Unconditional OR-close entry  |  OR: 09:30/3b
=========================================================================================================================================================================================
Date         Ticker Rank  At       Entry       +15m       +30m       +45m        +1h     +1h30m        +2h        +3h        +4h        +5h        +6h        +7h        EOD
-----------------------------------------------------------------------------------------------------------------------------------------------------------------------------------------
2019-08-01   TSLA   #1    09:45   242.85    -0.19%L    +0.43%W    +0.27%W    +0.27%W    +0.20%W    -0.06%L    -0.91%L    -2.13%L    -3.84%L    -3.53%L    -3.67%L    -3.67%L
2019-08-01   MU     #2    09:45    45.67    -0.22%L    -0.35%L    -0.52%L    -0.36%L    +0.35%W    +0.48%W    +0.45%W    -3.09%L    -5.71%L    -4.40%L    -4.53%L    -4.53%L
2019-08-02   TSLA   #1    09:45   230.52    +0.36%W    +0.11%W    +0.15%W    -0.22%L    +0.45%W    +0.92%W    +0.73%W    +0.83%W    +1.46%W    +1.72%W    +1.63%W    +1.63%W
2019-08-02   MU     #2    09:45    43.70    -0.10%L    -0.35%L    -1.08%L    -0.88%L    +0.57%W    -0.06%L    +0.78%W    +0.63%W    +0.63%W    +0.98%W    +0.86%W    +0.86%W
2019-08-05   TSLA   #1    09:45   228.64    -0.14%L    -0.53%L    -0.65%L    -0.86%L    -0.69%L    -0.32%L    -0.57%L    +0.28%W    -0.18%L    +0.19%W    -0.07%L    -0.07%L
2019-08-05   MU     #2    09:45    42.05    -0.26%L    -0.20%L    -0.43%L    -0.67%L    -1.19%L    -1.26%L    -0.88%L    -1.00%L    -1.05%L    -0.52%L    -0.27%L    -0.27%L
2019-08-06   TSLA   #1    09:45   229.59    +0.24%W    -0.67%L    -0.64%L    -0.54%L    -0.95%L    -0.99%L    -1.11%L    -0.19%L    +0.35%W    +0.29%W    +0.45%W    +0.45%W
2019-08-06   MU     #2    09:45    42.37    +0.07%W    -1.06%L    -0.66%L    -1.33%L    -1.44%L    -0.91%L    -0.80%L    +0.08%W    +1.18%W    +0.54%W    +0.59%W    +0.59%W
2019-08-07   TSLA   #1    09:45   226.47    +0.63%W    +0.83%W    +0.98%W    +1.07%W    +1.32%W    +0.70%W    +1.35%W    +2.48%W    +2.72%W    +3.00%W    +3.09%W    +3.09%W
2019-08-07   MU     #2    09:45    42.38    -0.35%L    +0.09%W    +0.53%W    +0.62%W    +0.98%W    +0.78%W    -0.90%L    -2.12%L    -1.42%L    -1.51%L    -1.53%L    -1.53%L
2019-08-08   TSLA   #1    09:45   235.03    -0.53%L    -0.36%L    -0.34%L    -0.21%L    +0.38%W    +0.41%W    +0.40%W    +1.35%W    +1.06%W    +1.46%W    +1.39%W    +1.39%W
2019-08-08   MU     #2    09:45    41.80    +0.24%W    +0.69%W    +0.59%W    +0.67%W    +0.74%W    +0.74%W    +1.77%W    +1.89%W    +1.83%W    +1.79%W    +2.01%W    +2.01%W
2019-08-09   TSLA   #1    09:45   237.07    -0.11%L    -0.64%L    -1.30%L    -0.90%L    -0.82%L    -0.81%L    -0.84%L    -0.11%L    -0.39%L    -0.38%L    -0.87%L    -0.87%L
2019-08-09   MU     #2    09:45    41.66    -0.28%L    -0.37%L    -1.46%L    -0.68%L    -1.24%L    -1.32%L    -0.91%L    +0.07%W    -0.29%L    -0.02%L    -0.34%L    -0.34%L
2019-08-12   TSLA   #1    09:45   233.13    +0.18%W    -0.54%L    -0.31%L    -0.18%L    -1.22%L    -0.90%L    -0.99%L    -0.72%L    -1.30%L    -1.30%L    -1.76%L    -1.76%L
2019-08-12   MU     #2    09:45    41.75    -0.79%L    -1.26%L    -0.56%L    -0.58%L    -0.34%L    +0.36%W    -0.38%L    -0.28%L    -0.90%L    +0.84%W    +0.93%W    +0.93%W
2019-08-13   TSLA   #1    09:45   232.22    -0.14%L    +0.42%W    +0.81%W    +0.27%W    -0.20%L    +0.28%W    +1.01%W    +1.19%W    +1.56%W    +1.19%W    +1.18%W    +1.18%W
2019-08-13   LLY    #2    09:45   114.40    +0.06%W    +0.80%W    +0.90%W    +1.04%W    +1.05%W    +0.97%W    +1.25%W    +1.08%W    +1.34%W    +1.08%W    +1.17%W    +1.17%W
2019-08-14   TSLA   #1    09:45   228.27    +0.13%W    +0.11%W    +0.24%W    -0.26%L    -0.50%L    -1.02%L    -2.60%L    -2.92%L    -3.05%L    -3.59%L    -3.80%L    -3.80%L
2019-08-14   LLY    #2    09:45   113.86    -0.67%L    -0.63%L    -0.53%L    -1.00%L    -1.53%L    -2.04%L    -2.56%L    -2.37%L    -2.81%L    -2.92%L    -3.11%L    -3.11%L
2019-08-15   TSLA   #1    09:45   214.58    +0.31%W    +0.90%W    +0.60%W    +0.49%W    -0.99%L    -0.50%L    -0.20%L    -0.29%L    -0.90%L    +0.51%W    +0.44%W    +0.44%W
2019-08-15   LLY    #2    09:45   110.44    +0.28%W    +0.53%W    -0.09%L    -0.31%L    -0.78%L    -0.43%L    -0.29%L    -0.78%L    -0.26%L    +0.06%W    -0.22%L    -0.22%L
2019-08-16   TSLA   #1    09:45   219.48    +0.12%W    +0.45%W    +0.61%W    +0.68%W    +0.77%W    +0.41%W    +0.79%W    +0.18%W    -0.46%L    +0.26%W    +0.20%W    +0.20%W
2019-08-16   LLY    #2    09:45   110.17    -0.47%L    -0.46%L    -0.34%L    -0.14%L    -0.22%L    -0.02%L    -0.15%L    -0.14%L    +0.03%W    +0.03%W    +0.30%W    +0.30%W
2019-08-19   TSLA   #1    09:45   223.03    +0.08%W    -0.22%L    +0.10%W    +0.73%W    +0.63%W    +1.25%W    +1.21%W    +1.78%W    +2.03%W    +1.51%W    +1.69%W    +1.69%W
2019-08-19   LLY    #2    09:45   111.58    +0.36%W    +0.22%W    +0.32%W    +0.53%W    +0.56%W    +0.65%W    +0.55%W    +0.56%W    +0.73%W    +0.99%W    +0.86%W    +0.86%W
2019-08-20   TSLA   #1    09:45   225.58    -0.15%L    +0.52%W    +0.24%W    +0.24%W    +0.94%W    +1.06%W    +0.95%W    +0.38%W    +0.26%W    +0.22%W    +0.03%W    +0.03%W
2019-08-20   LLY    #2    09:45   112.04    -0.24%L    -0.06%L    -0.36%L    -0.13%L    +0.36%W    +0.21%W    +0.04%W    -0.44%L    -0.61%L    -0.60%L    -0.87%L    -0.87%L
2019-08-21   TSLA   #1    09:45   222.15    -0.14%L    -0.03%L    -0.18%L    -0.80%L    -0.71%L    -0.04%L    -0.53%L    -1.77%L    -1.20%L    -0.83%L    -0.61%L    -0.61%L
2019-08-21   CHTR   #2    09:45   391.17    -0.14%L    -0.28%L    -0.09%L    +0.04%W    +0.06%W    +0.06%W    -0.07%L    +0.11%W    +0.11%W    +0.35%W    +0.26%W    +0.26%W
2019-08-22   TSLA   #1    09:45   223.48    +0.20%W    -0.44%L    -2.06%L    -1.79%L    -0.82%L    -0.69%L    -0.01%L    -0.36%L    -0.39%L    -0.35%L    -0.64%L    -0.64%L
2019-08-22   CHTR   #2    09:45   391.21    +0.13%W    -0.07%L    -0.50%L    -0.62%L    -0.65%L    -0.69%L    -0.18%L    -0.12%L    +0.29%W    +0.43%W    +0.03%W    +0.03%W
2019-08-23   CHTR   #1    09:45   392.43    +0.31%W    +0.55%W    +0.43%W    +0.56%W    -0.55%L    -0.60%L    -0.91%L    -1.10%L    -1.20%L    -1.75%L    -1.76%L    -1.76%L
2019-08-23   TSLA   #2    09:45   218.91    +0.19%W    +0.38%W    +0.25%W    +0.53%W    -0.55%L    -2.11%L    -2.91%L    -2.45%L    -2.85%L    -2.71%L    -3.44%L    -3.44%L
2019-08-26   CHTR   #1    09:45   389.92    +0.49%W    +0.78%W    +1.01%W    +1.27%W    +1.24%W    +1.21%W    +1.56%W    +1.90%W    +2.20%W    +1.48%W    +1.74%W    +1.74%W
2019-08-26   TSLA   #2    09:45   212.50    +0.62%W    -0.18%L    +0.32%W    +0.40%W    +0.59%W    +0.51%W    +0.33%W    +0.28%W    +0.16%W    +0.54%W    +1.17%W    +1.17%W
2019-08-27   CHTR   #1    09:45   398.32    +0.18%W    +0.17%W    +0.66%W    +0.16%W    +0.06%W    +0.26%W    +0.46%W    +0.56%W    +0.43%W    +0.46%W    +0.05%W    +0.05%W
2019-08-27   TSLA   #2    09:45   218.03    -0.22%L    -0.32%L    +0.25%W    +0.19%W    -1.13%L    -1.03%L    -1.98%L    -1.95%L    -1.30%L    -1.49%L    -1.77%L    -1.77%L
2019-08-28   CHTR   #1    09:45   397.54    +0.22%W    +0.45%W    +0.70%W    +0.74%W    +0.69%W    +0.64%W    +0.83%W    +0.93%W    +1.45%W    +0.82%W    +0.73%W    +0.73%W
2019-08-28   LLY    #2    09:45   110.43    +0.37%W    +0.35%W    +0.45%W    +0.96%W    +0.68%W    +0.62%W    +0.19%W    +0.31%W    +0.39%W    +0.43%W    +0.48%W    +0.48%W
2019-08-29   CHTR   #1    09:45   404.65    -0.06%L    -0.16%L    +0.02%W    -0.17%L    +0.27%W    +0.59%W    +1.06%W    +0.82%W    +1.17%W    +0.66%W    +0.62%W    +0.62%W
2019-08-29   TSLA   #2    09:45   220.56    +0.11%W    +0.48%W    +0.27%W    -0.20%L    +0.64%W    +0.90%W    +0.85%W    +0.39%W    +0.48%W    +0.27%W    +0.52%W    +0.52%W
2019-08-30   CHTR   #1    09:45   407.90    +0.51%W    +0.45%W    +0.75%W    +0.56%W    +0.44%W    +0.76%W    +1.05%W    +0.71%W    +0.43%W    +0.38%W    +0.39%W    +0.39%W
2019-08-30   TSLA   #2    09:45   231.88    -0.66%L    -1.37%L    -1.31%L    -1.33%L    -3.07%L    -2.36%L    -2.97%L    -3.08%L    -3.05%L    -2.99%L    -2.71%L    -2.71%L

========================================================================================
Pre-session picks summary — 44 pick(s) across 22 trading day(s)

Top-2 picks (all days)  (44 signal(s))
  Hold      Count   Win Rate   Avg Gain    Avg Win   Avg Loss  Exp Value  Total P&L
  ------------------------------------------------------------------------------------
  +15m         44      54.5%      +0.01%      +0.27%      -0.29%      +0.01%      +0.53%
  +30m         44      47.7%      -0.02%      +0.46%      -0.46%      -0.02%      -0.84%
  +45m         44      54.5%      -0.04%      +0.48%      -0.67%      -0.04%      -1.98%
  +1h          44      47.7%      -0.05%      +0.57%      -0.62%      -0.05%      -2.14%
  +1h30m       44      52.3%      -0.13%      +0.61%      -0.93%      -0.13%      -5.63%
  +2h          44      52.3%      -0.08%      +0.64%      -0.87%      -0.08%      -3.41%
  +3h          44      47.7%      -0.14%      +0.84%      -1.03%      -0.14%      -6.04%
  +4h          44      52.3%      -0.20%      +0.82%      -1.30%      -0.20%      -8.62%
  +5h          44      52.3%      -0.25%      +0.97%      -1.58%      -0.25%     -10.87%
  +6h          44      63.6%      -0.15%      +0.80%      -1.81%      -0.15%      -6.42%
  +7h          44      59.1%      -0.21%      +0.88%      -1.78%      -0.21%      -9.15%
  EOD          44      59.1%      -0.21%      +0.88%      -1.78%      -0.21%      -9.15%

=========================================================================================================================================================================================
Signal Analysis — 2019-08-01 to 2019-08-30  |  BULL only  |  Vol ≥ 1.0x 20dAvg
Windows: 09:30/3b  |  Collection: 3 bars  |  Tickers: 18
=========================================================================================================================================================================================
Date         Ticker Window   At       Entry  Vol/20d       +15m       +30m       +45m        +1h     +1h30m        +2h        +3h        +4h        +5h        +6h        +7h        EOD
-----------------------------------------------------------------------------------------------------------------------------------------------------------------------------------------
2019-08-01   CHTR   09:30/3b 09:40   389.20    1.78x    +0.09%W    +0.12%W    +0.67%W    +0.75%W    +0.61%W    +0.60%W    +0.10%W    -0.54%L    -1.19%L    -1.14%L    -1.24%L    -1.24%L
2019-08-01   AMD    09:30/3b 09:40    31.15    1.61x    +0.30%W    -0.08%L    -0.08%L    -0.19%L    -0.09%L    -0.09%L    +0.97%W    -2.74%L    -6.15%L    -3.91%L    -4.14%L    -4.14%L
2019-08-02   MU     09:30/3b 09:40    43.43    1.13x    +0.39%W    -0.29%L    +0.29%W    -0.07%L    +1.05%W    +0.21%W    +1.54%W    +1.21%W    +1.57%W    +1.77%W    +1.50%W    +1.50%W
2019-08-02   AMD    09:30/3b 09:50    29.68    1.13x    -0.52%L    -1.21%L    -1.50%L    -1.87%L    -1.45%L    -1.70%L    -1.26%L    -1.84%L    -1.57%L    -0.84%L    -0.72%L    -0.72%L
2019-08-05   CHTR   09:30/3b 09:45   381.66    2.74x    -0.71%L    -0.52%L    -0.41%L    -0.70%L    -0.68%L    -0.98%L    -1.03%L    -0.86%L    -0.67%L    -0.51%L    -0.54%L    -0.54%L
2019-08-05   LLY    09:30/3b 09:40   112.10    1.51x    -0.27%L    -0.77%L    -0.91%L    -0.99%L    -1.12%L    -1.69%L    -2.64%L    -2.53%L    -3.63%L    -2.79%L    -3.00%L    -3.00%L
2019-08-06   CHTR   09:30/3b 09:40   382.69    1.43x    -0.39%L    -0.69%L    -0.94%L    -0.50%L    -0.73%L    -0.58%L    -0.33%L    +0.16%W    +0.33%W    -0.20%L    -0.21%L    -0.21%L
2019-08-07   AMD    09:30/3b 09:40    28.83    1.02x    -0.66%L    -0.07%L    -0.03%L    +0.71%W    +1.21%W    +0.94%W    +0.29%W    +0.80%W    +1.04%W    +1.32%W    +1.25%W    +1.25%W
2019-08-08   AVGO   09:30/3b 09:40   266.93    1.80x    -0.32%L    +0.16%W    +0.07%W    +0.06%W    +0.90%W    +1.32%W    +1.93%W    +1.04%W    +0.99%W    +1.36%W    +1.52%W    +1.52%W
2019-08-09   CRWD   09:30/3b 09:40    95.98    2.21x    -0.29%L    +0.43%W    -0.50%L    -0.73%L    -0.32%L    -1.15%L    +0.54%W    +0.22%W    -0.72%L    -0.36%L    -1.18%L    -1.18%L
2019-08-09   CHTR   09:30/3b 09:50   380.49    1.49x    +0.01%W    -0.07%L    -0.14%L    -0.04%L    -0.40%L    -0.71%L    -0.34%L    +0.14%W    -0.11%L    -0.15%L    -0.20%L    -0.20%L
2019-08-09   AMD    09:30/3b 09:40    34.00    1.45x    -1.36%L    -1.76%L    -2.37%L    -1.58%L    -1.21%L    -0.86%L    +1.39%W    +2.88%W    +2.03%W    +1.83%W    +0.53%W    +0.53%W
2019-08-09   AVGO   09:30/3b 09:40   276.12    1.08x    +0.13%W    +0.10%W    +0.59%W    +0.21%W    -0.20%L    -0.34%L    +0.22%W    +1.33%W    +0.27%W    +0.60%W    -0.10%L    -0.10%L
2019-08-13   MRVL   09:30/3b 09:40    24.21    2.50x    +2.13%W    +1.59%W    +3.04%W    +2.66%W    +2.50%W    +2.75%W    +2.62%W    +3.26%W    +4.50%W    +3.68%W    +3.82%W    +3.82%W
2019-08-13   CHTR   09:30/3b 09:40   378.02    1.75x    +1.06%W    +1.17%W    +1.40%W    +0.88%W    +0.70%W    +0.74%W    +0.76%W    +0.70%W    +0.61%W    +0.53%W    +0.40%W    +0.40%W
2019-08-13   AMD    09:30/3b 09:40    32.13    2.41x    +2.77%W    +1.76%W    +2.39%W    +1.42%W    +1.02%W    +1.43%W    +0.79%W    +1.09%W    +0.93%W    -0.05%L    -0.06%L    -0.06%L
2019-08-13   SNPS   09:30/3b 09:40   128.95    1.23x    +1.11%W    +0.86%W    +1.88%W    +1.54%W    +1.85%W    +1.79%W    +2.42%W    +2.27%W    +2.69%W    +2.30%W    +2.48%W    +2.48%W
2019-08-13   QCOM   09:30/3b 09:40    70.36    1.06x    +2.49%W    +2.03%W    +2.64%W    +2.21%W    +2.12%W    +1.98%W    +1.93%W    +2.35%W    +2.76%W    +2.52%W    +2.62%W    +2.62%W
2019-08-13   AVGO   09:30/3b 09:40   276.36    1.60x    +2.86%W    +2.18%W    +3.03%W    +2.72%W    +2.54%W    +2.02%W    +1.98%W    +2.08%W    +2.81%W    +2.76%W    +2.67%W    +2.67%W
2019-08-15   META   09:30/3b 09:40   181.36    1.18x    +0.39%W    +0.50%W    +0.30%W    +0.68%W    -0.02%L    +0.44%W    +0.34%W    -0.12%L    +0.14%W    +0.79%W    +0.69%W    +0.69%W
2019-08-15   SNPS   09:30/3b 09:40   127.47    1.28x    +0.10%W    +0.42%W    +0.14%W    +0.15%W    -0.58%L    -0.35%L    -0.29%L    -0.57%L    -0.32%L    -0.04%L    -0.16%L    -0.16%L
2019-08-21   QCOM   09:30/3b 09:40    76.97    1.07x    -0.30%L    -0.68%L    -0.21%L    -0.43%L    -0.39%L    -0.40%L    -0.51%L    -0.83%L    -0.64%L    -0.70%L    -0.35%L    -0.35%L
2019-08-23   SNPS   09:30/3b 09:40   138.90    1.53x    -0.15%L    +0.40%W    +0.91%W    +1.17%W    -0.63%L    -0.61%L    -1.61%L    -1.91%L    -2.30%L    -2.61%L    -2.78%L    -2.78%L
2019-08-27   SNPS   09:30/3b 09:40   137.46    1.45x    +0.00%L    +0.02%W    -0.51%L    -0.58%L    -0.87%L    -0.87%L    -1.06%L    -1.11%L    -0.84%L    -0.80%L    -0.56%L    -0.56%L
2019-08-28   SNPS   09:30/3b 09:40   135.82    2.07x    -0.21%L    -0.20%L    -0.06%L    +0.07%W    -0.04%L    +0.86%W    +0.71%W    +0.52%W    +0.71%W    +0.72%W    +0.66%W    +0.66%W
2019-08-28   SPOT   09:30/3b 09:45   131.89    1.27x    +0.09%W    +0.16%W    +0.16%W    +0.09%W    +0.41%W    +0.81%W    +0.88%W    +1.00%W    +0.60%W    +0.54%W    +0.59%W    +0.59%W
2019-08-30   MRVL   09:30/3b 09:40    24.41    4.23x    +0.39%W    +0.10%W    -0.88%L    -0.39%L    -1.58%L    -1.41%L    -1.33%L    -1.62%L    -0.98%L    -1.72%L    -1.82%L    -1.82%L

========================================================================================
Summary — 27 qualifying signal(s) across 22 trading day(s)

Window 09:30/3b  (27 signal(s))
  Hold      Count   Win Rate   Avg Gain    Avg Win   Avg Loss  Exp Value  Total P&L
  ------------------------------------------------------------------------------------
  +15m         27      55.6%      +0.34%      +0.95%      -0.43%      +0.34%      +9.13%
  +30m         27      59.3%      +0.21%      +0.75%      -0.58%      +0.21%      +5.67%
  +45m         27      51.9%      +0.33%      +1.25%      -0.66%      +0.33%      +8.94%
  +1h          27      55.6%      +0.27%      +1.02%      -0.67%      +0.27%      +7.25%
  +1h30m       27      40.7%      +0.17%      +1.36%      -0.64%      +0.17%      +4.59%
  +2h          27      48.1%      +0.15%      +1.22%      -0.84%      +0.15%      +4.14%
  +3h          27      63.0%      +0.33%      +1.14%      -1.04%      +0.33%      +9.00%
  +4h          27      59.3%      +0.24%      +1.32%      -1.33%      +0.24%      +6.38%
  +5h          27      55.6%      +0.11%      +1.47%      -1.59%      +0.11%      +2.88%
  +6h          27      48.1%      +0.18%      +1.59%      -1.13%      +0.18%      +4.87%
  +7h          27      44.4%      +0.06%      +1.56%      -1.14%      +0.06%      +1.64%
  EOD          27      44.4%      +0.06%      +1.56%      -1.14%      +0.06%      +1.64%
