Fetching 5-min bars (2019-09-17 → 2019-11-29) [alpaca]...
  [cache] fetching 3 tickers from alpaca (cache miss)
  [cache] loaded 14 tickers from cache
Fetching daily bars (2018-11-01 → 2019-11-29)...

=========================================================================================================================================================================================
Pre-Session Rankings (9:25) — 2019-11-01 to 2019-11-29  |  20d lookback
(Unconditional hold from OR close — no signal or vol filter)
=========================================================================================================================================================================================
Pre-session top-2 (9:25, 20d EOD win rate) — 2019-11-01  OR: 09:30/3b
  #1 META   +15m 55%W +0.1%  +30m 50%W +0.1%  +1h 55%W +0.2%  +2h 65%W +0.6%  +5h 65%W +0.6%  EOD 75%W +0.5%  EOD range -4.2% → +1.9%
  #2 SPOT   +15m 65%W +0.2%  +30m 55%W +0.1%  +1h 60%W +0.3%  +2h 65%W +0.6%  +5h 65%W +0.7%  EOD 60%W +0.4%  EOD range -1.8% → +4.7%
  Ticker   N          +15m          +30m           +1h           +2h           +5h           EOD           EOD range
  ----------------------------------------------------------------------------------------------------------------------
  META    20    55%W +0.1%    50%W +0.1%    55%W +0.2%    65%W +0.6%    65%W +0.6%    75%W +0.5%       -4.2% → +1.9%
  SPOT    20    65%W +0.2%    55%W +0.1%    60%W +0.3%    65%W +0.6%    65%W +0.7%    60%W +0.4%       -1.8% → +4.7%
  SNPS    20    70%W +0.1%    55%W +0.2%    65%W +0.2%    85%W +0.3%    60%W +0.2%    55%W +0.1%       -4.1% → +1.7%
  MU      20    50%W -0.0%    45%W -0.1%    40%W -0.3%    50%W +0.1%    50%W +0.1%    55%W +0.2%       -2.8% → +3.1%
  AMD     20    60%W +0.2%    60%W +0.1%    60%W +0.3%    65%W +0.6%    55%W +0.2%    55%W +0.2%       -1.5% → +3.6%
  DDOG    20    45%W -0.1%    50%W +0.2%    70%W +0.6%    60%W +0.8%    55%W +0.4%    55%W +1.0%       -7.9% → +8.9%
  LLY     20    50%W -0.0%    45%W -0.1%    40%W -0.0%    65%W +0.1%    50%W +0.0%    50%W +0.0%       -1.2% → +3.2%
  MRVL    20    35%W -0.2%    40%W -0.1%    30%W -0.2%    30%W -0.2%    45%W -0.2%    50%W -0.1%       -3.4% → +1.2%
  CRWD    20    50%W +0.0%    65%W +0.5%    65%W +0.8%    55%W +0.1%    45%W -0.5%    50%W -0.1%       -6.3% → +8.2%
  CHTR    20    40%W -0.0%    45%W -0.0%    45%W -0.0%    45%W -0.1%    55%W +0.1%    50%W -0.0%       -1.7% → +1.7%
  TSLA    20    40%W -0.1%    40%W -0.1%    50%W +0.0%    55%W +0.1%    45%W -0.1%    50%W +0.0%       -3.5% → +9.9%
  QCOM    20    40%W -0.1%    45%W -0.0%    55%W +0.1%    55%W +0.2%    55%W +0.1%    45%W -0.4%       -2.6% → +2.4%
  AVGO    20    45%W -0.0%    40%W -0.1%    40%W -0.1%    50%W +0.0%    60%W +0.2%    40%W -0.2%       -1.6% → +2.5%
Pre-session top-2 (9:25, 20d EOD win rate) — 2019-11-04  OR: 09:30/3b
  #1 META   +15m 55%W +0.1%  +30m 50%W +0.1%  +1h 50%W -0.0%  +2h 65%W +0.6%  +5h 60%W +0.5%  EOD 75%W +0.5%  EOD range -4.2% → +1.9%
  #2 SPOT   +15m 65%W +0.2%  +30m 55%W +0.1%  +1h 60%W +0.3%  +2h 60%W +0.5%  +5h 65%W +0.7%  EOD 60%W +0.4%  EOD range -1.8% → +4.7%
  Ticker   N          +15m          +30m           +1h           +2h           +5h           EOD           EOD range
  ----------------------------------------------------------------------------------------------------------------------
  META    20    55%W +0.1%    50%W +0.1%    50%W -0.0%    65%W +0.6%    60%W +0.5%    75%W +0.5%       -4.2% → +1.9%
  SPOT    20    65%W +0.2%    55%W +0.1%    60%W +0.3%    60%W +0.5%    65%W +0.7%    60%W +0.4%       -1.8% → +4.7%
  MU      20    50%W -0.0%    45%W -0.1%    40%W -0.3%    50%W +0.1%    50%W +0.1%    55%W +0.2%       -2.8% → +3.1%
  AMD     20    60%W +0.2%    65%W +0.1%    65%W +0.4%    65%W +0.7%    55%W +0.2%    55%W +0.2%       -1.5% → +3.6%
  SNPS    20    65%W +0.0%    50%W +0.1%    65%W +0.2%    80%W +0.3%    55%W +0.1%    50%W -0.1%       -4.1% → +1.7%
  MRVL    20    35%W -0.2%    40%W -0.1%    35%W -0.2%    30%W -0.2%    50%W +0.0%    50%W -0.1%       -3.4% → +2.4%
  CHTR    20    45%W -0.0%    50%W -0.0%    50%W +0.1%    45%W -0.1%    55%W +0.1%    50%W -0.0%       -1.7% → +1.7%
  TSLA    20    40%W -0.1%    45%W -0.1%    50%W +0.0%    55%W +0.1%    45%W -0.1%    50%W +0.0%       -3.5% → +9.9%
  DDOG    20    45%W -0.1%    50%W +0.2%    70%W +0.6%    60%W +0.8%    55%W +0.4%    50%W +0.1%       -7.9% → +8.9%
  LLY     20    50%W -0.0%    45%W -0.2%    40%W -0.0%    65%W +0.1%    50%W +0.0%    45%W -0.0%       -1.6% → +3.2%
  CRWD    20    50%W +0.0%    65%W +0.5%    60%W +0.6%    50%W +0.1%    40%W -0.7%    45%W -0.6%       -6.3% → +8.2%
  QCOM    20    40%W -0.1%    45%W -0.0%    55%W +0.1%    55%W +0.2%    55%W +0.1%    45%W -0.4%       -2.6% → +2.4%
  AVGO    20    40%W -0.0%    40%W -0.1%    45%W -0.1%    50%W +0.0%    60%W +0.2%    40%W -0.2%       -1.6% → +2.5%
Pre-session top-2 (9:25, 20d EOD win rate) — 2019-11-05  OR: 09:30/3b
  #1 META   +15m 55%W +0.1%  +30m 50%W +0.1%  +1h 45%W -0.1%  +2h 60%W +0.5%  +5h 60%W +0.4%  EOD 70%W +0.4%  EOD range -4.2% → +1.9%
  #2 SPOT   +15m 60%W +0.1%  +30m 55%W +0.1%  +1h 60%W +0.3%  +2h 60%W +0.5%  +5h 65%W +0.8%  EOD 60%W +0.6%  EOD range -1.8% → +4.7%
  Ticker   N          +15m          +30m           +1h           +2h           +5h           EOD           EOD range
  ----------------------------------------------------------------------------------------------------------------------
  META    20    55%W +0.1%    50%W +0.1%    45%W -0.1%    60%W +0.5%    60%W +0.4%    70%W +0.4%       -4.2% → +1.9%
  SPOT    20    60%W +0.1%    55%W +0.1%    60%W +0.3%    60%W +0.5%    65%W +0.8%    60%W +0.6%       -1.8% → +4.7%
  MU      20    50%W +0.0%    45%W -0.1%    40%W -0.3%    50%W +0.1%    50%W +0.1%    60%W +0.3%       -2.8% → +3.1%
  AMD     20    55%W +0.1%    60%W +0.1%    65%W +0.4%    65%W +0.7%    60%W +0.3%    60%W +0.3%       -1.5% → +3.8%
  MRVL    20    30%W -0.3%    35%W -0.2%    35%W -0.2%    35%W -0.2%    55%W +0.2%    55%W +0.1%       -3.4% → +2.4%
  SNPS    20    60%W +0.0%    45%W -0.0%    60%W +0.2%    75%W +0.2%    50%W -0.1%    50%W -0.1%       -4.1% → +1.7%
  TSLA    20    35%W -0.2%    40%W -0.1%    50%W +0.0%    55%W +0.1%    45%W -0.1%    50%W +0.0%       -3.5% → +9.9%
  LLY     20    50%W -0.0%    45%W -0.2%    40%W -0.1%    65%W +0.1%    55%W +0.1%    45%W -0.0%       -1.6% → +3.2%
  CRWD    20    45%W -0.1%    60%W +0.4%    55%W +0.4%    45%W -0.0%    40%W -0.7%    45%W -0.6%       -6.3% → +8.2%
  QCOM    20    40%W -0.1%    45%W -0.1%    50%W -0.1%    50%W +0.0%    50%W -0.0%    45%W -0.3%       -2.6% → +2.4%
  CHTR    20    40%W -0.1%    45%W -0.0%    45%W -0.0%    40%W -0.2%    50%W -0.0%    45%W -0.2%       -1.7% → +1.7%
  AVGO    20    35%W -0.0%    35%W -0.1%    40%W -0.1%    50%W -0.0%    65%W +0.2%    45%W -0.1%       -1.6% → +2.5%
  DDOG    20    40%W -0.1%    45%W -0.2%    65%W +0.5%    55%W +0.5%    50%W -0.1%    45%W -0.6%       -7.9% → +8.9%
Pre-session top-2 (9:25, 20d EOD win rate) — 2019-11-06  OR: 09:30/3b
  #1 META   +15m 60%W +0.1%  +30m 50%W +0.1%  +1h 45%W -0.1%  +2h 60%W +0.5%  +5h 55%W +0.3%  EOD 70%W +0.4%  EOD range -4.2% → +1.9%
  #2 MU     +15m 55%W +0.1%  +30m 50%W +0.0%  +1h 45%W -0.2%  +2h 55%W +0.3%  +5h 50%W +0.1%  EOD 60%W +0.3%  EOD range -2.8% → +3.1%
  Ticker   N          +15m          +30m           +1h           +2h           +5h           EOD           EOD range
  ----------------------------------------------------------------------------------------------------------------------
  META    20    60%W +0.1%    50%W +0.1%    45%W -0.1%    60%W +0.5%    55%W +0.3%    70%W +0.4%       -4.2% → +1.9%
  MU      20    55%W +0.1%    50%W +0.0%    45%W -0.2%    55%W +0.3%    50%W +0.1%    60%W +0.3%       -2.8% → +3.1%
  MRVL    20    35%W -0.2%    40%W -0.1%    40%W -0.1%    40%W -0.1%    60%W +0.2%    60%W +0.2%       -1.9% → +2.4%
  AMD     20    60%W +0.2%    60%W +0.1%    65%W +0.4%    70%W +0.7%    60%W +0.4%    60%W +0.3%       -1.5% → +3.8%
  SPOT    20    60%W +0.1%    55%W +0.1%    55%W +0.1%    60%W +0.5%    60%W +0.7%    55%W +0.4%       -1.8% → +4.7%
  SNPS    20    60%W +0.0%    45%W -0.0%    60%W +0.2%    70%W +0.2%    50%W -0.1%    50%W +0.0%       -4.1% → +1.7%
  QCOM    20    45%W -0.0%    50%W +0.1%    55%W +0.1%    55%W +0.2%    55%W +0.2%    50%W +0.0%       -1.6% → +2.4%
  AVGO    20    40%W -0.0%    40%W -0.1%    45%W -0.1%    55%W +0.1%    65%W +0.2%    50%W +0.1%       -1.6% → +2.5%
  DDOG    20    35%W -0.2%    45%W -0.2%    65%W +0.5%    55%W +0.5%    55%W +0.1%    50%W +0.1%       -7.9% → +8.9%
  CRWD    20    45%W -0.1%    60%W +0.4%    55%W +0.4%    45%W -0.0%    40%W -0.9%    45%W -0.6%       -6.3% → +8.2%
  CHTR    20    40%W -0.1%    45%W -0.0%    45%W -0.0%    40%W -0.2%    45%W -0.0%    45%W -0.2%       -1.7% → +1.7%
  TSLA    20    40%W -0.1%    40%W -0.1%    50%W +0.0%    50%W -0.1%    40%W -0.3%    45%W -0.1%       -3.5% → +9.9%
  LLY     20    50%W -0.0%    40%W -0.2%    35%W -0.1%    60%W +0.1%    50%W -0.1%    40%W -0.1%       -1.6% → +3.2%
Pre-session top-2 (9:25, 20d EOD win rate) — 2019-11-07  OR: 09:30/3b
  #1 META   +15m 60%W +0.1%  +30m 50%W +0.0%  +1h 40%W -0.1%  +2h 55%W +0.3%  +5h 50%W +0.1%  EOD 65%W +0.3%  EOD range -4.2% → +1.9%
  #2 MU     +15m 55%W +0.1%  +30m 50%W +0.0%  +1h 45%W -0.2%  +2h 55%W +0.3%  +5h 50%W +0.1%  EOD 60%W +0.3%  EOD range -2.8% → +3.1%
  Ticker   N          +15m          +30m           +1h           +2h           +5h           EOD           EOD range
  ----------------------------------------------------------------------------------------------------------------------
  META    20    60%W +0.1%    50%W +0.0%    40%W -0.1%    55%W +0.3%    50%W +0.1%    65%W +0.3%       -4.2% → +1.9%
  MU      20    55%W +0.1%    50%W +0.0%    45%W -0.2%    55%W +0.3%    50%W +0.1%    60%W +0.3%       -2.8% → +3.1%
  AMD     20    60%W +0.2%    60%W +0.1%    65%W +0.4%    70%W +0.7%    60%W +0.4%    60%W +0.3%       -1.5% → +3.8%
  SPOT    20    55%W +0.1%    55%W +0.2%    55%W +0.1%    60%W +0.5%    60%W +0.7%    55%W +0.4%       -1.8% → +4.7%
  MRVL    20    30%W -0.3%    35%W -0.2%    35%W -0.2%    35%W -0.2%    55%W +0.2%    55%W +0.1%       -1.9% → +2.4%
  SNPS    20    55%W +0.0%    45%W -0.0%    60%W +0.2%    70%W +0.3%    50%W -0.1%    50%W +0.0%       -4.1% → +1.7%
  CRWD    20    45%W -0.1%    60%W +0.4%    50%W +0.0%    50%W +0.1%    45%W -0.7%    50%W -0.1%       -6.3% → +8.2%
  CHTR    20    45%W -0.0%    50%W -0.0%    45%W -0.0%    40%W -0.2%    45%W -0.0%    50%W -0.0%       -1.7% → +1.7%
  AVGO    20    40%W -0.0%    40%W -0.1%    45%W -0.1%    50%W -0.0%    60%W +0.2%    50%W +0.1%       -1.6% → +2.5%
  LLY     20    55%W +0.0%    40%W -0.2%    35%W -0.1%    65%W +0.1%    55%W +0.1%    45%W -0.0%       -1.6% → +3.2%
  QCOM    20    40%W -0.1%    45%W -0.1%    50%W -0.1%    50%W +0.0%    50%W -0.0%    45%W -0.3%       -1.6% → +2.4%
  TSLA    20    40%W -0.2%    35%W -0.2%    45%W -0.2%    45%W -0.3%    40%W -0.3%    45%W -0.1%       -3.5% → +9.9%
  DDOG    20    35%W -0.1%    40%W -0.3%    60%W +0.3%    50%W +0.1%    50%W -0.2%    45%W -0.6%       -7.9% → +8.9%
Pre-session top-2 (9:25, 20d EOD win rate) — 2019-11-08  OR: 09:30/3b
  #1 META   +15m 55%W +0.1%  +30m 50%W +0.0%  +1h 40%W -0.1%  +2h 55%W +0.3%  +5h 50%W +0.1%  EOD 60%W +0.2%  EOD range -4.2% → +1.9%
  #2 AMD    +15m 60%W +0.1%  +30m 55%W +0.0%  +1h 65%W +0.4%  +2h 70%W +0.6%  +5h 60%W +0.4%  EOD 60%W +0.3%  EOD range -1.5% → +3.8%
  Ticker   N          +15m          +30m           +1h           +2h           +5h           EOD           EOD range
  ----------------------------------------------------------------------------------------------------------------------
  META    20    55%W +0.1%    50%W +0.0%    40%W -0.1%    55%W +0.3%    50%W +0.1%    60%W +0.2%       -4.2% → +1.9%
  AMD     20    60%W +0.1%    55%W +0.0%    65%W +0.4%    70%W +0.6%    60%W +0.4%    60%W +0.3%       -1.5% → +3.8%
  SPOT    20    50%W +0.1%    50%W +0.0%    50%W +0.0%    60%W +0.5%    60%W +0.7%    55%W +0.4%       -1.8% → +4.7%
  MU      20    50%W +0.0%    45%W -0.1%    40%W -0.2%    55%W +0.3%    50%W -0.0%    55%W +0.2%       -2.8% → +3.1%
  MRVL    20    25%W -0.3%    30%W -0.2%    35%W -0.2%    30%W -0.2%    55%W +0.2%    55%W +0.1%       -1.9% → +2.4%
  CRWD    20    40%W -0.2%    55%W +0.3%    45%W -0.3%    50%W +0.1%    45%W -0.7%    50%W -0.4%       -6.3% → +8.2%
  CHTR    20    45%W -0.0%    50%W -0.0%    45%W -0.0%    40%W -0.2%    40%W -0.0%    50%W +0.0%       -1.7% → +1.7%
  TSLA    20    40%W -0.2%    35%W -0.2%    45%W -0.2%    50%W -0.2%    45%W -0.1%    50%W +0.0%       -3.5% → +9.9%
  AVGO    20    40%W -0.0%    40%W -0.1%    40%W -0.2%    45%W -0.1%    60%W +0.2%    50%W +0.1%       -1.8% → +2.5%
  SNPS    20    50%W -0.0%    40%W -0.1%    60%W +0.1%    65%W +0.2%    45%W -0.1%    45%W -0.1%       -4.1% → +1.7%
  LLY     20    55%W +0.0%    40%W -0.2%    35%W -0.1%    60%W +0.1%    55%W +0.1%    45%W -0.1%       -1.6% → +3.2%
  DDOG    20    30%W -0.3%    35%W -0.4%    55%W +0.2%    45%W -0.3%    50%W -0.2%    45%W -0.6%       -7.9% → +8.9%
  QCOM    20    40%W -0.1%    45%W -0.1%    50%W -0.1%    50%W +0.0%    45%W -0.2%    40%W -0.5%       -1.6% → +2.4%
Pre-session top-2 (9:25, 20d EOD win rate) — 2019-11-11  OR: 09:30/3b
  #1 SPOT   +15m 50%W +0.1%  +30m 45%W -0.1%  +1h 50%W +0.0%  +2h 60%W +0.4%  +5h 60%W +0.6%  EOD 60%W +0.5%  EOD range -1.8% → +4.7%
  #2 META   +15m 55%W +0.1%  +30m 50%W +0.0%  +1h 40%W -0.1%  +2h 55%W +0.3%  +5h 45%W -0.0%  EOD 55%W +0.1%  EOD range -4.2% → +1.9%
  Ticker   N          +15m          +30m           +1h           +2h           +5h           EOD           EOD range
  ----------------------------------------------------------------------------------------------------------------------
  SPOT    20    50%W +0.1%    45%W -0.1%    50%W +0.0%    60%W +0.4%    60%W +0.6%    60%W +0.5%       -1.8% → +4.7%
  META    20    55%W +0.1%    50%W +0.0%    40%W -0.1%    55%W +0.3%    45%W -0.0%    55%W +0.1%       -4.2% → +1.9%
  MRVL    20    20%W -0.3%    30%W -0.2%    35%W -0.2%    30%W -0.2%    50%W +0.0%    55%W +0.1%       -1.9% → +2.4%
  TSLA    20    40%W -0.2%    35%W -0.1%    40%W -0.4%    45%W -0.4%    45%W -0.2%    55%W +0.1%       -3.5% → +9.9%
  AVGO    20    35%W -0.1%    35%W -0.1%    40%W -0.2%    45%W -0.1%    60%W +0.2%    55%W +0.2%       -1.8% → +2.5%
  AMD     20    55%W +0.1%    55%W +0.0%    65%W +0.3%    70%W +0.5%    55%W +0.2%    55%W +0.2%       -1.5% → +3.8%
  SNPS    20    45%W -0.1%    35%W -0.1%    60%W +0.1%    65%W +0.3%    50%W -0.1%    50%W +0.0%       -4.1% → +1.7%
  MU      20    45%W -0.1%    45%W -0.3%    35%W -0.2%    50%W +0.1%    45%W -0.1%    50%W -0.1%       -2.8% → +3.1%
  LLY     20    50%W -0.0%    35%W -0.2%    30%W -0.1%    55%W +0.1%    55%W +0.1%    50%W -0.1%       -1.6% → +3.2%
  CRWD    20    35%W -0.3%    55%W +0.3%    45%W -0.3%    45%W -0.0%    45%W -0.7%    50%W -0.4%       -6.3% → +8.2%
  CHTR    20    45%W -0.0%    45%W -0.0%    50%W +0.1%    40%W -0.1%    40%W -0.0%    50%W +0.0%       -0.9% → +1.7%
  QCOM    20    40%W -0.1%    40%W -0.1%    50%W -0.1%    55%W +0.2%    45%W -0.2%    45%W -0.3%       -1.6% → +3.9%
  DDOG    20    25%W -0.5%    30%W -0.5%    55%W +0.2%    45%W -0.3%    50%W -0.2%    45%W -0.6%       -7.9% → +8.9%
Pre-session top-2 (9:25, 20d EOD win rate) — 2019-11-12  OR: 09:30/3b
  #1 SPOT   +15m 50%W +0.1%  +30m 50%W +0.0%  +1h 50%W +0.1%  +2h 60%W +0.8%  +5h 60%W +0.8%  EOD 60%W +0.5%  EOD range -1.8% → +4.7%
  #2 META   +15m 55%W +0.1%  +30m 50%W +0.0%  +1h 40%W -0.1%  +2h 55%W +0.3%  +5h 45%W -0.0%  EOD 55%W +0.1%  EOD range -4.2% → +1.9%
  Ticker   N          +15m          +30m           +1h           +2h           +5h           EOD           EOD range
  ----------------------------------------------------------------------------------------------------------------------
  SPOT    20    50%W +0.1%    50%W +0.0%    50%W +0.1%    60%W +0.8%    60%W +0.8%    60%W +0.5%       -1.8% → +4.7%
  META    20    55%W +0.1%    50%W +0.0%    40%W -0.1%    55%W +0.3%    45%W -0.0%    55%W +0.1%       -4.2% → +1.9%
  MU      20    50%W +0.1%    45%W -0.2%    40%W -0.1%    55%W +0.1%    45%W -0.1%    55%W +0.1%       -2.8% → +3.1%
  MRVL    20    20%W -0.3%    35%W -0.1%    40%W -0.2%    35%W -0.2%    50%W +0.1%    55%W +0.1%       -1.9% → +2.4%
  CHTR    20    50%W +0.0%    50%W +0.0%    55%W +0.2%    45%W -0.1%    45%W -0.0%    55%W +0.2%       -0.9% → +1.7%
  TSLA    20    45%W -0.1%    40%W -0.1%    40%W -0.4%    45%W -0.4%    45%W -0.2%    55%W +0.1%       -3.5% → +9.9%
  AVGO    20    35%W -0.1%    40%W -0.1%    40%W -0.2%    45%W -0.1%    60%W +0.2%    55%W +0.3%       -1.8% → +2.5%
  AMD     20    55%W +0.1%    55%W +0.0%    65%W +0.3%    70%W +0.5%    55%W +0.2%    55%W +0.2%       -1.5% → +3.8%
  SNPS    20    45%W -0.1%    35%W -0.1%    60%W +0.1%    65%W +0.3%    50%W -0.0%    50%W +0.0%       -4.1% → +1.7%
  LLY     20    45%W -0.1%    35%W -0.2%    25%W -0.1%    50%W +0.0%    55%W +0.1%    50%W -0.1%       -1.6% → +3.2%
  CRWD    20    35%W -0.2%    55%W +0.3%    45%W -0.3%    45%W -0.0%    45%W -0.5%    50%W -0.2%       -6.3% → +8.2%
  QCOM    20    40%W -0.1%    40%W -0.1%    50%W -0.1%    55%W +0.2%    50%W +0.0%    50%W +0.2%       -1.6% → +3.9%
  DDOG    20    20%W -0.5%    30%W -0.5%    55%W +0.2%    50%W +0.1%    55%W +0.1%    50%W +0.5%       -6.6% → +8.9%
Pre-session top-2 (9:25, 20d EOD win rate) — 2019-11-13  OR: 09:30/3b
  #1 SPOT   +15m 55%W +0.2%  +30m 55%W +0.2%  +1h 50%W +0.1%  +2h 60%W +0.4%  +5h 60%W +0.6%  EOD 60%W +0.5%  EOD range -1.8% → +4.7%
  #2 META   +15m 50%W +0.0%  +30m 45%W -0.1%  +1h 40%W -0.1%  +2h 55%W +0.3%  +5h 45%W -0.0%  EOD 55%W +0.1%  EOD range -4.2% → +1.9%
  Ticker   N          +15m          +30m           +1h           +2h           +5h           EOD           EOD range
  ----------------------------------------------------------------------------------------------------------------------
  SPOT    20    55%W +0.2%    55%W +0.2%    50%W +0.1%    60%W +0.4%    60%W +0.6%    60%W +0.5%       -1.8% → +4.7%
  META    20    50%W +0.0%    45%W -0.1%    40%W -0.1%    55%W +0.3%    45%W -0.0%    55%W +0.1%       -4.2% → +1.9%
  MRVL    20    25%W -0.3%    35%W -0.1%    40%W -0.2%    35%W -0.2%    50%W +0.1%    55%W +0.1%       -1.9% → +2.4%
  CHTR    20    50%W +0.0%    50%W +0.0%    55%W +0.1%    45%W -0.1%    45%W -0.0%    55%W +0.2%       -0.9% → +1.7%
  TSLA    20    50%W -0.0%    40%W -0.1%    40%W -0.4%    45%W -0.4%    45%W -0.2%    55%W +0.1%       -3.5% → +9.9%
  AVGO    20    35%W -0.1%    40%W -0.1%    40%W -0.2%    45%W -0.1%    60%W +0.2%    55%W +0.3%       -1.8% → +2.4%
  AMD     20    50%W -0.0%    50%W -0.0%    65%W +0.3%    70%W +0.5%    55%W +0.2%    55%W +0.1%       -1.5% → +3.8%
  SNPS    20    45%W -0.1%    40%W -0.1%    60%W +0.1%    65%W +0.3%    45%W -0.2%    50%W +0.0%       -4.1% → +1.7%
  MU      20    50%W +0.1%    45%W -0.2%    40%W -0.1%    55%W +0.1%    40%W -0.1%    50%W -0.1%       -2.8% → +3.1%
  LLY     20    45%W -0.1%    35%W -0.2%    25%W -0.1%    45%W -0.0%    55%W +0.0%    45%W -0.2%       -1.6% → +3.2%
  CRWD    20    30%W -0.3%    55%W +0.3%    40%W -0.5%    40%W -0.5%    40%W -0.7%    45%W -0.7%       -6.3% → +8.2%
  QCOM    20    40%W -0.1%    35%W -0.1%    45%W -0.2%    55%W +0.1%    45%W -0.2%    45%W -0.3%       -1.6% → +3.9%
  DDOG    20    20%W -0.5%    30%W -0.6%    50%W -0.3%    45%W -0.3%    50%W -0.2%    45%W -0.6%       -6.6% → +8.9%
Pre-session top-2 (9:25, 20d EOD win rate) — 2019-11-14  OR: 09:30/3b
  #1 SPOT   +15m 60%W +0.3%  +30m 60%W +0.2%  +1h 55%W +0.3%  +2h 65%W +0.7%  +5h 65%W +0.7%  EOD 65%W +0.7%  EOD range -1.8% → +4.7%
  #2 MRVL   +15m 25%W -0.3%  +30m 40%W -0.1%  +1h 45%W -0.2%  +2h 40%W -0.2%  +5h 55%W +0.3%  EOD 60%W +0.2%  EOD range -1.9% → +2.4%
  Ticker   N          +15m          +30m           +1h           +2h           +5h           EOD           EOD range
  ----------------------------------------------------------------------------------------------------------------------
  SPOT    20    60%W +0.3%    60%W +0.2%    55%W +0.3%    65%W +0.7%    65%W +0.7%    65%W +0.7%       -1.8% → +4.7%
  MRVL    20    25%W -0.3%    40%W -0.1%    45%W -0.2%    40%W -0.2%    55%W +0.3%    60%W +0.2%       -1.9% → +2.4%
  AMD     20    55%W +0.1%    50%W -0.0%    65%W +0.3%    70%W +0.5%    55%W +0.4%    60%W +0.2%       -1.5% → +3.8%
  MU      20    50%W +0.1%    45%W -0.2%    40%W -0.1%    55%W +0.1%    40%W -0.1%    55%W +0.1%       -2.3% → +3.1%
  CHTR    20    50%W +0.0%    50%W +0.0%    55%W +0.1%    45%W -0.1%    45%W -0.0%    55%W +0.2%       -0.9% → +1.3%
  TSLA    20    50%W -0.0%    45%W -0.1%    40%W -0.4%    40%W -0.4%    45%W -0.2%    55%W +0.1%       -3.5% → +9.9%
  META    20    45%W -0.0%    45%W -0.1%    35%W -0.1%    50%W -0.1%    40%W -0.2%    50%W +0.0%       -4.2% → +1.9%
  SNPS    20    45%W -0.1%    40%W -0.1%    60%W +0.1%    65%W +0.3%    45%W -0.2%    50%W +0.0%       -4.1% → +1.7%
  LLY     20    45%W -0.1%    35%W -0.2%    25%W -0.1%    50%W +0.0%    60%W +0.1%    50%W -0.1%       -1.6% → +3.2%
  CRWD    20    30%W -0.4%    55%W +0.3%    40%W -0.5%    40%W -0.5%    45%W -0.5%    50%W -0.2%       -6.3% → +9.8%
  AVGO    20    30%W -0.1%    40%W -0.2%    40%W -0.2%    45%W -0.1%    55%W +0.2%    50%W +0.2%       -1.8% → +2.4%
  DDOG    20    25%W -0.3%    30%W -0.6%    50%W -0.3%    45%W -0.7%    45%W -0.7%    45%W -0.5%       -6.6% → +8.9%
  QCOM    20    40%W -0.1%    35%W -0.1%    40%W -0.3%    55%W +0.0%    40%W -0.4%    40%W -0.5%       -1.6% → +3.9%
Pre-session top-2 (9:25, 20d EOD win rate) — 2019-11-15  OR: 09:30/3b
  #1 SPOT   +15m 60%W +0.3%  +30m 60%W +0.2%  +1h 55%W +0.2%  +2h 65%W +0.4%  +5h 65%W +0.5%  EOD 65%W +0.8%  EOD range -1.8% → +4.7%
  #2 MU     +15m 50%W +0.1%  +30m 45%W -0.2%  +1h 45%W -0.1%  +2h 55%W +0.1%  +5h 45%W -0.1%  EOD 60%W +0.1%  EOD range -2.3% → +3.1%
  Ticker   N          +15m          +30m           +1h           +2h           +5h           EOD           EOD range
  ----------------------------------------------------------------------------------------------------------------------
  SPOT    20    60%W +0.3%    60%W +0.2%    55%W +0.2%    65%W +0.4%    65%W +0.5%    65%W +0.8%       -1.8% → +4.7%
  MU      20    50%W +0.1%    45%W -0.2%    45%W -0.1%    55%W +0.1%    45%W -0.1%    60%W +0.1%       -2.3% → +3.1%
  MRVL    20    25%W -0.3%    45%W -0.1%    45%W -0.2%    40%W -0.2%    55%W +0.3%    60%W +0.2%       -1.9% → +2.4%
  TSLA    20    50%W -0.1%    50%W -0.0%    45%W -0.2%    45%W -0.4%    50%W -0.1%    60%W +0.1%       -3.5% → +9.9%
  AMD     20    55%W +0.1%    50%W -0.0%    65%W +0.4%    75%W +0.6%    60%W +0.7%    60%W +0.3%       -1.5% → +3.8%
  CRWD    20    30%W -0.4%    55%W +0.3%    45%W -0.3%    45%W -0.0%    50%W -0.0%    55%W +0.2%       -6.3% → +9.8%
  CHTR    20    45%W -0.0%    50%W +0.0%    55%W +0.1%    45%W -0.1%    45%W -0.0%    55%W +0.2%       -0.9% → +1.3%
  AVGO    20    30%W -0.2%    40%W -0.2%    40%W -0.2%    45%W -0.1%    55%W +0.2%    55%W +0.2%       -1.8% → +2.4%
  META    20    50%W +0.0%    50%W +0.0%    40%W -0.1%    50%W +0.0%    45%W -0.2%    50%W +0.0%       -4.2% → +1.9%
  SNPS    20    50%W -0.0%    45%W -0.1%    60%W +0.1%    65%W +0.3%    45%W -0.2%    50%W +0.0%       -4.1% → +1.7%
  LLY     20    50%W -0.0%    35%W -0.1%    25%W -0.1%    50%W +0.0%    60%W +0.1%    50%W -0.1%       -1.6% → +3.2%
  QCOM    20    40%W -0.1%    35%W -0.1%    35%W -0.3%    55%W +0.0%    45%W -0.2%    45%W -0.3%       -1.6% → +3.9%
  DDOG    20    25%W -0.3%    30%W -0.6%    50%W -0.3%    45%W -0.7%    45%W -0.7%    45%W -0.5%       -6.6% → +8.9%
Pre-session top-2 (9:25, 20d EOD win rate) — 2019-11-18  OR: 09:30/3b
  #1 SPOT   +15m 60%W +0.3%  +30m 60%W +0.2%  +1h 55%W +0.2%  +2h 65%W +0.4%  +5h 65%W +0.5%  EOD 65%W +0.8%  EOD range -1.2% → +4.7%
  #2 TSLA   +15m 45%W -0.2%  +30m 45%W -0.1%  +1h 45%W -0.1%  +2h 45%W -0.3%  +5h 55%W +0.1%  EOD 65%W +0.2%  EOD range -3.5% → +9.9%
  Ticker   N          +15m          +30m           +1h           +2h           +5h           EOD           EOD range
  ----------------------------------------------------------------------------------------------------------------------
  SPOT    20    60%W +0.3%    60%W +0.2%    55%W +0.2%    65%W +0.4%    65%W +0.5%    65%W +0.8%       -1.2% → +4.7%
  TSLA    20    45%W -0.2%    45%W -0.1%    45%W -0.1%    45%W -0.3%    55%W +0.1%    65%W +0.2%       -3.5% → +9.9%
  MU      20    45%W -0.1%    45%W -0.3%    45%W -0.1%    55%W +0.1%    45%W -0.1%    60%W +0.1%       -1.9% → +3.1%
  CRWD    20    35%W -0.3%    60%W +0.4%    50%W -0.1%    50%W +0.1%    55%W +0.4%    60%W +0.6%      -5.4% → +10.4%
  AVGO    20    25%W -0.2%    40%W -0.1%    40%W -0.2%    45%W -0.1%    60%W +0.2%    60%W +0.3%       -1.8% → +2.4%
  AMD     20    55%W +0.1%    50%W -0.0%    65%W +0.4%    75%W +0.6%    60%W +0.7%    60%W +0.3%       -1.9% → +3.8%
  META    20    45%W -0.0%    55%W +0.1%    45%W -0.1%    55%W +0.2%    50%W +0.1%    55%W +0.3%       -4.2% → +1.9%
  SNPS    20    50%W +0.0%    50%W +0.0%    65%W +0.2%    70%W +0.4%    50%W -0.0%    55%W +0.1%       -4.1% → +1.7%
  MRVL    20    20%W -0.3%    45%W -0.1%    50%W -0.1%    45%W -0.1%    50%W +0.1%    55%W +0.1%       -1.9% → +2.4%
  CHTR    20    40%W -0.0%    45%W -0.0%    50%W -0.0%    40%W -0.1%    45%W -0.0%    55%W +0.2%       -0.9% → +1.3%
  LLY     20    45%W -0.1%    30%W -0.2%    30%W -0.1%    50%W +0.0%    65%W +0.1%    50%W -0.0%       -1.6% → +3.2%
  QCOM    20    35%W -0.1%    35%W -0.2%    35%W -0.3%    55%W +0.0%    45%W -0.2%    45%W -0.3%       -2.8% → +3.9%
  DDOG    20    30%W -0.1%    30%W -0.6%    50%W -0.3%    45%W -0.7%    45%W -0.7%    45%W -0.5%       -6.6% → +8.9%
Pre-session top-2 (9:25, 20d EOD win rate) — 2019-11-19  OR: 09:30/3b
  #1 TSLA   +15m 50%W -0.1%  +30m 50%W -0.0%  +1h 50%W +0.0%  +2h 45%W -0.1%  +5h 60%W +0.2%  EOD 70%W +0.3%  EOD range -3.5% → +9.9%
  #2 AVGO   +15m 25%W -0.2%  +30m 40%W -0.1%  +1h 45%W -0.2%  +2h 45%W -0.1%  +5h 60%W +0.2%  EOD 65%W +0.4%  EOD range -1.8% → +2.4%
  Ticker   N          +15m          +30m           +1h           +2h           +5h           EOD           EOD range
  ----------------------------------------------------------------------------------------------------------------------
  TSLA    20    50%W -0.1%    50%W -0.0%    50%W +0.0%    45%W -0.1%    60%W +0.2%    70%W +0.3%       -3.5% → +9.9%
  AVGO    20    25%W -0.2%    40%W -0.1%    45%W -0.2%    45%W -0.1%    60%W +0.2%    65%W +0.4%       -1.8% → +2.4%
  SPOT    20    55%W +0.2%    55%W +0.2%    50%W +0.1%    60%W +0.3%    60%W +0.3%    60%W +0.6%       -2.1% → +4.7%
  MU      20    50%W +0.0%    45%W -0.3%    45%W -0.1%    55%W +0.1%    45%W -0.1%    60%W +0.1%       -1.9% → +3.1%
  CRWD    20    35%W -0.3%    55%W +0.3%    50%W -0.1%    50%W +0.1%    55%W +0.6%    60%W +0.5%      -5.4% → +10.4%
  AMD     20    60%W +0.1%    55%W +0.0%    65%W +0.5%    75%W +0.9%    60%W +0.7%    60%W +0.3%       -1.9% → +3.8%
  META    20    50%W +0.0%    60%W +0.2%    45%W -0.1%    55%W +0.2%    50%W +0.1%    55%W +0.3%       -4.2% → +2.2%
  SNPS    20    55%W +0.0%    50%W +0.0%    65%W +0.2%    70%W +0.4%    50%W -0.0%    55%W +0.1%       -4.1% → +1.7%
  LLY     20    45%W -0.1%    30%W -0.2%    35%W -0.1%    50%W +0.0%    65%W +0.2%    55%W +0.3%       -1.6% → +3.2%
  CHTR    20    40%W -0.0%    40%W -0.1%    45%W -0.1%    40%W -0.1%    45%W -0.0%    55%W +0.2%       -0.9% → +1.3%
  MRVL    20    25%W -0.3%    50%W +0.0%    45%W -0.1%    50%W -0.0%    45%W -0.2%    50%W -0.0%       -1.9% → +2.4%
  DDOG    20    35%W -0.1%    30%W -0.4%    50%W -0.4%    50%W -0.1%    50%W -0.2%    50%W -0.0%       -6.6% → +8.9%
  QCOM    20    35%W -0.1%    35%W -0.2%    40%W -0.3%    55%W +0.0%    45%W -0.2%    45%W -0.3%       -2.8% → +3.9%
Pre-session top-2 (9:25, 20d EOD win rate) — 2019-11-20  OR: 09:30/3b
  #1 TSLA   +15m 45%W -0.2%  +30m 45%W -0.1%  +1h 50%W +0.0%  +2h 45%W -0.1%  +5h 60%W +0.2%  EOD 70%W +0.3%  EOD range -3.5% → +9.9%
  #2 AVGO   +15m 25%W -0.2%  +30m 40%W -0.1%  +1h 45%W -0.2%  +2h 45%W -0.1%  +5h 60%W +0.2%  EOD 65%W +0.4%  EOD range -1.8% → +2.4%
  Ticker   N          +15m          +30m           +1h           +2h           +5h           EOD           EOD range
  ----------------------------------------------------------------------------------------------------------------------
  TSLA    20    45%W -0.2%    45%W -0.1%    50%W +0.0%    45%W -0.1%    60%W +0.2%    70%W +0.3%       -3.5% → +9.9%
  AVGO    20    25%W -0.2%    40%W -0.1%    45%W -0.2%    45%W -0.1%    60%W +0.2%    65%W +0.4%       -1.8% → +2.4%
  AMD     20    60%W +0.1%    50%W -0.0%    65%W +0.5%    80%W +0.9%    65%W +1.1%    65%W +0.8%       -1.9% → +3.8%
  SNPS    20    55%W +0.0%    50%W +0.0%    70%W +0.2%    75%W +0.4%    55%W +0.1%    60%W +0.2%       -1.8% → +1.7%
  SPOT    20    50%W +0.1%    55%W +0.2%    50%W +0.1%    60%W +0.3%    60%W +0.3%    60%W +0.6%       -2.1% → +4.7%
  MU      20    50%W +0.0%    45%W -0.3%    45%W -0.1%    55%W +0.1%    45%W -0.1%    60%W +0.1%       -2.2% → +3.1%
  LLY     20    50%W -0.0%    35%W -0.1%    40%W -0.1%    55%W +0.1%    70%W +0.5%    60%W +0.6%       -1.6% → +3.2%
  CRWD    20    35%W -0.3%    55%W +0.3%    50%W -0.1%    50%W +0.1%    55%W +0.6%    60%W +0.5%      -5.4% → +10.4%
  CHTR    20    45%W -0.0%    45%W -0.1%    50%W -0.0%    45%W -0.1%    45%W -0.0%    60%W +0.2%       -0.9% → +1.3%
  META    20    50%W +0.0%    60%W +0.2%    45%W -0.1%    60%W +0.3%    50%W +0.1%    55%W +0.3%       -2.0% → +2.2%
  MRVL    20    25%W -0.3%    50%W +0.0%    45%W -0.1%    50%W -0.0%    50%W +0.1%    50%W +0.0%       -1.9% → +2.4%
  DDOG    20    35%W -0.1%    30%W -0.4%    55%W +0.2%    50%W -0.1%    50%W -0.2%    50%W -0.0%       -4.7% → +8.9%
  QCOM    20    40%W -0.1%    35%W -0.2%    40%W -0.3%    55%W +0.0%    45%W -0.4%    45%W -0.3%       -2.9% → +3.9%
Pre-session top-2 (9:25, 20d EOD win rate) — 2019-11-21  OR: 09:30/3b
  #1 TSLA   +15m 45%W -0.2%  +30m 45%W -0.1%  +1h 50%W -0.1%  +2h 40%W -0.3%  +5h 55%W +0.1%  EOD 65%W +0.2%  EOD range -3.5% → +9.9%
  #2 AVGO   +15m 25%W -0.2%  +30m 40%W -0.1%  +1h 45%W -0.1%  +2h 45%W -0.1%  +5h 60%W +0.2%  EOD 65%W +0.4%  EOD range -1.8% → +2.4%
  Ticker   N          +15m          +30m           +1h           +2h           +5h           EOD           EOD range
  ----------------------------------------------------------------------------------------------------------------------
  TSLA    20    45%W -0.2%    45%W -0.1%    50%W -0.1%    40%W -0.3%    55%W +0.1%    65%W +0.2%       -3.5% → +9.9%
  AVGO    20    25%W -0.2%    40%W -0.1%    45%W -0.1%    45%W -0.1%    60%W +0.2%    65%W +0.4%       -1.8% → +2.4%
  AMD     20    60%W +0.1%    45%W -0.1%    70%W +0.5%    80%W +0.9%    70%W +1.1%    65%W +0.8%       -1.9% → +3.8%
  SPOT    20    50%W +0.1%    55%W +0.2%    50%W +0.0%    60%W +0.3%    60%W +0.3%    60%W +0.6%       -2.1% → +4.7%
  CHTR    20    45%W -0.0%    50%W -0.0%    55%W +0.1%    50%W +0.0%    50%W -0.0%    60%W +0.2%       -0.9% → +1.3%
  SNPS    20    55%W +0.0%    55%W +0.1%    75%W +0.2%    75%W +0.4%    55%W +0.1%    55%W +0.2%       -1.8% → +1.7%
  MU      20    50%W -0.0%    45%W -0.2%    50%W +0.0%    60%W +0.3%    40%W -0.1%    55%W +0.1%       -2.2% → +3.1%
  LLY     20    50%W -0.0%    40%W -0.1%    40%W -0.1%    50%W +0.0%    65%W +0.2%    55%W +0.3%       -1.6% → +2.0%
  MRVL    20    30%W -0.3%    55%W +0.1%    50%W -0.1%    55%W +0.1%    55%W +0.3%    55%W +0.2%       -1.6% → +2.4%
  CRWD    20    30%W -0.3%    55%W +0.3%    45%W -0.3%    45%W -0.0%    50%W +0.0%    55%W +0.2%      -5.4% → +10.4%
  META    20    55%W +0.1%    60%W +0.2%    50%W +0.1%    60%W +0.2%    45%W -0.0%    50%W +0.0%       -2.0% → +2.2%
  QCOM    20    40%W -0.0%    35%W -0.2%    45%W -0.2%    55%W +0.0%    45%W -0.6%    45%W -0.3%       -2.9% → +3.9%
  DDOG    20    40%W -0.1%    35%W -0.4%    50%W -0.4%    45%W -0.7%    50%W -0.4%    45%W -0.5%       -4.7% → +8.9%
Pre-session top-2 (9:25, 20d EOD win rate) — 2019-11-22  OR: 09:30/3b
  #1 TSLA   +15m 45%W -0.2%  +30m 45%W -0.1%  +1h 55%W +0.1%  +2h 40%W -0.1%  +5h 55%W +0.1%  EOD 65%W +0.2%  EOD range -3.5% → +9.9%
  #2 AVGO   +15m 30%W -0.2%  +30m 45%W -0.1%  +1h 50%W +0.0%  +2h 50%W +0.1%  +5h 60%W +0.3%  EOD 65%W +0.4%  EOD range -1.8% → +2.4%
  Ticker   N          +15m          +30m           +1h           +2h           +5h           EOD           EOD range
  ----------------------------------------------------------------------------------------------------------------------
  TSLA    20    45%W -0.2%    45%W -0.1%    55%W +0.1%    40%W -0.1%    55%W +0.1%    65%W +0.2%       -3.5% → +9.9%
  AVGO    20    30%W -0.2%    45%W -0.1%    50%W +0.0%    50%W +0.1%    60%W +0.3%    65%W +0.4%       -1.8% → +2.4%
  SPOT    20    50%W +0.0%    60%W +0.2%    50%W +0.1%    60%W +0.3%    60%W +0.3%    60%W +0.6%       -2.1% → +4.7%
  CHTR    20    50%W +0.0%    55%W +0.0%    60%W +0.3%    55%W +0.2%    55%W +0.0%    60%W +0.2%       -0.9% → +1.3%
  AMD     20    60%W +0.1%    45%W -0.1%    65%W +0.5%    75%W +0.9%    65%W +1.1%    60%W +0.8%       -1.9% → +3.8%
  LLY     20    50%W -0.0%    40%W -0.1%    40%W -0.1%    55%W +0.1%    65%W +0.2%    55%W +0.3%       -1.6% → +2.0%
  META    20    60%W +0.1%    65%W +0.3%    55%W +0.2%    60%W +0.2%    45%W -0.0%    50%W +0.0%       -2.0% → +2.2%
  SNPS    20    55%W +0.0%    55%W +0.1%    70%W +0.2%    70%W +0.3%    50%W -0.0%    50%W +0.1%       -1.8% → +1.5%
  MU      20    50%W -0.0%    45%W -0.2%    50%W +0.0%    60%W +0.2%    35%W -0.2%    50%W -0.1%       -2.2% → +1.5%
  MRVL    20    35%W -0.2%    60%W +0.2%    50%W -0.1%    50%W -0.0%    50%W -0.0%    50%W +0.0%       -1.6% → +2.4%
  CRWD    20    30%W -0.3%    50%W +0.1%    40%W -0.5%    40%W -0.5%    45%W -0.5%    50%W -0.1%      -5.4% → +10.4%
  DDOG    20    40%W -0.1%    35%W -0.4%    50%W -0.4%    45%W -0.7%    50%W -0.4%    45%W -0.5%       -4.7% → +5.2%
  QCOM    20    45%W -0.0%    40%W -0.1%    50%W -0.0%    50%W +0.0%    40%W -0.6%    40%W -0.5%       -2.9% → +3.9%
Pre-session top-2 (9:25, 20d EOD win rate) — 2019-11-25  OR: 09:30/3b
  #1 SPOT   +15m 50%W +0.0%  +30m 60%W +0.2%  +1h 50%W +0.1%  +2h 55%W +0.2%  +5h 60%W +0.2%  EOD 60%W +0.3%  EOD range -2.1% → +4.7%
  #2 TSLA   +15m 40%W -0.2%  +30m 40%W -0.3%  +1h 50%W -0.1%  +2h 35%W -0.3%  +5h 50%W -0.1%  EOD 60%W +0.1%  EOD range -3.5% → +2.7%
  Ticker   N          +15m          +30m           +1h           +2h           +5h           EOD           EOD range
  ----------------------------------------------------------------------------------------------------------------------
  SPOT    20    50%W +0.0%    60%W +0.2%    50%W +0.1%    55%W +0.2%    60%W +0.2%    60%W +0.3%       -2.1% → +4.7%
  TSLA    20    40%W -0.2%    40%W -0.3%    50%W -0.1%    35%W -0.3%    50%W -0.1%    60%W +0.1%       -3.5% → +2.7%
  AVGO    20    30%W -0.2%    45%W -0.1%    45%W -0.1%    45%W -0.1%    55%W +0.1%    60%W +0.3%       -1.8% → +2.4%
  LLY     20    55%W +0.0%    45%W -0.0%    40%W -0.1%    50%W +0.0%    65%W +0.2%    55%W +0.3%       -1.6% → +1.2%
  CHTR    20    45%W -0.0%    50%W -0.0%    55%W +0.1%    50%W +0.0%    50%W -0.0%    55%W +0.2%       -1.2% → +1.3%
  AMD     20    60%W +0.1%    40%W -0.1%    60%W +0.4%    70%W +0.8%    60%W +0.7%    55%W +0.3%       -1.9% → +3.8%
  META    20    60%W +0.2%    65%W +0.2%    50%W +0.1%    55%W +0.1%    40%W -0.1%    50%W +0.0%       -2.0% → +2.2%
  CRWD    20    25%W -0.3%    50%W +0.0%    40%W -0.5%    40%W -0.5%    50%W +0.0%    50%W -0.1%      -5.4% → +10.4%
  SNPS    20    50%W +0.0%    50%W -0.0%    65%W +0.1%    65%W +0.3%    45%W -0.2%    45%W -0.1%       -2.4% → +1.5%
  MU      20    50%W -0.0%    45%W -0.2%    50%W +0.0%    60%W +0.2%    35%W -0.2%    45%W -0.2%       -2.2% → +1.5%
  MRVL    20    40%W -0.2%    55%W +0.1%    45%W -0.1%    45%W -0.1%    45%W -0.3%    45%W -0.2%       -1.6% → +2.4%
  DDOG    20    45%W -0.1%    30%W -0.4%    45%W -0.9%    40%W -1.0%    45%W -0.9%    40%W -0.8%       -4.7% → +5.2%
  QCOM    20    50%W +0.0%    40%W -0.1%    50%W -0.0%    50%W +0.0%    35%W -0.6%    35%W -0.5%       -2.9% → +3.9%
Pre-session top-2 (9:25, 20d EOD win rate) — 2019-11-26  OR: 09:30/3b
  #1 AVGO   +15m 35%W -0.1%  +30m 50%W -0.0%  +1h 45%W -0.1%  +2h 50%W +0.1%  +5h 60%W +0.3%  EOD 65%W +0.4%  EOD range -1.8% → +2.4%
  #2 SPOT   +15m 50%W +0.0%  +30m 60%W +0.2%  +1h 50%W +0.1%  +2h 55%W +0.2%  +5h 60%W +0.2%  EOD 60%W +0.3%  EOD range -2.1% → +2.4%
  Ticker   N          +15m          +30m           +1h           +2h           +5h           EOD           EOD range
  ----------------------------------------------------------------------------------------------------------------------
  AVGO    20    35%W -0.1%    50%W -0.0%    45%W -0.1%    50%W +0.1%    60%W +0.3%    65%W +0.4%       -1.8% → +2.4%
  SPOT    20    50%W +0.0%    60%W +0.2%    50%W +0.1%    55%W +0.2%    60%W +0.2%    60%W +0.3%       -2.1% → +2.4%
  TSLA    20    45%W -0.1%    45%W -0.1%    50%W -0.0%    35%W -0.3%    50%W -0.1%    60%W +0.1%       -2.3% → +2.7%
  CHTR    20    50%W +0.0%    50%W -0.0%    50%W -0.0%    45%W -0.1%    50%W -0.0%    55%W +0.2%       -1.2% → +1.3%
  AMD     20    60%W +0.1%    40%W -0.1%    60%W +0.4%    70%W +0.8%    60%W +0.6%    55%W +0.3%       -1.9% → +3.8%
  SNPS    20    45%W -0.0%    55%W +0.1%    70%W +0.2%    65%W +0.4%    50%W -0.0%    50%W +0.1%       -2.4% → +1.5%
  LLY     20    55%W +0.0%    45%W -0.0%    40%W -0.1%    45%W -0.0%    60%W +0.1%    50%W -0.0%       -1.6% → +1.2%
  MRVL    20    45%W -0.1%    60%W +0.2%    50%W -0.1%    50%W -0.0%    50%W -0.1%    50%W +0.0%       -1.6% → +2.4%
  CRWD    20    25%W -0.3%    50%W +0.0%    45%W -0.3%    40%W -0.5%    50%W +0.1%    50%W -0.1%      -5.4% → +10.4%
  META    20    60%W +0.1%    60%W +0.2%    50%W +0.0%    55%W +0.1%    35%W -0.2%    45%W -0.1%       -2.0% → +2.2%
  MU      20    55%W +0.1%    50%W +0.0%    55%W +0.2%    60%W +0.2%    40%W -0.2%    45%W -0.2%       -2.2% → +2.7%
  DDOG    20    50%W +0.2%    35%W -0.4%    45%W -0.9%    40%W -1.0%    50%W -0.4%    45%W -0.5%       -4.7% → +5.2%
  QCOM    20    45%W -0.0%    35%W -0.1%    45%W -0.2%    45%W -0.0%    30%W -0.7%    30%W -0.6%       -2.9% → +3.9%
Pre-session top-2 (9:25, 20d EOD win rate) — 2019-11-27  OR: 09:30/3b
  #1 SPOT   +15m 55%W +0.1%  +30m 65%W +0.2%  +1h 55%W +0.3%  +2h 60%W +0.3%  +5h 65%W +0.3%  EOD 65%W +0.6%  EOD range -2.1% → +2.4%
  #2 AVGO   +15m 40%W -0.1%  +30m 45%W -0.1%  +1h 50%W +0.1%  +2h 50%W +0.1%  +5h 60%W +0.3%  EOD 65%W +0.4%  EOD range -1.8% → +2.4%
  Ticker   N          +15m          +30m           +1h           +2h           +5h           EOD           EOD range
  ----------------------------------------------------------------------------------------------------------------------
  SPOT    20    55%W +0.1%    65%W +0.2%    55%W +0.3%    60%W +0.3%    65%W +0.3%    65%W +0.6%       -2.1% → +2.4%
  AVGO    20    40%W -0.1%    45%W -0.1%    50%W +0.1%    50%W +0.1%    60%W +0.3%    65%W +0.4%       -1.8% → +2.4%
  CHTR    20    50%W +0.0%    50%W -0.0%    50%W -0.0%    45%W -0.1%    50%W -0.0%    60%W +0.2%       -1.2% → +1.3%
  TSLA    20    50%W -0.0%    45%W -0.1%    50%W -0.0%    35%W -0.3%    50%W -0.1%    60%W +0.1%       -2.3% → +2.7%
  MRVL    20    50%W +0.0%    65%W +0.3%    55%W +0.0%    55%W +0.2%    55%W +0.3%    55%W +0.2%       -1.4% → +2.4%
  AMD     20    60%W +0.1%    40%W -0.1%    60%W +0.4%    70%W +0.8%    60%W +0.6%    55%W +0.3%       -1.9% → +3.8%
  SNPS    20    40%W -0.0%    50%W +0.0%    70%W +0.2%    60%W +0.3%    55%W +0.1%    50%W +0.1%       -2.4% → +1.5%
  LLY     20    55%W +0.0%    50%W +0.0%    40%W -0.1%    45%W -0.0%    60%W +0.1%    50%W -0.0%       -1.6% → +1.2%
  META    20    65%W +0.1%    60%W +0.2%    55%W +0.1%    60%W +0.1%    35%W -0.1%    45%W -0.1%       -2.0% → +2.2%
  MU      20    60%W +0.1%    50%W +0.0%    55%W +0.2%    60%W +0.2%    40%W -0.2%    45%W -0.2%       -2.2% → +2.7%
  CRWD    20    25%W -0.3%    45%W -0.3%    40%W -0.5%    35%W -1.1%    45%W -0.3%    45%W -0.3%      -5.4% → +10.4%
  DDOG    20    45%W -0.1%    30%W -0.6%    40%W -1.0%    35%W -1.3%    45%W -0.9%    40%W -0.8%       -6.5% → +5.2%
  QCOM    20    50%W +0.0%    35%W -0.1%    45%W -0.2%    45%W -0.0%    35%W -0.6%    30%W -0.5%       -2.9% → +3.9%
Pre-session top-2 (9:25, 20d EOD win rate) — 2019-11-29  OR: 09:30/3b
  #1 AVGO   +15m 45%W -0.1%  +30m 50%W -0.1%  +1h 50%W +0.1%  +2h 55%W +0.2%  +5h 55%W +0.2%  EOD 65%W +0.3%  EOD range -1.8% → +2.4%
  #2 SPOT   +15m 55%W +0.1%  +30m 65%W +0.2%  +1h 55%W +0.3%  +2h 60%W +0.2%  +5h 65%W +0.2%  EOD 60%W +0.3%  EOD range -2.1% → +2.3%
  Ticker   N          +15m          +30m           +1h           +2h           +5h           EOD           EOD range
  ----------------------------------------------------------------------------------------------------------------------
  AVGO    20    45%W -0.1%    50%W -0.1%    50%W +0.1%    55%W +0.2%    55%W +0.2%    65%W +0.3%       -1.8% → +2.4%
  SPOT    20    55%W +0.1%    65%W +0.2%    55%W +0.3%    60%W +0.2%    65%W +0.2%    60%W +0.3%       -2.1% → +2.3%
  CHTR    20    55%W +0.0%    55%W +0.0%    55%W +0.2%    50%W +0.0%    50%W -0.0%    60%W +0.2%       -1.2% → +1.3%
  MRVL    20    50%W +0.0%    65%W +0.3%    55%W +0.0%    55%W +0.2%    55%W +0.3%    55%W +0.2%       -1.4% → +2.4%
  TSLA    20    50%W -0.0%    45%W -0.1%    50%W -0.0%    35%W -0.3%    50%W -0.1%    55%W +0.1%       -2.3% → +2.7%
  AMD     20    65%W +0.1%    40%W -0.1%    60%W +0.4%    70%W +0.8%    60%W +0.6%    55%W +0.3%       -1.9% → +3.8%
  SNPS    20    35%W -0.0%    45%W -0.0%    70%W +0.2%    60%W +0.3%    55%W +0.1%    50%W +0.1%       -2.4% → +1.5%
  LLY     20    55%W +0.0%    45%W -0.0%    40%W -0.1%    40%W -0.0%    60%W +0.1%    50%W -0.0%       -1.6% → +1.2%
  META    20    65%W +0.2%    65%W +0.2%    60%W +0.1%    65%W +0.1%    40%W -0.1%    45%W -0.1%       -2.0% → +2.2%
  MU      20    60%W +0.1%    50%W +0.0%    60%W +0.2%    65%W +0.4%    45%W -0.1%    45%W -0.2%       -2.2% → +2.7%
  CRWD    20    20%W -0.3%    45%W -0.3%    40%W -0.5%    35%W -1.1%    45%W -0.3%    45%W -0.3%      -5.4% → +10.4%
  DDOG    20    40%W -0.1%    25%W -0.8%    40%W -1.0%    35%W -1.3%    45%W -0.9%    40%W -0.8%       -6.5% → +5.2%
  QCOM    20    50%W +0.0%    35%W -0.1%    45%W -0.0%    45%W -0.0%    35%W -0.6%    30%W -0.4%       -2.9% → +3.9%

=========================================================================================================================================================================================
Pre-Session Top-2 Performance — 2019-11-01 to 2019-11-29  |  Unconditional OR-close entry  |  OR: 09:30/3b
=========================================================================================================================================================================================
Date         Ticker Rank  At       Entry       +15m       +30m       +45m        +1h     +1h30m        +2h        +3h        +4h        +5h        +6h        +7h        EOD
-----------------------------------------------------------------------------------------------------------------------------------------------------------------------------------------
2019-11-01   META   #1    09:40   192.72    +0.30%W    +0.43%W    +0.39%W    -0.15%L    +0.22%W    +0.06%W    -1.00%L    -0.38%L    -0.01%L    +0.05%W    +0.50%W    +0.50%W
2019-11-01   SPOT   #2    09:40   144.56    +0.43%W    +0.36%W    -0.52%L    -0.72%L    -0.34%L    -0.37%L    +0.25%W    +1.08%W    +1.04%W    +1.47%W    +1.62%W    +1.62%W
2019-11-04   META   #1    09:40   195.60    +0.77%W    +0.41%W    +0.23%W    -0.02%L    -0.30%L    -0.46%L    -0.42%L    +0.14%W    +0.16%W    -0.32%L    -0.45%L    -0.45%L
2019-11-04   SPOT   #2    09:40   150.57    -0.00%L    +0.25%W    +0.38%W    +1.02%W    +0.78%W    +1.38%W    +2.11%W    +1.32%W    +1.29%W    +2.10%W    +2.31%W    +2.31%W
2019-11-05   META   #1    09:40   195.05    +0.05%W    -0.27%L    -0.43%L    -0.62%L    -0.41%L    -0.64%L    -0.42%L    -0.49%L    -0.45%L    -0.39%L    -0.37%L    -0.37%L
2019-11-05   SPOT   #2    09:40   151.52    +0.96%W    +0.22%W    -0.08%L    -0.20%L    +0.63%W    +0.22%W    +0.04%W    +0.01%W    -0.18%L    -0.39%L    -0.69%L    -0.69%L
2019-11-06   META   #1    09:40   193.22    -0.09%L    -0.12%L    -0.30%L    -0.10%L    -0.59%L    -0.61%L    -0.55%L    -0.49%L    -0.80%L    -0.83%L    -0.87%L    -0.87%L
2019-11-06   MU     #2    09:40    48.03    -0.18%L    -0.35%L    -1.47%L    -1.49%L    -1.21%L    -1.61%L    -1.08%L    -0.91%L    -0.80%L    -0.57%L    -0.74%L    -0.74%L
2019-11-07   META   #1    09:40   191.34    -0.28%L    +0.71%W    +0.82%W    +0.90%W    +0.53%W    +0.57%W    +0.19%W    +0.40%W    -0.40%L    -0.70%L    -0.48%L    -0.48%L
2019-11-07   MU     #2    09:40    48.51    -0.63%L    -0.82%L    -0.69%L    -0.09%L    +0.51%W    +0.91%W    +0.90%W    +0.54%W    +0.06%W    -0.37%L    -0.16%L    -0.16%L
2019-11-08   META   #1    09:40   190.95    +0.27%W    +0.30%W    +0.08%W    +0.30%W    +0.60%W    +0.52%W    -0.01%L    -0.22%L    -0.34%L    -0.26%L    -0.04%L    -0.04%L
2019-11-08   AMD    #2    09:40    36.38    -0.60%L    -0.14%L    +0.22%W    +0.07%W    +0.08%W    +0.05%W    +0.12%W    -0.36%L    -0.44%L    -0.48%L    -0.26%L    -0.26%L
2019-11-11   SPOT   #1    09:40   146.40    +0.91%W    +0.81%W    +1.35%W    +1.63%W    +1.39%W    +1.30%W    +1.30%W    +1.45%W    +1.45%W    +0.23%W    +0.16%W    +0.16%W
2019-11-11   META   #2    09:40   188.60    +0.38%W    +0.25%W    +0.57%W    +0.67%W    +0.58%W    +0.58%W    +0.32%W    +0.45%W    +0.35%W    +0.46%W    +0.53%W    +0.53%W
2019-11-12   SPOT   #1    09:40   144.97    +0.18%W    +0.47%W    +0.61%W    +1.41%W    +1.40%W    +0.37%W    +0.31%W    +0.03%W    +0.23%W    +0.65%W    +1.00%W    +1.00%W
2019-11-12   META   #2    09:40   191.46    -0.07%L    -0.14%L    -0.05%L    +0.74%W    +0.86%W    +1.34%W    +1.44%W    +1.84%W    +1.25%W    +1.59%W    +1.61%W    +1.61%W
2019-11-13   SPOT   #1    09:40   145.52    +0.47%W    +0.22%W    +0.13%W    +0.42%W    +0.90%W    +0.84%W    +0.38%W    +1.42%W    +0.66%W    +0.76%W    +0.87%W    +0.87%W
2019-11-13   META   #2    09:40   194.43    -0.12%L    +0.19%W    +0.08%W    -0.43%L    -0.54%L    -0.53%L    -0.51%L    -0.40%L    -0.58%L    -0.61%L    -0.63%L    -0.63%L
2019-11-14   SPOT   #1    09:40   147.70    +0.44%W    +0.32%W    +0.05%W    +0.32%W    +0.06%W    +0.09%W    +0.26%W    +0.28%W    +0.05%W    +0.22%W    +0.66%W    +0.66%W
2019-11-14   MRVL   #2    09:40    27.14    -0.92%L    +0.04%W    -0.57%L    -0.83%L    -0.52%L    -0.55%L    -0.37%L    -0.70%L    -0.53%L    -0.53%L    -0.57%L    -0.57%L
2019-11-15   SPOT   #1    09:40   148.53    -0.89%L    -0.14%L    -0.07%L    -0.12%L    -0.14%L    -0.16%L    -0.15%L    -0.56%L    -0.68%L    -0.68%L    -0.68%L    -0.68%L
2019-11-15   MU     #2    09:40    48.36    -0.89%L    -1.45%L    -0.88%L    -0.81%L    -0.59%L    -0.84%L    -1.14%L    -1.06%L    -1.45%L    -1.86%L    -1.36%L    -1.36%L
2019-11-18   SPOT   #1    09:40   143.27    -0.51%L    -0.46%L    +0.25%W    -0.31%L    +0.03%W    -0.40%L    -0.91%L    -1.75%L    -0.80%L    -2.42%L    -2.12%L    -2.12%L
2019-11-18   TSLA   #2    09:40   348.48    +0.61%W    +0.43%W    +0.47%W    +0.30%W    -0.48%L    -0.00%L    -0.26%L    +0.34%W    +0.34%W    +0.44%W    +0.43%W    +0.43%W
2019-11-19   TSLA   #1    09:40   350.08    -0.44%L    -0.06%L    +0.35%W    +1.19%W    +1.44%W    +1.49%W    +2.40%W    +2.51%W    +2.62%W    +2.68%W    +2.70%W    +2.70%W
2019-11-19   AVGO   #2    09:40   323.37    -0.05%L    -0.70%L    -1.03%L    -1.61%L    -1.26%L    -0.74%L    -1.58%L    -1.55%L    -1.17%L    -1.52%L    -1.75%L    -1.75%L
2019-11-20   TSLA   #1    09:40   359.48    -0.48%L    -0.89%L    -0.79%L    -1.34%L    -1.48%L    -1.84%L    -1.07%L    -2.14%L    -2.07%L    -2.02%L    -1.97%L    -1.97%L
2019-11-20   AVGO   #2    09:40   314.41    -0.34%L    -0.57%L    -0.37%L    -0.10%L    -0.20%L    -0.15%L    -0.07%L    -1.21%L    -0.64%L    -0.99%L    -0.87%L    -0.87%L
2019-11-21   TSLA   #1    09:40   358.26    -0.37%L    -0.49%L    -0.10%L    +0.09%W    +0.12%W    -0.10%L    -0.25%L    -0.07%L    -0.45%L    -0.80%L    -0.92%L    -0.92%L
2019-11-21   AVGO   #2    09:40   310.00    +0.47%W    +0.92%W    +0.57%W    +0.54%W    +0.74%W    +0.74%W    +1.27%W    +1.37%W    +1.44%W    +1.71%W    +1.69%W    +1.69%W
2019-11-22   TSLA   #1    09:40   334.33    -0.12%L    -1.09%L    -0.69%L    -1.10%L    -0.01%L    -0.47%L    +0.12%W    +0.12%W    -0.53%L    -0.22%L    -0.40%L    -0.40%L
2019-11-22   AVGO   #2    09:40   318.08    +0.36%W    +0.17%W    -0.24%L    -0.26%L    -0.66%L    -0.65%L    -0.74%L    -1.01%L    -1.13%L    -1.24%L    -0.99%L    -0.99%L
2019-11-25   SPOT   #1    09:40   140.68    +0.31%W    +0.24%W    +1.02%W    +0.88%W    +0.94%W    +0.97%W    +0.98%W    +0.92%W    +1.01%W    +0.91%W    +0.86%W    +0.86%W
2019-11-25   TSLA   #2    09:40   340.32    +0.47%W    +0.28%W    +0.01%W    -0.16%L    -0.97%L    -1.06%L    -0.91%L    -0.89%L    -0.96%L    -1.21%L    -1.18%L    -1.18%L
2019-11-26   AVGO   #1    09:40   318.80    +0.22%W    -0.20%L    -0.01%L    +0.16%W    +0.01%W    -0.32%L    +0.07%W    -0.20%L    -0.36%L    -0.46%L    -0.80%L    -0.80%L
2019-11-26   SPOT   #2    09:40   141.93    +0.56%W    +0.25%W    +0.01%W    +0.30%W    +0.40%W    +0.54%W    +0.82%W    +1.13%W    +1.12%W    +1.11%W    +1.23%W    +1.23%W
2019-11-27   SPOT   #1    09:40   143.10    +0.39%W    +0.86%W    +0.27%W    +0.27%W    +0.42%W    +0.14%W    +0.26%W    +0.14%W    +0.21%W    +0.29%W    -0.11%L    -0.11%L
2019-11-27   AVGO   #2    09:40   317.71    +0.41%W    +0.36%W    +0.32%W    +0.35%W    +0.45%W    +0.24%W    +0.11%W    +0.31%W    -0.13%L    +0.00%W    +0.23%W    +0.23%W
2019-11-29   AVGO   #1    09:40   316.41    +0.04%W    -0.08%L    -0.35%L    -0.06%L    -0.18%L    -0.19%L    -0.33%L    -0.06%L    -0.06%L    -0.06%L    -0.06%L    -0.06%L
2019-11-29   SPOT   #2    09:40   141.73    +0.59%W    +0.90%W    +0.45%W    +0.40%W    +0.18%W    +0.35%W    +0.76%W    +0.58%W    +0.58%W    +0.58%W    +0.58%W    +0.58%W

========================================================================================
Pre-session picks summary — 40 pick(s) across 20 trading day(s)

Top-2 picks (all days)  (40 signal(s))
  Hold      Count   Win Rate   Avg Gain    Avg Win   Avg Loss ProfitFactor   Sum Ret%
  -------------------------------------------------------------------------
  +15m         40      55.0%     +0.06%     +0.44%     -0.39%        1.37x     +2.58%
  +30m         40      57.5%     +0.04%     +0.41%     -0.47%        1.18x     +1.44%
  +45m         40      55.0%     +0.00%     +0.39%     -0.48%        1.00x     +0.01%
  +1h          40      50.0%     +0.04%     +0.60%     -0.53%        1.14x     +1.42%
  +1h30m       40      57.5%     +0.08%     +0.58%     -0.58%        1.34x     +3.39%
  +2h          40      50.0%     +0.02%     +0.63%     -0.59%        1.08x     +0.99%
  +3h          40      52.5%     +0.07%     +0.69%     -0.62%        1.22x     +2.63%
  +4h          40      52.5%     +0.05%     +0.78%     -0.76%        1.13x     +1.94%
  +5h          40      42.5%     -0.03%     +0.82%     -0.65%        0.93x     -1.09%
  +6h          40      42.5%     -0.09%     +0.90%     -0.82%        0.80x     -3.72%
  +7h          40      40.0%     -0.04%     +1.06%     -0.77%        0.92x     -1.53%
  EOD          40      40.0%     -0.04%     +1.06%     -0.77%        0.92x     -1.53%

=========================================================================================================================================================================================
Signal Analysis — 2019-11-01 to 2019-11-29  |  BULL only  |  Vol ≥ 1.0x 20dAvg
Windows: 09:30/3b  |  Collection: 3 bars  |  Tickers: 18
=========================================================================================================================================================================================
Date         Ticker Window   At       Entry  Vol/20d       +15m       +30m       +45m        +1h     +1h30m        +2h        +3h        +4h        +5h        +6h        +7h        EOD
-----------------------------------------------------------------------------------------------------------------------------------------------------------------------------------------
2019-11-01   SNPS   09:30/3b 09:40   138.23    1.02x    -0.38%L    -0.11%L    -0.63%L    -0.85%L    -0.72%L    -1.01%L    -0.96%L    -1.79%L    -1.68%L    -1.65%L    -1.56%L    -1.56%L
2019-11-01   MU     09:30/3b 09:45    47.93    1.01x    +1.07%W    +0.97%W    +0.71%W    +0.54%W    +0.32%W    -0.18%L    -0.23%L    +0.88%W    +0.96%W    +0.74%W    +0.96%W    +0.96%W
2019-11-01   MRVL   09:30/3b 09:50    24.64    1.02x    +0.39%W    +0.49%W    +0.55%W    +1.16%W    +0.81%W    +0.93%W    +1.42%W    +2.68%W    +1.93%W    +1.75%W    +2.03%W    +2.03%W
2019-11-01   AVGO   09:30/3b 09:40   293.35    1.84x    -0.15%L    +0.12%W    +0.07%W    +0.22%W    -0.05%L    +0.27%W    +0.03%W    +0.70%W    +0.73%W    +0.76%W    +1.10%W    +1.10%W
2019-11-01   DDOG   09:30/3b 09:45    34.20    1.56x    -0.30%L    -0.54%L    -1.41%L    -1.47%L    -0.34%L    -0.59%L    -0.18%L    +0.20%W    +0.66%W    +0.06%W    -0.59%L    -0.59%L
2019-11-04   DDOG   09:30/3b 09:45    34.75    1.13x    -1.43%L    -1.83%L    -1.83%L    -2.42%L    -3.07%L    -3.24%L    -2.95%L    -1.95%L    -1.37%L    -1.90%L    -0.91%L    -0.91%L
2019-11-05   AVGO   09:30/3b 09:40   306.75    1.65x    +0.09%W    +0.19%W    +0.10%W    +0.19%W    +1.19%W    +1.26%W    +1.90%W    +2.43%W    +2.25%W    +2.85%W    +2.38%W    +2.38%W
2019-11-05   AMD    09:30/3b 09:40    36.69    1.51x    +0.76%W    -1.08%L    -0.95%L    -0.99%L    +0.27%W    +0.41%W    +0.57%W    +1.25%W    +0.62%W    -1.53%L    -1.49%L    -1.49%L
2019-11-06   LLY    09:30/3b 09:40   112.95    5.60x    +0.01%W    -0.40%L    -0.45%L    -0.27%L    +0.04%W    +0.45%W    +1.02%W    +1.09%W    +0.73%W    +0.91%W    +0.78%W    +0.78%W
2019-11-06   CHTR   09:30/3b 09:40   468.11    1.66x    +0.27%W    +0.04%W    -0.62%L    -0.59%L    -0.72%L    -0.88%L    -1.04%L    -0.56%L    -0.01%L    +0.08%W    +0.19%W    +0.19%W
2019-11-06   AVGO   09:30/3b 09:40   313.65    1.25x    -0.64%L    -0.62%L    -1.14%L    -1.09%L    -0.92%L    -1.11%L    -1.38%L    -0.96%L    -0.94%L    -0.36%L    -0.16%L    -0.16%L
2019-11-06   AMD    09:30/3b 09:40    36.34    1.60x    -0.64%L    -0.76%L    -1.98%L    -1.79%L    -1.84%L    -1.53%L    -0.67%L    -0.98%L    -1.32%L    -1.26%L    -1.14%L    -1.14%L
2019-11-07   SNPS   09:30/3b 09:40   137.72    1.14x    -0.11%L    -0.11%L    -0.22%L    +0.02%W    +0.00%L    -0.50%L    -0.60%L    -0.84%L    -1.34%L    -1.87%L    -1.82%L    -1.82%L
2019-11-07   MU     09:30/3b 09:40    48.51    1.73x    -0.63%L    -0.82%L    -0.69%L    -0.09%L    +0.51%W    +0.91%W    +0.90%W    +0.54%W    +0.06%W    -0.37%L    -0.16%L    -0.16%L
2019-11-07   AMD    09:30/3b 09:40    36.55    1.61x    +0.02%W    -0.08%L    -0.28%L    +0.32%W    +1.06%W    +0.28%W    +0.59%W    +0.41%W    -0.50%L    -1.13%L    -0.75%L    -0.75%L
2019-11-08   MRVL   09:30/3b 09:40    27.09    1.02x    -1.48%L    -1.51%L    -1.44%L    -0.82%L    -0.64%L    -0.87%L    -0.89%L    -1.00%L    -0.44%L    -0.39%L    -0.11%L    -0.11%L
2019-11-08   QCOM   09:30/3b 09:40    90.53    1.24x    +0.36%W    -0.11%L    -0.12%L    +0.74%W    +0.63%W    +1.39%W    +1.90%W    +1.66%W    +2.47%W    +3.67%W    +3.88%W    +3.88%W
2019-11-08   AMD    09:30/3b 09:40    36.38    1.30x    -0.60%L    -0.14%L    +0.22%W    +0.07%W    +0.08%W    +0.05%W    +0.12%W    -0.36%L    -0.44%L    -0.48%L    -0.26%L    -0.26%L
2019-11-12   SNPS   09:30/3b 09:40   138.67    1.42x    +0.45%W    +0.70%W    +1.04%W    +0.56%W    +0.57%W    +0.37%W    +0.22%W    +0.24%W    -0.17%L    -0.02%L    +0.16%W    +0.16%W
2019-11-12   MU     09:30/3b 09:45    47.09    1.02x    +0.62%W    +0.74%W    +0.66%W    +0.91%W    +1.02%W    +0.87%W    +0.41%W    +0.15%W    -0.58%L    -0.44%L    -0.44%L    -0.44%L
2019-11-12   CHTR   09:30/3b 09:45   473.23    1.51x    -0.13%L    -0.01%L    -0.00%L    +0.05%W    +0.12%W    +0.47%W    +0.02%W    +0.07%W    -0.06%L    +0.13%W    +0.18%W    +0.18%W
2019-11-12   AMD    09:30/3b 09:40    36.65    1.10x    -0.19%L    -0.08%L    +0.30%W    +0.67%W    +1.04%W    +1.17%W    +0.65%W    +1.05%W    +0.74%W    +0.01%W    +0.14%W    +0.14%W
2019-11-12   DDOG   09:30/3b 09:40    34.80    1.77x    -2.05%L    -2.72%L    -1.68%L    -1.51%L    -1.74%L    -1.54%L    -0.24%L    -0.99%L    -0.88%L    -0.50%L    -1.07%L    -1.07%L
2019-11-13   CHTR   09:30/3b 09:40   474.24    1.12x    +0.08%W    +0.65%W    +0.62%W    +0.79%W    +0.96%W    +1.28%W    +1.27%W    +1.36%W    +1.24%W    +1.27%W    +1.28%W    +1.28%W
2019-11-13   AMD    09:30/3b 09:40    37.00    1.30x    +0.11%W    +0.22%W    +1.24%W    +1.86%W    +2.54%W    +2.19%W    +1.61%W    +2.07%W    +1.42%W    +1.41%W    +1.38%W    +1.38%W
2019-11-14   CRWD   09:30/3b 09:40    51.70    2.30x    +0.40%W    +2.02%W    +2.44%W    +4.21%W    +3.14%W    +3.40%W    +4.89%W    +4.56%W    +2.97%W    +2.39%W    +2.33%W    +2.33%W
2019-11-15   LLY    09:30/3b 09:40   111.84    2.71x    -0.05%L    -0.19%L    +0.78%W    +1.05%W    +1.39%W    +1.30%W    +1.76%W    +1.36%W    +1.56%W    +1.24%W    +1.20%W    +1.20%W
2019-11-15   CRWD   09:30/3b 09:45    54.60    1.37x    -0.07%L    +1.19%W    +1.21%W    +1.67%W    +2.24%W    +3.75%W    +6.50%W    +4.60%W    +6.94%W    +9.55%W    +9.52%W    +9.52%W
2019-11-15   AVGO   09:30/3b 09:40   312.23    1.09x    -0.26%L    -0.13%L    -0.23%L    -0.21%L    -0.20%L    -0.21%L    -0.42%L    -0.25%L    +0.00%W    -0.12%L    +0.21%W    +0.21%W
2019-11-18   SNPS   09:30/3b 09:50   139.15    1.02x    -0.11%L    -0.07%L    -0.02%L    +0.29%W    +0.25%W    +0.27%W    +0.19%W    +0.14%W    +0.18%W    -0.06%L    +0.05%W    +0.05%W
2019-11-18   AMD    09:30/3b 09:40    39.05    1.05x    +0.71%W    +1.87%W    +2.01%W    +1.81%W    +1.57%W    +1.60%W    +2.11%W    +1.08%W    +1.55%W    +1.92%W    +2.18%W    +2.18%W
2019-11-19   META   09:30/3b 09:40   199.53    1.68x    -0.08%L    -0.35%L    -0.40%L    -0.11%L    -0.29%L    +0.19%W    -0.20%L    -0.14%L    -0.05%L    -0.28%L    -0.10%L    -0.10%L
2019-11-20   SNPS   09:30/3b 09:45   141.53    1.27x    -0.12%L    -0.14%L    -0.20%L    -0.11%L    -0.16%L    -0.10%L    -0.28%L    -1.18%L    -0.75%L    -0.67%L    -0.48%L    -0.48%L
2019-11-20   CRWD   09:30/3b 09:40    56.82    1.02x    -0.21%L    +0.72%W    -1.59%L    -1.13%L    -3.62%L    -4.77%L    -4.11%L    -4.24%L    -3.28%L    -3.20%L    -3.38%L    -3.38%L
2019-11-20   AMD    09:30/3b 09:45    41.15    1.16x    -0.63%L    -0.68%L    -0.51%L    -0.12%L    +0.08%W    +0.05%W    +1.19%W    -0.95%L    -0.78%L    -0.45%L    -0.44%L    -0.44%L
2019-11-21   SNPS   09:30/3b 09:45   140.62    1.30x    -0.16%L    -0.18%L    -0.54%L    -0.53%L    -0.28%L    -0.52%L    -1.03%L    -0.97%L    -0.94%L    -1.27%L    -1.32%L    -1.32%L
2019-11-21   MU     09:30/3b 09:40    45.62    1.29x    +0.93%W    +1.10%W    +0.72%W    +0.73%W    +0.61%W    +0.21%W    -0.32%L    -0.12%L    -0.20%L    -0.11%L    -0.18%L    -0.18%L
2019-11-21   CRWD   09:30/3b 09:45    55.17    1.11x    -1.07%L    -1.38%L    -2.33%L    -2.19%L    -1.52%L    -2.27%L    -3.15%L    -2.76%L    -3.01%L    -2.52%L    -2.54%L    -2.54%L
2019-11-21   QCOM   09:30/3b 09:40    85.66    1.02x    +0.41%W    +0.23%W    -0.14%L    +0.27%W    +0.16%W    -0.19%L    -0.57%L    -0.24%L    -0.74%L    -0.71%L    -0.64%L    -0.64%L
2019-11-22   MU     09:30/3b 09:45    46.23    1.09x    -0.02%L    -0.44%L    -0.50%L    -0.28%L    -0.42%L    -0.17%L    -0.52%L    -0.67%L    -0.61%L    -0.98%L    -0.78%L    -0.78%L
2019-11-22   LLY    09:30/3b 09:40   115.57    1.47x    +0.29%W    +0.88%W    +0.63%W    +0.55%W    +0.34%W    -0.10%L    +0.35%W    +0.54%W    +0.87%W    +0.62%W    +0.55%W    +0.55%W
2019-11-25   LLY    09:30/3b 09:50   117.58    1.02x    +0.33%W    +0.26%W    +0.54%W    +0.32%W    -0.02%L    -0.06%L    -0.17%L    -0.14%L    -0.12%L    -0.09%L    -0.12%L    -0.12%L
2019-11-25   QCOM   09:30/3b 09:40    86.01    1.06x    -0.51%L    -0.06%L    -0.44%L    -0.43%L    -0.06%L    -0.47%L    -0.76%L    -0.83%L    -0.76%L    -0.92%L    -0.85%L    -0.85%L
2019-11-26   SNPS   09:30/3b 09:40   139.93    1.83x    -0.26%L    -0.03%L    +0.20%W    +0.17%W    -0.10%L    -0.32%L    -0.23%L    -0.11%L    +0.03%W    +0.37%W    -0.06%L    -0.06%L
2019-11-26   CRWD   09:30/3b 09:50    57.67    1.63x    -1.37%L    -1.55%L    -2.60%L    -3.46%L    -2.89%L    -3.02%L    -2.50%L    -4.19%L    -5.24%L    -3.28%L    -3.69%L    -3.69%L
2019-11-26   AVGO   09:30/3b 09:45   319.56    1.19x    -0.46%L    -0.37%L    -0.31%L    -0.26%L    -0.26%L    -0.42%L    -0.18%L    -0.43%L    -0.54%L    -0.70%L    -1.03%L    -1.03%L
2019-11-27   META   09:30/3b 09:50   201.46    1.05x    +0.21%W    +0.26%W    +0.35%W    +0.21%W    +0.18%W    +0.33%W    +0.50%W    +0.59%W    +0.50%W    +0.46%W    +0.27%W    +0.27%W
2019-11-29   CRWD   09:30/3b 09:50    58.69    1.15x    -0.29%L    +0.68%W    -0.61%L    -1.12%L    +0.24%W    -1.52%L    -1.21%L    -1.18%L    -1.18%L    -1.11%L    -1.11%L    -1.11%L

========================================================================================
Summary — 48 qualifying signal(s) across 20 trading day(s)

Window 09:30/3b  (48 signal(s))
  Hold      Count   Win Rate   Avg Gain    Avg Win   Avg Loss ProfitFactor   Sum Ret%
  -------------------------------------------------------------------------
  +15m         48      39.6%     -0.14%     +0.39%     -0.50%        0.52x     -6.94%
  +30m         48      39.6%     -0.07%     +0.70%     -0.57%        0.81x     -3.14%
  +45m         48      39.6%     -0.20%     +0.76%     -0.82%        0.60x     -9.49%
  +1h          48      52.1%     -0.05%     +0.78%     -0.95%        0.89x     -2.47%
  +1h30m       48      54.2%     +0.03%     +0.82%     -0.90%        1.08x     +1.52%
  +2h          48      50.0%     -0.05%     +0.97%     -1.07%        0.91x     -2.18%
  +3h          48      47.9%     +0.11%     +1.31%     -0.99%        1.22x     +5.35%
  +4h          48      47.9%     +0.04%     +1.29%     -1.11%        1.07x     +1.83%
  +5h          48      43.8%     +0.01%     +1.35%     -1.03%        1.02x     +0.49%
  +6h          48      39.6%     +0.04%     +1.59%     -0.98%        1.06x     +1.83%
  +7h          48      41.7%     +0.07%     +1.54%     -0.97%        1.13x     +3.60%
  EOD          48      41.7%     +0.07%     +1.54%     -0.97%        1.13x     +3.60%
