
Selector Backtest
  Eval window  : 2026-03-01 → 2026-03-31
  Top-N        : 3
  Weights      : weighted 50%/30%/20% × 3 slots
  Tickers      : SNDK, APP, SHOP, CVNA, AMD, META, EXPE, FANG, RH, FN, MU, ANAB, PLTR, COIN, NVDA, TSLA
  Lookback     : 60d rolling
  Windows      : 3 total
    [M1] 09:30 / 3 bars  (simultaneous, 100% of portfolio)  (~$10,000)
    [A1] 13:15 / 1 bars  (sequential, inherits all returned capital)
    [A2] 15:00 / 1 bars  (sequential, inherits all returned capital)
  Min capital  : $100 per window (skip if below)
  Compounding  : off (reset $10,000 each day)
  Dedup        : off
  Stop pct     : 0.15
  Trailing MA  : ma20
  Max loss pct : disabled
  Armed MA20   : off
  Regime filter: QQQ MA8
  Reversal     : on (max bars_held=3)
  Bearish RE   : on (max bars_held=3)
  Bullish RE   : on (max bars_held=5)
  Min OR range : 0.50% (windows: M1)
  Min score    : disabled
  Min EV       : disabled
  OR bar lookback: last 3 bars
  Source       : alpaca
Fetching bars for 16 tickers (2026-03-01 → 2026-03-31)...
  [cache] loaded 16 tickers from cache
Pre-computing MA columns for 16 tickers...
Pre-computing signals for 3 window(s)...
  [M1] 09:30 / 3 bars — done
  [A1] 13:15 / 1 bars — done
  [A2] 15:00 / 1 bars — done
Fetching QQQ daily bars for comparison...

━━━━━━━━━━━━━━━━━━━━━━━━━━━━━━━━━━━━━━━━━━━━━━━━━━━━━━━━━━━━━━━━━━━━━━━━━━━━━━━━━━━━━━━━━━━━━━━━━━
  Date         Win   Rank  Ticker Signal    Score    Entry    Exit    P&L$    P&L%  Result  Exit Reason
━━━━━━━━━━━━━━━━━━━━━━━━━━━━━━━━━━━━━━━━━━━━━━━━━━━━━━━━━━━━━━━━━━━━━━━━━━━━━━━━━━━━━━━━━━━━━━━━━━
  2026-03-02   M1    1     SNDK   BEARISH    2.88   617.99  621.24  -$3.25  -0.53%  LOSS    fallback_20pct
                                  [BRE]             609.96  618.73  -$8.77  -1.44%  LOSS    end_of_day
  2026-03-02   M1    2     COIN   BULLISH    2.47   179.90  179.05  -$0.84  -0.47%  LOSS    fallback_20pct
                                  [BRU]             182.82  184.80  +$1.98  +1.08%  WIN     end_of_day
  2026-03-02   M1    3     PLTR   BULLISH    1.84   144.16  142.89  -$1.28  -0.89%  LOSS    fallback_20pct
                                  [BRU]             144.92  145.12  +$0.20  +0.14%  WIN     end_of_day
  ································································································
  2026-03-02   A1    1     CVNA   BEARISH    0.83   324.44  322.29  +$2.15  +0.66%  WIN     trailing_stop_ma20
  2026-03-02   A1    2     SNDK   BEARISH    0.54   622.40  621.24  +$1.16  +0.19%  WIN     trailing_stop_ma20
  2026-03-02   A1    3     FN     BULLISH    0.54   571.13  569.47  -$1.66  -0.29%  LOSS    fallback_20pct
                                  [BRU]             571.41  581.07  +$9.66  +1.69%  WIN     end_of_day
  ································································································
  2026-03-02   A2    1     COIN   BULLISH    0.39   184.61  183.68  -$0.93  -0.50%  LOSS    fallback_20pct
                                  [BRU]             184.83  184.80  -$0.03  -0.02%  LOSS    end_of_day
  2026-03-02   A2    2     RH     BEARISH    0.23   158.60  157.34  +$1.26  +0.79%  WIN     end_of_day
  2026-03-02   A2    3     MU     BULLISH    0.22   412.25  412.24  -$0.01  -0.00%  LOSS    fallback_20pct
                                  [BRU]             412.62  412.46  -$0.16  -0.04%  LOSS    end_of_day
                                                                    -$0.52  +0.03%  6W/9L  │  cap: -$31.59 (-0.32%)  portfolio: $9968.41
  ────────────────────────────────────────────────────────────────────────────────────────────────
  2026-03-03   M1    1     FN     BEARISH    1.63   545.01  545.58  -$0.57  -0.10%  LOSS    fallback_20pct
                                  [REV]             555.99  552.91  -$3.08  -0.55%  LOSS    end_of_day
  2026-03-03   M1    2     COIN   BEARISH    1.49   176.31  176.70  -$0.39  -0.22%  LOSS    hard_stop
  2026-03-03   M1    3     AMD    BEARISH    1.13   190.68  190.70  -$0.02  -0.01%  LOSS    hard_stop
                                  [BRE]             190.16  191.89  -$1.73  -0.91%  LOSS    hard_stop
  ································································································
  2026-03-03   A1    1     FANG   BEARISH    0.58   178.62  178.68  -$0.06  -0.03%  LOSS    fallback_20pct
                                  [REV]             178.91  178.76  -$0.15  -0.08%  LOSS    hard_stop
  ································································································
  2026-03-03   A2    1     FN     BEARISH    0.38   555.23  555.35  -$0.12  -0.02%  LOSS    fallback_20pct
                                  [REV]             555.89  556.26  +$0.37  +0.07%  WIN     trailing_stop_ma20
  2026-03-03   A2    2     ANAB   BEARISH    0.29    53.28   52.86  +$0.43  +0.81%  WIN     end_of_day
  2026-03-03   A2    3     MU     BEARISH    0.23   380.70  380.75  -$0.05  -0.01%  LOSS    fallback_20pct
                                  [REV]             382.41  380.97  -$1.44  -0.38%  LOSS    hard_stop
                                                                    -$6.81  -0.12%  2W/10L  │  cap: -$45.26 (-0.45%)  portfolio: $9923.15
  ────────────────────────────────────────────────────────────────────────────────────────────────
  2026-03-04   M1    1     SHOP   BULLISH    2.36   124.82  128.12  +$3.30  +2.64%  WIN     trailing_stop_ma20
  2026-03-04   M1    2     APP    BULLISH    1.66   455.75  458.12  +$2.37  +0.52%  WIN     fallback_20pct
                                  [BRU]             465.84  482.88 +$17.04  +3.66%  WIN     end_of_day
  2026-03-04   M1    3     RH     BEARISH    1.62   155.62  155.47  +$0.16  +0.10%  WIN     trailing_stop_ma20
  ································································································
  2026-03-04   A1    1     ANAB   BULLISH    0.70    59.90   61.09  +$1.19  +1.99%  WIN     trailing_stop_ma20
  2026-03-04   A1    2     FN     BEARISH    0.67   556.00  556.29  -$0.29  -0.05%  LOSS    hard_stop
                                  [REV]             562.77  565.96  +$3.19  +0.57%  WIN     trailing_stop_ma20
  2026-03-04   A1    3     CVNA   BEARISH    0.61   318.16  318.12  +$0.04  +0.01%  WIN     hard_stop
                                  [REV]             319.25  319.41  +$0.16  +0.05%  WIN     trailing_stop_ma20
  ································································································
  2026-03-04   A2    1     COIN   BULLISH    0.44   210.83  210.06  -$0.78  -0.37%  LOSS    fallback_20pct
  2026-03-04   A2    2     FN     BULLISH    0.43   571.00  570.87  -$0.13  -0.02%  LOSS    hard_stop
  2026-03-04   A2    3     PLTR   BULLISH    0.40   154.32  153.60  -$0.72  -0.47%  LOSS    fallback_20pct
                                                                   +$25.53  +0.72%  8W/4L  │  cap: +$349.03 (+3.49%)  portfolio: $10272.18
  ────────────────────────────────────────────────────────────────────────────────────────────────
  2026-03-05   M1    1     SHOP   BULLISH    2.75   133.02  132.81  -$0.22  -0.17%  LOSS    hard_stop
  2026-03-05   M1    2     EXPE   BULLISH    2.50   245.70  245.64  -$0.06  -0.02%  LOSS    fallback_20pct
                                  [BRU]             248.09  242.31  -$5.78  -2.33%  LOSS    hard_stop
  2026-03-05   M1    3     APP    BULLISH    1.85   500.27  501.59  +$1.32  +0.26%  WIN     hard_stop
  ································································································
  2026-03-05   A1    1     ANAB   BEARISH    0.67    56.76   56.78  -$0.02  -0.04%  LOSS    hard_stop
  2026-03-05   A1    2     SNDK   BEARISH    0.66   561.94  562.43  -$0.49  -0.09%  LOSS    hard_stop
                                  [REV]             567.05  563.70  -$3.35  -0.59%  LOSS    hard_stop
  2026-03-05   A1    3     FN     BEARISH    0.62   525.64  525.84  -$0.20  -0.04%  LOSS    hard_stop
                                  [REV]             529.04  544.60 +$15.56  +2.94%  WIN     end_of_day
  ································································································
  2026-03-05   A2    1     PLTR   BULLISH    0.55   151.35  152.64  +$1.29  +0.85%  WIN     end_of_day
  2026-03-05   A2    2     COIN   BULLISH    0.50   203.42  205.77  +$2.34  +1.15%  WIN     end_of_day
  2026-03-05   A2    3     TSLA   BULLISH    0.30   401.76  405.30  +$3.54  +0.88%  WIN     end_of_day
                                                                   +$13.93  +0.23%  5W/7L  │  cap: +$56.47 (+0.56%)  portfolio: $10328.65
  ────────────────────────────────────────────────────────────────────────────────────────────────
  2026-03-06   M1    1     EXPE   BEARISH    2.10   240.00  240.73  -$0.73  -0.30%  LOSS    fallback_20pct
                                  [REV]             246.60  249.74  +$3.14  +1.27%  WIN     end_of_day
  2026-03-06   M1    2     SHOP   BEARISH    2.06   130.00  130.04  -$0.04  -0.03%  LOSS    hard_stop
  2026-03-06   M1    3     APP    BEARISH    1.61   495.09  496.57  -$1.48  -0.30%  LOSS    fallback_20pct
                                  [REV]             509.16  500.54  -$8.61  -1.69%  LOSS    hard_stop
  ································································································
  2026-03-06   A1    1     SNDK   BEARISH    0.61   555.57  555.72  -$0.15  -0.03%  LOSS    fallback_20pct
                                  [BRE]             552.03  556.78  -$4.75  -0.86%  LOSS    hard_stop
  2026-03-06   A1    2     FN     BEARISH    0.56   519.83  489.49 +$30.34  +5.84%  WIN     end_of_day
  2026-03-06   A1    3     ANAB   BEARISH    0.56    56.01   56.02  -$0.01  -0.02%  LOSS    fallback_20pct
                                  [REV]              56.04   56.01  -$0.03  -0.05%  LOSS    hard_stop
  ································································································
  2026-03-06   A2    1     FN     BEARISH    0.36   510.76  489.49 +$21.27  +4.16%  WIN     end_of_day
                                                                   +$38.95  +0.73%  3W/8L  │  cap: +$348.20 (+3.48%)  portfolio: $10676.85
  ────────────────────────────────────────────────────────────────────────────────────────────────
  2026-03-09   M1    1     EXPE   BEARISH    2.33   237.06  234.32  +$2.74  +1.16%  WIN     trailing_stop_ma20
  2026-03-09   M1    2     RH     BEARISH    1.94   130.68  131.35  -$0.67  -0.51%  LOSS    hard_stop
                                  [REV]             135.39  141.68  +$6.29  +4.65%  WIN     end_of_day
  2026-03-09   M1    3     APP    BULLISH    1.56   508.60  511.37  +$2.77  +0.54%  WIN     hard_stop
                                  [BRU]             519.03  505.23 -$13.80  -2.66%  LOSS    hard_stop
  ································································································
  2026-03-09   A1    1     FN     BEARISH    0.83   505.62  505.89  -$0.27  -0.05%  LOSS    hard_stop
  2026-03-09   A1    2     SNDK   BEARISH    0.51   565.15  565.41  -$0.26  -0.05%  LOSS    hard_stop
                                  [REV]             569.13  588.28 +$19.15  +3.36%  WIN     end_of_day
  2026-03-09   A1    3     FANG   BULLISH    0.43   183.92  183.23  -$0.69  -0.38%  LOSS    fallback_20pct
                                  [BRU]             184.22  183.78  -$0.43  -0.23%  LOSS    hard_stop
  ································································································
  2026-03-09   A2    1     SHOP   BEARISH    0.39   130.57  130.70  -$0.12  -0.09%  LOSS    hard_stop
                                  [REV]             131.76  133.56  +$1.80  +1.37%  WIN     end_of_day
  2026-03-09   A2    2     APP    BEARISH    0.34   505.50  505.72  -$0.22  -0.04%  LOSS    fallback_20pct
                                  [REV]             509.62  517.36  +$7.74  +1.52%  WIN     end_of_day
  2026-03-09   A2    3     FANG   BULLISH    0.18   184.42  184.00  -$0.42  -0.23%  LOSS    fallback_20pct
                                                                   +$23.61  +0.56%  6W/9L  │  cap: +$331.15 (+3.31%)  portfolio: $11008.00
  ────────────────────────────────────────────────────────────────────────────────────────────────
  2026-03-10   M1    1     COIN   BEARISH    2.88   196.95  198.72  -$1.77  -0.90%  LOSS    fallback_20pct
                                  [BRE]             196.20  196.53  -$0.32  -0.16%  LOSS    end_of_day
  2026-03-10   M1    2     SHOP   BEARISH    2.54   130.40  131.04  -$0.64  -0.49%  LOSS    fallback_20pct
                                  [BRE]             129.43  129.38  +$0.05  +0.04%  WIN     end_of_day
  2026-03-10   M1    3     EXPE   BEARISH    2.18   233.60  231.18  +$2.42  +1.04%  WIN     trailing_stop_ma20
  ································································································
  2026-03-10   A1    1     MU     BULLISH    0.51   414.75  414.52  -$0.23  -0.06%  LOSS    hard_stop
  2026-03-10   A1    2     SNDK   BULLISH    0.47   633.48  632.61  -$0.87  -0.14%  LOSS    fallback_20pct
                                  [BRU]             634.39  633.03  -$1.36  -0.21%  LOSS    hard_stop
  2026-03-10   A1    3     FANG   BEARISH    0.40   177.92  177.94  -$0.02  -0.01%  LOSS    hard_stop
                                  [REV]             178.37  178.00  -$0.38  -0.21%  LOSS    hard_stop
  ································································································
  2026-03-10   A2    1     FN     BEARISH    1.15   546.10  546.94  -$0.84  -0.15%  LOSS    fallback_20pct
                                  [REV]             552.18  548.19  -$3.99  -0.72%  LOSS    hard_stop
  2026-03-10   A2    2     SNDK   BEARISH    0.39   622.58  622.96  -$0.38  -0.06%  LOSS    fallback_20pct
                                  [REV]             625.49  623.54  -$1.95  -0.31%  LOSS    hard_stop
  2026-03-10   A2    3     APP    BEARISH    0.36   476.04  476.13  -$0.09  -0.02%  LOSS    hard_stop
                                  [REV]             478.78  477.52  -$1.26  -0.26%  LOSS    end_of_day
                                                                   -$11.63  -0.17%  2W/14L  │  cap: -$123.92 (-1.24%)  portfolio: $10884.08
  ────────────────────────────────────────────────────────────────────────────────────────────────
  2026-03-11   M1    1     ANAB   BEARISH    1.17    61.05   61.18  -$0.13  -0.21%  LOSS    fallback_20pct
                                  [REV]              63.02   64.82  +$1.79  +2.84%  WIN     trailing_stop_ma20
  2026-03-11   M1    2     AMD    BULLISH    1.05   207.79  206.56  -$1.23  -0.59%  LOSS    fallback_20pct
  2026-03-11   M1    3     CVNA   BULLISH    0.66   325.45  324.46  -$0.99  -0.30%  LOSS    fallback_20pct
                                  [BRU]             327.83  325.27  -$2.56  -0.78%  LOSS    hard_stop
  ································································································
  2026-03-11   A1    1     ANAB   BULLISH    0.86    65.54   65.20  -$0.34  -0.52%  LOSS    fallback_20pct
                                  [BRU]              65.56   65.39  -$0.17  -0.26%  LOSS    hard_stop
  2026-03-11   A1    2     FN     BEARISH    0.76   527.14  527.18  -$0.04  -0.01%  LOSS    fallback_20pct
                                  [REV]             527.52  527.14  -$0.38  -0.07%  LOSS    hard_stop
  2026-03-11   A1    3     SNDK   BULLISH    0.52   637.80  637.69  -$0.11  -0.02%  LOSS    hard_stop
                                  [BRU]             638.20  655.26 +$17.06  +2.67%  WIN     end_of_day
  ································································································
  2026-03-11   A2    1     FN     BEARISH    0.85   524.58  524.68  -$0.10  -0.02%  LOSS    fallback_20pct
                                  [REV]             526.52  524.83  -$1.69  -0.32%  LOSS    hard_stop
  2026-03-11   A2    2     ANAB   BEARISH    0.43    63.94   63.97  -$0.03  -0.05%  LOSS    hard_stop
                                  [REV]              64.55   64.67  +$0.12  +0.19%  WIN     trailing_stop_ma20
  2026-03-11   A2    3     COIN   BULLISH    0.39   198.23  197.61  -$0.62  -0.31%  LOSS    fallback_20pct
                                  [BRU]             198.25  198.68  +$0.43  +0.22%  WIN     end_of_day
                                                                   +$11.01  +0.14%  4W/13L  │  cap: +$88.94 (+0.89%)  portfolio: $10973.02
  ────────────────────────────────────────────────────────────────────────────────────────────────
  2026-03-12   M1    1     AMD    BEARISH    0.97   201.23  198.94  +$2.29  +1.14%  WIN     trailing_stop_ma20
  2026-03-12   M1    2     NVDA   BEARISH    0.51   183.66  182.57  +$1.09  +0.59%  WIN     trailing_stop_ma20
  ································································································
  2026-03-12   A1    1     AMD    BEARISH    0.38   198.52  198.63  -$0.11  -0.06%  LOSS    fallback_20pct
                                  [BRE]             198.35  198.14  +$0.21  +0.11%  WIN     trailing_stop_ma20
  2026-03-12   A1    2     RH     BEARISH    0.25   133.98  134.04  -$0.06  -0.04%  LOSS    fallback_20pct
                                  [REV]             134.31  134.14  -$0.17  -0.13%  LOSS    hard_stop
  2026-03-12   A1    3     TSLA   BEARISH    0.23   399.22  399.38  -$0.16  -0.04%  LOSS    fallback_20pct
                                  [BRE]             398.43  397.80  +$0.63  +0.16%  WIN     trailing_stop_ma20
  ································································································
  2026-03-12   A2    1     FN     BEARISH    0.97   511.73  512.11  -$0.38  -0.07%  LOSS    fallback_20pct
                                  [BRE]             510.49  512.69  -$2.20  -0.43%  LOSS    hard_stop
  2026-03-12   A2    2     APP    BEARISH    0.43   453.26  453.32  -$0.06  -0.01%  LOSS    fallback_20pct
                                  [BRE]             452.85  449.09  +$3.76  +0.83%  WIN     end_of_day
  2026-03-12   A2    3     EXPE   BEARISH    0.25   228.91  227.47  +$1.44  +0.63%  WIN     end_of_day
                                                                    +$6.28  +0.21%  6W/7L  │  cap: +$86.37 (+0.86%)  portfolio: $11059.39
  ────────────────────────────────────────────────────────────────────────────────────────────────
  2026-03-13   A2    1     FN     BEARISH    0.81   505.21  505.23  -$0.02  -0.00%  LOSS    fallback_20pct
                                  [REV]             505.46  505.21  -$0.25  -0.05%  LOSS    hard_stop
  2026-03-13   A2    2     PLTR   BEARISH    0.41   150.99  151.09  -$0.10  -0.07%  LOSS    fallback_20pct
                                  [BRE]             150.69  150.97  -$0.28  -0.19%  LOSS    end_of_day
  2026-03-13   A2    3     TSLA   BEARISH    0.34   391.96  392.14  -$0.18  -0.05%  LOSS    hard_stop
                                  [BRE]             390.92  391.13  -$0.20  -0.05%  LOSS    end_of_day
                                                                    -$1.03  -0.07%  0W/6L  │  cap: -$12.17 (-0.12%)  portfolio: $11047.21
  ────────────────────────────────────────────────────────────────────────────────────────────────
  2026-03-16   A1    1     FN     BEARISH    0.78   515.13  515.25  -$0.12  -0.02%  LOSS    fallback_20pct
                                  [REV]             517.20  518.18  +$0.98  +0.19%  WIN     trailing_stop_ma20
  2026-03-16   A1    2     ANAB   BEARISH    0.66    65.56   65.56  +$0.00  +0.00%  LOSS    fallback_20pct
                                  [REV]              65.98   65.56  -$0.42  -0.64%  LOSS    hard_stop
  2026-03-16   A1    3     TSLA   BEARISH    0.19   397.21  397.25  -$0.04  -0.01%  LOSS    hard_stop
                                  [REV]             397.91  397.46  -$0.45  -0.11%  LOSS    hard_stop
  ································································································
  2026-03-16   A2    1     COIN   BEARISH    0.55   202.64  202.82  -$0.18  -0.09%  LOSS    fallback_20pct
  2026-03-16   A2    2     APP    BEARISH    0.43   453.00  453.01  -$0.01  -0.00%  LOSS    fallback_20pct
                                  [BRE]             451.63  453.50  -$1.87  -0.41%  LOSS    end_of_day
  2026-03-16   A2    3     SNDK   BEARISH    0.36   713.32  713.46  -$0.13  -0.02%  LOSS    fallback_20pct
                                  [REV]             717.01  714.06  -$2.95  -0.41%  LOSS    hard_stop
                                                                    -$5.19  -0.14%  1W/10L  │  cap: -$38.74 (-0.39%)  portfolio: $11008.48
  ────────────────────────────────────────────────────────────────────────────────────────────────
  2026-03-17   M1    1     SHOP   BULLISH    2.61   131.01  131.14  +$0.13  +0.10%  WIN     hard_stop
  2026-03-17   M1    2     EXPE   BULLISH    2.46   245.17  246.15  +$0.98  +0.40%  WIN     hard_stop
  2026-03-17   M1    3     COIN   BULLISH    1.72   206.38  206.14  -$0.25  -0.12%  LOSS    fallback_20pct
                                  [BRU]             209.19  210.25  +$1.06  +0.51%  WIN     end_of_day
  ································································································
  2026-03-17   A1    1     MU     BULLISH    0.39   457.17  457.17  +$0.00  +0.00%  LOSS    fallback_20pct
                                  [BRU]             457.50  461.80  +$4.30  +0.94%  WIN     end_of_day
  2026-03-17   A1    2     COIN   BULLISH    0.20   209.19  209.33  +$0.14  +0.07%  WIN     hard_stop
                                  [BRU]             210.07  211.40  +$1.34  +0.64%  WIN     trailing_stop_ma20
  2026-03-17   A1    3     TSLA   BEARISH    0.17   397.06  397.13  -$0.07  -0.02%  LOSS    fallback_20pct
                                  [REV]             397.60  397.86  +$0.26  +0.07%  WIN     trailing_stop_ma20
  ································································································
  2026-03-17   A2    1     FN     BEARISH    0.86   497.83  497.92  -$0.09  -0.02%  LOSS    hard_stop
  2026-03-17   A2    2     EXPE   BEARISH    0.31   240.88  240.96  -$0.08  -0.03%  LOSS    hard_stop
                                  [REV]             241.42  241.36  -$0.06  -0.02%  LOSS    end_of_day
  2026-03-17   A2    3     SNDK   BEARISH    0.31   706.75  706.82  -$0.07  -0.01%  LOSS    fallback_20pct
                                  [REV]             708.39  707.12  -$1.26  -0.18%  LOSS    hard_stop
                                                                    +$6.33  +0.15%  7W/8L  │  cap: +$87.47 (+0.87%)  portfolio: $11095.94
  ────────────────────────────────────────────────────────────────────────────────────────────────
  2026-03-18   M1    1     ANAB   BEARISH    1.09    65.69   65.84  -$0.15  -0.23%  LOSS    hard_stop
                                  [REV]              66.90   66.19  -$0.71  -1.06%  LOSS    hard_stop
  ································································································
  2026-03-18   A1    1     RH     BEARISH    0.16   136.63  136.63  +$0.00  +0.00%  LOSS    fallback_20pct
                                  [REV]             137.52  137.60  +$0.07  +0.05%  WIN     trailing_stop_ma20
  ································································································
  2026-03-18   A2    1     ANAB   BEARISH    0.28    64.81   64.82  -$0.01  -0.02%  LOSS    fallback_20pct
                                  [REV]              64.96   65.38  +$0.41  +0.63%  WIN     trailing_stop_ma20
  2026-03-18   A2    2     RH     BEARISH    0.20   136.60  136.63  -$0.03  -0.02%  LOSS    fallback_20pct
                                  [BRE]             136.59  134.68  +$1.91  +1.40%  WIN     end_of_day
                                                                    +$1.49  +0.09%  3W/5L  │  cap: +$9.68 (+0.10%)  portfolio: $11105.62
  ────────────────────────────────────────────────────────────────────────────────────────────────
  2026-03-20   M1    1     SHOP   BEARISH    1.99   119.46  119.33  +$0.13  +0.11%  WIN     hard_stop
                                  [BRE]             118.69  116.90  +$1.79  +1.51%  WIN     trailing_stop_ma20
  2026-03-20   M1    2     PLTR   BEARISH    1.68   152.92  151.86  +$1.06  +0.69%  WIN     trailing_stop_ma20
  2026-03-20   M1    3     ANAB   BEARISH    1.37    62.37   62.57  -$0.20  -0.32%  LOSS    hard_stop
  ································································································
  2026-03-20   A1    1     FN     BEARISH    0.94   512.58  512.66  -$0.08  -0.02%  LOSS    fallback_20pct
                                  [BRE]             509.54  506.08  +$3.45  +0.68%  WIN     trailing_stop_ma20
  2026-03-20   A1    2     AMD    BEARISH    0.32   200.50  200.57  -$0.07  -0.03%  LOSS    fallback_20pct
                                  [REV]             201.36  201.36  +$0.00  +0.00%  LOSS    end_of_day
  2026-03-20   A1    3     SHOP   BEARISH    0.21   118.44  118.48  -$0.04  -0.03%  LOSS    fallback_20pct
                                  [BRE]             118.22  116.90  +$1.32  +1.12%  WIN     trailing_stop_ma20
  ································································································
  2026-03-20   A2    1     SNDK   BEARISH    0.49   705.90  706.47  -$0.56  -0.08%  LOSS    hard_stop
  2026-03-20   A2    2     MU     BEARISH    0.38   419.68  420.07  -$0.39  -0.09%  LOSS    hard_stop
                                  [REV]             422.87  422.35  -$0.52  -0.12%  LOSS    end_of_day
  2026-03-20   A2    3     APP    BEARISH    0.35   434.94  435.09  -$0.15  -0.03%  LOSS    hard_stop
                                  [REV]             436.26  435.45  -$0.81  -0.19%  LOSS    hard_stop
                                                                    +$4.93  +0.21%  5W/10L  │  cap: +$134.35 (+1.34%)  portfolio: $11239.98
  ────────────────────────────────────────────────────────────────────────────────────────────────
  2026-03-23   A1    1     COIN   BEARISH    0.43   197.20  197.42  -$0.22  -0.11%  LOSS    hard_stop
                                  [REV]             199.58  202.21  +$2.63  +1.32%  WIN     trailing_stop_ma20
  2026-03-23   A1    2     SHOP   BEARISH    0.28   119.00  119.07  -$0.07  -0.06%  LOSS    fallback_20pct
                                  [REV]             119.57  121.08  +$1.51  +1.26%  WIN     trailing_stop_ma20
  2026-03-23   A1    3     RH     BEARISH    0.25   131.85  131.86  -$0.01  -0.01%  LOSS    fallback_20pct
                                  [REV]             132.16  132.36  +$0.20  +0.15%  WIN     trailing_stop_ma20
  ································································································
  2026-03-23   A2    1     SNDK   BEARISH    0.59   687.43  687.91  -$0.48  -0.07%  LOSS    fallback_20pct
                                  [REV]             692.96  702.04  +$9.07  +1.31%  WIN     end_of_day
  2026-03-23   A2    2     ANAB   BEARISH    0.25    63.07   62.76  +$0.30  +0.48%  WIN     end_of_day
  2026-03-23   A2    3     AMD    BEARISH    0.14   204.27  204.36  -$0.09  -0.04%  LOSS    fallback_20pct
                                  [BRE]             204.16  204.50  -$0.34  -0.17%  LOSS    hard_stop
                                                                   +$12.50  +0.37%  5W/6L  │  cap: +$172.03 (+1.72%)  portfolio: $11412.01
  ────────────────────────────────────────────────────────────────────────────────────────────────
  2026-03-24   M1    1     COIN   BEARISH    2.36   198.03  180.40 +$17.63  +8.90%  WIN     trailing_stop_ma20
  2026-03-24   M1    2     PLTR   BEARISH    2.36   155.88  154.18  +$1.69  +1.08%  WIN     trailing_stop_ma20
  2026-03-24   M1    3     EXPE   BEARISH    1.91   230.99  232.01  -$1.02  -0.44%  LOSS    fallback_20pct
                                  [REV]             236.29  236.99  +$0.70  +0.30%  WIN     end_of_day
  ································································································
  2026-03-24   A1    1     FN     BEARISH    0.97   579.91  580.19  -$0.28  -0.05%  LOSS    fallback_20pct
                                  [REV]             582.24  584.88  +$2.64  +0.45%  WIN     trailing_stop_ma20
  2026-03-24   A1    2     ANAB   BEARISH    0.66    62.18   62.18  +$0.00  +0.00%  LOSS    fallback_20pct
                                  [REV]              62.58   62.74  +$0.16  +0.26%  WIN     trailing_stop_ma20
  2026-03-24   A1    3     SHOP   BEARISH    0.31   115.16  115.20  -$0.04  -0.03%  LOSS    hard_stop
                                  [REV]             115.73  116.00  +$0.27  +0.23%  WIN     trailing_stop_ma20
  ································································································
  2026-03-24   A2    1     FANG   BEARISH    0.15   196.21  196.27  -$0.06  -0.03%  LOSS    fallback_20pct
                                  [REV]             196.79  197.18  +$0.39  +0.20%  WIN     trailing_stop_ma20
                                                                   +$22.08  +0.91%  7W/5L  │  cap: +$516.97 (+5.17%)  portfolio: $11928.98
  ────────────────────────────────────────────────────────────────────────────────────────────────
  2026-03-25   A1    1     FN     BEARISH    0.94   618.98  619.07  -$0.09  -0.01%  LOSS    fallback_20pct
                                  [REV]             620.39  620.12  -$0.26  -0.04%  LOSS    trailing_stop_ma20
  2026-03-25   A1    2     MU     BEARISH    0.46   378.48  378.59  -$0.11  -0.03%  LOSS    fallback_20pct
                                  [REV]             380.64  381.50  +$0.86  +0.23%  WIN     trailing_stop_ma20
  2026-03-25   A1    3     TSLA   BEARISH    0.20   388.23  388.21  +$0.02  +0.01%  WIN     hard_stop
                                  [REV]             389.04  388.48  -$0.56  -0.14%  LOSS    hard_stop
  ································································································
  2026-03-25   A2    1     FN     BEARISH    0.89   621.09  621.62  -$0.53  -0.09%  LOSS    fallback_20pct
                                  [REV]             622.88  621.68  -$1.20  -0.19%  LOSS    trailing_stop_ma20
  2026-03-25   A2    2     SNDK   BEARISH    0.53   675.50  675.72  -$0.22  -0.03%  LOSS    hard_stop
                                  [REV]             678.13  678.13  +$0.00  +0.00%  LOSS    end_of_day
  2026-03-25   A2    3     MU     BEARISH    0.21   379.46  379.41  +$0.06  +0.02%  WIN     hard_stop
                                  [REV]             380.53  382.30  +$1.77  +0.47%  WIN     end_of_day
                                                                    -$0.26  +0.01%  4W/8L  │  cap: -$4.95 (-0.05%)  portfolio: $11924.03
  ────────────────────────────────────────────────────────────────────────────────────────────────
  2026-03-26   M1    1     EXPE   BEARISH    1.46   233.88  234.43  -$0.55  -0.24%  LOSS    fallback_20pct
                                  [REV]             236.93  235.27  -$1.66  -0.70%  LOSS    hard_stop
  2026-03-26   M1    2     AMD    BEARISH    0.95   217.12  208.48  +$8.64  +3.98%  WIN     trailing_stop_ma20
  2026-03-26   M1    3     META   BEARISH    0.65   576.45  577.06  -$0.61  -0.11%  LOSS    fallback_20pct
                                  [BRE]             574.85  548.25 +$26.60  +4.63%  WIN     trailing_stop_ma20
  ································································································
  2026-03-26   A1    1     SNDK   BEARISH    0.51   614.55  614.65  -$0.10  -0.02%  LOSS    hard_stop
                                  [BRE]             613.71  610.95  +$2.76  +0.45%  WIN     trailing_stop_ma20
  2026-03-26   A1    2     MU     BEARISH    0.42   359.76  359.74  +$0.02  +0.01%  WIN     hard_stop
                                  [BRE]             358.49  356.40  +$2.09  +0.58%  WIN     trailing_stop_ma20
  2026-03-26   A1    3     RH     BEARISH    0.24   132.92  132.92  +$0.00  +0.00%  LOSS    hard_stop
                                  [REV]             133.34  133.36  +$0.02  +0.01%  WIN     trailing_stop_ma20
  ································································································
  2026-03-26   A2    1     FN     BEARISH    0.94   559.02  559.27  -$0.24  -0.04%  LOSS    hard_stop
                                  [BRE]             558.64  549.83  +$8.81  +1.58%  WIN     end_of_day
  2026-03-26   A2    2     PLTR   BEARISH    0.30   148.32  147.58  +$0.74  +0.50%  WIN     end_of_day
  2026-03-26   A2    3     ANAB   BEARISH    0.20    65.26   64.90  +$0.36  +0.55%  WIN     end_of_day
                                                                   +$46.88  +0.75%  9W/6L  │  cap: +$308.09 (+3.08%)  portfolio: $12232.12
  ────────────────────────────────────────────────────────────────────────────────────────────────
  2026-03-27   M1    1     COIN   BEARISH    3.34   164.03  161.38  +$2.65  +1.62%  WIN     trailing_stop_ma20
  2026-03-27   M1    2     SHOP   BEARISH    1.88   112.81  112.34  +$0.47  +0.42%  WIN     trailing_stop_ma20
  2026-03-27   M1    3     EXPE   BEARISH    1.76   228.54  226.52  +$2.02  +0.88%  WIN     trailing_stop_ma20
  ································································································
  2026-03-27   A1    1     FN     BEARISH    0.98   547.70  546.27  +$1.43  +0.26%  WIN     trailing_stop_ma20
  2026-03-27   A1    2     ANAB   BEARISH    0.70    58.17   58.19  -$0.02  -0.03%  LOSS    fallback_20pct
                                  [REV]              58.22   58.17  -$0.05  -0.09%  LOSS    hard_stop
  2026-03-27   A1    3     SNDK   BEARISH    0.61   618.65  611.27  +$7.38  +1.19%  WIN     trailing_stop_ma20
  ································································································
  2026-03-27   A2    1     APP    BEARISH    0.50   382.16  382.32  -$0.16  -0.04%  LOSS    hard_stop
  2026-03-27   A2    2     EXPE   BEARISH    0.31   225.67  225.74  -$0.07  -0.03%  LOSS    hard_stop
  2026-03-27   A2    3     CVNA   BEARISH    0.31   299.27  299.27  +$0.00  +0.00%  LOSS    hard_stop
                                  [REV]             301.31  302.34  +$1.03  +0.34%  WIN     end_of_day
                                                                   +$14.68  +0.41%  6W/5L  │  cap: +$148.50 (+1.48%)  portfolio: $12380.62
  ────────────────────────────────────────────────────────────────────────────────────────────────
  2026-03-30   M1    1     FN     BEARISH    2.99   527.36  514.33 +$13.03  +2.47%  WIN     trailing_stop_ma20
  2026-03-30   M1    2     CVNA   BEARISH    1.55   297.70  280.77 +$16.93  +5.69%  WIN     trailing_stop_ma20
  ································································································
  2026-03-30   A1    1     ANAB   BEARISH    0.89    55.52   55.54  -$0.02  -0.04%  LOSS    fallback_20pct
                                  [REV]              55.71   55.58  -$0.13  -0.23%  LOSS    hard_stop
  2026-03-30   A1    2     FN     BEARISH    0.85   498.24  498.45  -$0.22  -0.04%  LOSS    fallback_20pct
                                  [BRE]             496.73  495.05  +$1.68  +0.34%  WIN     trailing_stop_ma20
  2026-03-30   A1    3     SNDK   BEARISH    0.56   578.40  568.23 +$10.17  +1.76%  WIN     trailing_stop_ma20
  ································································································
  2026-03-30   A2    1     APP    BEARISH    0.56   369.02  369.04  -$0.02  -0.01%  LOSS    hard_stop
                                  [REV]             371.72  372.37  +$0.66  +0.18%  WIN     end_of_day
  2026-03-30   A2    2     SNDK   BEARISH    0.52   563.94  564.03  -$0.09  -0.02%  LOSS    hard_stop
  2026-03-30   A2    3     COIN   BEARISH    0.39   159.61  159.61  +$0.00  +0.00%  LOSS    hard_stop
                                  [REV]             160.33  160.82  +$0.49  +0.31%  WIN     end_of_day
                                                                   +$42.48  +0.87%  6W/6L  │  cap: +$340.27 (+3.40%)  portfolio: $12720.89
  ────────────────────────────────────────────────────────────────────────────────────────────────
  2026-03-31   M1    1     SHOP   BULLISH    1.58   113.00  113.83  +$0.83  +0.73%  WIN     trailing_stop_ma20
  2026-03-31   M1    2     FANG   BULLISH    1.14   201.90  201.31  -$0.59  -0.29%  LOSS    fallback_20pct
                                  [BRU]             202.09  200.32  -$1.77  -0.88%  LOSS    hard_stop
  2026-03-31   M1    3     META   BULLISH    0.89   555.39  555.78  +$0.39  +0.07%  WIN     hard_stop
                                  [BRU]             557.67  570.41 +$12.74  +2.28%  WIN     trailing_stop_ma20
  ································································································
  2026-03-31   A1    1     ANAB   BEARISH    0.89    56.02   56.04  -$0.02  -0.04%  LOSS    fallback_20pct
                                  [BRE]              55.82   55.52  +$0.30  +0.54%  WIN     end_of_day
  2026-03-31   A1    2     SNDK   BULLISH    0.69   628.28  627.77  -$0.51  -0.08%  LOSS    fallback_20pct
                                  [BRU]             629.40  627.00  -$2.41  -0.38%  LOSS    hard_stop
  2026-03-31   A1    3     FANG   BEARISH    0.40   194.34  194.47  -$0.13  -0.07%  LOSS    hard_stop
                                  [REV]             195.76  196.99  +$1.24  +0.63%  WIN     trailing_stop_ma20
  ································································································
  2026-03-31   A2    1     FN     BEARISH    1.02   511.28  511.77  -$0.48  -0.09%  LOSS    fallback_20pct
                                  [REV]             514.48  521.36  +$6.88  +1.34%  WIN     end_of_day
  2026-03-31   A2    2     SNDK   BULLISH    0.47   624.24  624.04  -$0.20  -0.03%  LOSS    fallback_20pct
                                  [BRU]             625.37  623.74  -$1.62  -0.26%  LOSS    hard_stop
  2026-03-31   A2    3     ANAB   BEARISH    0.47    55.82   55.89  -$0.07  -0.13%  LOSS    fallback_20pct
                                  [BRE]              55.76   55.52  +$0.23  +0.41%  WIN     end_of_day
                                                                   +$14.81  +0.22%  7W/10L  │  cap: +$130.98 (+1.31%)  portfolio: $12851.87
  ────────────────────────────────────────────────────────────────────────────────────────────────
━━━━━━━━━━━━━━━━━━━━━━━━━━━━━━━━━━━━━━━━━━━━━━━━━━━━━━━━━━━━━━━━━━━━━━━━━━━━━━━━━━━━━━━━━━━━━━━━━━

━━━━━━━━━━━━━━━━━━━━━━━━━━━━━━━━━━━━━━━━━━━━━━━━━━━━━━━━━━━━━━━━━━━━━━
  SUMMARY — Selector Backtest
  2026-03-01 → 2026-03-31  |  top-3  |  60d rolling  |  stop-pct 0.15
━━━━━━━━━━━━━━━━━━━━━━━━━━━━━━━━━━━━━━━━━━━━━━━━━━━━━━━━━━━━━━━━━━━━━━

  SELECTED  (top-3 per window per day, scoring + EV gate)
  ────────────────────────────────────────────────
  Trades          : 161  (45W / 116L)
  Reversals       : 62  (32W / 30L)
  Bearish re-entry: 24  (15W / 9L)
  Bullish re-entry: 21  (10W / 11L)
  Win rate        : 28%
  Avg win  %      : +1.43%  per trade
  Avg loss %      : -0.63%  per trade
  EV / trade      : -0.054%
  Net P&L (1 sh)  : +$135.42

  BASELINE  (all signals, no selection, first window only)
  ────────────────────────────────────────────────
  Trades          : 160  (70W / 90L)
  Win rate        : 44%
  Avg win  %      : +1.47%  per trade
  Avg loss %      : -0.47%  per trade
  EV / trade      : +0.377%
  Net P&L (1 sh)  : +$177.09

  CAPITAL SIMULATION  ($10,000 initial | weighted 50%/30%/20% × 3 slots)
  ────────────────────────────────────────────────
  Total return ($)    : +$2851.87
  Total return (%)    : +28.52%
  Final portfolio     : $12,851.87
  Days with picks     : 21
  Avg daily return    : +$135.80  (+1.36%)

━━━━━━━━━━━━━━━━━━━━━━━━━━━━━━━━━━━━━━━━━━━━━━━━━━━━━━━━━━━━━━━━━━━━━━━━━━━━━━━━
  PER-WINDOW BREAKDOWN  (first group: 100% of portfolio | sequential: inherits all returned capital)
━━━━━━━━━━━━━━━━━━━━━━━━━━━━━━━━━━━━━━━━━━━━━━━━━━━━━━━━━━━━━━━━━━━━━━━━━━━━━━━━
  Window   Start   Bars  Group         Trades  W/L         WinRate   EV/trade     Cap P&L   Return%
  ──────────────────────────────────────────────────────────────────────────────
  M1       09:30   3     first(100%)      47  23W/24L         49%    +0.225%   +$1448.28   +14.48%
  A1       13:15   1     sequential      56  11W/45L         20%    -0.215%    +$797.97    +7.98%
  A2       15:00   1     sequential      58  11W/47L         19%    -0.125%    +$605.62    +6.06%
━━━━━━━━━━━━━━━━━━━━━━━━━━━━━━━━━━━━━━━━━━━━━━━━━━━━━━━━━━━━━━━━━━━━━━━━━━━━━━━━

━━━━━━━━━━━━━━━━━━━━━━━━━━━━━━━━━━━━━━━━━━━━━━━━━━━━━━━━━━━━━━━━━━━━━━━━
  WEEKLY BREAKDOWN  ($10,000 initial | weighted 50%/30%/20% × 3 slots)
━━━━━━━━━━━━━━━━━━━━━━━━━━━━━━━━━━━━━━━━━━━━━━━━━━━━━━━━━━━━━━━━━━━━━━━━
  Period        Picks  W/L           Cap P&L$   Return%  Portfolio
  ────────────────────────────────────────────────────────────────────
  2026-W10         41  15W/26L       +$676.85    +6.77%  $10,676.85
  2026-W11         38  6W/32L        +$370.36    +3.70%  $11,047.21
  2026-W12         28  5W/23L        +$192.76    +1.93%  $11,239.98
  2026-W13         37  14W/23L      +$1140.64   +11.41%  $12,380.62
  2026-W14         17  5W/12L        +$471.25    +4.71%  $12,851.87
  ────────────────────────────────────────────────────────────────────
  TOTAL           161  45W/116L         +$2851.87   +28.52%  $12,851.87
━━━━━━━━━━━━━━━━━━━━━━━━━━━━━━━━━━━━━━━━━━━━━━━━━━━━━━━━━━━━━━━━━━━━━━━━

━━━━━━━━━━━━━━━━━━━━━━━━━━━━━━━━━━━━━━━━━━━━━━━━━━━━━━━━━━━━
  WEEKLY BREAKDOWN  QQQ buy-and-hold ($10,000 initial)
━━━━━━━━━━━━━━━━━━━━━━━━━━━━━━━━━━━━━━━━━━━━━━━━━━━━━━━━━━━━
  Period             P&L$   Return%  Portfolio
  ──────────────────────────────────────────────────────
  2026-W10       -$134.78    -1.35%  $9,865.22
  2026-W11       -$102.38    -1.02%  $9,762.84
  2026-W12       -$189.55    -1.90%  $9,573.29
  2026-W13       -$322.11    -3.22%  $9,251.19
  2026-W14       +$240.28    +2.40%  $9,491.47
  ──────────────────────────────────────────────────────
  TOTAL          -$508.53    -5.09%  $9,491.47
━━━━━━━━━━━━━━━━━━━━━━━━━━━━━━━━━━━━━━━━━━━━━━━━━━━━━━━━━━━━

━━━━━━━━━━━━━━━━━━━━━━━━━━━━━━━━━━━━━━━━━━━━━━━━━━━━━━━━━━━━━━━━━━━━━━━━
  MONTHLY BREAKDOWN  ($10,000 initial | weighted 50%/30%/20% × 3 slots)
━━━━━━━━━━━━━━━━━━━━━━━━━━━━━━━━━━━━━━━━━━━━━━━━━━━━━━━━━━━━━━━━━━━━━━━━
  Period        Picks  W/L           Cap P&L$   Return%  Portfolio
  ────────────────────────────────────────────────────────────────────
  2026-03         161  45W/116L     +$2851.87   +28.52%  $12,851.87
  ────────────────────────────────────────────────────────────────────
  TOTAL           161  45W/116L         +$2851.87   +28.52%  $12,851.87
━━━━━━━━━━━━━━━━━━━━━━━━━━━━━━━━━━━━━━━━━━━━━━━━━━━━━━━━━━━━━━━━━━━━━━━━

━━━━━━━━━━━━━━━━━━━━━━━━━━━━━━━━━━━━━━━━━━━━━━━━━━━━━━━━━━━━
  MONTHLY BREAKDOWN  QQQ buy-and-hold ($10,000 initial)
━━━━━━━━━━━━━━━━━━━━━━━━━━━━━━━━━━━━━━━━━━━━━━━━━━━━━━━━━━━━
  Period             P&L$   Return%  Portfolio
  ──────────────────────────────────────────────────────
  2026-03        -$508.53    -5.09%  $9,491.47
  ──────────────────────────────────────────────────────
  TOTAL          -$508.53    -5.09%  $9,491.47
━━━━━━━━━━━━━━━━━━━━━━━━━━━━━━━━━━━━━━━━━━━━━━━━━━━━━━━━━━━━

━━━━━━━━━━━━━━━━━━━━━━━━━━━━━━━━━━━━━━━━━━━━━━━━━━━━━━━━━━━━━━━━━━━━━━

