Fetching 5-min bars (2025-06-17 → 2025-08-29) [alpaca]...
  [cache] loaded 18 tickers from cache
Fetching daily bars (2024-08-01 → 2025-08-29)...

=========================================================================================================================================================================================
Pre-Session Rankings (9:25) — 2025-08-01 to 2025-08-29  |  20d lookback
(Unconditional hold from OR close — no signal or vol filter)
=========================================================================================================================================================================================
Pre-session top-2 (9:25, 20d EOD win rate) — 2025-08-01  OR: 09:30/3b
  #1 DDOG   +15m 75%W +0.4%  +30m 75%W +0.4%  +1h 65%W +0.2%  +2h 70%W +0.2%  +5h 75%W +0.5%  EOD 75%W +0.3%  EOD range -1.9% → +4.8%
  #2 PLTR   +15m 65%W +0.2%  +30m 55%W +0.2%  +1h 55%W +0.1%  +2h 45%W -0.1%  +5h 55%W +0.4%  EOD 65%W +0.4%  EOD range -1.6% → +3.8%
  Ticker   N          +15m          +30m           +1h           +2h           +5h           EOD           EOD range
  ----------------------------------------------------------------------------------------------------------------------
  DDOG    20    75%W +0.4%    75%W +0.4%    65%W +0.2%    70%W +0.2%    75%W +0.5%    75%W +0.3%       -1.9% → +4.8%
  PLTR    20    65%W +0.2%    55%W +0.2%    55%W +0.1%    45%W -0.1%    55%W +0.4%    65%W +0.4%       -1.6% → +3.8%
  TSLA    20    55%W +0.1%    55%W +0.2%    45%W -0.0%    55%W +0.5%    55%W +0.3%    65%W +0.3%       -3.7% → +2.1%
  AMD     20    55%W +0.1%    65%W +0.4%    60%W +0.3%    65%W +0.3%    70%W +0.5%    65%W +0.5%       -1.9% → +3.5%
  APP     20    50%W +0.0%    45%W -0.1%    55%W +0.1%    55%W +0.4%    55%W +0.3%    60%W +0.5%       -3.3% → +3.0%
  CRWD    20    60%W +0.2%    60%W +0.2%    65%W +0.5%    50%W +0.1%    50%W +0.1%    60%W +0.3%       -4.2% → +1.5%
  MU      20    45%W -0.1%    45%W -0.1%    70%W +0.4%    55%W +0.2%    55%W +0.2%    55%W +0.2%       -2.3% → +2.6%
  MRVL    20    40%W -0.0%    60%W +0.3%    55%W +0.1%    60%W +0.3%    65%W +0.5%    55%W +0.3%       -3.4% → +3.2%
  QCOM    20    25%W -0.0%    45%W -0.1%    50%W +0.0%    60%W +0.1%    60%W +0.2%    55%W +0.0%       -3.9% → +1.5%
  AVGO    20    50%W +0.1%    50%W -0.1%    55%W +0.0%    45%W -0.1%    55%W +0.5%    55%W +0.4%       -2.9% → +2.3%
  SPOT    20    50%W -0.0%    45%W -0.1%    45%W -0.0%    40%W -0.3%    55%W +0.1%    55%W +0.2%       -3.9% → +3.8%
  LLY     20    60%W +0.1%    70%W +0.3%    60%W +0.1%    60%W +0.2%    55%W +0.1%    55%W +0.2%       -3.6% → +2.2%
  ARM     20    55%W +0.1%    55%W +0.1%    55%W +0.1%    55%W +0.1%    65%W +0.2%    50%W -0.1%       -3.8% → +2.4%
  RDDT    20    30%W -0.5%    30%W -0.4%    35%W -0.7%    45%W -0.3%    50%W -0.1%    50%W +0.0%       -4.0% → +6.2%
  SNPS    20    55%W +0.0%    55%W +0.0%    50%W +0.0%    50%W -0.1%    55%W +0.0%    45%W -0.2%       -2.3% → +5.2%
  SNOW    20    80%W +0.3%    55%W +0.1%    60%W +0.2%    45%W -0.1%    45%W -0.1%    40%W -0.2%       -2.9% → +2.0%
  SNDK    20    40%W -0.0%    55%W +0.1%    45%W -0.0%    40%W -0.4%    53%W +0.0%    35%W -0.4%       -3.1% → +2.7%
  CHTR    20    40%W -0.1%    40%W -0.3%    55%W +0.1%    40%W -0.5%    35%W -0.6%    35%W -0.9%       -5.1% → +1.6%
  META    20    40%W -0.1%    30%W -0.2%    40%W -0.1%    30%W -0.3%    40%W -0.2%    30%W -0.5%       -2.5% → +1.0%
Pre-session top-2 (9:25, 20d EOD win rate) — 2025-08-04  OR: 09:30/3b
  #1 DDOG   +15m 75%W +0.4%  +30m 75%W +0.4%  +1h 65%W +0.2%  +2h 70%W +0.2%  +5h 75%W +0.5%  EOD 75%W +0.3%  EOD range -1.9% → +2.1%
  #2 TSLA   +15m 55%W +0.1%  +30m 50%W +0.0%  +1h 50%W +0.1%  +2h 55%W +0.5%  +5h 60%W +0.4%  EOD 70%W +0.3%  EOD range -3.7% → +2.1%
  Ticker   N          +15m          +30m           +1h           +2h           +5h           EOD           EOD range
  ----------------------------------------------------------------------------------------------------------------------
  DDOG    20    75%W +0.4%    75%W +0.4%    65%W +0.2%    70%W +0.2%    75%W +0.5%    75%W +0.3%       -1.9% → +2.1%
  TSLA    20    55%W +0.1%    50%W +0.0%    50%W +0.1%    55%W +0.5%    60%W +0.4%    70%W +0.3%       -3.7% → +2.1%
  PLTR    20    65%W +0.2%    55%W +0.2%    55%W +0.1%    45%W -0.1%    55%W +0.4%    65%W +0.4%       -1.6% → +3.8%
  AMD     20    55%W +0.1%    65%W +0.4%    60%W +0.6%    65%W +0.3%    70%W +0.7%    65%W +0.7%       -1.9% → +3.5%
  APP     20    45%W -0.3%    45%W -0.1%    55%W +0.1%    55%W +0.4%    55%W +0.3%    60%W +0.5%       -3.3% → +2.3%
  MU      20    45%W -0.1%    45%W -0.1%    70%W +0.4%    55%W +0.2%    60%W +0.2%    60%W +0.3%       -2.3% → +2.6%
  CRWD    20    55%W +0.2%    60%W +0.1%    65%W +0.5%    50%W +0.1%    50%W +0.1%    60%W +0.3%       -4.2% → +1.4%
  QCOM    20    30%W -0.0%    45%W -0.1%    55%W +0.1%    60%W +0.2%    65%W +0.2%    60%W +0.1%       -3.9% → +1.5%
  AVGO    20    50%W +0.1%    50%W -0.1%    55%W +0.0%    45%W -0.1%    55%W +0.5%    55%W +0.4%       -2.9% → +2.3%
  ARM     20    55%W +0.1%    60%W +0.1%    55%W +0.1%    60%W +0.3%    70%W +0.3%    55%W +0.1%       -3.8% → +2.4%
  RDDT    20    25%W -0.5%    35%W -0.2%    40%W -0.4%    45%W -0.3%    55%W +0.4%    55%W +0.2%       -4.0% → +6.2%
  SPOT    20    45%W -0.0%    45%W -0.1%    45%W -0.0%    40%W -0.3%    55%W +0.1%    55%W +0.2%       -3.9% → +3.8%
  LLY     20    60%W +0.1%    65%W +0.3%    60%W +0.1%    60%W +0.2%    55%W +0.1%    55%W +0.2%       -3.6% → +2.2%
  MRVL    20    40%W -0.0%    55%W +0.1%    55%W +0.3%    60%W +0.3%    60%W +0.4%    50%W +0.0%       -3.4% → +3.2%
  SNPS    20    55%W +0.0%    55%W +0.0%    55%W +0.1%    50%W -0.1%    55%W +0.0%    45%W -0.2%       -2.3% → +5.2%
  SNDK    20    40%W -0.0%    55%W +0.1%    45%W -0.0%    40%W -0.3%    55%W +0.1%    40%W -0.1%       -3.1% → +2.7%
  SNOW    20    75%W +0.2%    50%W -0.0%    60%W +0.1%    40%W -0.2%    40%W -0.2%    35%W -0.3%       -2.9% → +2.0%
  CHTR    20    40%W -0.1%    40%W -0.3%    50%W -0.1%    35%W -0.8%    35%W -1.0%    35%W -1.3%       -5.1% → +1.6%
  META    20    40%W -0.1%    30%W -0.2%    45%W -0.1%    30%W -0.2%    40%W -0.2%    30%W -0.5%       -2.5% → +1.0%
Pre-session top-2 (9:25, 20d EOD win rate) — 2025-08-05  OR: 09:30/3b
  #1 DDOG   +15m 75%W +0.4%  +30m 75%W +0.4%  +1h 70%W +0.2%  +2h 70%W +0.2%  +5h 80%W +0.5%  EOD 80%W +0.4%  EOD range -1.9% → +2.1%
  #2 TSLA   +15m 55%W +0.2%  +30m 50%W +0.0%  +1h 45%W -0.1%  +2h 50%W +0.1%  +5h 60%W +0.5%  EOD 70%W +0.3%  EOD range -3.7% → +2.1%
  Ticker   N          +15m          +30m           +1h           +2h           +5h           EOD           EOD range
  ----------------------------------------------------------------------------------------------------------------------
  DDOG    20    75%W +0.4%    75%W +0.4%    70%W +0.2%    70%W +0.2%    80%W +0.5%    80%W +0.4%       -1.9% → +2.1%
  TSLA    20    55%W +0.2%    50%W +0.0%    45%W -0.1%    50%W +0.1%    60%W +0.5%    70%W +0.3%       -3.7% → +2.1%
  AMD     20    60%W +0.1%    70%W +0.4%    65%W +0.6%    70%W +0.4%    75%W +0.7%    70%W +0.7%       -1.9% → +3.5%
  MU      20    45%W -0.0%    50%W +0.1%    70%W +0.4%    60%W +0.2%    65%W +0.3%    65%W +0.3%       -2.3% → +2.6%
  PLTR    20    65%W +0.2%    55%W +0.2%    55%W +0.1%    40%W -0.1%    55%W +0.4%    65%W +0.4%       -1.6% → +3.5%
  APP     20    50%W +0.0%    50%W +0.2%    60%W +0.2%    60%W +0.7%    60%W +0.4%    60%W +0.7%       -3.3% → +3.6%
  CRWD    20    55%W +0.2%    60%W +0.1%    65%W +0.5%    50%W +0.1%    55%W +0.3%    60%W +0.3%       -4.2% → +1.4%
  QCOM    20    30%W -0.0%    45%W -0.1%    55%W +0.1%    60%W +0.2%    65%W +0.2%    60%W +0.1%       -3.9% → +1.5%
  AVGO    20    55%W +0.2%    55%W +0.0%    55%W +0.1%    45%W -0.1%    60%W +0.5%    60%W +0.6%       -2.9% → +2.3%
  RDDT    20    30%W -0.4%    35%W -0.2%    40%W -0.4%    45%W -0.3%    60%W +0.6%    60%W +0.3%       -4.0% → +6.2%
  ARM     20    55%W +0.1%    60%W +0.1%    55%W +0.1%    60%W +0.3%    70%W +0.3%    55%W +0.1%       -2.6% → +2.4%
  LLY     20    55%W +0.1%    60%W +0.2%    55%W +0.1%    55%W +0.1%    55%W +0.1%    55%W +0.2%       -3.6% → +2.2%
  SNPS    20    55%W +0.0%    55%W +0.0%    60%W +0.2%    55%W +0.1%    60%W +0.2%    50%W +0.2%       -2.3% → +5.2%
  MRVL    20    40%W -0.0%    60%W +0.2%    55%W +0.3%    60%W +0.3%    65%W +0.4%    50%W +0.0%       -2.5% → +3.2%
  SPOT    20    45%W -0.0%    45%W -0.1%    45%W -0.0%    40%W -0.5%    50%W -0.0%    50%W +0.0%       -3.9% → +3.8%
  SNDK    20    45%W -0.0%    50%W +0.0%    40%W -0.1%    45%W -0.3%    60%W +0.3%    45%W -0.1%       -2.5% → +2.7%
  META    20    35%W -0.2%    25%W -0.2%    40%W -0.1%    30%W -0.2%    40%W -0.2%    35%W -0.5%       -2.5% → +1.6%
  SNOW    20    75%W +0.3%    50%W -0.0%    60%W +0.1%    40%W -0.2%    40%W -0.2%    35%W -0.3%       -2.9% → +1.9%
  CHTR    20    35%W -0.2%    40%W -0.3%    50%W -0.1%    35%W -0.7%    35%W -0.9%    35%W -1.3%       -5.1% → +1.6%
Pre-session top-2 (9:25, 20d EOD win rate) — 2025-08-06  OR: 09:30/3b
  #1 DDOG   +15m 70%W +0.3%  +30m 70%W +0.3%  +1h 65%W +0.2%  +2h 70%W +0.2%  +5h 75%W +0.5%  EOD 75%W +0.4%  EOD range -3.7% → +2.1%
  #2 TSLA   +15m 55%W +0.3%  +30m 45%W -0.1%  +1h 40%W -0.1%  +2h 45%W -0.3%  +5h 60%W +0.3%  EOD 65%W +0.2%  EOD range -3.7% → +2.1%
  Ticker   N          +15m          +30m           +1h           +2h           +5h           EOD           EOD range
  ----------------------------------------------------------------------------------------------------------------------
  DDOG    20    70%W +0.3%    70%W +0.3%    65%W +0.2%    70%W +0.2%    75%W +0.5%    75%W +0.4%       -3.7% → +2.1%
  TSLA    20    55%W +0.3%    45%W -0.1%    40%W -0.1%    45%W -0.3%    60%W +0.3%    65%W +0.2%       -3.7% → +2.1%
  AMD     20    65%W +0.2%    65%W +0.4%    60%W +0.2%    65%W +0.2%    70%W +0.5%    65%W +0.5%       -1.9% → +3.5%
  APP     20    55%W +0.4%    55%W +0.5%    60%W +0.2%    60%W +0.7%    60%W +0.4%    60%W +0.7%       -4.3% → +3.6%
  MU      20    45%W -0.0%    50%W +0.1%    65%W +0.4%    55%W +0.2%    60%W +0.2%    60%W +0.3%       -2.3% → +2.6%
  QCOM    20    30%W -0.0%    45%W -0.1%    50%W +0.0%    55%W +0.1%    60%W +0.2%    60%W +0.1%       -3.9% → +1.5%
  PLTR    20    60%W +0.2%    55%W +0.2%    55%W +0.1%    40%W -0.1%    50%W +0.1%    60%W +0.2%       -1.6% → +3.5%
  AVGO    20    55%W +0.2%    55%W +0.0%    55%W +0.1%    45%W -0.1%    60%W +0.5%    60%W +0.6%       -2.9% → +2.3%
  RDDT    20    35%W -0.4%    40%W -0.2%    40%W -0.3%    45%W -0.3%    60%W +0.6%    60%W +0.3%       -2.9% → +6.2%
  LLY     20    50%W +0.0%    55%W +0.2%    55%W +0.1%    55%W +0.1%    55%W +0.1%    60%W +0.3%       -3.6% → +2.2%
  CRWD    20    55%W +0.2%    55%W +0.1%    60%W +0.5%    50%W +0.1%    50%W +0.1%    55%W +0.2%       -4.2% → +1.4%
  ARM     20    55%W +0.1%    60%W +0.1%    50%W +0.0%    55%W +0.1%    65%W +0.2%    55%W +0.1%       -2.6% → +2.4%
  MRVL    20    45%W -0.0%    60%W +0.2%    50%W +0.0%    55%W +0.2%    60%W +0.4%    50%W +0.0%       -2.5% → +3.2%
  SPOT    20    45%W -0.0%    45%W -0.1%    45%W -0.0%    40%W -0.5%    50%W -0.0%    50%W +0.0%       -3.9% → +3.8%
  SNDK    20    50%W +0.0%    50%W +0.0%    40%W -0.1%    45%W -0.3%    60%W +0.3%    45%W -0.1%       -2.5% → +2.7%
  SNPS    20    50%W -0.0%    50%W -0.1%    55%W +0.1%    50%W -0.1%    55%W +0.0%    45%W -0.2%       -2.3% → +5.2%
  SNOW    20    75%W +0.3%    45%W -0.1%    60%W +0.1%    40%W -0.2%    40%W -0.2%    35%W -0.3%       -2.9% → +1.9%
  CHTR    20    35%W -0.1%    45%W -0.2%    50%W -0.1%    35%W -0.7%    35%W -0.9%    35%W -1.3%       -5.1% → +1.6%
  META    20    40%W -0.1%    30%W -0.1%    40%W -0.1%    30%W -0.3%    40%W -0.4%    30%W -0.5%       -2.5% → +1.6%
Pre-session top-2 (9:25, 20d EOD win rate) — 2025-08-07  OR: 09:30/3b
  #1 DDOG   +15m 70%W +0.3%  +30m 70%W +0.3%  +1h 65%W +0.1%  +2h 70%W +0.3%  +5h 80%W +0.6%  EOD 80%W +0.5%  EOD range -3.7% → +2.2%
  #2 TSLA   +15m 55%W +0.2%  +30m 45%W -0.1%  +1h 45%W -0.1%  +2h 50%W +0.1%  +5h 65%W +0.5%  EOD 70%W +0.4%  EOD range -3.7% → +2.1%
  Ticker   N          +15m          +30m           +1h           +2h           +5h           EOD           EOD range
  ----------------------------------------------------------------------------------------------------------------------
  DDOG    20    70%W +0.3%    70%W +0.3%    65%W +0.1%    70%W +0.3%    80%W +0.6%    80%W +0.5%       -3.7% → +2.2%
  TSLA    20    55%W +0.2%    45%W -0.1%    45%W -0.1%    50%W +0.1%    65%W +0.5%    70%W +0.4%       -3.7% → +2.1%
  MU      20    50%W +0.0%    55%W +0.2%    65%W +0.4%    60%W +0.2%    65%W +0.3%    65%W +0.3%       -1.5% → +2.6%
  QCOM    20    30%W -0.0%    45%W -0.1%    50%W +0.0%    60%W +0.1%    65%W +0.2%    65%W +0.2%       -3.9% → +1.5%
  AVGO    20    60%W +0.2%    60%W +0.2%    60%W +0.2%    50%W -0.0%    65%W +0.6%    65%W +0.7%       -2.9% → +2.9%
  AMD     20    65%W +0.2%    65%W +0.3%    60%W +0.2%    65%W +0.2%    75%W +0.7%    65%W +0.5%       -1.9% → +3.5%
  RDDT    20    40%W -0.4%    45%W -0.1%    40%W -0.3%    50%W +0.4%    65%W +0.7%    65%W +0.4%       -2.9% → +6.2%
  APP     20    55%W +0.4%    55%W +0.3%    55%W +0.2%    55%W +0.4%    60%W +0.4%    60%W +0.7%       -4.3% → +3.6%
  PLTR    20    60%W +0.2%    55%W +0.2%    60%W +0.2%    40%W -0.1%    50%W +0.1%    60%W +0.2%       -1.6% → +3.3%
  MRVL    20    45%W -0.0%    65%W +0.3%    50%W +0.0%    55%W +0.2%    65%W +0.4%    55%W +0.3%       -2.5% → +3.2%
  CRWD    20    55%W +0.2%    55%W +0.1%    65%W +0.5%    55%W +0.3%    55%W +0.3%    55%W +0.2%       -4.2% → +1.7%
  ARM     20    55%W +0.1%    55%W +0.0%    50%W +0.0%    55%W +0.1%    65%W +0.2%    55%W +0.1%       -2.6% → +2.4%
  LLY     20    45%W -0.0%    55%W +0.2%    55%W +0.1%    55%W +0.1%    55%W +0.1%    55%W +0.3%       -3.6% → +2.2%
  SNDK    20    55%W +0.1%    50%W +0.0%    45%W -0.0%    45%W -0.3%    55%W +0.2%    50%W +0.0%       -2.5% → +2.7%
  SPOT    20    40%W -0.1%    40%W -0.1%    40%W -0.1%    35%W -0.5%    50%W -0.0%    50%W +0.0%       -3.9% → +3.8%
  SNPS    20    50%W -0.0%    50%W -0.0%    55%W +0.1%    50%W -0.1%    55%W +0.0%    45%W -0.2%       -2.3% → +5.2%
  SNOW    20    70%W +0.3%    45%W -0.1%    60%W +0.1%    40%W -0.2%    45%W -0.1%    40%W -0.2%       -2.9% → +1.9%
  CHTR    20    35%W -0.1%    50%W -0.0%    50%W -0.1%    35%W -0.7%    35%W -0.9%    35%W -1.3%       -5.1% → +1.6%
  META    20    35%W -0.2%    25%W -0.2%    35%W -0.2%    30%W -0.3%    40%W -0.4%    30%W -0.5%       -2.5% → +1.6%
Pre-session top-2 (9:25, 20d EOD win rate) — 2025-08-08  OR: 09:30/3b
  #1 DDOG   +15m 70%W +0.3%  +30m 70%W +0.3%  +1h 65%W +0.1%  +2h 70%W +0.3%  +5h 80%W +0.6%  EOD 80%W +0.5%  EOD range -5.9% → +2.2%
  #2 TSLA   +15m 60%W +0.3%  +30m 45%W -0.1%  +1h 45%W -0.1%  +2h 50%W +0.1%  +5h 60%W +0.5%  EOD 70%W +0.4%  EOD range -3.7% → +2.1%
  Ticker   N          +15m          +30m           +1h           +2h           +5h           EOD           EOD range
  ----------------------------------------------------------------------------------------------------------------------
  DDOG    20    70%W +0.3%    70%W +0.3%    65%W +0.1%    70%W +0.3%    80%W +0.6%    80%W +0.5%       -5.9% → +2.2%
  TSLA    20    60%W +0.3%    45%W -0.1%    45%W -0.1%    50%W +0.1%    60%W +0.5%    70%W +0.4%       -3.7% → +2.1%
  APP     20    60%W +0.5%    60%W +0.5%    60%W +0.2%    60%W +0.7%    65%W +0.5%    65%W +0.8%      -4.3% → +10.2%
  MU      20    55%W +0.1%    60%W +0.3%    65%W +0.4%    55%W +0.2%    65%W +0.3%    65%W +0.3%       -1.5% → +2.6%
  PLTR    20    65%W +0.2%    60%W +0.3%    65%W +0.3%    45%W -0.1%    50%W +0.1%    65%W +0.4%       -1.5% → +3.3%
  AVGO    20    65%W +0.2%    65%W +0.2%    60%W +0.2%    50%W -0.0%    65%W +0.6%    65%W +0.7%       -2.9% → +2.9%
  AMD     20    70%W +0.2%    70%W +0.4%    60%W +0.2%    65%W +0.2%    75%W +0.9%    65%W +0.7%       -1.9% → +3.5%
  RDDT    20    40%W -0.4%    50%W -0.0%    40%W -0.2%    50%W +0.4%    65%W +0.7%    65%W +0.4%       -2.9% → +6.2%
  QCOM    20    30%W -0.0%    40%W -0.2%    45%W -0.1%    55%W +0.1%    60%W +0.2%    60%W +0.1%       -3.9% → +1.5%
  CRWD    20    55%W +0.2%    55%W +0.1%    65%W +0.5%    55%W +0.3%    55%W +0.3%    55%W +0.2%       -3.5% → +1.7%
  SPOT    20    45%W -0.0%    45%W -0.1%    45%W -0.0%    40%W -0.3%    55%W +0.1%    55%W +0.2%       -3.9% → +3.8%
  SNDK    20    55%W +0.1%    45%W -0.1%    40%W -0.1%    40%W -0.4%    55%W +0.2%    50%W +0.0%       -3.3% → +2.7%
  MRVL    20    50%W +0.0%    65%W +0.3%    50%W +0.0%    50%W +0.0%    60%W +0.3%    50%W +0.0%       -2.5% → +3.2%
  ARM     20    60%W +0.2%    55%W +0.0%    50%W +0.0%    55%W +0.1%    65%W +0.2%    50%W -0.1%       -2.6% → +2.4%
  LLY     20    40%W -0.1%    50%W +0.1%    50%W -0.0%    50%W +0.0%    50%W -0.0%    50%W +0.1%       -3.6% → +2.2%
  SNOW    20    70%W +0.3%    45%W -0.1%    60%W +0.1%    40%W -0.2%    45%W -0.1%    40%W -0.2%       -3.5% → +1.9%
  SNPS    20    45%W -0.1%    45%W -0.1%    50%W +0.0%    45%W -0.4%    50%W -0.0%    40%W -0.3%       -2.3% → +5.2%
  CHTR    20    35%W -0.1%    45%W -0.2%    45%W -0.3%    35%W -0.9%    35%W -0.9%    35%W -1.3%       -5.1% → +1.6%
  META    20    40%W -0.1%    30%W -0.1%    40%W -0.1%    30%W -0.3%    40%W -0.4%    30%W -0.5%       -2.5% → +1.6%
Pre-session top-2 (9:25, 20d EOD win rate) — 2025-08-11  OR: 09:30/3b
  #1 DDOG   +15m 65%W +0.2%  +30m 65%W +0.3%  +1h 60%W +0.1%  +2h 65%W +0.2%  +5h 75%W +0.5%  EOD 75%W +0.5%  EOD range -5.9% → +2.2%
  #2 PLTR   +15m 65%W +0.2%  +30m 60%W +0.3%  +1h 65%W +0.4%  +2h 50%W -0.0%  +5h 55%W +0.1%  EOD 70%W +0.4%  EOD range -1.5% → +3.3%
  Ticker   N          +15m          +30m           +1h           +2h           +5h           EOD           EOD range
  ----------------------------------------------------------------------------------------------------------------------
  DDOG    20    65%W +0.2%    65%W +0.3%    60%W +0.1%    65%W +0.2%    75%W +0.5%    75%W +0.5%       -5.9% → +2.2%
  PLTR    20    65%W +0.2%    60%W +0.3%    65%W +0.4%    50%W -0.0%    55%W +0.1%    70%W +0.4%       -1.5% → +3.3%
  TSLA    20    60%W +0.3%    45%W -0.1%    45%W -0.1%    50%W +0.1%    60%W +0.4%    70%W +0.4%       -3.7% → +2.1%
  APP     20    55%W +0.4%    55%W +0.3%    55%W +0.2%    60%W +0.7%    65%W +0.5%    65%W +0.8%      -4.3% → +10.2%
  MU      20    55%W +0.1%    60%W +0.3%    65%W +0.4%    55%W +0.2%    65%W +0.3%    65%W +0.3%       -1.5% → +5.3%
  QCOM    20    30%W -0.0%    45%W -0.1%    50%W +0.0%    55%W +0.1%    60%W +0.2%    65%W +0.2%       -3.9% → +1.5%
  RDDT    20    35%W -0.4%    45%W -0.1%    40%W -0.2%    50%W +0.3%    65%W +0.7%    65%W +0.4%       -2.9% → +6.2%
  AVGO    20    65%W +0.2%    65%W +0.2%    60%W +0.1%    45%W -0.1%    60%W +0.5%    60%W +0.6%       -2.9% → +2.9%
  AMD     20    65%W +0.2%    65%W +0.3%    55%W +0.1%    60%W +0.2%    70%W +0.7%    60%W +0.5%       -1.9% → +3.5%
  SNDK    20    55%W +0.1%    45%W -0.1%    40%W -0.1%    40%W -0.4%    55%W +0.2%    55%W +0.2%       -3.3% → +5.6%
  CRWD    20    50%W +0.0%    50%W -0.0%    60%W +0.2%    50%W +0.1%    55%W +0.3%    55%W +0.2%       -3.5% → +1.7%
  ARM     20    60%W +0.2%    55%W +0.0%    50%W +0.0%    55%W +0.1%    65%W +0.2%    55%W +0.1%       -2.6% → +2.4%
  SPOT    20    45%W -0.0%    45%W -0.1%    50%W +0.1%    45%W -0.2%    55%W +0.3%    55%W +0.2%       -3.9% → +3.8%
  MRVL    20    50%W +0.0%    65%W +0.3%    50%W +0.0%    50%W +0.0%    60%W +0.3%    50%W +0.0%       -2.5% → +3.2%
  LLY     20    35%W -0.2%    45%W -0.0%    50%W -0.0%    45%W -0.0%    45%W -0.3%    45%W -0.4%       -3.7% → +2.2%
  SNOW    20    65%W +0.2%    40%W -0.1%    55%W +0.1%    40%W -0.2%    45%W -0.1%    40%W -0.2%       -6.1% → +1.9%
  SNPS    20    40%W -0.1%    45%W -0.1%    50%W +0.0%    40%W -0.4%    45%W -0.2%    40%W -0.3%       -2.3% → +5.2%
  CHTR    20    40%W -0.1%    50%W -0.0%    50%W -0.1%    35%W -0.7%    35%W -0.9%    35%W -1.0%       -5.1% → +1.6%
  META    20    35%W -0.1%    30%W -0.1%    40%W -0.1%    30%W -0.3%    40%W -0.4%    30%W -0.5%       -2.5% → +1.6%
Pre-session top-2 (9:25, 20d EOD win rate) — 2025-08-12  OR: 09:30/3b
  #1 DDOG   +15m 65%W +0.2%  +30m 65%W +0.2%  +1h 55%W +0.1%  +2h 60%W +0.1%  +5h 70%W +0.5%  EOD 70%W +0.4%  EOD range -5.9% → +2.2%
  #2 RDDT   +15m 35%W -0.4%  +30m 45%W -0.1%  +1h 40%W -0.2%  +2h 50%W +0.3%  +5h 65%W +0.7%  EOD 70%W +0.6%  EOD range -2.9% → +6.2%
  Ticker   N          +15m          +30m           +1h           +2h           +5h           EOD           EOD range
  ----------------------------------------------------------------------------------------------------------------------
  DDOG    20    65%W +0.2%    65%W +0.2%    55%W +0.1%    60%W +0.1%    70%W +0.5%    70%W +0.4%       -5.9% → +2.2%
  RDDT    20    35%W -0.4%    45%W -0.1%    40%W -0.2%    50%W +0.3%    65%W +0.7%    70%W +0.6%       -2.9% → +6.2%
  APP     20    50%W +0.0%    55%W +0.3%    55%W +0.2%    60%W +0.7%    65%W +0.5%    65%W +0.8%      -4.3% → +10.2%
  PLTR    20    65%W +0.2%    60%W +0.4%    65%W +0.4%    50%W -0.0%    50%W -0.1%    65%W +0.3%       -1.5% → +3.2%
  TSLA    20    65%W +0.3%    50%W +0.0%    50%W +0.1%    55%W +0.5%    65%W +0.5%    65%W +0.2%       -3.7% → +2.1%
  MU      20    50%W +0.0%    60%W +0.3%    60%W +0.2%    50%W +0.1%    60%W +0.2%    60%W +0.3%       -1.5% → +5.3%
  QCOM    20    35%W -0.0%    40%W -0.2%    45%W -0.1%    55%W +0.1%    55%W +0.2%    60%W +0.2%       -3.9% → +1.5%
  SNDK    20    60%W +0.3%    45%W -0.1%    40%W -0.1%    40%W -0.4%    50%W -0.1%    55%W +0.2%       -4.1% → +5.6%
  AVGO    20    65%W +0.2%    65%W +0.2%    60%W +0.1%    40%W -0.3%    55%W +0.4%    55%W +0.4%       -2.9% → +2.9%
  AMD     20    65%W +0.2%    65%W +0.3%    55%W +0.1%    60%W +0.2%    70%W +0.5%    55%W +0.4%       -1.9% → +3.5%
  CRWD    20    50%W +0.0%    50%W -0.0%    60%W +0.2%    50%W +0.1%    55%W +0.1%    50%W -0.0%       -3.5% → +1.7%
  ARM     20    60%W +0.2%    55%W +0.0%    45%W -0.2%    50%W -0.0%    60%W +0.2%    50%W -0.1%       -2.6% → +2.3%
  SPOT    20    40%W -0.1%    45%W -0.1%    45%W -0.1%    40%W -0.3%    50%W -0.0%    50%W +0.0%       -3.9% → +3.8%
  MRVL    20    50%W +0.0%    65%W +0.2%    45%W -0.3%    45%W -0.2%    55%W +0.1%    45%W -0.2%       -3.0% → +3.2%
  SNPS    20    45%W -0.1%    50%W -0.0%    50%W +0.0%    40%W -0.4%    45%W -0.2%    40%W -0.3%       -1.8% → +5.2%
  LLY     20    40%W -0.1%    45%W -0.0%    55%W +0.1%    45%W -0.0%    50%W -0.3%    40%W -0.4%       -3.7% → +2.2%
  SNOW    20    65%W +0.2%    40%W -0.1%    55%W +0.1%    40%W -0.2%    40%W -0.2%    35%W -0.3%       -6.1% → +1.9%
  CHTR    20    40%W -0.1%    50%W -0.0%    45%W -0.3%    30%W -0.8%    30%W -0.9%    30%W -1.0%       -5.1% → +1.1%
  META    20    30%W -0.2%    25%W -0.2%    35%W -0.2%    25%W -0.3%    35%W -0.5%    25%W -0.6%       -2.5% → +1.6%
Pre-session top-2 (9:25, 20d EOD win rate) — 2025-08-13  OR: 09:30/3b
  #1 TSLA   +15m 65%W +0.3%  +30m 50%W +0.0%  +1h 50%W +0.1%  +2h 55%W +0.5%  +5h 65%W +0.5%  EOD 70%W +0.3%  EOD range -3.7% → +2.1%
  #2 DDOG   +15m 60%W +0.2%  +30m 60%W +0.2%  +1h 50%W -0.0%  +2h 55%W +0.1%  +5h 65%W +0.4%  EOD 70%W +0.4%  EOD range -5.9% → +2.2%
  Ticker   N          +15m          +30m           +1h           +2h           +5h           EOD           EOD range
  ----------------------------------------------------------------------------------------------------------------------
  TSLA    20    65%W +0.3%    50%W +0.0%    50%W +0.1%    55%W +0.5%    65%W +0.5%    70%W +0.3%       -3.7% → +2.1%
  DDOG    20    60%W +0.2%    60%W +0.2%    50%W -0.0%    55%W +0.1%    65%W +0.4%    70%W +0.4%       -5.9% → +2.2%
  MU      20    50%W +0.0%    60%W +0.3%    60%W +0.2%    55%W +0.2%    65%W +0.3%    65%W +0.3%       -1.5% → +5.3%
  QCOM    20    40%W -0.0%    45%W -0.1%    50%W +0.0%    60%W +0.1%    60%W +0.2%    65%W +0.3%       -3.9% → +2.8%
  PLTR    20    60%W +0.2%    55%W +0.2%    60%W +0.3%    50%W -0.0%    55%W +0.1%    65%W +0.4%       -1.5% → +3.2%
  RDDT    20    35%W -0.5%    45%W -0.1%    40%W -0.2%    50%W +0.3%    60%W +0.5%    65%W +0.4%       -2.9% → +6.2%
  SNDK    20    60%W +0.3%    45%W -0.1%    40%W -0.1%    40%W -0.4%    50%W -0.1%    60%W +0.4%       -4.1% → +5.6%
  APP     20    45%W -0.3%    50%W +0.0%    50%W -0.1%    55%W +0.4%    65%W +0.4%    60%W +0.7%      -4.3% → +10.2%
  AMD     20    65%W +0.2%    65%W +0.3%    55%W +0.1%    65%W +0.2%    75%W +0.7%    60%W +0.5%       -1.9% → +3.5%
  CRWD    20    50%W +0.0%    50%W -0.0%    65%W +0.2%    55%W +0.3%    60%W +0.3%    55%W +0.2%       -3.5% → +1.7%
  AVGO    20    60%W +0.2%    60%W +0.1%    55%W +0.0%    40%W -0.3%    55%W +0.4%    55%W +0.5%       -2.9% → +2.9%
  ARM     20    60%W +0.2%    55%W +0.0%    50%W +0.0%    50%W -0.0%    55%W +0.1%    55%W +0.1%       -2.6% → +2.3%
  MRVL    20    50%W +0.0%    65%W +0.2%    45%W -0.3%    50%W +0.0%    60%W +0.3%    50%W +0.0%       -3.0% → +3.2%
  SPOT    20    35%W -0.1%    45%W -0.1%    45%W -0.1%    40%W -0.3%    50%W +0.0%    50%W +0.0%       -3.9% → +3.8%
  LLY     20    40%W -0.1%    50%W +0.1%    60%W +0.2%    50%W +0.1%    55%W +0.1%    45%W -0.0%       -3.7% → +2.2%
  SNOW    20    60%W +0.2%    40%W -0.1%    60%W +0.1%    35%W -0.2%    40%W -0.2%    40%W -0.2%       -6.1% → +1.9%
  SNPS    20    45%W -0.1%    50%W -0.0%    50%W +0.0%    40%W -0.4%    45%W -0.2%    40%W -0.3%       -1.8% → +5.2%
  CHTR    20    45%W -0.0%    50%W -0.0%    45%W -0.3%    35%W -0.8%    35%W -0.9%    35%W -0.9%       -5.1% → +1.1%
  META    20    30%W -0.2%    25%W -0.2%    35%W -0.2%    30%W -0.3%    40%W -0.4%    30%W -0.5%       -2.5% → +1.6%
Pre-session top-2 (9:25, 20d EOD win rate) — 2025-08-14  OR: 09:30/3b
  #1 DDOG   +15m 60%W +0.1%  +30m 60%W +0.2%  +1h 55%W +0.1%  +2h 60%W +0.1%  +5h 65%W +0.4%  EOD 70%W +0.5%  EOD range -5.9% → +2.2%
  #2 MU     +15m 50%W +0.0%  +30m 55%W +0.2%  +1h 60%W +0.2%  +2h 55%W +0.2%  +5h 65%W +0.3%  EOD 65%W +0.3%  EOD range -1.5% → +5.3%
  Ticker   N          +15m          +30m           +1h           +2h           +5h           EOD           EOD range
  ----------------------------------------------------------------------------------------------------------------------
  DDOG    20    60%W +0.1%    60%W +0.2%    55%W +0.1%    60%W +0.1%    65%W +0.4%    70%W +0.5%       -5.9% → +2.2%
  MU      20    50%W +0.0%    55%W +0.2%    60%W +0.2%    55%W +0.2%    65%W +0.3%    65%W +0.3%       -1.5% → +5.3%
  QCOM    20    40%W -0.0%    50%W +0.0%    55%W +0.2%    65%W +0.2%    60%W +0.3%    65%W +0.3%       -3.9% → +2.8%
  TSLA    20    60%W +0.2%    50%W +0.0%    45%W -0.1%    50%W +0.1%    60%W +0.4%    65%W +0.1%       -3.7% → +2.1%
  RDDT    20    35%W -0.5%    45%W -0.1%    40%W -0.2%    55%W +0.7%    65%W +0.8%    65%W +0.6%       -2.9% → +6.2%
  SNDK    20    60%W +0.3%    45%W -0.1%    40%W -0.1%    40%W -0.4%    50%W -0.1%    60%W +0.4%       -4.1% → +5.6%
  APP     20    45%W -0.3%    50%W +0.0%    50%W -0.1%    55%W +0.4%    65%W +0.4%    60%W +0.7%      -4.3% → +10.2%
  CRWD    20    55%W +0.1%    50%W -0.0%    65%W +0.2%    55%W +0.3%    60%W +0.3%    60%W +0.2%       -3.5% → +1.7%
  PLTR    20    60%W +0.2%    55%W +0.2%    60%W +0.3%    50%W -0.0%    50%W -0.1%    60%W +0.2%       -2.5% → +3.2%
  AMD     20    60%W +0.1%    65%W +0.3%    55%W +0.1%    65%W +0.2%    70%W +0.5%    55%W +0.4%       -1.9% → +2.1%
  MRVL    20    50%W +0.0%    65%W +0.2%    45%W -0.3%    50%W +0.0%    60%W +0.2%    50%W +0.0%       -3.0% → +3.2%
  AVGO    20    60%W +0.2%    55%W +0.0%    50%W -0.1%    40%W -0.3%    50%W +0.1%    50%W +0.1%       -2.9% → +2.9%
  ARM     20    60%W +0.2%    50%W -0.0%    50%W -0.1%    50%W -0.0%    50%W -0.2%    50%W -0.1%       -2.6% → +2.0%
  SPOT    20    35%W -0.1%    50%W +0.0%    45%W -0.1%    40%W -0.3%    50%W +0.0%    50%W +0.0%       -3.9% → +3.8%
  SNOW    20    65%W +0.2%    45%W -0.1%    65%W +0.2%    40%W -0.1%    45%W -0.1%    45%W -0.2%       -6.1% → +1.9%
  LLY     20    40%W -0.1%    50%W +0.1%    60%W +0.2%    50%W +0.1%    55%W +0.1%    45%W -0.0%       -3.7% → +2.2%
  CHTR    20    50%W -0.0%    55%W +0.1%    50%W -0.1%    40%W -0.6%    35%W -0.9%    40%W -0.7%       -5.1% → +2.0%
  SNPS    20    45%W -0.1%    50%W -0.0%    50%W +0.0%    40%W -0.4%    45%W -0.2%    35%W -0.4%       -1.8% → +5.2%
  META    20    30%W -0.1%    25%W -0.2%    35%W -0.3%    30%W -0.3%    40%W -0.4%    30%W -0.5%       -2.5% → +1.6%
Pre-session top-2 (9:25, 20d EOD win rate) — 2025-08-15  OR: 09:30/3b
  #1 QCOM   +15m 35%W -0.0%  +30m 55%W +0.1%  +1h 60%W +0.3%  +2h 65%W +0.2%  +5h 65%W +0.4%  EOD 70%W +0.4%  EOD range -3.9% → +2.8%
  #2 RDDT   +15m 40%W -0.4%  +30m 50%W -0.0%  +1h 45%W -0.2%  +2h 60%W +0.7%  +5h 65%W +0.9%  EOD 70%W +0.7%  EOD range -2.9% → +6.2%
  Ticker   N          +15m          +30m           +1h           +2h           +5h           EOD           EOD range
  ----------------------------------------------------------------------------------------------------------------------
  QCOM    20    35%W -0.0%    55%W +0.1%    60%W +0.3%    65%W +0.2%    65%W +0.4%    70%W +0.4%       -3.9% → +2.8%
  RDDT    20    40%W -0.4%    50%W -0.0%    45%W -0.2%    60%W +0.7%    65%W +0.9%    70%W +0.7%       -2.9% → +6.2%
  MU      20    45%W -0.0%    55%W +0.3%    60%W +0.2%    55%W +0.2%    65%W +0.3%    65%W +0.3%       -1.5% → +5.3%
  TSLA    20    60%W +0.2%    50%W -0.0%    45%W -0.1%    45%W -0.3%    60%W +0.4%    65%W +0.1%       -3.7% → +2.1%
  DDOG    20    55%W +0.1%    55%W +0.1%    55%W +0.1%    55%W +0.1%    60%W +0.3%    65%W +0.3%       -5.9% → +2.2%
  SNDK    20    55%W +0.1%    40%W -0.2%    35%W -0.2%    35%W -0.4%    45%W -0.2%    55%W +0.2%       -4.1% → +5.6%
  APP     20    45%W -0.3%    50%W +0.0%    45%W -0.3%    50%W -0.2%    60%W +0.3%    55%W +0.4%      -4.3% → +10.2%
  CRWD    20    60%W +0.1%    50%W -0.0%    65%W +0.1%    50%W +0.1%    55%W +0.1%    55%W +0.0%       -3.5% → +1.7%
  PLTR    20    60%W +0.2%    50%W +0.0%    60%W +0.3%    45%W -0.1%    45%W -0.4%    55%W +0.2%       -2.5% → +3.2%
  MRVL    20    45%W -0.0%    60%W +0.2%    45%W -0.3%    45%W -0.2%    60%W +0.2%    50%W +0.0%       -3.0% → +3.2%
  ARM     20    55%W +0.1%    50%W -0.0%    50%W -0.1%    45%W -0.1%    50%W -0.2%    50%W -0.1%       -2.6% → +1.9%
  AMD     20    55%W +0.1%    60%W +0.3%    50%W -0.0%    60%W +0.2%    70%W +0.5%    50%W +0.1%       -2.3% → +2.1%
  LLY     20    40%W -0.1%    50%W +0.1%    60%W +0.2%    50%W +0.1%    60%W +0.3%    50%W +0.1%       -3.7% → +3.8%
  SNOW    20    70%W +0.3%    50%W +0.0%    70%W +0.3%    40%W -0.1%    50%W +0.1%    45%W -0.1%       -6.1% → +1.9%
  AVGO    20    60%W +0.1%    50%W -0.0%    50%W -0.1%    35%W -0.4%    45%W -0.2%    45%W -0.2%       -2.9% → +2.9%
  SPOT    20    35%W -0.1%    50%W -0.1%    45%W -0.1%    40%W -0.3%    50%W +0.0%    45%W -0.1%       -3.9% → +3.8%
  META    20    35%W -0.1%    25%W -0.2%    40%W -0.2%    35%W -0.2%    45%W -0.2%    35%W -0.5%       -2.5% → +1.6%
  CHTR    20    50%W -0.0%    50%W -0.0%    45%W -0.6%    35%W -0.8%    30%W -0.9%    35%W -0.7%       -5.1% → +2.0%
  SNPS    20    50%W -0.0%    55%W +0.0%    50%W +0.0%    35%W -0.4%    40%W -0.3%    30%W -0.4%       -1.8% → +5.2%
Pre-session top-2 (9:25, 20d EOD win rate) — 2025-08-18  OR: 09:30/3b
  #1 RDDT   +15m 40%W -0.4%  +30m 55%W +0.1%  +1h 45%W -0.2%  +2h 60%W +0.7%  +5h 65%W +0.9%  EOD 70%W +0.7%  EOD range -2.9% → +3.2%
  #2 MU     +15m 45%W -0.0%  +30m 60%W +0.4%  +1h 60%W +0.1%  +2h 55%W +0.2%  +5h 65%W +0.3%  EOD 65%W +0.3%  EOD range -1.5% → +5.3%
  Ticker   N          +15m          +30m           +1h           +2h           +5h           EOD           EOD range
  ----------------------------------------------------------------------------------------------------------------------
  RDDT    20    40%W -0.4%    55%W +0.1%    45%W -0.2%    60%W +0.7%    65%W +0.9%    70%W +0.7%       -2.9% → +3.2%
  MU      20    45%W -0.0%    60%W +0.4%    60%W +0.1%    55%W +0.2%    65%W +0.3%    65%W +0.3%       -1.5% → +5.3%
  QCOM    20    35%W -0.0%    50%W +0.0%    55%W +0.2%    60%W +0.1%    60%W +0.3%    65%W +0.3%       -3.9% → +2.8%
  DDOG    20    55%W +0.1%    55%W +0.1%    55%W +0.1%    55%W +0.1%    60%W +0.3%    65%W +0.3%       -5.9% → +2.2%
  APP     20    50%W +0.0%    55%W +0.1%    50%W -0.0%    55%W +0.4%    65%W +0.5%    60%W +0.7%      -4.3% → +10.2%
  PLTR    20    65%W +0.2%    55%W +0.2%    65%W +0.4%    50%W -0.0%    50%W -0.1%    60%W +0.2%       -2.5% → +3.2%
  TSLA    20    55%W +0.1%    45%W -0.1%    40%W -0.1%    40%W -0.4%    55%W +0.3%    60%W +0.0%       -3.7% → +2.1%
  SNDK    20    60%W +0.3%    45%W -0.1%    40%W -0.1%    35%W -0.4%    45%W -0.2%    55%W +0.2%       -4.1% → +5.6%
  CRWD    20    60%W +0.2%    55%W +0.1%    65%W +0.1%    50%W +0.1%    55%W +0.1%    55%W +0.0%       -3.5% → +1.7%
  ARM     20    60%W +0.2%    55%W +0.0%    50%W -0.1%    45%W -0.1%    50%W -0.2%    50%W -0.1%       -2.4% → +1.9%
  AMD     20    55%W +0.1%    65%W +0.4%    50%W -0.0%    60%W +0.2%    70%W +0.5%    50%W +0.1%       -2.3% → +2.1%
  SPOT    20    35%W -0.1%    55%W +0.1%    50%W +0.1%    45%W -0.2%    50%W +0.0%    50%W +0.0%       -3.9% → +3.8%
  LLY     20    40%W -0.2%    45%W -0.0%    55%W +0.1%    45%W -0.0%    60%W +0.3%    50%W +0.1%       -3.7% → +3.8%
  SNOW    20    70%W +0.2%    50%W -0.0%    70%W +0.3%    40%W -0.1%    50%W +0.1%    45%W -0.1%       -6.1% → +1.8%
  MRVL    20    45%W -0.0%    60%W +0.2%    40%W -0.4%    40%W -0.3%    55%W +0.1%    45%W -0.2%       -3.0% → +1.8%
  AVGO    20    60%W +0.1%    55%W +0.0%    50%W -0.1%    35%W -0.4%    45%W -0.2%    45%W -0.2%       -2.9% → +2.9%
  CHTR    20    55%W +0.1%    55%W +0.1%    50%W -0.4%    40%W -0.8%    35%W -0.7%    40%W -0.6%       -5.1% → +2.0%
  SNPS    20    50%W -0.0%    55%W +0.0%    50%W +0.0%    35%W -0.4%    45%W -0.2%    35%W -0.3%       -1.6% → +5.2%
  META    20    40%W -0.0%    30%W -0.2%    45%W -0.1%    40%W -0.2%    45%W -0.2%    30%W -0.5%       -2.5% → +1.6%
Pre-session top-2 (9:25, 20d EOD win rate) — 2025-08-19  OR: 09:30/3b
  #1 MU     +15m 40%W -0.1%  +30m 55%W +0.3%  +1h 55%W +0.0%  +2h 50%W +0.1%  +5h 65%W +0.3%  EOD 70%W +0.4%  EOD range -1.5% → +5.3%
  #2 RDDT   +15m 40%W -0.4%  +30m 55%W +0.1%  +1h 45%W -0.2%  +2h 60%W +0.7%  +5h 65%W +0.9%  EOD 70%W +0.7%  EOD range -3.3% → +3.2%
  Ticker   N          +15m          +30m           +1h           +2h           +5h           EOD           EOD range
  ----------------------------------------------------------------------------------------------------------------------
  MU      20    40%W -0.1%    55%W +0.3%    55%W +0.0%    50%W +0.1%    65%W +0.3%    70%W +0.4%       -1.5% → +5.3%
  RDDT    20    40%W -0.4%    55%W +0.1%    45%W -0.2%    60%W +0.7%    65%W +0.9%    70%W +0.7%       -3.3% → +3.2%
  QCOM    20    35%W -0.0%    50%W +0.0%    55%W +0.2%    60%W +0.1%    60%W +0.3%    65%W +0.3%       -3.9% → +2.8%
  TSLA    20    60%W +0.1%    50%W -0.0%    45%W -0.1%    45%W -0.3%    60%W +0.4%    65%W +0.1%       -3.7% → +2.1%
  DDOG    20    50%W +0.0%    55%W +0.1%    50%W -0.0%    55%W +0.1%    60%W +0.4%    65%W +0.3%       -5.9% → +2.2%
  APP     20    50%W +0.0%    55%W +0.1%    50%W -0.0%    50%W -0.1%    65%W +0.3%    60%W +0.7%      -4.3% → +10.2%
  PLTR    20    65%W +0.2%    55%W +0.2%    60%W +0.3%    50%W -0.0%    50%W -0.1%    60%W +0.2%       -2.5% → +3.2%
  SNDK    20    60%W +0.3%    45%W -0.1%    40%W -0.1%    35%W -0.4%    45%W -0.2%    55%W +0.2%       -4.1% → +5.6%
  CRWD    20    60%W +0.2%    55%W +0.1%    65%W +0.1%    55%W +0.2%    60%W +0.3%    55%W +0.1%       -3.5% → +1.7%
  SNOW    20    65%W +0.2%    45%W -0.1%    65%W +0.2%    40%W -0.1%    50%W +0.1%    50%W +0.0%       -6.1% → +1.8%
  ARM     20    60%W +0.2%    55%W +0.0%    50%W -0.1%    45%W -0.1%    50%W -0.2%    50%W -0.1%       -2.4% → +1.9%
  AMD     20    55%W +0.1%    60%W +0.3%    45%W -0.1%    60%W +0.2%    65%W +0.5%    50%W +0.1%       -2.3% → +2.1%
  LLY     20    45%W -0.2%    50%W +0.1%    60%W +0.2%    50%W +0.1%    65%W +0.3%    50%W +0.1%       -3.7% → +3.8%
  MRVL    20    40%W -0.1%    60%W +0.2%    45%W -0.4%    35%W -0.6%    50%W +0.0%    45%W -0.2%       -3.0% → +1.8%
  AVGO    20    55%W +0.1%    50%W -0.0%    50%W -0.1%    30%W -0.4%    45%W -0.2%    45%W -0.2%       -2.9% → +2.9%
  SPOT    20    35%W -0.1%    50%W -0.1%    50%W +0.1%    40%W -0.2%    45%W -0.1%    45%W -0.1%       -3.9% → +3.8%
  CHTR    20    55%W +0.1%    55%W +0.1%    50%W -0.4%    40%W -0.8%    35%W -0.7%    40%W -0.6%       -5.1% → +2.0%
  META    20    40%W -0.0%    35%W -0.2%    45%W -0.1%    45%W -0.1%    45%W -0.2%    35%W -0.5%       -2.5% → +1.6%
  SNPS    20    45%W -0.1%    50%W -0.0%    45%W -0.0%    35%W -0.4%    45%W -0.2%    35%W -0.3%       -1.6% → +5.2%
Pre-session top-2 (9:25, 20d EOD win rate) — 2025-08-20  OR: 09:30/3b
  #1 MU     +15m 45%W -0.0%  +30m 60%W +0.4%  +1h 55%W +0.0%  +2h 55%W +0.2%  +5h 65%W +0.3%  EOD 70%W +0.4%  EOD range -1.5% → +5.3%
  #2 RDDT   +15m 40%W -0.4%  +30m 55%W +0.1%  +1h 45%W -0.2%  +2h 60%W +0.7%  +5h 60%W +0.9%  EOD 65%W +0.7%  EOD range -3.3% → +3.2%
  Ticker   N          +15m          +30m           +1h           +2h           +5h           EOD           EOD range
  ----------------------------------------------------------------------------------------------------------------------
  MU      20    45%W -0.0%    60%W +0.4%    55%W +0.0%    55%W +0.2%    65%W +0.3%    70%W +0.4%       -1.5% → +5.3%
  RDDT    20    40%W -0.4%    55%W +0.1%    45%W -0.2%    60%W +0.7%    60%W +0.9%    65%W +0.7%       -3.3% → +3.2%
  APP     20    50%W +0.0%    60%W +0.1%    50%W -0.0%    50%W -0.1%    65%W +0.3%    60%W +0.7%      -4.3% → +10.2%
  QCOM    20    35%W -0.0%    50%W +0.0%    55%W +0.2%    55%W +0.1%    60%W +0.3%    60%W +0.3%       -3.9% → +2.8%
  TSLA    20    65%W +0.3%    55%W +0.1%    45%W -0.1%    40%W -0.4%    55%W +0.3%    60%W +0.0%       -3.7% → +2.1%
  DDOG    20    50%W +0.0%    60%W +0.1%    50%W -0.0%    50%W -0.1%    55%W +0.2%    60%W +0.3%       -5.9% → +2.2%
  SNDK    20    60%W +0.3%    50%W +0.0%    40%W -0.1%    35%W -0.4%    45%W -0.2%    55%W +0.2%       -4.1% → +5.6%
  CRWD    20    60%W +0.2%    55%W +0.1%    65%W +0.1%    55%W +0.2%    60%W +0.3%    55%W +0.1%       -3.5% → +1.7%
  PLTR    20    70%W +0.2%    55%W +0.2%    55%W +0.3%    50%W -0.0%    50%W -0.2%    55%W +0.2%       -4.1% → +3.2%
  SNOW    20    65%W +0.2%    50%W -0.0%    60%W +0.1%    40%W -0.3%    50%W +0.1%    50%W +0.0%       -6.1% → +1.8%
  ARM     20    60%W +0.2%    55%W +0.0%    50%W -0.1%    45%W -0.1%    50%W -0.2%    50%W -0.1%       -5.2% → +1.9%
  MRVL    20    40%W -0.1%    65%W +0.2%    45%W -0.4%    30%W -0.9%    45%W -0.2%    45%W -0.2%       -4.7% → +1.8%
  AVGO    20    55%W +0.1%    55%W +0.0%    50%W -0.1%    30%W -0.5%    45%W -0.2%    45%W -0.2%       -2.9% → +2.9%
  AMD     20    60%W +0.1%    65%W +0.3%    45%W -0.1%    55%W +0.1%    60%W +0.5%    45%W -0.1%       -2.3% → +2.1%
  SPOT    20    35%W -0.1%    55%W +0.1%    45%W -0.1%    40%W -0.2%    45%W -0.1%    45%W -0.1%       -3.9% → +3.8%
  LLY     20    45%W -0.2%    50%W +0.1%    60%W +0.2%    50%W +0.1%    65%W +0.3%    45%W -0.0%       -3.7% → +3.8%
  CHTR    20    50%W -0.0%    50%W +0.0%    50%W -0.4%    35%W -0.8%    35%W -0.7%    40%W -0.6%       -5.1% → +2.0%
  META    20    45%W -0.0%    35%W -0.1%    45%W -0.1%    45%W -0.1%    45%W -0.2%    35%W -0.5%       -2.5% → +1.6%
  SNPS    20    45%W -0.1%    50%W -0.0%    40%W -0.2%    30%W -0.4%    40%W -0.3%    30%W -0.4%       -1.6% → +2.4%
Pre-session top-2 (9:25, 20d EOD win rate) — 2025-08-21  OR: 09:30/3b
  #1 RDDT   +15m 35%W -0.5%  +30m 50%W +0.0%  +1h 45%W -0.2%  +2h 65%W +0.8%  +5h 65%W +1.0%  EOD 70%W +0.9%  EOD range -3.3% → +3.2%
  #2 MU     +15m 45%W -0.0%  +30m 60%W +0.4%  +1h 50%W +0.0%  +2h 55%W +0.2%  +5h 65%W +0.3%  EOD 65%W +0.4%  EOD range -1.5% → +5.3%
  Ticker   N          +15m          +30m           +1h           +2h           +5h           EOD           EOD range
  ----------------------------------------------------------------------------------------------------------------------
  RDDT    20    35%W -0.5%    50%W +0.0%    45%W -0.2%    65%W +0.8%    65%W +1.0%    70%W +0.9%       -3.3% → +3.2%
  MU      20    45%W -0.0%    60%W +0.4%    50%W +0.0%    55%W +0.2%    65%W +0.3%    65%W +0.4%       -1.5% → +5.3%
  APP     20    50%W +0.0%    60%W +0.1%    50%W -0.0%    50%W -0.1%    65%W +0.4%    60%W +0.7%      -4.3% → +10.2%
  DDOG    20    45%W -0.0%    60%W +0.1%    50%W -0.0%    50%W -0.1%    55%W +0.2%    60%W +0.4%       -5.9% → +2.2%
  CRWD    20    55%W +0.1%    50%W -0.0%    60%W +0.1%    50%W +0.1%    60%W +0.1%    55%W +0.0%       -3.5% → +1.7%
  QCOM    20    35%W -0.1%    45%W -0.1%    50%W -0.1%    50%W -0.2%    55%W +0.2%    55%W +0.2%       -3.9% → +2.8%
  PLTR    20    70%W +0.2%    55%W +0.2%    55%W +0.3%    45%W -0.1%    50%W -0.2%    55%W +0.2%       -4.1% → +3.0%
  TSLA    20    60%W +0.1%    50%W -0.0%    40%W -0.1%    35%W -0.5%    50%W +0.0%    55%W +0.0%       -3.7% → +2.1%
  SNDK    20    55%W +0.1%    45%W -0.1%    35%W -0.2%    30%W -0.5%    40%W -0.6%    50%W -0.2%       -4.1% → +5.6%
  SNOW    20    60%W +0.1%    50%W -0.0%    55%W +0.1%    40%W -0.3%    50%W +0.1%    50%W +0.0%       -6.1% → +1.8%
  ARM     20    60%W +0.2%    55%W +0.0%    50%W -0.1%    45%W -0.1%    45%W -0.4%    50%W -0.1%       -5.2% → +1.9%
  MRVL    20    35%W -0.1%    60%W +0.2%    40%W -0.5%    25%W -1.1%    40%W -0.5%    45%W -0.2%       -4.7% → +1.8%
  AVGO    20    55%W +0.1%    55%W +0.0%    50%W -0.1%    30%W -0.5%    45%W -0.2%    45%W -0.2%       -2.9% → +2.9%
  AMD     20    60%W +0.1%    65%W +0.3%    45%W -0.2%    55%W +0.1%    60%W +0.5%    45%W -0.1%       -2.3% → +2.1%
  LLY     20    45%W -0.2%    45%W -0.1%    55%W +0.1%    50%W +0.0%    65%W +0.3%    45%W -0.0%       -3.7% → +3.8%
  SPOT    20    30%W -0.2%    55%W +0.1%    45%W -0.3%    40%W -0.3%    40%W -0.2%    40%W -0.2%       -3.9% → +3.8%
  META    20    45%W -0.0%    35%W -0.2%    40%W -0.2%    40%W -0.1%    45%W -0.2%    35%W -0.5%       -2.5% → +1.6%
  CHTR    20    45%W -0.1%    50%W -0.0%    45%W -0.7%    30%W -0.8%    30%W -0.7%    35%W -0.7%       -5.1% → +2.0%
  SNPS    20    45%W -0.1%    45%W -0.1%    40%W -0.2%    30%W -0.4%    40%W -0.3%    30%W -0.4%       -1.6% → +2.4%
Pre-session top-2 (9:25, 20d EOD win rate) — 2025-08-22  OR: 09:30/3b
  #1 RDDT   +15m 35%W -0.4%  +30m 55%W +0.1%  +1h 50%W +0.1%  +2h 70%W +0.8%  +5h 60%W +0.9%  EOD 70%W +0.7%  EOD range -3.3% → +3.2%
  #2 MU     +15m 45%W -0.0%  +30m 60%W +0.4%  +1h 45%W -0.1%  +2h 50%W -0.1%  +5h 60%W +0.2%  EOD 60%W +0.3%  EOD range -1.5% → +5.3%
  Ticker   N          +15m          +30m           +1h           +2h           +5h           EOD           EOD range
  ----------------------------------------------------------------------------------------------------------------------
  RDDT    20    35%W -0.4%    55%W +0.1%    50%W +0.1%    70%W +0.8%    60%W +0.9%    70%W +0.7%       -3.3% → +3.2%
  MU      20    45%W -0.0%    60%W +0.4%    45%W -0.1%    50%W -0.1%    60%W +0.2%    60%W +0.3%       -1.5% → +5.3%
  DDOG    20    45%W -0.0%    60%W +0.1%    55%W +0.1%    50%W -0.1%    55%W +0.2%    60%W +0.4%       -5.9% → +2.2%
  SNDK    20    55%W +0.1%    45%W -0.1%    40%W -0.1%    35%W -0.4%    45%W -0.2%    55%W +0.2%       -4.1% → +5.6%
  APP     20    45%W -0.3%    65%W +0.3%    50%W -0.0%    50%W -0.1%    60%W +0.3%    55%W +0.4%      -4.3% → +10.2%
  SNOW    20    55%W +0.1%    50%W -0.0%    60%W +0.1%    45%W -0.1%    55%W +0.3%    55%W +0.1%       -6.1% → +1.8%
  CRWD    20    50%W +0.0%    55%W +0.1%    65%W +0.1%    55%W +0.2%    60%W +0.1%    55%W +0.0%       -3.5% → +1.7%
  PLTR    20    65%W +0.2%    55%W +0.2%    55%W +0.1%    45%W -0.1%    50%W -0.2%    55%W +0.2%       -4.1% → +3.0%
  QCOM    20    35%W -0.1%    45%W -0.0%    45%W -0.2%    45%W -0.5%    50%W -0.1%    50%W -0.1%       -3.9% → +2.8%
  TSLA    20    55%W +0.1%    50%W -0.0%    40%W -0.1%    35%W -0.4%    50%W +0.0%    50%W -0.0%       -3.7% → +2.1%
  ARM     20    60%W +0.2%    55%W +0.0%    50%W -0.1%    45%W -0.1%    45%W -0.4%    50%W -0.1%       -5.2% → +1.9%
  MRVL    20    35%W -0.1%    65%W +0.2%    45%W -0.5%    30%W -1.1%    40%W -0.5%    45%W -0.2%       -4.7% → +1.8%
  AVGO    20    55%W +0.1%    55%W +0.0%    55%W +0.0%    30%W -0.4%    45%W -0.4%    45%W -0.3%       -2.9% → +2.9%
  CHTR    20    45%W -0.1%    50%W -0.0%    40%W -0.7%    35%W -0.7%    35%W -0.6%    40%W -0.5%       -5.1% → +2.0%
  AMD     20    60%W +0.1%    65%W +0.3%    45%W -0.1%    50%W -0.1%    55%W +0.4%    40%W -0.2%       -2.3% → +2.1%
  SPOT    20    25%W -0.2%    55%W +0.1%    45%W -0.4%    40%W -0.3%    40%W -0.3%    40%W -0.2%       -3.9% → +3.8%
  LLY     20    45%W -0.2%    45%W -0.1%    50%W -0.0%    50%W +0.0%    60%W +0.2%    40%W -0.0%       -3.7% → +3.8%
  META    20    40%W -0.1%    35%W -0.2%    35%W -0.3%    40%W -0.1%    45%W -0.4%    35%W -0.5%       -2.5% → +1.6%
  SNPS    20    45%W -0.1%    45%W -0.1%    40%W -0.2%    30%W -0.4%    40%W -0.5%    30%W -0.4%       -1.6% → +2.4%
Pre-session top-2 (9:25, 20d EOD win rate) — 2025-08-25  OR: 09:30/3b
  #1 RDDT   +15m 35%W -0.4%  +30m 60%W +0.1%  +1h 50%W +0.1%  +2h 70%W +0.8%  +5h 60%W +0.8%  EOD 65%W +0.7%  EOD range -3.3% → +3.2%
  #2 MU     +15m 40%W -0.1%  +30m 60%W +0.4%  +1h 45%W -0.1%  +2h 50%W -0.1%  +5h 60%W +0.2%  EOD 60%W +0.3%  EOD range -1.5% → +5.3%
  Ticker   N          +15m          +30m           +1h           +2h           +5h           EOD           EOD range
  ----------------------------------------------------------------------------------------------------------------------
  RDDT    20    35%W -0.4%    60%W +0.1%    50%W +0.1%    70%W +0.8%    60%W +0.8%    65%W +0.7%       -3.3% → +3.2%
  MU      20    40%W -0.1%    60%W +0.4%    45%W -0.1%    50%W -0.1%    60%W +0.2%    60%W +0.3%       -1.5% → +5.3%
  DDOG    20    45%W -0.2%    60%W +0.1%    55%W +0.1%    50%W -0.1%    55%W +0.2%    60%W +0.4%       -5.9% → +2.2%
  SNDK    20    55%W +0.1%    45%W -0.1%    45%W -0.0%    40%W -0.4%    50%W -0.1%    55%W +0.2%       -4.1% → +5.6%
  APP     20    40%W -0.4%    65%W +0.3%    50%W -0.0%    50%W +0.1%    60%W +0.4%    55%W +0.7%      -4.3% → +10.2%
  SNOW    20    50%W -0.0%    50%W -0.0%    60%W +0.1%    45%W -0.1%    55%W +0.3%    55%W +0.1%       -6.1% → +1.8%
  CRWD    20    50%W +0.0%    55%W +0.1%    65%W +0.1%    55%W +0.2%    60%W +0.1%    55%W +0.0%       -3.5% → +1.7%
  PLTR    20    60%W +0.1%    55%W +0.2%    55%W +0.1%    45%W -0.1%    50%W -0.2%    55%W +0.2%       -4.1% → +3.0%
  QCOM    20    40%W -0.1%    45%W -0.0%    45%W -0.2%    45%W -0.5%    50%W -0.1%    50%W -0.1%       -3.9% → +2.8%
  TSLA    20    55%W +0.1%    50%W -0.0%    40%W -0.1%    35%W -0.4%    50%W +0.0%    50%W -0.0%       -3.7% → +4.7%
  ARM     20    60%W +0.1%    55%W +0.0%    50%W -0.1%    45%W -0.1%    45%W -0.4%    50%W -0.1%       -5.2% → +2.6%
  MRVL    20    30%W -0.2%    65%W +0.2%    45%W -0.5%    30%W -1.1%    40%W -0.5%    45%W -0.2%       -4.7% → +1.8%
  CHTR    20    50%W -0.0%    55%W +0.0%    45%W -0.4%    40%W -0.5%    40%W -0.3%    45%W -0.3%       -5.1% → +2.3%
  AVGO    20    50%W +0.0%    55%W +0.0%    55%W +0.0%    35%W -0.4%    45%W -0.4%    45%W -0.3%       -2.9% → +2.9%
  SPOT    20    25%W -0.2%    55%W +0.1%    45%W -0.4%    40%W -0.3%    40%W -0.3%    45%W -0.2%       -3.9% → +3.8%
  META    20    35%W -0.1%    35%W -0.2%    35%W -0.3%    40%W -0.1%    45%W -0.4%    40%W -0.4%       -2.5% → +1.6%
  AMD     20    55%W +0.1%    65%W +0.3%    45%W -0.1%    50%W -0.1%    55%W +0.4%    40%W -0.2%       -2.3% → +2.7%
  LLY     20    45%W -0.2%    50%W +0.1%    55%W +0.1%    50%W +0.0%    60%W +0.2%    40%W -0.2%       -3.7% → +3.8%
  SNPS    20    40%W -0.1%    45%W -0.1%    40%W -0.2%    35%W -0.4%    40%W -0.5%    35%W -0.4%       -1.6% → +2.4%
Pre-session top-2 (9:25, 20d EOD win rate) — 2025-08-26  OR: 09:30/3b
  #1 RDDT   +15m 35%W -0.4%  +30m 60%W +0.1%  +1h 55%W +0.3%  +2h 75%W +0.8%  +5h 65%W +1.0%  EOD 65%W +0.9%  EOD range -3.3% → +3.2%
  #2 SNDK   +15m 55%W +0.1%  +30m 40%W -0.1%  +1h 45%W -0.0%  +2h 40%W -0.3%  +5h 55%W +0.0%  EOD 60%W +0.3%  EOD range -4.1% → +5.6%
  Ticker   N          +15m          +30m           +1h           +2h           +5h           EOD           EOD range
  ----------------------------------------------------------------------------------------------------------------------
  RDDT    20    35%W -0.4%    60%W +0.1%    55%W +0.3%    75%W +0.8%    65%W +1.0%    65%W +0.9%       -3.3% → +3.2%
  SNDK    20    55%W +0.1%    40%W -0.1%    45%W -0.0%    40%W -0.3%    55%W +0.0%    60%W +0.3%       -4.1% → +5.6%
  PLTR    20    60%W +0.2%    60%W +0.3%    60%W +0.3%    50%W -0.0%    55%W +0.1%    60%W +0.4%       -4.1% → +4.3%
  APP     20    40%W -0.4%    65%W +0.4%    50%W +0.4%    50%W +0.1%    60%W +0.4%    55%W +0.7%      -4.3% → +10.2%
  SNOW    20    45%W -0.1%    45%W -0.0%    60%W +0.1%    45%W -0.1%    55%W +0.3%    55%W +0.1%       -6.1% → +1.8%
  MU      20    45%W -0.0%    65%W +0.4%    45%W -0.1%    50%W -0.1%    60%W +0.2%    55%W +0.1%       -1.5% → +5.3%
  DDOG    20    40%W -0.4%    55%W +0.1%    55%W +0.1%    45%W -0.2%    50%W +0.1%    55%W +0.4%       -5.9% → +2.2%
  MRVL    20    30%W -0.2%    65%W +0.2%    50%W -0.1%    35%W -0.9%    45%W -0.2%    50%W +0.0%       -4.7% → +1.8%
  CRWD    20    45%W -0.1%    50%W -0.0%    60%W +0.1%    55%W +0.2%    55%W +0.0%    50%W -0.1%       -3.5% → +1.7%
  TSLA    20    55%W +0.1%    50%W -0.0%    40%W -0.1%    35%W -0.4%    50%W +0.0%    50%W -0.0%       -3.7% → +4.7%
  ARM     20    60%W +0.1%    55%W +0.0%    50%W -0.1%    45%W -0.1%    45%W -0.4%    50%W -0.1%       -5.2% → +2.6%
  META    20    35%W -0.1%    40%W -0.1%    40%W -0.2%    45%W -0.1%    50%W -0.1%    45%W -0.2%       -2.5% → +1.6%
  QCOM    20    40%W -0.2%    40%W -0.1%    40%W -0.3%    40%W -0.5%    45%W -0.3%    45%W -0.2%       -3.9% → +2.8%
  CHTR    20    50%W -0.0%    60%W +0.1%    45%W -0.1%    40%W -0.2%    40%W -0.3%    45%W -0.3%       -5.1% → +2.3%
  AVGO    20    50%W +0.0%    55%W +0.1%    55%W +0.0%    35%W -0.4%    45%W -0.4%    45%W -0.3%       -2.9% → +2.9%
  AMD     20    55%W +0.1%    65%W +0.3%    45%W -0.1%    50%W -0.0%    55%W +0.4%    40%W -0.2%       -2.3% → +2.7%
  SPOT    20    25%W -0.2%    55%W +0.1%    40%W -0.6%    40%W -0.3%    40%W -0.3%    40%W -0.4%       -3.9% → +3.8%
  LLY     20    45%W -0.2%    50%W +0.0%    50%W -0.0%    50%W +0.0%    60%W +0.2%    40%W -0.2%       -3.7% → +3.8%
  SNPS    20    35%W -0.2%    45%W -0.1%    40%W -0.2%    35%W -0.4%    40%W -0.5%    35%W -0.4%       -1.4% → +2.4%
Pre-session top-2 (9:25, 20d EOD win rate) — 2025-08-27  OR: 09:30/3b
  #1 RDDT   +15m 40%W -0.3%  +30m 60%W +0.1%  +1h 60%W +0.4%  +2h 75%W +0.8%  +5h 70%W +1.0%  EOD 70%W +0.9%  EOD range -3.3% → +3.2%
  #2 PLTR   +15m 65%W +0.2%  +30m 65%W +0.4%  +1h 65%W +0.4%  +2h 55%W +0.0%  +5h 60%W +0.5%  EOD 65%W +0.7%  EOD range -4.1% → +4.3%
  Ticker   N          +15m          +30m           +1h           +2h           +5h           EOD           EOD range
  ----------------------------------------------------------------------------------------------------------------------
  RDDT    20    40%W -0.3%    60%W +0.1%    60%W +0.4%    75%W +0.8%    70%W +1.0%    70%W +0.9%       -3.3% → +3.2%
  PLTR    20    65%W +0.2%    65%W +0.4%    65%W +0.4%    55%W +0.0%    60%W +0.5%    65%W +0.7%       -4.1% → +4.3%
  APP     20    45%W -0.3%    70%W +0.7%    55%W +1.2%    55%W +0.8%    65%W +0.7%    60%W +0.9%      -4.3% → +10.2%
  SNDK    20    55%W +0.1%    45%W -0.1%    50%W -0.0%    40%W -0.2%    50%W +0.0%    55%W +0.2%       -4.1% → +5.6%
  SNOW    20    40%W -0.1%    40%W -0.1%    55%W +0.1%    45%W -0.1%    55%W +0.3%    55%W +0.1%       -6.1% → +1.8%
  MRVL    20    25%W -0.3%    60%W +0.1%    50%W -0.1%    40%W -0.6%    50%W -0.1%    55%W +0.3%       -4.7% → +1.8%
  ARM     20    60%W +0.1%    55%W +0.0%    55%W +0.2%    50%W +0.0%    50%W -0.1%    55%W +0.2%       -5.2% → +2.6%
  DDOG    20    45%W -0.2%    55%W +0.1%    55%W +0.1%    45%W -0.2%    50%W +0.1%    55%W +0.4%       -5.9% → +2.2%
  META    20    40%W -0.1%    45%W -0.1%    45%W -0.1%    50%W -0.0%    55%W +0.2%    50%W +0.0%       -1.7% → +1.6%
  MU      20    40%W -0.0%    65%W +0.4%    45%W -0.1%    50%W +0.0%    55%W +0.1%    50%W +0.1%       -1.5% → +5.3%
  CRWD    20    50%W +0.0%    55%W +0.1%    60%W +0.1%    55%W +0.2%    55%W +0.0%    50%W -0.1%       -3.5% → +1.7%
  CHTR    20    50%W -0.0%    65%W +0.1%    45%W -0.1%    40%W -0.2%    45%W -0.1%    50%W -0.1%       -3.3% → +2.3%
  TSLA    20    60%W +0.1%    50%W -0.0%    40%W -0.1%    35%W -0.4%    50%W +0.0%    50%W +0.0%       -3.7% → +4.7%
  AVGO    20    50%W +0.0%    55%W +0.1%    60%W +0.0%    40%W -0.3%    50%W -0.1%    50%W -0.1%       -2.9% → +2.9%
  AMD     20    50%W -0.0%    60%W +0.2%    45%W -0.1%    50%W -0.0%    50%W +0.1%    45%W -0.1%       -2.3% → +2.7%
  SPOT    20    25%W -0.2%    60%W +0.2%    45%W -0.3%    45%W -0.2%    45%W -0.1%    45%W -0.2%       -3.9% → +3.8%
  LLY     20    45%W -0.2%    45%W -0.1%    45%W -0.1%    50%W +0.0%    60%W +0.2%    45%W -0.0%       -3.7% → +3.8%
  SNPS    20    35%W -0.2%    45%W -0.1%    45%W -0.2%    40%W -0.4%    40%W -0.3%    40%W -0.3%       -1.4% → +2.4%
  QCOM    20    40%W -0.2%    40%W -0.1%    35%W -0.3%    45%W -0.4%    45%W -0.3%    40%W -0.2%       -3.9% → +2.8%
Pre-session top-2 (9:25, 20d EOD win rate) — 2025-08-28  OR: 09:30/3b
  #1 RDDT   +15m 35%W -0.4%  +30m 55%W +0.1%  +1h 55%W +0.3%  +2h 70%W +0.7%  +5h 65%W +0.8%  EOD 65%W +0.7%  EOD range -3.7% → +3.2%
  #2 APP    +15m 45%W -0.4%  +30m 70%W +0.7%  +1h 55%W +1.2%  +2h 55%W +0.8%  +5h 65%W +0.7%  EOD 60%W +0.9%  EOD range -4.3% → +10.2%
  Ticker   N          +15m          +30m           +1h           +2h           +5h           EOD           EOD range
  ----------------------------------------------------------------------------------------------------------------------
  RDDT    20    35%W -0.4%    55%W +0.1%    55%W +0.3%    70%W +0.7%    65%W +0.8%    65%W +0.7%       -3.7% → +3.2%
  APP     20    45%W -0.4%    70%W +0.7%    55%W +1.2%    55%W +0.8%    65%W +0.7%    60%W +0.9%      -4.3% → +10.2%
  MRVL    20    25%W -0.2%    55%W +0.1%    50%W -0.1%    45%W -0.3%    55%W +0.1%    60%W +0.3%       -4.7% → +1.8%
  PLTR    20    60%W +0.2%    60%W +0.3%    65%W +0.4%    55%W +0.0%    55%W +0.4%    60%W +0.7%       -4.1% → +4.3%
  ARM     20    55%W +0.1%    50%W -0.0%    50%W -0.1%    50%W +0.1%    50%W -0.1%    60%W +0.3%       -5.2% → +2.6%
  DDOG    20    40%W -0.2%    55%W +0.1%    50%W -0.1%    40%W -0.4%    50%W +0.1%    60%W +0.4%       -5.9% → +2.2%
  SNDK    20    55%W +0.1%    50%W +0.1%    55%W +0.1%    45%W -0.1%    50%W +0.0%    55%W +0.2%       -4.1% → +5.6%
  SNOW    20    35%W -0.1%    45%W -0.0%    55%W +0.1%    45%W -0.1%    55%W +0.3%    55%W +0.1%       -6.1% → +1.8%
  META    20    40%W -0.1%    45%W -0.1%    50%W -0.1%    50%W -0.0%    55%W +0.2%    50%W +0.0%       -1.7% → +1.6%
  MU      20    40%W -0.0%    60%W +0.4%    40%W -0.1%    50%W +0.1%    55%W +0.1%    50%W +0.1%       -1.5% → +5.3%
  CHTR    20    50%W -0.0%    65%W +0.1%    45%W -0.1%    40%W -0.2%    45%W -0.1%    50%W -0.1%       -3.3% → +2.3%
  TSLA    20    60%W +0.1%    50%W -0.1%    45%W -0.1%    40%W -0.3%    50%W +0.0%    50%W +0.0%       -3.7% → +4.7%
  AVGO    20    55%W +0.1%    55%W +0.2%    60%W +0.0%    45%W -0.3%    50%W -0.1%    50%W -0.1%       -2.9% → +2.9%
  CRWD    20    50%W +0.0%    55%W +0.1%    60%W +0.1%    55%W +0.2%    55%W +0.0%    45%W -0.1%       -3.5% → +1.7%
  QCOM    20    45%W -0.2%    40%W -0.1%    35%W -0.2%    50%W -0.0%    50%W -0.0%    45%W -0.0%       -3.9% → +2.8%
  AMD     20    50%W -0.0%    60%W +0.2%    45%W -0.1%    50%W -0.0%    50%W +0.1%    45%W -0.1%       -2.3% → +2.7%
  SPOT    20    20%W -0.3%    55%W +0.1%    45%W -0.3%    40%W -0.2%    45%W -0.1%    45%W -0.2%       -3.9% → +2.1%
  LLY     20    50%W -0.0%    50%W +0.0%    45%W -0.1%    50%W +0.0%    60%W +0.2%    45%W -0.0%       -3.7% → +3.8%
  SNPS    20    40%W -0.1%    50%W -0.0%    45%W -0.2%    40%W -0.4%    40%W -0.3%    40%W -0.3%       -1.4% → +2.4%
Pre-session top-2 (9:25, 20d EOD win rate) — 2025-08-29  OR: 09:30/3b
  #1 MRVL   +15m 20%W -0.3%  +30m 50%W -0.1%  +1h 45%W -0.4%  +2h 45%W -0.4%  +5h 60%W +0.1%  EOD 65%W +0.3%  EOD range -4.7% → +1.8%
  #2 PLTR   +15m 55%W +0.1%  +30m 55%W +0.2%  +1h 70%W +0.4%  +2h 60%W +0.1%  +5h 60%W +0.8%  EOD 65%W +0.9%  EOD range -4.1% → +4.3%
  Ticker   N          +15m          +30m           +1h           +2h           +5h           EOD           EOD range
  ----------------------------------------------------------------------------------------------------------------------
  MRVL    20    20%W -0.3%    50%W -0.1%    45%W -0.4%    45%W -0.4%    60%W +0.1%    65%W +0.3%       -4.7% → +1.8%
  PLTR    20    55%W +0.1%    55%W +0.2%    70%W +0.4%    60%W +0.1%    60%W +0.8%    65%W +0.9%       -4.1% → +4.3%
  RDDT    20    30%W -0.4%    55%W +0.1%    55%W +0.3%    70%W +0.7%    65%W +0.8%    65%W +0.7%       -3.7% → +3.8%
  SNDK    20    55%W +0.1%    50%W +0.2%    55%W +0.1%    45%W -0.1%    55%W +0.1%    60%W +0.3%       -4.1% → +5.6%
  APP     20    40%W -0.4%    70%W +0.5%    55%W +0.7%    55%W +0.8%    65%W +1.2%    60%W +1.2%      -4.3% → +10.2%
  ARM     20    50%W -0.1%    50%W -0.0%    50%W -0.1%    50%W +0.1%    50%W -0.0%    60%W +0.3%       -5.2% → +2.6%
  DDOG    20    40%W -0.2%    50%W +0.0%    50%W -0.1%    40%W -0.4%    50%W +0.1%    60%W +0.4%       -5.9% → +2.2%
  META    20    40%W -0.1%    50%W -0.0%    55%W +0.0%    55%W +0.0%    60%W +0.2%    55%W +0.1%       -1.7% → +1.6%
  SNOW    20    35%W -0.1%    45%W -0.0%    55%W +0.1%    45%W -0.1%    55%W +0.3%    55%W +0.3%       -6.1% → +4.1%
  MU      20    35%W -0.1%    55%W +0.3%    40%W -0.1%    55%W +0.4%    60%W +0.2%    55%W +0.3%       -1.5% → +5.3%
  AVGO    20    50%W +0.0%    60%W +0.2%    65%W +0.0%    50%W -0.0%    55%W +0.1%    55%W +0.2%       -2.5% → +2.9%
  CRWD    20    50%W +0.0%    55%W +0.1%    60%W +0.1%    55%W +0.2%    55%W +0.0%    50%W -0.0%       -3.5% → +2.7%
  CHTR    20    45%W -0.1%    65%W +0.1%    45%W -0.1%    40%W -0.2%    45%W -0.1%    50%W -0.1%       -2.1% → +2.3%
  TSLA    20    65%W +0.1%    50%W -0.1%    45%W -0.1%    40%W -0.3%    50%W +0.0%    50%W +0.0%       -2.4% → +4.7%
  QCOM    20    45%W -0.2%    40%W -0.4%    35%W -0.2%    50%W -0.0%    50%W -0.0%    45%W -0.0%       -2.0% → +2.8%
  AMD     20    45%W -0.1%    55%W +0.1%    40%W -0.4%    45%W -0.3%    50%W +0.1%    45%W -0.1%       -2.3% → +2.7%
  SPOT    20    25%W -0.2%    60%W +0.2%    45%W -0.3%    40%W -0.2%    45%W -0.1%    45%W -0.2%       -2.3% → +2.1%
  LLY     20    45%W -0.1%    45%W -0.1%    40%W -0.2%    45%W -0.0%    60%W +0.2%    45%W -0.0%       -3.7% → +3.8%
  SNPS    20    35%W -0.2%    45%W -0.1%    40%W -0.2%    35%W -0.4%    35%W -0.3%    40%W -0.3%       -1.4% → +2.4%

=========================================================================================================================================================================================
Pre-Session Top-2 Performance — 2025-08-01 to 2025-08-29  |  Unconditional OR-close entry  |  OR: 09:30/3b
=========================================================================================================================================================================================
Date         Ticker Rank  At       Entry       +15m       +30m       +45m        +1h     +1h30m        +2h        +3h        +4h        +5h        +6h        +7h        EOD
-----------------------------------------------------------------------------------------------------------------------------------------------------------------------------------------
2025-08-01   DDOG   #1    09:40   135.03    +0.12%W    +0.21%W    +0.70%W    +0.36%W    +0.74%W    +0.74%W    +0.90%W    -0.01%L    +0.27%W    -0.23%L    +0.41%W    +0.41%W
2025-08-01   PLTR   #2    09:40   151.63    +0.63%W    +1.52%W    +2.74%W    +2.24%W    +2.02%W    +2.70%W    +3.74%W    +2.99%W    +3.05%W    +1.92%W    +1.72%W    +1.72%W
2025-08-04   DDOG   #1    09:40   137.24    +0.42%W    +0.31%W    +0.34%W    +0.42%W    +0.09%W    -0.30%L    -0.13%L    +0.34%W    +0.85%W    +1.03%W    +1.38%W    +1.38%W
2025-08-04   TSLA   #2    09:40   307.62    +0.37%W    +1.16%W    +0.46%W    -0.52%L    -0.69%L    -0.17%L    +0.31%W    +0.02%W    +0.58%W    +0.20%W    +0.55%W    +0.55%W
2025-08-05   DDOG   #1    09:40   138.06    -0.41%L    -1.15%L    -1.42%L    -1.83%L    -2.01%L    -2.24%L    -2.45%L    -2.98%L    -3.44%L    -3.70%L    -3.68%L    -3.68%L
2025-08-05   TSLA   #2    09:40   308.81    +0.97%W    -0.11%L    -0.27%L    -0.70%L    -0.33%L    -0.57%L    -0.58%L    +0.20%W    +0.14%W    +0.09%W    -0.04%L    -0.04%L
2025-08-06   DDOG   #1    09:40   134.04    +0.35%W    +0.72%W    +0.10%W    +0.11%W    +0.32%W    +0.37%W    +0.14%W    +1.32%W    +0.85%W    +1.79%W    +2.24%W    +2.24%W
2025-08-06   TSLA   #2    09:40   313.34    +0.05%W    +0.48%W    +0.49%W    +1.31%W    +1.79%W    +1.73%W    +1.19%W    +1.88%W    +1.94%W    +1.80%W    +2.11%W    +2.11%W
2025-08-07   DDOG   #1    09:40   144.90    -0.06%L    -2.32%L    -3.57%L    -5.04%L    -6.49%L    -7.00%L    -8.99%L    -8.94%L    -8.75%L    -7.31%L    -5.90%L    -5.90%L
2025-08-07   TSLA   #2    09:40   320.12    +0.41%W    -0.23%L    -0.26%L    -0.08%L    -0.57%L    -0.46%L    -0.49%L    -0.60%L    -0.99%L    +0.06%W    +0.68%W    +0.68%W
2025-08-08   DDOG   #1    09:40   139.02    -0.88%L    -0.62%L    -0.69%L    -2.02%L    -5.38%L    -6.71%L    -5.52%L    -4.53%L    -6.26%L    -5.84%L    -5.78%L    -5.78%L
2025-08-08   TSLA   #2    09:40   328.10    +1.47%W    +0.57%W    +1.12%W    +1.79%W    +1.44%W    +1.10%W    +1.07%W    +0.61%W    +0.43%W    -0.01%L    +0.48%W    +0.48%W
2025-08-11   DDOG   #1    09:40   130.96    +0.94%W    +0.28%W    -0.17%L    -0.30%L    +0.40%W    -0.42%L    -0.71%L    -0.70%L    -0.99%L    -1.42%L    -1.65%L    -1.65%L
2025-08-11   PLTR   #2    09:40   184.84    +0.20%W    +0.87%W    +0.97%W    +0.59%W    +0.26%W    +0.74%W    -0.08%L    +0.32%W    -0.42%L    -0.97%L    -1.16%L    -1.16%L
2025-08-12   DDOG   #1    09:40   128.15    -1.34%L    -0.09%L    -0.48%L    -0.26%L    +0.08%W    -0.17%L    +0.47%W    +0.25%W    -0.04%L    +0.90%W    +0.61%W    +0.61%W
2025-08-12   RDDT   #2    09:40   225.60    -0.49%L    +0.13%W    +0.23%W    +0.67%W    +1.29%W    +0.74%W    +1.18%W    +1.35%W    -0.32%L    -0.94%L    -0.69%L    -0.69%L
2025-08-13   TSLA   #1    09:40   347.62    -0.52%L    -0.95%L    -0.73%L    -0.67%L    -2.26%L    -1.65%L    -1.94%L    -2.29%L    -2.14%L    -2.09%L    -2.38%L    -2.38%L
2025-08-13   DDOG   #2    09:40   127.89    +0.15%W    +1.01%W    +0.55%W    +1.14%W    +1.40%W    +0.05%W    +0.95%W    +0.04%W    +0.18%W    +0.28%W    +0.65%W    +0.65%W
2025-08-14   DDOG   #1    09:40   125.55    -0.58%L    -0.57%L    -0.47%L    +0.14%W    +0.06%W    -0.42%L    +0.27%W    +0.26%W    -0.00%L    -0.44%L    -0.87%L    -0.87%L
2025-08-14   MU     #2    09:40   123.06    -0.09%L    +0.53%W    +1.23%W    +0.91%W    +0.68%W    +1.08%W    +0.60%W    +1.00%W    +1.31%W    +1.41%W    +1.79%W    +1.79%W
2025-08-15   QCOM   #1    09:40   158.79    -0.39%L    -0.48%L    -0.69%L    -0.58%L    -0.70%L    -0.90%L    -1.10%L    -0.74%L    -0.66%L    -0.42%L    -0.60%L    -0.60%L
2025-08-15   RDDT   #2    09:40   239.23    -0.35%L    +1.22%W    +1.12%W    +2.03%W    +2.90%W    +2.24%W    +2.89%W    +2.79%W    +2.56%W    +2.49%W    +3.04%W    +3.04%W
2025-08-18   RDDT   #1    09:40   249.80    -2.11%L    -2.38%L    -2.31%L    -2.43%L    -2.75%L    -3.94%L    -3.63%L    -4.07%L    -3.39%L    -2.85%L    -3.30%L    -3.30%L
2025-08-18   MU     #2    09:40   122.82    -0.50%L    +0.00%L    -0.53%L    -0.19%L    -0.46%L    -0.30%L    -0.41%L    -0.20%L    +0.07%W    +0.24%W    +0.58%W    +0.58%W
2025-08-19   MU     #1    09:40   122.39    +0.32%W    +1.02%W    +0.71%W    -0.00%L    +0.47%W    +0.80%W    -0.06%L    -0.09%L    -0.20%L    +0.07%W    -0.25%L    -0.25%L
2025-08-19   RDDT   #2    09:40   230.52    -0.95%L    -0.11%L    +0.10%W    -0.66%L    +0.83%W    +1.19%W    -0.13%L    +0.21%W    -0.61%L    -1.27%L    -1.02%L    -1.02%L
2025-08-20   MU     #1    09:40   117.21    -1.83%L    -1.95%L    -2.39%L    -3.05%L    -1.86%L    -1.09%L    -1.37%L    -1.32%L    -1.53%L    -0.83%L    -0.01%L    -0.01%L
2025-08-20   RDDT   #2    09:40   211.61    -1.35%L    -2.06%L    -1.00%L    -1.50%L    +1.45%W    +3.13%W    +2.73%W    +3.22%W    +2.46%W    +3.40%W    +3.19%W    +3.19%W
2025-08-21   RDDT   #1    09:40   218.62    -0.34%L    +0.47%W    +1.11%W    +1.16%W    -0.23%L    +0.71%W    +0.13%W    -0.12%L    -0.12%L    +0.31%W    +0.05%W    +0.05%W
2025-08-21   MU     #2    09:40   117.32    -0.56%L    -0.39%L    +0.25%W    -0.45%L    -1.13%L    -0.53%L    -1.02%L    -0.62%L    -1.07%L    -1.24%L    -1.30%L    -1.30%L
2025-08-22   RDDT   #1    09:40   217.60    -0.00%L    +3.77%W    +4.04%W    +5.45%W    +5.17%W    +4.01%W    +1.04%W    +0.80%W    +0.20%W    -1.16%L    -0.13%L    -0.13%L
2025-08-22   MU     #2    09:40   116.98    -0.18%L    +2.86%W    +2.12%W    +2.81%W    +2.37%W    +1.86%W    +1.05%W    +1.46%W    +1.15%W    +0.71%W    +0.59%W    +0.59%W
2025-08-25   RDDT   #1    09:40   216.64    +1.54%W    +1.48%W    +1.12%W    +0.56%W    +0.56%W    +0.02%W    +0.06%W    +0.26%W    +1.50%W    +1.65%W    +1.40%W    +1.40%W
2025-08-25   MU     #2    09:40   116.89    +0.11%W    +0.77%W    +0.68%W    +0.67%W    +0.66%W    +0.40%W    +0.56%W    +0.19%W    +0.06%W    -0.09%L    -0.44%L    -0.44%L
2025-08-26   RDDT   #1    09:40   218.06    +0.19%W    -0.93%L    +0.05%W    +0.81%W    +0.10%W    -0.07%L    +0.15%W    -0.09%L    +0.17%W    +0.16%W    +0.61%W    +0.61%W
2025-08-26   SNDK   #2    09:40    47.42    -0.49%L    +0.52%W    +0.86%W    +1.42%W    +0.69%W    -0.15%L    +0.81%W    +0.39%W    -0.01%L    -0.21%L    -0.18%L    -0.18%L
2025-08-27   RDDT   #1    09:40   218.96    -1.37%L    -1.22%L    -0.58%L    -1.03%L    -0.99%L    -2.18%L    -4.09%L    -3.91%L    -3.32%L    -3.19%L    -3.66%L    -3.66%L
2025-08-27   PLTR   #2    09:40   159.30    -0.25%L    -0.02%L    +0.58%W    +0.31%W    -0.79%L    -1.14%L    -1.44%L    -0.94%L    -0.63%L    -1.92%L    -1.61%L    -1.61%L
2025-08-28   RDDT   #1    09:40   217.15    -0.12%L    +1.24%W    +0.71%W    +1.74%W    +1.39%W    +2.60%W    +3.78%W    +3.02%W    +3.70%W    +3.48%W    +3.82%W    +3.82%W
2025-08-28   APP    #2    09:40   477.13    -0.76%L    +0.53%W    -0.44%L    +0.26%W    +0.96%W    +1.27%W    +2.25%W    +2.06%W    +1.86%W    +1.24%W    +1.34%W    +1.34%W
2025-08-29   MRVL   #1    09:40    64.56    +0.46%W    -0.17%L    -0.02%L    -0.51%L    -0.34%L    +0.22%W    +0.08%W    -1.76%L    -2.51%L    -2.60%L    -2.62%L    -2.62%L
2025-08-29   PLTR   #2    09:40   157.20    -0.94%L    -1.43%L    -0.38%L    -0.50%L    -0.75%L    -0.62%L    -0.38%L    -0.79%L    -0.27%L    +0.05%W    -0.32%L    -0.32%L

========================================================================================
Pre-session picks summary — 42 pick(s) across 21 trading day(s)

Top-2 picks (all days)  (42 signal(s))
  Hold      Count   Win Rate   Avg Gain    Avg Win   Avg Loss ProfitFactor   Sum Ret%
  -------------------------------------------------------------------------
  +15m         42      40.5%     -0.19%     +0.51%     -0.67%        0.52x     -8.16%
  +30m         42      52.4%     +0.11%     +0.98%     -0.86%        1.26x     +4.45%
  +45m         42      57.1%     +0.14%     +0.93%     -0.91%        1.37x     +5.99%
  +1h          42      52.4%     +0.11%     +1.22%     -1.12%        1.21x     +4.59%
  +1h30m       42      59.5%     +0.01%     +1.13%     -1.63%        1.01x     +0.40%
  +2h          42      50.0%     -0.08%     +1.32%     -1.48%        0.89x     -3.32%
  +3h          42      54.8%     -0.19%     +1.15%     -1.82%        0.76x     -8.14%
  +4h          42      54.8%     -0.23%     +1.09%     -1.83%        0.72x     -9.72%
  +5h          42      47.6%     -0.34%     +1.17%     -1.71%        0.62x    -14.35%
  +6h          42      50.0%     -0.37%     +1.11%     -1.84%        0.60x    -15.46%
  +7h          42      47.6%     -0.25%     +1.36%     -1.71%        0.72x    -10.36%
  EOD          42      47.6%     -0.25%     +1.36%     -1.71%        0.72x    -10.36%

=========================================================================================================================================================================================
Signal Analysis — 2025-08-01 to 2025-08-29  |  BULL only  |  Vol ≥ 1.0x 20dAvg
Windows: 09:30/3b  |  Collection: 3 bars  |  Tickers: 19
=========================================================================================================================================================================================
Date         Ticker Window   At       Entry  Vol/20d       +15m       +30m       +45m        +1h     +1h30m        +2h        +3h        +4h        +5h        +6h        +7h        EOD
-----------------------------------------------------------------------------------------------------------------------------------------------------------------------------------------
2025-08-01   CHTR   09:30/3b 09:40   270.26    2.12x    -0.69%L    -0.72%L    -1.18%L    -1.82%L    -1.81%L    -1.97%L    -1.32%L    -1.52%L    -1.63%L    -2.05%L    -2.08%L    -2.08%L
2025-08-01   LLY    09:30/3b 09:40   759.52    2.39x    +0.72%W    -0.10%L    -0.22%L    -0.56%L    -0.28%L    -0.01%L    -0.19%L    -0.05%L    +0.66%W    +0.66%W    +0.37%W    +0.37%W
2025-08-04   SNDK   09:30/3b 09:45    42.24    1.05x    +0.02%W    -0.44%L    -0.36%L    -0.19%L    -0.24%L    -0.08%L    -0.19%L    -0.21%L    +0.51%W    +0.09%W    +0.64%W    +0.64%W
2025-08-04   APP    09:30/3b 09:40   380.93    1.21x    +2.12%W    +1.46%W    +1.78%W    +1.77%W    +1.25%W    +1.64%W    +2.67%W    +3.34%W    +2.88%W    +3.65%W    +3.63%W    +3.63%W
2025-08-04   AVGO   09:30/3b 09:40   295.35    1.10x    +0.27%W    +0.54%W    +0.32%W    +0.28%W    +0.34%W    +0.33%W    +0.80%W    +0.69%W    +0.38%W    +0.52%W    +0.81%W    +0.81%W
2025-08-04   AMD    09:30/3b 09:40   176.30    1.19x    +0.14%W    +0.21%W    +0.31%W    +0.03%W    -0.18%L    +0.27%W    +0.22%W    +0.38%W    +0.56%W    +0.33%W    +0.27%W    +0.27%W
2025-08-04   RDDT   09:30/3b 09:40   199.53    6.49x    +0.31%W    -0.13%L    +0.31%W    -1.27%L    -2.29%L    -2.35%L    -1.41%L    -0.14%L    +0.98%W    +1.86%W    +1.15%W    +1.15%W
2025-08-05   APP    09:30/3b 09:40   394.87    1.03x    +1.11%W    +0.55%W    -0.29%L    -1.89%L    -1.47%L    -2.53%L    -3.13%L    -3.03%L    -3.75%L    -3.89%L    -4.29%L    -4.29%L
2025-08-05   AVGO   09:30/3b 09:45   300.75    1.01x    -1.00%L    -1.21%L    -1.60%L    -3.07%L    -2.12%L    -2.73%L    -2.41%L    -1.59%L    -1.93%L    -2.27%L    -2.63%L    -2.63%L
2025-08-05   RDDT   09:30/3b 09:45   206.49    1.15x    -0.15%L    +0.78%W    -0.38%L    -1.14%L    -0.85%L    -1.50%L    -0.71%L    -1.54%L    -2.62%L    -3.93%L    -3.59%L    -3.59%L
2025-08-06   APP    09:30/3b 09:40   387.01    1.20x    +0.90%W    +0.10%W    -1.74%L    -1.57%L    -0.75%L    -1.34%L    -0.91%L    -0.46%L    +0.58%W    +0.49%W    +1.06%W    +1.06%W
2025-08-06   PLTR   09:30/3b 09:40   174.40    1.07x    +0.17%W    +0.58%W    +1.67%W    +2.78%W    +2.66%W    +2.16%W    +1.93%W    +1.42%W    +1.59%W    +1.92%W    +2.98%W    +2.98%W
2025-08-06   CHTR   09:30/3b 09:40   266.17    1.30x    -0.10%L    +0.28%W    -0.13%L    -0.87%L    -1.37%L    -1.55%L    -1.27%L    -1.61%L    -1.48%L    -1.63%L    -1.55%L    -1.55%L
2025-08-06   TSLA   09:30/3b 09:40   313.34    1.04x    +0.05%W    +0.48%W    +0.49%W    +1.31%W    +1.79%W    +1.73%W    +1.19%W    +1.88%W    +1.94%W    +1.80%W    +2.11%W    +2.11%W
2025-08-06   RDDT   09:30/3b 09:40   207.22    1.04x    +0.76%W    +0.14%W    -0.58%L    -1.08%L    -0.19%L    +0.88%W    +0.93%W    +1.69%W    +1.27%W    +2.01%W    +2.73%W    +2.73%W
2025-08-07   APP    09:30/3b 09:45   407.69    4.73x    +6.04%W    +9.74%W    +7.33%W    +8.78%W    +8.29%W    +8.46%W    +5.39%W    +6.93%W    +6.39%W    +7.69%W    +7.24%W    +7.24%W
2025-08-08   SNDK   09:30/3b 09:45    42.55    1.03x    +0.80%W    +1.81%W    +2.60%W    +2.84%W    +3.74%W    +3.62%W    +4.24%W    +4.21%W    +4.49%W    +4.02%W    +4.21%W    +4.21%W
2025-08-08   TSLA   09:30/3b 09:50   330.86    1.29x    +0.02%W    +0.06%W    +0.91%W    +0.92%W    +0.80%W    +0.25%W    -0.39%L    -0.56%L    -0.01%L    -0.54%L    -0.36%L    -0.36%L
2025-08-11   SNOW   09:30/3b 09:40   194.51    1.16x    +0.72%W    +0.66%W    +0.53%W    +0.68%W    +0.69%W    +0.21%W    -0.43%L    -0.77%L    -1.16%L    -1.48%L    -1.39%L    -1.39%L
2025-08-11   ARM    09:30/3b 09:45   145.05    2.44x    -0.20%L    -0.53%L    -1.09%L    -1.57%L    -1.32%L    -1.14%L    -1.67%L    -2.60%L    -2.33%L    -2.81%L    -2.81%L    -2.81%L
2025-08-11   AMD    09:30/3b 09:45   173.45    1.00x    +0.17%W    +1.74%W    +2.39%W    +1.83%W    +2.39%W    +2.20%W    +0.96%W    +0.30%W    -0.10%L    -0.46%L    -0.64%L    -0.64%L
2025-08-11   DDOG   09:30/3b 09:40   130.96    1.09x    +0.94%W    +0.28%W    -0.17%L    -0.30%L    +0.40%W    -0.42%L    -0.71%L    -0.70%L    -0.99%L    -1.42%L    -1.65%L    -1.65%L
2025-08-11   LLY    09:30/3b 09:40   635.56    2.32x    +1.00%W    +1.48%W    +2.29%W    +2.13%W    +2.43%W    +1.98%W    +1.34%W    +0.63%W    +0.97%W    +0.25%W    -0.01%L    -0.01%L
2025-08-12   MU     09:30/3b 09:45   125.97    1.47x    -1.43%L    -0.92%L    -0.87%L    -0.54%L    +0.31%W    +1.59%W    +0.52%W    +1.15%W    +1.12%W    +1.16%W    +1.42%W    +1.42%W
2025-08-12   CRWD   09:30/3b 09:40   433.28    1.21x    -1.14%L    -0.07%L    -0.18%L    +0.00%W    -0.13%L    +0.41%W    +0.77%W    +0.87%W    +0.29%W    +0.44%W    +0.57%W    +0.57%W
2025-08-13   SNDK   09:30/3b 09:40    48.26    6.26x    -1.25%L    -0.61%L    -1.19%L    -1.14%L    -2.32%L    -1.79%L    -1.81%L    -2.27%L    -2.79%L    -2.39%L    -2.66%L    -2.66%L
2025-08-13   SNOW   09:30/3b 09:50   194.19    1.21x    +0.56%W    +1.07%W    +0.57%W    +0.75%W    +1.20%W    +1.03%W    +0.76%W    +0.19%W    +0.73%W    +1.51%W    +1.47%W    +1.47%W
2025-08-13   TSLA   09:30/3b 09:40   347.62    1.16x    -0.52%L    -0.95%L    -0.73%L    -0.67%L    -2.26%L    -1.65%L    -1.94%L    -2.29%L    -2.14%L    -2.09%L    -2.38%L    -2.38%L
2025-08-14   SNDK   09:30/3b 09:40    46.95    3.96x    -0.86%L    -0.67%L    -0.67%L    -0.61%L    -1.01%L    -1.01%L    -0.67%L    -0.79%L    -0.95%L    -0.67%L    -0.63%L    -0.63%L
2025-08-14   AVGO   09:30/3b 09:40   311.84    1.34x    +0.05%W    -0.13%L    -0.08%L    +0.03%W    -0.39%L    -0.73%L    -0.77%L    -0.45%L    -0.65%L    -0.03%L    -0.22%L    -0.22%L
2025-08-14   AMD    09:30/3b 09:40   185.20    1.59x    -0.89%L    -1.92%L    -2.22%L    -1.81%L    -2.51%L    -2.60%L    -2.35%L    -2.33%L    -2.56%L    -2.33%L    -2.31%L    -2.31%L
2025-08-14   RDDT   09:30/3b 09:40   238.41    1.32x    +1.57%W    +1.68%W    +2.42%W    +1.62%W    +1.56%W    +0.53%W    +0.44%W    +1.01%W    +1.24%W    +1.77%W    +2.11%W    +2.11%W
2025-08-14   LLY    09:30/3b 09:40   659.61    1.19x    +0.78%W    +0.73%W    +1.26%W    +1.66%W    +2.25%W    +2.03%W    +2.46%W    +2.73%W    +3.46%W    +3.51%W    +3.77%W    +3.77%W
2025-08-15   QCOM   09:30/3b 09:45   158.26    1.03x    -0.02%L    -0.20%L    -0.34%L    -0.33%L    -0.22%L    -0.59%L    -0.68%L    -0.37%L    -0.33%L    -0.03%L    -0.27%L    -0.27%L
2025-08-18   SNDK   09:30/3b 09:50    45.05    1.25x    +0.53%W    +0.67%W    +0.18%W    +0.20%W    +0.40%W    +0.30%W    -0.58%L    -0.46%L    +1.35%W    +0.88%W    +0.96%W    +0.96%W
2025-08-18   SNPS   09:30/3b 09:40   621.57    1.16x    -0.53%L    -0.50%L    -0.31%L    -0.02%L    -0.11%L    +0.01%W    +0.06%W    +0.17%W    +0.45%W    +0.35%W    +0.62%W    +0.62%W
2025-08-20   QCOM   09:30/3b 09:40   155.91    1.05x    -0.88%L    -1.12%L    -0.82%L    -0.97%L    -1.16%L    -0.62%L    -0.76%L    -0.81%L    -0.68%L    -0.37%L    -0.29%L    -0.29%L
2025-08-21   APP    09:30/3b 09:40   421.77    1.10x    -0.46%L    +0.83%W    +2.18%W    +1.86%W    +0.79%W    +0.48%W    -0.84%L    -0.83%L    -0.89%L    -0.82%L    -0.69%L    -0.69%L
2025-08-22   TSLA   09:30/3b 09:40   324.77    1.10x    +0.28%W    +3.22%W    +3.06%W    +3.84%W    +3.61%W    +3.23%W    +3.82%W    +4.21%W    +4.19%W    +4.17%W    +4.69%W    +4.69%W
2025-08-25   CRWD   09:30/3b 09:40   422.40    1.42x    -0.51%L    -0.29%L    -0.43%L    -0.40%L    +0.13%W    -0.09%L    -0.05%L    -0.66%L    -0.57%L    -0.40%L    -0.84%L    -0.84%L
2025-08-26   APP    09:30/3b 09:40   454.16    1.14x    +1.25%W    +1.42%W    +2.52%W    +3.85%W    +3.22%W    +2.76%W    +2.51%W    +2.57%W    +2.73%W    +3.20%W    +3.34%W    +3.34%W
2025-08-26   SNOW   09:30/3b 09:40   196.03    1.13x    -0.11%L    -0.11%L    +0.07%W    -0.04%L    -0.39%L    -0.91%L    -0.74%L    -1.19%L    -0.88%L    -1.22%L    -0.84%L    -0.84%L
2025-08-26   CRWD   09:30/3b 09:40   422.70    1.32x    +0.43%W    +0.22%W    +0.01%W    -0.35%L    -0.97%L    -1.00%L    -0.68%L    -1.37%L    -0.92%L    -1.09%L    -1.27%L    -1.27%L
2025-08-26   TSLA   09:30/3b 09:40   347.41    1.07x    +0.02%W    -0.35%L    -0.39%L    -0.26%L    -0.40%L    -0.60%L    -0.31%L    -0.43%L    +0.13%W    +0.56%W    +1.23%W    +1.23%W
2025-08-26   AVGO   09:30/3b 09:40   297.34    1.18x    +0.17%W    -0.08%L    +0.27%W    +0.33%W    +0.35%W    +0.24%W    +0.18%W    +0.05%W    +0.18%W    +0.01%W    +0.22%W    +0.22%W
2025-08-27   CRWD   09:30/3b 09:40   422.93    2.22x    +0.43%W    +0.73%W    +0.69%W    +0.56%W    +0.80%W    +0.66%W    +0.33%W    +0.90%W    +0.90%W    +0.41%W    -0.08%L    -0.08%L
2025-08-27   CHTR   09:30/3b 09:50   267.63    1.05x    +0.07%W    -0.23%L    -0.12%L    +0.18%W    +0.17%W    +0.14%W    +0.10%W    +0.75%W    +0.44%W    +0.73%W    +0.55%W    +0.55%W
2025-08-27   DDOG   09:30/3b 09:40   129.87    1.53x    -0.02%L    -0.38%L    -0.45%L    -0.84%L    -1.12%L    -0.65%L    -0.33%L    +0.40%W    +0.97%W    +1.02%W    +1.45%W    +1.45%W
2025-08-28   SNDK   09:30/3b 09:45    49.98    2.23x    -0.90%L    -0.75%L    -0.26%L    +0.06%W    -0.26%L    -0.58%L    -0.04%L    +0.82%W    +1.22%W    +1.88%W    +1.76%W    +1.76%W
2025-08-28   APP    09:30/3b 09:40   477.13    1.04x    -0.76%L    +0.53%W    -0.44%L    +0.26%W    +0.96%W    +1.27%W    +2.25%W    +2.06%W    +1.86%W    +1.24%W    +1.34%W    +1.34%W
2025-08-28   CRWD   09:30/3b 09:40   430.28    7.74x    -1.35%L    +0.31%W    +0.17%W    +0.54%W    +1.28%W    +0.91%W    +1.29%W    +2.53%W    +2.13%W    +2.35%W    +2.72%W    +2.72%W
2025-08-29   SNDK   09:30/3b 09:50    52.70    3.83x    -2.27%L    -2.87%L    -1.70%L    -3.15%L    -2.72%L    -3.23%L    -2.67%L    -2.21%L    -2.17%L    -0.33%L    -0.31%L    -0.31%L
2025-08-29   QCOM   09:30/3b 09:45   160.73    1.08x    +0.16%W    -0.45%L    +0.17%W    -0.14%L    -0.24%L    -0.29%L    -0.02%L    +0.11%W    -0.04%L    +0.26%W    +0.06%W    +0.06%W

========================================================================================
Summary — 53 qualifying signal(s) across 21 trading day(s)

Window 09:30/3b  (53 signal(s))
  Hold      Count   Win Rate   Avg Gain    Avg Win   Avg Loss ProfitFactor   Sum Ret%
  -------------------------------------------------------------------------
  +15m         53      58.5%     +0.12%     +0.73%     -0.73%        1.41x     +6.55%
  +30m         53      52.8%     +0.31%     +1.15%     -0.63%        2.05x    +16.57%
  +45m         53      47.2%     +0.29%     +1.38%     -0.68%        1.82x    +15.58%
  +1h          53      49.1%     +0.24%     +1.50%     -0.98%        1.47x    +12.52%
  +1h30m       53      47.2%     +0.24%     +1.67%     -1.04%        1.44x    +12.73%
  +2h          53      50.9%     +0.14%     +1.46%     -1.23%        1.23x     +7.34%
  +3h          53      43.4%     +0.10%     +1.53%     -1.00%        1.17x     +5.21%
  +4h          53      49.1%     +0.20%     +1.61%     -1.16%        1.34x    +10.76%
  +5h          53      56.6%     +0.28%     +1.55%     -1.37%        1.48x    +15.02%
  +6h          53      58.5%     +0.35%     +1.64%     -1.47%        1.57x    +18.49%
  +7h          53      54.7%     +0.41%     +1.91%     -1.41%        1.64x    +21.67%
  EOD          53      54.7%     +0.41%     +1.91%     -1.41%        1.64x    +21.67%
