Fetching 5-min bars (2025-04-18 → 2025-06-30) [alpaca]...
  [cache] loaded 16 tickers from cache
Fetching daily bars (2024-06-02 → 2025-06-30)...

=========================================================================================================================================================================================
Pre-Session Rankings (9:25) — 2025-06-02 to 2025-06-30  |  20d lookback
(Unconditional hold from OR close — no signal or vol filter)
=========================================================================================================================================================================================
Pre-session top-2 (9:25, 20d EOD win rate) — 2025-06-02  OR: 09:30/3b
  #1 SNPS   +15m 60%W +0.0%  +30m 65%W +0.2%  +1h 70%W +0.5%  +2h 80%W +0.4%  +5h 75%W +0.8%  EOD 80%W +0.5%  EOD range -10.1% → +3.6%
  #2 MU     +15m 35%W -0.3%  +30m 45%W -0.1%  +1h 55%W +0.1%  +2h 75%W +0.4%  +5h 75%W +1.3%  EOD 75%W +0.7%  EOD range -2.7% → +2.5%
  Ticker   N          +15m          +30m           +1h           +2h           +5h           EOD           EOD range
  ----------------------------------------------------------------------------------------------------------------------
  SNPS    20    60%W +0.0%    65%W +0.2%    70%W +0.5%    80%W +0.4%    75%W +0.8%    80%W +0.5%      -10.1% → +3.6%
  MU      20    35%W -0.3%    45%W -0.1%    55%W +0.1%    75%W +0.4%    75%W +1.3%    75%W +0.7%       -2.7% → +2.5%
  AVGO    20    50%W -0.0%    55%W +0.2%    65%W +0.2%    80%W +0.6%    80%W +0.9%    75%W +1.0%       -1.2% → +3.0%
  CRWD    20    65%W +0.2%    65%W +0.4%    55%W +0.3%    80%W +0.6%    80%W +0.8%    70%W +0.5%       -1.7% → +2.9%
  QCOM    20    55%W +0.1%    70%W +0.3%    70%W +0.4%    75%W +0.7%    65%W +0.5%    65%W +0.4%       -1.3% → +2.1%
  DDOG    20    60%W +0.1%    75%W +0.4%    65%W +0.2%    70%W +0.4%    65%W +0.6%    60%W +0.5%       -2.4% → +3.7%
  ARM     20    45%W -0.2%    45%W -0.2%    45%W -0.0%    65%W +0.3%    65%W +1.0%    60%W +0.2%       -4.4% → +3.0%
  SNDK    20    50%W -0.0%    65%W +0.4%    60%W +0.3%    50%W -0.2%    70%W +0.6%    55%W +0.4%       -4.1% → +9.3%
  APP     20    30%W -0.4%    55%W +0.1%    60%W +0.5%    60%W +0.2%    60%W +0.3%    55%W +1.1%       -5.7% → +6.3%
  MRVL    20    60%W +0.2%    70%W +0.3%    50%W +0.1%    65%W +0.5%    70%W +0.2%    55%W +0.5%       -1.8% → +2.6%
  TSLA    20    50%W -0.0%    45%W -0.2%    50%W -0.0%    70%W +0.5%    60%W +0.9%    55%W +0.3%       -3.1% → +5.1%
  SNOW    20    70%W +0.1%    65%W +0.1%    60%W +0.2%    55%W +0.2%    65%W +0.3%    55%W +0.2%       -1.6% → +3.8%
  SPOT    20    60%W +0.1%    50%W +0.0%    70%W +0.6%    75%W +0.5%    65%W +1.0%    55%W +0.5%       -2.5% → +3.6%
  META    20    40%W -0.1%    55%W +0.0%    50%W -0.0%    55%W +0.2%    65%W +0.3%    50%W +0.1%       -1.7% → +2.5%
  PLTR    20    50%W +0.1%    65%W +0.5%    60%W +0.2%    55%W +0.3%    50%W +0.1%    50%W +0.0%       -4.4% → +5.9%
  CHTR    20    40%W -0.1%    60%W +0.1%    45%W -0.1%    50%W -0.0%    45%W -0.2%    50%W -0.1%       -2.3% → +2.7%
  AMD     20    40%W -0.1%    50%W -0.0%    45%W -0.1%    50%W +0.1%    40%W -0.3%    45%W -0.4%       -3.2% → +2.7%
  RDDT    20    30%W -0.5%    60%W +0.3%    55%W +0.3%    55%W +0.5%    40%W -0.4%    45%W -0.3%       -6.0% → +8.3%
  LLY     20    50%W +0.0%    45%W -0.2%    35%W -0.2%    25%W -0.2%    45%W -0.1%    40%W -0.1%       -5.1% → +2.9%
Pre-session top-2 (9:25, 20d EOD win rate) — 2025-06-03  OR: 09:30/3b
  #1 SNPS   +15m 60%W +0.0%  +30m 60%W +0.1%  +1h 65%W +0.5%  +2h 75%W +0.4%  +5h 75%W +0.8%  EOD 80%W +0.7%  EOD range -10.1% → +3.6%
  #2 MU     +15m 35%W -0.2%  +30m 50%W +0.0%  +1h 60%W +0.2%  +2h 75%W +0.4%  +5h 75%W +1.3%  EOD 75%W +0.9%  EOD range -2.7% → +3.5%
  Ticker   N          +15m          +30m           +1h           +2h           +5h           EOD           EOD range
  ----------------------------------------------------------------------------------------------------------------------
  SNPS    20    60%W +0.0%    60%W +0.1%    65%W +0.5%    75%W +0.4%    75%W +0.8%    80%W +0.7%      -10.1% → +3.6%
  MU      20    35%W -0.2%    50%W +0.0%    60%W +0.2%    75%W +0.4%    75%W +1.3%    75%W +0.9%       -2.7% → +3.5%
  AVGO    20    50%W -0.0%    55%W +0.2%    65%W +0.2%    80%W +0.6%    80%W +0.9%    75%W +1.0%       -1.2% → +3.0%
  CRWD    20    65%W +0.2%    60%W +0.4%    55%W +0.3%    80%W +0.6%    80%W +0.9%    70%W +0.6%       -1.7% → +2.9%
  QCOM    20    50%W +0.1%    70%W +0.3%    70%W +0.3%    70%W +0.7%    65%W +0.5%    65%W +0.4%       -1.3% → +2.1%
  DDOG    20    60%W +0.1%    70%W +0.4%    65%W +0.2%    70%W +0.4%    70%W +0.6%    65%W +0.5%       -1.9% → +3.7%
  MRVL    20    60%W +0.2%    75%W +0.3%    55%W +0.4%    70%W +0.7%    70%W +0.5%    60%W +0.7%       -1.8% → +2.6%
  SNOW    20    70%W +0.1%    60%W +0.1%    60%W +0.2%    55%W +0.2%    65%W +0.3%    60%W +0.4%       -1.6% → +3.8%
  ARM     20    40%W -0.4%    40%W -0.3%    40%W -0.0%    65%W +0.3%    65%W +1.0%    60%W +0.2%       -4.4% → +2.1%
  SNDK    20    50%W -0.0%    60%W +0.1%    60%W +0.3%    55%W +0.2%    70%W +0.6%    55%W +0.4%       -4.1% → +9.3%
  APP     20    30%W -0.4%    50%W -0.1%    55%W +0.3%    60%W +0.2%    60%W +0.3%    55%W +1.1%       -5.7% → +6.3%
  SPOT    20    60%W +0.1%    50%W +0.0%    65%W +0.6%    70%W +0.4%    60%W +0.6%    55%W +0.3%       -2.5% → +3.6%
  META    20    35%W -0.1%    50%W -0.0%    50%W -0.0%    55%W +0.2%    65%W +0.3%    50%W +0.1%       -1.7% → +2.4%
  CHTR    20    40%W -0.1%    60%W +0.1%    50%W -0.1%    55%W +0.1%    45%W -0.2%    50%W +0.1%       -2.3% → +2.7%
  TSLA    20    50%W -0.0%    45%W -0.2%    50%W -0.0%    65%W +0.4%    55%W +0.5%    50%W -0.1%       -3.1% → +5.1%
  AMD     20    40%W -0.1%    55%W +0.0%    45%W -0.1%    55%W +0.1%    45%W -0.3%    50%W -0.2%       -3.2% → +2.7%
  LLY     20    50%W +0.0%    45%W -0.2%    40%W -0.2%    30%W -0.1%    50%W -0.0%    45%W -0.1%       -5.1% → +2.9%
  PLTR    20    45%W -0.2%    60%W +0.3%    55%W +0.0%    50%W +0.1%    45%W -0.2%    45%W -0.0%       -4.4% → +5.9%
  RDDT    20    25%W -0.5%    55%W +0.3%    50%W -0.0%    55%W +0.2%    40%W -0.4%    45%W -0.3%       -6.0% → +8.3%
Pre-session top-2 (9:25, 20d EOD win rate) — 2025-06-04  OR: 09:30/3b
  #1 AVGO   +15m 55%W +0.1%  +30m 60%W +0.3%  +1h 65%W +0.2%  +2h 85%W +0.7%  +5h 80%W +1.0%  EOD 80%W +1.1%  EOD range -1.2% → +3.0%
  #2 MU     +15m 40%W -0.2%  +30m 55%W +0.1%  +1h 65%W +0.3%  +2h 80%W +0.6%  +5h 75%W +1.4%  EOD 75%W +1.4%  EOD range -2.7% → +4.2%
  Ticker   N          +15m          +30m           +1h           +2h           +5h           EOD           EOD range
  ----------------------------------------------------------------------------------------------------------------------
  AVGO    20    55%W +0.1%    60%W +0.3%    65%W +0.2%    85%W +0.7%    80%W +1.0%    80%W +1.1%       -1.2% → +3.0%
  MU      20    40%W -0.2%    55%W +0.1%    65%W +0.3%    80%W +0.6%    75%W +1.4%    75%W +1.4%       -2.7% → +4.2%
  SNPS    20    55%W +0.0%    55%W +0.1%    60%W +0.3%    75%W +0.3%    70%W +0.8%    75%W +0.5%      -10.1% → +3.6%
  CRWD    20    60%W +0.1%    55%W +0.3%    50%W -0.0%    75%W +0.5%    80%W +0.8%    70%W +0.7%       -1.7% → +2.9%
  QCOM    20    50%W +0.1%    70%W +0.3%    70%W +0.3%    70%W +0.7%    65%W +0.5%    65%W +0.5%       -1.3% → +2.1%
  DDOG    20    60%W +0.1%    70%W +0.4%    65%W +0.2%    70%W +0.3%    70%W +0.6%    65%W +0.5%       -1.9% → +3.7%
  SNOW    20    65%W +0.1%    55%W +0.1%    55%W +0.1%    55%W +0.2%    65%W +0.2%    65%W +0.4%       -1.6% → +3.8%
  MRVL    20    60%W +0.2%    70%W +0.3%    55%W +0.4%    70%W +0.9%    70%W +0.5%    60%W +0.6%       -1.8% → +2.6%
  ARM     20    40%W -0.3%    45%W -0.2%    45%W -0.0%    70%W +0.4%    65%W +0.8%    60%W +0.2%       -4.4% → +2.1%
  SNDK    20    55%W +0.1%    60%W +0.1%    60%W +0.3%    55%W +0.2%    70%W +0.6%    55%W +0.4%       -4.1% → +9.3%
  SPOT    20    60%W +0.1%    50%W +0.0%    65%W +0.5%    70%W +0.4%    60%W +0.6%    55%W +0.3%       -2.5% → +3.6%
  APP     20    25%W -0.6%    45%W -0.1%    50%W +0.1%    55%W +0.1%    55%W +0.1%    50%W +0.3%       -5.7% → +6.3%
  CHTR    20    40%W -0.1%    60%W +0.1%    50%W -0.1%    55%W +0.1%    45%W -0.2%    50%W +0.1%       -2.3% → +2.7%
  TSLA    20    55%W +0.1%    50%W +0.1%    55%W +0.2%    70%W +0.5%    55%W +0.5%    50%W -0.1%       -3.1% → +5.1%
  AMD     20    40%W -0.1%    55%W +0.0%    45%W -0.1%    60%W +0.3%    45%W -0.3%    50%W -0.0%       -3.2% → +2.7%
  META    20    30%W -0.2%    50%W -0.0%    45%W -0.1%    50%W +0.1%    60%W +0.2%    45%W -0.1%       -1.7% → +2.4%
  LLY     20    50%W +0.0%    40%W -0.2%    40%W -0.2%    35%W -0.1%    50%W -0.0%    45%W -0.0%       -5.1% → +2.9%
  PLTR    20    40%W -0.2%    55%W +0.1%    50%W -0.1%    45%W -0.1%    45%W -0.2%    45%W -0.0%       -4.4% → +5.9%
  RDDT    20    30%W -0.5%    60%W +0.3%    50%W -0.0%    55%W +0.2%    35%W -0.5%    40%W -0.6%       -6.0% → +8.3%
Pre-session top-2 (9:25, 20d EOD win rate) — 2025-06-05  OR: 09:30/3b
  #1 MU     +15m 40%W -0.2%  +30m 55%W +0.1%  +1h 65%W +0.3%  +2h 80%W +0.6%  +5h 70%W +0.9%  EOD 75%W +1.0%  EOD range -2.7% → +4.2%
  #2 AVGO   +15m 55%W +0.1%  +30m 55%W +0.3%  +1h 60%W +0.2%  +2h 80%W +0.6%  +5h 75%W +0.9%  EOD 75%W +1.0%  EOD range -1.3% → +3.0%
  Ticker   N          +15m          +30m           +1h           +2h           +5h           EOD           EOD range
  ----------------------------------------------------------------------------------------------------------------------
  MU      20    40%W -0.2%    55%W +0.1%    65%W +0.3%    80%W +0.6%    70%W +0.9%    75%W +1.0%       -2.7% → +4.2%
  AVGO    20    55%W +0.1%    55%W +0.3%    60%W +0.2%    80%W +0.6%    75%W +0.9%    75%W +1.0%       -1.3% → +3.0%
  SNPS    20    55%W +0.0%    50%W -0.0%    60%W +0.2%    75%W +0.3%    70%W +0.8%    75%W +0.7%      -10.1% → +3.6%
  CRWD    20    65%W +0.2%    60%W +0.4%    50%W -0.0%    75%W +0.5%    80%W +0.8%    70%W +0.7%       -1.7% → +2.9%
  QCOM    20    50%W +0.1%    65%W +0.3%    70%W +0.3%    70%W +0.5%    65%W +0.5%    65%W +0.4%       -1.3% → +2.1%
  SNDK    20    55%W +0.1%    55%W +0.1%    55%W +0.1%    55%W +0.1%    70%W +0.8%    60%W +0.6%       -4.1% → +9.3%
  MRVL    20    60%W +0.2%    65%W +0.2%    55%W +0.3%    70%W +1.1%    70%W +0.5%    60%W +0.7%       -1.8% → +4.9%
  DDOG    20    60%W +0.1%    65%W +0.3%    60%W +0.1%    70%W +0.3%    65%W +0.4%    60%W +0.4%       -1.9% → +2.9%
  SNOW    20    65%W +0.1%    50%W +0.0%    50%W +0.0%    50%W -0.0%    60%W +0.2%    60%W +0.4%       -1.6% → +3.8%
  SPOT    20    65%W +0.2%    55%W +0.0%    70%W +0.6%    75%W +0.5%    65%W +1.0%    60%W +0.5%       -2.5% → +3.6%
  ARM     20    40%W -0.3%    45%W -0.2%    40%W -0.1%    65%W +0.3%    65%W +0.6%    60%W +0.2%       -4.4% → +2.1%
  APP     20    30%W -0.4%    50%W +0.1%    50%W +0.1%    55%W +0.1%    55%W +0.1%    50%W +0.3%       -5.7% → +6.3%
  META    20    35%W -0.1%    55%W +0.0%    50%W -0.0%    55%W +0.2%    65%W +0.3%    50%W +0.1%       -1.7% → +2.4%
  LLY     20    55%W +0.1%    45%W -0.2%    45%W -0.1%    40%W -0.1%    55%W +0.1%    50%W -0.0%       -5.1% → +2.9%
  TSLA    20    55%W +0.1%    50%W +0.1%    55%W +0.2%    70%W +0.5%    55%W +0.5%    50%W -0.1%       -3.1% → +5.1%
  AMD     20    40%W -0.1%    50%W -0.0%    40%W -0.1%    60%W +0.3%    45%W -0.3%    50%W -0.0%       -3.2% → +2.7%
  PLTR    20    40%W -0.2%    55%W +0.1%    50%W -0.1%    45%W -0.1%    50%W -0.1%    45%W -0.0%       -4.4% → +5.9%
  CHTR    20    35%W -0.2%    55%W +0.1%    45%W -0.3%    50%W +0.0%    40%W -0.3%    45%W -0.4%       -2.3% → +2.7%
  RDDT    20    35%W -0.4%    65%W +0.5%    55%W +0.3%    60%W +0.5%    40%W -0.4%    45%W -0.3%       -6.0% → +8.3%
Pre-session top-2 (9:25, 20d EOD win rate) — 2025-06-06  OR: 09:30/3b
  #1 CRWD   +15m 60%W +0.1%  +30m 55%W +0.4%  +1h 50%W -0.0%  +2h 70%W +0.5%  +5h 80%W +0.8%  EOD 75%W +0.7%  EOD range -1.7% → +2.9%
  #2 SNPS   +15m 55%W +0.0%  +30m 55%W +0.1%  +1h 60%W +0.3%  +2h 75%W +0.4%  +5h 70%W +0.8%  EOD 75%W +0.7%  EOD range -10.1% → +3.6%
  Ticker   N          +15m          +30m           +1h           +2h           +5h           EOD           EOD range
  ----------------------------------------------------------------------------------------------------------------------
  CRWD    20    60%W +0.1%    55%W +0.4%    50%W -0.0%    70%W +0.5%    80%W +0.8%    75%W +0.7%       -1.7% → +2.9%
  SNPS    20    55%W +0.0%    55%W +0.1%    60%W +0.3%    75%W +0.4%    70%W +0.8%    75%W +0.7%      -10.1% → +3.6%
  MU      20    40%W -0.2%    50%W +0.1%    60%W +0.3%    80%W +0.8%    65%W +0.9%    70%W +0.4%       -2.7% → +4.2%
  AVGO    20    55%W +0.1%    55%W +0.2%    60%W +0.2%    80%W +0.6%    75%W +0.7%    70%W +0.9%       -1.3% → +3.0%
  DDOG    20    60%W +0.1%    65%W +0.3%    65%W +0.2%    75%W +0.3%    70%W +0.6%    65%W +0.4%       -1.9% → +2.9%
  SNDK    20    55%W +0.1%    55%W +0.1%    60%W +0.3%    60%W +0.3%    70%W +0.8%    60%W +0.6%       -4.1% → +9.3%
  QCOM    20    45%W -0.0%    60%W +0.2%    70%W +0.2%    70%W +0.5%    60%W +0.4%    60%W +0.3%       -1.3% → +2.1%
  SPOT    20    60%W +0.1%    50%W +0.0%    70%W +0.6%    75%W +0.5%    65%W +1.0%    60%W +0.5%       -2.5% → +3.5%
  MRVL    20    55%W +0.2%    60%W +0.1%    60%W +0.3%    75%W +1.2%    65%W +0.5%    55%W +0.5%       -2.0% → +4.9%
  SNOW    20    60%W +0.1%    50%W +0.1%    55%W +0.1%    55%W +0.2%    55%W +0.1%    55%W +0.2%       -1.6% → +3.8%
  ARM     20    40%W -0.1%    45%W -0.4%    40%W -0.1%    70%W +0.4%    65%W +0.6%    55%W +0.2%       -4.4% → +2.1%
  LLY     20    50%W +0.0%    40%W -0.2%    45%W -0.1%    45%W -0.1%    60%W +0.3%    50%W +0.1%       -5.1% → +2.9%
  CHTR    20    30%W -0.2%    55%W +0.1%    45%W -0.3%    55%W +0.1%    45%W -0.3%    50%W -0.1%       -2.3% → +2.7%
  TSLA    20    55%W +0.1%    55%W +0.2%    60%W +0.3%    75%W +0.5%    55%W +0.5%    50%W -0.1%       -9.8% → +5.1%
  AMD     20    40%W -0.1%    50%W -0.0%    40%W -0.1%    65%W +0.3%    45%W -0.3%    50%W -0.0%       -3.2% → +2.7%
  APP     20    30%W -0.4%    50%W +0.1%    50%W +0.2%    55%W +0.1%    55%W +0.1%    45%W -0.5%       -5.7% → +6.3%
  META    20    35%W -0.2%    50%W -0.0%    50%W -0.0%    50%W +0.1%    60%W +0.2%    45%W -0.1%       -1.7% → +2.4%
  PLTR    20    35%W -0.3%    50%W -0.2%    50%W -0.0%    45%W -0.1%    50%W -0.1%    45%W -0.0%       -9.3% → +5.9%
  RDDT    20    35%W -0.4%    65%W +0.5%    55%W +0.3%    65%W +0.8%    40%W -0.4%    45%W -0.3%       -6.0% → +8.3%
Pre-session top-2 (9:25, 20d EOD win rate) — 2025-06-09  OR: 09:30/3b
  #1 SNPS   +15m 55%W +0.0%  +30m 60%W +0.1%  +1h 60%W +0.3%  +2h 75%W +0.4%  +5h 70%W +0.7%  EOD 75%W +0.7%  EOD range -10.1% → +3.6%
  #2 CRWD   +15m 60%W +0.2%  +30m 55%W +0.2%  +1h 50%W -0.0%  +2h 70%W +0.5%  +5h 75%W +0.7%  EOD 70%W +0.7%  EOD range -1.7% → +2.9%
  Ticker   N          +15m          +30m           +1h           +2h           +5h           EOD           EOD range
  ----------------------------------------------------------------------------------------------------------------------
  SNPS    20    55%W +0.0%    60%W +0.1%    60%W +0.3%    75%W +0.4%    70%W +0.7%    75%W +0.7%      -10.1% → +3.6%
  CRWD    20    60%W +0.2%    55%W +0.2%    50%W -0.0%    70%W +0.5%    75%W +0.7%    70%W +0.7%       -1.7% → +2.9%
  MU      20    40%W -0.2%    55%W +0.3%    60%W +0.3%    80%W +0.8%    60%W +0.4%    65%W +0.3%       -2.7% → +4.2%
  AVGO    20    55%W +0.1%    55%W +0.2%    60%W +0.2%    75%W +0.6%    70%W +0.7%    65%W +0.9%       -2.5% → +3.0%
  DDOG    20    60%W +0.1%    65%W +0.3%    65%W +0.3%    75%W +0.3%    70%W +0.4%    60%W +0.4%       -1.9% → +2.9%
  SPOT    20    60%W +0.1%    50%W +0.0%    70%W +0.6%    75%W +0.5%    60%W +0.6%    60%W +0.5%       -2.5% → +3.5%
  ARM     20    40%W -0.1%    50%W -0.2%    40%W -0.1%    70%W +0.4%    65%W +0.6%    60%W +0.2%       -4.4% → +2.1%
  SNDK    20    50%W -0.0%    50%W -0.1%    55%W +0.1%    55%W +0.1%    65%W +0.5%    55%W +0.4%       -4.1% → +3.4%
  MRVL    20    55%W +0.2%    60%W +0.1%    60%W +0.3%    75%W +1.2%    65%W +0.5%    55%W +0.7%       -2.0% → +4.9%
  QCOM    20    40%W -0.1%    60%W +0.2%    65%W +0.2%    70%W +0.2%    55%W +0.4%    55%W +0.3%       -1.3% → +2.1%
  CHTR    20    30%W -0.2%    60%W +0.1%    50%W -0.0%    50%W +0.0%    40%W -0.3%    55%W +0.2%       -2.3% → +2.7%
  SNOW    20    60%W +0.1%    50%W +0.1%    55%W +0.1%    55%W +0.2%    55%W +0.1%    55%W +0.1%       -1.6% → +3.8%
  TSLA    20    55%W +0.1%    55%W +0.2%    60%W +0.3%    75%W +0.5%    55%W +0.4%    50%W -0.2%       -9.8% → +5.1%
  AMD     20    40%W -0.1%    55%W +0.0%    40%W -0.1%    65%W +0.3%    45%W -0.3%    50%W -0.0%       -2.3% → +2.7%
  APP     20    35%W -0.4%    45%W -0.3%    55%W +0.2%    55%W +0.1%    55%W +0.1%    45%W -0.5%       -5.7% → +6.3%
  META    20    35%W -0.2%    50%W -0.0%    50%W -0.0%    45%W -0.1%    55%W +0.1%    45%W -0.1%       -1.7% → +2.4%
  LLY     20    50%W +0.0%    40%W -0.1%    45%W -0.1%    45%W -0.1%    55%W +0.1%    45%W -0.0%       -5.1% → +2.9%
  PLTR    20    35%W -0.3%    50%W -0.2%    50%W -0.0%    45%W -0.1%    50%W -0.1%    45%W -0.0%       -9.3% → +5.9%
  RDDT    20    35%W -0.5%    65%W +0.5%    60%W +0.5%    65%W +0.8%    40%W -0.4%    45%W -0.3%       -6.0% → +8.3%
Pre-session top-2 (9:25, 20d EOD win rate) — 2025-06-10  OR: 09:30/3b
  #1 CRWD   +15m 60%W +0.2%  +30m 60%W +0.5%  +1h 55%W +0.2%  +2h 75%W +0.6%  +5h 80%W +0.7%  EOD 75%W +0.7%  EOD range -1.3% → +2.9%
  #2 SNPS   +15m 55%W +0.0%  +30m 60%W +0.1%  +1h 65%W +0.3%  +2h 75%W +0.4%  +5h 70%W +0.7%  EOD 75%W +0.7%  EOD range -10.1% → +3.6%
  Ticker   N          +15m          +30m           +1h           +2h           +5h           EOD           EOD range
  ----------------------------------------------------------------------------------------------------------------------
  CRWD    20    60%W +0.2%    60%W +0.5%    55%W +0.2%    75%W +0.6%    80%W +0.7%    75%W +0.7%       -1.3% → +2.9%
  SNPS    20    55%W +0.0%    60%W +0.1%    65%W +0.3%    75%W +0.4%    70%W +0.7%    75%W +0.7%      -10.1% → +3.6%
  AVGO    20    60%W +0.2%    60%W +0.3%    65%W +0.2%    75%W +0.6%    75%W +0.7%    70%W +0.9%       -2.5% → +3.0%
  MU      20    45%W -0.1%    60%W +0.4%    65%W +0.4%    85%W +0.9%    65%W +0.9%    65%W +0.4%       -2.7% → +4.2%
  DDOG    20    55%W +0.1%    65%W +0.3%    70%W +0.5%    80%W +0.4%    75%W +0.6%    65%W +0.4%       -1.9% → +2.9%
  SPOT    20    60%W +0.1%    55%W +0.0%    75%W +0.6%    80%W +0.6%    65%W +0.6%    65%W +0.5%       -2.5% → +3.5%
  ARM     20    45%W -0.0%    55%W +0.1%    45%W -0.0%    75%W +0.4%    70%W +0.8%    65%W +0.2%       -4.4% → +2.1%
  QCOM    20    40%W -0.1%    65%W +0.3%    70%W +0.3%    70%W +0.2%    60%W +0.4%    60%W +0.4%       -1.3% → +2.1%
  SNOW    20    60%W +0.1%    50%W +0.1%    60%W +0.2%    60%W +0.4%    60%W +0.1%    60%W +0.2%       -1.6% → +3.8%
  SNDK    20    50%W -0.0%    50%W -0.1%    55%W +0.1%    60%W +0.3%    65%W +0.5%    55%W +0.6%       -4.1% → +4.5%
  MRVL    20    55%W +0.2%    60%W +0.1%    65%W +0.4%    75%W +1.2%    65%W +0.5%    55%W +0.7%       -2.0% → +4.9%
  CHTR    20    30%W -0.2%    55%W +0.1%    50%W -0.0%    50%W +0.0%    40%W -0.3%    55%W +0.2%       -2.3% → +2.7%
  PLTR    20    35%W -0.3%    50%W -0.2%    55%W +0.0%    50%W +0.1%    55%W +0.3%    50%W +0.1%       -9.3% → +5.9%
  TSLA    20    55%W +0.1%    55%W +0.2%    60%W +0.3%    75%W +0.6%    60%W +0.8%    50%W +0.0%       -9.8% → +6.4%
  AMD     20    40%W -0.1%    55%W +0.0%    40%W -0.1%    65%W +0.3%    45%W -0.3%    50%W -0.0%       -2.3% → +2.7%
  APP     20    35%W -0.4%    45%W -0.3%    55%W +0.2%    60%W +0.2%    55%W +0.1%    45%W -0.5%       -4.1% → +6.3%
  META    20    35%W -0.2%    55%W +0.0%    50%W -0.0%    45%W -0.1%    55%W +0.1%    45%W -0.1%       -1.6% → +2.4%
  LLY     20    50%W +0.0%    40%W -0.1%    45%W -0.1%    45%W -0.1%    55%W +0.1%    45%W -0.0%       -5.1% → +2.9%
  RDDT    20    40%W -0.4%    70%W +0.5%    60%W +0.5%    65%W +0.8%    40%W -0.4%    45%W -0.3%       -6.0% → +8.3%
Pre-session top-2 (9:25, 20d EOD win rate) — 2025-06-11  OR: 09:30/3b
  #1 CRWD   +15m 55%W +0.1%  +30m 55%W +0.2%  +1h 50%W -0.0%  +2h 70%W +0.6%  +5h 80%W +0.6%  EOD 75%W +0.6%  EOD range -1.3% → +2.9%
  #2 SNPS   +15m 60%W +0.0%  +30m 60%W +0.2%  +1h 70%W +0.5%  +2h 75%W +0.5%  +5h 70%W +0.8%  EOD 75%W +0.7%  EOD range -10.1% → +3.6%
  Ticker   N          +15m          +30m           +1h           +2h           +5h           EOD           EOD range
  ----------------------------------------------------------------------------------------------------------------------
  CRWD    20    55%W +0.1%    55%W +0.2%    50%W -0.0%    70%W +0.6%    80%W +0.6%    75%W +0.6%       -1.3% → +2.9%
  SNPS    20    60%W +0.0%    60%W +0.2%    70%W +0.5%    75%W +0.5%    70%W +0.8%    75%W +0.7%      -10.1% → +3.6%
  MU      20    45%W -0.1%    60%W +0.4%    65%W +0.5%    85%W +0.9%    65%W +1.2%    70%W +1.0%       -2.7% → +4.2%
  AVGO    20    55%W +0.1%    55%W +0.2%    65%W +0.2%    75%W +0.6%    70%W +0.6%    70%W +0.9%       -2.5% → +3.0%
  ARM     20    45%W -0.0%    55%W +0.1%    50%W -0.0%    75%W +0.4%    70%W +0.8%    65%W +0.2%       -4.4% → +2.1%
  QCOM    20    40%W -0.1%    65%W +0.3%    70%W +0.3%    70%W +0.2%    60%W +0.4%    60%W +0.4%       -1.3% → +2.1%
  CHTR    20    35%W -0.1%    60%W +0.1%    55%W +0.2%    55%W +0.1%    45%W -0.1%    60%W +0.3%       -2.3% → +2.7%
  DDOG    20    50%W +0.0%    60%W +0.2%    65%W +0.3%    75%W +0.4%    70%W +0.4%    60%W +0.4%       -2.8% → +2.9%
  SPOT    20    55%W +0.1%    55%W +0.0%    70%W +0.5%    75%W +0.5%    60%W +0.2%    60%W +0.3%       -2.5% → +3.5%
  AMD     20    40%W -0.0%    60%W +0.1%    45%W -0.0%    65%W +0.3%    50%W -0.1%    55%W +0.3%       -2.3% → +2.7%
  SNOW    20    55%W +0.1%    45%W -0.0%    55%W +0.1%    60%W +0.4%    55%W +0.1%    55%W +0.1%       -1.6% → +3.8%
  SNDK    20    45%W -0.1%    50%W -0.1%    50%W -0.1%    55%W +0.1%    60%W +0.2%    50%W +0.2%       -4.1% → +4.5%
  MRVL    20    55%W +0.2%    55%W +0.0%    60%W +0.3%    70%W +1.1%    60%W +0.2%    50%W +0.2%       -2.0% → +4.9%
  PLTR    20    40%W -0.2%    50%W -0.2%    55%W +0.0%    50%W -0.0%    55%W +0.3%    50%W +0.1%       -9.3% → +5.9%
  TSLA    20    55%W +0.1%    55%W +0.2%    60%W +0.3%    75%W +0.6%    60%W +0.8%    50%W +0.0%       -9.8% → +6.4%
  APP     20    35%W -0.4%    45%W -0.3%    50%W +0.0%    55%W +0.1%    50%W -0.1%    45%W -0.6%       -4.1% → +6.3%
  META    20    35%W -0.2%    50%W -0.0%    45%W -0.1%    40%W -0.2%    50%W +0.0%    45%W -0.1%       -1.6% → +2.4%
  LLY     20    55%W +0.1%    45%W -0.1%    45%W -0.1%    45%W -0.1%    55%W +0.1%    45%W -0.0%       -5.1% → +2.8%
  RDDT    20    40%W -0.3%    65%W +0.3%    55%W +0.3%    60%W +0.8%    40%W -0.5%    45%W -0.2%       -6.0% → +8.3%
Pre-session top-2 (9:25, 20d EOD win rate) — 2025-06-12  OR: 09:30/3b
  #1 CRWD   +15m 50%W -0.1%  +30m 50%W -0.0%  +1h 50%W -0.0%  +2h 70%W +0.6%  +5h 80%W +0.5%  EOD 75%W +0.6%  EOD range -1.3% → +2.9%
  #2 AVGO   +15m 55%W +0.1%  +30m 55%W +0.2%  +1h 65%W +0.2%  +2h 75%W +0.6%  +5h 70%W +0.6%  EOD 70%W +0.9%  EOD range -2.5% → +2.3%
  Ticker   N          +15m          +30m           +1h           +2h           +5h           EOD           EOD range
  ----------------------------------------------------------------------------------------------------------------------
  CRWD    20    50%W -0.1%    50%W -0.0%    50%W -0.0%    70%W +0.6%    80%W +0.5%    75%W +0.6%       -1.3% → +2.9%
  AVGO    20    55%W +0.1%    55%W +0.2%    65%W +0.2%    75%W +0.6%    70%W +0.6%    70%W +0.9%       -2.5% → +2.3%
  SNPS    20    60%W +0.0%    60%W +0.2%    70%W +0.4%    75%W +0.5%    65%W +0.7%    70%W +0.5%      -10.1% → +3.6%
  MU      20    50%W +0.0%    60%W +0.4%    65%W +0.7%    85%W +0.9%    60%W +0.8%    65%W +0.4%       -2.7% → +4.2%
  SPOT    20    50%W +0.0%    55%W +0.0%    70%W +0.5%    75%W +0.6%    65%W +0.5%    65%W +0.5%       -2.5% → +3.5%
  QCOM    20    45%W -0.0%    70%W +0.3%    75%W +0.4%    70%W +0.2%    60%W +0.4%    60%W +0.4%       -1.3% → +2.1%
  SNOW    20    55%W +0.1%    45%W -0.0%    55%W +0.1%    60%W +0.4%    60%W +0.1%    60%W +0.2%       -1.6% → +3.8%
  ARM     20    40%W -0.1%    50%W -0.1%    50%W -0.0%    70%W +0.4%    65%W +0.6%    60%W +0.2%       -4.4% → +2.1%
  CHTR    20    35%W -0.1%    60%W +0.1%    55%W +0.2%    55%W +0.1%    40%W -0.3%    55%W +0.2%       -2.3% → +1.6%
  DDOG    20    50%W +0.0%    60%W +0.2%    65%W +0.3%    75%W +0.4%    65%W +0.3%    55%W +0.2%       -2.8% → +2.1%
  MRVL    20    55%W +0.2%    55%W +0.0%    60%W +0.3%    70%W +0.7%    55%W +0.2%    50%W +0.2%       -2.0% → +4.9%
  PLTR    20    40%W -0.2%    55%W +0.2%    55%W +0.2%    50%W -0.0%    55%W +0.3%    50%W +0.1%       -9.3% → +5.9%
  AMD     20    35%W -0.1%    55%W +0.0%    40%W -0.1%    60%W +0.3%    45%W -0.3%    50%W -0.0%       -2.3% → +1.9%
  SNDK    20    40%W -0.1%    50%W -0.1%    50%W -0.1%    50%W -0.3%    55%W +0.1%    45%W -0.1%       -5.1% → +4.5%
  LLY     20    55%W +0.1%    45%W -0.1%    50%W -0.0%    50%W +0.0%    55%W +0.1%    45%W -0.0%       -5.1% → +2.8%
  TSLA    20    50%W -0.0%    55%W +0.1%    60%W +0.2%    70%W +0.5%    55%W +0.4%    45%W -0.7%       -9.8% → +6.4%
  APP     20    30%W -0.6%    40%W -0.6%    45%W -0.1%    50%W +0.0%    45%W -0.4%    40%W -0.8%       -4.1% → +6.3%
  META    20    30%W -0.2%    45%W -0.1%    45%W -0.1%    35%W -0.2%    45%W -0.1%    40%W -0.2%       -1.6% → +2.4%
  RDDT    20    40%W -0.2%    65%W +0.2%    60%W +0.3%    55%W +0.5%    45%W -0.5%    40%W -0.5%       -6.0% → +8.3%
Pre-session top-2 (9:25, 20d EOD win rate) — 2025-06-13  OR: 09:30/3b
  #1 CRWD   +15m 50%W -0.1%  +30m 50%W -0.0%  +1h 50%W -0.0%  +2h 70%W +0.6%  +5h 80%W +0.5%  EOD 75%W +0.6%  EOD range -1.0% → +2.9%
  #2 MU     +15m 55%W +0.1%  +30m 65%W +0.4%  +1h 70%W +0.8%  +2h 90%W +0.9%  +5h 65%W +1.0%  EOD 70%W +0.9%  EOD range -2.7% → +4.2%
  Ticker   N          +15m          +30m           +1h           +2h           +5h           EOD           EOD range
  ----------------------------------------------------------------------------------------------------------------------
  CRWD    20    50%W -0.1%    50%W -0.0%    50%W -0.0%    70%W +0.6%    80%W +0.5%    75%W +0.6%       -1.0% → +2.9%
  MU      20    55%W +0.1%    65%W +0.4%    70%W +0.8%    90%W +0.9%    65%W +1.0%    70%W +0.9%       -2.7% → +4.2%
  AVGO    20    60%W +0.1%    60%W +0.4%    65%W +0.3%    75%W +0.6%    70%W +0.6%    70%W +0.9%       -2.5% → +2.3%
  SNOW    20    55%W +0.1%    45%W -0.1%    50%W +0.0%    60%W +0.4%    65%W +0.1%    65%W +0.3%       -1.6% → +3.8%
  SNPS    20    60%W +0.0%    55%W +0.1%    65%W +0.4%    75%W +0.5%    65%W +0.7%    65%W +0.5%      -10.1% → +3.6%
  SPOT    20    45%W -0.1%    50%W +0.0%    65%W +0.5%    70%W +0.5%    60%W +0.2%    60%W +0.3%       -2.5% → +3.5%
  ARM     20    45%W -0.0%    50%W +0.0%    55%W +0.1%    70%W +0.4%    65%W +0.6%    60%W +0.2%       -4.4% → +2.1%
  MRVL    20    55%W +0.2%    60%W +0.1%    65%W +0.5%    75%W +1.1%    60%W +0.5%    55%W +0.7%       -2.0% → +4.9%
  QCOM    20    40%W -0.1%    65%W +0.3%    70%W +0.3%    65%W +0.2%    55%W +0.4%    55%W +0.3%       -1.3% → +2.1%
  SNDK    20    45%W -0.1%    55%W +0.1%    55%W +0.1%    55%W +0.1%    60%W +0.2%    50%W +0.2%       -5.1% → +4.5%
  LLY     20    50%W +0.0%    45%W -0.1%    55%W +0.0%    55%W +0.2%    55%W +0.1%    50%W +0.0%       -2.2% → +2.8%
  PLTR    20    40%W -0.2%    55%W +0.2%    55%W +0.2%    50%W +0.1%    55%W +0.3%    50%W +0.1%       -9.3% → +5.9%
  CHTR    20    30%W -0.1%    55%W +0.1%    55%W +0.1%    50%W +0.0%    35%W -0.3%    50%W -0.3%       -2.3% → +1.6%
  AMD     20    35%W -0.1%    60%W +0.1%    45%W -0.0%    65%W +0.3%    45%W -0.3%    50%W -0.0%       -2.3% → +1.9%
  DDOG    20    50%W +0.0%    55%W +0.1%    60%W +0.1%    70%W +0.3%    60%W +0.2%    50%W +0.0%       -2.8% → +2.1%
  META    20    30%W -0.2%    50%W -0.0%    50%W -0.0%    40%W -0.2%    45%W -0.1%    45%W -0.2%       -1.6% → +2.4%
  APP     20    30%W -0.6%    35%W -0.8%    40%W -0.2%    45%W -0.1%    45%W -0.4%    40%W -0.8%       -4.1% → +6.3%
  TSLA    20    45%W -0.2%    50%W -0.1%    55%W +0.1%    65%W +0.4%    50%W +0.0%    40%W -1.0%       -9.8% → +6.4%
  RDDT    20    35%W -0.4%    60%W +0.2%    60%W +0.2%    55%W +0.5%    45%W -0.5%    40%W -0.5%       -6.0% → +5.2%
Pre-session top-2 (9:25, 20d EOD win rate) — 2025-06-16  OR: 09:30/3b
  #1 CRWD   +15m 50%W -0.1%  +30m 50%W -0.0%  +1h 50%W -0.0%  +2h 65%W +0.6%  +5h 75%W +0.5%  EOD 70%W +0.5%  EOD range -1.0% → +2.9%
  #2 MU     +15m 55%W +0.1%  +30m 65%W +0.4%  +1h 70%W +0.8%  +2h 90%W +0.9%  +5h 60%W +0.7%  EOD 65%W +0.4%  EOD range -2.7% → +4.2%
  Ticker   N          +15m          +30m           +1h           +2h           +5h           EOD           EOD range
  ----------------------------------------------------------------------------------------------------------------------
  CRWD    20    50%W -0.1%    50%W -0.0%    50%W -0.0%    65%W +0.6%    75%W +0.5%    70%W +0.5%       -1.0% → +2.9%
  MU      20    55%W +0.1%    65%W +0.4%    70%W +0.8%    90%W +0.9%    60%W +0.7%    65%W +0.4%       -2.7% → +4.2%
  AVGO    20    55%W +0.0%    55%W +0.4%    60%W +0.3%    70%W +0.5%    65%W +0.5%    65%W +0.9%       -2.5% → +2.3%
  SNOW    20    55%W +0.1%    45%W -0.1%    45%W -0.0%    55%W +0.2%    60%W +0.1%    60%W +0.2%       -1.8% → +3.8%
  SNPS    20    55%W +0.0%    50%W +0.1%    60%W +0.3%    75%W +0.4%    60%W +0.6%    60%W +0.5%      -10.1% → +3.6%
  SPOT    20    40%W -0.2%    50%W +0.0%    65%W +0.5%    70%W +0.5%    60%W +0.2%    60%W +0.3%       -2.5% → +3.5%
  SNDK    20    45%W -0.1%    55%W +0.1%    60%W +0.1%    60%W +0.3%    65%W +0.5%    55%W +0.6%       -5.1% → +4.5%
  PLTR    20    40%W -0.1%    55%W +0.2%    60%W +0.5%    55%W +0.3%    60%W +0.3%    55%W +0.2%       -9.3% → +5.9%
  ARM     20    45%W -0.0%    50%W +0.0%    55%W +0.1%    65%W +0.2%    60%W +0.4%    55%W +0.2%       -4.4% → +2.1%
  MRVL    20    55%W +0.2%    60%W +0.1%    65%W +0.5%    70%W +0.8%    55%W +0.2%    50%W +0.2%       -2.5% → +4.9%
  QCOM    20    40%W -0.1%    65%W +0.3%    65%W +0.3%    60%W +0.2%    50%W +0.1%    50%W +0.1%       -1.3% → +2.1%
  AMD     20    35%W -0.1%    60%W +0.1%    45%W -0.0%    70%W +0.3%    45%W -0.3%    50%W +0.0%       -2.3% → +1.9%
  DDOG    20    50%W +0.0%    55%W +0.1%    60%W +0.1%    70%W +0.4%    60%W +0.2%    50%W +0.0%       -2.8% → +2.1%
  META    20    30%W -0.2%    50%W -0.0%    50%W -0.0%    40%W -0.2%    45%W -0.1%    45%W -0.2%       -1.6% → +2.4%
  LLY     20    45%W -0.0%    40%W -0.1%    55%W +0.0%    55%W +0.2%    50%W +0.0%    45%W -0.0%       -2.2% → +2.8%
  CHTR    20    30%W -0.1%    50%W +0.0%    50%W -0.1%    45%W -0.0%    30%W -0.4%    45%W -0.8%       -2.3% → +1.6%
  RDDT    20    40%W -0.2%    65%W +0.2%    65%W +0.4%    60%W +0.8%    50%W +0.0%    45%W -0.2%       -6.0% → +5.2%
  APP     20    30%W -0.6%    35%W -0.6%    40%W -0.2%    45%W -0.1%    45%W -0.4%    40%W -0.8%       -4.1% → +6.3%
  TSLA    20    45%W -0.2%    50%W -0.1%    55%W +0.1%    65%W +0.5%    50%W +0.0%    40%W -1.0%       -9.8% → +6.4%
Pre-session top-2 (9:25, 20d EOD win rate) — 2025-06-17  OR: 09:30/3b
  #1 AVGO   +15m 55%W +0.0%  +30m 55%W +0.4%  +1h 65%W +0.3%  +2h 70%W +0.6%  +5h 70%W +0.5%  EOD 70%W +0.9%  EOD range -2.5% → +2.3%
  #2 MU     +15m 55%W +0.1%  +30m 65%W +0.4%  +1h 70%W +0.8%  +2h 90%W +0.9%  +5h 60%W +0.7%  EOD 65%W +0.4%  EOD range -2.7% → +4.2%
  Ticker   N          +15m          +30m           +1h           +2h           +5h           EOD           EOD range
  ----------------------------------------------------------------------------------------------------------------------
  AVGO    20    55%W +0.0%    55%W +0.4%    65%W +0.3%    70%W +0.6%    70%W +0.5%    70%W +0.9%       -2.5% → +2.3%
  MU      20    55%W +0.1%    65%W +0.4%    70%W +0.8%    90%W +0.9%    60%W +0.7%    65%W +0.4%       -2.7% → +4.2%
  CRWD    20    45%W -0.4%    45%W -0.3%    45%W -0.2%    65%W +0.4%    70%W +0.4%    65%W +0.3%       -1.0% → +2.9%
  SNDK    20    40%W -0.1%    55%W +0.1%    65%W +0.2%    65%W +0.4%    65%W +0.5%    60%W +0.7%       -5.1% → +4.5%
  SNOW    20    50%W -0.0%    45%W -0.1%    45%W -0.0%    55%W +0.2%    60%W +0.1%    60%W +0.2%       -1.8% → +3.8%
  SNPS    20    55%W +0.0%    55%W +0.3%    65%W +0.4%    75%W +0.4%    55%W +0.4%    60%W +0.4%      -10.1% → +3.6%
  MRVL    20    55%W +0.2%    65%W +0.1%    70%W +0.7%    70%W +1.3%    55%W +0.5%    55%W +0.7%       -2.5% → +4.9%
  PLTR    20    40%W -0.1%    55%W +0.2%    60%W +0.5%    55%W +0.3%    60%W +0.3%    55%W +0.2%       -9.3% → +5.9%
  SPOT    20    45%W -0.1%    55%W +0.0%    70%W +0.5%    70%W +0.5%    60%W +0.2%    55%W +0.3%       -2.5% → +3.5%
  ARM     20    45%W -0.0%    50%W +0.0%    60%W +0.3%    65%W +0.2%    60%W +0.4%    55%W +0.2%       -4.4% → +2.1%
  AMD     20    35%W -0.1%    60%W +0.1%    50%W +0.0%    70%W +0.3%    45%W -0.3%    50%W +0.0%       -2.3% → +4.1%
  DDOG    20    50%W +0.0%    55%W +0.1%    60%W +0.2%    70%W +0.3%    60%W +0.2%    50%W +0.0%       -2.8% → +2.1%
  RDDT    20    40%W -0.2%    70%W +0.2%    70%W +0.4%    60%W +0.8%    55%W +0.4%    50%W +0.4%       -6.0% → +5.2%
  APP     20    35%W -0.4%    40%W -0.5%    45%W -0.1%    50%W +0.0%    50%W -0.1%    45%W -0.6%       -4.1% → +6.3%
  META    20    30%W -0.2%    50%W -0.0%    55%W +0.0%    45%W -0.1%    45%W -0.1%    45%W -0.2%       -1.6% → +2.4%
  QCOM    20    40%W -0.1%    65%W +0.3%    70%W +0.4%    55%W +0.1%    45%W -0.1%    45%W -0.1%       -1.3% → +2.1%
  CHTR    20    35%W -0.1%    55%W +0.1%    50%W -0.1%    45%W -0.0%    30%W -0.4%    45%W -0.8%       -3.7% → +1.6%
  LLY     20    45%W -0.0%    45%W -0.1%    55%W +0.0%    55%W +0.2%    45%W -0.0%    40%W -0.0%       -2.2% → +2.8%
  TSLA    20    40%W -0.3%    55%W +0.1%    60%W +0.2%    65%W +0.5%    55%W +0.2%    40%W -1.0%       -9.8% → +6.4%
Pre-session top-2 (9:25, 20d EOD win rate) — 2025-06-18  OR: 09:30/3b
  #1 SNDK   +15m 40%W -0.1%  +30m 55%W +0.1%  +1h 65%W +0.2%  +2h 65%W +0.4%  +5h 60%W +0.5%  EOD 65%W +0.7%  EOD range -5.1% → +4.5%
  #2 CRWD   +15m 45%W -0.4%  +30m 45%W -0.3%  +1h 45%W -0.2%  +2h 65%W +0.4%  +5h 70%W +0.4%  EOD 65%W +0.3%  EOD range -1.0% → +3.2%
  Ticker   N          +15m          +30m           +1h           +2h           +5h           EOD           EOD range
  ----------------------------------------------------------------------------------------------------------------------
  SNDK    20    40%W -0.1%    55%W +0.1%    65%W +0.2%    65%W +0.4%    60%W +0.5%    65%W +0.7%       -5.1% → +4.5%
  CRWD    20    45%W -0.4%    45%W -0.3%    45%W -0.2%    65%W +0.4%    70%W +0.4%    65%W +0.3%       -1.0% → +3.2%
  AVGO    20    55%W +0.0%    55%W +0.4%    60%W +0.2%    70%W +0.4%    70%W +0.4%    65%W +0.6%       -2.5% → +2.3%
  MU      20    55%W +0.2%    65%W +0.4%    70%W +0.8%    90%W +0.8%    55%W +0.4%    60%W +0.3%       -2.7% → +4.2%
  SNOW    20    50%W -0.0%    45%W -0.1%    45%W -0.0%    55%W +0.2%    60%W +0.1%    60%W +0.2%       -1.8% → +3.8%
  SNPS    20    55%W +0.0%    55%W +0.3%    65%W +0.4%    75%W +0.4%    50%W +0.2%    55%W +0.3%      -10.1% → +3.6%
  SPOT    20    45%W -0.1%    55%W +0.0%    70%W +0.5%    70%W +0.5%    60%W +0.2%    55%W +0.3%       -2.5% → +3.5%
  ARM     20    45%W -0.0%    50%W +0.0%    60%W +0.4%    65%W +0.4%    65%W +0.6%    55%W +0.2%       -4.4% → +2.1%
  MRVL    20    55%W +0.2%    65%W +0.1%    65%W +0.5%    65%W +1.3%    50%W +0.1%    50%W +0.2%       -2.5% → +4.9%
  PLTR    20    40%W -0.1%    55%W +0.2%    60%W +0.5%    55%W +0.3%    55%W +0.2%    50%W -0.1%       -9.3% → +5.9%
  AMD     20    40%W -0.0%    65%W +0.1%    55%W +0.3%    70%W +0.3%    45%W -0.3%    50%W +0.0%       -2.3% → +4.1%
  DDOG    20    50%W +0.0%    55%W +0.1%    60%W +0.2%    70%W +0.3%    60%W +0.2%    50%W +0.0%       -2.8% → +3.1%
  RDDT    20    40%W -0.2%    65%W +0.2%    65%W +0.4%    60%W +0.8%    55%W +0.4%    50%W +0.4%       -6.6% → +5.2%
  CHTR    20    35%W -0.1%    55%W +0.1%    55%W +0.1%    50%W +0.0%    30%W -0.3%    45%W -0.3%       -3.7% → +1.6%
  APP     20    40%W -0.3%    40%W -0.5%    50%W +0.0%    50%W +0.1%    45%W -0.4%    40%W -0.8%       -4.1% → +6.3%
  META    20    30%W -0.2%    50%W -0.0%    55%W +0.0%    45%W -0.1%    45%W -0.1%    40%W -0.2%       -1.6% → +2.4%
  QCOM    20    45%W -0.0%    65%W +0.3%    70%W +0.4%    55%W +0.1%    40%W -0.2%    40%W -0.3%       -1.3% → +2.1%
  LLY     20    50%W +0.0%    50%W +0.0%    60%W +0.1%    60%W +0.2%    45%W -0.0%    35%W -0.1%       -2.2% → +2.8%
  TSLA    20    40%W -0.3%    55%W +0.1%    60%W +0.2%    60%W +0.4%    50%W -0.4%    35%W -1.2%       -9.8% → +6.4%
Pre-session top-2 (9:25, 20d EOD win rate) — 2025-06-20  OR: 09:30/3b
  #1 SNDK   +15m 40%W -0.1%  +30m 55%W +0.1%  +1h 65%W +0.2%  +2h 65%W +0.4%  +5h 60%W +0.5%  EOD 65%W +0.7%  EOD range -5.1% → +4.5%
  #2 AVGO   +15m 60%W +0.1%  +30m 60%W +0.6%  +1h 60%W +0.2%  +2h 70%W +0.4%  +5h 75%W +0.5%  EOD 65%W +0.2%  EOD range -2.5% → +2.3%
  Ticker   N          +15m          +30m           +1h           +2h           +5h           EOD           EOD range
  ----------------------------------------------------------------------------------------------------------------------
  SNDK    20    40%W -0.1%    55%W +0.1%    65%W +0.2%    65%W +0.4%    60%W +0.5%    65%W +0.7%       -5.1% → +4.5%
  AVGO    20    60%W +0.1%    60%W +0.6%    60%W +0.2%    70%W +0.4%    75%W +0.5%    65%W +0.2%       -2.5% → +2.3%
  MU      20    55%W +0.2%    65%W +0.4%    70%W +0.8%    90%W +0.9%    60%W +0.7%    60%W +0.3%       -2.7% → +4.2%
  CRWD    20    45%W -0.4%    50%W -0.0%    50%W +0.0%    65%W +0.4%    70%W +0.4%    60%W +0.1%       -1.0% → +3.2%
  ARM     20    45%W -0.0%    55%W +0.2%    65%W +0.5%    65%W +0.4%    70%W +0.8%    60%W +0.2%       -4.4% → +2.1%
  PLTR    20    40%W -0.1%    55%W +0.2%    60%W +0.5%    60%W +0.3%    60%W +0.3%    55%W +0.2%       -9.3% → +5.9%
  RDDT    20    45%W -0.2%    70%W +0.2%    70%W +0.4%    60%W +0.8%    60%W +0.6%    55%W +0.9%       -6.6% → +5.2%
  SNOW    20    50%W -0.0%    45%W -0.1%    45%W -0.1%    50%W +0.2%    55%W +0.1%    55%W +0.1%       -1.8% → +3.8%
  SNPS    20    50%W -0.0%    60%W +0.3%    65%W +0.4%    75%W +0.4%    50%W +0.2%    55%W +0.3%      -10.1% → +3.6%
  SPOT    20    40%W -0.2%    50%W +0.0%    65%W +0.3%    70%W +0.5%    60%W +0.2%    55%W +0.3%       -2.5% → +3.5%
  DDOG    20    50%W +0.0%    60%W +0.1%    60%W +0.5%    75%W +0.4%    60%W +0.2%    50%W +0.0%       -2.8% → +3.1%
  MRVL    20    60%W +0.2%    70%W +0.2%    65%W +0.8%    60%W +1.3%    55%W +0.2%    45%W -0.3%       -2.5% → +4.9%
  CHTR    20    35%W -0.1%    55%W +0.1%    55%W +0.1%    50%W +0.0%    30%W -0.3%    45%W -0.3%       -3.7% → +1.6%
  AMD     20    45%W -0.0%    65%W +0.3%    55%W +0.3%    65%W +0.3%    50%W -0.1%    45%W -0.3%       -2.3% → +4.1%
  APP     20    40%W -0.3%    40%W -0.5%    50%W -0.0%    50%W +0.1%    40%W -0.5%    40%W -0.8%       -4.1% → +6.3%
  META    20    30%W -0.2%    50%W -0.0%    55%W +0.1%    50%W +0.0%    50%W -0.0%    40%W -0.3%       -1.6% → +2.4%
  LLY     20    55%W +0.0%    55%W +0.2%    65%W +0.3%    65%W +0.2%    50%W +0.0%    40%W -0.0%       -2.2% → +2.8%
  TSLA    20    45%W -0.2%    60%W +0.2%    65%W +0.3%    65%W +0.6%    55%W +0.2%    40%W -1.0%       -9.8% → +6.4%
  QCOM    20    45%W -0.0%    65%W +0.4%    70%W +0.4%    55%W +0.1%    40%W -0.2%    35%W -0.5%       -1.3% → +2.1%
Pre-session top-2 (9:25, 20d EOD win rate) — 2025-06-23  OR: 09:30/3b
  #1 SNDK   +15m 45%W -0.1%  +30m 55%W +0.1%  +1h 65%W +0.2%  +2h 65%W +0.6%  +5h 65%W +0.8%  EOD 70%W +0.8%  EOD range -5.1% → +4.5%
  #2 AVGO   +15m 60%W +0.1%  +30m 60%W +0.6%  +1h 60%W +0.2%  +2h 65%W +0.2%  +5h 75%W +0.5%  EOD 70%W +0.2%  EOD range -2.5% → +2.3%
  Ticker   N          +15m          +30m           +1h           +2h           +5h           EOD           EOD range
  ----------------------------------------------------------------------------------------------------------------------
  SNDK    20    45%W -0.1%    55%W +0.1%    65%W +0.2%    65%W +0.6%    65%W +0.8%    70%W +0.8%       -5.1% → +4.5%
  AVGO    20    60%W +0.1%    60%W +0.6%    60%W +0.2%    65%W +0.2%    75%W +0.5%    70%W +0.2%       -2.5% → +2.3%
  MU      20    55%W +0.2%    65%W +0.4%    70%W +0.8%    85%W +0.9%    65%W +0.7%    65%W +0.5%       -1.4% → +4.2%
  CRWD    20    40%W -0.5%    45%W -0.1%    50%W +0.0%    60%W +0.2%    65%W +0.3%    60%W +0.1%       -2.2% → +3.2%
  ARM     20    40%W -0.1%    50%W +0.0%    60%W +0.4%    60%W +0.4%    65%W +0.8%    60%W +0.2%       -4.4% → +2.1%
  PLTR    20    40%W -0.1%    55%W +0.2%    60%W +0.5%    55%W +0.3%    60%W +0.3%    55%W +0.2%       -9.3% → +5.9%
  RDDT    20    45%W -0.2%    70%W +0.2%    70%W +0.4%    60%W +0.8%    60%W +0.6%    55%W +0.9%       -6.6% → +5.2%
  SNOW    20    45%W -0.1%    40%W -0.2%    40%W -0.1%    45%W -0.1%    55%W +0.1%    55%W +0.1%       -1.8% → +3.8%
  SNPS    20    45%W -0.2%    55%W +0.3%    65%W +0.4%    70%W +0.4%    50%W +0.2%    55%W +0.3%      -10.1% → +3.6%
  SPOT    20    35%W -0.2%    45%W -0.0%    65%W +0.3%    70%W +0.5%    60%W +0.2%    55%W +0.3%       -1.6% → +3.5%
  CHTR    20    35%W -0.1%    50%W +0.0%    55%W +0.1%    50%W +0.0%    35%W -0.3%    50%W -0.1%       -3.7% → +1.6%
  DDOG    20    50%W +0.0%    65%W +0.2%    60%W +0.5%    70%W +0.4%    60%W +0.2%    50%W +0.0%       -2.8% → +3.1%
  MRVL    20    60%W +0.2%    70%W +0.3%    65%W +0.8%    55%W +0.6%    55%W +0.2%    45%W -0.3%       -2.5% → +4.9%
  AMD     20    40%W -0.0%    65%W +0.3%    55%W +0.3%    60%W +0.1%    50%W -0.1%    45%W -0.3%       -3.0% → +4.1%
  APP     20    35%W -0.6%    40%W -0.5%    45%W -0.2%    45%W -0.1%    40%W -0.6%    40%W -0.8%       -4.1% → +6.3%
  META    20    30%W -0.2%    50%W -0.0%    55%W +0.1%    45%W -0.1%    50%W -0.0%    40%W -0.3%       -2.1% → +2.4%
  LLY     20    55%W +0.0%    55%W +0.2%    65%W +0.3%    65%W +0.2%    55%W +0.1%    40%W -0.0%       -1.1% → +2.8%
  TSLA    20    45%W -0.2%    60%W +0.2%    65%W +0.3%    65%W +0.6%    55%W +0.2%    40%W -1.0%       -9.8% → +6.4%
  QCOM    20    45%W -0.0%    60%W +0.4%    65%W +0.4%    50%W -0.0%    40%W -0.2%    35%W -0.5%       -2.2% → +2.1%
Pre-session top-2 (9:25, 20d EOD win rate) — 2025-06-24  OR: 09:30/3b
  #1 SNDK   +15m 45%W -0.1%  +30m 55%W +0.1%  +1h 65%W +0.2%  +2h 60%W +0.4%  +5h 60%W +0.8%  EOD 75%W +0.8%  EOD range -5.1% → +4.5%
  #2 AVGO   +15m 55%W +0.0%  +30m 55%W +0.4%  +1h 55%W +0.1%  +2h 60%W +0.2%  +5h 75%W +0.5%  EOD 70%W +0.2%  EOD range -2.5% → +2.3%
  Ticker   N          +15m          +30m           +1h           +2h           +5h           EOD           EOD range
  ----------------------------------------------------------------------------------------------------------------------
  SNDK    20    45%W -0.1%    55%W +0.1%    65%W +0.2%    60%W +0.4%    60%W +0.8%    75%W +0.8%       -5.1% → +4.5%
  AVGO    20    55%W +0.0%    55%W +0.4%    55%W +0.1%    60%W +0.2%    75%W +0.5%    70%W +0.2%       -2.5% → +2.3%
  ARM     20    40%W -0.1%    50%W +0.0%    60%W +0.5%    60%W +0.4%    65%W +1.0%    65%W +0.3%       -4.4% → +2.8%
  MU      20    55%W +0.2%    65%W +0.4%    70%W +0.8%    85%W +0.8%    60%W +0.5%    60%W +0.5%       -1.4% → +4.2%
  CRWD    20    40%W -0.5%    45%W -0.1%    50%W +0.0%    60%W +0.2%    65%W +0.3%    60%W +0.1%       -2.2% → +3.9%
  SPOT    20    35%W -0.2%    45%W -0.0%    65%W +0.3%    70%W +0.6%    60%W +0.4%    60%W +0.3%       -1.6% → +3.5%
  PLTR    20    40%W -0.1%    55%W +0.2%    60%W +0.5%    55%W +0.3%    60%W +0.3%    55%W +0.2%       -9.3% → +5.9%
  CHTR    20    40%W -0.1%    55%W +0.1%    60%W +0.2%    55%W +0.1%    40%W -0.1%    55%W +0.2%       -3.7% → +1.6%
  DDOG    20    50%W +0.0%    65%W +0.2%    65%W +0.7%    75%W +0.5%    65%W +0.3%    55%W +0.2%       -2.8% → +3.1%
  SNOW    20    45%W -0.1%    45%W -0.2%    45%W -0.1%    45%W -0.1%    55%W +0.1%    55%W +0.1%       -1.8% → +1.9%
  SNPS    20    45%W -0.2%    55%W +0.3%    65%W +0.4%    70%W +0.4%    50%W +0.2%    55%W +0.3%      -10.1% → +3.6%
  RDDT    20    40%W -0.2%    70%W +0.1%    70%W +0.4%    60%W +0.8%    55%W +0.4%    50%W +0.4%       -6.6% → +5.2%
  APP     20    30%W -0.7%    35%W -0.5%    45%W -0.2%    45%W -0.1%    40%W -0.6%    45%W -0.6%       -4.1% → +6.3%
  AMD     20    35%W -0.1%    65%W +0.3%    50%W +0.2%    55%W +0.0%    45%W -0.4%    45%W -0.3%       -3.0% → +4.1%
  META    20    25%W -0.2%    50%W -0.0%    55%W +0.1%    45%W -0.1%    50%W -0.0%    40%W -0.3%       -2.1% → +2.4%
  LLY     20    50%W -0.0%    55%W +0.2%    65%W +0.3%    65%W +0.2%    50%W +0.0%    40%W -0.0%       -1.9% → +2.8%
  MRVL    20    60%W +0.2%    70%W +0.3%    60%W +0.5%    50%W -0.2%    50%W -0.1%    40%W -0.7%       -2.5% → +4.9%
  QCOM    20    45%W -0.0%    60%W +0.4%    70%W +0.4%    50%W -0.0%    45%W -0.1%    40%W -0.3%       -2.2% → +2.1%
  TSLA    20    45%W -0.2%    60%W +0.2%    65%W +0.3%    65%W +0.6%    55%W +0.2%    40%W -1.0%       -9.8% → +6.4%
Pre-session top-2 (9:25, 20d EOD win rate) — 2025-06-25  OR: 09:30/3b
  #1 AVGO   +15m 55%W +0.0%  +30m 50%W +0.0%  +1h 50%W -0.0%  +2h 60%W +0.2%  +5h 70%W +0.4%  EOD 75%W +0.2%  EOD range -2.5% → +2.3%
  #2 SNDK   +15m 40%W -0.1%  +30m 60%W +0.4%  +1h 70%W +0.4%  +2h 60%W +0.8%  +5h 60%W +0.8%  EOD 70%W +0.8%  EOD range -5.1% → +4.5%
  Ticker   N          +15m          +30m           +1h           +2h           +5h           EOD           EOD range
  ----------------------------------------------------------------------------------------------------------------------
  AVGO    20    55%W +0.0%    50%W +0.0%    50%W -0.0%    60%W +0.2%    70%W +0.4%    75%W +0.2%       -2.5% → +2.3%
  SNDK    20    40%W -0.1%    60%W +0.4%    70%W +0.4%    60%W +0.8%    60%W +0.8%    70%W +0.8%       -5.1% → +4.5%
  ARM     20    40%W -0.1%    45%W -0.1%    60%W +0.5%    60%W +0.6%    65%W +1.0%    65%W +0.3%       -4.4% → +2.8%
  MU      20    60%W +0.2%    70%W +0.5%    75%W +0.8%    85%W +0.7%    60%W +0.5%    60%W +0.5%       -1.4% → +4.2%
  SPOT    20    40%W -0.2%    50%W +0.0%    65%W +0.3%    70%W +0.6%    60%W +0.4%    60%W +0.3%       -1.6% → +3.5%
  CRWD    20    35%W -0.5%    40%W -0.3%    45%W -0.3%    55%W +0.1%    60%W +0.2%    55%W +0.1%       -2.2% → +3.9%
  PLTR    20    40%W -0.1%    55%W +0.2%    60%W +0.5%    55%W +0.3%    60%W +0.3%    55%W +0.2%       -9.3% → +5.9%
  CHTR    20    40%W -0.1%    55%W +0.1%    60%W +0.2%    55%W +0.1%    40%W -0.1%    55%W +0.2%       -3.7% → +1.8%
  DDOG    20    50%W +0.0%    60%W +0.2%    60%W +0.5%    70%W +0.5%    60%W +0.2%    55%W +0.2%       -2.8% → +3.1%
  SNOW    20    45%W -0.1%    40%W -0.2%    40%W -0.1%    45%W -0.1%    55%W +0.1%    55%W +0.1%       -1.8% → +1.9%
  SNPS    20    50%W -0.1%    55%W +0.3%    65%W +0.4%    70%W +0.4%    50%W +0.2%    55%W +0.3%      -10.1% → +3.6%
  APP     20    35%W -0.7%    35%W -0.5%    45%W -0.2%    40%W -0.2%    35%W -0.7%    45%W -0.6%       -4.1% → +6.3%
  META    20    25%W -0.2%    45%W -0.0%    55%W +0.1%    50%W -0.0%    50%W -0.0%    45%W -0.1%       -2.1% → +2.4%
  LLY     20    55%W +0.0%    55%W +0.2%    65%W +0.5%    70%W +0.3%    50%W +0.2%    45%W -0.0%       -1.9% → +2.8%
  MRVL    20    60%W +0.2%    65%W +0.3%    65%W +0.8%    55%W +0.6%    50%W -0.1%    45%W -0.7%       -2.5% → +4.9%
  AMD     20    40%W -0.0%    65%W +0.3%    50%W +0.2%    55%W +0.0%    45%W -0.4%    45%W -0.3%       -3.0% → +4.1%
  RDDT    20    45%W -0.1%    65%W +0.1%    65%W +0.2%    60%W +0.5%    50%W +0.1%    45%W -0.2%       -6.6% → +5.2%
  QCOM    20    40%W -0.1%    55%W +0.2%    70%W +0.3%    45%W -0.0%    40%W -0.1%    40%W -0.3%       -2.2% → +2.1%
  TSLA    20    50%W -0.0%    60%W +0.2%    65%W +0.3%    60%W +0.6%    50%W -0.4%    35%W -1.2%       -9.8% → +6.4%
Pre-session top-2 (9:25, 20d EOD win rate) — 2025-06-26  OR: 09:30/3b
  #1 SNDK   +15m 40%W -0.1%  +30m 60%W +0.4%  +1h 70%W +0.4%  +2h 60%W +0.8%  +5h 65%W +0.8%  EOD 70%W +0.8%  EOD range -5.1% → +4.5%
  #2 AVGO   +15m 50%W -0.1%  +30m 45%W -0.2%  +1h 45%W -0.2%  +2h 55%W +0.1%  +5h 65%W +0.4%  EOD 70%W +0.1%  EOD range -2.5% → +2.3%
  Ticker   N          +15m          +30m           +1h           +2h           +5h           EOD           EOD range
  ----------------------------------------------------------------------------------------------------------------------
  SNDK    20    40%W -0.1%    60%W +0.4%    70%W +0.4%    60%W +0.8%    65%W +0.8%    70%W +0.8%       -5.1% → +4.5%
  AVGO    20    50%W -0.1%    45%W -0.2%    45%W -0.2%    55%W +0.1%    65%W +0.4%    70%W +0.1%       -2.5% → +2.3%
  MU      20    55%W +0.2%    65%W +0.4%    70%W +0.8%    80%W +0.5%    55%W +0.4%    60%W +0.4%       -1.4% → +4.2%
  SPOT    20    40%W -0.2%    50%W +0.0%    65%W +0.3%    70%W +0.6%    60%W +0.4%    60%W +0.3%       -2.0% → +3.5%
  ARM     20    35%W -0.2%    40%W -0.3%    60%W +0.4%    55%W +0.3%    60%W +0.8%    60%W +0.2%       -4.4% → +2.8%
  PLTR    20    35%W -0.2%    50%W -0.1%    55%W +0.4%    55%W +0.3%    60%W +0.3%    55%W +0.2%       -9.3% → +5.9%
  SNPS    20    50%W -0.1%    50%W +0.0%    60%W +0.3%    65%W +0.3%    50%W +0.2%    55%W +0.3%      -10.1% → +3.6%
  CRWD    20    35%W -0.5%    40%W -0.3%    40%W -0.3%    50%W +0.0%    55%W +0.1%    50%W -0.1%       -2.2% → +3.9%
  CHTR    20    40%W -0.1%    50%W +0.0%    55%W +0.1%    50%W +0.0%    40%W -0.2%    50%W -0.1%       -3.7% → +1.8%
  DDOG    20    50%W -0.0%    55%W +0.1%    55%W +0.2%    65%W +0.4%    55%W +0.2%    50%W +0.0%       -2.8% → +3.1%
  SNOW    20    40%W -0.2%    35%W -0.3%    35%W -0.3%    45%W -0.1%    50%W +0.0%    50%W +0.0%       -1.8% → +1.9%
  LLY     20    55%W +0.0%    55%W +0.2%    65%W +0.6%    70%W +0.3%    50%W +0.2%    45%W -0.0%       -1.9% → +2.8%
  AMD     20    35%W -0.1%    60%W +0.1%    50%W +0.2%    55%W +0.0%    45%W -0.4%    45%W -0.3%       -3.0% → +4.1%
  APP     20    30%W -0.7%    30%W -0.7%    40%W -0.3%    35%W -0.3%    30%W -0.8%    40%W -0.8%       -4.1% → +3.6%
  META    20    20%W -0.2%    40%W -0.1%    55%W +0.0%    45%W -0.2%    45%W -0.1%    40%W -0.3%       -2.1% → +2.4%
  MRVL    20    55%W +0.2%    60%W +0.2%    60%W +0.5%    50%W -0.2%    45%W -0.3%    40%W -0.7%       -2.5% → +4.9%
  QCOM    20    35%W -0.1%    50%W -0.0%    70%W +0.2%    45%W -0.0%    40%W -0.1%    40%W -0.3%       -2.2% → +2.1%
  RDDT    20    40%W -0.2%    60%W +0.1%    60%W +0.1%    55%W +0.3%    45%W -0.2%    40%W -0.5%       -7.8% → +5.2%
  TSLA    20    45%W -0.2%    55%W +0.1%    60%W +0.2%    55%W +0.4%    45%W -1.0%    30%W -1.3%       -9.8% → +6.4%
Pre-session top-2 (9:25, 20d EOD win rate) — 2025-06-27  OR: 09:30/3b
  #1 SNDK   +15m 40%W -0.1%  +30m 60%W +0.4%  +1h 70%W +0.4%  +2h 60%W +1.2%  +5h 65%W +0.6%  EOD 70%W +0.7%  EOD range -5.1% → +4.5%
  #2 AVGO   +15m 55%W +0.0%  +30m 50%W +0.0%  +1h 50%W -0.0%  +2h 60%W +0.2%  +5h 65%W +0.4%  EOD 70%W +0.1%  EOD range -2.5% → +2.3%
  Ticker   N          +15m          +30m           +1h           +2h           +5h           EOD           EOD range
  ----------------------------------------------------------------------------------------------------------------------
  SNDK    20    40%W -0.1%    60%W +0.4%    70%W +0.4%    60%W +1.2%    65%W +0.6%    70%W +0.7%       -5.1% → +4.5%
  AVGO    20    55%W +0.0%    50%W +0.0%    50%W -0.0%    60%W +0.2%    65%W +0.4%    70%W +0.1%       -2.5% → +2.3%
  MU      20    55%W +0.2%    65%W +0.4%    70%W +0.8%    80%W +0.5%    50%W +0.2%    60%W +0.4%       -1.4% → +4.2%
  SNPS    20    55%W +0.0%    55%W +0.3%    65%W +0.4%    70%W +0.4%    55%W +0.4%    60%W +0.4%       -3.9% → +3.6%
  SPOT    20    45%W -0.1%    55%W +0.1%    65%W +0.3%    70%W +0.6%    60%W +0.4%    60%W +0.3%       -2.0% → +3.5%
  CRWD    20    35%W -0.5%    45%W -0.1%    45%W -0.1%    55%W +0.1%    55%W +0.1%    55%W +0.1%       -2.2% → +3.9%
  PLTR    20    35%W -0.2%    45%W -0.4%    50%W +0.2%    50%W +0.1%    55%W +0.2%    55%W +0.2%       -9.3% → +5.9%
  DDOG    20    50%W -0.0%    60%W +0.2%    60%W +0.5%    70%W +0.5%    60%W +0.2%    55%W +0.2%       -2.8% → +3.1%
  SNOW    20    35%W -0.2%    40%W -0.2%    40%W -0.1%    50%W +0.2%    55%W +0.1%    55%W +0.1%       -1.8% → +2.6%
  ARM     20    35%W -0.2%    40%W -0.3%    60%W +0.4%    55%W +0.3%    55%W +0.5%    55%W +0.2%       -4.4% → +2.8%
  LLY     20    60%W +0.1%    60%W +0.3%    70%W +0.6%    75%W +0.4%    55%W +0.4%    50%W +0.0%       -1.9% → +2.8%
  CHTR    20    40%W -0.1%    50%W +0.0%    55%W +0.1%    50%W +0.0%    40%W -0.2%    50%W -0.1%       -3.7% → +1.8%
  AMD     20    40%W -0.1%    60%W +0.1%    50%W +0.2%    60%W +0.1%    50%W -0.1%    50%W +0.0%       -3.0% → +4.1%
  META    20    25%W -0.2%    45%W -0.0%    60%W +0.1%    50%W -0.0%    50%W -0.0%    45%W -0.1%       -2.1% → +2.4%
  MRVL    20    55%W +0.2%    55%W +0.1%    65%W +0.6%    55%W +0.6%    50%W -0.2%    45%W -0.4%       -2.5% → +4.9%
  QCOM    20    40%W -0.1%    55%W +0.2%    75%W +0.3%    50%W -0.0%    45%W -0.1%    45%W -0.1%       -2.2% → +2.1%
  RDDT    20    45%W -0.1%    65%W +0.1%    65%W +0.2%    60%W +0.5%    50%W +0.1%    45%W -0.5%       -7.8% → +5.2%
  APP     20    35%W -0.6%    35%W -0.5%    45%W -0.2%    40%W -0.3%    30%W -0.8%    40%W -0.8%       -4.1% → +4.1%
  TSLA    20    40%W -0.3%    50%W -0.1%    55%W +0.1%    50%W +0.1%    40%W -1.0%    30%W -1.3%       -9.8% → +6.4%
Pre-session top-2 (9:25, 20d EOD win rate) — 2025-06-30  OR: 09:30/3b
  #1 SNDK   +15m 45%W -0.1%  +30m 65%W +0.6%  +1h 75%W +0.9%  +2h 60%W +1.2%  +5h 65%W +0.6%  EOD 75%W +0.7%  EOD range -5.1% → +4.5%
  #2 AVGO   +15m 55%W +0.0%  +30m 55%W +0.2%  +1h 55%W +0.3%  +2h 60%W +0.2%  +5h 60%W +0.3%  EOD 65%W +0.1%  EOD range -2.5% → +2.3%
  Ticker   N          +15m          +30m           +1h           +2h           +5h           EOD           EOD range
  ----------------------------------------------------------------------------------------------------------------------
  SNDK    20    45%W -0.1%    65%W +0.6%    75%W +0.9%    60%W +1.2%    65%W +0.6%    75%W +0.7%       -5.1% → +4.5%
  AVGO    20    55%W +0.0%    55%W +0.2%    55%W +0.3%    60%W +0.2%    60%W +0.3%    65%W +0.1%       -2.5% → +2.3%
  SPOT    20    45%W -0.1%    55%W +0.1%    65%W +0.5%    70%W +0.6%    65%W +0.4%    65%W +0.3%       -2.0% → +3.5%
  MU      20    60%W +0.2%    70%W +0.5%    75%W +0.8%    85%W +0.5%    50%W +0.2%    60%W +0.4%       -1.4% → +4.2%
  CRWD    20    35%W -0.5%    50%W +0.0%    50%W +0.1%    55%W +0.1%    50%W -0.0%    60%W +0.1%       -2.2% → +3.9%
  SNOW    20    35%W -0.2%    45%W -0.2%    45%W -0.1%    50%W +0.2%    55%W +0.1%    60%W +0.1%       -1.8% → +2.6%
  SNPS    20    60%W +0.1%    60%W +0.5%    65%W +0.4%    75%W +0.4%    55%W +0.4%    60%W +0.4%       -2.3% → +3.6%
  ARM     20    30%W -0.4%    40%W -0.2%    65%W +0.4%    60%W +0.6%    60%W +0.8%    60%W +0.3%       -2.7% → +2.8%
  CHTR    20    40%W -0.1%    50%W +0.0%    60%W +0.2%    55%W +0.1%    45%W -0.0%    55%W +0.2%       -3.7% → +1.8%
  DDOG    20    50%W -0.0%    65%W +0.2%    60%W +0.7%    70%W +0.5%    60%W +0.2%    55%W +0.2%       -2.8% → +3.1%
  META    20    30%W -0.2%    50%W -0.0%    60%W +0.1%    50%W -0.0%    50%W -0.0%    50%W +0.0%       -2.1% → +2.4%
  LLY     20    60%W +0.1%    60%W +0.3%    70%W +0.6%    75%W +0.4%    55%W +0.4%    50%W +0.0%       -2.7% → +2.8%
  PLTR    20    30%W -0.3%    40%W -0.4%    45%W -0.4%    45%W -0.2%    50%W -0.2%    50%W -0.1%       -9.3% → +5.9%
  AMD     20    40%W -0.1%    60%W +0.1%    50%W +0.2%    60%W +0.1%    50%W -0.1%    50%W +0.0%       -3.0% → +4.1%
  MRVL    20    55%W +0.1%    60%W +0.2%    70%W +0.6%    55%W +0.6%    50%W -0.2%    45%W -0.4%       -2.5% → +4.9%
  QCOM    20    45%W -0.0%    60%W +0.3%    80%W +0.3%    50%W -0.0%    45%W -0.1%    45%W -0.1%       -2.2% → +2.1%
  RDDT    20    45%W -0.1%    65%W +0.1%    65%W +0.2%    60%W +0.4%    45%W -0.5%    45%W -0.5%       -7.8% → +5.2%
  APP     20    35%W -0.6%    35%W -0.5%    50%W -0.0%    40%W -0.3%    35%W -0.8%    40%W -0.9%       -4.1% → +4.1%
  TSLA    20    40%W -0.3%    55%W +0.1%    55%W +0.3%    55%W +0.2%    40%W -1.0%    30%W -1.1%       -9.8% → +6.4%

=========================================================================================================================================================================================
Pre-Session Top-2 Performance — 2025-06-02 to 2025-06-30  |  Unconditional OR-close entry  |  OR: 09:30/3b
=========================================================================================================================================================================================
Date         Ticker Rank  At       Entry       +15m       +30m       +45m        +1h     +1h30m        +2h        +3h        +4h        +5h        +6h        +7h        EOD
-----------------------------------------------------------------------------------------------------------------------------------------------------------------------------------------
2025-06-02   SNPS   #1    09:40   460.23    -1.35%L    -0.91%L    -0.79%L    -1.21%L    -0.60%L    -0.34%L    -0.51%L    +0.13%W    +0.46%W    +0.96%W    +1.29%W    +1.29%W
2025-06-02   MU     #2    09:40    94.90    -0.03%L    +0.21%W    +0.67%W    +0.83%W    +0.93%W    +1.40%W    +2.24%W    +2.98%W    +4.08%W    +3.61%W    +3.46%W    +3.46%W
2025-06-03   SNPS   #1    09:40   467.37    -1.28%L    -0.93%L    -0.63%L    -1.06%L    -0.13%L    +0.17%W    -0.67%L    -0.18%L    -0.47%L    -0.37%L    -0.24%L    -0.24%L
2025-06-03   MU     #2    09:40    98.12    +0.91%W    +1.01%W    +1.83%W    +2.30%W    +3.02%W    +3.03%W    +4.48%W    +4.54%W    +3.85%W    +4.08%W    +4.15%W    +4.15%W
2025-06-04   AVGO   #1    09:40   264.60    -1.22%L    -1.78%L    -1.60%L    -1.76%L    -1.17%L    -1.97%L    -1.96%L    -1.69%L    -1.30%L    -1.23%L    -1.31%L    -1.31%L
2025-06-04   MU     #2    09:40   102.93    -0.60%L    -0.43%L    +0.16%W    +0.18%W    +0.79%W    +0.26%W    -0.02%L    -0.16%L    -0.15%L    +0.15%W    +0.27%W    +0.27%W
2025-06-05   MU     #1    09:40   107.76    -1.27%L    -1.60%L    -0.89%L    -0.51%L    -0.28%L    +0.89%W    +0.45%W    +0.48%W    -0.21%L    -0.83%L    -1.37%L    -1.37%L
2025-06-05   AVGO   #2    09:40   260.22    +0.38%W    +0.25%W    +0.71%W    +0.98%W    +1.15%W    +1.76%W    +1.16%W    +0.93%W    +0.73%W    +0.49%W    -0.10%L    -0.10%L
2025-06-06   CRWD   #1    09:40   472.96    +0.67%W    +0.14%W    -0.16%L    +0.24%W    -0.06%L    +0.22%W    -0.50%L    -0.86%L    -0.55%L    -1.38%L    -0.96%L    -0.96%L
2025-06-06   SNPS   #2    09:40   484.85    +0.08%W    +0.57%W    +0.54%W    +0.89%W    +1.01%W    +0.60%W    +0.25%W    +0.13%W    +0.42%W    +0.35%W    +0.25%W    +0.25%W
2025-06-09   SNPS   #1    09:40   503.25    -0.45%L    -0.14%L    -0.06%L    +0.22%W    -0.16%L    -0.76%L    -0.99%L    -0.75%L    -1.13%L    -1.24%L    -1.48%L    -1.48%L
2025-06-09   CRWD   #2    09:40   463.95    +0.23%W    +1.08%W    +0.91%W    +0.92%W    +1.38%W    +1.15%W    +1.27%W    +0.75%W    +0.05%W    +0.11%W    +0.09%W    +0.09%W
2025-06-10   CRWD   #1    09:40   467.04    -0.69%L    -0.54%L    -0.48%L    -0.92%L    -0.83%L    -1.20%L    -0.69%L    -0.30%L    +0.21%W    +0.04%W    +0.10%W    +0.10%W
2025-06-10   SNPS   #2    09:40   494.04    +0.63%W    +0.71%W    +0.78%W    +0.91%W    +1.00%W    +0.63%W    +1.15%W    +1.48%W    +1.05%W    +1.83%W    +2.08%W    +2.08%W
2025-06-11   CRWD   #1    09:40   473.34    -0.74%L    -0.47%L    +0.26%W    +0.82%W    +0.51%W    +0.67%W    +1.05%W    +0.89%W    +0.55%W    +0.27%W    +0.77%W    +0.77%W
2025-06-11   SNPS   #2    09:40   501.60    +0.21%W    +0.54%W    +0.49%W    +0.34%W    +0.54%W    +0.56%W    +0.41%W    +0.38%W    -0.08%L    -0.45%L    -0.18%L    -0.18%L
2025-06-12   CRWD   #1    09:40   485.68    -0.56%L    -0.68%L    -1.37%L    -1.33%L    -0.82%L    -0.22%L    +0.31%W    +0.13%W    -0.76%L    -1.22%L    -0.79%L    -0.79%L
2025-06-12   AVGO   #2    09:40   253.78    +0.04%W    +1.24%W    +1.23%W    +1.54%W    +1.17%W    +0.94%W    +1.04%W    +0.56%W    +0.10%W    +0.39%W    +0.93%W    +0.93%W
2025-06-13   CRWD   #1    09:40   483.73    -0.57%L    -0.89%L    -1.41%L    -0.77%L    -0.42%L    -0.09%L    -0.12%L    -0.64%L    -1.18%L    -0.73%L    -0.62%L    -0.62%L
2025-06-13   MU     #2    09:40   116.12    -0.35%L    -0.47%L    -1.37%L    -0.43%L    -0.00%L    +0.42%W    +0.40%W    -0.07%L    -0.82%L    -0.76%L    -0.44%L    -0.44%L
2025-06-16   CRWD   #1    09:40   483.92    -0.50%L    -0.74%L    -0.91%L    -0.76%L    -0.02%L    +0.19%W    -0.83%L    -0.93%L    -0.84%L    -0.91%L    -0.94%L    -0.94%L
2025-06-16   MU     #2    09:40   118.14    +0.69%W    +1.27%W    +1.11%W    +1.89%W    +2.24%W    +1.85%W    +1.39%W    +1.46%W    +1.06%W    +1.19%W    +1.41%W    +1.41%W
2025-06-17   AVGO   #1    09:40   250.01    +0.59%W    +1.35%W    +0.37%W    -0.20%L    +0.26%W    +0.12%W    -0.47%L    -0.34%L    +0.16%W    +0.50%W    -0.29%L    -0.29%L
2025-06-17   MU     #2    09:40   121.69    +1.25%W    +1.23%W    +0.79%W    +0.32%W    +0.85%W    +0.25%W    -0.62%L    -0.51%L    -1.22%L    -0.98%L    -1.10%L    -1.10%L
2025-06-18   SNDK   #1    09:40    45.00    +1.31%W    +1.68%W    +2.64%W    +2.62%W    +1.49%W    +2.30%W    +2.13%W    +3.27%W    +4.89%W    +3.96%W    +3.60%W    +3.60%W
2025-06-18   CRWD   #2    09:40   487.81    -0.50%L    +0.11%W    +0.25%W    +0.27%W    -0.27%L    -0.26%L    -0.18%L    -1.19%L    -0.62%L    -0.38%L    -0.56%L    -0.56%L
2025-06-20   SNDK   #1    09:40    46.20    +0.73%W    -0.48%L    -0.94%L    -1.82%L    +2.89%W    +3.60%W    +1.98%W    +0.76%W    +0.90%W    +0.34%W    +0.81%W    +0.81%W
2025-06-20   AVGO   #2    09:40   249.71    -0.42%L    -0.29%L    -0.88%L    -1.11%L    -1.32%L    -0.60%L    -0.74%L    -0.95%L    -0.35%L    -0.48%L    +0.12%W    +0.12%W
2025-06-23   SNDK   #1    09:40    46.93    +0.20%W    +1.56%W    +1.36%W    +1.21%W    +0.32%W    -1.01%L    -1.36%L    -0.60%L    -0.38%L    -0.34%L    +0.04%W    +0.04%W
2025-06-23   AVGO   #2    09:40   250.62    -0.47%L    -0.42%L    -0.76%L    -0.78%L    -0.50%L    -0.62%L    -0.58%L    +1.21%W    +1.24%W    +0.97%W    +1.28%W    +1.28%W
2025-06-24   SNDK   #1    09:40    47.76    -0.10%L    +0.52%W    +0.86%W    +1.49%W    +1.92%W    +1.32%W    +1.50%W    +1.01%W    +0.28%W    -0.32%L    -0.84%L    -0.84%L
2025-06-24   AVGO   #2    09:40   263.29    +0.13%W    -0.17%L    -0.46%L    -0.62%L    -0.04%L    +0.04%W    -0.41%L    -0.61%L    -0.52%L    -0.13%L    +0.14%W    +0.14%W
2025-06-25   AVGO   #1    09:40   269.11    -0.37%L    -0.79%L    -0.80%L    -0.93%L    -1.39%L    -1.84%L    -1.65%L    -1.54%L    -1.94%L    -1.85%L    -1.65%L    -1.65%L
2025-06-25   SNDK   #2    09:40    47.67    -0.25%L    -0.47%L    -0.14%L    -0.07%L    -1.19%L    -0.75%L    -0.08%L    +0.35%W    +0.24%W    -0.84%L    -0.98%L    -0.98%L
2025-06-26   SNDK   #1    09:40    47.31    +1.00%W    +0.83%W    +1.87%W    +1.60%W    +1.84%W    +1.64%W    +2.11%W    +1.87%W    +0.54%W    -0.11%L    +0.25%W    +0.25%W
2025-06-26   AVGO   #2    09:40   265.27    +0.72%W    +1.07%W    +1.36%W    +1.13%W    +0.89%W    +1.11%W    +0.94%W    +1.60%W    +2.20%W    +1.80%W    +1.86%W    +1.86%W
2025-06-27   SNDK   #1    09:40    46.95    +0.30%W    +0.97%W    +0.49%W    +1.32%W    -0.02%L    -0.29%L    -0.21%L    +0.01%W    -1.32%L    -0.34%L    +0.49%W    +0.49%W
2025-06-27   AVGO   #2    09:40   269.76    +0.05%W    +0.23%W    +0.28%W    +0.48%W    +0.27%W    +0.70%W    -0.03%L    +0.14%W    -0.72%L    -0.19%L    -0.15%L    -0.15%L
2025-06-30   SNDK   #1    09:40    46.39    +0.73%W    +0.30%W    +0.59%W    +0.00%L    -0.34%L    -0.69%L    -0.43%L    -1.16%L    -1.63%L    -1.85%L    -2.28%L    -2.28%L
2025-06-30   AVGO   #2    09:40   273.80    +0.18%W    -0.20%L    -0.10%L    +0.40%W    +0.57%W    +0.95%W    +0.85%W    -0.06%L    -0.10%L    +0.08%W    +0.72%W    +0.72%W

========================================================================================
Pre-session picks summary — 40 pick(s) across 20 trading day(s)

Top-2 picks (all days)  (40 signal(s))
  Hold      Count   Win Rate   Avg Gain    Avg Win   Avg Loss ProfitFactor   Sum Ret%
  -------------------------------------------------------------------------
  +15m         40      52.5%     -0.02%     +0.53%     -0.62%        0.94x     -0.67%
  +30m         40      52.5%     +0.11%     +0.80%     -0.65%        1.36x     +4.45%
  +45m         40      55.0%     +0.14%     +0.89%     -0.76%        1.42x     +5.79%
  +1h          40      57.5%     +0.22%     +1.00%     -0.84%        1.60x     +8.62%
  +1h30m       40      52.5%     +0.39%     +1.19%     -0.50%        2.62x    +15.49%
  +2h          40      65.0%     +0.40%     +1.03%     -0.76%        2.52x    +16.15%
  +3h          40      47.5%     +0.30%     +1.32%     -0.62%        1.92x    +12.05%
  +4h          40      55.0%     +0.31%     +1.14%     -0.70%        2.00x    +12.53%
  +5h          40      47.5%     +0.17%     +1.21%     -0.77%        1.41x     +6.74%
  +6h          40      45.0%     +0.10%     +1.17%     -0.77%        1.25x     +4.20%
  +7h          40      52.5%     +0.20%     +1.15%     -0.86%        1.48x     +7.82%
  EOD          40      52.5%     +0.20%     +1.15%     -0.86%        1.48x     +7.82%

=========================================================================================================================================================================================
Signal Analysis — 2025-06-02 to 2025-06-30  |  BULL only  |  Vol ≥ 1.0x 20dAvg
Windows: 09:30/3b  |  Collection: 3 bars  |  Tickers: 19
=========================================================================================================================================================================================
Date         Ticker Window   At       Entry  Vol/20d       +15m       +30m       +45m        +1h     +1h30m        +2h        +3h        +4h        +5h        +6h        +7h        EOD
-----------------------------------------------------------------------------------------------------------------------------------------------------------------------------------------
2025-06-02   META   09:30/3b 09:40   655.88    1.21x    -0.46%L    -0.94%L    -0.19%L    +0.09%W    +0.58%W    +0.40%W    +1.01%W    +1.60%W    +2.23%W    +2.29%W    +2.35%W    +2.35%W
2025-06-02   MRVL   09:30/3b 09:40    60.18    1.07x    -0.15%L    +0.21%W    +1.48%W    +1.84%W    +1.08%W    +1.24%W    +1.41%W    +2.36%W    +3.32%W    +2.31%W    +2.13%W    +2.13%W
2025-06-02   SNOW   09:30/3b 09:40   208.28    3.42x    -1.13%L    -0.74%L    -0.22%L    -0.38%L    -0.48%L    -0.02%L    +0.08%W    +0.30%W    +0.57%W    +0.77%W    +0.86%W    +0.86%W
2025-06-02   ARM    09:30/3b 09:40   125.41    1.23x    -0.84%L    -0.62%L    -0.14%L    -0.19%L    +0.12%W    +0.44%W    +0.81%W    +0.89%W    +1.39%W    +0.91%W    +0.47%W    +0.47%W
2025-06-03   CRWD   09:30/3b 09:45   483.85    1.06x    -0.03%L    -0.59%L    -0.81%L    -0.52%L    -0.01%L    +0.10%W    +0.72%W    +0.58%W    +0.44%W    +0.60%W    +1.01%W    +1.01%W
2025-06-03   AVGO   09:30/3b 09:50   252.35    2.20x    +0.19%W    +0.68%W    +0.80%W    +1.83%W    +1.11%W    +1.16%W    +1.22%W    +0.80%W    +1.08%W    +1.59%W    +1.81%W    +1.81%W
2025-06-03   AMD    09:30/3b 09:40   115.04    1.01x    +0.44%W    +0.62%W    +0.91%W    +0.85%W    +1.19%W    +1.75%W    +2.11%W    +1.62%W    +1.50%W    +1.20%W    +1.95%W    +1.95%W
2025-06-03   DDOG   09:30/3b 09:40   116.92    1.94x    +0.53%W    +0.85%W    +1.15%W    +0.66%W    +0.57%W    +0.32%W    +1.02%W    +0.94%W    +1.53%W    +1.36%W    +1.49%W    +1.49%W
2025-06-03   SNPS   09:30/3b 09:40   467.37    1.50x    -1.28%L    -0.93%L    -0.63%L    -1.06%L    -0.13%L    +0.17%W    -0.67%L    -0.18%L    -0.47%L    -0.37%L    -0.24%L    -0.24%L
2025-06-03   ARM    09:30/3b 09:40   128.49    1.03x    -0.03%L    +0.33%W    +0.68%W    +0.88%W    +1.29%W    +0.87%W    +1.09%W    +0.60%W    +0.65%W    +0.26%W    +0.23%W    +0.23%W
2025-06-04   SNDK   09:30/3b 09:40    39.48    1.22x    -0.08%L    -1.42%L    -0.53%L    -0.73%L    -0.13%L    +0.25%W    +0.25%W    -0.08%L    +0.63%W    +1.63%W    +0.79%W    +0.79%W
2025-06-04   META   09:30/3b 09:40   680.35    1.96x    +0.29%W    +0.58%W    +0.56%W    +0.47%W    +0.45%W    +0.15%W    +0.09%W    +0.46%W    +1.06%W    +0.74%W    +1.14%W    +1.14%W
2025-06-04   DDOG   09:30/3b 09:40   120.58    1.73x    -0.29%L    -0.80%L    -0.11%L    -0.44%L    +0.11%W    +0.06%W    -0.83%L    -0.63%L    -0.56%L    -0.72%L    -0.73%L    -0.73%L
2025-06-04   RDDT   09:30/3b 09:45   115.36    1.57x    -0.46%L    +1.04%W    +0.82%W    +0.54%W    +1.17%W    +0.56%W    +1.42%W    +2.17%W    +3.01%W    +3.07%W    +2.46%W    +2.46%W
2025-06-04   SPOT   09:30/3b 09:40   687.35    2.10x    +0.88%W    +1.72%W    +1.31%W    +1.66%W    +1.67%W    +1.34%W    +1.65%W    +1.75%W    +2.81%W    +2.78%W    +2.04%W    +2.04%W
2025-06-05   APP    09:30/3b 09:40   422.67    1.04x    -0.51%L    -1.21%L    +0.19%W    +1.10%W    +0.06%W    -0.61%L    -1.08%L    -0.79%L    -2.61%L    -1.94%L    -2.03%L    -2.03%L
2025-06-05   PLTR   09:30/3b 09:40   132.15    1.58x    -1.05%L    -0.78%L    -0.56%L    -0.06%L    -0.54%L    -0.85%L    -3.42%L    -7.63%L    -7.36%L    -8.85%L    -9.26%L    -9.26%L
2025-06-06   SNDK   09:30/3b 09:40    39.84   10.42x    -0.98%L    -1.57%L    -1.10%L    -1.48%L    -1.14%L    -1.37%L    -1.64%L    -3.07%L    -2.66%L    -1.95%L    -1.74%L    -1.74%L
2025-06-06   CRWD   09:30/3b 09:40   472.96    1.76x    +0.67%W    +0.14%W    -0.16%L    +0.24%W    -0.06%L    +0.22%W    -0.50%L    -0.86%L    -0.55%L    -1.38%L    -0.96%L    -0.96%L
2025-06-06   PLTR   09:30/3b 09:40   124.40    1.61x    +0.85%W    +0.42%W    +0.20%W    +0.61%W    -0.10%L    +0.32%W    +0.22%W    +2.16%W    +2.94%W    +2.56%W    +2.64%W    +2.64%W
2025-06-06   DDOG   09:30/3b 09:40   122.19    2.17x    +0.14%W    +0.16%W    +0.04%W    +0.36%W    +0.54%W    +0.43%W    -0.06%L    -0.17%L    +0.15%W    +0.21%W    +0.00%L    +0.00%L
2025-06-09   META   09:30/3b 09:40   703.07    1.37x    -0.34%L    +0.01%W    -0.09%L    -0.05%L    -0.51%L    -0.41%L    -0.41%L    -0.36%L    -0.84%L    -1.07%L    -1.28%L    -1.28%L
2025-06-09   RDDT   09:30/3b 09:40   121.02    1.05x    +0.18%W    +0.02%W    -0.82%L    -1.02%L    -1.19%L    -1.08%L    -2.00%L    -2.60%L    -3.62%L    -2.79%L    -2.88%L    -2.88%L
2025-06-10   APP    09:30/3b 09:40   394.62    1.15x    -1.07%L    -1.37%L    -2.33%L    -1.97%L    -2.12%L    -2.53%L    -3.67%L    -4.88%L    -3.74%L    -3.39%L    -2.71%L    -2.71%L
2025-06-10   META   09:30/3b 09:40   701.72    1.29x    -0.24%L    -0.11%L    -0.27%L    -0.07%L    -0.62%L    -0.93%L    -0.55%L    -0.67%L    -0.15%L    -0.07%L    +0.11%W    +0.11%W
2025-06-10   MU     09:30/3b 09:45   112.94    1.12x    +0.13%W    +0.80%W    +1.12%W    +0.96%W    +0.84%W    +0.86%W    +1.30%W    +0.94%W    +0.32%W    +0.85%W    +1.12%W    +1.12%W
2025-06-10   PLTR   09:30/3b 09:40   133.31    1.34x    +0.02%W    -0.96%L    -1.19%L    -0.98%L    -1.66%L    -1.70%L    -0.95%L    -1.53%L    -0.65%L    -0.35%L    -0.38%L    -0.38%L
2025-06-10   CHTR   09:30/3b 09:45   403.81    1.02x    -0.53%L    +0.12%W    +0.34%W    +0.44%W    +0.02%W    +0.03%W    -0.15%L    -0.43%L    +0.07%W    +0.48%W    +0.72%W    +0.72%W
2025-06-10   AMD    09:30/3b 09:40   122.23    1.35x    -0.02%L    +0.70%W    +0.89%W    +0.51%W    +0.06%W    -0.27%L    +0.87%W    +0.73%W    +0.65%W    +0.56%W    +0.83%W    +0.83%W
2025-06-11   LLY    09:30/3b 09:45   813.64    1.28x    +0.19%W    +0.16%W    +0.22%W    +0.75%W    +0.29%W    +0.02%W    +0.38%W    +0.31%W    -0.29%L    -0.81%L    -0.59%L    -0.59%L
2025-06-11   CRWD   09:30/3b 09:40   473.34    1.26x    -0.74%L    -0.47%L    +0.26%W    +0.82%W    +0.51%W    +0.67%W    +1.05%W    +0.89%W    +0.55%W    +0.27%W    +0.77%W    +0.77%W
2025-06-11   AVGO   09:30/3b 09:50   249.84    1.13x    -0.02%L    +0.04%W    -0.09%L    +0.49%W    +0.92%W    +0.69%W    +0.55%W    +1.31%W    +0.97%W    +1.19%W    +1.26%W    +1.26%W
2025-06-12   MU     09:30/3b 09:40   114.64    1.03x    +0.18%W    +1.11%W    +1.25%W    +1.57%W    +0.82%W    +0.89%W    +1.26%W    +1.04%W    +0.93%W    +1.20%W    +1.38%W    +1.38%W
2025-06-12   CRWD   09:30/3b 09:40   485.68    1.02x    -0.56%L    -0.68%L    -1.37%L    -1.33%L    -0.82%L    -0.22%L    +0.31%W    +0.13%W    -0.76%L    -1.22%L    -0.79%L    -0.79%L
2025-06-12   TSLA   09:30/3b 09:40   327.56    1.11x    -0.38%L    -0.12%L    -0.32%L    -0.80%L    +0.11%W    -0.55%L    -0.64%L    -1.12%L    -2.67%L    -2.52%L    -2.56%L    -2.56%L
2025-06-12   DDOG   09:30/3b 09:40   122.82    1.88x    -0.50%L    -0.33%L    -0.84%L    -0.61%L    -0.41%L    -0.46%L    +0.33%W    -0.09%L    -0.68%L    -0.68%L    -0.11%L    -0.11%L
2025-06-12   SNOW   09:30/3b 09:40   210.85    1.00x    -0.09%L    -0.22%L    -0.39%L    -0.51%L    -0.76%L    -0.40%L    +0.81%W    +0.56%W    +0.18%W    +0.08%W    +0.20%W    +0.20%W
2025-06-13   MU     09:30/3b 09:40   116.12    1.04x    -0.35%L    -0.47%L    -1.37%L    -0.43%L    -0.00%L    +0.42%W    +0.40%W    -0.07%L    -0.82%L    -0.76%L    -0.44%L    -0.44%L
2025-06-13   LLY    09:30/3b 09:40   823.44    1.72x    -0.59%L    -0.86%L    -0.75%L    -0.44%L    -0.67%L    +0.19%W    -0.07%L    -0.43%L    -1.03%L    -0.53%L    -0.45%L    -0.45%L
2025-06-13   PLTR   09:30/3b 09:40   136.84    1.23x    -0.05%L    -0.65%L    -0.75%L    +0.69%W    +0.84%W    +1.44%W    +1.49%W    +1.36%W    +0.18%W    +0.45%W    +0.33%W    +0.33%W
2025-06-16   LLY    09:30/3b 09:45   818.67    1.06x    +0.06%W    +0.36%W    +0.77%W    +0.44%W    +0.15%W    -0.01%L    -0.11%L    -0.80%L    -1.44%L    -1.20%L    -1.32%L    -1.32%L
2025-06-16   AMD    09:30/3b 09:40   121.44    2.61x    +0.94%W    +2.26%W    +3.51%W    +3.94%W    +4.77%W    +4.86%W    +4.86%W    +5.08%W    +4.40%W    +4.27%W    +4.09%W    +4.09%W
2025-06-16   ARM    09:30/3b 09:40   139.90    1.27x    +0.76%W    +1.36%W    +1.80%W    +2.00%W    +2.52%W    +1.56%W    +1.43%W    +1.55%W    +1.62%W    +1.77%W    +1.53%W    +1.53%W
2025-06-17   MU     09:30/3b 09:40   121.69    1.31x    +1.25%W    +1.23%W    +0.79%W    +0.32%W    +0.85%W    +0.25%W    -0.62%L    -0.51%L    -1.22%L    -0.98%L    -1.10%L    -1.10%L
2025-06-17   LLY    09:30/3b 09:45   797.69    1.16x    +0.31%W    +0.39%W    +0.37%W    +0.27%W    +0.13%W    -0.20%L    -0.22%L    -0.38%L    -0.60%L    -0.62%L    -0.80%L    -0.80%L
2025-06-17   AMD    09:30/3b 09:45   128.51    4.18x    +0.49%W    +1.48%W    +1.17%W    +0.70%W    +0.20%W    -0.58%L    -1.11%L    -0.90%L    -1.14%L    -0.88%L    -1.11%L    -1.11%L
2025-06-17   ARM    09:30/3b 09:40   143.60    1.71x    +2.14%W    +3.67%W    +3.27%W    +2.08%W    +2.57%W    +2.05%W    +1.76%W    +1.30%W    +1.14%W    +1.26%W    +0.80%W    +0.80%W
2025-06-18   APP    09:30/3b 09:40   358.51    1.51x    -0.91%L    -0.83%L    -0.24%L    -0.64%L    -0.95%L    -2.72%L    -3.76%L    -4.51%L    -4.15%L    -4.24%L    -3.89%L    -3.89%L
2025-06-18   TSLA   09:30/3b 09:40   321.83    1.05x    +0.63%W    +0.52%W    +0.48%W    +0.43%W    +1.00%W    +1.62%W    +0.44%W    +0.26%W    +0.80%W    +0.73%W    +0.08%W    +0.08%W
2025-06-18   AMD    09:30/3b 09:50   127.60    1.18x    +0.78%W    +0.94%W    +1.07%W    +0.16%W    -0.25%L    +0.02%W    -0.50%L    -0.59%L    -0.78%L    -0.71%L    -0.63%L    -0.63%L
2025-06-18   DDOG   09:30/3b 09:40   127.35    1.50x    -0.15%L    +0.12%W    +0.73%W    +0.76%W    +1.37%W    +1.78%W    +1.42%W    +1.36%W    +2.36%W    +2.27%W    +2.08%W    +2.08%W
2025-06-18   RDDT   09:30/3b 09:40   139.11    2.87x    +2.10%W    +0.02%W    -0.82%L    +0.16%W    -0.08%L    -0.43%L    +0.74%W    -0.15%L    +1.61%W    +1.52%W    +1.45%W    +1.45%W
2025-06-20   CHTR   09:30/3b 09:40   385.19    1.01x    -0.39%L    -0.43%L    -0.57%L    -0.70%L    -0.45%L    +0.12%W    +0.30%W    +0.26%W    +0.36%W    +0.14%W    +0.31%W    +0.31%W
2025-06-20   RDDT   09:30/3b 09:40   146.89    2.54x    -1.71%L    -1.06%L    -1.39%L    -3.29%L    -2.50%L    -3.97%L    -3.94%L    -5.28%L    -5.03%L    -4.74%L    -5.31%L    -5.31%L
2025-06-20   ARM    09:30/3b 09:45   147.71    1.31x    -0.35%L    -0.14%L    -0.64%L    -2.40%L    -1.80%L    -1.61%L    -1.61%L    -2.03%L    -1.90%L    -1.95%L    -1.80%L    -1.80%L
2025-06-23   MU     09:30/3b 09:45   123.02    1.02x    +0.33%W    +0.96%W    +0.81%W    +0.42%W    -0.14%L    -0.08%L    -1.30%L    -0.30%L    -0.18%L    -0.80%L    -0.76%L    -0.76%L
2025-06-23   LLY    09:30/3b 09:40   785.24    1.41x    -1.00%L    -1.08%L    -1.19%L    -1.55%L    -1.60%L    -2.18%L    -2.26%L    -1.92%L    -2.08%L    -2.12%L    -1.91%L    -1.91%L
2025-06-24   MRVL   09:30/3b 09:40    73.45    1.36x    -0.50%L    -0.46%L    -0.03%L    +0.98%W    +2.04%W    +1.73%W    +1.99%W    +1.42%W    +1.57%W    +2.07%W    +2.37%W    +2.37%W
2025-06-24   RDDT   09:30/3b 09:40   142.36    1.23x    +0.45%W    -0.59%L    -0.89%L    -0.47%L    -0.15%L    +0.09%W    -1.02%L    -0.37%L    -0.16%L    -1.14%L    -1.11%L    -1.11%L
2025-06-25   MU     09:30/3b 09:40   127.03    1.33x    -0.78%L    -0.70%L    -0.54%L    -0.42%L    -0.98%L    -0.74%L    -0.58%L    -0.27%L    -0.69%L    +0.00%L    +0.36%W    +0.36%W
2025-06-25   CRWD   09:30/3b 09:45   498.59    1.19x    +0.21%W    -0.66%L    -0.66%L    -0.79%L    -0.57%L    -0.80%L    -0.79%L    -1.21%L    -1.22%L    -1.31%L    -0.91%L    -0.91%L
2025-06-25   DDOG   09:30/3b 09:40   132.22    1.12x    +0.02%W    -0.04%L    -0.49%L    -0.31%L    -0.44%L    -0.83%L    -1.29%L    -1.69%L    -1.63%L    -1.41%L    -1.48%L    -1.48%L
2025-06-25   SNOW   09:30/3b 09:40   225.06    1.05x    -0.57%L    -1.04%L    -0.99%L    -0.98%L    -1.29%L    -1.51%L    -1.89%L    -1.93%L    -1.76%L    -1.50%L    -1.59%L    -1.59%L
2025-06-26   SNPS   09:30/3b 09:50   490.47    1.02x    +0.39%W    +0.92%W    +1.12%W    +1.05%W    +0.52%W    +0.44%W    +0.24%W    +0.41%W    +0.72%W    +1.06%W    +1.12%W    +1.12%W
2025-06-26   SPOT   09:30/3b 09:40   753.10    1.69x    +0.43%W    +0.87%W    +0.88%W    +1.03%W    +1.64%W    +1.74%W    +1.86%W    +2.50%W    +2.37%W    +2.90%W    +3.03%W    +3.03%W
2025-06-26   ARM    09:30/3b 09:40   159.91    1.42x    -0.83%L    -0.66%L    -0.56%L    -1.05%L    -0.77%L    -1.15%L    -0.84%L    -0.95%L    -1.29%L    -1.49%L    -1.11%L    -1.11%L
2025-06-27   META   09:30/3b 09:40   730.85    1.11x    +0.21%W    +0.38%W    -0.06%L    -0.05%L    -0.24%L    -0.12%L    -0.01%L    -0.19%L    -0.45%L    -0.09%L    +0.39%W    +0.39%W
2025-06-27   MU     09:30/3b 09:40   125.27    1.44x    +0.02%W    +1.03%W    +0.96%W    +0.72%W    +0.24%W    +0.16%W    -0.58%L    -0.51%L    -1.15%L    -0.53%L    -0.42%L    -0.42%L
2025-06-27   QCOM   09:30/3b 09:45   160.24    1.09x    +0.35%W    +0.07%W    -0.24%L    +0.00%W    +0.04%W    -0.29%L    -0.79%L    -1.13%L    -1.35%L    -0.77%L    -1.05%L    -1.05%L
2025-06-27   ARM    09:30/3b 09:45   161.71    1.18x    -0.56%L    +0.69%W    +0.51%W    +1.23%W    +1.66%W    +2.46%W    +2.16%W    +2.01%W    +1.64%W    +2.24%W    +2.31%W    +2.31%W
2025-06-30   APP    09:30/3b 09:45   351.09    2.12x    +1.41%W    +1.30%W    +2.30%W    +2.29%W    +0.21%W    -0.67%L    -1.67%L    -1.15%L    -1.66%L    -0.76%L    -0.28%L    -0.28%L
2025-06-30   CRWD   09:30/3b 09:40   505.37    1.13x    +0.39%W    +0.32%W    +0.21%W    +0.24%W    +0.37%W    +0.84%W    +0.75%W    +0.23%W    +0.27%W    +0.48%W    +0.76%W    +0.76%W
2025-06-30   QCOM   09:30/3b 09:45   158.79    1.06x    -0.26%L    -0.27%L    -0.13%L    -0.15%L    -0.21%L    +0.43%W    +0.30%W    +0.18%W    -0.13%L    +0.15%W    +0.27%W    +0.27%W
2025-06-30   SNPS   09:30/3b 09:40   512.00    1.32x    -0.34%L    +0.32%W    +0.88%W    +0.81%W    +0.19%W    +0.30%W    -0.15%L    -0.10%L    -0.25%L    -0.04%L    +0.17%W    +0.17%W

========================================================================================
Summary — 74 qualifying signal(s) across 20 trading day(s)

Window 09:30/3b  (74 signal(s))
  Hold      Count   Win Rate   Avg Gain    Avg Win   Avg Loss ProfitFactor   Sum Ret%
  -------------------------------------------------------------------------
  +15m         74      45.9%     -0.04%     +0.54%     -0.53%        0.87x     -2.77%
  +30m         74      54.1%     +0.07%     +0.72%     -0.70%        1.21x     +5.10%
  +45m         74      47.3%     +0.13%     +0.97%     -0.63%        1.38x     +9.40%
  +1h          74      56.8%     +0.16%     +0.89%     -0.81%        1.45x    +11.52%
  +1h30m       74      54.1%     +0.15%     +0.87%     -0.70%        1.47x    +11.05%
  +2h          74      58.1%     +0.08%     +0.82%     -0.94%        1.21x     +6.17%
  +3h          74      51.4%     -0.02%     +1.05%     -1.16%        0.96x     -1.58%
  +4h          74      45.9%     -0.17%     +1.18%     -1.31%        0.76x    -12.43%
  +5h          74      47.3%     -0.18%     +1.32%     -1.53%        0.77x    -13.67%
  +6h          74      48.6%     -0.11%     +1.34%     -1.49%        0.85x     -8.41%
  +7h          74      52.7%     -0.06%     +1.26%     -1.54%        0.92x     -4.53%
  EOD          74      52.7%     -0.06%     +1.26%     -1.54%        0.92x     -4.53%
